WELD FEEDBACK LOG
result=completed
started=2026-09-17 14:57:08
ended=2026-09-17 14:57:18
elapsed_seconds=9.953

================ OPERATOR OVERVIEW ================
REQUESTED : 220 A / 26.0 V · FE-SOLID 1.2 mm · LSM · CO2 100%
RX ECHO   : 220 A / 26.0 V · MATCH=YES
CURRENT FB: avg 208.35 · min 1.00 · max 238.00 A
VOLTAGE FB: avg 26.88 · min 3.10 · max 60.50 V
WIRE FEED : avg 10.20 · min 10.20 · max 10.20 m/min
ARC ON    : 7.429 s
NET WELD  : 5.610 s
WIRE USED : 1119.714 mm (base 1119.714 + alpha 0.000)
WEAVE     : sine · centerline ±4.00 mm (full width 8.00 mm) · requested pitch 8.00 mm/cycle · actual pitch 7.79 mm/cycle · 4 cycles · axis tool_x · dwell L/R 0.20/0.20 s
WCR       : DETECTED
SAMPLES   : RX 249 / welding 166 / TCP 120
===================================================

[commanded]
current_a=220
voltage_tenths=260
voltage=26.0
material=FE-SOLID
diameter_mm=1.2
mode=LSM
gas=CO2 100%
synergic=False
correction=0.0
hot_start_enabled=True
hot_start_percent=5.0
hot_start_hold_adjustment=2
crater_enabled=False
crater_percent=27.27272727272727
crater_current_a=60.0
crater_voltage_v=25.0
crater_seconds=1.0
wire_consumable_alpha_mm=0.0
hot_start_current_a=231

[rx_setting_echo]
current_a=220
voltage_v=26.0
hot_start_current_a=0
hot_start_hold_adjustment=-15

[rx_welding_setting_echo]
current_a=220
voltage_v=26.0
hot_start_current_a=0
hot_start_hold_adjustment=-15

[execution_conditions]
mode=sequence_execute
run_all=True
touch_io_backend=fastech_ethernet
touch_input_port=4
touch_sensing_output_port=0
fastech_ip=192.168.0.3
fastech_poll_target_hz=100.0
hicomm_source_ip=192.168.1.2
hicomm_welder_ip=192.168.1.10
hicomm_port=60000
gui_velocity_percent=36.95263157894737
gui_speed_mode=scale
gui_tcp_speed_mm_s=10.0
gui_interpolation_step_mm=5.0
seam_orientation_mode=Wait poses + fixed World-XYZ tilt
weld_fixed_tilt_x_deg=0.0
weld_fixed_tilt_y_deg=0.0
weld_fixed_tilt_z_deg=-0.0
weld_weave_enabled=True
weld_weave_pattern=sine
weld_weave_pitch_mm=8.0
weld_weave_left_dwell_s=0.2
weld_weave_right_dwell_s=0.2
weld_weave_amplitude_mm=4.0
weld_weave_cycles=4
weld_weave_actual_pitch_mm=7.794469747946137
weld_weave_amplitude_definition=centerline +/- A mm; full width = 2A
weld_weave_samples_per_cycle=12
weld_weave_axis=tool_x
weld_lead_in_mm=0.0
weld_lead_out_mm=0.0
weld_safe_approach_mm=30.0
weld_approach_mode=taught_wait
weld_pre_start_lead_mm=0.0
weld_tcp_speed_mm_s=6.0
weld_arc_off_delay_ms=0.0
tcp_tracking.parent_frame=World
tcp_tracking.child_frame=right_manipulator_ee_point
tcp_tracking.timestamp_source=TF_header_stamp
initial_fastech_di0=False
initial_fastech_do0=True
robot_connected.left=True
robot_connected.right=True
robot_connected.head=True
hicomm_connected=True
execution_allowed=True
steps[0].sequence_number=1
steps[0].type=named_pose
steps[0].parallel_slot=1
steps[0].duration=0.0
steps[0].planning_group=right_manipulator
steps[0].velocity_scale=0.3695263157894737
steps[0].tcp_speed_m_s=0.0
steps[0].pose_name=weld_start_wait
steps[0].pose_label=3 · Weld start wait pose
steps[0].touch_guard=False
steps[0].continue_after_touch=False
steps[0].weld_scenario_id=weld-86741523950698
steps[0].weld_scenario_stage=start_wait
steps[0].target_tcp.position_m.x=0.09079134373731917
steps[0].target_tcp.position_m.y=-1.677484588044181
steps[0].target_tcp.position_m.z=0.6774624631984689
steps[0].target_tcp.orientation_xyzw.x=-0.43507525643945216
steps[0].target_tcp.orientation_xyzw.y=0.6335906814861262
steps[0].target_tcp.orientation_xyzw.z=-0.528833094844607
steps[0].target_tcp.orientation_xyzw.w=-0.36001101006103425
steps[0].joint_names[0]=right_manipulator_joint1
steps[0].joint_names[1]=right_manipulator_joint2
steps[0].joint_names[2]=right_manipulator_joint3
steps[0].joint_names[3]=right_manipulator_joint4
steps[0].joint_names[4]=right_manipulator_joint5
steps[0].joint_names[5]=right_manipulator_joint6
steps[0].joint_positions_rad[0]=5.233057746151683
steps[0].joint_positions_rad[1]=1.324417706971742
steps[0].joint_positions_rad[2]=1.8502997437306203
steps[0].joint_positions_rad[3]=3.6554495859205822
steps[0].joint_positions_rad[4]=1.4171552345568628
steps[0].joint_positions_rad[5]=1.4351187887416652
steps[1].sequence_number=2
steps[1].type=motion
steps[1].parallel_slot=2
steps[1].duration=0.0
steps[1].planning_group=right_manipulator
steps[1].velocity_scale=0.3695263157894737
steps[1].tcp_speed_m_s=0.0
steps[1].interpolation_step=0.005
steps[1].path_kind=taught_wait_align_weld_attitude
steps[1].touch_guard=False
steps[1].continue_after_touch=False
steps[1].accept_initial_touch=False
steps[1].weld_scenario_id=weld-86741523950698
steps[1].weld_scenario_stage=start_safe
steps[1].waypoint_count=1
steps[1].waypoints[0].position_m.x=0.09079134373731917
steps[1].waypoints[0].position_m.y=-1.677484588044181
steps[1].waypoints[0].position_m.z=0.6774624631984689
steps[1].waypoints[0].orientation_xyzw.x=-0.439916334962194
steps[1].waypoints[0].orientation_xyzw.y=0.6302390408926912
steps[1].waypoints[0].orientation_xyzw.z=-0.531575568144504
steps[1].waypoints[0].orientation_xyzw.w=-0.35594913248937554
steps[2].sequence_number=3
steps[2].type=motion
steps[2].parallel_slot=3
steps[2].duration=0.0
steps[2].planning_group=right_manipulator
steps[2].velocity_scale=0.3695263157894737
steps[2].tcp_speed_m_s=0.0
steps[2].interpolation_step=0.005
steps[2].path_kind=taught_wait_to_weld_start
steps[2].touch_guard=False
steps[2].continue_after_touch=True
steps[2].accept_initial_touch=False
steps[2].weld_scenario_id=weld-86741523950698
steps[2].weld_scenario_stage=start_contact
steps[2].waypoint_count=1
steps[2].waypoints[0].position_m.x=0.0908597088813336
steps[2].waypoints[0].position_m.y=-1.6788226153015657
steps[2].waypoints[0].position_m.z=0.67627428701056
steps[2].waypoints[0].orientation_xyzw.x=-0.439916334962194
steps[2].waypoints[0].orientation_xyzw.y=0.6302390408926912
steps[2].waypoints[0].orientation_xyzw.z=-0.531575568144504
steps[2].waypoints[0].orientation_xyzw.w=-0.35594913248937554
steps[3].sequence_number=4
steps[3].type=digital_output
steps[3].parallel_slot=4
steps[3].duration=0.0
steps[3].port=0
steps[3].value=False
steps[3].weld_scenario_id=weld-86741523950698
steps[3].weld_scenario_stage=touch_output_off
steps[4].sequence_number=5
steps[4].type=digital_weld
steps[4].parallel_slot=5
steps[4].duration=0.0
steps[4].command=on
steps[4].weld_scenario_id=weld-86741523950698
steps[4].weld_scenario_stage=arc_on
steps[4].settings.current_a=220
steps[4].settings.voltage_tenths=260
steps[4].settings.voltage=26.0
steps[4].settings.material=FE-SOLID
steps[4].settings.diameter_mm=1.2
steps[4].settings.mode=LSM
steps[4].settings.gas=CO2 100%
steps[4].settings.synergic=False
steps[4].settings.correction=0.0
steps[4].settings.hot_start_enabled=True
steps[4].settings.hot_start_percent=5.0
steps[4].settings.hot_start_hold_adjustment=2
steps[4].settings.crater_enabled=False
steps[4].settings.crater_percent=27.27272727272727
steps[4].settings.crater_current_a=60.0
steps[4].settings.crater_voltage_v=25.0
steps[4].settings.crater_seconds=1.0
steps[4].settings.wire_consumable_alpha_mm=0.0
steps[4].settings.hot_start_current_a=231
steps[5].sequence_number=6
steps[5].type=motion
steps[5].parallel_slot=5
steps[5].duration=0.0
steps[5].planning_group=right_manipulator
steps[5].velocity_scale=0.3695263157894737
steps[5].tcp_speed_m_s=0.020227922857553177
steps[5].interpolation_step=0.005
steps[5].path_kind=continuous_sine_weave_over_taught_goal_fastech_di0_ignored
steps[5].touch_guard=False
steps[5].weld_scenario_id=weld-86741523950698
steps[5].weld_scenario_stage=weld_motion
steps[5].lead_in_mm=0.0
steps[5].lead_out_mm=0.0
steps[5].linear_motion_profile=False
steps[5].path_to_seam_speed_factor=0.42858579776655037
steps[5].waypoint_hold_s[0]=0.0
steps[5].waypoint_hold_s[1]=0.0
steps[5].waypoint_hold_s[2]=0.0
steps[5].waypoint_hold_s[3]=0.2
steps[5].waypoint_hold_s[4]=0.0
steps[5].waypoint_hold_s[5]=0.0
steps[5].waypoint_hold_s[6]=0.0
steps[5].waypoint_hold_s[7]=0.0
steps[5].waypoint_hold_s[8]=0.0
steps[5].waypoint_hold_s[9]=0.2
steps[5].waypoint_hold_s[10]=0.0
steps[5].waypoint_hold_s[11]=0.0
steps[5].waypoint_hold_s[12]=0.0
steps[5].waypoint_hold_s[13]=0.0
steps[5].waypoint_hold_s[14]=0.0
steps[5].waypoint_hold_s[15]=0.2
steps[5].waypoint_hold_s[16]=0.0
steps[5].waypoint_hold_s[17]=0.0
steps[5].waypoint_hold_s[18]=0.0
steps[5].waypoint_hold_s[19]=0.0
steps[5].waypoint_hold_s[20]=0.0
steps[5].waypoint_hold_s[21]=0.2
steps[5].waypoint_hold_s[22]=0.0
steps[5].waypoint_hold_s[23]=0.0
steps[5].waypoint_hold_s[24]=0.0
steps[5].waypoint_hold_s[25]=0.0
steps[5].waypoint_hold_s[26]=0.0
steps[5].waypoint_hold_s[27]=0.2
steps[5].waypoint_hold_s[28]=0.0
steps[5].waypoint_hold_s[29]=0.0
steps[5].waypoint_hold_s[30]=0.0
steps[5].waypoint_hold_s[31]=0.0
steps[5].waypoint_hold_s[32]=0.0
steps[5].waypoint_hold_s[33]=0.2
steps[5].waypoint_hold_s[34]=0.0
steps[5].waypoint_hold_s[35]=0.0
steps[5].waypoint_hold_s[36]=0.0
steps[5].waypoint_hold_s[37]=0.0
steps[5].waypoint_hold_s[38]=0.0
steps[5].waypoint_hold_s[39]=0.2
steps[5].waypoint_hold_s[40]=0.0
steps[5].waypoint_hold_s[41]=0.0
steps[5].waypoint_hold_s[42]=0.0
steps[5].waypoint_hold_s[43]=0.0
steps[5].waypoint_hold_s[44]=0.0
steps[5].waypoint_hold_s[45]=0.2
steps[5].waypoint_hold_s[46]=0.0
steps[5].waypoint_hold_s[47]=0.0
steps[5].waypoint_hold_s[48]=0.0
steps[5].weld_weave_enabled=True
steps[5].weld_weave_pattern=sine
steps[5].weld_weave_amplitude_mm=4.0
steps[5].weld_weave_pitch_mm=8.0
steps[5].weld_weave_cycles=4
steps[5].weld_weave_actual_pitch_mm=7.794469747946137
steps[5].weld_weave_left_dwell_s=0.2
steps[5].weld_weave_right_dwell_s=0.2
steps[5].weld_weave_axis=tool_x
steps[5].waypoint_count=49
steps[5].waypoints[0].position_m.x=0.0908597088813336
steps[5].waypoints[0].position_m.y=-1.6788226153015657
steps[5].waypoints[0].position_m.z=0.67627428701056
steps[5].waypoints[0].orientation_xyzw.x=-0.439916334962194
steps[5].waypoints[0].orientation_xyzw.y=0.6302390408926912
steps[5].waypoints[0].orientation_xyzw.z=-0.531575568144504
steps[5].waypoints[0].orientation_xyzw.w=-0.35594913248937554
steps[5].waypoints[1].position_m.x=0.09153319871369008
steps[5].waypoints[1].position_m.y=-1.6791235626306362
steps[5].waypoints[1].position_m.z=0.6782434856426399
steps[5].waypoints[1].orientation_xyzw.x=-0.4399142491293934
steps[5].waypoints[1].orientation_xyzw.y=0.6302388936880405
steps[5].waypoints[1].orientation_xyzw.z=-0.5315775006132638
steps[5].waypoints[1].orientation_xyzw.w=-0.3559490850354196
steps[5].waypoints[2].position_m.x=0.09220001484521466
steps[5].waypoints[2].position_m.y=-1.6793344509692536
steps[5].waypoints[2].position_m.z=0.6796844495549935
steps[5].waypoints[2].orientation_xyzw.x=-0.43991216329302485
steps[5].waypoints[2].orientation_xyzw.y=0.630238746478279
steps[5].waypoints[2].orientation_xyzw.z=-0.5315794330777136
steps[5].waypoints[2].orientation_xyzw.w=-0.3559490375785772
steps[5].waypoints[3].position_m.x=0.09285527293526641
steps[5].waypoints[3].position_m.y=-1.6793893739936585
steps[5].waypoints[3].position_m.z=0.6802104804264527
steps[5].waypoints[3].orientation_xyzw.x=-0.43991007745308813
steps[5].waypoints[3].orientation_xyzw.y=0.6302385992634069
steps[5].waypoints[3].orientation_xyzw.z=-0.5315813655378535
steps[5].waypoints[3].orientation_xyzw.w=-0.35594899011884834
steps[5].waypoints[4].position_m.x=0.09349718573586076
steps[5].waypoints[4].position_m.y=-1.6792642184907818
steps[5].waypoints[4].position_m.z=0.6796800351065103
steps[5].waypoints[4].orientation_xyzw.x=-0.4399079916095835
steps[5].waypoints[4].orientation_xyzw.y=0.630238452043424
steps[5].waypoints[4].orientation_xyzw.z=-0.5315832979936833
steps[5].waypoints[4].orientation_xyzw.w=-0.35594894265623306
steps[5].waypoints[5].position_m.x=0.0941275418585495
steps[5].waypoints[5].position_m.y=-1.6789831231435717
steps[5].waypoints[5].position_m.z=0.6782346523870558
steps[5].waypoints[5].orientation_xyzw.x=-0.4399059057625109
steps[5].waypoints[5].orientation_xyzw.y=0.6302383048183304
steps[5].waypoints[5].orientation_xyzw.z=-0.5315852304452032
steps[5].waypoints[5].orientation_xyzw.w=-0.35594889519073136
steps[5].waypoints[6].position_m.x=0.094751226392624
steps[5].waypoints[6].position_m.y=-1.6786120082597222
steps[5].waypoints[6].position_m.z=0.6762610281962107
steps[5].waypoints[6].orientation_xyzw.x=-0.43990381991187055
steps[5].waypoints[6].orientation_xyzw.y=0.6302381575881262
steps[5].waypoints[6].orientation_xyzw.z=-0.531587162892413
steps[5].waypoints[6].orientation_xyzw.w=-0.35594884772234336
steps[5].waypoints[7].position_m.x=0.09537491185804065
steps[5].waypoints[7].position_m.y=-1.678240910772266
steps[5].waypoints[7].position_m.z=0.6742874010285879
steps[5].waypoints[7].orientation_xyzw.x=-0.4399017340576623
steps[5].waypoints[7].orientation_xyzw.y=0.6302380103528112
steps[5].waypoints[7].orientation_xyzw.z=-0.5315890953353128
steps[5].waypoints[7].orientation_xyzw.w=-0.35594880025106873
steps[5].waypoints[8].position_m.x=0.09600527027565116
steps[5].waypoints[8].position_m.y=-1.677959858291536
steps[5].waypoints[8].position_m.z=0.6728420109740506
steps[5].waypoints[8].orientation_xyzw.x=-0.43989964819988636
steps[5].waypoints[8].orientation_xyzw.y=0.6302378631123857
steps[5].waypoints[8].orientation_xyzw.z=-0.5315910277739024
steps[5].waypoints[8].orientation_xyzw.w=-0.35594875277690785
steps[5].waypoints[9].position_m.x=0.0966471854380346
steps[5].waypoints[9].position_m.y=-1.6778347469041446
steps[5].waypoints[9].position_m.z=0.6723115581053024
steps[5].waypoints[9].orientation_xyzw.x=-0.4398975623385426
steps[5].waypoints[9].orientation_xyzw.y=0.6302377158668494
steps[5].waypoints[9].orientation_xyzw.z=-0.5315929602081818
steps[5].waypoints[9].orientation_xyzw.w=-0.35594870529986045
steps[5].waypoints[10].position_m.x=0.09730244439256115
steps[5].waypoints[10].position_m.y=-1.6778896860759378
steps[5].waypoints[10].position_m.z=0.6728375862137067
steps[5].waypoints[10].orientation_xyzw.x=-0.4398954764736313
steps[5].waypoints[10].orientation_xyzw.y=0.6302375686162025
steps[5].waypoints[10].orientation_xyzw.z=-0.531594892638151
steps[5].waypoints[10].orientation_xyzw.w=-0.3559486578199267
steps[5].waypoints[11].position_m.x=0.09796925872826875
steps[5].waypoints[11].position_m.y=-1.6781005408707739
steps[5].waypoints[11].position_m.z=0.6742785558658928
steps[5].waypoints[11].orientation_xyzw.x=-0.4398933906051523
steps[5].waypoints[11].orientation_xyzw.y=0.6302374213604449
steps[5].waypoints[11].orientation_xyzw.z=-0.5315968250638098
steps[5].waypoints[11].orientation_xyzw.w=-0.3559486103371064
steps[5].waypoints[12].position_m.x=0.09864274390391439
steps[5].waypoints[12].position_m.y=-1.6784014012178785
steps[5].waypoints[12].position_m.z=0.6762477693818614
steps[5].waypoints[12].orientation_xyzw.x=-0.4398913047331057
steps[5].waypoints[12].orientation_xyzw.y=0.6302372740995766
steps[5].waypoints[12].orientation_xyzw.z=-0.5315987574851583
steps[5].waypoints[12].orientation_xyzw.w=-0.3559485628513998
steps[5].waypoints[13].position_m.x=0.09931622814820104
steps[5].waypoints[13].position_m.y=-1.678702244168306
steps[5].waypoints[13].position_m.z=0.6782169858741809
steps[5].waypoints[13].orientation_xyzw.x=-0.4398892188574917
steps[5].waypoints[13].orientation_xyzw.y=0.6302371268335977
steps[5].waypoints[13].orientation_xyzw.z=-0.5316006899021964
steps[5].waypoints[13].orientation_xyzw.w=-0.3559485153628068
steps[5].waypoints[14].position_m.x=0.09998304018894544
steps[5].waypoints[14].position_m.y=-1.6789130560959613
steps[5].waypoints[14].position_m.z=0.6796579628603984
steps[5].waypoints[14].orientation_xyzw.x=-0.43988713297831017
steps[5].waypoints[14].orientation_xyzw.y=0.6302369795625081
steps[5].waypoints[14].orientation_xyzw.z=-0.5316026223149241
steps[5].waypoints[14].orientation_xyzw.w=-0.35594846787132733
steps[5].waypoints[15].position_m.x=0.1006382967816402
steps[5].waypoints[15].position_m.y=-1.6789679511515487
steps[5].waypoints[15].position_m.z=0.6801839985165264
steps[5].waypoints[15].orientation_xyzw.x=-0.4398850470955613
steps[5].waypoints[15].orientation_xyzw.y=0.6302368322863079
steps[5].waypoints[15].orientation_xyzw.z=-0.5316045547233412
steps[5].waypoints[15].orientation_xyzw.w=-0.35594842037696145
steps[5].waypoints[16].position_m.x=0.10128021107953321
steps[5].waypoints[16].position_m.y=-1.6788428236165052
steps[5].waypoints[16].position_m.z=0.6796535484104368
steps[5].waypoints[16].orientation_xyzw.x=-0.439882961209245
steps[5].waypoints[16].orientation_xyzw.y=0.6302366850049971
steps[5].waypoints[16].orientation_xyzw.z=-0.531606487127448
steps[5].waypoints[16].orientation_xyzw.w=-0.35594837287970915
steps[5].waypoints[17].position_m.x=0.10191057129299315
steps[5].waypoints[17].position_m.y=-1.678561804680105
steps[5].waypoints[17].position_m.z=0.67820815261689
steps[5].waypoints[17].orientation_xyzw.x=-0.43988087531936154
steps[5].waypoints[17].orientation_xyzw.y=0.6302365377185756
steps[5].waypoints[17].orientation_xyzw.z=-0.531608419527244
steps[5].waypoints[17].orientation_xyzw.w=-0.3559483253795705
steps[5].waypoints[18].position_m.x=0.1025342614152048
steps[5].waypoints[18].position_m.y=-1.678190794176035
steps[5].waypoints[18].position_m.z=0.676234510567512
steps[5].waypoints[18].orientation_xyzw.x=-0.4398787894259107
steps[5].waypoints[18].orientation_xyzw.y=0.6302363904270434
steps[5].waypoints[18].orientation_xyzw.z=-0.5316103519227295
steps[5].waypoints[18].orientation_xyzw.w=-0.35594827787654537
steps[5].waypoints[19].position_m.x=0.10315795246879228
steps[5].waypoints[19].position_m.y=-1.6778198010689265
steps[5].waypoints[19].position_m.z=0.6742608655422097
steps[5].waypoints[19].orientation_xyzw.x=-0.4398767035288927
steps[5].waypoints[19].orientation_xyzw.y=0.6302362431304006
steps[5].waypoints[19].orientation_xyzw.z=-0.5316122843139043
steps[5].waypoints[19].orientation_xyzw.w=-0.3559482303706339
steps[5].waypoints[20].position_m.x=0.10378831497725689
steps[5].waypoints[20].position_m.y=-1.677538825000407
steps[5].waypoints[20].position_m.z=0.672815462415683
steps[5].waypoints[20].orientation_xyzw.x=-0.4398746176283075
steps[5].waypoints[20].orientation_xyzw.y=0.6302360958286473
steps[5].waypoints[20].orientation_xyzw.z=-0.5316142167007685
steps[5].waypoints[20].orientation_xyzw.w=-0.3559481828618359
steps[5].waypoints[21].position_m.x=0.10443023163702439
steps[5].waypoints[21].position_m.y=-1.6774137415822898
steps[5].waypoints[21].position_m.z=0.6722850047629518
steps[5].waypoints[21].orientation_xyzw.x=-0.4398725317241552
steps[5].waypoints[21].orientation_xyzw.y=0.6302359485217831
steps[5].waypoints[21].orientation_xyzw.z=-0.5316161490833217
steps[5].waypoints[21].orientation_xyzw.w=-0.35594813535015163
steps[5].waypoints[22].position_m.x=0.1050854890942252
steps[5].waypoints[22].position_m.y=-1.677468652785793
steps[5].waypoints[22].position_m.z=0.6728110376568173
steps[5].waypoints[22].orientation_xyzw.x=-0.4398704458164358
steps[5].waypoints[22].orientation_xyzw.y=0.6302358012098085
steps[5].waypoints[22].orientation_xyzw.z=-0.5316180814615642
steps[5].waypoints[22].orientation_xyzw.w=-0.35594808783558085
steps[5].waypoints[23].position_m.x=0.10575229933908771
steps[5].waypoints[23].position_m.y=-1.6776794311685712
steps[5].waypoints[23].position_m.z=0.6742520203812217
steps[5].waypoints[23].orientation_xyzw.x=-0.43986835990514955
steps[5].waypoints[23].orientation_xyzw.y=0.6302356538927233
steps[5].waypoints[23].orientation_xyzw.z=-0.531620013835496
steps[5].waypoints[23].orientation_xyzw.w=-0.35594804031812377
steps[5].waypoints[24].position_m.x=0.1064257789264952
steps[5].waypoints[24].position_m.y=-1.6779801871341915
steps[5].waypoints[24].position_m.z=0.6762212517531627
steps[5].waypoints[24].orientation_xyzw.x=-0.4398662739902962
steps[5].waypoints[24].orientation_xyzw.y=0.6302355065705272
steps[5].waypoints[24].orientation_xyzw.z=-0.5316219462051166
steps[5].waypoints[24].orientation_xyzw.w=-0.3559479927977802
steps[5].waypoints[25].position_m.x=0.10709925758251002
steps[5].waypoints[25].position_m.y=-1.678280925702566
steps[5].waypoints[25].position_m.z=0.6781904861006013
steps[5].waypoints[25].orientation_xyzw.x=-0.43986418807187605
steps[5].waypoints[25].orientation_xyzw.y=0.6302353592432207
steps[5].waypoints[25].orientation_xyzw.z=-0.5316238785704265
steps[5].waypoints[25].orientation_xyzw.w=-0.3559479452745502
steps[5].waypoints[26].position_m.x=0.10776606553232636
steps[5].waypoints[26].position_m.y=-1.6784916612167633
steps[5].waypoints[26].position_m.z=0.679631476156934
steps[5].waypoints[26].orientation_xyzw.x=-0.439862102149889
steps[5].waypoints[26].orientation_xyzw.y=0.6302352119108037
steps[5].waypoints[26].orientation_xyzw.z=-0.5316258109314252
steps[5].waypoints[26].orientation_xyzw.w=-0.35594789774843394
steps[5].waypoints[27].position_m.x=0.10842132062761002
steps[5].waypoints[27].position_m.y=-1.6785465283026195
steps[5].waypoints[27].position_m.z=0.6801575165963589
steps[5].waypoints[27].orientation_xyzw.x=-0.4398600162243351
steps[5].waypoints[27].orientation_xyzw.y=0.6302350645732758
steps[5].waypoints[27].orientation_xyzw.z=-0.531627743288113
steps[5].waypoints[27].orientation_xyzw.w=-0.35594785021943115
steps[5].waypoints[28].position_m.x=0.10906323642285584
steps[5].waypoints[28].position_m.y=-1.6784214287363228
steps[5].waypoints[28].position_m.z=0.6796270617054941
steps[5].waypoints[28].orientation_xyzw.x=-0.4398579302952146
steps[5].waypoints[28].orientation_xyzw.y=0.6302349172306375
steps[5].waypoints[28].orientation_xyzw.z=-0.5316296756404897
steps[5].waypoints[28].orientation_xyzw.w=-0.35594780268754206
steps[5].waypoints[29].position_m.x=0.1096936007272348
steps[5].waypoints[29].position_m.y=-1.6781404862132283
steps[5].waypoints[29].position_m.z=0.6781816528416035
steps[5].waypoints[29].orientation_xyzw.x=-0.4398558443625273
steps[5].waypoints[29].orientation_xyzw.y=0.6302347698828886
steps[5].waypoints[29].orientation_xyzw.z=-0.5316316079885552
steps[5].waypoints[29].orientation_xyzw.w=-0.3559477551527665
steps[5].waypoints[30].position_m.x=0.1103172964377856
steps[5].waypoints[30].position_m.y=-1.6777695800923478
steps[5].waypoints[30].position_m.z=0.6762079929388133
steps[5].waypoints[30].orientation_xyzw.x=-0.4398537584262734
steps[5].waypoints[30].orientation_xyzw.y=0.6302346225300292
steps[5].waypoints[30].orientation_xyzw.z=-0.5316335403323096
steps[5].waypoints[30].orientation_xyzw.w=-0.3559477076151046
steps[5].waypoints[31].position_m.x=0.1109409930797459
steps[5].waypoints[31].position_m.y=-1.6773986913689969
steps[5].waypoints[31].position_m.z=0.6742343300609525
steps[5].waypoints[31].orientation_xyzw.x=-0.43985167248645285
steps[5].waypoints[31].orientation_xyzw.y=0.6302344751720589
steps[5].waypoints[31].orientation_xyzw.z=-0.5316354726717526
steps[5].waypoints[31].orientation_xyzw.w=-0.35594766007455625
steps[5].waypoints[32].position_m.x=0.11157135967921249
steps[5].waypoints[32].position_m.y=-1.6771177917151836
steps[5].waypoints[32].position_m.z=0.6727889138661849
steps[5].waypoints[32].orientation_xyzw.x=-0.4398495865430658
steps[5].waypoints[32].orientation_xyzw.y=0.6302343278089781
steps[5].waypoints[32].orientation_xyzw.z=-0.5316374050068844
steps[5].waypoints[32].orientation_xyzw.w=-0.3559476125311215
steps[5].waypoints[33].position_m.x=0.11221327783641813
steps[5].waypoints[33].position_m.y=-1.6769927362672543
steps[5].waypoints[33].position_m.z=0.6722584514308428
steps[5].waypoints[33].orientation_xyzw.x=-0.4398475005961122
steps[5].waypoints[33].orientation_xyzw.y=0.6302341804407868
steps[5].waypoints[33].orientation_xyzw.z=-0.531639337337705
steps[5].waypoints[33].orientation_xyzw.w=-0.35594756498480035
steps[5].waypoints[34].position_m.x=0.1128685337962391
steps[5].waypoints[34].position_m.y=-1.677047619501554
steps[5].waypoints[34].position_m.z=0.6727844891087976
steps[5].waypoints[34].orientation_xyzw.x=-0.4398454146455923
steps[5].waypoints[34].orientation_xyzw.y=0.630234033067485
steps[5].waypoints[34].orientation_xyzw.z=-0.5316412696642141
steps[5].waypoints[34].orientation_xyzw.w=-0.3559475174355929
steps[5].waypoints[35].position_m.x=0.11353533995010864
steps[5].waypoints[35].position_m.y=-1.6772583214697783
steps[5].waypoints[35].position_m.z=0.6742254849016714
steps[5].waypoints[35].orientation_xyzw.x=-0.43984332869150583
steps[5].waypoints[35].orientation_xyzw.y=0.6302338856890725
steps[5].waypoints[35].orientation_xyzw.z=-0.5316432019864117
steps[5].waypoints[35].orientation_xyzw.w=-0.35594746988349896
steps[5].waypoints[36].position_m.x=0.114208813949076
steps[5].waypoints[36].position_m.y=-1.6775589730505043
steps[5].waypoints[36].position_m.z=0.676194734124464
steps[5].waypoints[36].orientation_xyzw.x=-0.4398412427338531
steps[5].waypoints[36].orientation_xyzw.y=0.6302337383055494
steps[5].waypoints[36].orientation_xyzw.z=-0.5316451343042979
steps[5].waypoints[36].orientation_xyzw.w=-0.3559474223285187
steps[5].waypoints[37].position_m.x=0.11488228701661703
steps[5].waypoints[37].position_m.y=-1.6778596072334164
steps[5].waypoints[37].position_m.z=0.6781639863219007
steps[5].waypoints[37].orientation_xyzw.x=-0.4398391567726341
steps[5].waypoints[37].orientation_xyzw.y=0.6302335909169159
steps[5].waypoints[37].orientation_xyzw.z=-0.5316470666178728
steps[5].waypoints[37].orientation_xyzw.w=-0.3559473747706521
steps[5].waypoints[38].position_m.x=0.11554909087535745
steps[5].waypoints[38].position_m.y=-1.6780702663316593
steps[5].waypoints[38].position_m.z=0.6796049894445997
steps[5].waypoints[38].orientation_xyzw.x=-0.4398370708078488
steps[5].waypoints[38].orientation_xyzw.y=0.6302334435231717
steps[5].waypoints[38].orientation_xyzw.z=-0.5316489989271359
steps[5].waypoints[38].orientation_xyzw.w=-0.3559473272098989
steps[5].waypoints[39].position_m.x=0.1162043444731759
steps[5].waypoints[39].position_m.y=-1.6781251054468709
steps[5].waypoints[39].position_m.z=0.6801310346659493
steps[5].waypoints[39].orientation_xyzw.x=-0.4398349848394974
steps[5].waypoints[39].orientation_xyzw.y=0.6302332961243169
steps[5].waypoints[39].orientation_xyzw.z=-0.5316509312320874
steps[5].waypoints[39].orientation_xyzw.w=-0.35594727964625955
steps[5].waypoints[40].position_m.x=0.11684626176582862
steps[5].waypoints[40].position_m.y=-1.6780000338502343
steps[5].waypoints[40].position_m.z=0.6796005749916816
steps[5].waypoints[40].orientation_xyzw.x=-0.43983289886757976
steps[5].waypoints[40].orientation_xyzw.y=0.6302331487203515
steps[5].waypoints[40].orientation_xyzw.z=-0.5316528635327273
steps[5].waypoints[40].orientation_xyzw.w=-0.3559472320797337
steps[5].waypoints[41].position_m.x=0.11747663016127446
steps[5].waypoints[41].position_m.y=-1.677719167742942
steps[5].waypoints[41].position_m.z=0.6781551530611957
steps[5].waypoints[41].orientation_xyzw.x=-0.43983081289209613
steps[5].waypoints[41].orientation_xyzw.y=0.6302330013112758
steps[5].waypoints[41].orientation_xyzw.z=-0.5316547958290555
steps[5].waypoints[41].orientation_xyzw.w=-0.35594718451032153
steps[5].waypoints[42].position_m.x=0.1181003314603664
steps[5].waypoints[42].position_m.y=-1.6773483660086606
steps[5].waypoints[42].position_m.z=0.6761814753101146
steps[5].waypoints[42].orientation_xyzw.x=-0.43982872691304636
steps[5].waypoints[42].orientation_xyzw.y=0.6302328538970893
steps[5].waypoints[42].orientation_xyzw.z=-0.5316567281210719
steps[5].waypoints[42].orientation_xyzw.w=-0.3559471369380228
steps[5].waypoints[43].position_m.x=0.1187240336909015
steps[5].waypoints[43].position_m.y=-1.6769775816724772
steps[5].waypoints[43].position_m.z=0.6742077945848164
steps[5].waypoints[43].orientation_xyzw.x=-0.4398266409304307
steps[5].waypoints[43].orientation_xyzw.y=0.6302327064777924
steps[5].waypoints[43].orientation_xyzw.z=-0.5316586604087766
steps[5].waypoints[43].orientation_xyzw.w=-0.3559470893628379
steps[5].waypoints[44].position_m.x=0.11935440438151794
steps[5].waypoints[44].position_m.y=-1.6766967584358663
steps[5].waypoints[44].position_m.z=0.672762365325557
steps[5].waypoints[44].orientation_xyzw.x=-0.439824554944249
steps[5].waypoints[44].orientation_xyzw.y=0.6302325590533848
steps[5].waypoints[44].orientation_xyzw.z=-0.5316605926921694
steps[5].waypoints[44].orientation_xyzw.w=-0.35594704178476655
steps[5].waypoints[45].position_m.x=0.11999632403621585
steps[5].waypoints[45].position_m.y=-1.6765717309590387
steps[5].waypoints[45].position_m.z=0.6722318981089764
steps[5].waypoints[45].orientation_xyzw.x=-0.43982246895450144
steps[5].waypoints[45].orientation_xyzw.y=0.6302324116238668
steps[5].waypoints[45].orientation_xyzw.z=-0.5316625249712501
steps[5].waypoints[45].orientation_xyzw.w=-0.3559469942038088
steps[5].waypoints[46].position_m.x=0.12065157849860286
steps[5].waypoints[46].position_m.y=-1.676626586223221
steps[5].waypoints[46].position_m.z=0.6727579405696481
steps[5].waypoints[46].orientation_xyzw.x=-0.4398203829611881
steps[5].waypoints[46].orientation_xyzw.y=0.6302322641892382
steps[5].waypoints[46].orientation_xyzw.z=-0.5316644572460192
steps[5].waypoints[46].orientation_xyzw.w=-0.3559469466199647
steps[5].waypoints[47].position_m.x=0.12131838056133158
steps[5].waypoints[47].position_m.y=-1.676837211774395
steps[5].waypoints[47].position_m.z=0.6741989494272423
steps[5].waypoints[47].orientation_xyzw.x=-0.439818296964309
steps[5].waypoints[47].orientation_xyzw.y=0.6302321167494991
steps[5].waypoints[47].orientation_xyzw.z=-0.5316663895164762
steps[5].waypoints[47].orientation_xyzw.w=-0.35594689903323423
steps[5].waypoints[48].position_m.x=0.1219918489716568
steps[5].waypoints[48].position_m.y=-1.677137758966817
steps[5].waypoints[48].position_m.z=0.6761682164957653
steps[5].waypoints[48].orientation_xyzw.x=-0.43981621096386414
steps[5].waypoints[48].orientation_xyzw.y=0.6302319693046494
steps[5].waypoints[48].orientation_xyzw.z=-0.5316683217826211
steps[5].waypoints[48].orientation_xyzw.w=-0.3559468514436174
steps[5].lead_start.position_m.x=0.0908597088813336
steps[5].lead_start.position_m.y=-1.6788226153015657
steps[5].lead_start.position_m.z=0.67627428701056
steps[5].lead_start.orientation_xyzw.x=-0.439916334962194
steps[5].lead_start.orientation_xyzw.y=0.6302390408926912
steps[5].lead_start.orientation_xyzw.z=-0.531575568144504
steps[5].lead_start.orientation_xyzw.w=-0.35594913248937554
steps[5].usable_seam_start.position_m.x=0.0908597088813336
steps[5].usable_seam_start.position_m.y=-1.6788226153015657
steps[5].usable_seam_start.position_m.z=0.67627428701056
steps[5].usable_seam_start.orientation_xyzw.x=-0.439916334962194
steps[5].usable_seam_start.orientation_xyzw.y=0.6302390408926912
steps[5].usable_seam_start.orientation_xyzw.z=-0.531575568144504
steps[5].usable_seam_start.orientation_xyzw.w=-0.35594913248937554
steps[5].usable_seam_goal.position_m.x=0.1219918489716568
steps[5].usable_seam_goal.position_m.y=-1.677137758966817
steps[5].usable_seam_goal.position_m.z=0.6761682164957653
steps[5].usable_seam_goal.orientation_xyzw.x=-0.43981621096386414
steps[5].usable_seam_goal.orientation_xyzw.y=0.6302319693046494
steps[5].usable_seam_goal.orientation_xyzw.z=-0.5316683217826211
steps[5].usable_seam_goal.orientation_xyzw.w=-0.3559468514436174
steps[5].lead_end.position_m.x=0.1219918489716568
steps[5].lead_end.position_m.y=-1.677137758966817
steps[5].lead_end.position_m.z=0.6761682164957653
steps[5].lead_end.orientation_xyzw.x=-0.43981621096386414
steps[5].lead_end.orientation_xyzw.y=0.6302319693046494
steps[5].lead_end.orientation_xyzw.z=-0.5316683217826211
steps[5].lead_end.orientation_xyzw.w=-0.3559468514436174
steps[6].sequence_number=7
steps[6].type=digital_weld
steps[6].parallel_slot=5
steps[6].duration=0.0
steps[6].velocity_scale=0.3695263157894737
steps[6].tcp_speed_m_s=0.020227922857553177
steps[6].command=off
steps[6].weld_scenario_id=weld-86741523950698
steps[6].weld_scenario_stage=arc_off
steps[6].path_to_seam_speed_factor=0.42858579776655037
steps[6].trigger_before_goal=True
steps[6].arc_off_delay_s=0.0
steps[6].settings.current_a=220
steps[6].settings.voltage_tenths=260
steps[6].settings.voltage=26.0
steps[6].settings.material=FE-SOLID
steps[6].settings.diameter_mm=1.2
steps[6].settings.mode=LSM
steps[6].settings.gas=CO2 100%
steps[6].settings.synergic=False
steps[6].settings.correction=0.0
steps[6].settings.hot_start_enabled=True
steps[6].settings.hot_start_percent=5.0
steps[6].settings.hot_start_hold_adjustment=2
steps[6].settings.crater_enabled=False
steps[6].settings.crater_percent=27.27272727272727
steps[6].settings.crater_current_a=60.0
steps[6].settings.crater_voltage_v=25.0
steps[6].settings.crater_seconds=1.0
steps[6].settings.wire_consumable_alpha_mm=0.0
steps[6].settings.hot_start_current_a=231
steps[7].sequence_number=8
steps[7].type=motion
steps[7].parallel_slot=6
steps[7].duration=0.0
steps[7].planning_group=right_manipulator
steps[7].velocity_scale=0.3695263157894737
steps[7].tcp_speed_m_s=0.0
steps[7].interpolation_step=0.005
steps[7].path_kind=weld_end_to_taught_wait_fixed_attitude
steps[7].pose_name=weld_goal_wait
steps[7].pose_label=5 · Weld goal wait pose
steps[7].touch_guard=False
steps[7].continue_after_touch=False
steps[7].weld_scenario_id=weld-86741523950698
steps[7].weld_scenario_stage=goal_wait
steps[7].waypoint_count=1
steps[7].waypoints[0].position_m.x=0.12066296443259067
steps[7].waypoints[0].position_m.y=-1.6767226304187681
steps[7].waypoints[0].position_m.z=0.6766487995660706
steps[7].waypoints[0].orientation_xyzw.x=-0.43981621096386414
steps[7].waypoints[0].orientation_xyzw.y=0.6302319693046494
steps[7].waypoints[0].orientation_xyzw.z=-0.5316683217826211
steps[7].waypoints[0].orientation_xyzw.w=-0.3559468514436174
steps[8].sequence_number=9
steps[8].type=named_pose
steps[8].parallel_slot=7
steps[8].duration=0.0
steps[8].planning_group=right_manipulator
steps[8].velocity_scale=0.3695263157894737
steps[8].tcp_speed_m_s=0.0
steps[8].pose_name=weld_finish
steps[8].pose_label=7 · Weld end pose
steps[8].touch_guard=False
steps[8].continue_after_touch=False
steps[8].weld_scenario_id=weld-86741523950698
steps[8].weld_scenario_stage=finish
steps[8].target_tcp.position_m.x=0.03374943314549039
steps[8].target_tcp.position_m.y=-1.6540034193254145
steps[8].target_tcp.position_m.z=0.715025635008381
steps[8].target_tcp.orientation_xyzw.x=-0.43566855184384345
steps[8].target_tcp.orientation_xyzw.y=0.6334744147875092
steps[8].target_tcp.orientation_xyzw.z=-0.5283694748098694
steps[8].target_tcp.orientation_xyzw.w=-0.3601788123044635
steps[8].joint_names[0]=right_manipulator_joint1
steps[8].joint_names[1]=right_manipulator_joint2
steps[8].joint_names[2]=right_manipulator_joint3
steps[8].joint_names[3]=right_manipulator_joint4
steps[8].joint_names[4]=right_manipulator_joint5
steps[8].joint_names[5]=right_manipulator_joint6
steps[8].joint_positions_rad[0]=5.1848284314425666
steps[8].joint_positions_rad[1]=1.2821876952502465
steps[8].joint_positions_rad[2]=1.93160458707214
steps[8].joint_positions_rad[3]=3.604953654807699
steps[8].joint_positions_rad[4]=1.4520875191012685
steps[8].joint_positions_rad[5]=1.4500105197671158
steps[9].sequence_number=10
steps[9].type=digital_output
steps[9].parallel_slot=8
steps[9].duration=0.0
steps[9].port=0
steps[9].value=True
steps[9].weld_scenario_id=weld-86741523950698
steps[9].weld_scenario_stage=touch_output_on
hicomm_cyclic_period_ms=40.0
arc_wait_recognition=True
arc_wait_main_welding=True
arc_wait_established=True
arc_establishment_timeout_s=5.0

[summary]
rx_samples=249
welding_samples=166
wcr_seen=1
current_a.min=1.0
current_a.average=208.34868421052633
current_a.max=238.0
voltage_v.min=3.1
voltage_v.average=26.883132530120463
voltage_v.max=60.5
wire_feed_m_min.min=10.2
wire_feed_m_min.average=10.20000000000003
wire_feed_m_min.max=10.2

[production_metrics]
arc_started_elapsed_s=0.16520688399032224
arc_completed_elapsed_s=7.594315734997508
arc_on_time_s=7.429108851007186
main_weld_arc_time_s=6.597714101008023
crater_arc_time_s=0.0
weld_motion_start_elapsed_s=1.0103618159919279
weld_motion_complete_elapsed_s=6.620509611995658
weld_motion_duration_s=5.61014779600373
net_weld_arc_time_s=5.61014779600373
wire_feed_average_m_min=9.043188789611305
wire_consumable_base_mm=1119.713897970505
wire_consumable_alpha_mm=0.0
wire_consumable_mm=1119.713897970505
wire_consumable_formula=integral(WFS*1000/60*dt)+alpha
weld_motion_start_unix_time=1789624629.4116168
weld_motion_start_wall_time=2026-09-17 14:57:09.411
weld_motion_complete_unix_time=1789624635.021766
weld_motion_complete_wall_time=2026-09-17 14:57:15.021

[arc_off_control]
arc_established_elapsed_s=1.003722323992406
fallback=weld_motion_completed_before_trigger
delay_s=0.0
command_elapsed_s=6.629741540993564
sequence_clear_elapsed_s=9.951167126986547
extinction_current_threshold_a=10.0
feedback_current_extinguished_elapsed_s=7.113238635996822
feedback_extinction_delay_s=0.48349709500325844
wcr_clear_elapsed_s=7.594315734997508
wcr_clear_delay_s=0.9645741940039443

[teaching_snapshot_yaml]
robot_start:
  planning_group: right_manipulator
  joint_state:
    names:
    - right_manipulator_joint1
    - right_manipulator_joint2
    - right_manipulator_joint3
    - right_manipulator_joint4
    - right_manipulator_joint5
    - right_manipulator_joint6
    positions_rad:
    - 5.272090632984539
    - 1.1319069796756747
    - 2.106417676818249
    - 3.6901007738119302
    - 1.4686233526256796
    - 1.4680081624138712
  tcp_pose_world:
    position_m:
      x: 0.0593687026100857
      y: -1.566580876666292
      z: 0.8404797210507349
    orientation_xyzw:
      x: -0.435964943840794
      y: 0.633785310019272
      z: -0.5278153609885844
      w: -0.36008567487496485
weld_wait:
  planning_group: right_manipulator
  joint_state:
    names:
    - right_manipulator_joint1
    - right_manipulator_joint2
    - right_manipulator_joint3
    - right_manipulator_joint4
    - right_manipulator_joint5
    - right_manipulator_joint6
    positions_rad:
    - 5.116482663123427
    - 1.2840481795877758
    - 1.9530954981207522
    - 3.536391371491936
    - 1.4756325262986592
    - 1.454452938781477
  tcp_pose_world:
    position_m:
      x: -0.024663663255563212
      y: -1.6541218108581124
      z: 0.7151550325816947
    orientation_xyzw:
      x: -0.43569661139275795
      y: 0.6334772972744478
      z: -0.5283290120173573
      w: -0.3601991556340635
weld_start_wait:
  planning_group: right_manipulator
  joint_state:
    names:
    - right_manipulator_joint1
    - right_manipulator_joint2
    - right_manipulator_joint3
    - right_manipulator_joint4
    - right_manipulator_joint5
    - right_manipulator_joint6
    positions_rad:
    - 5.233057746151683
    - 1.324417706971742
    - 1.8502997437306203
    - 3.6554495859205822
    - 1.4171552345568628
    - 1.4351187887416652
  tcp_pose_world:
    position_m:
      x: 0.09079134373731917
      y: -1.677484588044181
      z: 0.6774624631984689
    orientation_xyzw:
      x: -0.43507525643945216
      y: 0.6335906814861262
      z: -0.528833094844607
      w: -0.36001101006103425
weld_start:
  planning_group: right_manipulator
  joint_state:
    names:
    - right_manipulator_joint1
    - right_manipulator_joint2
    - right_manipulator_joint3
    - right_manipulator_joint4
    - right_manipulator_joint5
    - right_manipulator_joint6
    positions_rad:
    - 5.225589691155835
    - 1.3258805200715251
    - 1.8510801572234374
    - 3.63260870767307
    - 1.419493093336756
    - 1.4355153690895848
  tcp_pose_world:
    position_m:
      x: 0.0908597088813336
      y: -1.6788226153015657
      z: 0.67627428701056
    orientation_xyzw:
      x: -0.439916334962194
      y: 0.6302390408926912
      z: -0.531575568144504
      w: -0.35594913248937554
weld_goal_wait:
  planning_group: right_manipulator
  joint_state:
    names:
    - right_manipulator_joint1
    - right_manipulator_joint2
    - right_manipulator_joint3
    - right_manipulator_joint4
    - right_manipulator_joint5
    - right_manipulator_joint6
    positions_rad:
    - 5.257844319049269
    - 1.3250821656637168
    - 1.839102482927382
    - 3.665929391126153
    - 1.4079133997840152
    - 1.4301333511810368
  tcp_pose_world:
    position_m:
      x: 0.12066296443259067
      y: -1.6767226304187681
      z: 0.6766487995660706
    orientation_xyzw:
      x: -0.4398149685349635
      y: 0.6302938461793097
      z: -0.5315614486955395
      w: -0.3559984370496327
weld_end:
  planning_group: right_manipulator
  joint_state:
    names:
    - right_manipulator_joint1
    - right_manipulator_joint2
    - right_manipulator_joint3
    - right_manipulator_joint4
    - right_manipulator_joint5
    - right_manipulator_joint6
    positions_rad:
    - 5.258856457282063
    - 1.3256978212012775
    - 1.8376282808424986
    - 3.6668040660473045
    - 1.407317847769058
    - 1.4298252977966515
  tcp_pose_world:
    position_m:
      x: 0.1219918489716568
      y: -1.677137758966817
      z: 0.6761682164957653
    orientation_xyzw:
      x: -0.43981621096386414
      y: 0.6302319693046494
      z: -0.5316683217826211
      w: -0.3559468514436174
weld_finish:
  planning_group: right_manipulator
  joint_state:
    names:
    - right_manipulator_joint1
    - right_manipulator_joint2
    - right_manipulator_joint3
    - right_manipulator_joint4
    - right_manipulator_joint5
    - right_manipulator_joint6
    positions_rad:
    - 5.1848284314425666
    - 1.2821876952502465
    - 1.93160458707214
    - 3.604953654807699
    - 1.4520875191012685
    - 1.4500105197671158
  tcp_pose_world:
    position_m:
      x: 0.03374943314549039
      y: -1.6540034193254145
      z: 0.715025635008381
    orientation_xyzw:
      x: -0.43566855184384345
      y: 0.6334744147875092
      z: -0.5283694748098694
      w: -0.3601788123044635

[touch_snapshot_yaml]
{}

[samples]
elapsed_s raw0 state arc gas fwd wcr current_a voltage_v wire_feed_m_min set_current_a set_voltage_v error db collision
0.011 0x00 idle 0 0 0 0 0 0.0 0.0 220 26.0 0 0 0
0.049 0x00 idle 0 0 0 0 0 0.0 0.0 220 26.0 0 0 0
0.080 0x00 idle 0 0 0 0 0 0.0 0.0 220 26.0 0 0 0
0.123 0x01 idle 1 0 0 0 0 0.0 0.0 220 26.0 0 0 0
0.165 0x09 main_weld 1 1 0 0 0 0.0 0.0 220 26.0 0 0 0
0.203 0x09 main_weld 1 1 0 0 0 0.0 0.0 220 26.0 0 0 0
0.243 0x09 main_weld 1 1 0 0 0 0.0 0.0 220 26.0 0 0 0
0.284 0x09 main_weld 1 1 0 0 0 0.0 0.0 220 26.0 0 0 0
0.322 0x09 main_weld 1 1 0 0 0 0.0 0.0 220 26.0 0 0 0
0.364 0x09 main_weld 1 1 0 0 0 0.0 0.0 220 26.0 0 0 0
0.402 0x09 main_weld 1 1 0 0 0 0.0 0.0 220 26.0 0 0 0
0.465 0x09 main_weld 1 1 0 0 0 0.0 0.0 220 26.0 0 0 0
0.500 0x09 main_weld 1 1 0 0 0 0.0 0.0 220 26.0 0 0 0
0.520 0x09 main_weld 1 1 0 0 0 0.0 0.0 220 26.0 0 0 0
0.562 0x09 main_weld 1 1 0 0 0 0.0 0.0 220 26.0 0 0 0
0.603 0x09 main_weld 1 1 0 0 0 0.0 0.0 220 26.0 0 0 0
0.639 0x09 main_weld 1 1 0 0 0 0.0 0.0 220 26.0 0 0 0
0.682 0x09 main_weld 1 1 0 0 0 0.0 0.0 220 26.0 0 0 0
0.727 0x09 main_weld 1 1 0 0 0 0.0 0.0 220 26.0 0 0 0
0.763 0x09 main_weld 1 1 0 0 0 0.0 0.0 220 26.0 0 0 0
0.801 0x09 main_weld 1 1 0 0 0 0.0 0.0 220 26.0 0 0 0
0.844 0x09 main_weld 1 1 0 0 0 0.0 0.0 220 26.0 0 0 0
0.888 0x0B main_weld 1 1 1 0 0 0.0 0.0 220 26.0 0 0 0
0.927 0x0B main_weld 1 1 1 0 0 0.0 0.0 220 26.0 0 0 0
0.961 0x2B main_weld 1 1 1 1 0 3.1 0.0 220 26.0 0 0 0
1.008 0x2B main_weld 1 1 1 1 1 3.1 10.2 220 26.0 0 0 0
1.039 0x2B main_weld 1 1 1 1 1 44.4 10.2 220 26.0 0 0 0
1.084 0x2B main_weld 1 1 1 1 22 44.4 10.2 220 26.0 0 0 0
1.121 0x2B main_weld 1 1 1 1 22 44.4 10.2 220 26.0 0 0 0
1.167 0x2B main_weld 1 1 1 1 162 44.4 10.2 220 26.0 0 0 0
1.209 0x2B main_weld 1 1 1 1 162 29.7 10.2 220 26.0 0 0 0
1.247 0x2B main_weld 1 1 1 1 162 29.7 10.2 220 26.0 0 0 0
1.283 0x2B main_weld 1 1 1 1 162 29.7 10.2 220 26.0 0 0 0
1.350 0x2B main_weld 1 1 1 1 162 29.7 10.2 220 26.0 0 0 0
1.364 0x2B main_weld 1 1 1 1 159 29.7 10.2 220 26.0 0 0 0
1.408 0x2B main_weld 1 1 1 1 159 26.6 10.2 220 26.0 0 0 0
1.450 0x2B main_weld 1 1 1 1 159 26.6 10.2 220 26.0 0 0 0
1.483 0x2B main_weld 1 1 1 1 159 25.7 10.2 220 26.0 0 0 0
1.521 0x2B main_weld 1 1 1 1 217 25.7 10.2 220 26.0 0 0 0
1.566 0x2B main_weld 1 1 1 1 217 25.7 10.2 220 26.0 0 0 0
1.605 0x2B main_weld 1 1 1 1 217 25.7 10.2 220 26.0 0 0 0
1.658 0x2B main_weld 1 1 1 1 217 25.7 10.2 220 26.0 0 0 0
1.685 0x2B main_weld 1 1 1 1 223 25.4 10.2 220 26.0 0 0 0
1.722 0x2B main_weld 1 1 1 1 223 25.4 10.2 220 26.0 0 0 0
1.774 0x2B main_weld 1 1 1 1 223 25.4 10.2 220 26.0 0 0 0
1.803 0x2B main_weld 1 1 1 1 223 25.4 10.2 220 26.0 0 0 0
1.846 0x2B main_weld 1 1 1 1 223 25.4 10.2 220 26.0 0 0 0
1.889 0x2B main_weld 1 1 1 1 225 25.4 10.2 220 26.0 0 0 0
1.923 0x2B main_weld 1 1 1 1 225 25.4 10.2 220 26.0 0 0 0
1.966 0x2B main_weld 1 1 1 1 225 25.4 10.2 220 26.0 0 0 0
2.010 0x2B main_weld 1 1 1 1 225 25.4 10.2 220 26.0 0 0 0
2.047 0x2B main_weld 1 1 1 1 225 25.1 10.2 220 26.0 0 0 0
2.086 0x2B main_weld 1 1 1 1 219 25.1 10.2 220 26.0 0 0 0
2.126 0x2B main_weld 1 1 1 1 219 25.1 10.2 220 26.0 0 0 0
2.167 0x2B main_weld 1 1 1 1 219 25.1 10.2 220 26.0 0 0 0
2.205 0x2B main_weld 1 1 1 1 219 25.4 10.2 220 26.0 0 0 0
2.243 0x2B main_weld 1 1 1 1 216 25.4 10.2 220 26.0 0 0 0
2.285 0x2B main_weld 1 1 1 1 216 25.4 10.2 220 26.0 0 0 0
2.322 0x2B main_weld 1 1 1 1 216 25.4 10.2 220 26.0 0 0 0
2.363 0x2B main_weld 1 1 1 1 216 25.4 10.2 220 26.0 0 0 0
2.408 0x2B main_weld 1 1 1 1 237 25.3 10.2 220 26.0 0 0 0
2.446 0x2B main_weld 1 1 1 1 237 25.3 10.2 220 26.0 0 0 0
2.481 0x2B main_weld 1 1 1 1 237 25.3 10.2 220 26.0 0 0 0
2.523 0x2B main_weld 1 1 1 1 237 25.3 10.2 220 26.0 0 0 0
2.565 0x2B main_weld 1 1 1 1 237 25.7 10.2 220 26.0 0 0 0
2.602 0x2B main_weld 1 1 1 1 238 25.7 10.2 220 26.0 0 0 0
2.644 0x2B main_weld 1 1 1 1 238 25.7 10.2 220 26.0 0 0 0
2.685 0x2B main_weld 1 1 1 1 230 25.7 10.2 220 26.0 0 0 0
2.737 0x2B main_weld 1 1 1 1 230 25.7 10.2 220 26.0 0 0 0
2.763 0x2B main_weld 1 1 1 1 230 25.1 10.2 220 26.0 0 0 0
2.806 0x2B main_weld 1 1 1 1 230 25.1 10.2 220 26.0 0 0 0
2.848 0x2B main_weld 1 1 1 1 230 25.1 10.2 220 26.0 0 0 0
2.889 0x2B main_weld 1 1 1 1 216 25.1 10.2 220 26.0 0 0 0
2.941 0x2B main_weld 1 1 1 1 216 25.1 10.2 220 26.0 0 0 0
2.962 0x2B main_weld 1 1 1 1 216 25.1 10.2 220 26.0 0 0 0
3.006 0x2B main_weld 1 1 1 1 216 25.1 10.2 220 26.0 0 0 0
3.041 0x2B main_weld 1 1 1 1 217 25.1 10.2 220 26.0 0 0 0
3.085 0x2B main_weld 1 1 1 1 217 25.1 10.2 220 26.0 0 0 0
3.123 0x2B main_weld 1 1 1 1 217 25.1 10.2 220 26.0 0 0 0
3.165 0x2B main_weld 1 1 1 1 217 25.1 10.2 220 26.0 0 0 0
3.202 0x2B main_weld 1 1 1 1 217 25.4 10.2 220 26.0 0 0 0
3.244 0x2B main_weld 1 1 1 1 214 25.4 10.2 220 26.0 0 0 0
3.284 0x2B main_weld 1 1 1 1 214 25.4 10.2 220 26.0 0 0 0
3.324 0x2B main_weld 1 1 1 1 214 25.4 10.2 220 26.0 0 0 0
3.364 0x2B main_weld 1 1 1 1 214 25.1 10.2 220 26.0 0 0 0
3.404 0x2B main_weld 1 1 1 1 222 25.1 10.2 220 26.0 0 0 0
3.444 0x2B main_weld 1 1 1 1 222 25.1 10.2 220 26.0 0 0 0
3.483 0x2B main_weld 1 1 1 1 222 25.1 10.2 220 26.0 0 0 0
3.523 0x2B main_weld 1 1 1 1 222 25.1 10.2 220 26.0 0 0 0
3.563 0x2B main_weld 1 1 1 1 222 25.6 10.2 220 26.0 0 0 0
3.604 0x2B main_weld 1 1 1 1 225 25.6 10.2 220 26.0 0 0 0
3.643 0x2B main_weld 1 1 1 1 225 25.6 10.2 220 26.0 0 0 0
3.684 0x2B main_weld 1 1 1 1 225 25.6 10.2 220 26.0 0 0 0
3.722 0x2B main_weld 1 1 1 1 225 25.3 10.2 220 26.0 0 0 0
3.765 0x2B main_weld 1 1 1 1 234 25.3 10.2 220 26.0 0 0 0
3.802 0x2B main_weld 1 1 1 1 234 25.3 10.2 220 26.0 0 0 0
3.844 0x2B main_weld 1 1 1 1 234 25.3 10.2 220 26.0 0 0 0
3.915 0x2B main_weld 1 1 1 1 234 25.0 10.2 220 26.0 0 0 0
3.958 0x2B main_weld 1 1 1 1 234 25.0 10.2 220 26.0 0 0 0
3.989 0x2B main_weld 1 1 1 1 234 25.0 10.2 220 26.0 0 0 0
4.030 0x2B main_weld 1 1 1 1 234 25.0 10.2 220 26.0 0 0 0
4.070 0x2B main_weld 1 1 1 1 222 25.0 10.2 220 26.0 0 0 0
4.109 0x2B main_weld 1 1 1 1 222 25.3 10.2 220 26.0 0 0 0
4.149 0x2B main_weld 1 1 1 1 222 25.3 10.2 220 26.0 0 0 0
4.202 0x2B main_weld 1 1 1 1 222 25.3 10.2 220 26.0 0 0 0
4.230 0x2B main_weld 1 1 1 1 202 25.3 10.2 220 26.0 0 0 0
4.269 0x2B main_weld 1 1 1 1 202 25.3 10.2 220 26.0 0 0 0
4.312 0x2B main_weld 1 1 1 1 202 28.7 10.2 220 26.0 0 0 0
4.352 0x2B main_weld 1 1 1 1 202 28.7 10.2 220 26.0 0 0 0
4.394 0x2B main_weld 1 1 1 1 202 28.7 10.2 220 26.0 0 0 0
4.431 0x2B main_weld 1 1 1 1 217 28.7 10.2 220 26.0 0 0 0
4.477 0x2B main_weld 1 1 1 1 217 26.7 10.2 220 26.0 0 0 0
4.513 0x2B main_weld 1 1 1 1 217 26.7 10.2 220 26.0 0 0 0
4.571 0x2B main_weld 1 1 1 1 217 26.7 10.2 220 26.0 0 0 0
4.589 0x2B main_weld 1 1 1 1 220 26.7 10.2 220 26.0 0 0 0
4.630 0x2B main_weld 1 1 1 1 220 26.7 10.2 220 26.0 0 0 0
4.671 0x2B main_weld 1 1 1 1 220 26.7 10.2 220 26.0 0 0 0
4.713 0x2B main_weld 1 1 1 1 220 26.7 10.2 220 26.0 0 0 0
4.749 0x2B main_weld 1 1 1 1 220 25.2 10.2 220 26.0 0 0 0
4.789 0x2B main_weld 1 1 1 1 222 25.2 10.2 220 26.0 0 0 0
4.833 0x2B main_weld 1 1 1 1 222 25.2 10.2 220 26.0 0 0 0
4.877 0x2B main_weld 1 1 1 1 222 25.2 10.2 220 26.0 0 0 0
4.910 0x2B main_weld 1 1 1 1 222 25.2 10.2 220 26.0 0 0 0
4.949 0x2B main_weld 1 1 1 1 228 25.0 10.2 220 26.0 0 0 0
4.989 0x2B main_weld 1 1 1 1 228 25.0 10.2 220 26.0 0 0 0
5.033 0x2B main_weld 1 1 1 1 228 25.0 10.2 220 26.0 0 0 0
5.071 0x2B main_weld 1 1 1 1 228 25.0 10.2 220 26.0 0 0 0
5.115 0x2B main_weld 1 1 1 1 228 25.1 10.2 220 26.0 0 0 0
5.160 0x2B main_weld 1 1 1 1 223 25.1 10.2 220 26.0 0 0 0
5.193 0x2B main_weld 1 1 1 1 223 25.1 10.2 220 26.0 0 0 0
5.234 0x2B main_weld 1 1 1 1 223 25.1 10.2 220 26.0 0 0 0
5.274 0x2B main_weld 1 1 1 1 223 25.1 10.2 220 26.0 0 0 0
5.315 0x2B main_weld 1 1 1 1 231 25.0 10.2 220 26.0 0 0 0
5.353 0x2B main_weld 1 1 1 1 231 25.0 10.2 220 26.0 0 0 0
5.392 0x2B main_weld 1 1 1 1 231 25.0 10.2 220 26.0 0 0 0
5.429 0x2B main_weld 1 1 1 1 211 25.0 10.2 220 26.0 0 0 0
5.472 0x2B main_weld 1 1 1 1 211 25.1 10.2 220 26.0 0 0 0
5.510 0x2B main_weld 1 1 1 1 211 25.1 10.2 220 26.0 0 0 0
5.553 0x2B main_weld 1 1 1 1 211 25.1 10.2 220 26.0 0 0 0
5.589 0x2B main_weld 1 1 1 1 219 25.1 10.2 220 26.0 0 0 0
5.630 0x2B main_weld 1 1 1 1 219 25.1 10.2 220 26.0 0 0 0
5.671 0x2B main_weld 1 1 1 1 219 25.1 10.2 220 26.0 0 0 0
5.725 0x2B main_weld 1 1 1 1 219 25.1 10.2 220 26.0 0 0 0
5.756 0x2B main_weld 1 1 1 1 219 25.1 10.2 220 26.0 0 0 0
5.792 0x2B main_weld 1 1 1 1 216 25.1 10.2 220 26.0 0 0 0
5.831 0x2B main_weld 1 1 1 1 216 25.1 10.2 220 26.0 0 0 0
5.869 0x2B main_weld 1 1 1 1 216 25.1 10.2 220 26.0 0 0 0
5.923 0x2B main_weld 1 1 1 1 216 25.1 10.2 220 26.0 0 0 0
5.951 0x2B main_weld 1 1 1 1 217 25.1 10.2 220 26.0 0 0 0
5.990 0x2B main_weld 1 1 1 1 217 25.1 10.2 220 26.0 0 0 0
6.035 0x2B main_weld 1 1 1 1 217 25.1 10.2 220 26.0 0 0 0
6.070 0x2B main_weld 1 1 1 1 217 25.1 10.2 220 26.0 0 0 0
6.117 0x2B main_weld 1 1 1 1 217 25.2 10.2 220 26.0 0 0 0
6.151 0x2B main_weld 1 1 1 1 214 25.2 10.2 220 26.0 0 0 0
6.190 0x2B main_weld 1 1 1 1 214 25.2 10.2 220 26.0 0 0 0
6.230 0x2B main_weld 1 1 1 1 214 25.2 10.2 220 26.0 0 0 0
6.278 0x2B main_weld 1 1 1 1 214 25.0 10.2 220 26.0 0 0 0
6.320 0x2B main_weld 1 1 1 1 229 25.0 10.2 220 26.0 0 0 0
6.353 0x2B main_weld 1 1 1 1 229 25.0 10.2 220 26.0 0 0 0
6.391 0x2B main_weld 1 1 1 1 229 25.0 10.2 220 26.0 0 0 0
6.432 0x2B main_weld 1 1 1 1 229 25.0 10.2 220 26.0 0 0 0
6.473 0x2B main_weld 1 1 1 1 229 25.0 10.2 220 26.0 0 0 0
6.524 0x2B main_weld 1 1 1 1 229 25.0 10.2 220 26.0 0 0 0
6.552 0x2B main_weld 1 1 1 1 229 25.0 10.2 220 26.0 0 0 0
6.609 0x2B main_weld 1 1 1 1 229 25.0 10.2 220 26.0 0 0 0
6.637 0x2B main_weld 1 1 1 1 229 25.1 10.2 220 26.0 0 0 0
6.697 0x2B main_weld 1 1 1 1 217 25.1 10.2 220 26.0 0 0 0
6.728 0x2B main_weld 1 1 1 1 217 25.1 10.2 220 26.0 0 0 0
6.763 0x28 idle 0 1 0 1 217 25.1 10.2 220 26.0 0 0 0
6.792 0x28 idle 0 1 0 1 217 25.1 10.2 220 26.0 0 0 0
6.851 0x28 idle 0 1 0 1 217 25.1 10.2 220 26.0 0 0 0
6.880 0x28 idle 0 1 0 1 216 25.1 10.2 220 26.0 0 0 0
6.911 0x28 idle 0 1 0 1 216 25.1 10.2 220 26.0 0 0 0
6.956 0x28 idle 0 1 0 1 66 25.1 10.2 220 26.0 0 0 0
6.989 0x28 idle 0 1 0 1 66 44.4 10.2 220 26.0 0 0 0
7.033 0x28 idle 0 1 0 1 66 44.4 10.2 220 26.0 0 0 0
7.073 0x28 idle 0 1 0 1 66 44.4 10.2 220 26.0 0 0 0
7.113 0x28 idle 0 1 0 1 0 60.5 10.2 220 26.0 0 0 0
7.158 0x28 idle 0 1 0 1 0 60.5 10.2 220 26.0 0 0 0
7.193 0x28 idle 0 1 0 1 0 60.5 10.2 220 26.0 0 0 0
7.241 0x28 idle 0 1 0 1 0 60.5 10.2 220 26.0 0 0 0
7.275 0x28 idle 0 1 0 1 0 42.1 10.2 220 26.0 0 0 0
7.313 0x28 idle 0 1 0 1 0 42.1 10.2 220 26.0 0 0 0
7.371 0x28 idle 0 1 0 1 0 42.1 10.2 220 26.0 0 0 0
7.393 0x28 idle 0 1 0 1 0 42.1 10.2 220 26.0 0 0 0
7.430 0x28 idle 0 1 0 1 0 42.1 10.2 220 26.0 0 0 0
7.470 0x28 idle 0 1 0 1 0 3.1 10.2 220 26.0 0 0 0
7.513 0x28 idle 0 1 0 1 0 3.1 10.2 220 26.0 0 0 0
7.552 0x28 idle 0 1 0 1 0 3.1 10.2 220 26.0 0 0 0
7.594 0x08 idle 0 1 0 0 0 3.1 0.0 220 26.0 0 0 0
7.629 0x08 idle 0 1 0 0 0 0.0 0.0 220 26.0 0 0 0
7.671 0x08 idle 0 1 0 0 0 0.0 0.0 220 26.0 0 0 0
7.713 0x08 idle 0 1 0 0 0 0.0 0.0 220 26.0 0 0 0
7.750 0x08 idle 0 1 0 0 0 0.0 0.0 220 26.0 0 0 0
7.794 0x08 idle 0 1 0 0 0 0.0 0.0 220 26.0 0 0 0
7.832 0x08 idle 0 1 0 0 0 0.0 0.0 220 26.0 0 0 0
7.872 0x08 idle 0 1 0 0 0 0.0 0.0 220 26.0 0 0 0
7.912 0x08 idle 0 1 0 0 0 0.0 0.0 220 26.0 0 0 0
7.951 0x08 idle 0 1 0 0 0 0.0 0.0 220 26.0 0 0 0
8.001 0x08 idle 0 1 0 0 0 0.0 0.0 220 26.0 0 0 0
8.036 0x08 idle 0 1 0 0 0 0.0 0.0 220 26.0 0 0 0
8.083 0x08 idle 0 1 0 0 0 0.0 0.0 220 26.0 0 0 0
8.112 0x08 idle 0 1 0 0 0 0.0 0.0 220 26.0 0 0 0
8.150 0x08 idle 0 1 0 0 0 0.0 0.0 220 26.0 0 0 0
8.194 0x08 idle 0 1 0 0 0 0.0 0.0 220 26.0 0 0 0
8.230 0x08 idle 0 1 0 0 0 0.0 0.0 220 26.0 0 0 0
8.272 0x08 idle 0 1 0 0 0 0.0 0.0 220 26.0 0 0 0
8.311 0x08 idle 0 1 0 0 0 0.0 0.0 220 26.0 0 0 0
8.352 0x08 idle 0 1 0 0 0 0.0 0.0 220 26.0 0 0 0
8.404 0x08 idle 0 1 0 0 0 0.0 0.0 220 26.0 0 0 0
8.432 0x08 idle 0 1 0 0 0 0.0 0.0 220 26.0 0 0 0
8.470 0x08 idle 0 1 0 0 0 0.0 0.0 220 26.0 0 0 0
8.509 0x08 idle 0 1 0 0 0 0.0 0.0 220 26.0 0 0 0
8.549 0x08 idle 0 1 0 0 0 0.0 0.0 220 26.0 0 0 0
8.590 0x08 idle 0 1 0 0 0 0.0 0.0 220 26.0 0 0 0
8.632 0x08 idle 0 1 0 0 0 0.0 0.0 220 26.0 0 0 0
8.671 0x08 idle 0 1 0 0 0 0.0 0.0 220 26.0 0 0 0
8.712 0x08 idle 0 1 0 0 0 0.0 0.0 220 26.0 0 0 0
8.749 0x08 idle 0 1 0 0 0 0.0 0.0 220 26.0 0 0 0
8.790 0x08 idle 0 1 0 0 0 0.0 0.0 220 26.0 0 0 0
8.830 0x08 idle 0 1 0 0 0 0.0 0.0 220 26.0 0 0 0
8.871 0x08 idle 0 1 0 0 0 0.0 0.0 220 26.0 0 0 0
8.911 0x08 idle 0 1 0 0 0 0.0 0.0 220 26.0 0 0 0
8.949 0x08 idle 0 1 0 0 0 0.0 0.0 220 26.0 0 0 0
8.989 0x08 idle 0 1 0 0 0 0.0 0.0 220 26.0 0 0 0
9.029 0x08 idle 0 1 0 0 0 0.0 0.0 220 26.0 0 0 0
9.069 0x08 idle 0 1 0 0 0 0.0 0.0 220 26.0 0 0 0
9.111 0x08 idle 0 1 0 0 0 0.0 0.0 220 26.0 0 0 0
9.149 0x08 idle 0 1 0 0 0 0.0 0.0 220 26.0 0 0 0
9.193 0x08 idle 0 1 0 0 0 0.0 0.0 220 26.0 0 0 0
9.233 0x08 idle 0 1 0 0 0 0.0 0.0 220 26.0 0 0 0
9.269 0x08 idle 0 1 0 0 0 0.0 0.0 220 26.0 0 0 0
9.309 0x08 idle 0 1 0 0 0 0.0 0.0 220 26.0 0 0 0
9.349 0x08 idle 0 1 0 0 0 0.0 0.0 220 26.0 0 0 0
9.395 0x08 idle 0 1 0 0 0 0.0 0.0 220 26.0 0 0 0
9.434 0x08 idle 0 1 0 0 0 0.0 0.0 220 26.0 0 0 0
9.479 0x08 idle 0 1 0 0 0 0.0 0.0 220 26.0 0 0 0
9.511 0x08 idle 0 1 0 0 0 0.0 0.0 220 26.0 0 0 0
9.554 0x08 idle 0 1 0 0 0 0.0 0.0 220 26.0 0 0 0
9.590 0x08 idle 0 1 0 0 0 0.0 0.0 220 26.0 0 0 0
9.629 0x08 idle 0 1 0 0 0 0.0 0.0 220 26.0 0 0 0
9.670 0x08 idle 0 1 0 0 0 0.0 0.0 220 26.0 0 0 0
9.719 0x08 idle 0 1 0 0 0 0.0 0.0 220 26.0 0 0 0
9.749 0x08 idle 0 1 0 0 0 0.0 0.0 220 26.0 0 0 0
9.789 0x08 idle 0 1 0 0 0 0.0 0.0 220 26.0 0 0 0
9.833 0x08 idle 0 1 0 0 0 0.0 0.0 220 26.0 0 0 0
9.870 0x08 idle 0 1 0 0 0 0.0 0.0 220 26.0 0 0 0
9.909 0x08 idle 0 1 0 0 0 0.0 0.0 220 26.0 0 0 0
9.950 0x00 idle 0 0 0 0 0 0.0 0.0 220 26.0 0 0 0

[tcp_trajectory]
elapsed_s x_m y_m z_m qx qy qz qw speed_m_s tf_stamp_s along_mm remaining_mm cross_track_mm progress waypoint phase
0.0138 0.0909944 -1.6785786 0.6767405 -0.43982032 0.63024518 -0.53164632 -0.35595125 0.000000 1789624628.368297577 0.146 31.032 0.523 0.00000 -1 ACTUAL_TF
0.0397 0.0910006 -1.6787118 0.6766723 -0.43982002 0.63023008 -0.53166877 -0.35594482 0.002693 1789624628.423929214 0.145 31.033 0.412 0.00000 -1 ACTUAL_TF
0.0908 0.0910021 -1.6788239 0.6766282 -0.43980928 0.63022431 -0.53168754 -0.35594028 0.002530 1789624628.479947567 0.141 31.037 0.355 0.00000 -1 ACTUAL_TF
0.1462 0.0909948 -1.6788809 0.6765999 -0.43980588 0.63022147 -0.53169348 -0.35594062 0.002114 1789624628.535955906 0.131 31.047 0.333 0.00000 -1 ACTUAL_TF
0.2013 0.0909825 -1.6789129 0.6765724 -0.43982485 0.63020954 -0.53168400 -0.35595248 0.001716 1789624628.591914892 0.117 31.061 0.314 0.00000 -1 ACTUAL_TF
0.2584 0.0909725 -1.6789315 0.6765555 -0.43983326 0.63020433 -0.53167939 -0.35595819 0.001343 1789624628.649122477 0.106 31.072 0.304 0.00000 -1 ACTUAL_TF
0.3142 0.0909685 -1.6789361 0.6765408 -0.43983388 0.63020539 -0.53167820 -0.35595732 0.001027 1789624628.703865051 0.102 31.076 0.292 0.00000 -1 ACTUAL_TF
0.3695 0.0909647 -1.6789423 0.6765324 -0.43983519 0.63020617 -0.53167652 -0.35595684 0.000779 1789624628.759908915 0.098 31.080 0.287 0.00000 -1 ACTUAL_TF
0.4382 0.0909583 -1.6789454 0.6765242 -0.43983468 0.63020805 -0.53167462 -0.35595698 0.000603 1789624628.815875530 0.091 31.087 0.281 0.00000 -1 ACTUAL_TF
0.4854 0.0909536 -1.6789436 0.6765148 -0.43983765 0.63020878 -0.53167125 -0.35595703 0.000479 1789624628.871893644 0.086 31.091 0.272 0.00000 -1 ACTUAL_TF
0.5433 0.0909523 -1.6789405 0.6765054 -0.43983940 0.63021035 -0.53166858 -0.35595609 0.000389 1789624628.927924156 0.085 31.093 0.262 0.00000 -1 ACTUAL_TF
0.5870 0.0909462 -1.6789350 0.6764947 -0.43984224 0.63021250 -0.53166444 -0.35595496 0.000345 1789624628.983950377 0.079 31.098 0.250 0.00000 -1 ACTUAL_TF
0.6514 0.0909461 -1.6789312 0.6764885 -0.43984525 0.63021321 -0.53166247 -0.35595292 0.000278 1789624629.043881178 0.080 31.098 0.242 0.00000 -1 ACTUAL_TF
0.7094 0.0909378 -1.6789257 0.6764778 -0.43984810 0.63021533 -0.53165699 -0.35595382 0.000279 1789624629.095942736 0.072 31.106 0.230 0.00000 -1 ACTUAL_TF
0.7705 0.0909382 -1.6789264 0.6764746 -0.43984810 0.63021533 -0.53165699 -0.35595382 0.000213 1789624629.152428389 0.072 31.106 0.228 0.00000 -1 ACTUAL_TF
0.8184 0.0909298 -1.6789211 0.6764640 -0.43984959 0.63021835 -0.53165213 -0.35595390 0.000228 1789624629.207909107 0.064 31.114 0.216 0.00000 -1 ACTUAL_TF
0.8736 0.0909281 -1.6789181 0.6764593 -0.43985070 0.63021891 -0.53165065 -0.35595375 0.000190 1789624629.263949394 0.063 31.115 0.210 0.00000 -1 ACTUAL_TF
0.9262 0.0909258 -1.6789113 0.6764487 -0.43985593 0.63021940 -0.53164648 -0.35595266 0.000202 1789624629.319976568 0.061 31.117 0.197 0.00000 -1 ACTUAL_TF
0.9876 0.0909196 -1.6789087 0.6764425 -0.43985652 0.63022176 -0.53164314 -0.35595273 0.000187 1789624629.379384518 0.055 31.123 0.191 0.00000 -1 ACTUAL_TF
1.0428 0.0909163 -1.6789019 0.6764318 -0.43985938 0.63022388 -0.53163899 -0.35595164 0.000206 1789624629.431960583 0.052 31.126 0.178 0.00000 -1 ACTUAL_TF
1.1078 0.0909167 -1.6789028 0.6764286 -0.43985934 0.63022386 -0.53163904 -0.35595165 0.000162 1789624629.488003016 0.052 31.126 0.175 0.00000 -1 ACTUAL_TF
1.1567 0.0909085 -1.6788981 0.6764196 -0.43986151 0.63022496 -0.53163481 -0.35595335 0.000183 1789624629.543904781 0.044 31.134 0.165 0.00000 -1 ACTUAL_TF
1.2310 0.0909067 -1.6788943 0.6764134 -0.43986328 0.63022650 -0.53163213 -0.35595243 0.000169 1789624629.599977732 0.043 31.135 0.158 0.00000 -1 ACTUAL_TF
1.2725 0.0909051 -1.6788914 0.6764089 -0.43986434 0.63022704 -0.53163070 -0.35595229 0.000148 1789624629.655947685 0.041 31.137 0.152 0.00000 -1 ACTUAL_TF
1.3310 0.0909050 -1.6788884 0.6764043 -0.43986660 0.63022682 -0.53162989 -0.35595111 0.000133 1789624629.711942434 0.041 31.137 0.147 0.00000 -1 ACTUAL_TF
1.3879 0.0908984 -1.6788868 0.6763999 -0.43986771 0.63022732 -0.53162712 -0.35595299 0.000136 1789624629.767970562 0.035 31.143 0.142 0.00000 -1 ACTUAL_TF
1.4478 0.0908838 -1.6788593 0.6763877 -0.43987667 0.63023318 -0.53161448 -0.35595043 0.000258 1789624629.829734325 0.022 31.156 0.120 0.00000 -1 ACTUAL_TF
1.4894 0.0907715 -1.6786668 0.6763639 -0.43994558 0.63033096 -0.53144798 -0.35594075 0.001518 1789624629.879981518 -0.080 31.258 0.184 0.00000 -1 ACTUAL_TF
1.5608 0.0910800 -1.6787650 0.6771267 -0.43996593 0.63031912 -0.53142941 -0.35596428 0.005718 1789624629.933380842 0.220 30.958 0.854 0.00000 -1 ACTUAL_TF
1.5946 0.0915514 -1.6789935 0.6780555 -0.43992723 0.63029366 -0.53147506 -0.35598902 0.010327 1789624629.983963490 0.675 30.502 1.796 0.00000 -1 ACTUAL_TF
1.6602 0.0919245 -1.6789952 0.6786867 -0.43996872 0.63030011 -0.53143954 -0.35597938 0.011152 1789624630.040031195 1.046 30.132 2.427 0.00000 -1 ACTUAL_TF
1.7076 0.0921934 -1.6791288 0.6791773 -0.43993676 0.63027719 -0.53148959 -0.35598474 0.010891 1789624630.095963478 1.305 29.873 2.932 0.00000 -1 ACTUAL_TF
1.7756 0.0923269 -1.6791267 0.6793841 -0.43995168 0.63028274 -0.53147416 -0.35597950 0.009055 1789624630.147560835 1.438 29.740 3.138 0.00000 -1 ACTUAL_TF
1.8090 0.0924297 -1.6791536 0.6795585 -0.43994851 0.63028279 -0.53147753 -0.35597830 0.007507 1789624630.200004816 1.539 29.639 3.316 0.00000 -1 ACTUAL_TF
1.8715 0.0925134 -1.6791570 0.6796239 -0.43994864 0.63028368 -0.53147576 -0.35597920 0.005824 1789624630.256000757 1.622 29.556 3.382 0.00000 -1 ACTUAL_TF
1.9217 0.0928160 -1.6792708 0.6796927 -0.43989100 0.63025682 -0.53154621 -0.35599279 0.005846 1789624630.312062979 1.918 29.260 3.469 0.00000 -1 ACTUAL_TF
1.9766 0.0932737 -1.6793921 0.6795053 -0.43984256 0.63021671 -0.53163110 -0.35599691 0.006824 1789624630.367981195 2.369 28.809 3.314 0.00000 -1 ACTUAL_TF
2.0479 0.0937200 -1.6791360 0.6784208 -0.43992485 0.63024032 -0.53153562 -0.35599600 0.010754 1789624630.428229332 2.832 28.346 2.206 0.00000 -1 ACTUAL_TF
2.0931 0.0941256 -1.6789053 0.6773097 -0.43996598 0.63023707 -0.53148427 -0.35602759 0.014513 1789624630.479986668 3.253 27.925 1.078 0.00000 -1 ACTUAL_TF
2.1484 0.0947776 -1.6785848 0.6758214 -0.44000738 0.63023979 -0.53146165 -0.35600537 0.019032 1789624630.535985947 3.927 27.251 0.440 0.00000 -1 ACTUAL_TF
2.2069 0.0954161 -1.6783205 0.6745460 -0.44002884 0.63023420 -0.53146531 -0.35598327 0.021091 1789624630.592005014 4.583 26.595 1.732 0.00000 -1 ACTUAL_TF
2.2592 0.0957790 -1.6781672 0.6738381 -0.44002933 0.63023575 -0.53146641 -0.35597829 0.019106 1789624630.647963524 4.956 26.222 2.450 0.00000 -1 ACTUAL_TF
2.3182 0.0961526 -1.6780341 0.6731032 -0.44001001 0.63023650 -0.53147642 -0.35598589 0.017847 1789624630.703972340 5.339 25.839 3.193 0.00000 -1 ACTUAL_TF
2.3751 0.0963073 -1.6779849 0.6728350 -0.43999671 0.63023879 -0.53148482 -0.35598573 0.014171 1789624630.760052681 5.497 25.681 3.463 0.00000 -1 ACTUAL_TF
2.4255 0.0964410 -1.6779473 0.6726317 -0.43999268 0.63023432 -0.53149663 -0.35598101 0.011231 1789624630.816347599 5.633 25.545 3.668 0.00000 -1 ACTUAL_TF
2.4791 0.0965075 -1.6779241 0.6725377 -0.43998889 0.63023390 -0.53150252 -0.35597763 0.008539 1789624630.868364573 5.701 25.477 3.764 0.00000 -1 ACTUAL_TF
2.5461 0.0965711 -1.6779023 0.6725201 -0.43997862 0.63023610 -0.53150289 -0.35598589 0.006381 1789624630.920013666 5.765 25.412 3.784 0.00000 -1 ACTUAL_TF
2.5876 0.0966842 -1.6778030 0.6725230 -0.43998185 0.63024431 -0.53148576 -0.35599293 0.005305 1789624630.973879576 5.884 25.294 3.797 0.00000 -1 ACTUAL_TF
2.6382 0.0969746 -1.6777351 0.6728675 -0.43996046 0.63028688 -0.53147303 -0.35596300 0.006441 1789624631.024002075 6.176 25.002 3.469 0.00000 -1 ACTUAL_TF
2.6923 0.0975800 -1.6780008 0.6741047 -0.43988177 0.63025363 -0.53157493 -0.35596697 0.011406 1789624631.085019827 6.762 24.416 2.195 0.00000 -1 ACTUAL_TF
2.7472 0.0980320 -1.6781476 0.6751892 -0.43986886 0.63026922 -0.53156202 -0.35597459 0.014951 1789624631.136001587 7.202 23.976 1.099 0.00000 -1 ACTUAL_TF
2.8115 0.0987337 -1.6783681 0.6766050 -0.43985489 0.63028167 -0.53157959 -0.35594357 0.019532 1789624631.188795090 7.886 23.292 0.359 0.00000 -1 ACTUAL_TF
2.8480 0.0993237 -1.6785143 0.6776498 -0.43987368 0.63026336 -0.53159304 -0.35593269 0.020759 1789624631.239970207 8.464 22.714 1.412 0.00000 -1 ACTUAL_TF
2.9234 0.0997498 -1.6786593 0.6784894 -0.43986227 0.63025733 -0.53160892 -0.35593375 0.019618 1789624631.296149015 8.878 22.300 2.268 0.00000 -1 ACTUAL_TF
2.9580 0.1000655 -1.6787169 0.6790698 -0.43987995 0.63027646 -0.53157280 -0.35593197 0.017302 1789624631.351897717 9.188 21.989 2.854 0.00000 -1 ACTUAL_TF
3.0215 0.1002503 -1.6787634 0.6794059 -0.43988565 0.63026943 -0.53157474 -0.35593448 0.014175 1789624631.408063412 9.369 21.808 3.195 0.00000 -1 ACTUAL_TF
3.0727 0.1003799 -1.6787821 0.6796068 -0.43989671 0.63027118 -0.53156694 -0.35592936 0.011200 1789624631.464344978 9.497 21.681 3.398 0.00000 -1 ACTUAL_TF
3.1281 0.1004517 -1.6787927 0.6797215 -0.43989896 0.63027005 -0.53156604 -0.35592992 0.008540 1789624631.522579193 9.568 21.610 3.514 0.00000 -1 ACTUAL_TF
3.1835 0.1005569 -1.6787836 0.6797336 -0.43990126 0.63026545 -0.53156873 -0.35593123 0.006576 1789624631.575909138 9.673 21.505 3.526 0.00000 -1 ACTUAL_TF
3.2399 0.1009414 -1.6789618 0.6797958 -0.43981291 0.63022833 -0.53167253 -0.35595108 0.006885 1789624631.632224321 10.047 21.130 3.621 0.00000 -1 ACTUAL_TF
3.2975 0.1013918 -1.6789712 0.6793477 -0.43979658 0.63021257 -0.53170113 -0.35595646 0.008229 1789624631.688135862 10.498 20.680 3.191 0.00000 -1 ACTUAL_TF
3.3560 0.1018820 -1.6786110 0.6779437 -0.43992725 0.63023025 -0.53157860 -0.35594668 0.013999 1789624631.743851662 11.012 20.166 1.750 0.00000 -1 ACTUAL_TF
3.4114 0.1023076 -1.6783942 0.6768364 -0.43993037 0.63022987 -0.53155798 -0.35597429 0.016238 1789624631.800035715 11.452 19.726 0.631 0.00000 -1 ACTUAL_TF
3.4661 0.1028840 -1.6780759 0.6753837 -0.43995278 0.63024225 -0.53152332 -0.35597643 0.019924 1789624631.855955124 12.050 19.128 0.855 0.00000 -1 ACTUAL_TF
3.5212 0.1033985 -1.6778350 0.6743461 -0.43998052 0.63023658 -0.53152220 -0.35595386 0.020298 1789624631.911828995 12.580 18.598 1.911 0.00000 -1 ACTUAL_TF
3.5764 0.1038811 -1.6777171 0.6735991 -0.43995657 0.63021701 -0.53156280 -0.35595748 0.019012 1789624631.967857361 13.071 18.107 2.661 0.00000 -1 ACTUAL_TF
3.6313 0.1041288 -1.6776288 0.6730695 -0.43994725 0.63021558 -0.53156739 -0.35596466 0.016477 1789624632.023838282 13.325 17.853 3.195 0.00000 -1 ACTUAL_TF
3.6929 0.1042553 -1.6775848 0.6728156 -0.43993546 0.63021850 -0.53157239 -0.35596660 0.013071 1789624632.079871893 13.455 17.723 3.451 0.00000 -1 ACTUAL_TF
3.7630 0.1043615 -1.6775549 0.6726571 -0.43992787 0.63021406 -0.53158507 -0.35596492 0.010129 1789624632.139041662 13.563 17.615 3.611 0.00000 -1 ACTUAL_TF
3.7969 0.1043926 -1.6775307 0.6725800 -0.43992219 0.63021772 -0.53158087 -0.35597172 0.007582 1789624632.191870928 13.595 17.582 3.691 0.00000 -1 ACTUAL_TF
3.8947 0.1045217 -1.6774789 0.6725851 -0.43991268 0.63021936 -0.53158233 -0.35597840 0.006053 1789624632.247898579 13.727 17.451 3.692 0.00000 -1 ACTUAL_TF
3.9194 0.1047371 -1.6773499 0.6727298 -0.43992076 0.63023273 -0.53156873 -0.35596504 0.005791 1789624632.303837299 13.949 17.229 3.571 0.00000 -1 ACTUAL_TF
3.9766 0.1052616 -1.6775131 0.6736907 -0.43985379 0.63025012 -0.53162287 -0.35593618 0.009976 1789624632.359907627 14.460 16.718 2.589 0.00000 -1 ACTUAL_TF
4.0238 0.1057086 -1.6776811 0.6747196 -0.43983126 0.63026803 -0.53161863 -0.35593862 0.013063 1789624632.415873051 14.894 16.284 1.541 0.00000 -1 ACTUAL_TF
4.0790 0.1063999 -1.6779022 0.6762310 -0.43982968 0.63024724 -0.53164832 -0.35593304 0.018136 1789624632.471811771 15.567 15.611 0.080 0.00000 -1 ACTUAL_TF
4.1333 0.1071007 -1.6781225 0.6775965 -0.43982133 0.63023428 -0.53167645 -0.35592430 0.020994 1789624632.527863503 16.250 14.927 1.389 0.00000 -1 ACTUAL_TF
4.2015 0.1075137 -1.6782372 0.6783773 -0.43981312 0.63024638 -0.53166407 -0.35593151 0.019501 1789624632.583479166 16.654 14.524 2.183 0.00000 -1 ACTUAL_TF
4.2508 0.1078377 -1.6783250 0.6790557 -0.43981720 0.63024525 -0.53165270 -0.35594545 0.017680 1789624632.639827490 16.971 14.207 2.870 0.00000 -1 ACTUAL_TF
4.3070 0.1080241 -1.6783636 0.6793835 -0.43983262 0.63024853 -0.53163964 -0.35594010 0.014400 1789624632.696006775 17.153 14.024 3.202 0.00000 -1 ACTUAL_TF
4.3597 0.1081651 -1.6783739 0.6796131 -0.43984992 0.63025268 -0.53162650 -0.35593100 0.011525 1789624632.752002716 17.293 13.885 3.432 0.00000 -1 ACTUAL_TF
4.4216 0.1082351 -1.6783913 0.6797333 -0.43985554 0.63025612 -0.53161897 -0.35592920 0.008819 1789624632.807977438 17.361 13.816 3.555 0.00000 -1 ACTUAL_TF
4.4814 0.1083227 -1.6783772 0.6797614 -0.43985902 0.63025981 -0.53161058 -0.35593089 0.006672 1789624632.863990068 17.450 13.728 3.581 0.00000 -1 ACTUAL_TF
4.5326 0.1086083 -1.6785042 0.6798314 -0.43979427 0.63023185 -0.53168762 -0.35594535 0.006392 1789624632.919795752 17.728 13.450 3.674 0.00000 -1 ACTUAL_TF
4.5864 0.1091599 -1.6785847 0.6795112 -0.43974965 0.63019602 -0.53176471 -0.35594876 0.007909 1789624632.975949287 18.275 12.903 3.384 0.00000 -1 ACTUAL_TF
4.6387 0.1096085 -1.6782800 0.6782859 -0.43986362 0.63021945 -0.53165207 -0.35593471 0.012713 1789624633.031963825 18.744 12.434 2.128 0.00000 -1 ACTUAL_TF
4.6979 0.1100780 -1.6780505 0.6770785 -0.43991259 0.63020442 -0.53161568 -0.35595516 0.015947 1789624633.087965250 19.229 11.949 0.910 0.00000 -1 ACTUAL_TF
4.7692 0.1106328 -1.6777224 0.6756065 -0.43990925 0.63022450 -0.53158300 -0.35597252 0.019777 1789624633.143924475 19.806 11.372 0.601 0.00000 -1 ACTUAL_TF
4.8128 0.1112001 -1.6774988 0.6745399 -0.43993710 0.63020806 -0.53159537 -0.35594875 0.020402 1789624633.200131178 20.388 10.790 1.680 0.00000 -1 ACTUAL_TF
4.8784 0.1116343 -1.6772640 0.6736317 -0.43995066 0.63021493 -0.53157841 -0.35594516 0.019827 1789624633.256047249 20.837 10.341 2.608 0.00000 -1 ACTUAL_TF
4.9361 0.1119016 -1.6772027 0.6731339 -0.43992173 0.63021733 -0.53159391 -0.35595353 0.016738 1789624633.315697670 21.109 10.069 3.106 0.00000 -1 ACTUAL_TF
4.9767 0.1120364 -1.6771752 0.6728622 -0.43990431 0.63021894 -0.53160134 -0.35596110 0.013464 1789624633.367963791 21.246 9.932 3.377 0.00000 -1 ACTUAL_TF
5.0274 0.1121290 -1.6771432 0.6726865 -0.43990083 0.63021576 -0.53160790 -0.35596123 0.010623 1789624633.418320656 21.341 9.837 3.555 0.00000 -1 ACTUAL_TF
5.0848 0.1121809 -1.6771171 0.6725816 -0.43989740 0.63021621 -0.53160874 -0.35596343 0.008106 1789624633.472039938 21.395 9.783 3.662 0.00000 -1 ACTUAL_TF
5.1659 0.1122858 -1.6770873 0.6725793 -0.43989037 0.63021375 -0.53161568 -0.35596609 0.006222 1789624633.531771898 21.501 9.677 3.667 0.00000 -1 ACTUAL_TF
5.1897 0.1124046 -1.6769781 0.6726204 -0.43988520 0.63022833 -0.53159526 -0.35597717 0.005313 1789624633.583945751 21.625 9.552 3.644 0.00000 -1 ACTUAL_TF
5.2495 0.1128517 -1.6770182 0.6732942 -0.43982031 0.63024836 -0.53164650 -0.35594536 0.008031 1789624633.640270233 22.067 9.110 2.969 0.00000 -1 ACTUAL_TF
5.3120 0.1134520 -1.6772272 0.6745210 -0.43979874 0.63024099 -0.53168598 -0.35592609 0.013069 1789624633.695936203 22.651 8.527 1.717 0.00000 -1 ACTUAL_TF
5.3561 0.1139755 -1.6773978 0.6757113 -0.43981243 0.63025355 -0.53166485 -0.35591850 0.016174 1789624633.751934052 23.161 8.017 0.514 0.00000 -1 ACTUAL_TF
5.4133 0.1146198 -1.6776169 0.6770799 -0.43979991 0.63027584 -0.53164881 -0.35591847 0.019519 1789624633.807867527 23.788 7.390 0.890 0.00000 -1 ACTUAL_TF
5.4703 0.1151949 -1.6777703 0.6780895 -0.43979993 0.63025014 -0.53168949 -0.35590316 0.019936 1789624633.863921881 24.350 6.828 1.916 0.00000 -1 ACTUAL_TF
5.5260 0.1155976 -1.6778482 0.6788408 -0.43982183 0.63024774 -0.53166780 -0.35591276 0.018501 1789624633.920412302 24.745 6.432 2.676 0.00000 -1 ACTUAL_TF
5.5825 0.1158067 -1.6779313 0.6792481 -0.43981287 0.63024809 -0.53166860 -0.35592202 0.015467 1789624633.975893974 24.948 6.229 3.093 0.00000 -1 ACTUAL_TF
5.6397 0.1159591 -1.6779478 0.6795198 -0.43982872 0.63025045 -0.53165329 -0.35592114 0.012497 1789624634.031953573 25.099 6.079 3.366 0.00000 -1 ACTUAL_TF
5.6982 0.1160483 -1.6779760 0.6796932 -0.43983180 0.63024846 -0.53165100 -0.35592427 0.009795 1789624634.088365555 25.186 5.992 3.542 0.00000 -1 ACTUAL_TF
5.7653 0.1161003 -1.6779760 0.6797519 -0.43983141 0.63025087 -0.53164461 -0.35593001 0.007280 1789624634.143967152 25.237 5.940 3.601 0.00000 -1 ACTUAL_TF
5.8052 0.1163462 -1.6780538 0.6798002 -0.43978626 0.63023393 -0.53169529 -0.35594010 0.006503 1789624634.199893713 25.479 5.699 3.664 0.00000 -1 ACTUAL_TF
5.8642 0.1168007 -1.6781345 0.6796662 -0.43974561 0.63019524 -0.53177737 -0.35593621 0.007129 1789624634.255854130 25.929 5.249 3.553 0.00000 -1 ACTUAL_TF
5.9263 0.1172490 -1.6778911 0.6786525 -0.43982091 0.63021822 -0.53169150 -0.35593076 0.011058 1789624634.311959982 26.393 4.785 2.517 0.00000 -1 ACTUAL_TF
5.9817 0.1176265 -1.6776962 0.6775235 -0.43986238 0.63023352 -0.53162243 -0.35595560 0.014219 1789624634.367820740 26.784 4.394 1.378 0.00000 -1 ACTUAL_TF
6.0375 0.1182296 -1.6774200 0.6760727 -0.43988642 0.63022764 -0.53161348 -0.35594966 0.018492 1789624634.423866272 27.406 3.772 0.134 0.00000 -1 ACTUAL_TF
6.0978 0.1187634 -1.6771391 0.6748787 -0.43992008 0.63022964 -0.53159125 -0.35593774 0.020050 1789624634.480343103 27.958 3.219 1.312 0.00000 -1 ACTUAL_TF
6.1446 0.1192903 -1.6769611 0.6738947 -0.43988673 0.63022850 -0.53161437 -0.35594644 0.020133 1789624634.535953999 28.498 2.680 2.305 0.00000 -1 ACTUAL_TF
6.2107 0.1196205 -1.6768220 0.6732853 -0.43991103 0.63022004 -0.53161527 -0.35593003 0.017879 1789624634.591975212 28.837 2.341 2.925 0.00000 -1 ACTUAL_TF
6.2582 0.1198107 -1.6767291 0.6728919 -0.43990177 0.63022414 -0.53161574 -0.35593352 0.014909 1789624634.647962332 29.033 2.145 3.325 0.00000 -1 ACTUAL_TF
6.3247 0.1199405 -1.6767107 0.6726900 -0.43988550 0.63022023 -0.53163136 -0.35593721 0.011725 1789624634.704006195 29.164 2.013 3.526 0.00000 -1 ACTUAL_TF
6.3736 0.1199892 -1.6766715 0.6725539 -0.43988644 0.63022569 -0.53162453 -0.35593660 0.009010 1789624634.759974241 29.216 1.962 3.666 0.00000 -1 ACTUAL_TF
6.4276 0.1201157 -1.6766275 0.6725453 -0.43987364 0.63022710 -0.53162814 -0.35594452 0.007026 1789624634.815985203 29.344 1.833 3.680 0.00000 -1 ACTUAL_TF
6.4960 0.1203319 -1.6765150 0.6727863 -0.43984841 0.63025791 -0.53161252 -0.35594448 0.006756 1789624634.871949434 29.566 1.612 3.461 0.00000 -1 ACTUAL_TF
6.5324 0.1209251 -1.6767162 0.6738239 -0.43978857 0.63024745 -0.53168185 -0.35593338 0.011220 1789624634.927968740 30.143 1.034 2.396 0.00000 -1 ACTUAL_TF
6.6222 0.1213442 -1.6768701 0.6746273 -0.43977477 0.63022421 -0.53172545 -0.35592644 0.012775 1789624634.984000921 30.551 0.627 1.572 0.00000 -1 ACTUAL_TF
