WELD FEEDBACK LOG
result=completed
started=2026-09-17 14:03:46
ended=2026-09-17 14:03:56
elapsed_seconds=10.066

================ OPERATOR OVERVIEW ================
REQUESTED : 220 A / 26.0 V · FE-SOLID 1.2 mm · LSM · CO2 100%
RX ECHO   : 220 A / 26.0 V · MATCH=YES
CURRENT FB: no positive feedback A
VOLTAGE FB: no positive feedback V
WIRE FEED : no positive feedback m/min
ARC ON    : 0.000 s
NET WELD  : 0.000 s
WIRE USED : 0.000 mm (base 0.000 + alpha 0.000)
WEAVE     : OFF
WCR       : NOT DETECTED
SAMPLES   : RX 252 / welding 0 / TCP 180
===================================================

[commanded]
current_a=220
voltage_tenths=260
voltage=26.0
material=FE-SOLID
diameter_mm=1.2
mode=LSM
gas=CO2 100%
synergic=False
correction=0.0
hot_start_enabled=True
hot_start_percent=5.0
hot_start_hold_adjustment=1
crater_enabled=False
crater_percent=27.27272727272727
crater_current_a=60.0
crater_voltage_v=25.0
crater_seconds=1.0
wire_consumable_alpha_mm=0.0
hot_start_current_a=231

[rx_setting_echo]
current_a=220
voltage_v=26.0
hot_start_current_a=0
hot_start_hold_adjustment=-15

[rx_welding_setting_echo]

[execution_conditions]
mode=sequence_execute
run_all=True
touch_io_backend=fastech_ethernet
touch_input_port=4
touch_sensing_output_port=0
fastech_ip=192.168.0.3
fastech_poll_target_hz=100.0
hicomm_source_ip=192.168.1.2
hicomm_welder_ip=192.168.1.10
hicomm_port=60000
gui_velocity_percent=36.95263157894737
gui_speed_mode=scale
gui_tcp_speed_mm_s=10.0
gui_interpolation_step_mm=5.0
seam_orientation_mode=Wait poses + fixed World-XYZ tilt
weld_fixed_tilt_x_deg=0.0
weld_fixed_tilt_y_deg=0.0
weld_fixed_tilt_z_deg=-0.0
weld_weave_enabled=False
weld_weave_pattern=sine
weld_weave_pitch_mm=8.0
weld_weave_left_dwell_s=0.2
weld_weave_right_dwell_s=0.2
weld_weave_amplitude_mm=4.0
weld_weave_cycles=0
weld_weave_actual_pitch_mm=0.0
weld_weave_amplitude_definition=centerline +/- A mm; full width = 2A
weld_weave_samples_per_cycle=12
weld_weave_axis=tool_x
weld_lead_in_mm=0.0
weld_lead_out_mm=0.0
weld_safe_approach_mm=30.0
weld_approach_mode=taught_wait
weld_pre_start_lead_mm=0.0
weld_tcp_speed_mm_s=6.0
weld_arc_off_delay_ms=0.0
tcp_tracking.parent_frame=World
tcp_tracking.child_frame=right_manipulator_ee_point
tcp_tracking.timestamp_source=TF_header_stamp
initial_fastech_di0=False
initial_fastech_do0=True
robot_connected.left=True
robot_connected.right=True
robot_connected.head=True
hicomm_connected=True
execution_allowed=True
steps[0].sequence_number=1
steps[0].type=named_pose
steps[0].parallel_slot=1
steps[0].duration=0.0
steps[0].planning_group=right_manipulator
steps[0].velocity_scale=0.3695263157894737
steps[0].tcp_speed_m_s=0.0
steps[0].pose_name=weld_start_wait
steps[0].pose_label=3 · Weld start wait pose
steps[0].touch_guard=False
steps[0].continue_after_touch=False
steps[0].weld_scenario_id=weld-83583562050557
steps[0].weld_scenario_stage=start_wait
steps[0].target_tcp.position_m.x=-0.019758439590067983
steps[0].target_tcp.position_m.y=-1.682099472193571
steps[0].target_tcp.position_m.z=0.6780509572223705
steps[0].target_tcp.orientation_xyzw.x=-0.43571337465481513
steps[0].target_tcp.orientation_xyzw.y=0.6334892586568713
steps[0].target_tcp.orientation_xyzw.z=-0.5283124931240927
steps[0].target_tcp.orientation_xyzw.w=-0.36018207051751716
steps[0].joint_names[0]=right_manipulator_joint1
steps[0].joint_names[1]=right_manipulator_joint2
steps[0].joint_names[2]=right_manipulator_joint3
steps[0].joint_names[3]=right_manipulator_joint4
steps[0].joint_names[4]=right_manipulator_joint5
steps[0].joint_names[5]=right_manipulator_joint6
steps[0].joint_positions_rad[0]=5.108273735379367
steps[0].joint_positions_rad[1]=1.325621455784458
steps[0].joint_positions_rad[2]=1.8904680692942308
steps[0].joint_positions_rad[3]=3.5291089574911143
steps[0].joint_positions_rad[4]=1.4563742763499146
steps[0].joint_positions_rad[5]=1.4457313525275766
steps[1].sequence_number=2
steps[1].type=motion
steps[1].parallel_slot=2
steps[1].duration=0.0
steps[1].planning_group=right_manipulator
steps[1].velocity_scale=0.3695263157894737
steps[1].tcp_speed_m_s=0.0
steps[1].interpolation_step=0.005
steps[1].path_kind=taught_wait_align_weld_attitude
steps[1].touch_guard=False
steps[1].continue_after_touch=False
steps[1].accept_initial_touch=False
steps[1].weld_scenario_id=weld-83583562050557
steps[1].weld_scenario_stage=start_safe
steps[1].waypoint_count=1
steps[1].waypoints[0].position_m.x=-0.019758439590067983
steps[1].waypoints[0].position_m.y=-1.682099472193571
steps[1].waypoints[0].position_m.z=0.6780509572223705
steps[1].waypoints[0].orientation_xyzw.x=-0.4379488368445567
steps[1].waypoints[0].orientation_xyzw.y=0.6319458853360941
steps[1].waypoints[0].orientation_xyzw.z=-0.5295817554090476
steps[1].waypoints[0].orientation_xyzw.w=-0.35831324096543227
steps[2].sequence_number=3
steps[2].type=motion
steps[2].parallel_slot=3
steps[2].duration=0.0
steps[2].planning_group=right_manipulator
steps[2].velocity_scale=0.3695263157894737
steps[2].tcp_speed_m_s=0.0
steps[2].interpolation_step=0.005
steps[2].path_kind=taught_wait_to_weld_start
steps[2].touch_guard=False
steps[2].continue_after_touch=True
steps[2].accept_initial_touch=False
steps[2].weld_scenario_id=weld-83583562050557
steps[2].weld_scenario_stage=start_contact
steps[2].waypoint_count=1
steps[2].waypoints[0].position_m.x=-0.019571800164413976
steps[2].waypoints[0].position_m.y=-1.6829697845269225
steps[2].waypoints[0].position_m.z=0.675897882151232
steps[2].waypoints[0].orientation_xyzw.x=-0.4379488368445567
steps[2].waypoints[0].orientation_xyzw.y=0.6319458853360941
steps[2].waypoints[0].orientation_xyzw.z=-0.5295817554090476
steps[2].waypoints[0].orientation_xyzw.w=-0.35831324096543227
steps[3].sequence_number=4
steps[3].type=digital_weld
steps[3].parallel_slot=5
steps[3].duration=0.0
steps[3].command=on
steps[3].weld_scenario_id=weld-83583562050557
steps[3].weld_scenario_stage=arc_on
steps[3].settings.current_a=220
steps[3].settings.voltage_tenths=260
steps[3].settings.voltage=26.0
steps[3].settings.material=FE-SOLID
steps[3].settings.diameter_mm=1.2
steps[3].settings.mode=LSM
steps[3].settings.gas=CO2 100%
steps[3].settings.synergic=False
steps[3].settings.correction=0.0
steps[3].settings.hot_start_enabled=True
steps[3].settings.hot_start_percent=5.0
steps[3].settings.hot_start_hold_adjustment=1
steps[3].settings.crater_enabled=False
steps[3].settings.crater_percent=27.27272727272727
steps[3].settings.crater_current_a=60.0
steps[3].settings.crater_voltage_v=25.0
steps[3].settings.crater_seconds=1.0
steps[3].settings.wire_consumable_alpha_mm=0.0
steps[3].settings.hot_start_current_a=231
steps[4].sequence_number=5
steps[4].type=motion
steps[4].parallel_slot=5
steps[4].duration=0.0
steps[4].planning_group=right_manipulator
steps[4].velocity_scale=0.3695263157894737
steps[4].tcp_speed_m_s=0.006
steps[4].interpolation_step=0.005
steps[4].path_kind=continuous_sensed_start_to_sensed_goal_weld_fastech_di0_ignored
steps[4].touch_guard=False
steps[4].weld_scenario_id=weld-83583562050557
steps[4].weld_scenario_stage=weld_motion
steps[4].lead_in_mm=0.0
steps[4].lead_out_mm=0.0
steps[4].linear_motion_profile=True
steps[4].weld_weave_enabled=False
steps[4].weld_weave_pattern=sine
steps[4].weld_weave_amplitude_mm=4.0
steps[4].weld_weave_pitch_mm=8.0
steps[4].weld_weave_cycles=0
steps[4].weld_weave_actual_pitch_mm=0.0
steps[4].weld_weave_left_dwell_s=0.2
steps[4].weld_weave_right_dwell_s=0.2
steps[4].weld_weave_axis=tool_x
steps[4].waypoint_count=2
steps[4].waypoints[0].position_m.x=-0.019571800164413976
steps[4].waypoints[0].position_m.y=-1.6829697845269225
steps[4].waypoints[0].position_m.z=0.675897882151232
steps[4].waypoints[0].orientation_xyzw.x=-0.4379488368445567
steps[4].waypoints[0].orientation_xyzw.y=0.6319458853360941
steps[4].waypoints[0].orientation_xyzw.z=-0.5295817554090476
steps[4].waypoints[0].orientation_xyzw.w=-0.35831324096543227
steps[4].waypoints[1].position_m.x=0.033759705769997594
steps[4].waypoints[1].position_m.y=-1.681033921117997
steps[4].waypoints[1].position_m.z=0.6797384151392517
steps[4].waypoints[1].orientation_xyzw.x=-0.4379259086595896
steps[4].waypoints[1].orientation_xyzw.y=0.6319426030950379
steps[4].waypoints[1].orientation_xyzw.z=-0.529601601138938
steps[4].waypoints[1].orientation_xyzw.w=-0.3583177207300994
steps[4].lead_start.position_m.x=-0.019571800164413976
steps[4].lead_start.position_m.y=-1.6829697845269225
steps[4].lead_start.position_m.z=0.675897882151232
steps[4].lead_start.orientation_xyzw.x=-0.4379488368445567
steps[4].lead_start.orientation_xyzw.y=0.6319458853360941
steps[4].lead_start.orientation_xyzw.z=-0.5295817554090476
steps[4].lead_start.orientation_xyzw.w=-0.35831324096543227
steps[4].usable_seam_start.position_m.x=-0.019571800164413976
steps[4].usable_seam_start.position_m.y=-1.6829697845269225
steps[4].usable_seam_start.position_m.z=0.675897882151232
steps[4].usable_seam_start.orientation_xyzw.x=-0.4379488368445567
steps[4].usable_seam_start.orientation_xyzw.y=0.6319458853360941
steps[4].usable_seam_start.orientation_xyzw.z=-0.5295817554090476
steps[4].usable_seam_start.orientation_xyzw.w=-0.35831324096543227
steps[4].usable_seam_goal.position_m.x=0.033759705769997594
steps[4].usable_seam_goal.position_m.y=-1.681033921117997
steps[4].usable_seam_goal.position_m.z=0.6797384151392517
steps[4].usable_seam_goal.orientation_xyzw.x=-0.4379259086595896
steps[4].usable_seam_goal.orientation_xyzw.y=0.6319426030950379
steps[4].usable_seam_goal.orientation_xyzw.z=-0.529601601138938
steps[4].usable_seam_goal.orientation_xyzw.w=-0.3583177207300994
steps[4].lead_end.position_m.x=0.033759705769997594
steps[4].lead_end.position_m.y=-1.681033921117997
steps[4].lead_end.position_m.z=0.6797384151392517
steps[4].lead_end.orientation_xyzw.x=-0.4379259086595896
steps[4].lead_end.orientation_xyzw.y=0.6319426030950379
steps[4].lead_end.orientation_xyzw.z=-0.529601601138938
steps[4].lead_end.orientation_xyzw.w=-0.3583177207300994
steps[5].sequence_number=6
steps[5].type=digital_weld
steps[5].parallel_slot=5
steps[5].duration=0.0
steps[5].velocity_scale=0.3695263157894737
steps[5].tcp_speed_m_s=0.006
steps[5].command=off
steps[5].weld_scenario_id=weld-83583562050557
steps[5].weld_scenario_stage=arc_off
steps[5].path_to_seam_speed_factor=1.0
steps[5].trigger_before_goal=True
steps[5].arc_off_delay_s=0.0
steps[5].settings.current_a=220
steps[5].settings.voltage_tenths=260
steps[5].settings.voltage=26.0
steps[5].settings.material=FE-SOLID
steps[5].settings.diameter_mm=1.2
steps[5].settings.mode=LSM
steps[5].settings.gas=CO2 100%
steps[5].settings.synergic=False
steps[5].settings.correction=0.0
steps[5].settings.hot_start_enabled=True
steps[5].settings.hot_start_percent=5.0
steps[5].settings.hot_start_hold_adjustment=1
steps[5].settings.crater_enabled=False
steps[5].settings.crater_percent=27.27272727272727
steps[5].settings.crater_current_a=60.0
steps[5].settings.crater_voltage_v=25.0
steps[5].settings.crater_seconds=1.0
steps[5].settings.wire_consumable_alpha_mm=0.0
steps[5].settings.hot_start_current_a=231
steps[6].sequence_number=7
steps[6].type=motion
steps[6].parallel_slot=6
steps[6].duration=0.0
steps[6].planning_group=right_manipulator
steps[6].velocity_scale=0.3695263157894737
steps[6].tcp_speed_m_s=0.0
steps[6].interpolation_step=0.005
steps[6].path_kind=weld_end_to_taught_wait_fixed_attitude
steps[6].pose_name=weld_goal_wait
steps[6].pose_label=5 · Weld goal wait pose
steps[6].touch_guard=False
steps[6].continue_after_touch=False
steps[6].weld_scenario_id=weld-83583562050557
steps[6].weld_scenario_stage=goal_wait
steps[6].waypoint_count=1
steps[6].waypoints[0].position_m.x=0.03372981229895555
steps[6].waypoints[0].position_m.y=-1.6805362859592525
steps[6].waypoints[0].position_m.z=0.6799026918517388
steps[6].waypoints[0].orientation_xyzw.x=-0.4379259086595896
steps[6].waypoints[0].orientation_xyzw.y=0.6319426030950379
steps[6].waypoints[0].orientation_xyzw.z=-0.529601601138938
steps[6].waypoints[0].orientation_xyzw.w=-0.3583177207300994
steps[7].sequence_number=8
steps[7].type=named_pose
steps[7].parallel_slot=7
steps[7].duration=0.0
steps[7].planning_group=right_manipulator
steps[7].velocity_scale=0.3695263157894737
steps[7].tcp_speed_m_s=0.0
steps[7].pose_name=weld_finish
steps[7].pose_label=7 · Weld end pose
steps[7].touch_guard=False
steps[7].continue_after_touch=False
steps[7].weld_scenario_id=weld-83583562050557
steps[7].weld_scenario_stage=finish
steps[7].target_tcp.position_m.x=0.03374943314549039
steps[7].target_tcp.position_m.y=-1.6540034193254145
steps[7].target_tcp.position_m.z=0.715025635008381
steps[7].target_tcp.orientation_xyzw.x=-0.43566855184384345
steps[7].target_tcp.orientation_xyzw.y=0.6334744147875092
steps[7].target_tcp.orientation_xyzw.z=-0.5283694748098694
steps[7].target_tcp.orientation_xyzw.w=-0.3601788123044635
steps[7].joint_names[0]=right_manipulator_joint1
steps[7].joint_names[1]=right_manipulator_joint2
steps[7].joint_names[2]=right_manipulator_joint3
steps[7].joint_names[3]=right_manipulator_joint4
steps[7].joint_names[4]=right_manipulator_joint5
steps[7].joint_names[5]=right_manipulator_joint6
steps[7].joint_positions_rad[0]=5.1848284314425666
steps[7].joint_positions_rad[1]=1.2821876952502465
steps[7].joint_positions_rad[2]=1.93160458707214
steps[7].joint_positions_rad[3]=3.604953654807699
steps[7].joint_positions_rad[4]=1.4520875191012685
steps[7].joint_positions_rad[5]=1.4500105197671158
steps[8].sequence_number=9
steps[8].type=digital_output
steps[8].parallel_slot=8
steps[8].duration=0.0
steps[8].port=0
steps[8].value=True
steps[8].weld_scenario_id=weld-83583562050557
steps[8].weld_scenario_stage=touch_output_on
hicomm_cyclic_period_ms=40.0
arc_wait_recognition=True
arc_wait_main_welding=True
arc_wait_established=True
arc_establishment_timeout_s=5.0

[summary]
rx_samples=252
welding_samples=0
wcr_seen=0
current_a.min=None
current_a.average=None
current_a.max=None
voltage_v.min=None
voltage_v.average=None
voltage_v.max=None
wire_feed_m_min.min=None
wire_feed_m_min.average=None
wire_feed_m_min.max=None

[production_metrics]
arc_started_elapsed_s=None
arc_completed_elapsed_s=None
arc_on_time_s=0.0
main_weld_arc_time_s=0.0
crater_arc_time_s=0.0
weld_motion_start_elapsed_s=0.01994299900252372
weld_motion_complete_elapsed_s=10.06304533299408
weld_motion_duration_s=10.043102333991555
net_weld_arc_time_s=0.0
wire_feed_average_m_min=0.0
wire_consumable_base_mm=0.0
wire_consumable_alpha_mm=0.0
wire_consumable_mm=0.0
wire_consumable_formula=integral(WFS*1000/60*dt)+alpha
weld_motion_start_unix_time=1789621426.842706
weld_motion_start_wall_time=2026-09-17 14:03:46.842
weld_motion_complete_unix_time=1789621436.885809
weld_motion_complete_wall_time=2026-09-17 14:03:56.885

[arc_off_control]

[teaching_snapshot_yaml]
robot_start:
  planning_group: right_manipulator
  joint_state:
    names:
    - right_manipulator_joint1
    - right_manipulator_joint2
    - right_manipulator_joint3
    - right_manipulator_joint4
    - right_manipulator_joint5
    - right_manipulator_joint6
    positions_rad:
    - 5.272090632984539
    - 1.1319069796756747
    - 2.106417676818249
    - 3.6901007738119302
    - 1.4686233526256796
    - 1.4680081624138712
  tcp_pose_world:
    position_m:
      x: 0.0593687026100857
      y: -1.566580876666292
      z: 0.8404797210507349
    orientation_xyzw:
      x: -0.435964943840794
      y: 0.633785310019272
      z: -0.5278153609885844
      w: -0.36008567487496485
weld_wait:
  planning_group: right_manipulator
  joint_state:
    names:
    - right_manipulator_joint1
    - right_manipulator_joint2
    - right_manipulator_joint3
    - right_manipulator_joint4
    - right_manipulator_joint5
    - right_manipulator_joint6
    positions_rad:
    - 5.116482663123427
    - 1.2840481795877758
    - 1.9530954981207522
    - 3.536391371491936
    - 1.4756325262986592
    - 1.454452938781477
  tcp_pose_world:
    position_m:
      x: -0.024663663255563212
      y: -1.6541218108581124
      z: 0.7151550325816947
    orientation_xyzw:
      x: -0.43569661139275795
      y: 0.6334772972744478
      z: -0.5283290120173573
      w: -0.3601991556340635
weld_start_wait:
  planning_group: right_manipulator
  joint_state:
    names:
    - right_manipulator_joint1
    - right_manipulator_joint2
    - right_manipulator_joint3
    - right_manipulator_joint4
    - right_manipulator_joint5
    - right_manipulator_joint6
    positions_rad:
    - 5.108273735379367
    - 1.325621455784458
    - 1.8904680692942308
    - 3.5291089574911143
    - 1.4563742763499146
    - 1.4457313525275766
  tcp_pose_world:
    position_m:
      x: -0.019758439590067983
      y: -1.682099472193571
      z: 0.6780509572223705
    orientation_xyzw:
      x: -0.43571337465481513
      y: 0.6334892586568713
      z: -0.5283124931240927
      w: -0.36018207051751716
weld_start:
  planning_group: right_manipulator
  joint_state:
    names:
    - right_manipulator_joint1
    - right_manipulator_joint2
    - right_manipulator_joint3
    - right_manipulator_joint4
    - right_manipulator_joint5
    - right_manipulator_joint6
    positions_rad:
    - 5.104618547363053
    - 1.328177706636607
    - 1.8886628659856426
    - 3.5184638190676583
    - 1.4573693102277512
    - 1.4452667052041925
  tcp_pose_world:
    position_m:
      x: -0.019571800164413976
      y: -1.6829697845269225
      z: 0.675897882151232
    orientation_xyzw:
      x: -0.4379488368445567
      y: 0.6319458853360941
      z: -0.5295817554090476
      w: -0.35831324096543227
weld_goal_wait:
  planning_group: right_manipulator
  joint_state:
    names:
    - right_manipulator_joint1
    - right_manipulator_joint2
    - right_manipulator_joint3
    - right_manipulator_joint4
    - right_manipulator_joint5
    - right_manipulator_joint6
    positions_rad:
    - 5.16989129352053
    - 1.3221775890208218
    - 1.874254877735883
    - 3.591151556142254
    - 1.4368539713499064
    - 1.4413837420480222
  tcp_pose_world:
    position_m:
      x: 0.03372981229895555
      y: -1.6805362859592525
      z: 0.6799026918517388
    orientation_xyzw:
      x: -0.4356904582094423
      y: 0.6334858954287033
      z: -0.5283323229026556
      w: -0.3601866203711963
weld_end:
  planning_group: right_manipulator
  joint_state:
    names:
    - right_manipulator_joint1
    - right_manipulator_joint2
    - right_manipulator_joint3
    - right_manipulator_joint4
    - right_manipulator_joint5
    - right_manipulator_joint6
    positions_rad:
    - 5.1663679104925695
    - 1.3224176397080962
    - 1.8748749919096548
    - 3.5805991030142494
    - 1.4378817217473085
    - 1.4412244025185288
  tcp_pose_world:
    position_m:
      x: 0.033759705769997594
      y: -1.681033921117997
      z: 0.6797384151392517
    orientation_xyzw:
      x: -0.4379259086595896
      y: 0.6319426030950379
      z: -0.529601601138938
      w: -0.3583177207300994
weld_finish:
  planning_group: right_manipulator
  joint_state:
    names:
    - right_manipulator_joint1
    - right_manipulator_joint2
    - right_manipulator_joint3
    - right_manipulator_joint4
    - right_manipulator_joint5
    - right_manipulator_joint6
    positions_rad:
    - 5.1848284314425666
    - 1.2821876952502465
    - 1.93160458707214
    - 3.604953654807699
    - 1.4520875191012685
    - 1.4500105197671158
  tcp_pose_world:
    position_m:
      x: 0.03374943314549039
      y: -1.6540034193254145
      z: 0.715025635008381
    orientation_xyzw:
      x: -0.43566855184384345
      y: 0.6334744147875092
      z: -0.5283694748098694
      w: -0.3601788123044635

[touch_snapshot_yaml]
start_floor:
  position_m:
    x: -0.019815467658331004
    y: -1.6819608236851273
    z: 0.6758814900607171
  orientation_xyzw:
    x: -0.4357874020358289
    y: 0.6335059334521557
    z: -0.5282377292801177
    w: -0.36017283888816637
start_wall:
  position_m:
    x: -0.019789325828834414
    y: -1.6829771864286505
    z: 0.6778447998608119
  orientation_xyzw:
    x: -0.4357876801351528
    y: 0.6335216660335927
    z: -0.5282282454271696
    w: -0.3601587389490591
goal_floor:
  position_m:
    x: 0.0336907655977412
    y: -1.6811171696970861
    z: 0.6797333589571064
  orientation_xyzw:
    x: -0.43576154901199227
    y: 0.6335229108975378
    z: -0.5282624637486674
    w: -0.3601379779539608
goal_wall:
  position_m:
    x: 0.033701885648381724
    y: -1.6810360146711811
    z: 0.6797550735417301
  orientation_xyzw:
    x: -0.4357498285368921
    y: 0.6335121602418903
    z: -0.5282861199437113
    w: -0.3601363703245498

[samples]
elapsed_s raw0 state arc gas fwd wcr current_a voltage_v wire_feed_m_min set_current_a set_voltage_v error db collision
0.003 0x00 idle 0 0 0 0 0 0.0 0.0 220 26.0 0 0 0
0.054 0x00 idle 0 0 0 0 0 0.0 0.0 220 26.0 0 0 0
0.093 0x00 idle 0 0 0 0 0 0.0 0.0 220 26.0 0 0 0
0.125 0x00 idle 0 0 0 0 0 0.0 0.0 220 26.0 0 0 0
0.162 0x00 idle 0 0 0 0 0 0.0 0.0 220 26.0 0 0 0
0.210 0x00 idle 0 0 0 0 0 0.0 0.0 220 26.0 0 0 0
0.246 0x00 idle 0 0 0 0 0 0.0 0.0 220 26.0 0 0 0
0.286 0x00 idle 0 0 0 0 0 0.0 0.0 220 26.0 0 0 0
0.330 0x00 idle 0 0 0 0 0 0.0 0.0 220 26.0 0 0 0
0.374 0x00 idle 0 0 0 0 0 0.0 0.0 220 26.0 0 0 0
0.404 0x00 idle 0 0 0 0 0 0.0 0.0 220 26.0 0 0 0
0.446 0x00 idle 0 0 0 0 0 0.0 0.0 220 26.0 0 0 0
0.483 0x00 idle 0 0 0 0 0 0.0 0.0 220 26.0 0 0 0
0.527 0x00 idle 0 0 0 0 0 0.0 0.0 220 26.0 0 0 0
0.561 0x00 idle 0 0 0 0 0 0.0 0.0 220 26.0 0 0 0
0.601 0x00 idle 0 0 0 0 0 0.0 0.0 220 26.0 0 0 0
0.646 0x00 idle 0 0 0 0 0 0.0 0.0 220 26.0 0 0 0
0.683 0x00 idle 0 0 0 0 0 0.0 0.0 220 26.0 0 0 0
0.722 0x00 idle 0 0 0 0 0 0.0 0.0 220 26.0 0 0 0
0.763 0x00 idle 0 0 0 0 0 0.0 0.0 220 26.0 0 0 0
0.812 0x00 idle 0 0 0 0 0 0.0 0.0 220 26.0 0 0 0
0.846 0x00 idle 0 0 0 0 0 0.0 0.0 220 26.0 0 0 0
0.884 0x00 idle 0 0 0 0 0 0.0 0.0 220 26.0 0 0 0
0.923 0x00 idle 0 0 0 0 0 0.0 0.0 220 26.0 0 0 0
0.962 0x00 idle 0 0 0 0 0 0.0 0.0 220 26.0 0 0 0
1.008 0x00 idle 0 0 0 0 0 0.0 0.0 220 26.0 0 0 0
1.046 0x00 idle 0 0 0 0 0 0.0 0.0 220 26.0 0 0 0
1.086 0x00 idle 0 0 0 0 0 0.0 0.0 220 26.0 0 0 0
1.128 0x00 idle 0 0 0 0 0 0.0 0.0 220 26.0 0 0 0
1.164 0x00 idle 0 0 0 0 0 0.0 0.0 220 26.0 0 0 0
1.207 0x00 idle 0 0 0 0 0 0.0 0.0 220 26.0 0 0 0
1.241 0x00 idle 0 0 0 0 0 0.0 0.0 220 26.0 0 0 0
1.282 0x00 idle 0 0 0 0 0 0.0 0.0 220 26.0 0 0 0
1.324 0x00 idle 0 0 0 0 0 0.0 0.0 220 26.0 0 0 0
1.365 0x00 idle 0 0 0 0 0 0.0 0.0 220 26.0 0 0 0
1.402 0x00 idle 0 0 0 0 0 0.0 0.0 220 26.0 0 0 0
1.446 0x00 idle 0 0 0 0 0 0.0 0.0 220 26.0 0 0 0
1.484 0x00 idle 0 0 0 0 0 0.0 0.0 220 26.0 0 0 0
1.523 0x00 idle 0 0 0 0 0 0.0 0.0 220 26.0 0 0 0
1.563 0x00 idle 0 0 0 0 0 0.0 0.0 220 26.0 0 0 0
1.610 0x00 idle 0 0 0 0 0 0.0 0.0 220 26.0 0 0 0
1.645 0x00 idle 0 0 0 0 0 0.0 0.0 220 26.0 0 0 0
1.687 0x00 idle 0 0 0 0 0 0.0 0.0 220 26.0 0 0 0
1.724 0x00 idle 0 0 0 0 0 0.0 0.0 220 26.0 0 0 0
1.763 0x00 idle 0 0 0 0 0 0.0 0.0 220 26.0 0 0 0
1.805 0x00 idle 0 0 0 0 0 0.0 0.0 220 26.0 0 0 0
1.843 0x00 idle 0 0 0 0 0 0.0 0.0 220 26.0 0 0 0
1.881 0x00 idle 0 0 0 0 0 0.0 0.0 220 26.0 0 0 0
1.923 0x00 idle 0 0 0 0 0 0.0 0.0 220 26.0 0 0 0
1.961 0x00 idle 0 0 0 0 0 0.0 0.0 220 26.0 0 0 0
2.002 0x00 idle 0 0 0 0 0 0.0 0.0 220 26.0 0 0 0
2.041 0x00 idle 0 0 0 0 0 0.0 0.0 220 26.0 0 0 0
2.082 0x00 idle 0 0 0 0 0 0.0 0.0 220 26.0 0 0 0
2.125 0x00 idle 0 0 0 0 0 0.0 0.0 220 26.0 0 0 0
2.162 0x00 idle 0 0 0 0 0 0.0 0.0 220 26.0 0 0 0
2.205 0x00 idle 0 0 0 0 0 0.0 0.0 220 26.0 0 0 0
2.247 0x00 idle 0 0 0 0 0 0.0 0.0 220 26.0 0 0 0
2.289 0x00 idle 0 0 0 0 0 0.0 0.0 220 26.0 0 0 0
2.323 0x00 idle 0 0 0 0 0 0.0 0.0 220 26.0 0 0 0
2.366 0x00 idle 0 0 0 0 0 0.0 0.0 220 26.0 0 0 0
2.403 0x00 idle 0 0 0 0 0 0.0 0.0 220 26.0 0 0 0
2.443 0x00 idle 0 0 0 0 0 0.0 0.0 220 26.0 0 0 0
2.486 0x00 idle 0 0 0 0 0 0.0 0.0 220 26.0 0 0 0
2.526 0x00 idle 0 0 0 0 0 0.0 0.0 220 26.0 0 0 0
2.567 0x00 idle 0 0 0 0 0 0.0 0.0 220 26.0 0 0 0
2.601 0x00 idle 0 0 0 0 0 0.0 0.0 220 26.0 0 0 0
2.646 0x00 idle 0 0 0 0 0 0.0 0.0 220 26.0 0 0 0
2.684 0x00 idle 0 0 0 0 0 0.0 0.0 220 26.0 0 0 0
2.722 0x00 idle 0 0 0 0 0 0.0 0.0 220 26.0 0 0 0
2.763 0x00 idle 0 0 0 0 0 0.0 0.0 220 26.0 0 0 0
2.805 0x00 idle 0 0 0 0 0 0.0 0.0 220 26.0 0 0 0
2.843 0x00 idle 0 0 0 0 0 0.0 0.0 220 26.0 0 0 0
2.882 0x00 idle 0 0 0 0 0 0.0 0.0 220 26.0 0 0 0
2.924 0x00 idle 0 0 0 0 0 0.0 0.0 220 26.0 0 0 0
2.964 0x00 idle 0 0 0 0 0 0.0 0.0 220 26.0 0 0 0
3.008 0x00 idle 0 0 0 0 0 0.0 0.0 220 26.0 0 0 0
3.046 0x00 idle 0 0 0 0 0 0.0 0.0 220 26.0 0 0 0
3.086 0x00 idle 0 0 0 0 0 0.0 0.0 220 26.0 0 0 0
3.125 0x00 idle 0 0 0 0 0 0.0 0.0 220 26.0 0 0 0
3.163 0x00 idle 0 0 0 0 0 0.0 0.0 220 26.0 0 0 0
3.204 0x00 idle 0 0 0 0 0 0.0 0.0 220 26.0 0 0 0
3.241 0x00 idle 0 0 0 0 0 0.0 0.0 220 26.0 0 0 0
3.288 0x00 idle 0 0 0 0 0 0.0 0.0 220 26.0 0 0 0
3.324 0x00 idle 0 0 0 0 0 0.0 0.0 220 26.0 0 0 0
3.366 0x00 idle 0 0 0 0 0 0.0 0.0 220 26.0 0 0 0
3.407 0x00 idle 0 0 0 0 0 0.0 0.0 220 26.0 0 0 0
3.442 0x00 idle 0 0 0 0 0 0.0 0.0 220 26.0 0 0 0
3.488 0x00 idle 0 0 0 0 0 0.0 0.0 220 26.0 0 0 0
3.526 0x00 idle 0 0 0 0 0 0.0 0.0 220 26.0 0 0 0
3.564 0x00 idle 0 0 0 0 0 0.0 0.0 220 26.0 0 0 0
3.606 0x00 idle 0 0 0 0 0 0.0 0.0 220 26.0 0 0 0
3.643 0x00 idle 0 0 0 0 0 0.0 0.0 220 26.0 0 0 0
3.687 0x00 idle 0 0 0 0 0 0.0 0.0 220 26.0 0 0 0
3.722 0x00 idle 0 0 0 0 0 0.0 0.0 220 26.0 0 0 0
3.761 0x00 idle 0 0 0 0 0 0.0 0.0 220 26.0 0 0 0
3.801 0x00 idle 0 0 0 0 0 0.0 0.0 220 26.0 0 0 0
3.843 0x00 idle 0 0 0 0 0 0.0 0.0 220 26.0 0 0 0
3.882 0x00 idle 0 0 0 0 0 0.0 0.0 220 26.0 0 0 0
3.925 0x00 idle 0 0 0 0 0 0.0 0.0 220 26.0 0 0 0
3.964 0x00 idle 0 0 0 0 0 0.0 0.0 220 26.0 0 0 0
4.004 0x00 idle 0 0 0 0 0 0.0 0.0 220 26.0 0 0 0
4.043 0x00 idle 0 0 0 0 0 0.0 0.0 220 26.0 0 0 0
4.087 0x00 idle 0 0 0 0 0 0.0 0.0 220 26.0 0 0 0
4.140 0x00 idle 0 0 0 0 0 0.0 0.0 220 26.0 0 0 0
4.164 0x00 idle 0 0 0 0 0 0.0 0.0 220 26.0 0 0 0
4.205 0x00 idle 0 0 0 0 0 0.0 0.0 220 26.0 0 0 0
4.246 0x00 idle 0 0 0 0 0 0.0 0.0 220 26.0 0 0 0
4.290 0x00 idle 0 0 0 0 0 0.0 0.0 220 26.0 0 0 0
4.323 0x00 idle 0 0 0 0 0 0.0 0.0 220 26.0 0 0 0
4.362 0x00 idle 0 0 0 0 0 0.0 0.0 220 26.0 0 0 0
4.416 0x00 idle 0 0 0 0 0 0.0 0.0 220 26.0 0 0 0
4.449 0x00 idle 0 0 0 0 0 0.0 0.0 220 26.0 0 0 0
4.489 0x00 idle 0 0 0 0 0 0.0 0.0 220 26.0 0 0 0
4.526 0x00 idle 0 0 0 0 0 0.0 0.0 220 26.0 0 0 0
4.561 0x00 idle 0 0 0 0 0 0.0 0.0 220 26.0 0 0 0
4.601 0x00 idle 0 0 0 0 0 0.0 0.0 220 26.0 0 0 0
4.642 0x00 idle 0 0 0 0 0 0.0 0.0 220 26.0 0 0 0
4.686 0x00 idle 0 0 0 0 0 0.0 0.0 220 26.0 0 0 0
4.727 0x00 idle 0 0 0 0 0 0.0 0.0 220 26.0 0 0 0
4.765 0x00 idle 0 0 0 0 0 0.0 0.0 220 26.0 0 0 0
4.803 0x00 idle 0 0 0 0 0 0.0 0.0 220 26.0 0 0 0
4.847 0x00 idle 0 0 0 0 0 0.0 0.0 220 26.0 0 0 0
4.885 0x00 idle 0 0 0 0 0 0.0 0.0 220 26.0 0 0 0
4.925 0x00 idle 0 0 0 0 0 0.0 0.0 220 26.0 0 0 0
4.962 0x00 idle 0 0 0 0 0 0.0 0.0 220 26.0 0 0 0
5.001 0x00 idle 0 0 0 0 0 0.0 0.0 220 26.0 0 0 0
5.041 0x00 idle 0 0 0 0 0 0.0 0.0 220 26.0 0 0 0
5.085 0x00 idle 0 0 0 0 0 0.0 0.0 220 26.0 0 0 0
5.127 0x00 idle 0 0 0 0 0 0.0 0.0 220 26.0 0 0 0
5.163 0x00 idle 0 0 0 0 0 0.0 0.0 220 26.0 0 0 0
5.205 0x00 idle 0 0 0 0 0 0.0 0.0 220 26.0 0 0 0
5.250 0x00 idle 0 0 0 0 0 0.0 0.0 220 26.0 0 0 0
5.284 0x00 idle 0 0 0 0 0 0.0 0.0 220 26.0 0 0 0
5.330 0x00 idle 0 0 0 0 0 0.0 0.0 220 26.0 0 0 0
5.362 0x00 idle 0 0 0 0 0 0.0 0.0 220 26.0 0 0 0
5.405 0x00 idle 0 0 0 0 0 0.0 0.0 220 26.0 0 0 0
5.442 0x00 idle 0 0 0 0 0 0.0 0.0 220 26.0 0 0 0
5.495 0x00 idle 0 0 0 0 0 0.0 0.0 220 26.0 0 0 0
5.533 0x00 idle 0 0 0 0 0 0.0 0.0 220 26.0 0 0 0
5.564 0x00 idle 0 0 0 0 0 0.0 0.0 220 26.0 0 0 0
5.602 0x00 idle 0 0 0 0 0 0.0 0.0 220 26.0 0 0 0
5.644 0x00 idle 0 0 0 0 0 0.0 0.0 220 26.0 0 0 0
5.683 0x00 idle 0 0 0 0 0 0.0 0.0 220 26.0 0 0 0
5.724 0x00 idle 0 0 0 0 0 0.0 0.0 220 26.0 0 0 0
5.765 0x00 idle 0 0 0 0 0 0.0 0.0 220 26.0 0 0 0
5.805 0x00 idle 0 0 0 0 0 0.0 0.0 220 26.0 0 0 0
5.844 0x00 idle 0 0 0 0 0 0.0 0.0 220 26.0 0 0 0
5.887 0x00 idle 0 0 0 0 0 0.0 0.0 220 26.0 0 0 0
5.926 0x00 idle 0 0 0 0 0 0.0 0.0 220 26.0 0 0 0
5.967 0x00 idle 0 0 0 0 0 0.0 0.0 220 26.0 0 0 0
6.001 0x00 idle 0 0 0 0 0 0.0 0.0 220 26.0 0 0 0
6.046 0x00 idle 0 0 0 0 0 0.0 0.0 220 26.0 0 0 0
6.084 0x00 idle 0 0 0 0 0 0.0 0.0 220 26.0 0 0 0
6.126 0x00 idle 0 0 0 0 0 0.0 0.0 220 26.0 0 0 0
6.166 0x00 idle 0 0 0 0 0 0.0 0.0 220 26.0 0 0 0
6.209 0x00 idle 0 0 0 0 0 0.0 0.0 220 26.0 0 0 0
6.245 0x00 idle 0 0 0 0 0 0.0 0.0 220 26.0 0 0 0
6.289 0x00 idle 0 0 0 0 0 0.0 0.0 220 26.0 0 0 0
6.326 0x00 idle 0 0 0 0 0 0.0 0.0 220 26.0 0 0 0
6.362 0x00 idle 0 0 0 0 0 0.0 0.0 220 26.0 0 0 0
6.404 0x00 idle 0 0 0 0 0 0.0 0.0 220 26.0 0 0 0
6.443 0x00 idle 0 0 0 0 0 0.0 0.0 220 26.0 0 0 0
6.481 0x00 idle 0 0 0 0 0 0.0 0.0 220 26.0 0 0 0
6.524 0x00 idle 0 0 0 0 0 0.0 0.0 220 26.0 0 0 0
6.566 0x00 idle 0 0 0 0 0 0.0 0.0 220 26.0 0 0 0
6.603 0x00 idle 0 0 0 0 0 0.0 0.0 220 26.0 0 0 0
6.650 0x00 idle 0 0 0 0 0 0.0 0.0 220 26.0 0 0 0
6.686 0x00 idle 0 0 0 0 0 0.0 0.0 220 26.0 0 0 0
6.723 0x00 idle 0 0 0 0 0 0.0 0.0 220 26.0 0 0 0
6.765 0x00 idle 0 0 0 0 0 0.0 0.0 220 26.0 0 0 0
6.805 0x00 idle 0 0 0 0 0 0.0 0.0 220 26.0 0 0 0
6.847 0x00 idle 0 0 0 0 0 0.0 0.0 220 26.0 0 0 0
6.896 0x00 idle 0 0 0 0 0 0.0 0.0 220 26.0 0 0 0
6.927 0x00 idle 0 0 0 0 0 0.0 0.0 220 26.0 0 0 0
6.963 0x00 idle 0 0 0 0 0 0.0 0.0 220 26.0 0 0 0
7.007 0x00 idle 0 0 0 0 0 0.0 0.0 220 26.0 0 0 0
7.045 0x00 idle 0 0 0 0 0 0.0 0.0 220 26.0 0 0 0
7.085 0x00 idle 0 0 0 0 0 0.0 0.0 220 26.0 0 0 0
7.133 0x00 idle 0 0 0 0 0 0.0 0.0 220 26.0 0 0 0
7.166 0x00 idle 0 0 0 0 0 0.0 0.0 220 26.0 0 0 0
7.203 0x00 idle 0 0 0 0 0 0.0 0.0 220 26.0 0 0 0
7.245 0x00 idle 0 0 0 0 0 0.0 0.0 220 26.0 0 0 0
7.286 0x00 idle 0 0 0 0 0 0.0 0.0 220 26.0 0 0 0
7.328 0x00 idle 0 0 0 0 0 0.0 0.0 220 26.0 0 0 0
7.364 0x00 idle 0 0 0 0 0 0.0 0.0 220 26.0 0 0 0
7.401 0x00 idle 0 0 0 0 0 0.0 0.0 220 26.0 0 0 0
7.442 0x00 idle 0 0 0 0 0 0.0 0.0 220 26.0 0 0 0
7.485 0x00 idle 0 0 0 0 0 0.0 0.0 220 26.0 0 0 0
7.529 0x00 idle 0 0 0 0 0 0.0 0.0 220 26.0 0 0 0
7.563 0x00 idle 0 0 0 0 0 0.0 0.0 220 26.0 0 0 0
7.603 0x00 idle 0 0 0 0 0 0.0 0.0 220 26.0 0 0 0
7.650 0x00 idle 0 0 0 0 0 0.0 0.0 220 26.0 0 0 0
7.683 0x00 idle 0 0 0 0 0 0.0 0.0 220 26.0 0 0 0
7.727 0x00 idle 0 0 0 0 0 0.0 0.0 220 26.0 0 0 0
7.764 0x00 idle 0 0 0 0 0 0.0 0.0 220 26.0 0 0 0
7.808 0x00 idle 0 0 0 0 0 0.0 0.0 220 26.0 0 0 0
7.848 0x00 idle 0 0 0 0 0 0.0 0.0 220 26.0 0 0 0
7.891 0x00 idle 0 0 0 0 0 0.0 0.0 220 26.0 0 0 0
7.927 0x00 idle 0 0 0 0 0 0.0 0.0 220 26.0 0 0 0
7.964 0x00 idle 0 0 0 0 0 0.0 0.0 220 26.0 0 0 0
8.001 0x00 idle 0 0 0 0 0 0.0 0.0 220 26.0 0 0 0
8.046 0x00 idle 0 0 0 0 0 0.0 0.0 220 26.0 0 0 0
8.081 0x00 idle 0 0 0 0 0 0.0 0.0 220 26.0 0 0 0
8.124 0x00 idle 0 0 0 0 0 0.0 0.0 220 26.0 0 0 0
8.168 0x00 idle 0 0 0 0 0 0.0 0.0 220 26.0 0 0 0
8.205 0x00 idle 0 0 0 0 0 0.0 0.0 220 26.0 0 0 0
8.244 0x00 idle 0 0 0 0 0 0.0 0.0 220 26.0 0 0 0
8.285 0x00 idle 0 0 0 0 0 0.0 0.0 220 26.0 0 0 0
8.326 0x00 idle 0 0 0 0 0 0.0 0.0 220 26.0 0 0 0
8.364 0x00 idle 0 0 0 0 0 0.0 0.0 220 26.0 0 0 0
8.404 0x00 idle 0 0 0 0 0 0.0 0.0 220 26.0 0 0 0
8.443 0x00 idle 0 0 0 0 0 0.0 0.0 220 26.0 0 0 0
8.486 0x00 idle 0 0 0 0 0 0.0 0.0 220 26.0 0 0 0
8.523 0x00 idle 0 0 0 0 0 0.0 0.0 220 26.0 0 0 0
8.567 0x00 idle 0 0 0 0 0 0.0 0.0 220 26.0 0 0 0
8.600 0x00 idle 0 0 0 0 0 0.0 0.0 220 26.0 0 0 0
8.645 0x00 idle 0 0 0 0 0 0.0 0.0 220 26.0 0 0 0
8.688 0x00 idle 0 0 0 0 0 0.0 0.0 220 26.0 0 0 0
8.724 0x00 idle 0 0 0 0 0 0.0 0.0 220 26.0 0 0 0
8.762 0x00 idle 0 0 0 0 0 0.0 0.0 220 26.0 0 0 0
8.808 0x00 idle 0 0 0 0 0 0.0 0.0 220 26.0 0 0 0
8.845 0x00 idle 0 0 0 0 0 0.0 0.0 220 26.0 0 0 0
8.883 0x00 idle 0 0 0 0 0 0.0 0.0 220 26.0 0 0 0
8.926 0x00 idle 0 0 0 0 0 0.0 0.0 220 26.0 0 0 0
8.963 0x00 idle 0 0 0 0 0 0.0 0.0 220 26.0 0 0 0
9.006 0x00 idle 0 0 0 0 0 0.0 0.0 220 26.0 0 0 0
9.043 0x00 idle 0 0 0 0 0 0.0 0.0 220 26.0 0 0 0
9.082 0x00 idle 0 0 0 0 0 0.0 0.0 220 26.0 0 0 0
9.129 0x00 idle 0 0 0 0 0 0.0 0.0 220 26.0 0 0 0
9.165 0x00 idle 0 0 0 0 0 0.0 0.0 220 26.0 0 0 0
9.209 0x00 idle 0 0 0 0 0 0.0 0.0 220 26.0 0 0 0
9.244 0x00 idle 0 0 0 0 0 0.0 0.0 220 26.0 0 0 0
9.285 0x00 idle 0 0 0 0 0 0.0 0.0 220 26.0 0 0 0
9.324 0x00 idle 0 0 0 0 0 0.0 0.0 220 26.0 0 0 0
9.362 0x00 idle 0 0 0 0 0 0.0 0.0 220 26.0 0 0 0
9.405 0x00 idle 0 0 0 0 0 0.0 0.0 220 26.0 0 0 0
9.443 0x00 idle 0 0 0 0 0 0.0 0.0 220 26.0 0 0 0
9.482 0x00 idle 0 0 0 0 0 0.0 0.0 220 26.0 0 0 0
9.525 0x00 idle 0 0 0 0 0 0.0 0.0 220 26.0 0 0 0
9.562 0x00 idle 0 0 0 0 0 0.0 0.0 220 26.0 0 0 0
9.603 0x00 idle 0 0 0 0 0 0.0 0.0 220 26.0 0 0 0
9.644 0x00 idle 0 0 0 0 0 0.0 0.0 220 26.0 0 0 0
9.687 0x00 idle 0 0 0 0 0 0.0 0.0 220 26.0 0 0 0
9.729 0x00 idle 0 0 0 0 0 0.0 0.0 220 26.0 0 0 0
9.763 0x00 idle 0 0 0 0 0 0.0 0.0 220 26.0 0 0 0
9.806 0x00 idle 0 0 0 0 0 0.0 0.0 220 26.0 0 0 0
9.846 0x00 idle 0 0 0 0 0 0.0 0.0 220 26.0 0 0 0
9.883 0x00 idle 0 0 0 0 0 0.0 0.0 220 26.0 0 0 0
9.929 0x00 idle 0 0 0 0 0 0.0 0.0 220 26.0 0 0 0
9.964 0x00 idle 0 0 0 0 0 0.0 0.0 220 26.0 0 0 0
10.001 0x00 idle 0 0 0 0 0 0.0 0.0 220 26.0 0 0 0
10.047 0x00 idle 0 0 0 0 0 0.0 0.0 220 26.0 0 0 0

[tcp_trajectory]
elapsed_s x_m y_m z_m qx qy qz qw speed_m_s tf_stamp_s along_mm remaining_mm cross_track_mm progress waypoint phase
0.0029 -0.0195690 -1.6829456 0.6765281 -0.43783696 0.63188994 -0.52967859 -0.35840549 0.000000 1789621426.799860954 0.049 53.456 0.629 0.00000 -1 ACTUAL_TF
0.0580 -0.0195538 -1.6830053 0.6763960 -0.43784972 0.63187819 -0.52969001 -0.35839373 0.002599 1789621426.855923653 0.052 53.452 0.497 0.00000 -1 ACTUAL_TF
0.0960 -0.0195422 -1.6830673 0.6763115 -0.43785415 0.63186945 -0.52970113 -0.35838731 0.002381 1789621426.912268400 0.056 53.449 0.422 0.00000 -1 ACTUAL_TF
0.1553 -0.0195495 -1.6830727 0.6762934 -0.43785594 0.63186983 -0.52969931 -0.35838713 0.001776 1789621426.968008280 0.047 53.458 0.407 0.00000 -1 ACTUAL_TF
0.2085 -0.0195694 -1.6830339 0.6762814 -0.43786503 0.63187715 -0.52968299 -0.35838724 0.001486 1789621427.023983002 0.028 53.477 0.388 0.00000 -1 ACTUAL_TF
0.2747 -0.0195873 -1.6830067 0.6762730 -0.43786752 0.63188483 -0.52967023 -0.35838952 0.001220 1789621427.079946756 0.010 53.495 0.377 0.00000 -1 ACTUAL_TF
0.3238 -0.0196119 -1.6829755 0.6762636 -0.43786759 0.63189546 -0.52965390 -0.35839483 0.001073 1789621427.135976076 -0.014 53.519 0.368 0.00000 -1 ACTUAL_TF
0.3864 -0.0196335 -1.6829675 0.6762617 -0.43785699 0.63190509 -0.52964332 -0.35840643 0.000875 1789621427.191956997 -0.035 53.540 0.367 0.00000 -1 ACTUAL_TF
0.4360 -0.0196359 -1.6829638 0.6762623 -0.43784796 0.63191085 -0.52963758 -0.35841579 0.000636 1789621427.247901917 -0.038 53.542 0.368 0.00000 -1 ACTUAL_TF
0.4923 -0.0195974 -1.6829485 0.6762634 -0.43784213 0.63191394 -0.52963308 -0.35842412 0.000666 1789621427.304236412 0.001 53.503 0.367 0.00000 -1 ACTUAL_TF
0.5447 -0.0195129 -1.6829447 0.6762707 -0.43784072 0.63190710 -0.52964100 -0.35842618 0.000923 1789621427.359931231 0.086 53.418 0.368 0.00000 -1 ACTUAL_TF
0.6034 -0.0193916 -1.6829371 0.6762812 -0.43783571 0.63189934 -0.52965018 -0.35843242 0.001300 1789621427.415981770 0.208 53.296 0.370 0.00000 -1 ACTUAL_TF
0.6634 -0.0192539 -1.6829355 0.6762940 -0.43783561 0.63188561 -0.52966489 -0.35843501 0.001650 1789621427.472044706 0.347 53.158 0.373 0.00000 -1 ACTUAL_TF
0.7159 -0.0190812 -1.6829189 0.6762788 -0.43783939 0.63189386 -0.52965503 -0.35843041 0.002092 1789621427.527788877 0.518 52.986 0.346 0.00000 -1 ACTUAL_TF
0.7679 -0.0189054 -1.6829084 0.6762714 -0.43784545 0.63189342 -0.52965489 -0.35842400 0.002405 1789621427.583998680 0.693 52.811 0.327 0.00000 -1 ACTUAL_TF
0.8295 -0.0186880 -1.6828944 0.6762619 -0.43785187 0.63189401 -0.52965388 -0.35841661 0.002850 1789621427.640078783 0.910 52.595 0.303 0.00000 -1 ACTUAL_TF
0.8827 -0.0184464 -1.6828854 0.6762496 -0.43786027 0.63189487 -0.52965082 -0.35840935 0.003294 1789621427.695972919 1.150 52.355 0.273 0.00000 -1 ACTUAL_TF
0.9416 -0.0182583 -1.6828680 0.6762360 -0.43786445 0.63190125 -0.52964165 -0.35840654 0.003323 1789621427.751877069 1.337 52.167 0.249 0.00000 -1 ACTUAL_TF
1.0042 -0.0180273 -1.6828492 0.6762199 -0.43786856 0.63190904 -0.52963022 -0.35840469 0.003568 1789621427.807986259 1.567 51.938 0.220 0.00000 -1 ACTUAL_TF
1.0532 -0.0177900 -1.6828340 0.6762181 -0.43788106 0.63190408 -0.52963339 -0.35839347 0.003774 1789621427.863883257 1.804 51.701 0.204 0.00000 -1 ACTUAL_TF
1.1058 -0.0175415 -1.6828152 0.6762017 -0.43788257 0.63191644 -0.52961660 -0.35839465 0.003980 1789621427.919878960 2.051 51.454 0.177 0.00000 -1 ACTUAL_TF
1.1654 -0.0173196 -1.6828032 0.6761931 -0.43788787 0.63192226 -0.52960828 -0.35839020 0.003978 1789621427.975849867 2.272 51.233 0.157 0.00000 -1 ACTUAL_TF
1.2233 -0.0169943 -1.6827754 0.6761806 -0.43790711 0.63192112 -0.52960381 -0.35837531 0.004536 1789621428.031808853 2.597 50.908 0.140 0.00000 -1 ACTUAL_TF
1.2712 -0.0167632 -1.6827568 0.6761710 -0.43791116 0.63192890 -0.52958999 -0.35837707 0.004419 1789621428.087800741 2.827 50.678 0.131 0.00000 -1 ACTUAL_TF
1.3321 -0.0164644 -1.6827346 0.6761583 -0.43791944 0.63194104 -0.52956945 -0.35837589 0.004695 1789621428.143959999 3.125 50.380 0.128 0.00000 -1 ACTUAL_TF
1.3856 -0.0161526 -1.6827251 0.6761674 -0.43791808 0.63194226 -0.52956476 -0.35838234 0.004962 1789621428.199814081 3.436 50.068 0.123 0.00000 -1 ACTUAL_TF
1.4468 -0.0158418 -1.6827090 0.6761688 -0.43792845 0.63194294 -0.52955996 -0.35837556 0.005140 1789621428.255839109 3.747 49.758 0.125 0.00000 -1 ACTUAL_TF
1.5034 -0.0154633 -1.6826953 0.6761801 -0.43793214 0.63194064 -0.52956205 -0.35837201 0.005627 1789621428.311866283 4.125 49.379 0.126 0.00000 -1 ACTUAL_TF
1.5593 -0.0150959 -1.6826760 0.6761869 -0.43795483 0.63193024 -0.52956965 -0.35835140 0.005911 1789621428.367848635 4.493 49.012 0.135 0.00000 -1 ACTUAL_TF
1.6086 -0.0147201 -1.6826668 0.6761989 -0.43795484 0.63193513 -0.52956583 -0.35834840 0.006149 1789621428.423954964 4.869 48.636 0.136 0.00000 -1 ACTUAL_TF
1.6718 -0.0144287 -1.6826579 0.6762113 -0.43794734 0.63194359 -0.52955740 -0.35835512 0.005868 1789621428.479937553 5.160 48.344 0.138 0.00000 -1 ACTUAL_TF
1.7220 -0.0140183 -1.6826451 0.6762276 -0.43795596 0.63194128 -0.52956048 -0.35834411 0.006309 1789621428.535941601 5.571 47.934 0.142 0.00000 -1 ACTUAL_TF
1.7799 -0.0136017 -1.6826305 0.6762460 -0.43796389 0.63193769 -0.52956338 -0.35833645 0.006652 1789621428.591919661 5.988 47.517 0.147 0.00000 -1 ACTUAL_TF
1.8375 -0.0132912 -1.6826299 0.6762619 -0.43796281 0.63193791 -0.52956608 -0.35833339 0.006324 1789621428.647842407 6.299 47.206 0.143 0.00000 -1 ACTUAL_TF
1.8947 -0.0129303 -1.6826158 0.6762779 -0.43795388 0.63194861 -0.52955654 -0.35833954 0.006365 1789621428.703825712 6.660 46.845 0.150 0.00000 -1 ACTUAL_TF
1.9505 -0.0125777 -1.6826076 0.6763032 -0.43796554 0.63194018 -0.52956555 -0.35832685 0.006349 1789621428.759831429 7.014 46.491 0.146 0.00000 -1 ACTUAL_TF
2.0082 -0.0122067 -1.6825981 0.6763268 -0.43796704 0.63193979 -0.52956752 -0.35832277 0.006436 1789621428.815851927 7.385 46.119 0.146 0.00000 -1 ACTUAL_TF
2.0551 -0.0119423 -1.6825898 0.6763427 -0.43795376 0.63195230 -0.52955556 -0.35833463 0.005925 1789621428.871831656 7.650 45.854 0.147 0.00000 -1 ACTUAL_TF
2.1125 -0.0115801 -1.6825809 0.6763646 -0.43795700 0.63195228 -0.52955424 -0.35833266 0.006088 1789621428.927947283 8.013 45.491 0.147 0.00000 -1 ACTUAL_TF
2.1707 -0.0112626 -1.6825722 0.6763896 -0.43796183 0.63194668 -0.52955459 -0.35833610 0.005972 1789621428.983842611 8.332 45.173 0.143 0.00000 -1 ACTUAL_TF
2.2320 -0.0108724 -1.6825578 0.6764146 -0.43797807 0.63193783 -0.52955817 -0.35832657 0.006275 1789621429.039891958 8.723 44.781 0.146 0.00000 -1 ACTUAL_TF
2.2913 -0.0105149 -1.6825466 0.6764399 -0.43797311 0.63194332 -0.52955466 -0.35832814 0.006311 1789621429.095957518 9.082 44.423 0.145 0.00000 -1 ACTUAL_TF
2.3369 -0.0101880 -1.6825443 0.6764737 -0.43797582 0.63193074 -0.52957080 -0.35832317 0.006178 1789621429.151944876 9.410 44.095 0.131 0.00000 -1 ACTUAL_TF
2.4007 -0.0098326 -1.6825412 0.6764985 -0.43797016 0.63193401 -0.52957226 -0.35832216 0.006235 1789621429.207920313 9.766 43.738 0.126 0.00000 -1 ACTUAL_TF
2.4484 -0.0095489 -1.6825280 0.6765178 -0.43796270 0.63193964 -0.52956812 -0.35832746 0.005891 1789621429.263864040 10.051 43.454 0.128 0.00000 -1 ACTUAL_TF
2.5073 -0.0091897 -1.6825251 0.6765522 -0.43795457 0.63193871 -0.52957304 -0.35833177 0.006055 1789621429.319904089 10.412 43.093 0.115 0.00000 -1 ACTUAL_TF
2.5639 -0.0089135 -1.6825178 0.6765724 -0.43795070 0.63194376 -0.52957014 -0.35833187 0.005721 1789621429.375990868 10.689 42.816 0.113 0.00000 -1 ACTUAL_TF
2.6242 -0.0085272 -1.6825093 0.6766016 -0.43794882 0.63194590 -0.52957133 -0.35832866 0.006080 1789621429.431986094 11.076 42.429 0.109 0.00000 -1 ACTUAL_TF
2.6758 -0.0081487 -1.6824908 0.6766274 -0.43795492 0.63194082 -0.52957564 -0.35832378 0.006295 1789621429.487887383 11.456 42.049 0.113 0.00000 -1 ACTUAL_TF
2.7328 -0.0078085 -1.6824799 0.6766566 -0.43796655 0.63192956 -0.52958757 -0.35831178 0.006233 1789621429.543993950 11.797 41.707 0.108 0.00000 -1 ACTUAL_TF
2.7865 -0.0074679 -1.6824638 0.6766791 -0.43796440 0.63193903 -0.52957649 -0.35831410 0.006195 1789621429.599938154 12.139 41.366 0.112 0.00000 -1 ACTUAL_TF
2.8490 -0.0072075 -1.6824605 0.6767010 -0.43795378 0.63194718 -0.52956744 -0.35832607 0.005739 1789621429.655870199 12.400 41.104 0.106 0.00000 -1 ACTUAL_TF
2.8981 -0.0068345 -1.6824425 0.6767216 -0.43796731 0.63194177 -0.52957024 -0.35831495 0.006016 1789621429.712016106 12.774 40.730 0.114 0.00000 -1 ACTUAL_TF
2.9553 -0.0065057 -1.6824314 0.6767478 -0.43796854 0.63194028 -0.52957316 -0.35831175 0.005980 1789621429.767961502 13.104 40.400 0.111 0.00000 -1 ACTUAL_TF
3.0097 -0.0061380 -1.6824119 0.6767699 -0.43797200 0.63194602 -0.52956564 -0.35830850 0.006165 1789621429.823878288 13.473 40.032 0.118 0.00000 -1 ACTUAL_TF
3.0691 -0.0057943 -1.6824015 0.6767967 -0.43796853 0.63195229 -0.52956059 -0.35830916 0.006156 1789621429.880120277 13.818 39.687 0.116 0.00000 -1 ACTUAL_TF
3.1326 -0.0054926 -1.6823891 0.6768203 -0.43797034 0.63195045 -0.52956300 -0.35830662 0.005935 1789621429.935985804 14.121 39.384 0.115 0.00000 -1 ACTUAL_TF
3.1801 -0.0051272 -1.6823684 0.6768396 -0.43797400 0.63195306 -0.52956108 -0.35830039 0.006121 1789621429.991910219 14.487 39.017 0.125 0.00000 -1 ACTUAL_TF
3.2340 -0.0048490 -1.6823701 0.6768703 -0.43796102 0.63195724 -0.52956080 -0.35830930 0.005786 1789621430.047849655 14.767 38.738 0.109 0.00000 -1 ACTUAL_TF
3.2985 -0.0044962 -1.6823602 0.6768968 -0.43795828 0.63196312 -0.52955667 -0.35830838 0.005939 1789621430.104043484 15.121 38.384 0.107 0.00000 -1 ACTUAL_TF
3.3496 -0.0041689 -1.6823536 0.6769305 -0.43796541 0.63195365 -0.52956688 -0.35830126 0.005925 1789621430.159919262 15.449 38.055 0.095 0.00000 -1 ACTUAL_TF
3.4094 -0.0037949 -1.6823304 0.6769547 -0.43796485 0.63195753 -0.52956284 -0.35830108 0.006158 1789621430.215946198 15.825 37.680 0.104 0.00000 -1 ACTUAL_TF
3.4657 -0.0034351 -1.6823117 0.6769758 -0.43796889 0.63195852 -0.52956165 -0.35829617 0.006243 1789621430.271980762 16.186 37.319 0.111 0.00000 -1 ACTUAL_TF
3.5167 -0.0031346 -1.6822936 0.6769898 -0.43797714 0.63195823 -0.52955971 -0.35828946 0.005986 1789621430.327915192 16.487 37.018 0.121 0.00000 -1 ACTUAL_TF
3.5765 -0.0028071 -1.6822880 0.6770165 -0.43796959 0.63196452 -0.52955447 -0.35829534 0.005953 1789621430.383847237 16.815 36.689 0.115 0.00000 -1 ACTUAL_TF
3.6247 -0.0025320 -1.6822834 0.6770413 -0.43796180 0.63197098 -0.52954926 -0.35830115 0.005647 1789621430.439858437 17.092 36.413 0.108 0.00000 -1 ACTUAL_TF
3.6872 -0.0021737 -1.6822696 0.6770667 -0.43796105 0.63197096 -0.52955050 -0.35830029 0.005877 1789621430.495905638 17.451 36.054 0.108 0.00000 -1 ACTUAL_TF
3.7360 -0.0018373 -1.6822550 0.6770877 -0.43797589 0.63196214 -0.52955696 -0.35828815 0.005922 1789621430.551866770 17.788 35.716 0.112 0.00000 -1 ACTUAL_TF
3.7916 -0.0014988 -1.6822425 0.6771152 -0.43796407 0.63196795 -0.52955186 -0.35829989 0.005964 1789621430.607936144 18.128 35.376 0.110 0.00000 -1 ACTUAL_TF
3.8536 -0.0011858 -1.6822360 0.6771445 -0.43796359 0.63196211 -0.52956042 -0.35829813 0.005861 1789621430.663895845 18.443 35.062 0.102 0.00000 -1 ACTUAL_TF
3.9082 -0.0008516 -1.6822263 0.6771683 -0.43795973 0.63196586 -0.52955708 -0.35830116 0.005884 1789621430.720327854 18.778 34.727 0.101 0.00000 -1 ACTUAL_TF
3.9710 -0.0004408 -1.6822208 0.6772081 -0.43796766 0.63195161 -0.52957233 -0.35829407 0.006348 1789621430.775887966 19.190 34.314 0.087 0.00000 -1 ACTUAL_TF
4.0149 -0.0001615 -1.6822081 0.6772257 -0.43796349 0.63195682 -0.52956550 -0.35830009 0.005942 1789621430.831988811 19.470 34.034 0.090 0.00000 -1 ACTUAL_TF
4.0798 0.0001902 -1.6822059 0.6772631 -0.43795784 0.63195468 -0.52956900 -0.35830558 0.006055 1789621430.887966871 19.824 33.681 0.074 0.00000 -1 ACTUAL_TF
4.1347 0.0005059 -1.6821928 0.6772877 -0.43795849 0.63195241 -0.52957032 -0.35830683 0.005941 1789621430.943816185 20.141 33.364 0.074 0.00000 -1 ACTUAL_TF
4.1847 0.0008791 -1.6821841 0.6773221 -0.43795629 0.63195072 -0.52957548 -0.35830488 0.006164 1789621430.999894619 20.515 32.989 0.065 0.00000 -1 ACTUAL_TF
4.2481 0.0012015 -1.6821688 0.6773449 -0.43796591 0.63194403 -0.52958165 -0.35829580 0.006049 1789621431.055860281 20.839 32.666 0.068 0.00000 -1 ACTUAL_TF
4.3004 0.0015332 -1.6821692 0.6773778 -0.43795262 0.63194558 -0.52958349 -0.35830659 0.006018 1789621431.111926079 21.172 32.333 0.053 0.00000 -1 ACTUAL_TF
4.3564 0.0018800 -1.6821656 0.6774103 -0.43794753 0.63194760 -0.52958412 -0.35830833 0.006079 1789621431.167924643 21.520 31.985 0.041 0.00000 -1 ACTUAL_TF
4.4208 0.0021465 -1.6821597 0.6774289 -0.43793969 0.63195416 -0.52957741 -0.35831625 0.005685 1789621431.223967552 21.787 31.717 0.039 0.00000 -1 ACTUAL_TF
4.4673 0.0025140 -1.6821471 0.6774590 -0.43794010 0.63194917 -0.52958206 -0.35831769 0.005961 1789621431.279830217 22.156 31.348 0.036 0.00000 -1 ACTUAL_TF
4.5229 0.0028322 -1.6821389 0.6774816 -0.43794165 0.63194498 -0.52958634 -0.35831683 0.005878 1789621431.335978508 22.475 31.029 0.034 0.00000 -1 ACTUAL_TF
4.5786 0.0031867 -1.6821264 0.6775134 -0.43793786 0.63194435 -0.52958698 -0.35832164 0.006015 1789621431.392210007 22.831 30.673 0.029 0.00000 -1 ACTUAL_TF
4.6354 0.0034852 -1.6821157 0.6775283 -0.43794196 0.63194291 -0.52958727 -0.35831874 0.005822 1789621431.447863102 23.130 30.374 0.034 0.00000 -1 ACTUAL_TF
4.6933 0.0039132 -1.6821002 0.6775669 -0.43795418 0.63192719 -0.52960459 -0.35830594 0.006376 1789621431.503943443 23.560 29.944 0.028 0.00000 -1 ACTUAL_TF
4.7525 0.0041812 -1.6820869 0.6775876 -0.43794398 0.63193667 -0.52959582 -0.35831466 0.005907 1789621431.559884787 23.829 29.675 0.029 0.00000 -1 ACTUAL_TF
4.8017 0.0045270 -1.6820811 0.6776172 -0.43793548 0.63193800 -0.52959731 -0.35832049 0.005991 1789621431.615967512 24.176 29.328 0.021 0.00000 -1 ACTUAL_TF
4.8600 0.0049167 -1.6820614 0.6776509 -0.43794303 0.63192505 -0.52960774 -0.35831866 0.006288 1789621431.672066450 24.568 28.937 0.022 0.00000 -1 ACTUAL_TF
4.9178 0.0052019 -1.6820597 0.6776751 -0.43793422 0.63192669 -0.52960775 -0.35832655 0.005938 1789621431.727980614 24.854 28.651 0.013 0.00000 -1 ACTUAL_TF
4.9682 0.0055671 -1.6820518 0.6777059 -0.43794129 0.63192210 -0.52961146 -0.35832052 0.006123 1789621431.783897400 25.221 28.284 0.006 0.00000 -1 ACTUAL_TF
5.0325 0.0058577 -1.6820462 0.6777319 -0.43793453 0.63192370 -0.52960967 -0.35832859 0.005846 1789621431.840008974 25.512 27.992 0.003 0.00000 -1 ACTUAL_TF
5.0781 0.0061881 -1.6820419 0.6777583 -0.43792588 0.63192823 -0.52960666 -0.35833563 0.005868 1789621431.896013021 25.844 27.661 0.009 0.00000 -1 ACTUAL_TF
5.1520 0.0064629 -1.6820285 0.6777686 -0.43792251 0.63194217 -0.52959186 -0.35833704 0.005587 1789621431.951839447 26.119 27.386 0.006 0.00000 -1 ACTUAL_TF
5.2039 0.0068828 -1.6820081 0.6777991 -0.43793415 0.63193433 -0.52960092 -0.35832325 0.006163 1789621432.007993698 26.540 26.964 0.004 0.00000 -1 ACTUAL_TF
5.2516 0.0071874 -1.6820049 0.6778261 -0.43792966 0.63193318 -0.52960544 -0.35832407 0.005951 1789621432.064049006 26.846 26.659 0.007 0.00000 -1 ACTUAL_TF
5.3103 0.0075663 -1.6819920 0.6778502 -0.43794155 0.63192837 -0.52960866 -0.35831326 0.006200 1789621432.120060682 27.226 26.279 0.007 0.00000 -1 ACTUAL_TF
5.3618 0.0079072 -1.6819730 0.6778662 -0.43793811 0.63193925 -0.52959559 -0.35831760 0.006173 1789621432.176012516 27.567 25.937 0.011 0.00000 -1 ACTUAL_TF
5.4197 0.0082377 -1.6819634 0.6778998 -0.43794563 0.63192702 -0.52960858 -0.35831079 0.006103 1789621432.231961966 27.900 25.605 0.003 0.00000 -1 ACTUAL_TF
5.4824 0.0086001 -1.6819491 0.6779209 -0.43794593 0.63193293 -0.52960452 -0.35830601 0.006208 1789621432.288244963 28.263 25.242 0.006 0.00000 -1 ACTUAL_TF
5.5393 0.0089104 -1.6819296 0.6779428 -0.43794975 0.63193447 -0.52959919 -0.35830648 0.006022 1789621432.344042540 28.574 24.930 0.009 0.00000 -1 ACTUAL_TF
5.5891 0.0092564 -1.6819196 0.6779674 -0.43795227 0.63193591 -0.52959148 -0.35831226 0.006081 1789621432.399825811 28.921 24.583 0.007 0.00000 -1 ACTUAL_TF
5.6441 0.0095539 -1.6819178 0.6779975 -0.43794862 0.63193441 -0.52959674 -0.35831160 0.005853 1789621432.456031799 29.220 24.284 0.006 0.00000 -1 ACTUAL_TF
5.7065 0.0099040 -1.6819063 0.6780238 -0.43793986 0.63194195 -0.52959235 -0.35831549 0.005982 1789621432.511948109 29.572 23.933 0.007 0.00000 -1 ACTUAL_TF
5.7572 0.0102413 -1.6818999 0.6780517 -0.43792918 0.63194654 -0.52959289 -0.35831967 0.006000 1789621432.567965984 29.910 23.595 0.014 0.00000 -1 ACTUAL_TF
5.8152 0.0105381 -1.6818945 0.6780773 -0.43792531 0.63194660 -0.52959740 -0.35831762 0.005798 1789621432.623912811 30.208 23.297 0.021 0.00000 -1 ACTUAL_TF
5.8672 0.0108891 -1.6818774 0.6780937 -0.43792289 0.63195878 -0.52958557 -0.35831658 0.005944 1789621432.679878712 30.559 22.945 0.013 0.00000 -1 ACTUAL_TF
5.9195 0.0112239 -1.6818606 0.6781185 -0.43793442 0.63194643 -0.52959324 -0.35831292 0.005953 1789621432.736166716 30.896 22.609 0.009 0.00000 -1 ACTUAL_TF
5.9801 0.0115842 -1.6818484 0.6781446 -0.43793720 0.63194635 -0.52959167 -0.35831198 0.006110 1789621432.791971922 31.257 22.248 0.010 0.00000 -1 ACTUAL_TF
6.0385 0.0118984 -1.6818346 0.6781624 -0.43794037 0.63194584 -0.52959109 -0.35830987 0.005966 1789621432.847937822 31.572 21.933 0.007 0.00000 -1 ACTUAL_TF
6.0900 0.0122468 -1.6818257 0.6781917 -0.43793232 0.63195018 -0.52959064 -0.35831271 0.006055 1789621432.903761625 31.922 21.583 0.011 0.00000 -1 ACTUAL_TF
6.1461 0.0125770 -1.6818150 0.6782172 -0.43793788 0.63194086 -0.52960248 -0.35830487 0.006000 1789621432.960178375 32.253 21.252 0.013 0.00000 -1 ACTUAL_TF
6.2043 0.0129341 -1.6817952 0.6782425 -0.43793126 0.63194824 -0.52959607 -0.35830940 0.006125 1789621433.016064644 32.611 20.893 0.007 0.00000 -1 ACTUAL_TF
6.2627 0.0132834 -1.6817819 0.6782657 -0.43792963 0.63195112 -0.52959300 -0.35831085 0.006171 1789621433.071881056 32.962 20.543 0.005 0.00000 -1 ACTUAL_TF
6.3165 0.0135894 -1.6817722 0.6782949 -0.43793290 0.63194333 -0.52960050 -0.35830952 0.005965 1789621433.127949715 33.269 20.235 0.011 0.00000 -1 ACTUAL_TF
6.3767 0.0139488 -1.6817660 0.6783287 -0.43792963 0.63194024 -0.52960394 -0.35831389 0.006107 1789621433.184023619 33.630 19.874 0.021 0.00000 -1 ACTUAL_TF
6.4276 0.0142339 -1.6817496 0.6783440 -0.43792634 0.63194692 -0.52959725 -0.35831602 0.005811 1789621433.239870071 33.916 19.589 0.014 0.00000 -1 ACTUAL_TF
6.4853 0.0145925 -1.6817328 0.6783608 -0.43792830 0.63195026 -0.52959314 -0.35831379 0.005991 1789621433.295941353 34.275 19.229 0.004 0.00000 -1 ACTUAL_TF
6.5351 0.0148895 -1.6817197 0.6783770 -0.43792374 0.63195659 -0.52958799 -0.35831582 0.005792 1789621433.351827383 34.573 18.932 0.003 0.00000 -1 ACTUAL_TF
6.5940 0.0152526 -1.6817158 0.6784139 -0.43792000 0.63195098 -0.52959753 -0.35831618 0.006008 1789621433.407874107 34.938 18.567 0.013 0.00000 -1 ACTUAL_TF
6.6521 0.0155781 -1.6816902 0.6784257 -0.43793447 0.63194863 -0.52959654 -0.35830412 0.005953 1789621433.463958263 35.264 18.241 0.005 0.00000 -1 ACTUAL_TF
6.7124 0.0159143 -1.6816877 0.6784599 -0.43792273 0.63194835 -0.52959955 -0.35831450 0.005983 1789621433.519795418 35.602 17.903 0.009 0.00000 -1 ACTUAL_TF
6.7647 0.0163193 -1.6816656 0.6784794 -0.43793617 0.63194106 -0.52960578 -0.35830172 0.006360 1789621433.575875521 36.007 17.497 0.003 0.00000 -1 ACTUAL_TF
6.8166 0.0165881 -1.6816464 0.6784937 -0.43792911 0.63195169 -0.52959352 -0.35830973 0.005895 1789621433.631987810 36.277 17.228 0.014 0.00000 -1 ACTUAL_TF
6.8777 0.0169765 -1.6816306 0.6785178 -0.43793540 0.63194506 -0.52960182 -0.35830145 0.006209 1789621433.688078642 36.667 16.838 0.017 0.00000 -1 ACTUAL_TF
6.9349 0.0172556 -1.6816179 0.6785346 -0.43792864 0.63195281 -0.52959397 -0.35830767 0.005850 1789621433.743926764 36.946 16.558 0.022 0.00000 -1 ACTUAL_TF
6.9871 0.0176025 -1.6816042 0.6785611 -0.43792312 0.63195547 -0.52959218 -0.35831236 0.005958 1789621433.799997807 37.295 16.210 0.021 0.00000 -1 ACTUAL_TF
7.0522 0.0178825 -1.6816005 0.6785886 -0.43791829 0.63195197 -0.52959689 -0.35831746 0.005657 1789621433.856781483 37.576 15.929 0.012 0.00000 -1 ACTUAL_TF
7.0981 0.0182695 -1.6815910 0.6786170 -0.43792450 0.63194422 -0.52960505 -0.35831150 0.006068 1789621433.912014484 37.964 15.541 0.008 0.00000 -1 ACTUAL_TF
7.1603 0.0186454 -1.6815739 0.6786367 -0.43793394 0.63193979 -0.52960506 -0.35830776 0.006273 1789621433.967834949 38.341 15.164 0.016 0.00000 -1 ACTUAL_TF
7.2092 0.0189362 -1.6815579 0.6786537 -0.43793447 0.63193961 -0.52960149 -0.35831269 0.005951 1789621434.023931026 38.632 14.872 0.022 0.00000 -1 ACTUAL_TF
7.2702 0.0193255 -1.6815423 0.6786894 -0.43793521 0.63192933 -0.52961335 -0.35831240 0.006264 1789621434.079875708 39.023 14.481 0.018 0.00000 -1 ACTUAL_TF
7.3212 0.0195817 -1.6815384 0.6787024 -0.43792200 0.63194184 -0.52960233 -0.35832277 0.005762 1789621434.135746479 39.280 14.225 0.018 0.00000 -1 ACTUAL_TF
7.3787 0.0199486 -1.6815251 0.6787248 -0.43792863 0.63193972 -0.52960650 -0.35831224 0.005999 1789621434.191900730 39.648 13.857 0.022 0.00000 -1 ACTUAL_TF
7.4376 0.0202622 -1.6815111 0.6787421 -0.43792977 0.63194395 -0.52960151 -0.35831077 0.005882 1789621434.247938395 39.962 13.543 0.027 0.00000 -1 ACTUAL_TF
7.4890 0.0206487 -1.6814844 0.6787572 -0.43794266 0.63194149 -0.52959967 -0.35830206 0.006194 1789621434.303963423 40.349 13.155 0.045 0.00000 -1 ACTUAL_TF
7.5528 0.0209190 -1.6814736 0.6787753 -0.43793597 0.63195098 -0.52958801 -0.35831073 0.005785 1789621434.360079050 40.620 12.884 0.047 0.00000 -1 ACTUAL_TF
7.6050 0.0212955 -1.6814555 0.6788013 -0.43794033 0.63195011 -0.52958705 -0.35830836 0.006074 1789621434.416048288 40.998 12.506 0.050 0.00000 -1 ACTUAL_TF
7.6650 0.0216573 -1.6814403 0.6788206 -0.43794354 0.63195319 -0.52958218 -0.35830620 0.006196 1789621434.472008228 41.361 12.144 0.057 0.00000 -1 ACTUAL_TF
7.7123 0.0219584 -1.6814354 0.6788438 -0.43794501 0.63195177 -0.52958408 -0.35830411 0.005949 1789621434.528229237 41.663 11.842 0.052 0.00000 -1 ACTUAL_TF
7.7777 0.0223070 -1.6814181 0.6788604 -0.43794022 0.63196297 -0.52957130 -0.35830909 0.006050 1789621434.583821297 42.012 11.493 0.062 0.00000 -1 ACTUAL_TF
7.8304 0.0226321 -1.6814059 0.6788803 -0.43794795 0.63196014 -0.52957504 -0.35829911 0.005980 1789621434.639844894 42.338 11.167 0.065 0.00000 -1 ACTUAL_TF
7.8916 0.0230145 -1.6813933 0.6789140 -0.43794956 0.63195409 -0.52958098 -0.35829904 0.006239 1789621434.695973158 42.722 10.783 0.059 0.00000 -1 ACTUAL_TF
7.9386 0.0233416 -1.6813674 0.6789287 -0.43795852 0.63195576 -0.52957661 -0.35829159 0.006131 1789621434.751841307 43.050 10.455 0.074 0.00000 -1 ACTUAL_TF
7.9937 0.0236999 -1.6813526 0.6789547 -0.43795812 0.63195542 -0.52957719 -0.35829183 0.006217 1789621434.807877779 43.410 10.095 0.075 0.00000 -1 ACTUAL_TF
8.0537 0.0239651 -1.6813519 0.6789783 -0.43794196 0.63196591 -0.52957030 -0.35830326 0.005776 1789621434.863940716 43.676 9.829 0.066 0.00000 -1 ACTUAL_TF
8.1118 0.0243195 -1.6813365 0.6790011 -0.43794378 0.63196699 -0.52956774 -0.35830290 0.005949 1789621434.919923782 44.031 9.473 0.070 0.00000 -1 ACTUAL_TF
8.1638 0.0246751 -1.6813228 0.6790288 -0.43794842 0.63196475 -0.52956330 -0.35830775 0.006050 1789621434.976706982 44.388 9.117 0.069 0.00000 -1 ACTUAL_TF
8.2181 0.0250114 -1.6813166 0.6790599 -0.43795810 0.63195048 -0.52957589 -0.35830249 0.006074 1789621435.031792402 44.726 8.779 0.060 0.00000 -1 ACTUAL_TF
8.2769 0.0253712 -1.6813012 0.6790807 -0.43794827 0.63196099 -0.52956975 -0.35830502 0.006183 1789621435.087841749 45.086 8.418 0.065 0.00000 -1 ACTUAL_TF
8.3366 0.0256953 -1.6812877 0.6791073 -0.43795212 0.63195791 -0.52957455 -0.35829867 0.006071 1789621435.143846512 45.412 8.093 0.064 0.00000 -1 ACTUAL_TF
8.3843 0.0260368 -1.6812854 0.6791356 -0.43793738 0.63196484 -0.52957279 -0.35830706 0.006086 1789621435.199843407 45.754 7.750 0.055 0.00000 -1 ACTUAL_TF
8.4432 0.0263778 -1.6812717 0.6791653 -0.43793947 0.63195995 -0.52957626 -0.35830800 0.006094 1789621435.255893946 46.097 7.408 0.051 0.00000 -1 ACTUAL_TF
8.5007 0.0267769 -1.6812748 0.6792150 -0.43793310 0.63194981 -0.52958882 -0.35831512 0.006424 1789621435.311799049 46.498 7.007 0.024 0.00000 -1 ACTUAL_TF
8.5584 0.0271706 -1.6812647 0.6792509 -0.43793123 0.63194657 -0.52959418 -0.35831518 0.006612 1789621435.367878675 46.894 6.611 0.016 0.00000 -1 ACTUAL_TF
8.6154 0.0275126 -1.6812476 0.6792726 -0.43793049 0.63194794 -0.52959401 -0.35831394 0.006455 1789621435.424223900 47.237 6.268 0.021 0.00000 -1 ACTUAL_TF
8.6635 0.0279106 -1.6812253 0.6792931 -0.43793596 0.63194825 -0.52959162 -0.35831024 0.006671 1789621435.479862928 47.636 5.869 0.032 0.00000 -1 ACTUAL_TF
8.7258 0.0282522 -1.6812126 0.6793229 -0.43793898 0.63193986 -0.52960149 -0.35830674 0.006505 1789621435.535935640 47.979 5.526 0.028 0.00000 -1 ACTUAL_TF
8.7914 0.0285834 -1.6812131 0.6793571 -0.43792237 0.63195137 -0.52959375 -0.35831820 0.006342 1789621435.591806412 48.311 5.193 0.012 0.00000 -1 ACTUAL_TF
8.8375 0.0289034 -1.6812138 0.6793889 -0.43791824 0.63195137 -0.52959529 -0.35832096 0.006158 1789621435.647917509 48.632 4.872 0.004 0.00000 -1 ACTUAL_TF
8.8886 0.0292676 -1.6812040 0.6794159 -0.43791936 0.63194898 -0.52959312 -0.35832701 0.006268 1789621435.703915119 48.998 4.507 0.007 0.00000 -1 ACTUAL_TF
8.9505 0.0295995 -1.6811872 0.6794345 -0.43792743 0.63194458 -0.52959609 -0.35832051 0.006174 1789621435.759827375 49.331 4.174 0.005 0.00000 -1 ACTUAL_TF
9.0036 0.0299509 -1.6811730 0.6794537 -0.43792524 0.63194883 -0.52959720 -0.35831407 0.006205 1789621435.815921783 49.683 3.822 0.010 0.00000 -1 ACTUAL_TF
9.0622 0.0302817 -1.6811604 0.6794735 -0.43792131 0.63195117 -0.52959840 -0.35831296 0.006114 1789621435.872111320 50.014 3.490 0.014 0.00000 -1 ACTUAL_TF
9.1225 0.0305435 -1.6811487 0.6794937 -0.43792362 0.63194750 -0.52960072 -0.35831319 0.005694 1789621435.927863598 50.277 3.228 0.013 0.00000 -1 ACTUAL_TF
9.1713 0.0309010 -1.6811386 0.6795275 -0.43793115 0.63193499 -0.52961446 -0.35830572 0.005911 1789621435.983840227 50.636 2.868 0.005 0.00000 -1 ACTUAL_TF
9.2291 0.0311192 -1.6811203 0.6795278 -0.43793227 0.63194496 -0.52959763 -0.35831166 0.005311 1789621436.039839506 50.854 2.650 0.023 0.00000 -1 ACTUAL_TF
9.2865 0.0313974 -1.6811051 0.6795476 -0.43793425 0.63194454 -0.52959580 -0.35831270 0.005210 1789621436.096009493 51.134 2.371 0.025 0.00000 -1 ACTUAL_TF
9.3440 0.0316285 -1.6810948 0.6795652 -0.43793383 0.63194260 -0.52959839 -0.35831279 0.004892 1789621436.151900768 51.366 2.139 0.026 0.00000 -1 ACTUAL_TF
9.3948 0.0318599 -1.6810904 0.6795872 -0.43792604 0.63194146 -0.52960075 -0.35832084 0.004669 1789621436.207948446 51.598 1.907 0.019 0.00000 -1 ACTUAL_TF
9.4528 0.0320988 -1.6810805 0.6796076 -0.43793352 0.63193439 -0.52960802 -0.35831341 0.004553 1789621436.263958216 51.838 1.667 0.018 0.00000 -1 ACTUAL_TF
9.5082 0.0322718 -1.6810725 0.6796183 -0.43793429 0.63193303 -0.52961033 -0.35831147 0.004118 1789621436.319909334 52.012 1.493 0.020 0.00000 -1 ACTUAL_TF
9.5645 0.0324431 -1.6810701 0.6796300 -0.43793346 0.63193446 -0.52961111 -0.35830881 0.003802 1789621436.375942469 52.183 1.321 0.018 0.00000 -1 ACTUAL_TF
9.6181 0.0325504 -1.6810608 0.6796359 -0.43793019 0.63193836 -0.52960564 -0.35831401 0.003241 1789621436.431775331 52.291 1.214 0.023 0.00000 -1 ACTUAL_TF
9.6756 0.0326940 -1.6810584 0.6796502 -0.43792989 0.63193483 -0.52960999 -0.35831418 0.003040 1789621436.487892628 52.435 1.069 0.018 0.00000 -1 ACTUAL_TF
9.7305 0.0327749 -1.6810537 0.6796502 -0.43792469 0.63193993 -0.52960428 -0.35831996 0.002562 1789621436.543852806 52.516 0.989 0.024 0.00000 -1 ACTUAL_TF
9.7913 0.0328797 -1.6810496 0.6796557 -0.43792209 0.63194363 -0.52959974 -0.35832334 0.002356 1789621436.599931955 52.621 0.884 0.025 0.00000 -1 ACTUAL_TF
9.8500 0.0329814 -1.6810467 0.6796581 -0.43792438 0.63194398 -0.52959783 -0.35832273 0.002194 1789621436.655959368 52.723 0.782 0.029 0.00000 -1 ACTUAL_TF
9.8986 0.0330985 -1.6810430 0.6796648 -0.43792207 0.63194609 -0.52959540 -0.35832542 0.002164 1789621436.711984873 52.840 0.665 0.030 0.00000 -1 ACTUAL_TF
9.9544 0.0332389 -1.6810359 0.6796715 -0.43792287 0.63194599 -0.52959520 -0.35832492 0.002270 1789621436.767916441 52.981 0.524 0.034 0.00000 -1 ACTUAL_TF
10.0173 0.0333746 -1.6810310 0.6796829 -0.43792541 0.63194338 -0.52959622 -0.35832490 0.002319 1789621436.823934078 53.117 0.388 0.032 0.00000 -1 ACTUAL_TF
