WELD FEEDBACK LOG
result=completed
started=2026-09-16 11:57:28
ended=2026-09-16 11:57:45
elapsed_seconds=17.411

================ OPERATOR OVERVIEW ================
REQUESTED : 230 A / 26.5 V · FE-SOLID 1.2 mm · LSM · CO2 100%
RX ECHO   : 230 A / 26.5 V · MATCH=YES
CURRENT FB: no positive feedback A
VOLTAGE FB: no positive feedback V
WIRE FEED : no positive feedback m/min
ARC ON    : 0.000 s
NET WELD  : 0.000 s
WIRE USED : 0.000 mm (base 0.000 + alpha 0.000)
WCR       : NOT DETECTED
SAMPLES   : RX 435 / welding 0 / TCP 312
===================================================

[commanded]
current_a=230
voltage_tenths=265
voltage=26.5
material=FE-SOLID
diameter_mm=1.2
mode=LSM
gas=CO2 100%
synergic=False
correction=0.0
hot_start_enabled=True
hot_start_percent=20.0
hot_start_hold_adjustment=-1
crater_enabled=False
crater_percent=26.08695652173913
crater_current_a=60.0
crater_voltage_v=25.0
crater_seconds=1.0
wire_consumable_alpha_mm=0.0
hot_start_current_a=276

[rx_setting_echo]
current_a=230
voltage_v=26.5
hot_start_current_a=0
hot_start_hold_adjustment=-15

[rx_welding_setting_echo]

[execution_conditions]
mode=sequence_execute
run_all=True
touch_io_backend=fastech_ethernet
touch_input_port=4
touch_sensing_output_port=0
fastech_ip=192.168.0.3
fastech_poll_target_hz=100.0
hicomm_source_ip=192.168.1.2
hicomm_welder_ip=192.168.1.10
hicomm_port=60000
gui_velocity_percent=36.95263157894737
gui_speed_mode=scale
gui_tcp_speed_mm_s=10.0
gui_interpolation_step_mm=5.0
seam_orientation_mode=Wait poses + fixed World-XYZ tilt
weld_fixed_tilt_x_deg=0.0
weld_fixed_tilt_y_deg=0.0
weld_fixed_tilt_z_deg=-0.0
weld_weave_enabled=True
weld_weave_pattern=capping
capping_width_mm=2.0
capping_pitch_mm=5.0
capping_left_dwell_s=0.2
capping_right_dwell_s=0.2
weld_weave_amplitude_mm=1.0
weld_weave_cycles=4
weld_weave_samples_per_cycle=8
weld_weave_axis=tool_x
weld_lead_in_mm=0.0
weld_lead_out_mm=5.0
weld_safe_approach_mm=31.0
weld_approach_mode=taught_wait
weld_pre_start_lead_mm=0.0
weld_tcp_speed_mm_s=3.5
weld_arc_off_delay_ms=500.0
tcp_tracking.parent_frame=World
tcp_tracking.child_frame=right_manipulator_ee_point
tcp_tracking.timestamp_source=TF_header_stamp
initial_fastech_di0=False
initial_fastech_do0=True
robot_connected.left=True
robot_connected.right=True
robot_connected.head=True
hicomm_connected=True
execution_allowed=True
steps[0].sequence_number=1
steps[0].type=named_pose
steps[0].parallel_slot=1
steps[0].duration=0.0
steps[0].planning_group=right_manipulator
steps[0].velocity_scale=0.3695263157894737
steps[0].tcp_speed_m_s=0.0
steps[0].pose_name=weld_start_wait
steps[0].pose_label=3 · Weld start wait pose
steps[0].touch_guard=False
steps[0].continue_after_touch=False
steps[0].weld_scenario_id=weld-10485323755869
steps[0].weld_scenario_stage=start_wait
steps[0].target_tcp.position_m.x=0.08098685954064838
steps[0].target_tcp.position_m.y=-1.6747422265354
steps[0].target_tcp.position_m.z=0.6789434037047843
steps[0].target_tcp.orientation_xyzw.x=-0.4088846865681994
steps[0].target_tcp.orientation_xyzw.y=0.6647882465744674
steps[0].target_tcp.orientation_xyzw.z=-0.5355884798279715
steps[0].target_tcp.orientation_xyzw.w=-0.3225133804697611
steps[0].joint_names[0]=right_manipulator_joint1
steps[0].joint_names[1]=right_manipulator_joint2
steps[0].joint_names[2]=right_manipulator_joint3
steps[0].joint_names[3]=right_manipulator_joint4
steps[0].joint_names[4]=right_manipulator_joint5
steps[0].joint_names[5]=right_manipulator_joint6
steps[0].joint_positions_rad[0]=5.200373302725359
steps[0].joint_positions_rad[1]=1.3032875210927808
steps[0].joint_positions_rad[2]=1.8723412633346066
steps[0].joint_positions_rad[3]=3.6169064544121925
steps[0].joint_positions_rad[4]=1.381000425914056
steps[0].joint_positions_rad[5]=1.5405192478359493
steps[1].sequence_number=2
steps[1].type=motion
steps[1].parallel_slot=2
steps[1].duration=0.0
steps[1].planning_group=right_manipulator
steps[1].velocity_scale=0.3695263157894737
steps[1].tcp_speed_m_s=0.0
steps[1].interpolation_step=0.005
steps[1].path_kind=taught_wait_align_weld_attitude
steps[1].touch_guard=False
steps[1].continue_after_touch=False
steps[1].accept_initial_touch=False
steps[1].weld_scenario_id=weld-10485323755869
steps[1].weld_scenario_stage=start_safe
steps[1].waypoint_count=1
steps[1].waypoints[0].position_m.x=0.08098685954064838
steps[1].waypoints[0].position_m.y=-1.6747422265354
steps[1].waypoints[0].position_m.z=0.6789434037047843
steps[1].waypoints[0].orientation_xyzw.x=-0.4088374022577407
steps[1].waypoints[0].orientation_xyzw.y=0.6647932156182271
steps[1].waypoints[0].orientation_xyzw.z=-0.5356340755596819
steps[1].waypoints[0].orientation_xyzw.w=-0.3224873580195739
steps[2].sequence_number=3
steps[2].type=motion
steps[2].parallel_slot=3
steps[2].duration=0.0
steps[2].planning_group=right_manipulator
steps[2].velocity_scale=0.3695263157894737
steps[2].tcp_speed_m_s=0.0
steps[2].interpolation_step=0.005
steps[2].path_kind=taught_wait_to_weld_start
steps[2].touch_guard=False
steps[2].continue_after_touch=True
steps[2].accept_initial_touch=False
steps[2].weld_scenario_id=weld-10485323755869
steps[2].weld_scenario_stage=start_contact
steps[2].waypoint_count=1
steps[2].waypoints[0].position_m.x=0.08102587176421505
steps[2].waypoints[0].position_m.y=-1.6776512905974912
steps[2].waypoints[0].position_m.z=0.6764859562873442
steps[2].waypoints[0].orientation_xyzw.x=-0.4088374022577407
steps[2].waypoints[0].orientation_xyzw.y=0.6647932156182271
steps[2].waypoints[0].orientation_xyzw.z=-0.5356340755596819
steps[2].waypoints[0].orientation_xyzw.w=-0.3224873580195739
steps[3].sequence_number=4
steps[3].type=digital_weld
steps[3].parallel_slot=5
steps[3].duration=0.0
steps[3].command=on
steps[3].weld_scenario_id=weld-10485323755869
steps[3].weld_scenario_stage=arc_on
steps[3].settings.current_a=230
steps[3].settings.voltage_tenths=265
steps[3].settings.voltage=26.5
steps[3].settings.material=FE-SOLID
steps[3].settings.diameter_mm=1.2
steps[3].settings.mode=LSM
steps[3].settings.gas=CO2 100%
steps[3].settings.synergic=False
steps[3].settings.correction=0.0
steps[3].settings.hot_start_enabled=True
steps[3].settings.hot_start_percent=20.0
steps[3].settings.hot_start_hold_adjustment=-1
steps[3].settings.crater_enabled=False
steps[3].settings.crater_percent=26.08695652173913
steps[3].settings.crater_current_a=60.0
steps[3].settings.crater_voltage_v=25.0
steps[3].settings.crater_seconds=1.0
steps[3].settings.wire_consumable_alpha_mm=0.0
steps[3].settings.hot_start_current_a=276
steps[4].sequence_number=5
steps[4].type=motion
steps[4].parallel_slot=5
steps[4].duration=0.0
steps[4].planning_group=right_manipulator
steps[4].velocity_scale=0.3695263157894737
steps[4].tcp_speed_m_s=0.004563199101522237
steps[4].interpolation_step=0.005
steps[4].path_kind=continuous_capping_weave_over_taught_goal_fastech_di0_ignored
steps[4].touch_guard=False
steps[4].weld_scenario_id=weld-10485323755869
steps[4].weld_scenario_stage=weld_motion
steps[4].lead_in_mm=0.0
steps[4].lead_out_mm=5.0
steps[4].linear_motion_profile=False
steps[4].path_to_seam_speed_factor=0.7670057611188684
steps[4].waypoint_hold_s[0]=0.0
steps[4].waypoint_hold_s[1]=0.2
steps[4].waypoint_hold_s[2]=0.2
steps[4].waypoint_hold_s[3]=0.2
steps[4].waypoint_hold_s[4]=0.2
steps[4].waypoint_hold_s[5]=0.2
steps[4].waypoint_hold_s[6]=0.2
steps[4].waypoint_hold_s[7]=0.2
steps[4].waypoint_hold_s[8]=0.2
steps[4].waypoint_hold_s[9]=0.2
steps[4].waypoint_hold_s[10]=0.2
steps[4].waypoint_hold_s[11]=0.2
steps[4].waypoint_hold_s[12]=0.2
steps[4].waypoint_hold_s[13]=0.2
steps[4].waypoint_hold_s[14]=0.2
steps[4].waypoint_hold_s[15]=0.2
steps[4].waypoint_hold_s[16]=0.2
steps[4].waypoint_hold_s[17]=0.2
steps[4].waypoint_hold_s[18]=0.2
steps[4].waypoint_hold_s[19]=0.0
steps[4].waypoint_hold_s[20]=0.0
steps[4].capping_width_mm=2.0
steps[4].capping_pitch_mm=5.0
steps[4].capping_left_dwell_s=0.2
steps[4].capping_right_dwell_s=0.2
steps[4].waypoint_count=21
steps[4].waypoints[0].position_m.x=0.08102587176421505
steps[4].waypoints[0].position_m.y=-1.6776512905974912
steps[4].waypoints[0].position_m.z=0.6764859562873442
steps[4].waypoints[0].orientation_xyzw.x=-0.4088374022577407
steps[4].waypoints[0].orientation_xyzw.y=0.6647932156182271
steps[4].waypoints[0].orientation_xyzw.z=-0.5356340755596819
steps[4].waypoints[0].orientation_xyzw.w=-0.3224873580195739
steps[4].waypoints[1].position_m.x=0.08213566933141042
steps[4].waypoints[1].position_m.y=-1.6765572507869928
steps[4].waypoints[1].position_m.z=0.676466809059187
steps[4].waypoints[1].orientation_xyzw.x=-0.4088374022577407
steps[4].waypoints[1].orientation_xyzw.y=0.6647932156182271
steps[4].waypoints[1].orientation_xyzw.z=-0.5356340755596819
steps[4].waypoints[1].orientation_xyzw.w=-0.3224873580195739
steps[4].waypoints[2].position_m.x=0.08468110373738517
steps[4].waypoints[2].position_m.y=-1.6783558776725118
steps[4].waypoints[2].position_m.z=0.6764285146028726
steps[4].waypoints[2].orientation_xyzw.x=-0.4088374022577407
steps[4].waypoints[2].orientation_xyzw.y=0.6647932156182271
steps[4].waypoints[2].orientation_xyzw.z=-0.5356340755596819
steps[4].waypoints[2].orientation_xyzw.w=-0.3224873580195739
steps[4].waypoints[3].position_m.x=0.0869006988717759
steps[4].waypoints[3].position_m.y=-1.676167798051515
steps[4].waypoints[3].position_m.z=0.676390220146558
steps[4].waypoints[3].orientation_xyzw.x=-0.4088374022577407
steps[4].waypoints[3].orientation_xyzw.y=0.6647932156182271
steps[4].waypoints[3].orientation_xyzw.z=-0.5356340755596819
steps[4].waypoints[3].orientation_xyzw.w=-0.3224873580195739
steps[4].waypoints[4].position_m.x=0.08944613327775065
steps[4].waypoints[4].position_m.y=-1.6779664249370343
steps[4].waypoints[4].position_m.z=0.6763519256902436
steps[4].waypoints[4].orientation_xyzw.x=-0.4088374022577407
steps[4].waypoints[4].orientation_xyzw.y=0.6647932156182271
steps[4].waypoints[4].orientation_xyzw.z=-0.5356340755596819
steps[4].waypoints[4].orientation_xyzw.w=-0.3224873580195739
steps[4].waypoints[5].position_m.x=0.09166572841214138
steps[4].waypoints[5].position_m.y=-1.6757783453160375
steps[4].waypoints[5].position_m.z=0.6763136312339291
steps[4].waypoints[5].orientation_xyzw.x=-0.4088374022577407
steps[4].waypoints[5].orientation_xyzw.y=0.6647932156182271
steps[4].waypoints[5].orientation_xyzw.z=-0.5356340755596819
steps[4].waypoints[5].orientation_xyzw.w=-0.3224873580195739
steps[4].waypoints[6].position_m.x=0.09421116281811613
steps[4].waypoints[6].position_m.y=-1.6775769722015565
steps[4].waypoints[6].position_m.z=0.6762753367776146
steps[4].waypoints[6].orientation_xyzw.x=-0.4088374022577407
steps[4].waypoints[6].orientation_xyzw.y=0.6647932156182271
steps[4].waypoints[6].orientation_xyzw.z=-0.5356340755596819
steps[4].waypoints[6].orientation_xyzw.w=-0.3224873580195739
steps[4].waypoints[7].position_m.x=0.09643075795250686
steps[4].waypoints[7].position_m.y=-1.6753888925805598
steps[4].waypoints[7].position_m.z=0.6762370423213002
steps[4].waypoints[7].orientation_xyzw.x=-0.4088374022577407
steps[4].waypoints[7].orientation_xyzw.y=0.6647932156182271
steps[4].waypoints[7].orientation_xyzw.z=-0.5356340755596819
steps[4].waypoints[7].orientation_xyzw.w=-0.3224873580195739
steps[4].waypoints[8].position_m.x=0.09897619235848162
steps[4].waypoints[8].position_m.y=-1.6771875194660788
steps[4].waypoints[8].position_m.z=0.6761987478649858
steps[4].waypoints[8].orientation_xyzw.x=-0.4088374022577407
steps[4].waypoints[8].orientation_xyzw.y=0.6647932156182271
steps[4].waypoints[8].orientation_xyzw.z=-0.5356340755596819
steps[4].waypoints[8].orientation_xyzw.w=-0.3224873580195739
steps[4].waypoints[9].position_m.x=0.10119578749287234
steps[4].waypoints[9].position_m.y=-1.674999439845082
steps[4].waypoints[9].position_m.z=0.6761604534086713
steps[4].waypoints[9].orientation_xyzw.x=-0.4088374022577407
steps[4].waypoints[9].orientation_xyzw.y=0.6647932156182271
steps[4].waypoints[9].orientation_xyzw.z=-0.5356340755596819
steps[4].waypoints[9].orientation_xyzw.w=-0.3224873580195739
steps[4].waypoints[10].position_m.x=0.1037412218988471
steps[4].waypoints[10].position_m.y=-1.6767980667306013
steps[4].waypoints[10].position_m.z=0.6761221589523568
steps[4].waypoints[10].orientation_xyzw.x=-0.4088374022577407
steps[4].waypoints[10].orientation_xyzw.y=0.6647932156182271
steps[4].waypoints[10].orientation_xyzw.z=-0.5356340755596819
steps[4].waypoints[10].orientation_xyzw.w=-0.3224873580195739
steps[4].waypoints[11].position_m.x=0.10596081703323783
steps[4].waypoints[11].position_m.y=-1.6746099871096045
steps[4].waypoints[11].position_m.z=0.6760838644960423
steps[4].waypoints[11].orientation_xyzw.x=-0.4088374022577407
steps[4].waypoints[11].orientation_xyzw.y=0.6647932156182271
steps[4].waypoints[11].orientation_xyzw.z=-0.5356340755596819
steps[4].waypoints[11].orientation_xyzw.w=-0.3224873580195739
steps[4].waypoints[12].position_m.x=0.10850625143921258
steps[4].waypoints[12].position_m.y=-1.6764086139951235
steps[4].waypoints[12].position_m.z=0.6760455700397279
steps[4].waypoints[12].orientation_xyzw.x=-0.4088374022577407
steps[4].waypoints[12].orientation_xyzw.y=0.6647932156182271
steps[4].waypoints[12].orientation_xyzw.z=-0.5356340755596819
steps[4].waypoints[12].orientation_xyzw.w=-0.3224873580195739
steps[4].waypoints[13].position_m.x=0.1107258465736033
steps[4].waypoints[13].position_m.y=-1.6742205343741268
steps[4].waypoints[13].position_m.z=0.6760072755834134
steps[4].waypoints[13].orientation_xyzw.x=-0.4088374022577407
steps[4].waypoints[13].orientation_xyzw.y=0.6647932156182271
steps[4].waypoints[13].orientation_xyzw.z=-0.5356340755596819
steps[4].waypoints[13].orientation_xyzw.w=-0.3224873580195739
steps[4].waypoints[14].position_m.x=0.11327128097957806
steps[4].waypoints[14].position_m.y=-1.6760191612596458
steps[4].waypoints[14].position_m.z=0.675968981127099
steps[4].waypoints[14].orientation_xyzw.x=-0.4088374022577407
steps[4].waypoints[14].orientation_xyzw.y=0.6647932156182271
steps[4].waypoints[14].orientation_xyzw.z=-0.5356340755596819
steps[4].waypoints[14].orientation_xyzw.w=-0.3224873580195739
steps[4].waypoints[15].position_m.x=0.11549087611396879
steps[4].waypoints[15].position_m.y=-1.673831081638649
steps[4].waypoints[15].position_m.z=0.6759306866707845
steps[4].waypoints[15].orientation_xyzw.x=-0.4088374022577407
steps[4].waypoints[15].orientation_xyzw.y=0.6647932156182271
steps[4].waypoints[15].orientation_xyzw.z=-0.5356340755596819
steps[4].waypoints[15].orientation_xyzw.w=-0.3224873580195739
steps[4].waypoints[16].position_m.x=0.11803631051994354
steps[4].waypoints[16].position_m.y=-1.6756297085241683
steps[4].waypoints[16].position_m.z=0.6758923922144701
steps[4].waypoints[16].orientation_xyzw.x=-0.4088374022577407
steps[4].waypoints[16].orientation_xyzw.y=0.6647932156182271
steps[4].waypoints[16].orientation_xyzw.z=-0.5356340755596819
steps[4].waypoints[16].orientation_xyzw.w=-0.3224873580195739
steps[4].waypoints[17].position_m.x=0.12025590565433426
steps[4].waypoints[17].position_m.y=-1.6734416289031715
steps[4].waypoints[17].position_m.z=0.6758540977581555
steps[4].waypoints[17].orientation_xyzw.x=-0.4088374022577407
steps[4].waypoints[17].orientation_xyzw.y=0.6647932156182271
steps[4].waypoints[17].orientation_xyzw.z=-0.5356340755596819
steps[4].waypoints[17].orientation_xyzw.w=-0.3224873580195739
steps[4].waypoints[18].position_m.x=0.12280134006030902
steps[4].waypoints[18].position_m.y=-1.6752402557886905
steps[4].waypoints[18].position_m.z=0.6758158033018411
steps[4].waypoints[18].orientation_xyzw.x=-0.4088374022577407
steps[4].waypoints[18].orientation_xyzw.y=0.6647932156182271
steps[4].waypoints[18].orientation_xyzw.z=-0.5356340755596819
steps[4].waypoints[18].orientation_xyzw.w=-0.3224873580195739
steps[4].waypoints[19].position_m.x=0.12391113762750439
steps[4].waypoints[19].position_m.y=-1.6741462159781921
steps[4].waypoints[19].position_m.z=0.6757966560736839
steps[4].waypoints[19].orientation_xyzw.x=-0.4088374022577407
steps[4].waypoints[19].orientation_xyzw.y=0.6647932156182271
steps[4].waypoints[19].orientation_xyzw.z=-0.5356340755596819
steps[4].waypoints[19].orientation_xyzw.w=-0.3224873580195739
steps[4].waypoints[20].position_m.x=0.12889388143833605
steps[4].waypoints[20].position_m.y=-1.6737389691414466
steps[4].waypoints[20].position_m.z=0.6757165678124996
steps[4].waypoints[20].orientation_xyzw.x=-0.4088374022577407
steps[4].waypoints[20].orientation_xyzw.y=0.6647932156182271
steps[4].waypoints[20].orientation_xyzw.z=-0.5356340755596819
steps[4].waypoints[20].orientation_xyzw.w=-0.3224873580195739
steps[4].lead_start.position_m.x=0.08102587176421505
steps[4].lead_start.position_m.y=-1.6776512905974912
steps[4].lead_start.position_m.z=0.6764859562873442
steps[4].lead_start.orientation_xyzw.x=-0.4088374022577407
steps[4].lead_start.orientation_xyzw.y=0.6647932156182271
steps[4].lead_start.orientation_xyzw.z=-0.5356340755596819
steps[4].lead_start.orientation_xyzw.w=-0.3224873580195739
steps[4].usable_seam_start.position_m.x=0.08102587176421505
steps[4].usable_seam_start.position_m.y=-1.6776512905974912
steps[4].usable_seam_start.position_m.z=0.6764859562873442
steps[4].usable_seam_start.orientation_xyzw.x=-0.4088374022577407
steps[4].usable_seam_start.orientation_xyzw.y=0.6647932156182271
steps[4].usable_seam_start.orientation_xyzw.z=-0.5356340755596819
steps[4].usable_seam_start.orientation_xyzw.w=-0.3224873580195739
steps[4].usable_seam_goal.position_m.x=0.12391113762750439
steps[4].usable_seam_goal.position_m.y=-1.6741462159781921
steps[4].usable_seam_goal.position_m.z=0.6757966560736839
steps[4].usable_seam_goal.orientation_xyzw.x=-0.4088374022577407
steps[4].usable_seam_goal.orientation_xyzw.y=0.6647932156182271
steps[4].usable_seam_goal.orientation_xyzw.z=-0.5356340755596819
steps[4].usable_seam_goal.orientation_xyzw.w=-0.3224873580195739
steps[4].lead_end.position_m.x=0.12889388143833605
steps[4].lead_end.position_m.y=-1.6737389691414466
steps[4].lead_end.position_m.z=0.6757165678124996
steps[4].lead_end.orientation_xyzw.x=-0.4088374022577407
steps[4].lead_end.orientation_xyzw.y=0.6647932156182271
steps[4].lead_end.orientation_xyzw.z=-0.5356340755596819
steps[4].lead_end.orientation_xyzw.w=-0.3224873580195739
steps[5].sequence_number=6
steps[5].type=digital_weld
steps[5].parallel_slot=5
steps[5].duration=0.0
steps[5].velocity_scale=0.3695263157894737
steps[5].tcp_speed_m_s=0.004563199101522237
steps[5].command=off
steps[5].weld_scenario_id=weld-10485323755869
steps[5].weld_scenario_stage=arc_off
steps[5].path_to_seam_speed_factor=0.7670057611188684
steps[5].trigger_before_goal=True
steps[5].arc_off_delay_s=0.5
steps[5].settings.current_a=230
steps[5].settings.voltage_tenths=265
steps[5].settings.voltage=26.5
steps[5].settings.material=FE-SOLID
steps[5].settings.diameter_mm=1.2
steps[5].settings.mode=LSM
steps[5].settings.gas=CO2 100%
steps[5].settings.synergic=False
steps[5].settings.correction=0.0
steps[5].settings.hot_start_enabled=True
steps[5].settings.hot_start_percent=20.0
steps[5].settings.hot_start_hold_adjustment=-1
steps[5].settings.crater_enabled=False
steps[5].settings.crater_percent=26.08695652173913
steps[5].settings.crater_current_a=60.0
steps[5].settings.crater_voltage_v=25.0
steps[5].settings.crater_seconds=1.0
steps[5].settings.wire_consumable_alpha_mm=0.0
steps[5].settings.hot_start_current_a=276
steps[6].sequence_number=7
steps[6].type=motion
steps[6].parallel_slot=6
steps[6].duration=0.0
steps[6].planning_group=right_manipulator
steps[6].velocity_scale=0.3695263157894737
steps[6].tcp_speed_m_s=0.0
steps[6].interpolation_step=0.005
steps[6].path_kind=weld_end_to_taught_wait_fixed_attitude
steps[6].pose_name=weld_goal_wait
steps[6].pose_label=5 · Weld goal wait pose
steps[6].touch_guard=False
steps[6].continue_after_touch=False
steps[6].weld_scenario_id=weld-10485323755869
steps[6].weld_scenario_stage=goal_wait
steps[6].waypoint_count=1
steps[6].waypoints[0].position_m.x=0.1238943051976682
steps[6].waypoints[0].position_m.y=-1.6726733967144134
steps[6].waypoints[0].position_m.z=0.6765914364218626
steps[6].waypoints[0].orientation_xyzw.x=-0.4088374022577407
steps[6].waypoints[0].orientation_xyzw.y=0.6647932156182271
steps[6].waypoints[0].orientation_xyzw.z=-0.5356340755596819
steps[6].waypoints[0].orientation_xyzw.w=-0.3224873580195739
steps[7].sequence_number=8
steps[7].type=named_pose
steps[7].parallel_slot=7
steps[7].duration=0.0
steps[7].planning_group=right_manipulator
steps[7].velocity_scale=0.3695263157894737
steps[7].tcp_speed_m_s=0.0
steps[7].pose_name=weld_finish
steps[7].pose_label=7 · Weld end pose
steps[7].touch_guard=False
steps[7].continue_after_touch=False
steps[7].weld_scenario_id=weld-10485323755869
steps[7].weld_scenario_stage=finish
steps[7].target_tcp.position_m.x=0.12387968203290473
steps[7].target_tcp.position_m.y=-1.5868731296657823
steps[7].target_tcp.position_m.z=0.7971850419730777
steps[7].target_tcp.orientation_xyzw.x=-0.40882885521403534
steps[7].target_tcp.orientation_xyzw.y=0.6647835722703547
steps[7].target_tcp.orientation_xyzw.z=-0.535638886747467
steps[7].target_tcp.orientation_xyzw.w=-0.32251008075373677
steps[7].joint_names[0]=right_manipulator_joint1
steps[7].joint_names[1]=right_manipulator_joint2
steps[7].joint_names[2]=right_manipulator_joint3
steps[7].joint_names[3]=right_manipulator_joint4
steps[7].joint_names[4]=right_manipulator_joint5
steps[7].joint_names[5]=right_manipulator_joint6
steps[7].joint_positions_rad[0]=5.303731117263553
steps[7].joint_positions_rad[1]=1.1626435870807152
steps[7].joint_positions_rad[2]=2.03459009168994
steps[7].joint_positions_rad[3]=3.717458096109769
steps[7].joint_positions_rad[4]=1.3974450461711319
steps[7].joint_positions_rad[5]=1.5556995323655098
steps[8].sequence_number=9
steps[8].type=digital_output
steps[8].parallel_slot=8
steps[8].duration=0.0
steps[8].port=0
steps[8].value=True
steps[8].weld_scenario_id=weld-10485323755869
steps[8].weld_scenario_stage=touch_output_on
hicomm_cyclic_period_ms=40.0
arc_wait_recognition=True
arc_wait_main_welding=True
arc_wait_established=True
arc_establishment_timeout_s=5.0

[summary]
rx_samples=435
welding_samples=0
wcr_seen=0
current_a.min=None
current_a.average=None
current_a.max=None
voltage_v.min=None
voltage_v.average=None
voltage_v.max=None
wire_feed_m_min.min=None
wire_feed_m_min.average=None
wire_feed_m_min.max=None

[production_metrics]
arc_started_elapsed_s=None
arc_completed_elapsed_s=None
arc_on_time_s=0.0
main_weld_arc_time_s=0.0
crater_arc_time_s=0.0
weld_motion_start_elapsed_s=0.019675589001053595
weld_motion_complete_elapsed_s=17.407453899000757
weld_motion_duration_s=17.387778309999703
net_weld_arc_time_s=0.0
wire_feed_average_m_min=0.0
wire_consumable_base_mm=0.0
wire_consumable_alpha_mm=0.0
wire_consumable_mm=0.0
wire_consumable_formula=integral(WFS*1000/60*dt)+alpha
weld_motion_start_unix_time=1789527448.121588
weld_motion_start_wall_time=2026-09-16 11:57:28.121
weld_motion_complete_unix_time=1789527465.5093665
weld_motion_complete_wall_time=2026-09-16 11:57:45.509

[arc_off_control]

[teaching_snapshot_yaml]
robot_start:
  planning_group: right_manipulator
  joint_state:
    names:
    - right_manipulator_joint1
    - right_manipulator_joint2
    - right_manipulator_joint3
    - right_manipulator_joint4
    - right_manipulator_joint5
    - right_manipulator_joint6
    positions_rad:
    - 5.272090632984539
    - 1.1319069796756747
    - 2.106417676818249
    - 3.6901007738119302
    - 1.4686233526256796
    - 1.4680081624138712
  tcp_pose_world:
    position_m:
      x: 0.0593687026100857
      y: -1.566580876666292
      z: 0.8404797210507349
    orientation_xyzw:
      x: -0.435964943840794
      y: 0.633785310019272
      z: -0.5278153609885844
      w: -0.36008567487496485
weld_wait:
  planning_group: right_manipulator
  joint_state:
    names:
    - right_manipulator_joint1
    - right_manipulator_joint2
    - right_manipulator_joint3
    - right_manipulator_joint4
    - right_manipulator_joint5
    - right_manipulator_joint6
    positions_rad:
    - 5.162270391745159
    - 1.2839001078311674
    - 1.9253509522004157
    - 3.57737608908771
    - 1.4121090769233806
    - 1.5529732543575958
  tcp_pose_world:
    position_m:
      x: 0.036424554825288225
      y: -1.6556979706260309
      z: 0.6969945192387215
    orientation_xyzw:
      x: -0.40887151131936966
      y: 0.664764445724758
      z: -0.5353485269301721
      w: -0.32297720298089877
weld_start_wait:
  planning_group: right_manipulator
  joint_state:
    names:
    - right_manipulator_joint1
    - right_manipulator_joint2
    - right_manipulator_joint3
    - right_manipulator_joint4
    - right_manipulator_joint5
    - right_manipulator_joint6
    positions_rad:
    - 5.200373302725359
    - 1.3032875210927808
    - 1.8723412633346066
    - 3.6169064544121925
    - 1.381000425914056
    - 1.5405192478359493
  tcp_pose_world:
    position_m:
      x: 0.08098685954064838
      y: -1.6747422265354
      z: 0.6789434037047843
    orientation_xyzw:
      x: -0.4088846865681994
      y: 0.6647882465744674
      z: -0.5355884798279715
      w: -0.3225133804697611
weld_start:
  planning_group: right_manipulator
  joint_state:
    names:
    - right_manipulator_joint1
    - right_manipulator_joint2
    - right_manipulator_joint3
    - right_manipulator_joint4
    - right_manipulator_joint5
    - right_manipulator_joint6
    positions_rad:
    - 5.198744513402667
    - 1.306120059228189
    - 1.8672342524702161
    - 3.615471276900749
    - 1.3790677699109855
    - 1.5395396040289635
  tcp_pose_world:
    position_m:
      x: 0.08102587176421505
      y: -1.6776512905974912
      z: 0.6764859562873442
    orientation_xyzw:
      x: -0.4088374022577407
      y: 0.6647932156182271
      z: -0.5356340755596819
      w: -0.3224873580195739
weld_goal_wait:
  planning_group: right_manipulator
  joint_state:
    names:
    - right_manipulator_joint1
    - right_manipulator_joint2
    - right_manipulator_joint3
    - right_manipulator_joint4
    - right_manipulator_joint5
    - right_manipulator_joint6
    positions_rad:
    - 5.246586604489286
    - 1.3056303039037236
    - 1.8524413247212075
    - 3.6645701137057767
    - 1.3651251894980392
    - 1.5331606674279512
  tcp_pose_world:
    position_m:
      x: 0.1238943051976682
      y: -1.6726733967144134
      z: 0.6765914364218626
    orientation_xyzw:
      x: -0.4088188826173724
      y: 0.6647928928526936
      z: -0.535650478743716
      w: -0.32248425612680376
weld_end:
  planning_group: right_manipulator
  joint_state:
    names:
    - right_manipulator_joint1
    - right_manipulator_joint2
    - right_manipulator_joint3
    - right_manipulator_joint4
    - right_manipulator_joint5
    - right_manipulator_joint6
    positions_rad:
    - 5.245701902375162
    - 1.306507416008741
    - 1.8502693836941935
    - 3.6638294886066256
    - 1.363948072296224
    - 1.53251138875419
  tcp_pose_world:
    position_m:
      x: 0.12391113762750439
      y: -1.6741462159781921
      z: 0.6757966560736839
    orientation_xyzw:
      x: -0.4088197136087051
      y: 0.6648165711494701
      z: -0.5356310950533063
      w: -0.3224665850936399
weld_finish:
  planning_group: right_manipulator
  joint_state:
    names:
    - right_manipulator_joint1
    - right_manipulator_joint2
    - right_manipulator_joint3
    - right_manipulator_joint4
    - right_manipulator_joint5
    - right_manipulator_joint6
    positions_rad:
    - 5.303731117263553
    - 1.1626435870807152
    - 2.03459009168994
    - 3.717458096109769
    - 1.3974450461711319
    - 1.5556995323655098
  tcp_pose_world:
    position_m:
      x: 0.12387968203290473
      y: -1.5868731296657823
      z: 0.7971850419730777
    orientation_xyzw:
      x: -0.40882885521403534
      y: 0.6647835722703547
      z: -0.535638886747467
      w: -0.32251008075373677

[touch_snapshot_yaml]
{}

[samples]
elapsed_s raw0 state arc gas fwd wcr current_a voltage_v wire_feed_m_min set_current_a set_voltage_v error db collision
0.012 0x00 idle 0 0 0 0 0 0.0 0.0 230 26.5 0 0 0
0.055 0x00 idle 0 0 0 0 0 0.0 0.0 230 26.5 0 0 0
0.093 0x00 idle 0 0 0 0 0 0.0 0.0 230 26.5 0 0 0
0.131 0x00 idle 0 0 0 0 0 0.0 0.0 230 26.5 0 0 0
0.171 0x00 idle 0 0 0 0 0 0.0 0.0 230 26.5 0 0 0
0.212 0x00 idle 0 0 0 0 0 0.0 0.0 230 26.5 0 0 0
0.248 0x00 idle 0 0 0 0 0 0.0 0.0 230 26.5 0 0 0
0.289 0x00 idle 0 0 0 0 0 0.0 0.0 230 26.5 0 0 0
0.329 0x00 idle 0 0 0 0 0 0.0 0.0 230 26.5 0 0 0
0.369 0x00 idle 0 0 0 0 0 0.0 0.0 230 26.5 0 0 0
0.412 0x00 idle 0 0 0 0 0 0.0 0.0 230 26.5 0 0 0
0.449 0x00 idle 0 0 0 0 0 0.0 0.0 230 26.5 0 0 0
0.489 0x00 idle 0 0 0 0 0 0.0 0.0 230 26.5 0 0 0
0.530 0x00 idle 0 0 0 0 0 0.0 0.0 230 26.5 0 0 0
0.571 0x00 idle 0 0 0 0 0 0.0 0.0 230 26.5 0 0 0
0.611 0x00 idle 0 0 0 0 0 0.0 0.0 230 26.5 0 0 0
0.648 0x00 idle 0 0 0 0 0 0.0 0.0 230 26.5 0 0 0
0.690 0x00 idle 0 0 0 0 0 0.0 0.0 230 26.5 0 0 0
0.733 0x00 idle 0 0 0 0 0 0.0 0.0 230 26.5 0 0 0
0.774 0x00 idle 0 0 0 0 0 0.0 0.0 230 26.5 0 0 0
0.810 0x00 idle 0 0 0 0 0 0.0 0.0 230 26.5 0 0 0
0.851 0x00 idle 0 0 0 0 0 0.0 0.0 230 26.5 0 0 0
0.890 0x00 idle 0 0 0 0 0 0.0 0.0 230 26.5 0 0 0
0.936 0x00 idle 0 0 0 0 0 0.0 0.0 230 26.5 0 0 0
0.970 0x00 idle 0 0 0 0 0 0.0 0.0 230 26.5 0 0 0
1.008 0x00 idle 0 0 0 0 0 0.0 0.0 230 26.5 0 0 0
1.053 0x00 idle 0 0 0 0 0 0.0 0.0 230 26.5 0 0 0
1.089 0x00 idle 0 0 0 0 0 0.0 0.0 230 26.5 0 0 0
1.130 0x00 idle 0 0 0 0 0 0.0 0.0 230 26.5 0 0 0
1.172 0x00 idle 0 0 0 0 0 0.0 0.0 230 26.5 0 0 0
1.212 0x00 idle 0 0 0 0 0 0.0 0.0 230 26.5 0 0 0
1.249 0x00 idle 0 0 0 0 0 0.0 0.0 230 26.5 0 0 0
1.289 0x00 idle 0 0 0 0 0 0.0 0.0 230 26.5 0 0 0
1.334 0x00 idle 0 0 0 0 0 0.0 0.0 230 26.5 0 0 0
1.372 0x00 idle 0 0 0 0 0 0.0 0.0 230 26.5 0 0 0
1.417 0x00 idle 0 0 0 0 0 0.0 0.0 230 26.5 0 0 0
1.457 0x00 idle 0 0 0 0 0 0.0 0.0 230 26.5 0 0 0
1.490 0x00 idle 0 0 0 0 0 0.0 0.0 230 26.5 0 0 0
1.529 0x00 idle 0 0 0 0 0 0.0 0.0 230 26.5 0 0 0
1.569 0x00 idle 0 0 0 0 0 0.0 0.0 230 26.5 0 0 0
1.610 0x00 idle 0 0 0 0 0 0.0 0.0 230 26.5 0 0 0
1.649 0x00 idle 0 0 0 0 0 0.0 0.0 230 26.5 0 0 0
1.689 0x00 idle 0 0 0 0 0 0.0 0.0 230 26.5 0 0 0
1.732 0x00 idle 0 0 0 0 0 0.0 0.0 230 26.5 0 0 0
1.772 0x00 idle 0 0 0 0 0 0.0 0.0 230 26.5 0 0 0
1.809 0x00 idle 0 0 0 0 0 0.0 0.0 230 26.5 0 0 0
1.849 0x00 idle 0 0 0 0 0 0.0 0.0 230 26.5 0 0 0
1.891 0x00 idle 0 0 0 0 0 0.0 0.0 230 26.5 0 0 0
1.931 0x00 idle 0 0 0 0 0 0.0 0.0 230 26.5 0 0 0
1.975 0x00 idle 0 0 0 0 0 0.0 0.0 230 26.5 0 0 0
2.012 0x00 idle 0 0 0 0 0 0.0 0.0 230 26.5 0 0 0
2.053 0x00 idle 0 0 0 0 0 0.0 0.0 230 26.5 0 0 0
2.091 0x00 idle 0 0 0 0 0 0.0 0.0 230 26.5 0 0 0
2.130 0x00 idle 0 0 0 0 0 0.0 0.0 230 26.5 0 0 0
2.171 0x00 idle 0 0 0 0 0 0.0 0.0 230 26.5 0 0 0
2.210 0x00 idle 0 0 0 0 0 0.0 0.0 230 26.5 0 0 0
2.250 0x00 idle 0 0 0 0 0 0.0 0.0 230 26.5 0 0 0
2.294 0x00 idle 0 0 0 0 0 0.0 0.0 230 26.5 0 0 0
2.333 0x00 idle 0 0 0 0 0 0.0 0.0 230 26.5 0 0 0
2.369 0x00 idle 0 0 0 0 0 0.0 0.0 230 26.5 0 0 0
2.415 0x00 idle 0 0 0 0 0 0.0 0.0 230 26.5 0 0 0
2.456 0x00 idle 0 0 0 0 0 0.0 0.0 230 26.5 0 0 0
2.490 0x00 idle 0 0 0 0 0 0.0 0.0 230 26.5 0 0 0
2.530 0x00 idle 0 0 0 0 0 0.0 0.0 230 26.5 0 0 0
2.570 0x00 idle 0 0 0 0 0 0.0 0.0 230 26.5 0 0 0
2.612 0x00 idle 0 0 0 0 0 0.0 0.0 230 26.5 0 0 0
2.649 0x00 idle 0 0 0 0 0 0.0 0.0 230 26.5 0 0 0
2.689 0x00 idle 0 0 0 0 0 0.0 0.0 230 26.5 0 0 0
2.730 0x00 idle 0 0 0 0 0 0.0 0.0 230 26.5 0 0 0
2.770 0x00 idle 0 0 0 0 0 0.0 0.0 230 26.5 0 0 0
2.809 0x00 idle 0 0 0 0 0 0.0 0.0 230 26.5 0 0 0
2.851 0x00 idle 0 0 0 0 0 0.0 0.0 230 26.5 0 0 0
2.892 0x00 idle 0 0 0 0 0 0.0 0.0 230 26.5 0 0 0
2.932 0x00 idle 0 0 0 0 0 0.0 0.0 230 26.5 0 0 0
2.974 0x00 idle 0 0 0 0 0 0.0 0.0 230 26.5 0 0 0
3.008 0x00 idle 0 0 0 0 0 0.0 0.0 230 26.5 0 0 0
3.049 0x00 idle 0 0 0 0 0 0.0 0.0 230 26.5 0 0 0
3.089 0x00 idle 0 0 0 0 0 0.0 0.0 230 26.5 0 0 0
3.138 0x00 idle 0 0 0 0 0 0.0 0.0 230 26.5 0 0 0
3.171 0x00 idle 0 0 0 0 0 0.0 0.0 230 26.5 0 0 0
3.210 0x00 idle 0 0 0 0 0 0.0 0.0 230 26.5 0 0 0
3.251 0x00 idle 0 0 0 0 0 0.0 0.0 230 26.5 0 0 0
3.290 0x00 idle 0 0 0 0 0 0.0 0.0 230 26.5 0 0 0
3.328 0x00 idle 0 0 0 0 0 0.0 0.0 230 26.5 0 0 0
3.371 0x00 idle 0 0 0 0 0 0.0 0.0 230 26.5 0 0 0
3.411 0x00 idle 0 0 0 0 0 0.0 0.0 230 26.5 0 0 0
3.455 0x00 idle 0 0 0 0 0 0.0 0.0 230 26.5 0 0 0
3.491 0x00 idle 0 0 0 0 0 0.0 0.0 230 26.5 0 0 0
3.532 0x00 idle 0 0 0 0 0 0.0 0.0 230 26.5 0 0 0
3.569 0x00 idle 0 0 0 0 0 0.0 0.0 230 26.5 0 0 0
3.610 0x00 idle 0 0 0 0 0 0.0 0.0 230 26.5 0 0 0
3.650 0x00 idle 0 0 0 0 0 0.0 0.0 230 26.5 0 0 0
3.690 0x00 idle 0 0 0 0 0 0.0 0.0 230 26.5 0 0 0
3.731 0x00 idle 0 0 0 0 0 0.0 0.0 230 26.5 0 0 0
3.770 0x00 idle 0 0 0 0 0 0.0 0.0 230 26.5 0 0 0
3.811 0x00 idle 0 0 0 0 0 0.0 0.0 230 26.5 0 0 0
3.851 0x00 idle 0 0 0 0 0 0.0 0.0 230 26.5 0 0 0
3.892 0x00 idle 0 0 0 0 0 0.0 0.0 230 26.5 0 0 0
3.933 0x00 idle 0 0 0 0 0 0.0 0.0 230 26.5 0 0 0
3.974 0x00 idle 0 0 0 0 0 0.0 0.0 230 26.5 0 0 0
4.011 0x00 idle 0 0 0 0 0 0.0 0.0 230 26.5 0 0 0
4.053 0x00 idle 0 0 0 0 0 0.0 0.0 230 26.5 0 0 0
4.092 0x00 idle 0 0 0 0 0 0.0 0.0 230 26.5 0 0 0
4.129 0x00 idle 0 0 0 0 0 0.0 0.0 230 26.5 0 0 0
4.170 0x00 idle 0 0 0 0 0 0.0 0.0 230 26.5 0 0 0
4.213 0x00 idle 0 0 0 0 0 0.0 0.0 230 26.5 0 0 0
4.250 0x00 idle 0 0 0 0 0 0.0 0.0 230 26.5 0 0 0
4.290 0x00 idle 0 0 0 0 0 0.0 0.0 230 26.5 0 0 0
4.331 0x00 idle 0 0 0 0 0 0.0 0.0 230 26.5 0 0 0
4.370 0x00 idle 0 0 0 0 0 0.0 0.0 230 26.5 0 0 0
4.412 0x00 idle 0 0 0 0 0 0.0 0.0 230 26.5 0 0 0
4.449 0x00 idle 0 0 0 0 0 0.0 0.0 230 26.5 0 0 0
4.490 0x00 idle 0 0 0 0 0 0.0 0.0 230 26.5 0 0 0
4.541 0x00 idle 0 0 0 0 0 0.0 0.0 230 26.5 0 0 0
4.576 0x00 idle 0 0 0 0 0 0.0 0.0 230 26.5 0 0 0
4.615 0x00 idle 0 0 0 0 0 0.0 0.0 230 26.5 0 0 0
4.649 0x00 idle 0 0 0 0 0 0.0 0.0 230 26.5 0 0 0
4.689 0x00 idle 0 0 0 0 0 0.0 0.0 230 26.5 0 0 0
4.730 0x00 idle 0 0 0 0 0 0.0 0.0 230 26.5 0 0 0
4.777 0x00 idle 0 0 0 0 0 0.0 0.0 230 26.5 0 0 0
4.821 0x00 idle 0 0 0 0 0 0.0 0.0 230 26.5 0 0 0
4.849 0x00 idle 0 0 0 0 0 0.0 0.0 230 26.5 0 0 0
4.892 0x00 idle 0 0 0 0 0 0.0 0.0 230 26.5 0 0 0
4.929 0x00 idle 0 0 0 0 0 0.0 0.0 230 26.5 0 0 0
4.970 0x00 idle 0 0 0 0 0 0.0 0.0 230 26.5 0 0 0
5.011 0x00 idle 0 0 0 0 0 0.0 0.0 230 26.5 0 0 0
5.050 0x00 idle 0 0 0 0 0 0.0 0.0 230 26.5 0 0 0
5.092 0x00 idle 0 0 0 0 0 0.0 0.0 230 26.5 0 0 0
5.134 0x00 idle 0 0 0 0 0 0.0 0.0 230 26.5 0 0 0
5.173 0x00 idle 0 0 0 0 0 0.0 0.0 230 26.5 0 0 0
5.211 0x00 idle 0 0 0 0 0 0.0 0.0 230 26.5 0 0 0
5.254 0x00 idle 0 0 0 0 0 0.0 0.0 230 26.5 0 0 0
5.292 0x00 idle 0 0 0 0 0 0.0 0.0 230 26.5 0 0 0
5.331 0x00 idle 0 0 0 0 0 0.0 0.0 230 26.5 0 0 0
5.381 0x00 idle 0 0 0 0 0 0.0 0.0 230 26.5 0 0 0
5.419 0x00 idle 0 0 0 0 0 0.0 0.0 230 26.5 0 0 0
5.454 0x00 idle 0 0 0 0 0 0.0 0.0 230 26.5 0 0 0
5.489 0x00 idle 0 0 0 0 0 0.0 0.0 230 26.5 0 0 0
5.530 0x00 idle 0 0 0 0 0 0.0 0.0 230 26.5 0 0 0
5.571 0x00 idle 0 0 0 0 0 0.0 0.0 230 26.5 0 0 0
5.615 0x00 idle 0 0 0 0 0 0.0 0.0 230 26.5 0 0 0
5.652 0x00 idle 0 0 0 0 0 0.0 0.0 230 26.5 0 0 0
5.693 0x00 idle 0 0 0 0 0 0.0 0.0 230 26.5 0 0 0
5.729 0x00 idle 0 0 0 0 0 0.0 0.0 230 26.5 0 0 0
5.772 0x00 idle 0 0 0 0 0 0.0 0.0 230 26.5 0 0 0
5.815 0x00 idle 0 0 0 0 0 0.0 0.0 230 26.5 0 0 0
5.852 0x00 idle 0 0 0 0 0 0.0 0.0 230 26.5 0 0 0
5.895 0x00 idle 0 0 0 0 0 0.0 0.0 230 26.5 0 0 0
5.944 0x00 idle 0 0 0 0 0 0.0 0.0 230 26.5 0 0 0
5.979 0x00 idle 0 0 0 0 0 0.0 0.0 230 26.5 0 0 0
6.014 0x00 idle 0 0 0 0 0 0.0 0.0 230 26.5 0 0 0
6.049 0x00 idle 0 0 0 0 0 0.0 0.0 230 26.5 0 0 0
6.091 0x00 idle 0 0 0 0 0 0.0 0.0 230 26.5 0 0 0
6.133 0x00 idle 0 0 0 0 0 0.0 0.0 230 26.5 0 0 0
6.171 0x00 idle 0 0 0 0 0 0.0 0.0 230 26.5 0 0 0
6.211 0x00 idle 0 0 0 0 0 0.0 0.0 230 26.5 0 0 0
6.250 0x00 idle 0 0 0 0 0 0.0 0.0 230 26.5 0 0 0
6.292 0x00 idle 0 0 0 0 0 0.0 0.0 230 26.5 0 0 0
6.331 0x00 idle 0 0 0 0 0 0.0 0.0 230 26.5 0 0 0
6.371 0x00 idle 0 0 0 0 0 0.0 0.0 230 26.5 0 0 0
6.413 0x00 idle 0 0 0 0 0 0.0 0.0 230 26.5 0 0 0
6.450 0x00 idle 0 0 0 0 0 0.0 0.0 230 26.5 0 0 0
6.491 0x00 idle 0 0 0 0 0 0.0 0.0 230 26.5 0 0 0
6.530 0x00 idle 0 0 0 0 0 0.0 0.0 230 26.5 0 0 0
6.570 0x00 idle 0 0 0 0 0 0.0 0.0 230 26.5 0 0 0
6.611 0x00 idle 0 0 0 0 0 0.0 0.0 230 26.5 0 0 0
6.651 0x00 idle 0 0 0 0 0 0.0 0.0 230 26.5 0 0 0
6.691 0x00 idle 0 0 0 0 0 0.0 0.0 230 26.5 0 0 0
6.733 0x00 idle 0 0 0 0 0 0.0 0.0 230 26.5 0 0 0
6.776 0x00 idle 0 0 0 0 0 0.0 0.0 230 26.5 0 0 0
6.815 0x00 idle 0 0 0 0 0 0.0 0.0 230 26.5 0 0 0
6.850 0x00 idle 0 0 0 0 0 0.0 0.0 230 26.5 0 0 0
6.889 0x00 idle 0 0 0 0 0 0.0 0.0 230 26.5 0 0 0
6.932 0x00 idle 0 0 0 0 0 0.0 0.0 230 26.5 0 0 0
6.971 0x00 idle 0 0 0 0 0 0.0 0.0 230 26.5 0 0 0
7.015 0x00 idle 0 0 0 0 0 0.0 0.0 230 26.5 0 0 0
7.053 0x00 idle 0 0 0 0 0 0.0 0.0 230 26.5 0 0 0
7.092 0x00 idle 0 0 0 0 0 0.0 0.0 230 26.5 0 0 0
7.129 0x00 idle 0 0 0 0 0 0.0 0.0 230 26.5 0 0 0
7.170 0x00 idle 0 0 0 0 0 0.0 0.0 230 26.5 0 0 0
7.214 0x00 idle 0 0 0 0 0 0.0 0.0 230 26.5 0 0 0
7.249 0x00 idle 0 0 0 0 0 0.0 0.0 230 26.5 0 0 0
7.291 0x00 idle 0 0 0 0 0 0.0 0.0 230 26.5 0 0 0
7.342 0x00 idle 0 0 0 0 0 0.0 0.0 230 26.5 0 0 0
7.379 0x00 idle 0 0 0 0 0 0.0 0.0 230 26.5 0 0 0
7.417 0x00 idle 0 0 0 0 0 0.0 0.0 230 26.5 0 0 0
7.452 0x00 idle 0 0 0 0 0 0.0 0.0 230 26.5 0 0 0
7.493 0x00 idle 0 0 0 0 0 0.0 0.0 230 26.5 0 0 0
7.531 0x00 idle 0 0 0 0 0 0.0 0.0 230 26.5 0 0 0
7.573 0x00 idle 0 0 0 0 0 0.0 0.0 230 26.5 0 0 0
7.615 0x00 idle 0 0 0 0 0 0.0 0.0 230 26.5 0 0 0
7.653 0x00 idle 0 0 0 0 0 0.0 0.0 230 26.5 0 0 0
7.689 0x00 idle 0 0 0 0 0 0.0 0.0 230 26.5 0 0 0
7.733 0x00 idle 0 0 0 0 0 0.0 0.0 230 26.5 0 0 0
7.773 0x00 idle 0 0 0 0 0 0.0 0.0 230 26.5 0 0 0
7.809 0x00 idle 0 0 0 0 0 0.0 0.0 230 26.5 0 0 0
7.850 0x00 idle 0 0 0 0 0 0.0 0.0 230 26.5 0 0 0
7.894 0x00 idle 0 0 0 0 0 0.0 0.0 230 26.5 0 0 0
7.940 0x00 idle 0 0 0 0 0 0.0 0.0 230 26.5 0 0 0
7.971 0x00 idle 0 0 0 0 0 0.0 0.0 230 26.5 0 0 0
8.011 0x00 idle 0 0 0 0 0 0.0 0.0 230 26.5 0 0 0
8.050 0x00 idle 0 0 0 0 0 0.0 0.0 230 26.5 0 0 0
8.092 0x00 idle 0 0 0 0 0 0.0 0.0 230 26.5 0 0 0
8.130 0x00 idle 0 0 0 0 0 0.0 0.0 230 26.5 0 0 0
8.175 0x00 idle 0 0 0 0 0 0.0 0.0 230 26.5 0 0 0
8.211 0x00 idle 0 0 0 0 0 0.0 0.0 230 26.5 0 0 0
8.252 0x00 idle 0 0 0 0 0 0.0 0.0 230 26.5 0 0 0
8.295 0x00 idle 0 0 0 0 0 0.0 0.0 230 26.5 0 0 0
8.333 0x00 idle 0 0 0 0 0 0.0 0.0 230 26.5 0 0 0
8.371 0x00 idle 0 0 0 0 0 0.0 0.0 230 26.5 0 0 0
8.411 0x00 idle 0 0 0 0 0 0.0 0.0 230 26.5 0 0 0
8.449 0x00 idle 0 0 0 0 0 0.0 0.0 230 26.5 0 0 0
8.494 0x00 idle 0 0 0 0 0 0.0 0.0 230 26.5 0 0 0
8.532 0x00 idle 0 0 0 0 0 0.0 0.0 230 26.5 0 0 0
8.574 0x00 idle 0 0 0 0 0 0.0 0.0 230 26.5 0 0 0
8.618 0x00 idle 0 0 0 0 0 0.0 0.0 230 26.5 0 0 0
8.649 0x00 idle 0 0 0 0 0 0.0 0.0 230 26.5 0 0 0
8.691 0x00 idle 0 0 0 0 0 0.0 0.0 230 26.5 0 0 0
8.730 0x00 idle 0 0 0 0 0 0.0 0.0 230 26.5 0 0 0
8.777 0x00 idle 0 0 0 0 0 0.0 0.0 230 26.5 0 0 0
8.813 0x00 idle 0 0 0 0 0 0.0 0.0 230 26.5 0 0 0
8.849 0x00 idle 0 0 0 0 0 0.0 0.0 230 26.5 0 0 0
8.891 0x00 idle 0 0 0 0 0 0.0 0.0 230 26.5 0 0 0
8.931 0x00 idle 0 0 0 0 0 0.0 0.0 230 26.5 0 0 0
8.969 0x00 idle 0 0 0 0 0 0.0 0.0 230 26.5 0 0 0
9.010 0x00 idle 0 0 0 0 0 0.0 0.0 230 26.5 0 0 0
9.050 0x00 idle 0 0 0 0 0 0.0 0.0 230 26.5 0 0 0
9.091 0x00 idle 0 0 0 0 0 0.0 0.0 230 26.5 0 0 0
9.132 0x00 idle 0 0 0 0 0 0.0 0.0 230 26.5 0 0 0
9.173 0x00 idle 0 0 0 0 0 0.0 0.0 230 26.5 0 0 0
9.211 0x00 idle 0 0 0 0 0 0.0 0.0 230 26.5 0 0 0
9.251 0x00 idle 0 0 0 0 0 0.0 0.0 230 26.5 0 0 0
9.291 0x00 idle 0 0 0 0 0 0.0 0.0 230 26.5 0 0 0
9.335 0x00 idle 0 0 0 0 0 0.0 0.0 230 26.5 0 0 0
9.369 0x00 idle 0 0 0 0 0 0.0 0.0 230 26.5 0 0 0
9.417 0x00 idle 0 0 0 0 0 0.0 0.0 230 26.5 0 0 0
9.454 0x00 idle 0 0 0 0 0 0.0 0.0 230 26.5 0 0 0
9.491 0x00 idle 0 0 0 0 0 0.0 0.0 230 26.5 0 0 0
9.532 0x00 idle 0 0 0 0 0 0.0 0.0 230 26.5 0 0 0
9.576 0x00 idle 0 0 0 0 0 0.0 0.0 230 26.5 0 0 0
9.613 0x00 idle 0 0 0 0 0 0.0 0.0 230 26.5 0 0 0
9.654 0x00 idle 0 0 0 0 0 0.0 0.0 230 26.5 0 0 0
9.689 0x00 idle 0 0 0 0 0 0.0 0.0 230 26.5 0 0 0
9.732 0x00 idle 0 0 0 0 0 0.0 0.0 230 26.5 0 0 0
9.768 0x00 idle 0 0 0 0 0 0.0 0.0 230 26.5 0 0 0
9.811 0x00 idle 0 0 0 0 0 0.0 0.0 230 26.5 0 0 0
9.854 0x00 idle 0 0 0 0 0 0.0 0.0 230 26.5 0 0 0
9.895 0x00 idle 0 0 0 0 0 0.0 0.0 230 26.5 0 0 0
9.929 0x00 idle 0 0 0 0 0 0.0 0.0 230 26.5 0 0 0
9.973 0x00 idle 0 0 0 0 0 0.0 0.0 230 26.5 0 0 0
10.013 0x00 idle 0 0 0 0 0 0.0 0.0 230 26.5 0 0 0
10.051 0x00 idle 0 0 0 0 0 0.0 0.0 230 26.5 0 0 0
10.090 0x00 idle 0 0 0 0 0 0.0 0.0 230 26.5 0 0 0
10.133 0x00 idle 0 0 0 0 0 0.0 0.0 230 26.5 0 0 0
10.174 0x00 idle 0 0 0 0 0 0.0 0.0 230 26.5 0 0 0
10.211 0x00 idle 0 0 0 0 0 0.0 0.0 230 26.5 0 0 0
10.250 0x00 idle 0 0 0 0 0 0.0 0.0 230 26.5 0 0 0
10.296 0x00 idle 0 0 0 0 0 0.0 0.0 230 26.5 0 0 0
10.329 0x00 idle 0 0 0 0 0 0.0 0.0 230 26.5 0 0 0
10.370 0x00 idle 0 0 0 0 0 0.0 0.0 230 26.5 0 0 0
10.415 0x00 idle 0 0 0 0 0 0.0 0.0 230 26.5 0 0 0
10.454 0x00 idle 0 0 0 0 0 0.0 0.0 230 26.5 0 0 0
10.489 0x00 idle 0 0 0 0 0 0.0 0.0 230 26.5 0 0 0
10.529 0x00 idle 0 0 0 0 0 0.0 0.0 230 26.5 0 0 0
10.572 0x00 idle 0 0 0 0 0 0.0 0.0 230 26.5 0 0 0
10.613 0x00 idle 0 0 0 0 0 0.0 0.0 230 26.5 0 0 0
10.652 0x00 idle 0 0 0 0 0 0.0 0.0 230 26.5 0 0 0
10.698 0x00 idle 0 0 0 0 0 0.0 0.0 230 26.5 0 0 0
10.735 0x00 idle 0 0 0 0 0 0.0 0.0 230 26.5 0 0 0
10.771 0x00 idle 0 0 0 0 0 0.0 0.0 230 26.5 0 0 0
10.813 0x00 idle 0 0 0 0 0 0.0 0.0 230 26.5 0 0 0
10.850 0x00 idle 0 0 0 0 0 0.0 0.0 230 26.5 0 0 0
10.889 0x00 idle 0 0 0 0 0 0.0 0.0 230 26.5 0 0 0
10.934 0x00 idle 0 0 0 0 0 0.0 0.0 230 26.5 0 0 0
10.969 0x00 idle 0 0 0 0 0 0.0 0.0 230 26.5 0 0 0
11.009 0x00 idle 0 0 0 0 0 0.0 0.0 230 26.5 0 0 0
11.052 0x00 idle 0 0 0 0 0 0.0 0.0 230 26.5 0 0 0
11.097 0x00 idle 0 0 0 0 0 0.0 0.0 230 26.5 0 0 0
11.133 0x00 idle 0 0 0 0 0 0.0 0.0 230 26.5 0 0 0
11.169 0x00 idle 0 0 0 0 0 0.0 0.0 230 26.5 0 0 0
11.213 0x00 idle 0 0 0 0 0 0.0 0.0 230 26.5 0 0 0
11.250 0x00 idle 0 0 0 0 0 0.0 0.0 230 26.5 0 0 0
11.290 0x00 idle 0 0 0 0 0 0.0 0.0 230 26.5 0 0 0
11.328 0x00 idle 0 0 0 0 0 0.0 0.0 230 26.5 0 0 0
11.369 0x00 idle 0 0 0 0 0 0.0 0.0 230 26.5 0 0 0
11.410 0x00 idle 0 0 0 0 0 0.0 0.0 230 26.5 0 0 0
11.450 0x00 idle 0 0 0 0 0 0.0 0.0 230 26.5 0 0 0
11.490 0x00 idle 0 0 0 0 0 0.0 0.0 230 26.5 0 0 0
11.531 0x00 idle 0 0 0 0 0 0.0 0.0 230 26.5 0 0 0
11.569 0x00 idle 0 0 0 0 0 0.0 0.0 230 26.5 0 0 0
11.610 0x00 idle 0 0 0 0 0 0.0 0.0 230 26.5 0 0 0
11.650 0x00 idle 0 0 0 0 0 0.0 0.0 230 26.5 0 0 0
11.692 0x00 idle 0 0 0 0 0 0.0 0.0 230 26.5 0 0 0
11.729 0x00 idle 0 0 0 0 0 0.0 0.0 230 26.5 0 0 0
11.772 0x00 idle 0 0 0 0 0 0.0 0.0 230 26.5 0 0 0
11.811 0x00 idle 0 0 0 0 0 0.0 0.0 230 26.5 0 0 0
11.854 0x00 idle 0 0 0 0 0 0.0 0.0 230 26.5 0 0 0
11.889 0x00 idle 0 0 0 0 0 0.0 0.0 230 26.5 0 0 0
11.932 0x00 idle 0 0 0 0 0 0.0 0.0 230 26.5 0 0 0
11.969 0x00 idle 0 0 0 0 0 0.0 0.0 230 26.5 0 0 0
12.011 0x00 idle 0 0 0 0 0 0.0 0.0 230 26.5 0 0 0
12.050 0x00 idle 0 0 0 0 0 0.0 0.0 230 26.5 0 0 0
12.095 0x00 idle 0 0 0 0 0 0.0 0.0 230 26.5 0 0 0
12.131 0x00 idle 0 0 0 0 0 0.0 0.0 230 26.5 0 0 0
12.169 0x00 idle 0 0 0 0 0 0.0 0.0 230 26.5 0 0 0
12.209 0x00 idle 0 0 0 0 0 0.0 0.0 230 26.5 0 0 0
12.254 0x00 idle 0 0 0 0 0 0.0 0.0 230 26.5 0 0 0
12.289 0x00 idle 0 0 0 0 0 0.0 0.0 230 26.5 0 0 0
12.330 0x00 idle 0 0 0 0 0 0.0 0.0 230 26.5 0 0 0
12.372 0x00 idle 0 0 0 0 0 0.0 0.0 230 26.5 0 0 0
12.420 0x00 idle 0 0 0 0 0 0.0 0.0 230 26.5 0 0 0
12.450 0x00 idle 0 0 0 0 0 0.0 0.0 230 26.5 0 0 0
12.491 0x00 idle 0 0 0 0 0 0.0 0.0 230 26.5 0 0 0
12.533 0x00 idle 0 0 0 0 0 0.0 0.0 230 26.5 0 0 0
12.571 0x00 idle 0 0 0 0 0 0.0 0.0 230 26.5 0 0 0
12.611 0x00 idle 0 0 0 0 0 0.0 0.0 230 26.5 0 0 0
12.648 0x00 idle 0 0 0 0 0 0.0 0.0 230 26.5 0 0 0
12.693 0x00 idle 0 0 0 0 0 0.0 0.0 230 26.5 0 0 0
12.730 0x00 idle 0 0 0 0 0 0.0 0.0 230 26.5 0 0 0
12.771 0x00 idle 0 0 0 0 0 0.0 0.0 230 26.5 0 0 0
12.810 0x00 idle 0 0 0 0 0 0.0 0.0 230 26.5 0 0 0
12.850 0x00 idle 0 0 0 0 0 0.0 0.0 230 26.5 0 0 0
12.890 0x00 idle 0 0 0 0 0 0.0 0.0 230 26.5 0 0 0
12.932 0x00 idle 0 0 0 0 0 0.0 0.0 230 26.5 0 0 0
12.973 0x00 idle 0 0 0 0 0 0.0 0.0 230 26.5 0 0 0
13.009 0x00 idle 0 0 0 0 0 0.0 0.0 230 26.5 0 0 0
13.049 0x00 idle 0 0 0 0 0 0.0 0.0 230 26.5 0 0 0
13.090 0x00 idle 0 0 0 0 0 0.0 0.0 230 26.5 0 0 0
13.130 0x00 idle 0 0 0 0 0 0.0 0.0 230 26.5 0 0 0
13.172 0x00 idle 0 0 0 0 0 0.0 0.0 230 26.5 0 0 0
13.211 0x00 idle 0 0 0 0 0 0.0 0.0 230 26.5 0 0 0
13.255 0x00 idle 0 0 0 0 0 0.0 0.0 230 26.5 0 0 0
13.298 0x00 idle 0 0 0 0 0 0.0 0.0 230 26.5 0 0 0
13.334 0x00 idle 0 0 0 0 0 0.0 0.0 230 26.5 0 0 0
13.382 0x00 idle 0 0 0 0 0 0.0 0.0 230 26.5 0 0 0
13.411 0x00 idle 0 0 0 0 0 0.0 0.0 230 26.5 0 0 0
13.454 0x00 idle 0 0 0 0 0 0.0 0.0 230 26.5 0 0 0
13.491 0x00 idle 0 0 0 0 0 0.0 0.0 230 26.5 0 0 0
13.533 0x00 idle 0 0 0 0 0 0.0 0.0 230 26.5 0 0 0
13.569 0x00 idle 0 0 0 0 0 0.0 0.0 230 26.5 0 0 0
13.610 0x00 idle 0 0 0 0 0 0.0 0.0 230 26.5 0 0 0
13.651 0x00 idle 0 0 0 0 0 0.0 0.0 230 26.5 0 0 0
13.692 0x00 idle 0 0 0 0 0 0.0 0.0 230 26.5 0 0 0
13.730 0x00 idle 0 0 0 0 0 0.0 0.0 230 26.5 0 0 0
13.773 0x00 idle 0 0 0 0 0 0.0 0.0 230 26.5 0 0 0
13.812 0x00 idle 0 0 0 0 0 0.0 0.0 230 26.5 0 0 0
13.850 0x00 idle 0 0 0 0 0 0.0 0.0 230 26.5 0 0 0
13.889 0x00 idle 0 0 0 0 0 0.0 0.0 230 26.5 0 0 0
13.931 0x00 idle 0 0 0 0 0 0.0 0.0 230 26.5 0 0 0
13.971 0x00 idle 0 0 0 0 0 0.0 0.0 230 26.5 0 0 0
14.010 0x00 idle 0 0 0 0 0 0.0 0.0 230 26.5 0 0 0
14.052 0x00 idle 0 0 0 0 0 0.0 0.0 230 26.5 0 0 0
14.098 0x00 idle 0 0 0 0 0 0.0 0.0 230 26.5 0 0 0
14.130 0x00 idle 0 0 0 0 0 0.0 0.0 230 26.5 0 0 0
14.175 0x00 idle 0 0 0 0 0 0.0 0.0 230 26.5 0 0 0
14.209 0x00 idle 0 0 0 0 0 0.0 0.0 230 26.5 0 0 0
14.251 0x00 idle 0 0 0 0 0 0.0 0.0 230 26.5 0 0 0
14.290 0x00 idle 0 0 0 0 0 0.0 0.0 230 26.5 0 0 0
14.333 0x00 idle 0 0 0 0 0 0.0 0.0 230 26.5 0 0 0
14.371 0x00 idle 0 0 0 0 0 0.0 0.0 230 26.5 0 0 0
14.409 0x00 idle 0 0 0 0 0 0.0 0.0 230 26.5 0 0 0
14.449 0x00 idle 0 0 0 0 0 0.0 0.0 230 26.5 0 0 0
14.491 0x00 idle 0 0 0 0 0 0.0 0.0 230 26.5 0 0 0
14.530 0x00 idle 0 0 0 0 0 0.0 0.0 230 26.5 0 0 0
14.570 0x00 idle 0 0 0 0 0 0.0 0.0 230 26.5 0 0 0
14.610 0x00 idle 0 0 0 0 0 0.0 0.0 230 26.5 0 0 0
14.652 0x00 idle 0 0 0 0 0 0.0 0.0 230 26.5 0 0 0
14.690 0x00 idle 0 0 0 0 0 0.0 0.0 230 26.5 0 0 0
14.731 0x00 idle 0 0 0 0 0 0.0 0.0 230 26.5 0 0 0
14.770 0x00 idle 0 0 0 0 0 0.0 0.0 230 26.5 0 0 0
14.810 0x00 idle 0 0 0 0 0 0.0 0.0 230 26.5 0 0 0
14.851 0x00 idle 0 0 0 0 0 0.0 0.0 230 26.5 0 0 0
14.892 0x00 idle 0 0 0 0 0 0.0 0.0 230 26.5 0 0 0
14.934 0x00 idle 0 0 0 0 0 0.0 0.0 230 26.5 0 0 0
14.970 0x00 idle 0 0 0 0 0 0.0 0.0 230 26.5 0 0 0
15.009 0x00 idle 0 0 0 0 0 0.0 0.0 230 26.5 0 0 0
15.052 0x00 idle 0 0 0 0 0 0.0 0.0 230 26.5 0 0 0
15.091 0x00 idle 0 0 0 0 0 0.0 0.0 230 26.5 0 0 0
15.131 0x00 idle 0 0 0 0 0 0.0 0.0 230 26.5 0 0 0
15.170 0x00 idle 0 0 0 0 0 0.0 0.0 230 26.5 0 0 0
15.210 0x00 idle 0 0 0 0 0 0.0 0.0 230 26.5 0 0 0
15.249 0x00 idle 0 0 0 0 0 0.0 0.0 230 26.5 0 0 0
15.292 0x00 idle 0 0 0 0 0 0.0 0.0 230 26.5 0 0 0
15.332 0x00 idle 0 0 0 0 0 0.0 0.0 230 26.5 0 0 0
15.370 0x00 idle 0 0 0 0 0 0.0 0.0 230 26.5 0 0 0
15.413 0x00 idle 0 0 0 0 0 0.0 0.0 230 26.5 0 0 0
15.452 0x00 idle 0 0 0 0 0 0.0 0.0 230 26.5 0 0 0
15.495 0x00 idle 0 0 0 0 0 0.0 0.0 230 26.5 0 0 0
15.532 0x00 idle 0 0 0 0 0 0.0 0.0 230 26.5 0 0 0
15.574 0x00 idle 0 0 0 0 0 0.0 0.0 230 26.5 0 0 0
15.612 0x00 idle 0 0 0 0 0 0.0 0.0 230 26.5 0 0 0
15.651 0x00 idle 0 0 0 0 0 0.0 0.0 230 26.5 0 0 0
15.697 0x00 idle 0 0 0 0 0 0.0 0.0 230 26.5 0 0 0
15.733 0x00 idle 0 0 0 0 0 0.0 0.0 230 26.5 0 0 0
15.774 0x00 idle 0 0 0 0 0 0.0 0.0 230 26.5 0 0 0
15.811 0x00 idle 0 0 0 0 0 0.0 0.0 230 26.5 0 0 0
15.849 0x00 idle 0 0 0 0 0 0.0 0.0 230 26.5 0 0 0
15.890 0x00 idle 0 0 0 0 0 0.0 0.0 230 26.5 0 0 0
15.930 0x00 idle 0 0 0 0 0 0.0 0.0 230 26.5 0 0 0
15.970 0x00 idle 0 0 0 0 0 0.0 0.0 230 26.5 0 0 0
16.011 0x00 idle 0 0 0 0 0 0.0 0.0 230 26.5 0 0 0
16.056 0x00 idle 0 0 0 0 0 0.0 0.0 230 26.5 0 0 0
16.093 0x00 idle 0 0 0 0 0 0.0 0.0 230 26.5 0 0 0
16.132 0x00 idle 0 0 0 0 0 0.0 0.0 230 26.5 0 0 0
16.172 0x00 idle 0 0 0 0 0 0.0 0.0 230 26.5 0 0 0
16.212 0x00 idle 0 0 0 0 0 0.0 0.0 230 26.5 0 0 0
16.252 0x00 idle 0 0 0 0 0 0.0 0.0 230 26.5 0 0 0
16.293 0x00 idle 0 0 0 0 0 0.0 0.0 230 26.5 0 0 0
16.334 0x00 idle 0 0 0 0 0 0.0 0.0 230 26.5 0 0 0
16.371 0x00 idle 0 0 0 0 0 0.0 0.0 230 26.5 0 0 0
16.419 0x00 idle 0 0 0 0 0 0.0 0.0 230 26.5 0 0 0
16.449 0x00 idle 0 0 0 0 0 0.0 0.0 230 26.5 0 0 0
16.489 0x00 idle 0 0 0 0 0 0.0 0.0 230 26.5 0 0 0
16.530 0x00 idle 0 0 0 0 0 0.0 0.0 230 26.5 0 0 0
16.573 0x00 idle 0 0 0 0 0 0.0 0.0 230 26.5 0 0 0
16.612 0x00 idle 0 0 0 0 0 0.0 0.0 230 26.5 0 0 0
16.648 0x00 idle 0 0 0 0 0 0.0 0.0 230 26.5 0 0 0
16.690 0x00 idle 0 0 0 0 0 0.0 0.0 230 26.5 0 0 0
16.730 0x00 idle 0 0 0 0 0 0.0 0.0 230 26.5 0 0 0
16.769 0x00 idle 0 0 0 0 0 0.0 0.0 230 26.5 0 0 0
16.809 0x00 idle 0 0 0 0 0 0.0 0.0 230 26.5 0 0 0
16.850 0x00 idle 0 0 0 0 0 0.0 0.0 230 26.5 0 0 0
16.892 0x00 idle 0 0 0 0 0 0.0 0.0 230 26.5 0 0 0
16.931 0x00 idle 0 0 0 0 0 0.0 0.0 230 26.5 0 0 0
16.969 0x00 idle 0 0 0 0 0 0.0 0.0 230 26.5 0 0 0
17.010 0x00 idle 0 0 0 0 0 0.0 0.0 230 26.5 0 0 0
17.049 0x00 idle 0 0 0 0 0 0.0 0.0 230 26.5 0 0 0
17.088 0x00 idle 0 0 0 0 0 0.0 0.0 230 26.5 0 0 0
17.131 0x00 idle 0 0 0 0 0 0.0 0.0 230 26.5 0 0 0
17.172 0x00 idle 0 0 0 0 0 0.0 0.0 230 26.5 0 0 0
17.210 0x00 idle 0 0 0 0 0 0.0 0.0 230 26.5 0 0 0
17.250 0x00 idle 0 0 0 0 0 0.0 0.0 230 26.5 0 0 0
17.291 0x00 idle 0 0 0 0 0 0.0 0.0 230 26.5 0 0 0
17.330 0x00 idle 0 0 0 0 0 0.0 0.0 230 26.5 0 0 0
17.370 0x00 idle 0 0 0 0 0 0.0 0.0 230 26.5 0 0 0

[tcp_trajectory]
elapsed_s x_m y_m z_m qx qy qz qw speed_m_s tf_stamp_s along_mm remaining_mm cross_track_mm progress waypoint phase
0.0030 0.0811320 -1.6772876 0.6770476 -0.40882705 0.66470813 -0.53570817 -0.32255279 0.000000 1789527448.074418068 0.126 42.907 0.666 0.00000 -1 ACTUAL_TF
0.0407 0.0810816 -1.6774559 0.6768277 -0.40881987 0.66474895 -0.53567874 -0.32252663 0.005023 1789527448.130444527 0.066 42.968 0.392 0.00000 -1 ACTUAL_TF
0.0927 0.0810650 -1.6775345 0.6767130 -0.40882384 0.66476891 -0.53566277 -0.32250700 0.004262 1789527448.186723232 0.045 42.989 0.254 0.00000 -1 ACTUAL_TF
0.1517 0.0810496 -1.6775849 0.6766260 -0.40882806 0.66478489 -0.53564756 -0.32249397 0.003532 1789527448.242446661 0.027 43.007 0.154 0.00000 -1 ACTUAL_TF
0.2077 0.0810457 -1.6776171 0.6765932 -0.40882805 0.66479028 -0.53564448 -0.32248798 0.002718 1789527448.298707724 0.021 43.013 0.112 0.00000 -1 ACTUAL_TF
0.2634 0.0810349 -1.6776379 0.6765678 -0.40882681 0.66479590 -0.53563962 -0.32248604 0.002089 1789527448.354432821 0.009 43.025 0.083 0.00000 -1 ACTUAL_TF
0.3212 0.0810365 -1.6776482 0.6765526 -0.40882788 0.66479703 -0.53563937 -0.32248278 0.001560 1789527448.410763741 0.010 43.024 0.067 0.00000 -1 ACTUAL_TF
0.3803 0.0810254 -1.6776514 0.6765381 -0.40882849 0.66480087 -0.53563368 -0.32248352 0.001191 1789527448.467062235 -0.001 43.035 0.052 0.00000 -1 ACTUAL_TF
0.4272 0.0810251 -1.6776571 0.6765361 -0.40882756 0.66480025 -0.53563518 -0.32248349 0.000866 1789527448.522355556 -0.002 43.036 0.050 0.00000 -1 ACTUAL_TF
0.4845 0.0809503 -1.6775401 0.6764960 -0.40884914 0.66482519 -0.53558443 -0.32248901 0.001380 1789527448.578443766 -0.066 43.100 0.117 0.00000 -1 ACTUAL_TF
0.5431 0.0808934 -1.6774087 0.6764565 -0.40885842 0.66485725 -0.53552742 -0.32250583 0.001761 1789527448.634448767 -0.112 43.146 0.254 0.00000 -1 ACTUAL_TF
0.6008 0.0809575 -1.6772902 0.6764346 -0.40887039 0.66487103 -0.53549685 -0.32251300 0.001965 1789527448.690403938 -0.038 43.072 0.369 0.00000 -1 ACTUAL_TF
0.6531 0.0811834 -1.6771194 0.6764260 -0.40889716 0.66486393 -0.53548557 -0.32251243 0.002891 1789527448.746473074 0.201 42.833 0.520 0.00000 -1 ACTUAL_TF
0.7175 0.0814003 -1.6769933 0.6764339 -0.40891349 0.66484802 -0.53549134 -0.32251495 0.003368 1789527448.802487373 0.428 42.606 0.627 0.00000 -1 ACTUAL_TF
0.7664 0.0816224 -1.6768678 0.6764498 -0.40891609 0.66483338 -0.53549863 -0.32252973 0.003719 1789527448.858822107 0.659 42.375 0.733 0.00000 -1 ACTUAL_TF
0.8268 0.0817620 -1.6767884 0.6764592 -0.40892136 0.66482250 -0.53550535 -0.32253431 0.003471 1789527448.914429903 0.804 42.230 0.800 0.00000 -1 ACTUAL_TF
0.8840 0.0818677 -1.6767328 0.6764709 -0.40892052 0.66481316 -0.53551562 -0.32253758 0.003074 1789527448.970356703 0.914 42.120 0.847 0.00000 -1 ACTUAL_TF
0.9331 0.0819153 -1.6767014 0.6764692 -0.40891997 0.66480970 -0.53551792 -0.32254160 0.002457 1789527449.026437044 0.964 42.070 0.874 0.00000 -1 ACTUAL_TF
0.9884 0.0819621 -1.6766756 0.6764702 -0.40892030 0.66480597 -0.53552352 -0.32253957 0.002007 1789527449.082385778 1.013 42.021 0.896 0.00000 -1 ACTUAL_TF
1.0453 0.0819848 -1.6766574 0.6764648 -0.40892166 0.66480449 -0.53552412 -0.32253988 0.001563 1789527449.138376713 1.037 41.997 0.912 0.00000 -1 ACTUAL_TF
1.1013 0.0820178 -1.6766555 0.6764660 -0.40891934 0.66480187 -0.53552965 -0.32253904 0.001271 1789527449.194347382 1.070 41.964 0.912 0.00000 -1 ACTUAL_TF
1.1584 0.0821021 -1.6767070 0.6764877 -0.40889657 0.66479202 -0.53555703 -0.32254275 0.001432 1789527449.250357151 1.149 41.884 0.854 0.00000 -1 ACTUAL_TF
1.2166 0.0822530 -1.6768194 0.6765343 -0.40885832 0.66476799 -0.53561314 -0.32254761 0.002040 1789527449.306401014 1.290 41.744 0.732 0.00000 -1 ACTUAL_TF
1.2727 0.0824878 -1.6769661 0.6765674 -0.40881003 0.66475998 -0.53566455 -0.32253994 0.002922 1789527449.362390995 1.511 41.522 0.574 0.00000 -1 ACTUAL_TF
1.3270 0.0827618 -1.6771364 0.6765710 -0.40876736 0.66477601 -0.53569422 -0.32251172 0.003773 1789527449.418422222 1.770 41.263 0.389 0.00000 -1 ACTUAL_TF
1.3854 0.0830915 -1.6773638 0.6765515 -0.40873755 0.66480202 -0.53569916 -0.32248766 0.004787 1789527449.474463701 2.081 40.953 0.154 0.00000 -1 ACTUAL_TF
1.4417 0.0834616 -1.6776074 0.6765476 -0.40875641 0.66478386 -0.53570254 -0.32249558 0.005729 1789527449.530368328 2.430 40.604 0.184 0.00000 -1 ACTUAL_TF
1.4900 0.0836984 -1.6777693 0.6765292 -0.40877339 0.66478283 -0.53568197 -0.32251035 0.005549 1789527449.586418629 2.653 40.381 0.346 0.00000 -1 ACTUAL_TF
1.5475 0.0839705 -1.6779709 0.6765116 -0.40878197 0.66478499 -0.53566877 -0.32251696 0.005692 1789527449.642709017 2.908 40.126 0.563 0.00000 -1 ACTUAL_TF
1.6045 0.0841651 -1.6781088 0.6765049 -0.40878797 0.66478181 -0.53566700 -0.32251885 0.005268 1789527449.698447227 3.091 39.943 0.715 0.00000 -1 ACTUAL_TF
1.6676 0.0843235 -1.6782063 0.6764825 -0.40879870 0.66479059 -0.53564880 -0.32251738 0.004692 1789527449.754396915 3.241 39.793 0.823 0.00000 -1 ACTUAL_TF
1.7174 0.0844155 -1.6782614 0.6764788 -0.40880601 0.66478708 -0.53564732 -0.32251779 0.003860 1789527449.810387611 3.328 39.705 0.885 0.00000 -1 ACTUAL_TF
1.7797 0.0844875 -1.6783033 0.6764751 -0.40880881 0.66478689 -0.53564701 -0.32251516 0.003149 1789527449.866335392 3.397 39.637 0.933 0.00000 -1 ACTUAL_TF
1.8285 0.0845179 -1.6783198 0.6764696 -0.40881285 0.66478843 -0.53564204 -0.32251511 0.002391 1789527449.922389984 3.426 39.608 0.951 0.00000 -1 ACTUAL_TF
1.8898 0.0845493 -1.6783296 0.6764630 -0.40881933 0.66478968 -0.53563827 -0.32251060 0.001853 1789527449.978546858 3.456 39.577 0.964 0.00000 -1 ACTUAL_TF
1.9483 0.0845724 -1.6783335 0.6764620 -0.40881788 0.66479111 -0.53563778 -0.32251029 0.001422 1789527450.035147667 3.479 39.555 0.969 0.00000 -1 ACTUAL_TF
1.9998 0.0846092 -1.6783154 0.6764591 -0.40882057 0.66479199 -0.53563459 -0.32251036 0.001219 1789527450.090306520 3.517 39.516 0.954 0.00000 -1 ACTUAL_TF
2.0546 0.0847086 -1.6782614 0.6764527 -0.40882792 0.66479055 -0.53563191 -0.32250847 0.001459 1789527450.146417141 3.621 39.413 0.908 0.00000 -1 ACTUAL_TF
2.1107 0.0848185 -1.6781653 0.6764408 -0.40883522 0.66479746 -0.53561516 -0.32251278 0.001805 1789527450.202487707 3.738 39.295 0.821 0.00000 -1 ACTUAL_TF
2.1699 0.0850883 -1.6779296 0.6764063 -0.40888695 0.66479857 -0.53558404 -0.32249661 0.003194 1789527450.258407116 4.027 39.007 0.609 0.00000 -1 ACTUAL_TF
2.2324 0.0853170 -1.6777022 0.6763752 -0.40891769 0.66480668 -0.53554844 -0.32250003 0.003970 1789527450.314460993 4.274 38.760 0.403 0.00000 -1 ACTUAL_TF
2.2776 0.0856447 -1.6774024 0.6763659 -0.40896039 0.66478952 -0.53553304 -0.32250684 0.005166 1789527450.370308876 4.625 38.409 0.136 0.00000 -1 ACTUAL_TF
2.3405 0.0858627 -1.6771656 0.6763640 -0.40896512 0.66478856 -0.53551721 -0.32252911 0.005336 1789527450.426435709 4.862 38.172 0.100 0.00000 -1 ACTUAL_TF
2.3888 0.0861781 -1.6768906 0.6763685 -0.40895882 0.66478647 -0.53553252 -0.32251599 0.005975 1789527450.482478380 5.198 37.836 0.340 0.00000 -1 ACTUAL_TF
2.4530 0.0864100 -1.6766522 0.6763640 -0.40895718 0.66478348 -0.53553479 -0.32252045 0.005964 1789527450.538503647 5.449 37.585 0.558 0.00000 -1 ACTUAL_TF
2.5104 0.0865737 -1.6764904 0.6763565 -0.40896225 0.66478352 -0.53553296 -0.32251698 0.005408 1789527450.594499350 5.625 37.409 0.706 0.00000 -1 ACTUAL_TF
2.5566 0.0866955 -1.6763713 0.6763616 -0.40894960 0.66478287 -0.53554255 -0.32251844 0.004698 1789527450.650554657 5.756 37.277 0.814 0.00000 -1 ACTUAL_TF
2.6130 0.0867670 -1.6763023 0.6763606 -0.40894391 0.66478540 -0.53554576 -0.32251509 0.003823 1789527450.706391573 5.833 37.201 0.877 0.00000 -1 ACTUAL_TF
2.6692 0.0868171 -1.6762606 0.6763645 -0.40893660 0.66478425 -0.53555368 -0.32251359 0.003026 1789527450.762304544 5.886 37.147 0.915 0.00000 -1 ACTUAL_TF
2.7254 0.0868432 -1.6762335 0.6763630 -0.40893374 0.66478497 -0.53555638 -0.32251125 0.002320 1789527450.818387508 5.915 37.119 0.940 0.00000 -1 ACTUAL_TF
2.7846 0.0868645 -1.6762167 0.6763671 -0.40892882 0.66478459 -0.53556199 -0.32250895 0.001771 1789527450.874430180 5.937 37.097 0.955 0.00000 -1 ACTUAL_TF
2.8414 0.0868775 -1.6762092 0.6763658 -0.40892375 0.66478605 -0.53556426 -0.32250859 0.001320 1789527450.930405140 5.951 37.083 0.961 0.00000 -1 ACTUAL_TF
2.8906 0.0869211 -1.6762277 0.6763780 -0.40891260 0.66478147 -0.53557730 -0.32251054 0.001186 1789527450.986385584 5.993 37.041 0.939 0.00000 -1 ACTUAL_TF
2.9502 0.0870395 -1.6763180 0.6764156 -0.40887523 0.66476564 -0.53562014 -0.32251939 0.001651 1789527451.042550087 6.103 36.931 0.839 0.00000 -1 ACTUAL_TF
3.0065 0.0872152 -1.6764473 0.6764650 -0.40883053 0.66474548 -0.53567794 -0.32252162 0.002357 1789527451.098407745 6.266 36.767 0.700 0.00000 -1 ACTUAL_TF
3.0639 0.0874898 -1.6766322 0.6764788 -0.40877711 0.66475912 -0.53571597 -0.32249804 0.003424 1789527451.154437065 6.525 36.509 0.499 0.00000 -1 ACTUAL_TF
3.1241 0.0877614 -1.6768272 0.6764902 -0.40873931 0.66476515 -0.53574778 -0.32248067 0.004187 1789527451.210510015 6.779 36.254 0.295 0.00000 -1 ACTUAL_TF
3.1707 0.0880950 -1.6770541 0.6764637 -0.40874292 0.66477706 -0.53572901 -0.32248273 0.005100 1789527451.266434431 7.094 35.940 0.093 0.00000 -1 ACTUAL_TF
3.2290 0.0883929 -1.6772612 0.6764600 -0.40875393 0.66476575 -0.53573311 -0.32248528 0.005513 1789527451.322454929 7.374 35.660 0.231 0.00000 -1 ACTUAL_TF
3.2871 0.0886847 -1.6774605 0.6764387 -0.40875332 0.66477699 -0.53571734 -0.32248908 0.005756 1789527451.378427505 7.649 35.385 0.440 0.00000 -1 ACTUAL_TF
3.3455 0.0889059 -1.6776045 0.6764373 -0.40876027 0.66476849 -0.53572029 -0.32249288 0.005443 1789527451.434458971 7.857 35.176 0.600 0.00000 -1 ACTUAL_TF
3.4045 0.0891111 -1.6777483 0.6764265 -0.40876561 0.66476928 -0.53571441 -0.32249426 0.005152 1789527451.490507364 8.050 34.983 0.759 0.00000 -1 ACTUAL_TF
3.4509 0.0892476 -1.6778312 0.6764094 -0.40876918 0.66477877 -0.53570519 -0.32248550 0.004468 1789527451.546448708 8.180 34.854 0.851 0.00000 -1 ACTUAL_TF
3.5100 0.0893157 -1.6778728 0.6764007 -0.40877852 0.66477892 -0.53569645 -0.32248786 0.003558 1789527451.602427483 8.244 34.789 0.897 0.00000 -1 ACTUAL_TF
3.5695 0.0893657 -1.6779014 0.6763920 -0.40878684 0.66478025 -0.53568941 -0.32248627 0.002803 1789527451.658392906 8.292 34.742 0.929 0.00000 -1 ACTUAL_TF
3.6192 0.0893899 -1.6779132 0.6763871 -0.40879044 0.66478185 -0.53568461 -0.32248639 0.002109 1789527451.714402676 8.315 34.718 0.943 0.00000 -1 ACTUAL_TF
3.6759 0.0894108 -1.6779244 0.6763839 -0.40879360 0.66478221 -0.53568201 -0.32248595 0.001604 1789527451.770361900 8.335 34.698 0.956 0.00000 -1 ACTUAL_TF
3.7340 0.0894325 -1.6779206 0.6763803 -0.40879784 0.66478262 -0.53567922 -0.32248436 0.001243 1789527451.826301098 8.357 34.676 0.954 0.00000 -1 ACTUAL_TF
3.7923 0.0894848 -1.6778935 0.6763776 -0.40879698 0.66478552 -0.53567421 -0.32248780 0.001185 1789527451.882426023 8.412 34.622 0.931 0.00000 -1 ACTUAL_TF
3.8505 0.0895736 -1.6778344 0.6763731 -0.40879913 0.66478846 -0.53566698 -0.32249104 0.001402 1789527451.938419342 8.505 34.529 0.879 0.00000 -1 ACTUAL_TF
3.8985 0.0897425 -1.6776757 0.6763512 -0.40881763 0.66479793 -0.53563965 -0.32249345 0.002228 1789527451.994451761 8.687 34.347 0.734 0.00000 -1 ACTUAL_TF
3.9561 0.0900315 -1.6774019 0.6763088 -0.40887666 0.66480177 -0.53560008 -0.32247642 0.003704 1789527452.050436735 8.998 34.036 0.486 0.00000 -1 ACTUAL_TF
4.0134 0.0902660 -1.6771740 0.6762840 -0.40890511 0.66480563 -0.53556974 -0.32248278 0.004356 1789527452.106257200 9.250 33.783 0.282 0.00000 -1 ACTUAL_TF
4.0772 0.0905564 -1.6768752 0.6762781 -0.40893313 0.66479721 -0.53554670 -0.32250287 0.005274 1789527452.162462711 9.564 33.470 0.055 0.00000 -1 ACTUAL_TF
4.1236 0.0907960 -1.6766523 0.6762827 -0.40895177 0.66478438 -0.53554296 -0.32251189 0.005445 1789527452.218454599 9.821 33.213 0.205 0.00000 -1 ACTUAL_TF
4.1793 0.0910885 -1.6763732 0.6762842 -0.40896225 0.66477739 -0.53554504 -0.32250956 0.005982 1789527452.274330616 10.135 32.899 0.456 0.00000 -1 ACTUAL_TF
4.2367 0.0912623 -1.6762057 0.6762929 -0.40893499 0.66478858 -0.53555274 -0.32250828 0.005467 1789527452.330970287 10.322 32.712 0.608 0.00000 -1 ACTUAL_TF
4.2938 0.0914314 -1.6760421 0.6762949 -0.40894269 0.66478129 -0.53555361 -0.32251207 0.005098 1789527452.386483431 10.504 32.530 0.757 0.00000 -1 ACTUAL_TF
4.3531 0.0915347 -1.6759484 0.6763015 -0.40893882 0.66477628 -0.53556228 -0.32251293 0.004316 1789527452.442536831 10.614 32.420 0.841 0.00000 -1 ACTUAL_TF
4.4117 0.0915834 -1.6758946 0.6762996 -0.40893611 0.66477747 -0.53556284 -0.32251297 0.003411 1789527452.498445511 10.667 32.367 0.891 0.00000 -1 ACTUAL_TF
4.4588 0.0916208 -1.6758542 0.6762970 -0.40893230 0.66477980 -0.53556500 -0.32250941 0.002683 1789527452.554423094 10.708 32.326 0.928 0.00000 -1 ACTUAL_TF
4.5278 0.0916441 -1.6758410 0.6763024 -0.40892640 0.66477882 -0.53557205 -0.32250720 0.002025 1789527452.610314131 10.732 32.302 0.939 0.00000 -1 ACTUAL_TF
4.5963 0.0916603 -1.6758244 0.6763003 -0.40892394 0.66477967 -0.53557333 -0.32250645 0.001541 1789527452.666789532 10.749 32.284 0.955 0.00000 -1 ACTUAL_TF
4.6343 0.0916792 -1.6758215 0.6763033 -0.40891866 0.66478016 -0.53557670 -0.32250653 0.001183 1789527452.722683191 10.768 32.265 0.956 0.00000 -1 ACTUAL_TF
4.6904 0.0917599 -1.6758776 0.6763296 -0.40889601 0.66476919 -0.53560504 -0.32251080 0.001373 1789527452.778631449 10.844 32.190 0.894 0.00000 -1 ACTUAL_TF
4.7394 0.0918824 -1.6759706 0.6763684 -0.40885867 0.66475233 -0.53564987 -0.32251845 0.001810 1789527452.834714890 10.958 32.076 0.793 0.00000 -1 ACTUAL_TF
4.7995 0.0921154 -1.6761489 0.6764254 -0.40879506 0.66473569 -0.53571870 -0.32251904 0.002878 1789527452.890373945 11.175 31.859 0.606 0.00000 -1 ACTUAL_TF
4.8610 0.0924378 -1.6763612 0.6764408 -0.40874694 0.66474415 -0.53576298 -0.32248904 0.004068 1789527452.946815491 11.478 31.555 0.382 0.00000 -1 ACTUAL_TF
4.9090 0.0927256 -1.6765492 0.6764173 -0.40873885 0.66476255 -0.53575255 -0.32247870 0.004707 1789527453.002399921 11.750 31.284 0.188 0.00000 -1 ACTUAL_TF
4.9644 0.0930645 -1.6767741 0.6763876 -0.40874832 0.66477427 -0.53573502 -0.32247165 0.005479 1789527453.058414459 12.070 30.964 0.143 0.00000 -1 ACTUAL_TF
5.0295 0.0933394 -1.6769549 0.6763670 -0.40874017 0.66479071 -0.53573168 -0.32245364 0.005595 1789527453.114625931 12.330 30.704 0.319 0.00000 -1 ACTUAL_TF
5.0763 0.0936030 -1.6771239 0.6763357 -0.40875066 0.66480525 -0.53570744 -0.32245066 0.005609 1789527453.170395374 12.579 30.455 0.501 0.00000 -1 ACTUAL_TF
5.1373 0.0938024 -1.6772689 0.6763250 -0.40874955 0.66481026 -0.53570225 -0.32245034 0.005247 1789527453.226456642 12.766 30.268 0.661 0.00000 -1 ACTUAL_TF
5.1903 0.0939749 -1.6773855 0.6763189 -0.40875781 0.66480638 -0.53569960 -0.32245228 0.004789 1789527453.282436371 12.929 30.105 0.791 0.00000 -1 ACTUAL_TF
5.2468 0.0940738 -1.6774463 0.6763063 -0.40876637 0.66480990 -0.53569139 -0.32244781 0.003976 1789527453.338606834 13.022 30.011 0.859 0.00000 -1 ACTUAL_TF
5.3030 0.0941382 -1.6774858 0.6762930 -0.40877488 0.66481484 -0.53567879 -0.32244775 0.003195 1789527453.394484043 13.084 29.950 0.903 0.00000 -1 ACTUAL_TF
5.3628 0.0941762 -1.6775081 0.6762901 -0.40878050 0.66481308 -0.53567610 -0.32244874 0.002474 1789527453.450403929 13.120 29.914 0.929 0.00000 -1 ACTUAL_TF
5.4122 0.0941973 -1.6775210 0.6762901 -0.40878243 0.66481144 -0.53567606 -0.32244973 0.001864 1789527453.506562710 13.140 29.894 0.943 0.00000 -1 ACTUAL_TF
5.4763 0.0942114 -1.6775226 0.6762862 -0.40878639 0.66481215 -0.53567112 -0.32245145 0.001383 1789527453.562779427 13.154 29.880 0.946 0.00000 -1 ACTUAL_TF
5.5265 0.0942303 -1.6775142 0.6762846 -0.40878550 0.66481410 -0.53566693 -0.32245555 0.001080 1789527453.618387222 13.173 29.861 0.939 0.00000 -1 ACTUAL_TF
5.5866 0.0943186 -1.6774645 0.6762826 -0.40878800 0.66481444 -0.53566266 -0.32245876 0.001299 1789527453.674379349 13.265 29.768 0.897 0.00000 -1 ACTUAL_TF
5.6407 0.0944265 -1.6773669 0.6762706 -0.40879401 0.66482215 -0.53564534 -0.32246401 0.001691 1789527453.730399847 13.381 29.653 0.808 0.00000 -1 ACTUAL_TF
5.6984 0.0946525 -1.6771557 0.6762364 -0.40883105 0.66482861 -0.53561313 -0.32245722 0.002848 1789527453.786497831 13.624 29.410 0.617 0.00000 -1 ACTUAL_TF
5.7592 0.0949046 -1.6769289 0.6762060 -0.40887773 0.66482884 -0.53558473 -0.32244474 0.003820 1789527453.842425823 13.894 29.140 0.415 0.00000 -1 ACTUAL_TF
5.8114 0.0951805 -1.6766417 0.6761891 -0.40890755 0.66482840 -0.53555237 -0.32246160 0.004804 1789527453.898559093 14.193 28.841 0.162 0.00000 -1 ACTUAL_TF
5.8708 0.0954446 -1.6763670 0.6761932 -0.40892410 0.66481492 -0.53553998 -0.32248897 0.005405 1789527453.954557657 14.478 28.555 0.122 0.00000 -1 ACTUAL_TF
5.9267 0.0957335 -1.6761132 0.6762036 -0.40895403 0.66479017 -0.53554352 -0.32249616 0.005845 1789527454.010519505 14.787 28.247 0.338 0.00000 -1 ACTUAL_TF
5.9847 0.0959745 -1.6758702 0.6761966 -0.40896181 0.66478870 -0.53553639 -0.32250116 0.005922 1789527454.066636324 15.047 27.987 0.560 0.00000 -1 ACTUAL_TF
6.0363 0.0961264 -1.6757232 0.6762028 -0.40892888 0.66480251 -0.53555006 -0.32249175 0.005282 1789527454.122445822 15.210 27.824 0.693 0.00000 -1 ACTUAL_TF
6.0831 0.0962698 -1.6755914 0.6762046 -0.40893637 0.66479222 -0.53555396 -0.32249697 0.004740 1789527454.178503275 15.364 27.670 0.812 0.00000 -1 ACTUAL_TF
6.1453 0.0963530 -1.6755193 0.6762065 -0.40894080 0.66478580 -0.53555908 -0.32249611 0.003907 1789527454.234538794 15.452 27.581 0.877 0.00000 -1 ACTUAL_TF
6.2036 0.0963993 -1.6754651 0.6762048 -0.40893844 0.66478377 -0.53556138 -0.32249944 0.003117 1789527454.290558815 15.503 27.531 0.927 0.00000 -1 ACTUAL_TF
6.2535 0.0964241 -1.6754415 0.6762093 -0.40893518 0.66478213 -0.53556492 -0.32250109 0.002367 1789527454.346639633 15.530 27.504 0.948 0.00000 -1 ACTUAL_TF
6.3135 0.0964448 -1.6754253 0.6762103 -0.40893285 0.66478016 -0.53556936 -0.32250074 0.001798 1789527454.402506828 15.551 27.482 0.963 0.00000 -1 ACTUAL_TF
6.3760 0.0964556 -1.6754140 0.6762077 -0.40892878 0.66478222 -0.53557017 -0.32250030 0.001344 1789527454.458456278 15.563 27.471 0.973 0.00000 -1 ACTUAL_TF
6.4224 0.0964886 -1.6754308 0.6762138 -0.40891796 0.66478008 -0.53557869 -0.32250430 0.001141 1789527454.514560223 15.595 27.439 0.954 0.00000 -1 ACTUAL_TF
6.4783 0.0965962 -1.6755151 0.6762520 -0.40888341 0.66476535 -0.53561908 -0.32251138 0.001559 1789527454.570547819 15.694 27.339 0.861 0.00000 -1 ACTUAL_TF
6.5388 0.0967509 -1.6756314 0.6762996 -0.40884057 0.66474647 -0.53567283 -0.32251532 0.002161 1789527454.626461744 15.838 27.196 0.735 0.00000 -1 ACTUAL_TF
6.5957 0.0970394 -1.6758357 0.6763248 -0.40878070 0.66475447 -0.53572403 -0.32248967 0.003411 1789527454.682466507 16.109 26.925 0.514 0.00000 -1 ACTUAL_TF
6.6471 0.0973216 -1.6760267 0.6763347 -0.40874006 0.66476435 -0.53575501 -0.32246937 0.004215 1789527454.738427162 16.374 26.660 0.312 0.00000 -1 ACTUAL_TF
6.7063 0.0976461 -1.6762506 0.6763089 -0.40873161 0.66478150 -0.53574633 -0.32245913 0.005066 1789527454.794453382 16.680 26.354 0.099 0.00000 -1 ACTUAL_TF
6.7573 0.0978980 -1.6764121 0.6762785 -0.40873170 0.66480218 -0.53572343 -0.32245444 0.005156 1789527454.850507736 16.918 26.116 0.153 0.00000 -1 ACTUAL_TF
6.8190 0.0982044 -1.6766341 0.6762683 -0.40872943 0.66480517 -0.53571998 -0.32245688 0.005641 1789527454.906401634 17.206 25.828 0.390 0.00000 -1 ACTUAL_TF
6.8659 0.0984725 -1.6768134 0.6762661 -0.40873816 0.66479577 -0.53572157 -0.32246256 0.005675 1789527454.962461233 17.458 25.576 0.589 0.00000 -1 ACTUAL_TF
6.9271 0.0986567 -1.6769334 0.6762546 -0.40874808 0.66479575 -0.53571643 -0.32245857 0.005153 1789527455.018411636 17.632 25.402 0.722 0.00000 -1 ACTUAL_TF
6.9853 0.0987887 -1.6770221 0.6762403 -0.40875822 0.66479903 -0.53570228 -0.32246246 0.004462 1789527455.074450493 17.757 25.277 0.821 0.00000 -1 ACTUAL_TF
7.0361 0.0988584 -1.6770677 0.6762329 -0.40876256 0.66480124 -0.53569683 -0.32246145 0.003571 1789527455.130457878 17.823 25.211 0.872 0.00000 -1 ACTUAL_TF
7.0997 0.0989070 -1.6771073 0.6762317 -0.40876574 0.66479920 -0.53569488 -0.32246487 0.002835 1789527455.186564207 17.868 25.166 0.915 0.00000 -1 ACTUAL_TF
7.1481 0.0989323 -1.6771236 0.6762296 -0.40876864 0.66479866 -0.53569213 -0.32246687 0.002147 1789527455.242332935 17.892 25.142 0.933 0.00000 -1 ACTUAL_TF
7.2104 0.0989530 -1.6771353 0.6762280 -0.40877385 0.66479640 -0.53568970 -0.32246896 0.001630 1789527455.298515081 17.911 25.122 0.946 0.00000 -1 ACTUAL_TF
7.2682 0.0989629 -1.6771294 0.6762216 -0.40877839 0.66479922 -0.53568234 -0.32246961 0.001212 1789527455.354408979 17.922 25.112 0.941 0.00000 -1 ACTUAL_TF
7.3200 0.0990047 -1.6771055 0.6762188 -0.40877757 0.66480218 -0.53567617 -0.32247481 0.001107 1789527455.410379887 17.966 25.068 0.921 0.00000 -1 ACTUAL_TF
7.3783 0.0991125 -1.6770309 0.6762131 -0.40877951 0.66480639 -0.53566679 -0.32247924 0.001475 1789527455.466572285 18.079 24.955 0.855 0.00000 -1 ACTUAL_TF
7.4312 0.0992735 -1.6768839 0.6761919 -0.40880783 0.66480892 -0.53564639 -0.32247203 0.002211 1789527455.522359610 18.252 24.782 0.722 0.00000 -1 ACTUAL_TF
7.4853 0.0995157 -1.6766551 0.6761597 -0.40884104 0.66481876 -0.53561023 -0.32246969 0.003339 1789527455.578420639 18.512 24.521 0.514 0.00000 -1 ACTUAL_TF
7.5544 0.0997557 -1.6764040 0.6761292 -0.40887569 0.66482661 -0.53557230 -0.32247257 0.004206 1789527455.634387493 18.772 24.261 0.288 0.00000 -1 ACTUAL_TF
7.6021 0.1000727 -1.6761175 0.6761226 -0.40891422 0.66481147 -0.53555602 -0.32248197 0.005235 1789527455.690355778 19.112 23.922 0.062 0.00000 -1 ACTUAL_TF
7.6597 0.1003040 -1.6758762 0.6761200 -0.40892960 0.66480409 -0.53554229 -0.32250050 0.005455 1789527455.746341467 19.362 23.672 0.207 0.00000 -1 ACTUAL_TF
7.7087 0.1005872 -1.6756084 0.6761262 -0.40894976 0.66478897 -0.53553918 -0.32251125 0.005910 1789527455.802269697 19.666 23.368 0.445 0.00000 -1 ACTUAL_TF
7.7696 0.1008057 -1.6754157 0.6761238 -0.40896149 0.66478292 -0.53554375 -0.32250127 0.005694 1789527455.858418941 19.899 23.134 0.618 0.00000 -1 ACTUAL_TF
7.8295 0.1009818 -1.6752535 0.6761222 -0.40894101 0.66479306 -0.53555459 -0.32248833 0.005270 1789527455.914345980 20.088 22.946 0.765 0.00000 -1 ACTUAL_TF
7.8769 0.1010706 -1.6751429 0.6761217 -0.40893925 0.66479304 -0.53554900 -0.32249987 0.004449 1789527455.970306635 20.186 22.848 0.868 0.00000 -1 ACTUAL_TF
7.9469 0.1011263 -1.6750975 0.6761271 -0.40893630 0.66478773 -0.53555571 -0.32250342 0.003500 1789527456.026436329 20.245 22.789 0.909 0.00000 -1 ACTUAL_TF
7.9944 0.1011643 -1.6750492 0.6761219 -0.40893588 0.66478758 -0.53555624 -0.32250338 0.002781 1789527456.082334995 20.287 22.747 0.954 0.00000 -1 ACTUAL_TF
8.0443 0.1011784 -1.6750325 0.6761244 -0.40893163 0.66478814 -0.53555815 -0.32250445 0.002064 1789527456.138428926 20.302 22.732 0.969 0.00000 -1 ACTUAL_TF
8.1075 0.1011954 -1.6750157 0.6761223 -0.40893167 0.66478745 -0.53555941 -0.32250371 0.001574 1789527456.194446564 20.320 22.713 0.985 0.00000 -1 ACTUAL_TF
8.1579 0.1012089 -1.6750070 0.6761193 -0.40893101 0.66478766 -0.53555982 -0.32250346 0.001189 1789527456.250321388 20.335 22.699 0.992 0.00000 -1 ACTUAL_TF
8.2154 0.1012745 -1.6750625 0.6761444 -0.40890522 0.66477998 -0.53558480 -0.32251048 0.001312 1789527456.306284428 20.395 22.639 0.931 0.00000 -1 ACTUAL_TF
8.2772 0.1014270 -1.6751838 0.6761951 -0.40885959 0.66475744 -0.53564361 -0.32251713 0.001994 1789527456.362437963 20.536 22.497 0.798 0.00000 -1 ACTUAL_TF
8.3275 0.1016278 -1.6753388 0.6762400 -0.40880790 0.66474540 -0.53570122 -0.32251179 0.002774 1789527456.418504000 20.723 22.311 0.632 0.00000 -1 ACTUAL_TF
8.3812 0.1019348 -1.6755394 0.6762534 -0.40875072 0.66476242 -0.53574076 -0.32248349 0.003910 1789527456.474444628 21.013 22.021 0.415 0.00000 -1 ACTUAL_TF
8.4398 0.1021971 -1.6757197 0.6762430 -0.40872776 0.66477981 -0.53574419 -0.32247105 0.004443 1789527456.530445576 21.259 21.774 0.223 0.00000 -1 ACTUAL_TF
8.4975 0.1025550 -1.6759744 0.6762419 -0.40871870 0.66477840 -0.53575419 -0.32246884 0.005456 1789527456.586614132 21.595 21.438 0.131 0.00000 -1 ACTUAL_TF
8.5572 0.1028078 -1.6761491 0.6762205 -0.40871150 0.66479596 -0.53574196 -0.32246209 0.005455 1789527456.643122435 21.833 21.200 0.290 0.00000 -1 ACTUAL_TF
8.6063 0.1030929 -1.6763556 0.6762140 -0.40871478 0.66479340 -0.53573909 -0.32246797 0.005729 1789527456.698405743 22.101 20.933 0.513 0.00000 -1 ACTUAL_TF
8.6656 0.1032846 -1.6764911 0.6761975 -0.40871789 0.66480171 -0.53572787 -0.32246553 0.005268 1789527456.754550695 22.281 20.753 0.660 0.00000 -1 ACTUAL_TF
8.7230 0.1034742 -1.6766208 0.6761917 -0.40872523 0.66479836 -0.53572545 -0.32246718 0.004923 1789527456.810371161 22.460 20.574 0.804 0.00000 -1 ACTUAL_TF
8.7813 0.1035791 -1.6766880 0.6761816 -0.40873237 0.66480069 -0.53571608 -0.32246887 0.004114 1789527456.866440058 22.559 20.475 0.879 0.00000 -1 ACTUAL_TF
8.8295 0.1036306 -1.6767229 0.6761756 -0.40873875 0.66480093 -0.53570970 -0.32247088 0.003215 1789527456.922437668 22.607 20.426 0.918 0.00000 -1 ACTUAL_TF
8.8905 0.1036683 -1.6767430 0.6761646 -0.40874822 0.66480399 -0.53569905 -0.32247027 0.002487 1789527456.978531837 22.643 20.390 0.940 0.00000 -1 ACTUAL_TF
8.9400 0.1036910 -1.6767538 0.6761565 -0.40875402 0.66480713 -0.53569224 -0.32246776 0.001882 1789527457.034388065 22.665 20.368 0.952 0.00000 -1 ACTUAL_TF
8.9975 0.1037082 -1.6767560 0.6761491 -0.40876122 0.66480895 -0.53568489 -0.32246710 0.001418 1789527457.090447903 22.682 20.351 0.956 0.00000 -1 ACTUAL_TF
9.0561 0.1037327 -1.6767453 0.6761459 -0.40876461 0.66480963 -0.53568008 -0.32246939 0.001137 1789527457.146516085 22.708 20.326 0.947 0.00000 -1 ACTUAL_TF
9.1152 0.1038143 -1.6767062 0.6761448 -0.40876805 0.66480849 -0.53567748 -0.32247168 0.001282 1789527457.202388525 22.792 20.242 0.915 0.00000 -1 ACTUAL_TF
9.1629 0.1039356 -1.6766003 0.6761311 -0.40878270 0.66481224 -0.53566241 -0.32247042 0.001762 1789527457.258435249 22.922 20.112 0.819 0.00000 -1 ACTUAL_TF
9.2209 0.1041631 -1.6764081 0.6761063 -0.40881564 0.66481520 -0.53563817 -0.32246281 0.002835 1789527457.314408779 23.165 19.869 0.646 0.00000 -1 ACTUAL_TF
9.2791 0.1044176 -1.6761394 0.6760648 -0.40885142 0.66482909 -0.53559238 -0.32246489 0.003980 1789527457.370414734 23.441 19.593 0.401 0.00000 -1 ACTUAL_TF
9.3381 0.1046490 -1.6758993 0.6760532 -0.40887474 0.66482711 -0.53556789 -0.32248008 0.004574 1789527457.426410437 23.691 19.343 0.186 0.00000 -1 ACTUAL_TF
9.3877 0.1049814 -1.6756062 0.6760629 -0.40890682 0.66480152 -0.53556589 -0.32249547 0.005576 1789527457.482406378 24.046 18.988 0.095 0.00000 -1 ACTUAL_TF
9.4523 0.1052326 -1.6753638 0.6760629 -0.40892817 0.66478788 -0.53555866 -0.32250851 0.005765 1789527457.538657188 24.316 18.718 0.310 0.00000 -1 ACTUAL_TF
9.5034 0.1054776 -1.6751161 0.6760617 -0.40894704 0.66477688 -0.53555144 -0.32251926 0.005901 1789527457.594681978 24.581 18.453 0.536 0.00000 -1 ACTUAL_TF
9.5625 0.1056584 -1.6749553 0.6760595 -0.40894512 0.66477585 -0.53555950 -0.32251045 0.005433 1789527457.650408268 24.774 18.260 0.681 0.00000 -1 ACTUAL_TF
9.6226 0.1058038 -1.6748136 0.6760519 -0.40892870 0.66478838 -0.53556523 -0.32249590 0.004889 1789527457.706519127 24.930 18.103 0.811 0.00000 -1 ACTUAL_TF
9.6689 0.1058707 -1.6747349 0.6760495 -0.40893454 0.66478486 -0.53556304 -0.32249940 0.003978 1789527457.762392044 25.004 18.030 0.884 0.00000 -1 ACTUAL_TF
9.7276 0.1059226 -1.6746815 0.6760475 -0.40893435 0.66478170 -0.53556553 -0.32250202 0.003183 1789527457.818413734 25.060 17.974 0.933 0.00000 -1 ACTUAL_TF
9.7886 0.1059534 -1.6746527 0.6760491 -0.40893290 0.66477870 -0.53556960 -0.32250328 0.002454 1789527457.874476910 25.093 17.941 0.959 0.00000 -1 ACTUAL_TF
9.8408 0.1059660 -1.6746388 0.6760498 -0.40893054 0.66477680 -0.53557272 -0.32250502 0.001818 1789527457.930407524 25.106 17.927 0.971 0.00000 -1 ACTUAL_TF
9.8933 0.1059780 -1.6746273 0.6760490 -0.40892813 0.66477636 -0.53557359 -0.32250752 0.001362 1789527457.986471653 25.119 17.914 0.982 0.00000 -1 ACTUAL_TF
9.9564 0.1060039 -1.6746329 0.6760543 -0.40892040 0.66477610 -0.53557890 -0.32250904 0.001098 1789527458.042539597 25.145 17.889 0.974 0.00000 -1 ACTUAL_TF
10.0051 0.1060941 -1.6747137 0.6760899 -0.40888527 0.66476445 -0.53561521 -0.32251730 0.001442 1789527458.098784685 25.227 17.806 0.886 0.00000 -1 ACTUAL_TF
10.0645 0.1062510 -1.6748404 0.6761366 -0.40883710 0.66474697 -0.53567088 -0.32252195 0.002125 1789527458.154469013 25.373 17.661 0.749 0.00000 -1 ACTUAL_TF
10.1248 0.1065382 -1.6750416 0.6761655 -0.40877586 0.66475356 -0.53572458 -0.32249680 0.003370 1789527458.210536957 25.642 17.392 0.531 0.00000 -1 ACTUAL_TF
10.1760 0.1067874 -1.6752129 0.6761646 -0.40873203 0.66477624 -0.53574302 -0.32247496 0.003980 1789527458.266500235 25.876 17.157 0.345 0.00000 -1 ACTUAL_TF
10.2306 0.1071171 -1.6754500 0.6761508 -0.40872251 0.66478716 -0.53573942 -0.32247050 0.004966 1789527458.322425604 26.186 16.848 0.109 0.00000 -1 ACTUAL_TF
10.2870 0.1074405 -1.6756705 0.6761271 -0.40871769 0.66480435 -0.53572915 -0.32245822 0.005576 1789527458.378456116 26.491 16.543 0.189 0.00000 -1 ACTUAL_TF
10.3484 0.1076865 -1.6758286 0.6761006 -0.40873962 0.66480931 -0.53570500 -0.32246032 0.005476 1789527458.434442282 26.723 16.311 0.358 0.00000 -1 ACTUAL_TF
10.3944 0.1079772 -1.6760395 0.6760853 -0.40874696 0.66481226 -0.53569764 -0.32245716 0.005762 1789527458.490350008 26.996 16.038 0.590 0.00000 -1 ACTUAL_TF
10.4555 0.1081543 -1.6761563 0.6760775 -0.40875329 0.66481185 -0.53569132 -0.32246049 0.005168 1789527458.546464443 27.163 15.871 0.720 0.00000 -1 ACTUAL_TF
10.5129 0.1082922 -1.6762422 0.6760567 -0.40876516 0.66482024 -0.53567354 -0.32245768 0.004496 1789527458.602415323 27.294 15.740 0.817 0.00000 -1 ACTUAL_TF
10.5765 0.1083627 -1.6762891 0.6760476 -0.40876808 0.66482504 -0.53566642 -0.32245590 0.003604 1789527458.658343077 27.360 15.673 0.869 0.00000 -1 ACTUAL_TF
10.6258 0.1084191 -1.6763235 0.6760432 -0.40877368 0.66482442 -0.53566253 -0.32245653 0.002877 1789527458.714458942 27.414 15.620 0.908 0.00000 -1 ACTUAL_TF
10.6862 0.1084464 -1.6763392 0.6760411 -0.40877922 0.66482235 -0.53565986 -0.32245823 0.002183 1789527458.770387888 27.440 15.594 0.926 0.00000 -1 ACTUAL_TF
10.7335 0.1084626 -1.6763484 0.6760383 -0.40878402 0.66482160 -0.53565658 -0.32245914 0.001629 1789527458.826409817 27.455 15.579 0.936 0.00000 -1 ACTUAL_TF
10.7901 0.1084851 -1.6763465 0.6760360 -0.40878728 0.66482142 -0.53565283 -0.32246160 0.001262 1789527458.882408381 27.478 15.556 0.936 0.00000 -1 ACTUAL_TF
10.8444 0.1085276 -1.6763255 0.6760347 -0.40878935 0.66482131 -0.53565094 -0.32246234 0.001137 1789527458.938455343 27.522 15.512 0.919 0.00000 -1 ACTUAL_TF
10.8995 0.1086449 -1.6762493 0.6760288 -0.40880003 0.66482025 -0.53564477 -0.32246122 0.001546 1789527458.994462013 27.645 15.389 0.853 0.00000 -1 ACTUAL_TF
10.9594 0.1087799 -1.6761196 0.6760113 -0.40881394 0.66482798 -0.53562330 -0.32246334 0.002084 1789527459.050739288 27.791 15.243 0.735 0.00000 -1 ACTUAL_TF
11.0096 0.1090206 -1.6758863 0.6759788 -0.40884452 0.66483942 -0.53558593 -0.32246303 0.003273 1789527459.106447935 28.050 14.984 0.525 0.00000 -1 ACTUAL_TF
11.0719 0.1092828 -1.6756380 0.6759491 -0.40889313 0.66483485 -0.53556008 -0.32245377 0.004232 1789527459.162453175 28.332 14.702 0.307 0.00000 -1 ACTUAL_TF
11.1249 0.1095814 -1.6753569 0.6759530 -0.40891185 0.66482213 -0.53554561 -0.32248028 0.005161 1789527459.218423128 28.652 14.381 0.084 0.00000 -1 ACTUAL_TF
11.1849 0.1098592 -1.6751043 0.6759543 -0.40894615 0.66480200 -0.53554187 -0.32248448 0.005624 1789527459.274416924 28.950 14.084 0.202 0.00000 -1 ACTUAL_TF
11.2341 0.1101236 -1.6748511 0.6759673 -0.40895979 0.66478149 -0.53554254 -0.32250838 0.005899 1789527459.330417156 29.234 13.800 0.424 0.00000 -1 ACTUAL_TF
11.2913 0.1103404 -1.6746341 0.6759709 -0.40896669 0.66477318 -0.53553917 -0.32252234 0.005772 1789527459.386451960 29.467 13.566 0.621 0.00000 -1 ACTUAL_TF
11.3481 0.1104698 -1.6744958 0.6759680 -0.40893581 0.66479315 -0.53554562 -0.32250963 0.005056 1789527459.442404747 29.608 13.426 0.748 0.00000 -1 ACTUAL_TF
11.4064 0.1105909 -1.6743867 0.6759715 -0.40893493 0.66478880 -0.53555342 -0.32250676 0.004404 1789527459.498921633 29.737 13.297 0.846 0.00000 -1 ACTUAL_TF
11.4650 0.1106511 -1.6743251 0.6759681 -0.40893709 0.66478535 -0.53555510 -0.32250835 0.003549 1789527459.554409742 29.802 13.232 0.903 0.00000 -1 ACTUAL_TF
11.5240 0.1106929 -1.6742848 0.6759717 -0.40893709 0.66477972 -0.53556045 -0.32251107 0.002796 1789527459.610418320 29.847 13.187 0.939 0.00000 -1 ACTUAL_TF
11.5746 0.1107124 -1.6742683 0.6759774 -0.40893544 0.66477594 -0.53556550 -0.32251254 0.002097 1789527459.666496277 29.868 13.166 0.954 0.00000 -1 ACTUAL_TF
11.6367 0.1107283 -1.6742522 0.6759767 -0.40893237 0.66477578 -0.53556804 -0.32251256 0.001589 1789527459.722418308 29.885 13.149 0.969 0.00000 -1 ACTUAL_TF
11.6952 0.1107351 -1.6742458 0.6759754 -0.40892839 0.66477660 -0.53556839 -0.32251534 0.001163 1789527459.778470516 29.892 13.142 0.975 0.00000 -1 ACTUAL_TF
11.7407 0.1107924 -1.6742867 0.6759952 -0.40890806 0.66477063 -0.53558820 -0.32252052 0.001206 1789527459.834501028 29.946 13.088 0.929 0.00000 -1 ACTUAL_TF
11.7994 0.1109373 -1.6744043 0.6760432 -0.40886248 0.66475098 -0.53564373 -0.32252657 0.001877 1789527459.890460253 30.080 12.954 0.801 0.00000 -1 ACTUAL_TF
11.8570 0.1111108 -1.6745422 0.6760687 -0.40881081 0.66475697 -0.53567989 -0.32251970 0.002503 1789527459.946751595 30.241 12.793 0.652 0.00000 -1 ACTUAL_TF
11.9144 0.1114082 -1.6747427 0.6760841 -0.40875143 0.66477454 -0.53572127 -0.32248999 0.003687 1789527460.002407789 30.521 12.513 0.433 0.00000 -1 ACTUAL_TF
11.9633 0.1116841 -1.6748978 0.6760621 -0.40873460 0.66479944 -0.53572111 -0.32246025 0.004282 1789527460.058371544 30.784 12.250 0.256 0.00000 -1 ACTUAL_TF
12.0210 0.1120301 -1.6751395 0.6760527 -0.40873094 0.66480349 -0.53572371 -0.32245223 0.005255 1789527460.114485502 31.109 11.925 0.069 0.00000 -1 ACTUAL_TF
12.0810 0.1122936 -1.6753393 0.6760373 -0.40872813 0.66481350 -0.53571297 -0.32245301 0.005453 1789527460.170419216 31.355 11.679 0.249 0.00000 -1 ACTUAL_TF
12.1401 0.1126052 -1.6755542 0.6760360 -0.40873386 0.66480555 -0.53571511 -0.32245858 0.005846 1789527460.226386309 31.648 11.385 0.486 0.00000 -1 ACTUAL_TF
12.1870 0.1128471 -1.6757284 0.6760333 -0.40873987 0.66479978 -0.53571318 -0.32246605 0.005691 1789527460.282326698 31.875 11.159 0.678 0.00000 -1 ACTUAL_TF
12.2592 0.1129851 -1.6758188 0.6760170 -0.40875343 0.66480329 -0.53569659 -0.32246921 0.004871 1789527460.338384628 32.006 11.028 0.778 0.00000 -1 ACTUAL_TF
12.3054 0.1130972 -1.6758920 0.6760146 -0.40875809 0.66480065 -0.53569570 -0.32247020 0.004126 1789527460.394453526 32.112 10.922 0.860 0.00000 -1 ACTUAL_TF
12.3641 0.1131528 -1.6759259 0.6760103 -0.40876618 0.66479857 -0.53569060 -0.32247272 0.003238 1789527460.450416327 32.164 10.870 0.898 0.00000 -1 ACTUAL_TF
12.4195 0.1131947 -1.6759548 0.6760051 -0.40877343 0.66479788 -0.53568484 -0.32247451 0.002541 1789527460.506422520 32.204 10.830 0.930 0.00000 -1 ACTUAL_TF
12.4711 0.1132158 -1.6759642 0.6760004 -0.40877985 0.66479773 -0.53567987 -0.32247494 0.001904 1789527460.562443972 32.224 10.810 0.941 0.00000 -1 ACTUAL_TF
12.5286 0.1132369 -1.6759669 0.6759963 -0.40878686 0.66479688 -0.53567564 -0.32247485 0.001450 1789527460.618365526 32.245 10.789 0.945 0.00000 -1 ACTUAL_TF
12.5914 0.1132564 -1.6759621 0.6759943 -0.40878806 0.66479780 -0.53567170 -0.32247798 0.001123 1789527460.674581051 32.265 10.769 0.942 0.00000 -1 ACTUAL_TF
12.6387 0.1133321 -1.6759244 0.6759931 -0.40878905 0.66479820 -0.53566926 -0.32247993 0.001240 1789527460.730405807 32.343 10.690 0.911 0.00000 -1 ACTUAL_TF
12.6974 0.1134734 -1.6758071 0.6759761 -0.40880352 0.66480197 -0.53565285 -0.32248108 0.001856 1789527460.786447525 32.494 10.540 0.805 0.00000 -1 ACTUAL_TF
12.7458 0.1136651 -1.6756342 0.6759535 -0.40882808 0.66480782 -0.53562855 -0.32247825 0.002689 1789527460.842363358 32.699 10.334 0.648 0.00000 -1 ACTUAL_TF
12.8061 0.1139223 -1.6753803 0.6759201 -0.40886316 0.66481734 -0.53559052 -0.32247733 0.003821 1789527460.898536682 32.977 10.057 0.418 0.00000 -1 ACTUAL_TF
12.8658 0.1141880 -1.6751240 0.6758936 -0.40890716 0.66481257 -0.53556508 -0.32247361 0.004661 1789527460.954427958 33.263 9.771 0.192 0.00000 -1 ACTUAL_TF
12.9223 0.1144993 -1.6748285 0.6758916 -0.40893570 0.66479610 -0.53555358 -0.32249047 0.005568 1789527461.010287523 33.597 9.436 0.103 0.00000 -1 ACTUAL_TF
12.9712 0.1147339 -1.6746060 0.6758961 -0.40894723 0.66478667 -0.53554677 -0.32250659 0.005625 1789527461.066424131 33.849 9.185 0.293 0.00000 -1 ACTUAL_TF
13.0273 0.1149602 -1.6743558 0.6758917 -0.40895660 0.66478120 -0.53553584 -0.32252415 0.005747 1789527461.122391939 34.095 8.939 0.523 0.00000 -1 ACTUAL_TF
13.0859 0.1151356 -1.6741821 0.6758852 -0.40893451 0.66479623 -0.53554201 -0.32251092 0.005342 1789527461.178528309 34.284 8.750 0.681 0.00000 -1 ACTUAL_TF
13.1440 0.1152885 -1.6740403 0.6758852 -0.40893528 0.66479128 -0.53555052 -0.32250602 0.004856 1789527461.234558105 34.448 8.586 0.809 0.00000 -1 ACTUAL_TF
13.2016 0.1153750 -1.6739538 0.6758828 -0.40893618 0.66478784 -0.53555153 -0.32251029 0.004057 1789527461.290393829 34.541 8.492 0.889 0.00000 -1 ACTUAL_TF
13.2534 0.1154251 -1.6739076 0.6758818 -0.40893822 0.66478509 -0.53555443 -0.32250857 0.003203 1789527461.346617222 34.595 8.439 0.930 0.00000 -1 ACTUAL_TF
13.3147 0.1154539 -1.6738775 0.6758816 -0.40893611 0.66478394 -0.53555649 -0.32251019 0.002467 1789527461.402408838 34.626 8.407 0.958 0.00000 -1 ACTUAL_TF
13.3676 0.1154683 -1.6738598 0.6758825 -0.40893485 0.66478408 -0.53555706 -0.32251055 0.001849 1789527461.458492517 34.642 8.392 0.974 0.00000 -1 ACTUAL_TF
13.4173 0.1154834 -1.6738476 0.6758816 -0.40893139 0.66478435 -0.53555977 -0.32250988 0.001398 1789527461.514473438 34.658 8.376 0.985 0.00000 -1 ACTUAL_TF
13.4773 0.1155061 -1.6738543 0.6758869 -0.40892484 0.66478342 -0.53556448 -0.32251227 0.001109 1789527461.570458889 34.680 8.354 0.977 0.00000 -1 ACTUAL_TF
13.5361 0.1155975 -1.6739251 0.6759200 -0.40889281 0.66477253 -0.53559846 -0.32251892 0.001421 1789527461.626422167 34.765 8.269 0.898 0.00000 -1 ACTUAL_TF
13.5925 0.1157523 -1.6740496 0.6759686 -0.40884515 0.66475354 -0.53565578 -0.32252327 0.002090 1789527461.682403088 34.908 8.126 0.762 0.00000 -1 ACTUAL_TF
13.6515 0.1160152 -1.6742288 0.6759918 -0.40878820 0.66476385 -0.53570131 -0.32249858 0.003171 1789527461.738427162 35.155 7.879 0.565 0.00000 -1 ACTUAL_TF
13.7009 0.1163204 -1.6744234 0.6759974 -0.40873784 0.66478492 -0.53573008 -0.32247119 0.004160 1789527461.794412374 35.443 7.590 0.351 0.00000 -1 ACTUAL_TF
13.7606 0.1166142 -1.6746232 0.6759993 -0.40873561 0.66477968 -0.53573822 -0.32247131 0.004816 1789527461.850383997 35.720 7.314 0.147 0.00000 -1 ACTUAL_TF
13.8185 0.1169353 -1.6748646 0.6759939 -0.40872736 0.66478380 -0.53573752 -0.32247442 0.005512 1789527461.906690836 36.020 7.013 0.170 0.00000 -1 ACTUAL_TF
13.8770 0.1171993 -1.6750496 0.6759813 -0.40873676 0.66478462 -0.53572548 -0.32248083 0.005597 1789527461.962355852 36.269 6.765 0.362 0.00000 -1 ACTUAL_TF
13.9223 0.1174812 -1.6752463 0.6759790 -0.40874688 0.66477585 -0.53572472 -0.32248734 0.005761 1789527462.018295765 36.534 6.500 0.578 0.00000 -1 ACTUAL_TF
13.9839 0.1176764 -1.6753809 0.6759810 -0.40875391 0.66476671 -0.53572961 -0.32248915 0.005301 1789527462.074421644 36.717 6.317 0.727 0.00000 -1 ACTUAL_TF
14.0447 0.1178225 -1.6754756 0.6759758 -0.40876655 0.66476122 -0.53572373 -0.32249421 0.004643 1789527462.130406618 36.855 6.179 0.833 0.00000 -1 ACTUAL_TF
14.0937 0.1179056 -1.6755307 0.6759724 -0.40877334 0.66475876 -0.53572004 -0.32249680 0.003785 1789527462.186339855 36.933 6.100 0.894 0.00000 -1 ACTUAL_TF
14.1541 0.1179612 -1.6755620 0.6759567 -0.40878395 0.66476517 -0.53570684 -0.32249207 0.003002 1789527462.242411375 36.987 6.047 0.929 0.00000 -1 ACTUAL_TF
14.2105 0.1179955 -1.6755825 0.6759557 -0.40878424 0.66476536 -0.53570647 -0.32249192 0.002315 1789527462.298390388 37.019 6.015 0.952 0.00000 -1 ACTUAL_TF
14.2618 0.1180149 -1.6755951 0.6759542 -0.40878538 0.66476572 -0.53570583 -0.32249080 0.001745 1789527462.354467154 37.037 5.996 0.966 0.00000 -1 ACTUAL_TF
14.3202 0.1180315 -1.6755948 0.6759503 -0.40878543 0.66476894 -0.53570147 -0.32249133 0.001313 1789527462.410407782 37.054 5.980 0.967 0.00000 -1 ACTUAL_TF
14.3780 0.1180587 -1.6755766 0.6759474 -0.40878296 0.66477306 -0.53569580 -0.32249539 0.001095 1789527462.466347694 37.083 5.951 0.951 0.00000 -1 ACTUAL_TF
14.4348 0.1181625 -1.6755110 0.6759424 -0.40878585 0.66477585 -0.53568946 -0.32249652 0.001425 1789527462.522380829 37.192 5.842 0.893 0.00000 -1 ACTUAL_TF
14.4831 0.1183168 -1.6753896 0.6759253 -0.40880420 0.66477728 -0.53567621 -0.32249231 0.002052 1789527462.578432322 37.355 5.678 0.784 0.00000 -1 ACTUAL_TF
14.5418 0.1185503 -1.6751496 0.6758896 -0.40884184 0.66478695 -0.53563840 -0.32248746 0.003238 1789527462.634515047 37.608 5.426 0.563 0.00000 -1 ACTUAL_TF
14.6009 0.1188365 -1.6748695 0.6758553 -0.40888259 0.66479377 -0.53560027 -0.32248508 0.004411 1789527462.690726519 37.917 5.117 0.308 0.00000 -1 ACTUAL_TF
14.6585 0.1190611 -1.6746270 0.6758381 -0.40889990 0.66479704 -0.53557174 -0.32250376 0.004875 1789527462.746301889 38.161 4.873 0.092 0.00000 -1 ACTUAL_TF
14.7176 0.1193992 -1.6743301 0.6758418 -0.40893681 0.66477015 -0.53557099 -0.32251365 0.005812 1789527462.802540541 38.522 4.512 0.186 0.00000 -1 ACTUAL_TF
14.7649 0.1195868 -1.6741078 0.6758358 -0.40894498 0.66476922 -0.53555232 -0.32253620 0.005622 1789527462.858726263 38.727 4.307 0.392 0.00000 -1 ACTUAL_TF
14.8211 0.1198012 -1.6738743 0.6758237 -0.40895755 0.66476819 -0.53553833 -0.32254562 0.005638 1789527462.914610147 38.960 4.074 0.607 0.00000 -1 ACTUAL_TF
14.8786 0.1199551 -1.6737366 0.6758215 -0.40893508 0.66478199 -0.53555134 -0.32252406 0.005058 1789527462.970402241 39.124 3.909 0.732 0.00000 -1 ACTUAL_TF
14.9387 0.1200927 -1.6736081 0.6758141 -0.40893450 0.66478405 -0.53555533 -0.32251392 0.004549 1789527463.026441097 39.272 3.762 0.848 0.00000 -1 ACTUAL_TF
14.9881 0.1201472 -1.6735443 0.6758124 -0.40893346 0.66478390 -0.53555391 -0.32251792 0.003634 1789527463.082403421 39.332 3.702 0.908 0.00000 -1 ACTUAL_TF
15.0461 0.1201986 -1.6735016 0.6758125 -0.40893420 0.66478075 -0.53555812 -0.32251646 0.002902 1789527463.138408661 39.386 3.648 0.946 0.00000 -1 ACTUAL_TF
15.1043 0.1202198 -1.6734695 0.6758096 -0.40893383 0.66478107 -0.53555762 -0.32251713 0.002238 1789527463.194429874 39.410 3.624 0.976 0.00000 -1 ACTUAL_TF
15.1617 0.1202309 -1.6734578 0.6758069 -0.40893207 0.66478176 -0.53555829 -0.32251681 0.001654 1789527463.250439405 39.422 3.612 0.987 0.00000 -1 ACTUAL_TF
15.2089 0.1202494 -1.6734513 0.6758101 -0.40892847 0.66478111 -0.53556211 -0.32251636 0.001264 1789527463.306375027 39.441 3.593 0.992 0.00000 -1 ACTUAL_TF
15.2677 0.1203099 -1.6734877 0.6758286 -0.40891286 0.66477365 -0.53558227 -0.32251805 0.001275 1789527463.362489939 39.498 3.536 0.950 0.00000 -1 ACTUAL_TF
15.3296 0.1204416 -1.6735954 0.6758775 -0.40886810 0.66475614 -0.53563393 -0.32252510 0.001843 1789527463.418390751 39.620 3.414 0.832 0.00000 -1 ACTUAL_TF
15.3848 0.1206212 -1.6737284 0.6759117 -0.40881814 0.66475125 -0.53568099 -0.32252035 0.002501 1789527463.474394560 39.787 3.246 0.687 0.00000 -1 ACTUAL_TF
15.4424 0.1209321 -1.6739155 0.6759329 -0.40876384 0.66476172 -0.53572875 -0.32248826 0.003698 1789527463.530386209 40.082 2.952 0.481 0.00000 -1 ACTUAL_TF
15.4928 0.1212060 -1.6741302 0.6759495 -0.40871965 0.66476989 -0.53575873 -0.32247764 0.004452 1789527463.586476803 40.337 2.697 0.261 0.00000 -1 ACTUAL_TF
15.5550 0.1215487 -1.6743596 0.6759345 -0.40872493 0.66477459 -0.53575416 -0.32246885 0.005329 1789527463.642417669 40.660 2.374 0.102 0.00000 -1 ACTUAL_TF
15.6046 0.1218569 -1.6745720 0.6758885 -0.40874309 0.66479903 -0.53571042 -0.32246812 0.005749 1789527463.698492765 40.951 2.083 0.264 0.00000 -1 ACTUAL_TF
15.6622 0.1221179 -1.6747524 0.6758718 -0.40875345 0.66480347 -0.53570098 -0.32246151 0.005727 1789527463.754455090 41.196 1.838 0.460 0.00000 -1 ACTUAL_TF
15.7264 0.1223551 -1.6749068 0.6758458 -0.40877127 0.66481187 -0.53567614 -0.32246287 0.005533 1789527463.810415030 41.420 1.613 0.632 0.00000 -1 ACTUAL_TF
15.7727 0.1225106 -1.6750107 0.6758381 -0.40878270 0.66480948 -0.53566982 -0.32246379 0.004876 1789527463.866365910 41.567 1.467 0.748 0.00000 -1 ACTUAL_TF
15.8343 0.1226303 -1.6750942 0.6758364 -0.40878254 0.66480941 -0.53567001 -0.32246385 0.004195 1789527463.922386408 41.680 1.354 0.841 0.00000 -1 ACTUAL_TF
15.8816 0.1226897 -1.6751390 0.6758345 -0.40878416 0.66480922 -0.53566869 -0.32246437 0.003333 1789527463.978759050 41.735 1.299 0.890 0.00000 -1 ACTUAL_TF
15.9398 0.1227296 -1.6751617 0.6758249 -0.40878996 0.66481354 -0.53565957 -0.32246324 0.002585 1789527464.034511566 41.773 1.261 0.916 0.00000 -1 ACTUAL_TF
15.9966 0.1227530 -1.6751747 0.6758216 -0.40879383 0.66481379 -0.53565665 -0.32246267 0.001955 1789527464.090378761 41.796 1.238 0.931 0.00000 -1 ACTUAL_TF
16.0533 0.1227725 -1.6751789 0.6758140 -0.40880106 0.66481289 -0.53565245 -0.32246236 0.001482 1789527464.146471977 41.815 1.219 0.937 0.00000 -1 ACTUAL_TF
16.1137 0.1227853 -1.6751790 0.6758136 -0.40880144 0.66481297 -0.53565099 -0.32246412 0.001106 1789527464.202346563 41.827 1.206 0.938 0.00000 -1 ACTUAL_TF
16.1797 0.1228089 -1.6751654 0.6758121 -0.40880352 0.66481301 -0.53564791 -0.32246653 0.000920 1789527464.258463144 41.852 1.182 0.926 0.00000 -1 ACTUAL_TF
16.2263 0.1228772 -1.6751320 0.6758124 -0.40880497 0.66481187 -0.53564730 -0.32246805 0.001052 1789527464.314396620 41.923 1.111 0.898 0.00000 -1 ACTUAL_TF
16.2885 0.1229478 -1.6750630 0.6758035 -0.40880996 0.66481689 -0.53563570 -0.32247063 0.001267 1789527464.370386600 41.999 1.035 0.835 0.00000 -1 ACTUAL_TF
16.3383 0.1230965 -1.6749240 0.6757844 -0.40883352 0.66481998 -0.53561706 -0.32246538 0.001981 1789527464.426449299 42.159 0.875 0.709 0.00000 -1 ACTUAL_TF
16.3911 0.1232393 -1.6748023 0.6757705 -0.40884559 0.66482525 -0.53560076 -0.32246626 0.002395 1789527464.482413769 42.311 0.723 0.600 0.00000 -1 ACTUAL_TF
16.4504 0.1234414 -1.6746361 0.6757485 -0.40886568 0.66483018 -0.53558040 -0.32246445 0.003084 1789527464.538393974 42.527 0.507 0.453 0.00000 -1 ACTUAL_TF
16.5068 0.1236511 -1.6744992 0.6757422 -0.40888268 0.66482569 -0.53557516 -0.32246086 0.003500 1789527464.594413280 42.747 0.287 0.336 0.00000 -1 ACTUAL_TF
16.5582 0.1238739 -1.6743694 0.6757395 -0.40887571 0.66482963 -0.53556816 -0.32247320 0.003833 1789527464.650376558 42.979 0.054 0.227 0.00000 -1 ACTUAL_TF
16.6158 0.1241937 -1.6742314 0.6757416 -0.40888508 0.66481909 -0.53557779 -0.32246705 0.004542 1789527464.706588268 43.309 -0.276 0.119 0.00000 -1 ACTUAL_TF
16.6732 0.1244428 -1.6741616 0.6757552 -0.40886332 0.66481707 -0.53559068 -0.32247740 0.004571 1789527464.762429237 43.563 -0.529 0.067 0.00000 -1 ACTUAL_TF
16.7320 0.1248144 -1.6741061 0.6757842 -0.40883830 0.66479996 -0.53562979 -0.32247943 0.005220 1789527464.818384171 43.937 -0.904 0.034 0.00000 -1 ACTUAL_TF
16.7803 0.1251140 -1.6740781 0.6758115 -0.40880195 0.66479432 -0.53565913 -0.32248842 0.005271 1789527464.874461174 44.238 -1.204 0.045 0.00000 -1 ACTUAL_TF
16.8420 0.1255537 -1.6740419 0.6758252 -0.40877781 0.66479229 -0.53568660 -0.32247757 0.006057 1789527464.930396795 44.679 -1.645 0.062 0.00000 -1 ACTUAL_TF
16.8933 0.1259592 -1.6739829 0.6758039 -0.40880824 0.66478506 -0.53567939 -0.32246588 0.006431 1789527464.986578703 45.088 -2.054 0.040 0.00000 -1 ACTUAL_TF
16.9535 0.1263522 -1.6739523 0.6757882 -0.40879599 0.66479874 -0.53566459 -0.32247778 0.006617 1789527465.042533636 45.482 -2.449 0.031 0.00000 -1 ACTUAL_TF
17.0116 0.1267156 -1.6739281 0.6757849 -0.40878564 0.66480059 -0.53566665 -0.32248367 0.006586 1789527465.098426580 45.847 -2.813 0.035 0.00000 -1 ACTUAL_TF
17.0586 0.1271741 -1.6738913 0.6757764 -0.40880464 0.66478861 -0.53566721 -0.32248336 0.007077 1789527465.154385567 46.307 -3.273 0.034 0.00000 -1 ACTUAL_TF
17.1140 0.1275535 -1.6738438 0.6757662 -0.40880533 0.66478995 -0.53566639 -0.32248106 0.007004 1789527465.210364103 46.689 -3.655 0.029 0.00000 -1 ACTUAL_TF
17.1715 0.1278235 -1.6738194 0.6757529 -0.40880189 0.66479692 -0.53566101 -0.32248000 0.006355 1789527465.266441584 46.960 -3.926 0.020 0.00000 -1 ACTUAL_TF
17.2288 0.1281082 -1.6737942 0.6757502 -0.40879881 0.66479697 -0.53566026 -0.32248506 0.005980 1789527465.322398424 47.246 -4.212 0.023 0.00000 -1 ACTUAL_TF
17.2869 0.1283104 -1.6737761 0.6757436 -0.40880043 0.66479814 -0.53565815 -0.32248409 0.005274 1789527465.378401041 47.449 -4.415 0.021 0.00000 -1 ACTUAL_TF
17.3439 0.1285301 -1.6737571 0.6757381 -0.40880616 0.66479566 -0.53565995 -0.32247894 0.004875 1789527465.434346437 47.669 -4.636 0.020 0.00000 -1 ACTUAL_TF
17.4101 0.1286578 -1.6737483 0.6757364 -0.40880733 0.66479311 -0.53566110 -0.32248081 0.004098 1789527465.490386486 47.797 -4.764 0.019 0.00000 -1 ACTUAL_TF
