WELD FEEDBACK LOG
result=operator stop
started=2026-09-15 16:26:45
ended=2026-09-15 16:26:57
elapsed_seconds=12.573

================ OPERATOR OVERVIEW ================
REQUESTED : 190 A / 24.5 V · FE-SOLID 1.2 mm · LSM · CO2 100%
RX ECHO   : 160 A / 25.0 V · MATCH=NO
CURRENT FB: no positive feedback A
VOLTAGE FB: no positive feedback V
WIRE FEED : no positive feedback m/min
ARC ON    : 0.000 s
NET WELD  : 0.000 s
WIRE USED : 0.000 mm (base 0.000 + alpha 0.000)
WCR       : NOT DETECTED
SAMPLES   : RX 315 / welding 0 / TCP 226
===================================================

[commanded]
current_a=190
voltage_tenths=245
voltage=24.5
material=FE-SOLID
diameter_mm=1.2
mode=LSM
gas=CO2 100%
synergic=False
correction=0.0
hot_start_enabled=True
hot_start_percent=20.0
hot_start_hold_adjustment=0
crater_enabled=False
crater_percent=31.57894736842105
crater_current_a=60.0
crater_voltage_v=25.0
crater_seconds=1.0
wire_consumable_alpha_mm=0.0
hot_start_current_a=228

[rx_setting_echo]
current_a=160
voltage_v=25.0
hot_start_current_a=0
hot_start_hold_adjustment=-15

[rx_welding_setting_echo]

[execution_conditions]
mode=sequence_execute
run_all=True
touch_io_backend=fastech_ethernet
touch_input_port=4
touch_sensing_output_port=0
fastech_ip=192.168.0.3
fastech_poll_target_hz=100.0
hicomm_source_ip=192.168.1.2
hicomm_welder_ip=192.168.1.10
hicomm_port=60000
gui_velocity_percent=36.95263157894737
gui_speed_mode=scale
gui_tcp_speed_mm_s=10.0
gui_interpolation_step_mm=5.0
seam_orientation_mode=Wait poses + fixed World-XYZ tilt
weld_fixed_tilt_x_deg=0.0
weld_fixed_tilt_y_deg=0.0
weld_fixed_tilt_z_deg=-0.0
weld_weave_enabled=False
weld_weave_pattern=circle
weld_weave_amplitude_mm=2.8
weld_weave_cycles=4
weld_weave_samples_per_cycle=8
weld_weave_axis=tool_x
weld_lead_in_mm=0.0
weld_lead_out_mm=5.0
weld_safe_approach_mm=30.0
weld_approach_mode=taught_wait
weld_pre_start_lead_mm=0.0
weld_tcp_speed_mm_s=5.0
weld_arc_off_delay_ms=500.0
tcp_tracking.parent_frame=World
tcp_tracking.child_frame=right_manipulator_ee_point
tcp_tracking.timestamp_source=TF_header_stamp
initial_fastech_di0=False
initial_fastech_do0=True
robot_connected.left=True
robot_connected.right=True
robot_connected.head=True
hicomm_connected=True
execution_allowed=True
steps[0].sequence_number=1
steps[0].type=named_pose
steps[0].parallel_slot=1
steps[0].duration=0.0
steps[0].planning_group=right_manipulator
steps[0].velocity_scale=0.3695263157894737
steps[0].tcp_speed_m_s=0.0
steps[0].pose_name=weld_start_wait
steps[0].pose_label=3 · Weld start wait pose
steps[0].touch_guard=False
steps[0].continue_after_touch=False
steps[0].weld_scenario_id=weld-26085247323740
steps[0].weld_scenario_stage=start_wait
steps[0].target_tcp.position_m.x=0.045414096205011356
steps[0].target_tcp.position_m.y=-1.7429594810237214
steps[0].target_tcp.position_m.z=0.6698031212056297
steps[0].target_tcp.orientation_xyzw.x=-0.4554492216695057
steps[0].target_tcp.orientation_xyzw.y=0.6622459045067776
steps[0].target_tcp.orientation_xyzw.z=-0.4919588769658923
steps[0].target_tcp.orientation_xyzw.w=-0.3346234179179626
steps[0].joint_names[0]=right_manipulator_joint1
steps[0].joint_names[1]=right_manipulator_joint2
steps[0].joint_names[2]=right_manipulator_joint3
steps[0].joint_names[3]=right_manipulator_joint4
steps[0].joint_names[4]=right_manipulator_joint5
steps[0].joint_names[5]=right_manipulator_joint6
steps[0].joint_positions_rad[0]=5.136515493475221
steps[0].joint_positions_rad[1]=1.2796057605734146
steps[0].joint_positions_rad[2]=1.8049106903240728
steps[0].joint_positions_rad[3]=3.56838871935702
steps[0].joint_positions_rad[4]=1.2224155745864536
steps[0].joint_positions_rad[5]=1.3935493741285638
steps[1].sequence_number=2
steps[1].type=motion
steps[1].parallel_slot=2
steps[1].duration=0.0
steps[1].planning_group=right_manipulator
steps[1].velocity_scale=0.3695263157894737
steps[1].tcp_speed_m_s=0.0
steps[1].interpolation_step=0.005
steps[1].path_kind=taught_wait_align_weld_attitude
steps[1].touch_guard=False
steps[1].continue_after_touch=False
steps[1].accept_initial_touch=False
steps[1].weld_scenario_id=weld-26085247323740
steps[1].weld_scenario_stage=start_safe
steps[1].waypoint_count=1
steps[1].waypoints[0].position_m.x=0.045414096205011356
steps[1].waypoints[0].position_m.y=-1.7429594810237214
steps[1].waypoints[0].position_m.z=0.6698031212056297
steps[1].waypoints[0].orientation_xyzw.x=-0.4555306267834334
steps[1].waypoints[0].orientation_xyzw.y=0.6622512657483904
steps[1].waypoints[0].orientation_xyzw.z=-0.4918709921957363
steps[1].waypoints[0].orientation_xyzw.w=-0.33463119417252346
steps[2].sequence_number=3
steps[2].type=motion
steps[2].parallel_slot=3
steps[2].duration=0.0
steps[2].planning_group=right_manipulator
steps[2].velocity_scale=0.3695263157894737
steps[2].tcp_speed_m_s=0.0
steps[2].interpolation_step=0.005
steps[2].path_kind=taught_wait_to_weld_start
steps[2].touch_guard=False
steps[2].continue_after_touch=True
steps[2].accept_initial_touch=False
steps[2].weld_scenario_id=weld-26085247323740
steps[2].weld_scenario_stage=start_contact
steps[2].waypoint_count=1
steps[2].waypoints[0].position_m.x=0.045350696841035654
steps[2].waypoints[0].position_m.y=-1.7428246330716246
steps[2].waypoints[0].position_m.z=0.6678401712424733
steps[2].waypoints[0].orientation_xyzw.x=-0.4555306267834334
steps[2].waypoints[0].orientation_xyzw.y=0.6622512657483904
steps[2].waypoints[0].orientation_xyzw.z=-0.4918709921957363
steps[2].waypoints[0].orientation_xyzw.w=-0.33463119417252346
steps[3].sequence_number=4
steps[3].type=digital_weld
steps[3].parallel_slot=5
steps[3].duration=0.0
steps[3].command=on
steps[3].weld_scenario_id=weld-26085247323740
steps[3].weld_scenario_stage=arc_on
steps[3].settings.current_a=190
steps[3].settings.voltage_tenths=245
steps[3].settings.voltage=24.5
steps[3].settings.material=FE-SOLID
steps[3].settings.diameter_mm=1.2
steps[3].settings.mode=LSM
steps[3].settings.gas=CO2 100%
steps[3].settings.synergic=False
steps[3].settings.correction=0.0
steps[3].settings.hot_start_enabled=True
steps[3].settings.hot_start_percent=20.0
steps[3].settings.hot_start_hold_adjustment=0
steps[3].settings.crater_enabled=False
steps[3].settings.crater_percent=31.57894736842105
steps[3].settings.crater_current_a=60.0
steps[3].settings.crater_voltage_v=25.0
steps[3].settings.crater_seconds=1.0
steps[3].settings.wire_consumable_alpha_mm=0.0
steps[3].settings.hot_start_current_a=228
steps[4].sequence_number=5
steps[4].type=motion
steps[4].parallel_slot=5
steps[4].duration=0.0
steps[4].planning_group=right_manipulator
steps[4].velocity_scale=0.3695263157894737
steps[4].tcp_speed_m_s=0.005
steps[4].interpolation_step=0.005
steps[4].path_kind=continuous_lead_to_lead_over_taught_goal_fastech_di0_ignored
steps[4].touch_guard=False
steps[4].weld_scenario_id=weld-26085247323740
steps[4].weld_scenario_stage=weld_motion
steps[4].lead_in_mm=0.0
steps[4].lead_out_mm=5.0
steps[4].linear_motion_profile=True
steps[4].waypoint_count=2
steps[4].waypoints[0].position_m.x=0.045350696841035654
steps[4].waypoints[0].position_m.y=-1.7428246330716246
steps[4].waypoints[0].position_m.z=0.6678401712424733
steps[4].waypoints[0].orientation_xyzw.x=-0.4555306267834334
steps[4].waypoints[0].orientation_xyzw.y=0.6622512657483904
steps[4].waypoints[0].orientation_xyzw.z=-0.4918709921957363
steps[4].waypoints[0].orientation_xyzw.w=-0.33463119417252346
steps[4].waypoints[1].position_m.x=0.040291498852647115
steps[4].waypoints[1].position_m.y=-1.5471155780065666
steps[4].waypoints[1].position_m.z=0.6710644440761309
steps[4].waypoints[1].orientation_xyzw.x=-0.45554110526879366
steps[4].waypoints[1].orientation_xyzw.y=0.6622460155241352
steps[4].waypoints[1].orientation_xyzw.z=-0.4918710963254949
steps[4].waypoints[1].orientation_xyzw.w=-0.3346271670567837
steps[4].lead_start.position_m.x=0.045350696841035654
steps[4].lead_start.position_m.y=-1.7428246330716246
steps[4].lead_start.position_m.z=0.6678401712424733
steps[4].lead_start.orientation_xyzw.x=-0.4555306267834334
steps[4].lead_start.orientation_xyzw.y=0.6622512657483904
steps[4].lead_start.orientation_xyzw.z=-0.4918709921957363
steps[4].lead_start.orientation_xyzw.w=-0.33463119417252346
steps[4].usable_seam_start.position_m.x=0.045350696841035654
steps[4].usable_seam_start.position_m.y=-1.7428246330716246
steps[4].usable_seam_start.position_m.z=0.6678401712424733
steps[4].usable_seam_start.orientation_xyzw.x=-0.4555306267834334
steps[4].usable_seam_start.orientation_xyzw.y=0.6622512657483904
steps[4].usable_seam_start.orientation_xyzw.z=-0.4918709921957363
steps[4].usable_seam_start.orientation_xyzw.w=-0.33463119417252346
steps[4].usable_seam_goal.position_m.x=0.04042069120561714
steps[4].usable_seam_goal.position_m.y=-1.5521132304762715
steps[4].usable_seam_goal.position_m.z=0.6709821086160532
steps[4].usable_seam_goal.orientation_xyzw.x=-0.45554110526879366
steps[4].usable_seam_goal.orientation_xyzw.y=0.6622460155241352
steps[4].usable_seam_goal.orientation_xyzw.z=-0.4918710963254949
steps[4].usable_seam_goal.orientation_xyzw.w=-0.3346271670567837
steps[4].lead_end.position_m.x=0.040291498852647115
steps[4].lead_end.position_m.y=-1.5471155780065666
steps[4].lead_end.position_m.z=0.6710644440761309
steps[4].lead_end.orientation_xyzw.x=-0.45554110526879366
steps[4].lead_end.orientation_xyzw.y=0.6622460155241352
steps[4].lead_end.orientation_xyzw.z=-0.4918710963254949
steps[4].lead_end.orientation_xyzw.w=-0.3346271670567837
steps[5].sequence_number=6
steps[5].type=digital_weld
steps[5].parallel_slot=5
steps[5].duration=0.0
steps[5].velocity_scale=0.3695263157894737
steps[5].tcp_speed_m_s=0.005
steps[5].command=off
steps[5].weld_scenario_id=weld-26085247323740
steps[5].weld_scenario_stage=arc_off
steps[5].trigger_before_goal=True
steps[5].arc_off_delay_s=0.5
steps[5].settings.current_a=190
steps[5].settings.voltage_tenths=245
steps[5].settings.voltage=24.5
steps[5].settings.material=FE-SOLID
steps[5].settings.diameter_mm=1.2
steps[5].settings.mode=LSM
steps[5].settings.gas=CO2 100%
steps[5].settings.synergic=False
steps[5].settings.correction=0.0
steps[5].settings.hot_start_enabled=True
steps[5].settings.hot_start_percent=20.0
steps[5].settings.hot_start_hold_adjustment=0
steps[5].settings.crater_enabled=False
steps[5].settings.crater_percent=31.57894736842105
steps[5].settings.crater_current_a=60.0
steps[5].settings.crater_voltage_v=25.0
steps[5].settings.crater_seconds=1.0
steps[5].settings.wire_consumable_alpha_mm=0.0
steps[5].settings.hot_start_current_a=228
steps[6].sequence_number=7
steps[6].type=motion
steps[6].parallel_slot=6
steps[6].duration=0.0
steps[6].planning_group=right_manipulator
steps[6].velocity_scale=0.3695263157894737
steps[6].tcp_speed_m_s=0.0
steps[6].interpolation_step=0.005
steps[6].path_kind=weld_end_to_taught_wait_fixed_attitude
steps[6].pose_name=weld_goal_wait
steps[6].pose_label=5 · Weld goal wait pose
steps[6].touch_guard=False
steps[6].continue_after_touch=False
steps[6].weld_scenario_id=weld-26085247323740
steps[6].weld_scenario_stage=goal_wait
steps[6].waypoint_count=1
steps[6].waypoints[0].position_m.x=0.04166227741233647
steps[6].waypoints[0].position_m.y=-1.5520793520807143
steps[6].waypoints[0].position_m.z=0.6723456875491607
steps[6].waypoints[0].orientation_xyzw.x=-0.45554110526879366
steps[6].waypoints[0].orientation_xyzw.y=0.6622460155241352
steps[6].waypoints[0].orientation_xyzw.z=-0.4918710963254949
steps[6].waypoints[0].orientation_xyzw.w=-0.3346271670567837
steps[7].sequence_number=8
steps[7].type=named_pose
steps[7].parallel_slot=7
steps[7].duration=0.0
steps[7].planning_group=right_manipulator
steps[7].velocity_scale=0.3695263157894737
steps[7].tcp_speed_m_s=0.0
steps[7].pose_name=weld_finish
steps[7].pose_label=7 · Weld end pose
steps[7].touch_guard=False
steps[7].continue_after_touch=False
steps[7].weld_scenario_id=weld-26085247323740
steps[7].weld_scenario_stage=finish
steps[7].target_tcp.position_m.x=0.04172286338050285
steps[7].target_tcp.position_m.y=-1.552166809471377
steps[7].target_tcp.position_m.z=0.720524186255542
steps[7].target_tcp.orientation_xyzw.x=-0.4554985937127954
steps[7].target_tcp.orientation_xyzw.y=0.6622084210048903
steps[7].target_tcp.orientation_xyzw.z=-0.4919414392145496
steps[7].target_tcp.orientation_xyzw.w=-0.33465603036460195
steps[7].joint_names[0]=right_manipulator_joint1
steps[7].joint_names[1]=right_manipulator_joint2
steps[7].joint_names[2]=right_manipulator_joint3
steps[7].joint_names[3]=right_manipulator_joint4
steps[7].joint_names[4]=right_manipulator_joint5
steps[7].joint_names[5]=right_manipulator_joint6
steps[7].joint_positions_rad[0]=5.240625384705252
steps[7].joint_positions_rad[1]=1.2261973964924207
steps[7].joint_positions_rad[2]=2.043611683040638
steps[7].joint_positions_rad[3]=3.6491389594015304
steps[7].joint_positions_rad[4]=1.3860845335930718
steps[7].joint_positions_rad[5]=1.4831278600286326
steps[8].sequence_number=9
steps[8].type=digital_output
steps[8].parallel_slot=8
steps[8].duration=0.0
steps[8].port=0
steps[8].value=True
steps[8].weld_scenario_id=weld-26085247323740
steps[8].weld_scenario_stage=touch_output_on
hicomm_cyclic_period_ms=40.0
arc_wait_recognition=True
arc_wait_main_welding=True
arc_wait_established=True
arc_establishment_timeout_s=5.0

[summary]
rx_samples=315
welding_samples=0
wcr_seen=0
current_a.min=None
current_a.average=None
current_a.max=None
voltage_v.min=None
voltage_v.average=None
voltage_v.max=None
wire_feed_m_min.min=None
wire_feed_m_min.average=None
wire_feed_m_min.max=None

[production_metrics]
arc_started_elapsed_s=None
arc_completed_elapsed_s=None
arc_on_time_s=0.0
main_weld_arc_time_s=0.0
crater_arc_time_s=0.0
weld_motion_start_elapsed_s=0.028373130997351836
weld_motion_complete_elapsed_s=None
weld_motion_duration_s=None
net_weld_arc_time_s=0.0
wire_feed_average_m_min=0.0
wire_consumable_base_mm=0.0
wire_consumable_alpha_mm=0.0
wire_consumable_mm=0.0
wire_consumable_formula=integral(WFS*1000/60*dt)+alpha
weld_motion_start_unix_time=1789457205.3645406
weld_motion_start_wall_time=2026-09-15 16:26:45.364
weld_motion_complete_unix_time=None
weld_motion_complete_wall_time=None

[arc_off_control]

[teaching_snapshot_yaml]
robot_start:
  planning_group: right_manipulator
  joint_state:
    names:
    - right_manipulator_joint1
    - right_manipulator_joint2
    - right_manipulator_joint3
    - right_manipulator_joint4
    - right_manipulator_joint5
    - right_manipulator_joint6
    positions_rad:
    - 5.27240967968313
    - 1.0710261184710546
    - 2.180025851451385
    - 3.6894743983235436
    - 1.4802383302458966
    - 1.475784459638848
  tcp_pose_world:
    position_m:
      x: 0.0409882833240674
      y: -1.5365128539727777
      z: 0.8899872668309907
    orientation_xyzw:
      x: -0.4355837586611503
      y: 0.6337556876271521
      z: -0.5283180348228105
      w: -0.3598618786031996
weld_wait:
  planning_group: right_manipulator
  joint_state:
    names:
    - right_manipulator_joint1
    - right_manipulator_joint2
    - right_manipulator_joint3
    - right_manipulator_joint4
    - right_manipulator_joint5
    - right_manipulator_joint6
    positions_rad:
    - 5.137738417047785
    - 1.2228332914034326
    - 1.8435108134797902
    - 3.572455100025462
    - 1.205595049141513
    - 1.3851998314789475
  tcp_pose_world:
    position_m:
      x: 0.0465305535574736
      y: -1.7427350275201294
      z: 0.7184345574428104
    orientation_xyzw:
      x: -0.4555738825729639
      y: 0.6622768980986456
      z: -0.4918185632265737
      w: -0.3345986381143535
weld_start_wait:
  planning_group: right_manipulator
  joint_state:
    names:
    - right_manipulator_joint1
    - right_manipulator_joint2
    - right_manipulator_joint3
    - right_manipulator_joint4
    - right_manipulator_joint5
    - right_manipulator_joint6
    positions_rad:
    - 5.136515493475221
    - 1.2796057605734146
    - 1.8049106903240728
    - 3.56838871935702
    - 1.2224155745864536
    - 1.3935493741285638
  tcp_pose_world:
    position_m:
      x: 0.045414096205011356
      y: -1.7429594810237214
      z: 0.6698031212056297
    orientation_xyzw:
      x: -0.4554492216695057
      y: 0.6622459045067776
      z: -0.4919588769658923
      w: -0.3346234179179626
weld_start:
  planning_group: right_manipulator
  joint_state:
    names:
    - right_manipulator_joint1
    - right_manipulator_joint2
    - right_manipulator_joint3
    - right_manipulator_joint4
    - right_manipulator_joint5
    - right_manipulator_joint6
    positions_rad:
    - 5.136523482958491
    - 1.281800471627749
    - 1.8034526096272545
    - 3.568305096098791
    - 1.2229167815036064
    - 1.3936974458851723
  tcp_pose_world:
    position_m:
      x: 0.045350696841035654
      y: -1.7428246330716246
      z: 0.6678401712424733
    orientation_xyzw:
      x: -0.4555306267834334
      y: 0.6622512657483904
      z: -0.4918709921957363
      w: -0.33463119417252346
weld_goal_wait:
  planning_group: right_manipulator
  joint_state:
    names:
    - right_manipulator_joint1
    - right_manipulator_joint2
    - right_manipulator_joint3
    - right_manipulator_joint4
    - right_manipulator_joint5
    - right_manipulator_joint6
    positions_rad:
    - 5.240606209945404
    - 1.2861061373201346
    - 2.0024942068645233
    - 3.647502446911677
    - 1.4023849436771199
    - 1.4923430631905794
  tcp_pose_world:
    position_m:
      x: 0.04166227741233647
      y: -1.5520793520807143
      z: 0.6723456875491607
    orientation_xyzw:
      x: -0.45552948772901103
      y: 0.6622340863107999
      z: -0.4918873375519317
      w: -0.3346427167794285
weld_end:
  planning_group: right_manipulator
  joint_state:
    names:
    - right_manipulator_joint1
    - right_manipulator_joint2
    - right_manipulator_joint3
    - right_manipulator_joint4
    - right_manipulator_joint5
    - right_manipulator_joint6
    positions_rad:
    - 5.239075957583045
    - 1.2878451815119563
    - 2.0017993881361216
    - 3.645922926069151
    - 1.4033532690494726
    - 1.4926619767311162
  tcp_pose_world:
    position_m:
      x: 0.04042069120561714
      y: -1.5521132304762715
      z: 0.6709821086160532
    orientation_xyzw:
      x: -0.45554110526879366
      y: 0.6622460155241352
      z: -0.4918710963254949
      w: -0.3346271670567837
weld_finish:
  planning_group: right_manipulator
  joint_state:
    names:
    - right_manipulator_joint1
    - right_manipulator_joint2
    - right_manipulator_joint3
    - right_manipulator_joint4
    - right_manipulator_joint5
    - right_manipulator_joint6
    positions_rad:
    - 5.240625384705252
    - 1.2261973964924207
    - 2.043611683040638
    - 3.6491389594015304
    - 1.3860845335930718
    - 1.4831278600286326
  tcp_pose_world:
    position_m:
      x: 0.04172286338050285
      y: -1.552166809471377
      z: 0.720524186255542
    orientation_xyzw:
      x: -0.4554985937127954
      y: 0.6622084210048903
      z: -0.4919414392145496
      w: -0.33465603036460195

[touch_snapshot_yaml]
{}

[samples]
elapsed_s raw0 state arc gas fwd wcr current_a voltage_v wire_feed_m_min set_current_a set_voltage_v error db collision
0.014 0x00 idle 0 0 0 0 0 0.0 0.0 160 25.0 0 0 0
0.052 0x00 idle 0 0 0 0 0 0.0 0.0 160 25.0 0 0 0
0.088 0x00 idle 0 0 0 0 0 0.0 0.0 160 25.0 0 0 0
0.132 0x00 idle 0 0 0 0 0 0.0 0.0 160 25.0 0 0 0
0.170 0x00 idle 0 0 0 0 0 0.0 0.0 160 25.0 0 0 0
0.211 0x00 idle 0 0 0 0 0 0.0 0.0 160 25.0 0 0 0
0.249 0x00 idle 0 0 0 0 0 0.0 0.0 160 25.0 0 0 0
0.290 0x00 idle 0 0 0 0 0 0.0 0.0 160 25.0 0 0 0
0.331 0x00 idle 0 0 0 0 0 0.0 0.0 160 25.0 0 0 0
0.369 0x00 idle 0 0 0 0 0 0.0 0.0 160 25.0 0 0 0
0.409 0x00 idle 0 0 0 0 0 0.0 0.0 160 25.0 0 0 0
0.448 0x00 idle 0 0 0 0 0 0.0 0.0 160 25.0 0 0 0
0.490 0x00 idle 0 0 0 0 0 0.0 0.0 160 25.0 0 0 0
0.529 0x00 idle 0 0 0 0 0 0.0 0.0 160 25.0 0 0 0
0.569 0x00 idle 0 0 0 0 0 0.0 0.0 160 25.0 0 0 0
0.610 0x00 idle 0 0 0 0 0 0.0 0.0 160 25.0 0 0 0
0.649 0x00 idle 0 0 0 0 0 0.0 0.0 160 25.0 0 0 0
0.692 0x00 idle 0 0 0 0 0 0.0 0.0 160 25.0 0 0 0
0.730 0x00 idle 0 0 0 0 0 0.0 0.0 160 25.0 0 0 0
0.769 0x00 idle 0 0 0 0 0 0.0 0.0 160 25.0 0 0 0
0.811 0x00 idle 0 0 0 0 0 0.0 0.0 160 25.0 0 0 0
0.851 0x00 idle 0 0 0 0 0 0.0 0.0 160 25.0 0 0 0
0.891 0x00 idle 0 0 0 0 0 0.0 0.0 160 25.0 0 0 0
0.935 0x00 idle 0 0 0 0 0 0.0 0.0 160 25.0 0 0 0
0.971 0x00 idle 0 0 0 0 0 0.0 0.0 160 25.0 0 0 0
1.010 0x00 idle 0 0 0 0 0 0.0 0.0 160 25.0 0 0 0
1.050 0x00 idle 0 0 0 0 0 0.0 0.0 160 25.0 0 0 0
1.089 0x00 idle 0 0 0 0 0 0.0 0.0 160 25.0 0 0 0
1.129 0x00 idle 0 0 0 0 0 0.0 0.0 160 25.0 0 0 0
1.170 0x00 idle 0 0 0 0 0 0.0 0.0 160 25.0 0 0 0
1.212 0x00 idle 0 0 0 0 0 0.0 0.0 160 25.0 0 0 0
1.252 0x00 idle 0 0 0 0 0 0.0 0.0 160 25.0 0 0 0
1.291 0x00 idle 0 0 0 0 0 0.0 0.0 160 25.0 0 0 0
1.333 0x00 idle 0 0 0 0 0 0.0 0.0 160 25.0 0 0 0
1.372 0x00 idle 0 0 0 0 0 0.0 0.0 160 25.0 0 0 0
1.411 0x00 idle 0 0 0 0 0 0.0 0.0 160 25.0 0 0 0
1.449 0x00 idle 0 0 0 0 0 0.0 0.0 160 25.0 0 0 0
1.493 0x00 idle 0 0 0 0 0 0.0 0.0 160 25.0 0 0 0
1.531 0x00 idle 0 0 0 0 0 0.0 0.0 160 25.0 0 0 0
1.571 0x00 idle 0 0 0 0 0 0.0 0.0 160 25.0 0 0 0
1.611 0x00 idle 0 0 0 0 0 0.0 0.0 160 25.0 0 0 0
1.649 0x00 idle 0 0 0 0 0 0.0 0.0 160 25.0 0 0 0
1.688 0x00 idle 0 0 0 0 0 0.0 0.0 160 25.0 0 0 0
1.729 0x00 idle 0 0 0 0 0 0.0 0.0 160 25.0 0 0 0
1.770 0x00 idle 0 0 0 0 0 0.0 0.0 160 25.0 0 0 0
1.812 0x00 idle 0 0 0 0 0 0.0 0.0 160 25.0 0 0 0
1.848 0x00 idle 0 0 0 0 0 0.0 0.0 160 25.0 0 0 0
1.890 0x00 idle 0 0 0 0 0 0.0 0.0 160 25.0 0 0 0
1.930 0x00 idle 0 0 0 0 0 0.0 0.0 160 25.0 0 0 0
1.969 0x00 idle 0 0 0 0 0 0.0 0.0 160 25.0 0 0 0
2.009 0x00 idle 0 0 0 0 0 0.0 0.0 160 25.0 0 0 0
2.055 0x00 idle 0 0 0 0 0 0.0 0.0 160 25.0 0 0 0
2.094 0x00 idle 0 0 0 0 0 0.0 0.0 160 25.0 0 0 0
2.130 0x00 idle 0 0 0 0 0 0.0 0.0 160 25.0 0 0 0
2.171 0x00 idle 0 0 0 0 0 0.0 0.0 160 25.0 0 0 0
2.213 0x00 idle 0 0 0 0 0 0.0 0.0 160 25.0 0 0 0
2.252 0x00 idle 0 0 0 0 0 0.0 0.0 160 25.0 0 0 0
2.297 0x00 idle 0 0 0 0 0 0.0 0.0 160 25.0 0 0 0
2.335 0x00 idle 0 0 0 0 0 0.0 0.0 160 25.0 0 0 0
2.386 0x00 idle 0 0 0 0 0 0.0 0.0 160 25.0 0 0 0
2.409 0x00 idle 0 0 0 0 0 0.0 0.0 160 25.0 0 0 0
2.451 0x00 idle 0 0 0 0 0 0.0 0.0 160 25.0 0 0 0
2.490 0x00 idle 0 0 0 0 0 0.0 0.0 160 25.0 0 0 0
2.532 0x00 idle 0 0 0 0 0 0.0 0.0 160 25.0 0 0 0
2.570 0x00 idle 0 0 0 0 0 0.0 0.0 160 25.0 0 0 0
2.609 0x00 idle 0 0 0 0 0 0.0 0.0 160 25.0 0 0 0
2.651 0x00 idle 0 0 0 0 0 0.0 0.0 160 25.0 0 0 0
2.691 0x00 idle 0 0 0 0 0 0.0 0.0 160 25.0 0 0 0
2.730 0x00 idle 0 0 0 0 0 0.0 0.0 160 25.0 0 0 0
2.771 0x00 idle 0 0 0 0 0 0.0 0.0 160 25.0 0 0 0
2.808 0x00 idle 0 0 0 0 0 0.0 0.0 160 25.0 0 0 0
2.851 0x00 idle 0 0 0 0 0 0.0 0.0 160 25.0 0 0 0
2.892 0x00 idle 0 0 0 0 0 0.0 0.0 160 25.0 0 0 0
2.936 0x00 idle 0 0 0 0 0 0.0 0.0 160 25.0 0 0 0
2.970 0x00 idle 0 0 0 0 0 0.0 0.0 160 25.0 0 0 0
3.011 0x00 idle 0 0 0 0 0 0.0 0.0 160 25.0 0 0 0
3.052 0x00 idle 0 0 0 0 0 0.0 0.0 160 25.0 0 0 0
3.090 0x00 idle 0 0 0 0 0 0.0 0.0 160 25.0 0 0 0
3.129 0x00 idle 0 0 0 0 0 0.0 0.0 160 25.0 0 0 0
3.170 0x00 idle 0 0 0 0 0 0.0 0.0 160 25.0 0 0 0
3.215 0x00 idle 0 0 0 0 0 0.0 0.0 160 25.0 0 0 0
3.253 0x00 idle 0 0 0 0 0 0.0 0.0 160 25.0 0 0 0
3.293 0x00 idle 0 0 0 0 0 0.0 0.0 160 25.0 0 0 0
3.329 0x00 idle 0 0 0 0 0 0.0 0.0 160 25.0 0 0 0
3.368 0x00 idle 0 0 0 0 0 0.0 0.0 160 25.0 0 0 0
3.408 0x00 idle 0 0 0 0 0 0.0 0.0 160 25.0 0 0 0
3.451 0x00 idle 0 0 0 0 0 0.0 0.0 160 25.0 0 0 0
3.494 0x00 idle 0 0 0 0 0 0.0 0.0 160 25.0 0 0 0
3.529 0x00 idle 0 0 0 0 0 0.0 0.0 160 25.0 0 0 0
3.573 0x00 idle 0 0 0 0 0 0.0 0.0 160 25.0 0 0 0
3.610 0x00 idle 0 0 0 0 0 0.0 0.0 160 25.0 0 0 0
3.651 0x00 idle 0 0 0 0 0 0.0 0.0 160 25.0 0 0 0
3.692 0x00 idle 0 0 0 0 0 0.0 0.0 160 25.0 0 0 0
3.727 0x00 idle 0 0 0 0 0 0.0 0.0 160 25.0 0 0 0
3.777 0x00 idle 0 0 0 0 0 0.0 0.0 160 25.0 0 0 0
3.807 0x00 idle 0 0 0 0 0 0.0 0.0 160 25.0 0 0 0
3.852 0x00 idle 0 0 0 0 0 0.0 0.0 160 25.0 0 0 0
3.895 0x00 idle 0 0 0 0 0 0.0 0.0 160 25.0 0 0 0
3.932 0x00 idle 0 0 0 0 0 0.0 0.0 160 25.0 0 0 0
3.969 0x00 idle 0 0 0 0 0 0.0 0.0 160 25.0 0 0 0
4.017 0x00 idle 0 0 0 0 0 0.0 0.0 160 25.0 0 0 0
4.051 0x00 idle 0 0 0 0 0 0.0 0.0 160 25.0 0 0 0
4.092 0x00 idle 0 0 0 0 0 0.0 0.0 160 25.0 0 0 0
4.130 0x00 idle 0 0 0 0 0 0.0 0.0 160 25.0 0 0 0
4.168 0x00 idle 0 0 0 0 0 0.0 0.0 160 25.0 0 0 0
4.212 0x00 idle 0 0 0 0 0 0.0 0.0 160 25.0 0 0 0
4.251 0x00 idle 0 0 0 0 0 0.0 0.0 160 25.0 0 0 0
4.294 0x00 idle 0 0 0 0 0 0.0 0.0 160 25.0 0 0 0
4.332 0x00 idle 0 0 0 0 0 0.0 0.0 160 25.0 0 0 0
4.371 0x00 idle 0 0 0 0 0 0.0 0.0 160 25.0 0 0 0
4.412 0x00 idle 0 0 0 0 0 0.0 0.0 160 25.0 0 0 0
4.452 0x00 idle 0 0 0 0 0 0.0 0.0 160 25.0 0 0 0
4.490 0x00 idle 0 0 0 0 0 0.0 0.0 160 25.0 0 0 0
4.528 0x00 idle 0 0 0 0 0 0.0 0.0 160 25.0 0 0 0
4.570 0x00 idle 0 0 0 0 0 0.0 0.0 160 25.0 0 0 0
4.614 0x00 idle 0 0 0 0 0 0.0 0.0 160 25.0 0 0 0
4.650 0x00 idle 0 0 0 0 0 0.0 0.0 160 25.0 0 0 0
4.691 0x00 idle 0 0 0 0 0 0.0 0.0 160 25.0 0 0 0
4.732 0x00 idle 0 0 0 0 0 0.0 0.0 160 25.0 0 0 0
4.769 0x00 idle 0 0 0 0 0 0.0 0.0 160 25.0 0 0 0
4.814 0x00 idle 0 0 0 0 0 0.0 0.0 160 25.0 0 0 0
4.855 0x00 idle 0 0 0 0 0 0.0 0.0 160 25.0 0 0 0
4.893 0x00 idle 0 0 0 0 0 0.0 0.0 160 25.0 0 0 0
4.934 0x00 idle 0 0 0 0 0 0.0 0.0 160 25.0 0 0 0
4.971 0x00 idle 0 0 0 0 0 0.0 0.0 160 25.0 0 0 0
5.012 0x00 idle 0 0 0 0 0 0.0 0.0 160 25.0 0 0 0
5.052 0x00 idle 0 0 0 0 0 0.0 0.0 160 25.0 0 0 0
5.088 0x00 idle 0 0 0 0 0 0.0 0.0 160 25.0 0 0 0
5.132 0x00 idle 0 0 0 0 0 0.0 0.0 160 25.0 0 0 0
5.171 0x00 idle 0 0 0 0 0 0.0 0.0 160 25.0 0 0 0
5.210 0x00 idle 0 0 0 0 0 0.0 0.0 160 25.0 0 0 0
5.252 0x00 idle 0 0 0 0 0 0.0 0.0 160 25.0 0 0 0
5.295 0x00 idle 0 0 0 0 0 0.0 0.0 160 25.0 0 0 0
5.331 0x00 idle 0 0 0 0 0 0.0 0.0 160 25.0 0 0 0
5.370 0x00 idle 0 0 0 0 0 0.0 0.0 160 25.0 0 0 0
5.409 0x00 idle 0 0 0 0 0 0.0 0.0 160 25.0 0 0 0
5.454 0x00 idle 0 0 0 0 0 0.0 0.0 160 25.0 0 0 0
5.490 0x00 idle 0 0 0 0 0 0.0 0.0 160 25.0 0 0 0
5.531 0x00 idle 0 0 0 0 0 0.0 0.0 160 25.0 0 0 0
5.571 0x00 idle 0 0 0 0 0 0.0 0.0 160 25.0 0 0 0
5.611 0x00 idle 0 0 0 0 0 0.0 0.0 160 25.0 0 0 0
5.651 0x00 idle 0 0 0 0 0 0.0 0.0 160 25.0 0 0 0
5.689 0x00 idle 0 0 0 0 0 0.0 0.0 160 25.0 0 0 0
5.728 0x00 idle 0 0 0 0 0 0.0 0.0 160 25.0 0 0 0
5.771 0x00 idle 0 0 0 0 0 0.0 0.0 160 25.0 0 0 0
5.810 0x00 idle 0 0 0 0 0 0.0 0.0 160 25.0 0 0 0
5.853 0x00 idle 0 0 0 0 0 0.0 0.0 160 25.0 0 0 0
5.887 0x00 idle 0 0 0 0 0 0.0 0.0 160 25.0 0 0 0
5.931 0x00 idle 0 0 0 0 0 0.0 0.0 160 25.0 0 0 0
5.975 0x00 idle 0 0 0 0 0 0.0 0.0 160 25.0 0 0 0
6.008 0x00 idle 0 0 0 0 0 0.0 0.0 160 25.0 0 0 0
6.051 0x00 idle 0 0 0 0 0 0.0 0.0 160 25.0 0 0 0
6.090 0x00 idle 0 0 0 0 0 0.0 0.0 160 25.0 0 0 0
6.133 0x00 idle 0 0 0 0 0 0.0 0.0 160 25.0 0 0 0
6.171 0x00 idle 0 0 0 0 0 0.0 0.0 160 25.0 0 0 0
6.213 0x00 idle 0 0 0 0 0 0.0 0.0 160 25.0 0 0 0
6.252 0x00 idle 0 0 0 0 0 0.0 0.0 160 25.0 0 0 0
6.292 0x00 idle 0 0 0 0 0 0.0 0.0 160 25.0 0 0 0
6.331 0x00 idle 0 0 0 0 0 0.0 0.0 160 25.0 0 0 0
6.372 0x00 idle 0 0 0 0 0 0.0 0.0 160 25.0 0 0 0
6.413 0x00 idle 0 0 0 0 0 0.0 0.0 160 25.0 0 0 0
6.456 0x00 idle 0 0 0 0 0 0.0 0.0 160 25.0 0 0 0
6.488 0x00 idle 0 0 0 0 0 0.0 0.0 160 25.0 0 0 0
6.532 0x00 idle 0 0 0 0 0 0.0 0.0 160 25.0 0 0 0
6.576 0x00 idle 0 0 0 0 0 0.0 0.0 160 25.0 0 0 0
6.611 0x00 idle 0 0 0 0 0 0.0 0.0 160 25.0 0 0 0
6.653 0x00 idle 0 0 0 0 0 0.0 0.0 160 25.0 0 0 0
6.690 0x00 idle 0 0 0 0 0 0.0 0.0 160 25.0 0 0 0
6.729 0x00 idle 0 0 0 0 0 0.0 0.0 160 25.0 0 0 0
6.771 0x00 idle 0 0 0 0 0 0.0 0.0 160 25.0 0 0 0
6.816 0x00 idle 0 0 0 0 0 0.0 0.0 160 25.0 0 0 0
6.850 0x00 idle 0 0 0 0 0 0.0 0.0 160 25.0 0 0 0
6.890 0x00 idle 0 0 0 0 0 0.0 0.0 160 25.0 0 0 0
6.930 0x00 idle 0 0 0 0 0 0.0 0.0 160 25.0 0 0 0
6.976 0x00 idle 0 0 0 0 0 0.0 0.0 160 25.0 0 0 0
7.011 0x00 idle 0 0 0 0 0 0.0 0.0 160 25.0 0 0 0
7.048 0x00 idle 0 0 0 0 0 0.0 0.0 160 25.0 0 0 0
7.091 0x00 idle 0 0 0 0 0 0.0 0.0 160 25.0 0 0 0
7.138 0x00 idle 0 0 0 0 0 0.0 0.0 160 25.0 0 0 0
7.169 0x00 idle 0 0 0 0 0 0.0 0.0 160 25.0 0 0 0
7.214 0x00 idle 0 0 0 0 0 0.0 0.0 160 25.0 0 0 0
7.249 0x00 idle 0 0 0 0 0 0.0 0.0 160 25.0 0 0 0
7.296 0x00 idle 0 0 0 0 0 0.0 0.0 160 25.0 0 0 0
7.330 0x00 idle 0 0 0 0 0 0.0 0.0 160 25.0 0 0 0
7.373 0x00 idle 0 0 0 0 0 0.0 0.0 160 25.0 0 0 0
7.414 0x00 idle 0 0 0 0 0 0.0 0.0 160 25.0 0 0 0
7.451 0x00 idle 0 0 0 0 0 0.0 0.0 160 25.0 0 0 0
7.496 0x00 idle 0 0 0 0 0 0.0 0.0 160 25.0 0 0 0
7.533 0x00 idle 0 0 0 0 0 0.0 0.0 160 25.0 0 0 0
7.571 0x00 idle 0 0 0 0 0 0.0 0.0 160 25.0 0 0 0
7.608 0x00 idle 0 0 0 0 0 0.0 0.0 160 25.0 0 0 0
7.656 0x00 idle 0 0 0 0 0 0.0 0.0 160 25.0 0 0 0
7.691 0x00 idle 0 0 0 0 0 0.0 0.0 160 25.0 0 0 0
7.728 0x00 idle 0 0 0 0 0 0.0 0.0 160 25.0 0 0 0
7.769 0x00 idle 0 0 0 0 0 0.0 0.0 160 25.0 0 0 0
7.811 0x00 idle 0 0 0 0 0 0.0 0.0 160 25.0 0 0 0
7.851 0x00 idle 0 0 0 0 0 0.0 0.0 160 25.0 0 0 0
7.891 0x00 idle 0 0 0 0 0 0.0 0.0 160 25.0 0 0 0
7.933 0x00 idle 0 0 0 0 0 0.0 0.0 160 25.0 0 0 0
7.967 0x00 idle 0 0 0 0 0 0.0 0.0 160 25.0 0 0 0
8.013 0x00 idle 0 0 0 0 0 0.0 0.0 160 25.0 0 0 0
8.052 0x00 idle 0 0 0 0 0 0.0 0.0 160 25.0 0 0 0
8.091 0x00 idle 0 0 0 0 0 0.0 0.0 160 25.0 0 0 0
8.136 0x00 idle 0 0 0 0 0 0.0 0.0 160 25.0 0 0 0
8.170 0x00 idle 0 0 0 0 0 0.0 0.0 160 25.0 0 0 0
8.216 0x00 idle 0 0 0 0 0 0.0 0.0 160 25.0 0 0 0
8.254 0x00 idle 0 0 0 0 0 0.0 0.0 160 25.0 0 0 0
8.295 0x00 idle 0 0 0 0 0 0.0 0.0 160 25.0 0 0 0
8.333 0x00 idle 0 0 0 0 0 0.0 0.0 160 25.0 0 0 0
8.368 0x00 idle 0 0 0 0 0 0.0 0.0 160 25.0 0 0 0
8.411 0x00 idle 0 0 0 0 0 0.0 0.0 160 25.0 0 0 0
8.456 0x00 idle 0 0 0 0 0 0.0 0.0 160 25.0 0 0 0
8.489 0x00 idle 0 0 0 0 0 0.0 0.0 160 25.0 0 0 0
8.537 0x00 idle 0 0 0 0 0 0.0 0.0 160 25.0 0 0 0
8.575 0x00 idle 0 0 0 0 0 0.0 0.0 160 25.0 0 0 0
8.616 0x00 idle 0 0 0 0 0 0.0 0.0 160 25.0 0 0 0
8.648 0x00 idle 0 0 0 0 0 0.0 0.0 160 25.0 0 0 0
8.704 0x00 idle 0 0 0 0 0 0.0 0.0 160 25.0 0 0 0
8.730 0x00 idle 0 0 0 0 0 0.0 0.0 160 25.0 0 0 0
8.774 0x00 idle 0 0 0 0 0 0.0 0.0 160 25.0 0 0 0
8.818 0x00 idle 0 0 0 0 0 0.0 0.0 160 25.0 0 0 0
8.850 0x00 idle 0 0 0 0 0 0.0 0.0 160 25.0 0 0 0
8.890 0x00 idle 0 0 0 0 0 0.0 0.0 160 25.0 0 0 0
8.937 0x00 idle 0 0 0 0 0 0.0 0.0 160 25.0 0 0 0
8.972 0x00 idle 0 0 0 0 0 0.0 0.0 160 25.0 0 0 0
9.010 0x00 idle 0 0 0 0 0 0.0 0.0 160 25.0 0 0 0
9.058 0x00 idle 0 0 0 0 0 0.0 0.0 160 25.0 0 0 0
9.090 0x00 idle 0 0 0 0 0 0.0 0.0 160 25.0 0 0 0
9.130 0x00 idle 0 0 0 0 0 0.0 0.0 160 25.0 0 0 0
9.172 0x00 idle 0 0 0 0 0 0.0 0.0 160 25.0 0 0 0
9.213 0x00 idle 0 0 0 0 0 0.0 0.0 160 25.0 0 0 0
9.254 0x00 idle 0 0 0 0 0 0.0 0.0 160 25.0 0 0 0
9.293 0x00 idle 0 0 0 0 0 0.0 0.0 160 25.0 0 0 0
9.338 0x00 idle 0 0 0 0 0 0.0 0.0 160 25.0 0 0 0
9.375 0x00 idle 0 0 0 0 0 0.0 0.0 160 25.0 0 0 0
9.409 0x00 idle 0 0 0 0 0 0.0 0.0 160 25.0 0 0 0
9.452 0x00 idle 0 0 0 0 0 0.0 0.0 160 25.0 0 0 0
9.489 0x00 idle 0 0 0 0 0 0.0 0.0 160 25.0 0 0 0
9.532 0x00 idle 0 0 0 0 0 0.0 0.0 160 25.0 0 0 0
9.570 0x00 idle 0 0 0 0 0 0.0 0.0 160 25.0 0 0 0
9.613 0x00 idle 0 0 0 0 0 0.0 0.0 160 25.0 0 0 0
9.657 0x00 idle 0 0 0 0 0 0.0 0.0 160 25.0 0 0 0
9.691 0x00 idle 0 0 0 0 0 0.0 0.0 160 25.0 0 0 0
9.730 0x00 idle 0 0 0 0 0 0.0 0.0 160 25.0 0 0 0
9.772 0x00 idle 0 0 0 0 0 0.0 0.0 160 25.0 0 0 0
9.817 0x00 idle 0 0 0 0 0 0.0 0.0 160 25.0 0 0 0
9.857 0x00 idle 0 0 0 0 0 0.0 0.0 160 25.0 0 0 0
9.890 0x00 idle 0 0 0 0 0 0.0 0.0 160 25.0 0 0 0
9.936 0x00 idle 0 0 0 0 0 0.0 0.0 160 25.0 0 0 0
9.971 0x00 idle 0 0 0 0 0 0.0 0.0 160 25.0 0 0 0
10.009 0x00 idle 0 0 0 0 0 0.0 0.0 160 25.0 0 0 0
10.057 0x00 idle 0 0 0 0 0 0.0 0.0 160 25.0 0 0 0
10.088 0x00 idle 0 0 0 0 0 0.0 0.0 160 25.0 0 0 0
10.133 0x00 idle 0 0 0 0 0 0.0 0.0 160 25.0 0 0 0
10.168 0x00 idle 0 0 0 0 0 0.0 0.0 160 25.0 0 0 0
10.210 0x00 idle 0 0 0 0 0 0.0 0.0 160 25.0 0 0 0
10.251 0x00 idle 0 0 0 0 0 0.0 0.0 160 25.0 0 0 0
10.294 0x00 idle 0 0 0 0 0 0.0 0.0 160 25.0 0 0 0
10.330 0x00 idle 0 0 0 0 0 0.0 0.0 160 25.0 0 0 0
10.377 0x00 idle 0 0 0 0 0 0.0 0.0 160 25.0 0 0 0
10.415 0x00 idle 0 0 0 0 0 0.0 0.0 160 25.0 0 0 0
10.449 0x00 idle 0 0 0 0 0 0.0 0.0 160 25.0 0 0 0
10.502 0x00 idle 0 0 0 0 0 0.0 0.0 160 25.0 0 0 0
10.528 0x00 idle 0 0 0 0 0 0.0 0.0 160 25.0 0 0 0
10.571 0x00 idle 0 0 0 0 0 0.0 0.0 160 25.0 0 0 0
10.611 0x00 idle 0 0 0 0 0 0.0 0.0 160 25.0 0 0 0
10.654 0x00 idle 0 0 0 0 0 0.0 0.0 160 25.0 0 0 0
10.691 0x00 idle 0 0 0 0 0 0.0 0.0 160 25.0 0 0 0
10.730 0x00 idle 0 0 0 0 0 0.0 0.0 160 25.0 0 0 0
10.780 0x00 idle 0 0 0 0 0 0.0 0.0 160 25.0 0 0 0
10.811 0x00 idle 0 0 0 0 0 0.0 0.0 160 25.0 0 0 0
10.853 0x00 idle 0 0 0 0 0 0.0 0.0 160 25.0 0 0 0
10.890 0x00 idle 0 0 0 0 0 0.0 0.0 160 25.0 0 0 0
10.930 0x00 idle 0 0 0 0 0 0.0 0.0 160 25.0 0 0 0
10.970 0x00 idle 0 0 0 0 0 0.0 0.0 160 25.0 0 0 0
11.015 0x00 idle 0 0 0 0 0 0.0 0.0 160 25.0 0 0 0
11.053 0x00 idle 0 0 0 0 0 0.0 0.0 160 25.0 0 0 0
11.090 0x00 idle 0 0 0 0 0 0.0 0.0 160 25.0 0 0 0
11.127 0x00 idle 0 0 0 0 0 0.0 0.0 160 25.0 0 0 0
11.169 0x00 idle 0 0 0 0 0 0.0 0.0 160 25.0 0 0 0
11.216 0x00 idle 0 0 0 0 0 0.0 0.0 160 25.0 0 0 0
11.256 0x00 idle 0 0 0 0 0 0.0 0.0 160 25.0 0 0 0
11.295 0x00 idle 0 0 0 0 0 0.0 0.0 160 25.0 0 0 0
11.336 0x00 idle 0 0 0 0 0 0.0 0.0 160 25.0 0 0 0
11.371 0x00 idle 0 0 0 0 0 0.0 0.0 160 25.0 0 0 0
11.411 0x00 idle 0 0 0 0 0 0.0 0.0 160 25.0 0 0 0
11.452 0x00 idle 0 0 0 0 0 0.0 0.0 160 25.0 0 0 0
11.489 0x00 idle 0 0 0 0 0 0.0 0.0 160 25.0 0 0 0
11.528 0x00 idle 0 0 0 0 0 0.0 0.0 160 25.0 0 0 0
11.569 0x00 idle 0 0 0 0 0 0.0 0.0 160 25.0 0 0 0
11.612 0x00 idle 0 0 0 0 0 0.0 0.0 160 25.0 0 0 0
11.652 0x00 idle 0 0 0 0 0 0.0 0.0 160 25.0 0 0 0
11.693 0x00 idle 0 0 0 0 0 0.0 0.0 160 25.0 0 0 0
11.731 0x00 idle 0 0 0 0 0 0.0 0.0 160 25.0 0 0 0
11.774 0x00 idle 0 0 0 0 0 0.0 0.0 160 25.0 0 0 0
11.816 0x00 idle 0 0 0 0 0 0.0 0.0 160 25.0 0 0 0
11.849 0x00 idle 0 0 0 0 0 0.0 0.0 160 25.0 0 0 0
11.888 0x00 idle 0 0 0 0 0 0.0 0.0 160 25.0 0 0 0
11.931 0x00 idle 0 0 0 0 0 0.0 0.0 160 25.0 0 0 0
11.973 0x00 idle 0 0 0 0 0 0.0 0.0 160 25.0 0 0 0
12.017 0x00 idle 0 0 0 0 0 0.0 0.0 160 25.0 0 0 0
12.052 0x00 idle 0 0 0 0 0 0.0 0.0 160 25.0 0 0 0
12.089 0x00 idle 0 0 0 0 0 0.0 0.0 160 25.0 0 0 0
12.135 0x00 idle 0 0 0 0 0 0.0 0.0 160 25.0 0 0 0
12.174 0x00 idle 0 0 0 0 0 0.0 0.0 160 25.0 0 0 0
12.210 0x00 idle 0 0 0 0 0 0.0 0.0 160 25.0 0 0 0
12.255 0x00 idle 0 0 0 0 0 0.0 0.0 160 25.0 0 0 0
12.294 0x00 idle 0 0 0 0 0 0.0 0.0 160 25.0 0 0 0
12.330 0x00 idle 0 0 0 0 0 0.0 0.0 160 25.0 0 0 0
12.369 0x00 idle 0 0 0 0 0 0.0 0.0 160 25.0 0 0 0
12.412 0x00 idle 0 0 0 0 0 0.0 0.0 160 25.0 0 0 0
12.454 0x00 idle 0 0 0 0 0 0.0 0.0 160 25.0 0 0 0
12.494 0x00 idle 0 0 0 0 0 0.0 0.0 160 25.0 0 0 0
12.532 0x00 idle 0 0 0 0 0 0.0 0.0 160 25.0 0 0 0
12.569 0x00 idle 0 0 0 0 0 0.0 0.0 160 25.0 0 0 0

[tcp_trajectory]
elapsed_s x_m y_m z_m qx qy qz qw speed_m_s tf_stamp_s along_mm remaining_mm cross_track_mm progress waypoint phase
0.0020 0.0454629 -1.7429573 0.6685783 -0.45540442 0.66226893 -0.49199403 -0.33458715 0.000000 1789457205.293191433 -0.123 190.924 0.748 0.00000 -1 ACTUAL_TF
0.0253 0.0454248 -1.7428764 0.6682907 -0.45543805 0.66228800 -0.49194222 -0.33457980 0.005395 1789457205.349006414 -0.046 190.847 0.457 0.00000 -1 ACTUAL_TF
0.0865 0.0454087 -1.7428544 0.6681095 -0.45545221 0.66229393 -0.49192139 -0.33457940 0.004757 1789457205.405104399 -0.027 190.828 0.276 0.00000 -1 ACTUAL_TF
0.1352 0.0453898 -1.7428260 0.6680008 -0.45546313 0.66230120 -0.49190224 -0.33457831 0.003941 1789457205.461048841 0.000 190.801 0.165 0.00000 -1 ACTUAL_TF
0.1959 0.0453837 -1.7428239 0.6679959 -0.45546287 0.66230265 -0.49190008 -0.33457895 0.002802 1789457205.516955853 0.002 190.799 0.159 0.00000 -1 ACTUAL_TF
0.2420 0.0453639 -1.7427800 0.6679790 -0.45547345 0.66230912 -0.49188360 -0.33457598 0.002234 1789457205.573033810 0.047 190.754 0.139 0.00000 -1 ACTUAL_TF
0.3028 0.0453458 -1.7427400 0.6679636 -0.45548307 0.66231502 -0.49186859 -0.33457328 0.001813 1789457205.628967047 0.087 190.714 0.122 0.00000 -1 ACTUAL_TF
0.3602 0.0453332 -1.7427120 0.6679528 -0.45548983 0.66231915 -0.49185806 -0.33457138 0.001444 1789457205.685015917 0.115 190.686 0.112 0.00000 -1 ACTUAL_TF
0.4174 0.0453067 -1.7426598 0.6679327 -0.45549974 0.66232869 -0.49183726 -0.33456958 0.001341 1789457205.741169214 0.167 190.634 0.098 0.00000 -1 ACTUAL_TF
0.4747 0.0452696 -1.7425938 0.6679139 -0.45550921 0.66233658 -0.49181581 -0.33457260 0.001358 1789457205.797072649 0.234 190.567 0.103 0.00000 -1 ACTUAL_TF
0.5309 0.0452342 -1.7425358 0.6679026 -0.45551518 0.66234017 -0.49180084 -0.33457938 0.001319 1789457205.853089094 0.293 190.508 0.123 0.00000 -1 ACTUAL_TF
0.5862 0.0451833 -1.7424410 0.6678983 -0.45551889 0.66233698 -0.49178874 -0.33459841 0.001501 1789457205.909043312 0.389 190.412 0.166 0.00000 -1 ACTUAL_TF
0.6441 0.0451553 -1.7423586 0.6679000 -0.45552014 0.66233053 -0.49178584 -0.33461375 0.001517 1789457205.965056658 0.472 190.329 0.191 0.00000 -1 ACTUAL_TF
0.6923 0.0451523 -1.7422216 0.6678925 -0.45551095 0.66233668 -0.49178981 -0.33460825 0.001797 1789457206.021085501 0.609 190.192 0.188 0.00000 -1 ACTUAL_TF
0.7507 0.0451643 -1.7420956 0.6678954 -0.45549400 0.66233879 -0.49180688 -0.33460206 0.001935 1789457206.077139854 0.734 190.067 0.173 0.00000 -1 ACTUAL_TF
0.8088 0.0451431 -1.7419251 0.6678961 -0.45550235 0.66232753 -0.49180354 -0.33461787 0.002275 1789457206.133136511 0.905 189.896 0.189 0.00000 -1 ACTUAL_TF
0.8651 0.0451346 -1.7417097 0.6678836 -0.45551159 0.66232256 -0.49179949 -0.33462109 0.002740 1789457206.189609766 1.121 189.680 0.189 0.00000 -1 ACTUAL_TF
0.9187 0.0451395 -1.7415353 0.6678808 -0.45551862 0.66231508 -0.49180151 -0.33462337 0.002862 1789457206.245066881 1.295 189.506 0.179 0.00000 -1 ACTUAL_TF
0.9768 0.0451379 -1.7413206 0.6678709 -0.45551777 0.66231437 -0.49180435 -0.33462174 0.003154 1789457206.301081419 1.509 189.292 0.174 0.00000 -1 ACTUAL_TF
1.0286 0.0451466 -1.7411573 0.6678818 -0.45551581 0.66230085 -0.49181790 -0.33463127 0.003085 1789457206.357147455 1.673 189.128 0.162 0.00000 -1 ACTUAL_TF
1.0858 0.0451451 -1.7409242 0.6678705 -0.45552086 0.66229976 -0.49181603 -0.33462929 0.003413 1789457206.413007021 1.905 188.896 0.156 0.00000 -1 ACTUAL_TF
1.1438 0.0451573 -1.7407440 0.6678810 -0.45551548 0.66228799 -0.49183337 -0.33463442 0.003359 1789457206.468995094 2.085 188.716 0.140 0.00000 -1 ACTUAL_TF
1.2038 0.0451452 -1.7405011 0.6678834 -0.45551222 0.66228253 -0.49183771 -0.33464330 0.003653 1789457206.525007963 2.328 188.473 0.145 0.00000 -1 ACTUAL_TF
1.2505 0.0451409 -1.7402824 0.6678726 -0.45551846 0.66228105 -0.49183427 -0.33464279 0.003731 1789457206.581010103 2.547 188.254 0.144 0.00000 -1 ACTUAL_TF
1.3110 0.0451362 -1.7400199 0.6678582 -0.45552171 0.66228595 -0.49182753 -0.33463858 0.004018 1789457206.637100220 2.809 187.992 0.145 0.00000 -1 ACTUAL_TF
1.3727 0.0451321 -1.7398083 0.6678538 -0.45552355 0.66228505 -0.49182586 -0.33464031 0.003946 1789457206.693101406 3.021 187.780 0.145 0.00000 -1 ACTUAL_TF
1.4256 0.0451314 -1.7395320 0.6678398 -0.45553034 0.66228983 -0.49181783 -0.33463340 0.004242 1789457206.749206305 3.297 187.504 0.145 0.00000 -1 ACTUAL_TF
1.4777 0.0451373 -1.7392432 0.6678259 -0.45554701 0.66228750 -0.49180839 -0.33462921 0.004520 1789457206.805142403 3.585 187.216 0.141 0.00000 -1 ACTUAL_TF
1.5352 0.0451217 -1.7389857 0.6678242 -0.45554532 0.66228735 -0.49180821 -0.33463205 0.004547 1789457206.861118317 3.843 186.958 0.152 0.00000 -1 ACTUAL_TF
1.5926 0.0451116 -1.7386966 0.6678282 -0.45554145 0.66228497 -0.49181277 -0.33463533 0.004737 1789457206.916971922 4.132 186.669 0.155 0.00000 -1 ACTUAL_TF
1.6506 0.0451117 -1.7384308 0.6678194 -0.45555199 0.66228321 -0.49180821 -0.33463117 0.004740 1789457206.972995520 4.398 186.403 0.156 0.00000 -1 ACTUAL_TF
1.7062 0.0451181 -1.7381279 0.6678186 -0.45554693 0.66228560 -0.49181415 -0.33462460 0.004929 1789457207.029395342 4.700 186.101 0.149 0.00000 -1 ACTUAL_TF
1.7568 0.0451094 -1.7378519 0.6678081 -0.45555408 0.66228722 -0.49180647 -0.33462295 0.004941 1789457207.085013390 4.976 185.825 0.160 0.00000 -1 ACTUAL_TF
1.8185 0.0451163 -1.7375331 0.6678089 -0.45555109 0.66228618 -0.49181428 -0.33461761 0.005166 1789457207.141036987 5.295 185.506 0.154 0.00000 -1 ACTUAL_TF
1.8781 0.0451073 -1.7371866 0.6678101 -0.45555556 0.66228183 -0.49181433 -0.33462005 0.005474 1789457207.197038889 5.641 185.160 0.157 0.00000 -1 ACTUAL_TF
1.9264 0.0450975 -1.7369362 0.6678272 -0.45554752 0.66227235 -0.49182672 -0.33463155 0.005176 1789457207.253100872 5.892 184.909 0.149 0.00000 -1 ACTUAL_TF
1.9866 0.0450923 -1.7366226 0.6678391 -0.45554128 0.66226676 -0.49183566 -0.33463796 0.005305 1789457207.309068918 6.206 184.595 0.142 0.00000 -1 ACTUAL_TF
2.0442 0.0450902 -1.7363439 0.6678416 -0.45554737 0.66226347 -0.49183460 -0.33463774 0.005207 1789457207.365055799 6.484 184.317 0.140 0.00000 -1 ACTUAL_TF
2.0930 0.0450875 -1.7360323 0.6678417 -0.45554586 0.66226296 -0.49183731 -0.33463681 0.005315 1789457207.421033382 6.796 184.005 0.141 0.00000 -1 ACTUAL_TF
2.1545 0.0450664 -1.7357560 0.6678414 -0.45554965 0.66226398 -0.49183063 -0.33463947 0.005204 1789457207.477073669 7.073 183.728 0.154 0.00000 -1 ACTUAL_TF
2.2141 0.0450525 -1.7354227 0.6678509 -0.45554510 0.66226206 -0.49183462 -0.33464357 0.005428 1789457207.533139467 7.406 183.395 0.154 0.00000 -1 ACTUAL_TF
2.2621 0.0450399 -1.7351783 0.6678603 -0.45552842 0.66226284 -0.49184625 -0.33464766 0.005113 1789457207.589089632 7.651 183.150 0.155 0.00000 -1 ACTUAL_TF
2.3249 0.0450389 -1.7348742 0.6678675 -0.45553256 0.66225584 -0.49184948 -0.33465113 0.005207 1789457207.645129204 7.955 182.846 0.148 0.00000 -1 ACTUAL_TF
2.3760 0.0450374 -1.7345568 0.6678655 -0.45554131 0.66225375 -0.49184466 -0.33465044 0.005348 1789457207.701058865 8.273 182.528 0.149 0.00000 -1 ACTUAL_TF
2.4359 0.0450472 -1.7342958 0.6678580 -0.45554847 0.66226016 -0.49183763 -0.33463835 0.005143 1789457207.757079840 8.533 182.268 0.148 0.00000 -1 ACTUAL_TF
2.4840 0.0450419 -1.7339926 0.6678609 -0.45555188 0.66225795 -0.49183609 -0.33464033 0.005225 1789457207.813073397 8.836 181.965 0.149 0.00000 -1 ACTUAL_TF
2.5422 0.0450370 -1.7336997 0.6678564 -0.45555449 0.66226637 -0.49182896 -0.33463059 0.005229 1789457207.869003057 9.129 181.672 0.155 0.00000 -1 ACTUAL_TF
2.6002 0.0450380 -1.7333825 0.6678569 -0.45557242 0.66225939 -0.49182001 -0.33463315 0.005358 1789457207.925046444 9.446 181.355 0.155 0.00000 -1 ACTUAL_TF
2.6505 0.0450462 -1.7331447 0.6678689 -0.45556419 0.66225614 -0.49183211 -0.33463300 0.005028 1789457207.981019258 9.684 181.117 0.142 0.00000 -1 ACTUAL_TF
2.7098 0.0450579 -1.7328370 0.6678719 -0.45557004 0.66225224 -0.49183305 -0.33463138 0.005171 1789457208.036936045 9.991 180.810 0.137 0.00000 -1 ACTUAL_TF
2.7698 0.0450635 -1.7325855 0.6678726 -0.45557507 0.66225337 -0.49183063 -0.33462586 0.004958 1789457208.093351603 10.242 180.559 0.138 0.00000 -1 ACTUAL_TF
2.8275 0.0450570 -1.7322619 0.6678605 -0.45558244 0.66225884 -0.49182062 -0.33461969 0.005215 1789457208.149057388 10.566 180.235 0.155 0.00000 -1 ACTUAL_TF
2.8755 0.0450399 -1.7319473 0.6678669 -0.45557698 0.66226216 -0.49182061 -0.33462058 0.005342 1789457208.204954863 10.881 179.920 0.155 0.00000 -1 ACTUAL_TF
2.9342 0.0450364 -1.7316819 0.6678693 -0.45558163 0.66226157 -0.49181871 -0.33461822 0.005158 1789457208.261084318 11.146 179.655 0.157 0.00000 -1 ACTUAL_TF
2.9935 0.0450292 -1.7313923 0.6678955 -0.45557015 0.66225458 -0.49183368 -0.33462567 0.005170 1789457208.317050934 11.436 179.365 0.135 0.00000 -1 ACTUAL_TF
3.0501 0.0450249 -1.7311675 0.6679221 -0.45555692 0.66224809 -0.49184943 -0.33463337 0.004834 1789457208.372966766 11.661 179.140 0.113 0.00000 -1 ACTUAL_TF
3.1016 0.0450163 -1.7308700 0.6679365 -0.45554827 0.66224715 -0.49185732 -0.33463542 0.004976 1789457208.429099798 11.959 178.842 0.104 0.00000 -1 ACTUAL_TF
3.1586 0.0450222 -1.7306245 0.6679465 -0.45554688 0.66224446 -0.49186356 -0.33463346 0.004800 1789457208.485087156 12.205 178.596 0.096 0.00000 -1 ACTUAL_TF
3.2136 0.0450076 -1.7303009 0.6679504 -0.45554639 0.66224388 -0.49186475 -0.33463352 0.005094 1789457208.541124105 12.528 178.272 0.098 0.00000 -1 ACTUAL_TF
3.2775 0.0450079 -1.7300486 0.6679695 -0.45553974 0.66223614 -0.49187740 -0.33463930 0.004923 1789457208.597081184 12.781 178.020 0.082 0.00000 -1 ACTUAL_TF
3.3243 0.0450060 -1.7297417 0.6679783 -0.45553925 0.66223494 -0.49188012 -0.33463834 0.005092 1789457208.653024197 13.088 177.713 0.078 0.00000 -1 ACTUAL_TF
3.3838 0.0450038 -1.7294441 0.6679904 -0.45553648 0.66223568 -0.49188288 -0.33463661 0.005158 1789457208.709088326 13.386 177.415 0.070 0.00000 -1 ACTUAL_TF
3.4411 0.0449977 -1.7291997 0.6679950 -0.45553595 0.66224088 -0.49187714 -0.33463545 0.004915 1789457208.765326500 13.630 177.171 0.070 0.00000 -1 ACTUAL_TF
3.5003 0.0449874 -1.7288870 0.6679923 -0.45553917 0.66225093 -0.49186632 -0.33462710 0.005125 1789457208.821053982 13.943 176.858 0.078 0.00000 -1 ACTUAL_TF
3.5471 0.0449751 -1.7286177 0.6679881 -0.45554983 0.66225301 -0.49185441 -0.33462597 0.005032 1789457208.877038717 14.212 176.589 0.087 0.00000 -1 ACTUAL_TF
3.6067 0.0449757 -1.7283300 0.6680047 -0.45553589 0.66225749 -0.49186476 -0.33462087 0.005068 1789457208.932987452 14.500 176.301 0.074 0.00000 -1 ACTUAL_TF
3.6672 0.0449618 -1.7280650 0.6680008 -0.45555133 0.66225634 -0.49185181 -0.33462117 0.004965 1789457208.989156961 14.765 176.036 0.083 0.00000 -1 ACTUAL_TF
3.7134 0.0449432 -1.7277639 0.6680134 -0.45554957 0.66225321 -0.49185316 -0.33462777 0.005096 1789457209.045058012 15.067 175.734 0.077 0.00000 -1 ACTUAL_TF
3.7725 0.0449341 -1.7274805 0.6680198 -0.45554482 0.66225558 -0.49185482 -0.33462712 0.005086 1789457209.101061821 15.351 175.450 0.076 0.00000 -1 ACTUAL_TF
3.8308 0.0449142 -1.7272184 0.6680192 -0.45555117 0.66226085 -0.49184160 -0.33462748 0.004962 1789457209.157307863 15.613 175.188 0.085 0.00000 -1 ACTUAL_TF
3.8853 0.0449206 -1.7269128 0.6680320 -0.45554933 0.66226058 -0.49184772 -0.33462151 0.005122 1789457209.213008165 15.919 174.882 0.073 0.00000 -1 ACTUAL_TF
3.9473 0.0449040 -1.7266618 0.6680385 -0.45554553 0.66226336 -0.49184587 -0.33462389 0.004930 1789457209.269133568 16.170 174.631 0.074 0.00000 -1 ACTUAL_TF
3.9985 0.0449036 -1.7263571 0.6680469 -0.45554440 0.66226396 -0.49184826 -0.33462073 0.005086 1789457209.325049162 16.475 174.326 0.068 0.00000 -1 ACTUAL_TF
4.0599 0.0448989 -1.7260890 0.6680464 -0.45555128 0.66226575 -0.49184273 -0.33461595 0.004999 1789457209.380972147 16.743 174.058 0.072 0.00000 -1 ACTUAL_TF
4.1111 0.0449049 -1.7258143 0.6680683 -0.45554744 0.66225395 -0.49185588 -0.33462521 0.004972 1789457209.437137842 17.018 173.783 0.052 0.00000 -1 ACTUAL_TF
4.1696 0.0449011 -1.7255634 0.6680844 -0.45554266 0.66224894 -0.49186395 -0.33462976 0.004828 1789457209.493097067 17.269 173.532 0.040 0.00000 -1 ACTUAL_TF
4.2287 0.0448807 -1.7252735 0.6680994 -0.45554328 0.66224310 -0.49186418 -0.33464014 0.004938 1789457209.549118519 17.559 173.242 0.034 0.00000 -1 ACTUAL_TF
4.2883 0.0448747 -1.7249499 0.6681100 -0.45554848 0.66223728 -0.49186497 -0.33464343 0.005192 1789457209.605113268 17.883 172.918 0.028 0.00000 -1 ACTUAL_TF
4.3342 0.0448695 -1.7247273 0.6681365 -0.45553522 0.66222634 -0.49188492 -0.33465379 0.004837 1789457209.661033392 18.106 172.695 0.014 0.00000 -1 ACTUAL_TF
4.3945 0.0448610 -1.7244333 0.6681545 -0.45552871 0.66221958 -0.49189474 -0.33466160 0.004964 1789457209.717047691 18.401 172.400 0.018 0.00000 -1 ACTUAL_TF
4.4503 0.0448628 -1.7241890 0.6681571 -0.45553009 0.66222040 -0.49189511 -0.33465755 0.004783 1789457209.773057938 18.645 172.156 0.012 0.00000 -1 ACTUAL_TF
4.5084 0.0448417 -1.7238675 0.6681556 -0.45553144 0.66222553 -0.49188743 -0.33465686 0.005073 1789457209.829095125 18.967 171.834 0.019 0.00000 -1 ACTUAL_TF
4.5653 0.0448463 -1.7236261 0.6681539 -0.45553156 0.66223151 -0.49188463 -0.33464899 0.004844 1789457209.885117769 19.208 171.593 0.009 0.00000 -1 ACTUAL_TF
4.6139 0.0448288 -1.7232773 0.6681285 -0.45554576 0.66224644 -0.49186090 -0.33463498 0.005267 1789457209.941118717 19.556 171.245 0.038 0.00000 -1 ACTUAL_TF
4.6742 0.0448268 -1.7230370 0.6681311 -0.45553790 0.66225369 -0.49186219 -0.33462942 0.004976 1789457209.997057915 19.797 171.004 0.037 0.00000 -1 ACTUAL_TF
4.7264 0.0448182 -1.7227323 0.6681299 -0.45554130 0.66225812 -0.49185419 -0.33462778 0.005114 1789457210.053150415 20.101 170.700 0.043 0.00000 -1 ACTUAL_TF
4.7999 0.0448093 -1.7224279 0.6681335 -0.45554147 0.66226045 -0.49185152 -0.33462688 0.005213 1789457210.109082937 20.406 170.395 0.045 0.00000 -1 ACTUAL_TF
4.8375 0.0448015 -1.7221618 0.6681367 -0.45553854 0.66226623 -0.49184914 -0.33462292 0.005073 1789457210.165190220 20.672 170.129 0.046 0.00000 -1 ACTUAL_TF
4.8951 0.0447999 -1.7218469 0.6681330 -0.45554629 0.66227011 -0.49184060 -0.33461724 0.005241 1789457210.221070766 20.987 169.814 0.053 0.00000 -1 ACTUAL_TF
4.9562 0.0448040 -1.7215818 0.6681320 -0.45555391 0.66226712 -0.49184013 -0.33461348 0.005088 1789457210.277142525 21.252 169.549 0.058 0.00000 -1 ACTUAL_TF
5.0067 0.0447969 -1.7212682 0.6681327 -0.45555664 0.66226729 -0.49183865 -0.33461159 0.005243 1789457210.333086967 21.565 169.236 0.063 0.00000 -1 ACTUAL_TF
5.0645 0.0448003 -1.7210322 0.6681452 -0.45555514 0.66226195 -0.49184486 -0.33461508 0.004936 1789457210.389128447 21.801 169.000 0.056 0.00000 -1 ACTUAL_TF
5.1225 0.0447909 -1.7207290 0.6681551 -0.45555113 0.66225859 -0.49185121 -0.33461785 0.005082 1789457210.445104361 22.105 168.696 0.050 0.00000 -1 ACTUAL_TF
5.1724 0.0447863 -1.7204672 0.6681666 -0.45555246 0.66225451 -0.49185377 -0.33462038 0.004961 1789457210.501129866 22.367 168.434 0.044 0.00000 -1 ACTUAL_TF
5.2359 0.0447831 -1.7201697 0.6681676 -0.45555368 0.66225629 -0.49185234 -0.33461727 0.005069 1789457210.557039261 22.664 168.137 0.049 0.00000 -1 ACTUAL_TF
5.2946 0.0447783 -1.7198827 0.6681884 -0.45554383 0.66225061 -0.49186522 -0.33462299 0.005090 1789457210.613021612 22.952 167.849 0.036 0.00000 -1 ACTUAL_TF
5.3438 0.0447772 -1.7196138 0.6681896 -0.45555110 0.66225198 -0.49186095 -0.33461666 0.005003 1789457210.669063091 23.220 167.581 0.042 0.00000 -1 ACTUAL_TF
5.4062 0.0447683 -1.7193259 0.6682137 -0.45554185 0.66224009 -0.49187716 -0.33462895 0.005050 1789457210.725078344 23.509 167.292 0.028 0.00000 -1 ACTUAL_TF
5.4531 0.0447585 -1.7190940 0.6682275 -0.45552507 0.66224101 -0.49188884 -0.33463283 0.004778 1789457210.781182528 23.741 167.060 0.022 0.00000 -1 ACTUAL_TF
5.5126 0.0447630 -1.7188020 0.6682442 -0.45551832 0.66223720 -0.49189991 -0.33463328 0.004914 1789457210.837116003 24.033 166.768 0.034 0.00000 -1 ACTUAL_TF
5.5701 0.0447457 -1.7185258 0.6682318 -0.45552713 0.66224418 -0.49188507 -0.33462928 0.004926 1789457210.893039227 24.309 166.492 0.025 0.00000 -1 ACTUAL_TF
5.6314 0.0447429 -1.7182237 0.6682352 -0.45552692 0.66224804 -0.49188475 -0.33462240 0.005064 1789457210.949111700 24.612 166.189 0.030 0.00000 -1 ACTUAL_TF
5.6765 0.0447348 -1.7179274 0.6682429 -0.45552219 0.66224827 -0.49188744 -0.33462443 0.005136 1789457211.005028486 24.908 165.893 0.029 0.00000 -1 ACTUAL_TF
5.7362 0.0447255 -1.7176465 0.6682296 -0.45553415 0.66225702 -0.49187210 -0.33461336 0.005100 1789457211.061118126 25.189 165.612 0.036 0.00000 -1 ACTUAL_TF
5.7964 0.0447122 -1.7173467 0.6682393 -0.45553286 0.66225610 -0.49187321 -0.33461532 0.005178 1789457211.117142200 25.489 165.312 0.029 0.00000 -1 ACTUAL_TF
5.8440 0.0447135 -1.7171069 0.6682515 -0.45553130 0.66225190 -0.49187862 -0.33461781 0.004914 1789457211.172992945 25.729 165.072 0.030 0.00000 -1 ACTUAL_TF
5.9015 0.0446990 -1.7167957 0.6682506 -0.45553298 0.66225260 -0.49187534 -0.33461896 0.005106 1789457211.229092360 26.040 164.761 0.028 0.00000 -1 ACTUAL_TF
5.9651 0.0446808 -1.7165293 0.6682467 -0.45553911 0.66225742 -0.49186475 -0.33461664 0.005010 1789457211.284893751 26.307 164.494 0.028 0.00000 -1 ACTUAL_TF
6.0141 0.0446628 -1.7162302 0.6682537 -0.45553675 0.66225719 -0.49186283 -0.33462312 0.005106 1789457211.341114759 26.606 164.194 0.025 0.00000 -1 ACTUAL_TF
6.0763 0.0446524 -1.7159575 0.6682484 -0.45554651 0.66226072 -0.49185210 -0.33461862 0.005031 1789457211.397309542 26.879 163.922 0.035 0.00000 -1 ACTUAL_TF
6.1267 0.0446338 -1.7156466 0.6682466 -0.45554854 0.66226544 -0.49184456 -0.33461761 0.005194 1789457211.453204155 27.191 163.610 0.044 0.00000 -1 ACTUAL_TF
6.1829 0.0446282 -1.7153577 0.6682672 -0.45553881 0.66225802 -0.49185739 -0.33462667 0.005191 1789457211.509079695 27.480 163.321 0.028 0.00000 -1 ACTUAL_TF
6.2351 0.0446359 -1.7151077 0.6682768 -0.45553793 0.66225583 -0.49186288 -0.33462414 0.004975 1789457211.565071106 27.730 163.071 0.020 0.00000 -1 ACTUAL_TF
6.2966 0.0446213 -1.7148089 0.6682886 -0.45553031 0.66225487 -0.49186896 -0.33462747 0.005089 1789457211.620987654 28.029 162.772 0.014 0.00000 -1 ACTUAL_TF
6.3576 0.0446251 -1.7145499 0.6682893 -0.45553391 0.66225477 -0.49186837 -0.33462364 0.004948 1789457211.677028418 28.288 162.513 0.017 0.00000 -1 ACTUAL_TF
6.4070 0.0446243 -1.7142574 0.6683110 -0.45553809 0.66224044 -0.49187739 -0.33463306 0.005035 1789457211.733048916 28.580 162.221 0.012 0.00000 -1 ACTUAL_TF
6.4684 0.0446188 -1.7139948 0.6683183 -0.45554115 0.66223769 -0.49187759 -0.33463404 0.004934 1789457211.788974762 28.843 161.958 0.014 0.00000 -1 ACTUAL_TF
6.5182 0.0446043 -1.7136941 0.6683355 -0.45554069 0.66222759 -0.49188268 -0.33464717 0.005065 1789457211.845116854 29.144 161.657 0.017 0.00000 -1 ACTUAL_TF
6.5799 0.0446175 -1.7134530 0.6683407 -0.45554468 0.66222370 -0.49188648 -0.33464385 0.004839 1789457211.901144505 29.385 161.416 0.031 0.00000 -1 ACTUAL_TF
6.6392 0.0446104 -1.7131581 0.6683470 -0.45554501 0.66222312 -0.49188634 -0.33464475 0.004966 1789457211.957205534 29.680 161.121 0.032 0.00000 -1 ACTUAL_TF
6.6885 0.0445746 -1.7128267 0.6683406 -0.45554801 0.66223176 -0.49187175 -0.33464502 0.005267 1789457212.013070822 30.012 160.789 0.006 0.00000 -1 ACTUAL_TF
6.7479 0.0445647 -1.7125931 0.6683445 -0.45554237 0.66223593 -0.49187093 -0.33464565 0.004939 1789457212.069098949 30.246 160.555 0.008 0.00000 -1 ACTUAL_TF
6.7984 0.0445462 -1.7122801 0.6683402 -0.45553496 0.66224694 -0.49186695 -0.33463980 0.005136 1789457212.125143290 30.559 160.242 0.015 0.00000 -1 ACTUAL_TF
6.8567 0.0445342 -1.7120149 0.6683424 -0.45554323 0.66224594 -0.49185973 -0.33464113 0.005018 1789457212.181109190 30.825 159.976 0.021 0.00000 -1 ACTUAL_TF
6.9148 0.0445233 -1.7117201 0.6683538 -0.45554080 0.66224300 -0.49186247 -0.33464622 0.005095 1789457212.237066269 31.120 159.681 0.023 0.00000 -1 ACTUAL_TF
6.9640 0.0445271 -1.7114774 0.6683577 -0.45553486 0.66224425 -0.49186963 -0.33464132 0.004867 1789457212.293090820 31.362 159.439 0.013 0.00000 -1 ACTUAL_TF
7.0256 0.0444950 -1.7111670 0.6683544 -0.45553505 0.66224990 -0.49185943 -0.33464488 0.005075 1789457212.349212408 31.673 159.128 0.038 0.00000 -1 ACTUAL_TF
7.0857 0.0444897 -1.7108371 0.6683561 -0.45554356 0.66224795 -0.49185584 -0.33464242 0.005320 1789457212.405220032 32.003 158.798 0.036 0.00000 -1 ACTUAL_TF
7.1355 0.0444860 -1.7105853 0.6683560 -0.45553894 0.66225211 -0.49185685 -0.33463899 0.005078 1789457212.460983515 32.255 158.546 0.035 0.00000 -1 ACTUAL_TF
7.2008 0.0444908 -1.7102490 0.6683519 -0.45555145 0.66225287 -0.49185024 -0.33463018 0.005356 1789457212.517000914 32.591 158.210 0.031 0.00000 -1 ACTUAL_TF
7.2501 0.0444898 -1.7100144 0.6683640 -0.45554699 0.66224637 -0.49185882 -0.33463650 0.005001 1789457212.573300362 32.826 157.975 0.021 0.00000 -1 ACTUAL_TF
7.3032 0.0444922 -1.7097062 0.6683608 -0.45555015 0.66225031 -0.49185512 -0.33462985 0.005157 1789457212.629150629 33.134 157.667 0.025 0.00000 -1 ACTUAL_TF
7.3668 0.0444883 -1.7094760 0.6683757 -0.45553527 0.66225107 -0.49186774 -0.33463003 0.004844 1789457212.685216427 33.364 157.437 0.014 0.00000 -1 ACTUAL_TF
7.4194 0.0444790 -1.7091429 0.6683779 -0.45553555 0.66225463 -0.49186465 -0.33462716 0.005177 1789457212.741178751 33.697 157.104 0.017 0.00000 -1 ACTUAL_TF
7.4681 0.0444708 -1.7089160 0.6683977 -0.45551889 0.66224952 -0.49188149 -0.33463519 0.004846 1789457212.797147989 33.925 156.876 0.003 0.00000 -1 ACTUAL_TF
7.5304 0.0444719 -1.7086052 0.6684103 -0.45551790 0.66224498 -0.49188830 -0.33463554 0.005059 1789457212.853113890 34.235 156.566 0.009 0.00000 -1 ACTUAL_TF
7.5890 0.0444659 -1.7083275 0.6684235 -0.45550629 0.66224460 -0.49189783 -0.33463807 0.005030 1789457212.909159660 34.513 156.288 0.017 0.00000 -1 ACTUAL_TF
7.6401 0.0444421 -1.7080633 0.6684247 -0.45550352 0.66224682 -0.49189504 -0.33464154 0.004942 1789457212.965166569 34.778 156.023 0.015 0.00000 -1 ACTUAL_TF
7.6960 0.0444357 -1.7077651 0.6684313 -0.45550380 0.66224727 -0.49189660 -0.33463799 0.005064 1789457213.020965576 35.076 155.724 0.016 0.00000 -1 ACTUAL_TF
7.7494 0.0444275 -1.7074943 0.6684233 -0.45550328 0.66225628 -0.49188972 -0.33463097 0.004994 1789457213.077060461 35.347 155.454 0.010 0.00000 -1 ACTUAL_TF
7.8072 0.0444245 -1.7071794 0.6684136 -0.45551026 0.66226418 -0.49187959 -0.33462071 0.005176 1789457213.133298397 35.662 155.139 0.015 0.00000 -1 ACTUAL_TF
7.8672 0.0444302 -1.7069217 0.6684194 -0.45551318 0.66226157 -0.49188168 -0.33461884 0.005008 1789457213.189190626 35.919 154.882 0.014 0.00000 -1 ACTUAL_TF
7.9185 0.0444356 -1.7066358 0.6684260 -0.45551224 0.66226057 -0.49188498 -0.33461724 0.005033 1789457213.245344639 36.205 154.596 0.023 0.00000 -1 ACTUAL_TF
7.9760 0.0444113 -1.7063656 0.6684202 -0.45551390 0.66226658 -0.49187394 -0.33461931 0.004979 1789457213.301285505 36.476 154.325 0.021 0.00000 -1 ACTUAL_TF
8.0353 0.0444030 -1.7060679 0.6684257 -0.45551252 0.66226681 -0.49187367 -0.33462114 0.005086 1789457213.357113123 36.774 154.027 0.020 0.00000 -1 ACTUAL_TF
8.0941 0.0443913 -1.7057736 0.6684451 -0.45550474 0.66225881 -0.49188484 -0.33463114 0.005142 1789457213.413096428 37.068 153.733 0.006 0.00000 -1 ACTUAL_TF
8.1443 0.0443807 -1.7054914 0.6684355 -0.45551922 0.66225974 -0.49187221 -0.33462817 0.005110 1789457213.469194174 37.351 153.450 0.020 0.00000 -1 ACTUAL_TF
8.2002 0.0443759 -1.7051929 0.6684459 -0.45551499 0.66225763 -0.49187738 -0.33463050 0.005176 1789457213.525240183 37.649 153.152 0.014 0.00000 -1 ACTUAL_TF
8.2599 0.0443851 -1.7049533 0.6684503 -0.45552061 0.66225237 -0.49187936 -0.33463035 0.004911 1789457213.581094742 37.889 152.912 0.019 0.00000 -1 ACTUAL_TF
8.3128 0.0443800 -1.7046600 0.6684623 -0.45551807 0.66224780 -0.49188607 -0.33463299 0.005006 1789457213.637281895 38.182 152.619 0.017 0.00000 -1 ACTUAL_TF
8.3707 0.0443633 -1.7043911 0.6684651 -0.45552564 0.66224551 -0.49188019 -0.33463586 0.004952 1789457213.693106890 38.451 152.350 0.010 0.00000 -1 ACTUAL_TF
8.4236 0.0443608 -1.7040805 0.6684681 -0.45551809 0.66224934 -0.49188532 -0.33463100 0.005127 1789457213.749227285 38.762 152.039 0.016 0.00000 -1 ACTUAL_TF
8.4794 0.0443615 -1.7037809 0.6684789 -0.45551648 0.66224541 -0.49189171 -0.33463159 0.005193 1789457213.805274725 39.061 151.740 0.021 0.00000 -1 ACTUAL_TF
8.5338 0.0443668 -1.7035164 0.6684859 -0.45551777 0.66224356 -0.49189460 -0.33462924 0.005055 1789457213.861187458 39.326 151.475 0.032 0.00000 -1 ACTUAL_TF
8.5952 0.0443521 -1.7032152 0.6684912 -0.45552020 0.66223940 -0.49189314 -0.33463631 0.005159 1789457213.917041540 39.627 151.174 0.025 0.00000 -1 ACTUAL_TF
8.6525 0.0443583 -1.7029757 0.6684991 -0.45552119 0.66223727 -0.49189655 -0.33463417 0.004894 1789457213.973081589 39.867 150.934 0.038 0.00000 -1 ACTUAL_TF
8.7051 0.0443377 -1.7026676 0.6684970 -0.45552476 0.66223905 -0.49188855 -0.33463754 0.005080 1789457214.029112577 40.175 150.626 0.025 0.00000 -1 ACTUAL_TF
8.7598 0.0443299 -1.7023855 0.6684946 -0.45553693 0.66223872 -0.49187917 -0.33463542 0.005068 1789457214.085099459 40.457 150.344 0.027 0.00000 -1 ACTUAL_TF
8.8221 0.0443136 -1.7020851 0.6684890 -0.45553203 0.66224943 -0.49187262 -0.33463052 0.005146 1789457214.141565561 40.758 150.043 0.028 0.00000 -1 ACTUAL_TF
8.8713 0.0443007 -1.7018363 0.6684935 -0.45553714 0.66224810 -0.49186708 -0.33463435 0.004949 1789457214.197074175 41.007 149.794 0.024 0.00000 -1 ACTUAL_TF
8.9247 0.0442853 -1.7015402 0.6684988 -0.45553030 0.66225329 -0.49186741 -0.33463290 0.005052 1789457214.253098726 41.303 149.498 0.022 0.00000 -1 ACTUAL_TF
8.9826 0.0442922 -1.7012968 0.6685010 -0.45553177 0.66225338 -0.49186995 -0.33462699 0.004841 1789457214.309094906 41.547 149.254 0.028 0.00000 -1 ACTUAL_TF
9.0403 0.0442786 -1.7009909 0.6685043 -0.45553687 0.66225272 -0.49186482 -0.33462889 0.005034 1789457214.364938736 41.853 148.948 0.027 0.00000 -1 ACTUAL_TF
9.0997 0.0442512 -1.7006649 0.6685094 -0.45553265 0.66225633 -0.49186111 -0.33463295 0.005269 1789457214.421160221 42.179 148.622 0.027 0.00000 -1 ACTUAL_TF
9.1580 0.0442556 -1.7004048 0.6685066 -0.45553996 0.66226016 -0.49185591 -0.33462305 0.005084 1789457214.477101326 42.439 148.362 0.032 0.00000 -1 ACTUAL_TF
9.2063 0.0442398 -1.7001058 0.6685098 -0.45554384 0.66225775 -0.49185236 -0.33462776 0.005164 1789457214.533077717 42.739 148.062 0.035 0.00000 -1 ACTUAL_TF
9.2665 0.0442294 -1.6998608 0.6685172 -0.45553754 0.66225879 -0.49185368 -0.33463234 0.004923 1789457214.589350224 42.984 147.817 0.033 0.00000 -1 ACTUAL_TF
9.3201 0.0442134 -1.6995456 0.6685164 -0.45554321 0.66226165 -0.49184555 -0.33463092 0.005141 1789457214.645188808 43.299 147.502 0.041 0.00000 -1 ACTUAL_TF
9.3876 0.0442272 -1.6993024 0.6685284 -0.45554342 0.66225416 -0.49185532 -0.33463108 0.004906 1789457214.701166153 43.542 147.259 0.029 0.00000 -1 ACTUAL_TF
9.4358 0.0442148 -1.6989848 0.6685403 -0.45554601 0.66224768 -0.49185846 -0.33463578 0.005141 1789457214.757075787 43.860 146.941 0.022 0.00000 -1 ACTUAL_TF
9.4848 0.0442051 -1.6986879 0.6685589 -0.45553402 0.66224217 -0.49187207 -0.33464299 0.005191 1789457214.813142538 44.157 146.644 0.010 0.00000 -1 ACTUAL_TF
9.5477 0.0441953 -1.6984181 0.6685541 -0.45554639 0.66224486 -0.49185984 -0.33463880 0.005083 1789457214.869042873 44.427 146.374 0.019 0.00000 -1 ACTUAL_TF
9.5968 0.0441881 -1.6981265 0.6685698 -0.45554008 0.66223837 -0.49187145 -0.33464317 0.005121 1789457214.925115108 44.719 146.082 0.010 0.00000 -1 ACTUAL_TF
9.6578 0.0441764 -1.6978919 0.6685913 -0.45552791 0.66223393 -0.49188250 -0.33465229 0.004845 1789457214.981248140 44.954 145.847 0.017 0.00000 -1 ACTUAL_TF
9.7154 0.0441872 -1.6975896 0.6686025 -0.45552358 0.66223298 -0.49189217 -0.33464585 0.005015 1789457215.037201166 45.256 145.545 0.018 0.00000 -1 ACTUAL_TF
9.7689 0.0441719 -1.6973279 0.6685975 -0.45552436 0.66224096 -0.49188408 -0.33464090 0.004917 1789457215.093120098 45.518 145.283 0.008 0.00000 -1 ACTUAL_TF
9.8236 0.0441590 -1.6970220 0.6686060 -0.45551237 0.66224486 -0.49189116 -0.33463908 0.005083 1789457215.149092913 45.825 144.976 0.014 0.00000 -1 ACTUAL_TF
9.8813 0.0441518 -1.6967539 0.6685951 -0.45551944 0.66225402 -0.49187855 -0.33462986 0.004997 1789457215.205059052 46.092 144.709 0.009 0.00000 -1 ACTUAL_TF
9.9399 0.0441493 -1.6964507 0.6685960 -0.45551441 0.66226321 -0.49187720 -0.33462052 0.005123 1789457215.261030674 46.396 144.405 0.009 0.00000 -1 ACTUAL_TF
9.9908 0.0441547 -1.6961602 0.6685995 -0.45550829 0.66226805 -0.49188039 -0.33461458 0.005142 1789457215.317060947 46.686 144.115 0.014 0.00000 -1 ACTUAL_TF
10.0524 0.0441552 -1.6958893 0.6686026 -0.45550930 0.66226864 -0.49188151 -0.33461037 0.005046 1789457215.373254538 46.957 143.844 0.021 0.00000 -1 ACTUAL_TF
10.1012 0.0441456 -1.6955944 0.6686100 -0.45550554 0.66226870 -0.49188391 -0.33461185 0.005121 1789457215.428990364 47.252 143.549 0.018 0.00000 -1 ACTUAL_TF
10.1536 0.0441469 -1.6953415 0.6686142 -0.45550555 0.66226923 -0.49188567 -0.33460820 0.004939 1789457215.484999895 47.505 143.296 0.025 0.00000 -1 ACTUAL_TF
10.2176 0.0441359 -1.6950350 0.6686194 -0.45551040 0.66226564 -0.49188426 -0.33461077 0.005097 1789457215.541144609 47.811 142.990 0.022 0.00000 -1 ACTUAL_TF
10.2739 0.0441299 -1.6947570 0.6686112 -0.45552558 0.66226742 -0.49187098 -0.33460612 0.005058 1789457215.597153902 48.089 142.712 0.030 0.00000 -1 ACTUAL_TF
10.3250 0.0441350 -1.6944750 0.6686230 -0.45552483 0.66226175 -0.49187755 -0.33460870 0.005034 1789457215.653837204 48.371 142.430 0.037 0.00000 -1 ACTUAL_TF
10.3828 0.0441264 -1.6942024 0.6686226 -0.45553196 0.66225925 -0.49187345 -0.33460996 0.005005 1789457215.709088326 48.644 142.157 0.038 0.00000 -1 ACTUAL_TF
10.4430 0.0440964 -1.6939053 0.6686309 -0.45553012 0.66225771 -0.49187086 -0.33461934 0.005100 1789457215.765230656 48.942 141.859 0.018 0.00000 -1 ACTUAL_TF
10.4983 0.0440851 -1.6935836 0.6686356 -0.45553463 0.66225517 -0.49186852 -0.33462166 0.005289 1789457215.821419954 49.264 141.537 0.017 0.00000 -1 ACTUAL_TF
10.5608 0.0440779 -1.6933409 0.6686431 -0.45552786 0.66225782 -0.49187082 -0.33462224 0.004998 1789457215.877670288 49.507 141.294 0.014 0.00000 -1 ACTUAL_TF
10.6102 0.0440624 -1.6930304 0.6686474 -0.45552736 0.66225909 -0.49186842 -0.33462393 0.005166 1789457215.933593988 49.817 140.984 0.013 0.00000 -1 ACTUAL_TF
10.6650 0.0440796 -1.6927946 0.6686672 -0.45552898 0.66224512 -0.49188423 -0.33462614 0.004897 1789457215.989182472 50.053 140.748 0.022 0.00000 -1 ACTUAL_TF
10.7148 0.0440556 -1.6924807 0.6686844 -0.45552366 0.66223820 -0.49189041 -0.33463798 0.005119 1789457216.045099497 50.368 140.433 0.016 0.00000 -1 ACTUAL_TF
10.7746 0.0440509 -1.6922413 0.6686949 -0.45551185 0.66224154 -0.49189968 -0.33463383 0.004869 1789457216.101014137 50.607 140.194 0.023 0.00000 -1 ACTUAL_TF
10.8264 0.0440311 -1.6919221 0.6687022 -0.45552585 0.66223105 -0.49189348 -0.33464466 0.005117 1789457216.157173395 50.927 139.874 0.024 0.00000 -1 ACTUAL_TF
10.8906 0.0440315 -1.6916173 0.6687050 -0.45553021 0.66223071 -0.49189190 -0.33464170 0.005155 1789457216.215315580 51.232 139.569 0.022 0.00000 -1 ACTUAL_TF
10.9498 0.0440320 -1.6913766 0.6687083 -0.45552633 0.66223279 -0.49189449 -0.33463907 0.004951 1789457216.269113541 51.472 139.329 0.023 0.00000 -1 ACTUAL_TF
11.0010 0.0440096 -1.6910601 0.6686986 -0.45554095 0.66223742 -0.49187412 -0.33463996 0.005129 1789457216.326387644 51.789 139.012 0.006 0.00000 -1 ACTUAL_TF
11.0585 0.0439971 -1.6908004 0.6687014 -0.45553827 0.66224216 -0.49187037 -0.33463972 0.005015 1789457216.381104708 52.049 138.752 0.010 0.00000 -1 ACTUAL_TF
11.1145 0.0439862 -1.6905010 0.6686966 -0.45553633 0.66225321 -0.49186360 -0.33463046 0.005120 1789457216.436964750 52.348 138.453 0.013 0.00000 -1 ACTUAL_TF
11.1728 0.0439646 -1.6902566 0.6686992 -0.45553646 0.66225366 -0.49185806 -0.33463752 0.004897 1789457216.493021488 52.593 138.208 0.028 0.00000 -1 ACTUAL_TF
11.2265 0.0439543 -1.6899281 0.6686943 -0.45553924 0.66226172 -0.49185008 -0.33462952 0.005188 1789457216.549054146 52.922 137.879 0.034 0.00000 -1 ACTUAL_TF
11.2800 0.0439459 -1.6896907 0.6687014 -0.45553801 0.66225918 -0.49185077 -0.33463521 0.004904 1789457216.605080128 53.159 137.642 0.034 0.00000 -1 ACTUAL_TF
11.3338 0.0439402 -1.6893932 0.6687077 -0.45553466 0.66226144 -0.49185265 -0.33463251 0.005027 1789457216.661090612 53.457 137.344 0.032 0.00000 -1 ACTUAL_TF
11.3983 0.0439365 -1.6890834 0.6687083 -0.45553493 0.66226359 -0.49185184 -0.33462909 0.005177 1789457216.717127562 53.767 137.034 0.030 0.00000 -1 ACTUAL_TF
11.4475 0.0439141 -1.6888224 0.6687060 -0.45553896 0.66226618 -0.49184290 -0.33463163 0.005027 1789457216.773145437 54.028 136.773 0.047 0.00000 -1 ACTUAL_TF
11.4984 0.0439171 -1.6885190 0.6687114 -0.45554410 0.66226383 -0.49184450 -0.33462692 0.005147 1789457216.829055786 54.332 136.469 0.038 0.00000 -1 ACTUAL_TF
11.5588 0.0439205 -1.6882564 0.6687212 -0.45554475 0.66225766 -0.49185111 -0.33462852 0.005009 1789457216.885125637 54.594 136.207 0.027 0.00000 -1 ACTUAL_TF
11.6170 0.0439188 -1.6879489 0.6687270 -0.45554943 0.66225261 -0.49185221 -0.33463055 0.005151 1789457216.941219091 54.902 135.899 0.022 0.00000 -1 ACTUAL_TF
11.6756 0.0439148 -1.6877096 0.6687375 -0.45553844 0.66225379 -0.49185967 -0.33463221 0.004893 1789457216.997070551 55.141 135.660 0.015 0.00000 -1 ACTUAL_TF
11.7242 0.0439128 -1.6873907 0.6687376 -0.45554151 0.66225502 -0.49185663 -0.33463005 0.005132 1789457217.053126812 55.460 135.341 0.017 0.00000 -1 ACTUAL_TF
11.7852 0.0438881 -1.6871332 0.6687451 -0.45554217 0.66225147 -0.49185507 -0.33463849 0.004979 1789457217.109089136 55.718 135.083 0.026 0.00000 -1 ACTUAL_TF
11.8429 0.0438877 -1.6868377 0.6687582 -0.45553677 0.66224672 -0.49186489 -0.33464078 0.005070 1789457217.165080547 56.014 134.787 0.016 0.00000 -1 ACTUAL_TF
11.8959 0.0438863 -1.6865394 0.6687716 -0.45552911 0.66224335 -0.49187576 -0.33464192 0.005148 1789457217.221099138 56.312 134.489 0.010 0.00000 -1 ACTUAL_TF
11.9634 0.0438798 -1.6862672 0.6687686 -0.45553334 0.66224687 -0.49187068 -0.33463664 0.005056 1789457217.277367830 56.584 134.217 0.009 0.00000 -1 ACTUAL_TF
12.0118 0.0438831 -1.6859685 0.6687683 -0.45553446 0.66225010 -0.49186923 -0.33463087 0.005142 1789457217.333282471 56.883 133.918 0.009 0.00000 -1 ACTUAL_TF
12.0690 0.0438914 -1.6857278 0.6687758 -0.45552711 0.66225168 -0.49187689 -0.33462650 0.004892 1789457217.389175892 57.123 133.678 0.017 0.00000 -1 ACTUAL_TF
12.1152 0.0438978 -1.6854190 0.6687729 -0.45553040 0.66225308 -0.49187638 -0.33461999 0.005083 1789457217.445046663 57.432 133.369 0.034 0.00000 -1 ACTUAL_TF
12.1736 0.0438838 -1.6851482 0.6687688 -0.45553401 0.66225830 -0.49186954 -0.33461481 0.005009 1789457217.501137495 57.703 133.098 0.032 0.00000 -1 ACTUAL_TF
12.2352 0.0438874 -1.6848543 0.6687822 -0.45552103 0.66225881 -0.49188097 -0.33461466 0.005084 1789457217.557071447 57.996 132.805 0.038 0.00000 -1 ACTUAL_TF
12.2991 0.0438813 -1.6845923 0.6687793 -0.45552428 0.66226326 -0.49187551 -0.33460945 0.004964 1789457217.613049030 58.258 132.543 0.041 0.00000 -1 ACTUAL_TF
12.3501 0.0438713 -1.6842810 0.6687772 -0.45552683 0.66226778 -0.49186970 -0.33460558 0.005143 1789457217.669048548 58.570 132.231 0.044 0.00000 -1 ACTUAL_TF
12.4018 0.0438577 -1.6839850 0.6687870 -0.45551978 0.66226809 -0.49187267 -0.33461019 0.005182 1789457217.725271702 58.866 131.935 0.036 0.00000 -1 ACTUAL_TF
12.4609 0.0438692 -1.6837404 0.6687908 -0.45552199 0.66226711 -0.49187528 -0.33460529 0.004944 1789457217.781074762 59.110 131.691 0.051 0.00000 -1 ACTUAL_TF
12.5127 0.0438452 -1.6834317 0.6687877 -0.45552269 0.66227412 -0.49186585 -0.33460432 0.005115 1789457217.837234974 59.420 131.381 0.043 0.00000 -1 ACTUAL_TF
12.5649 0.0438359 -1.6831718 0.6687990 -0.45552111 0.66226935 -0.49186989 -0.33460999 0.004979 1789457217.893069744 59.680 131.121 0.036 0.00000 -1 ACTUAL_TF
