WELD FEEDBACK LOG
result=completed
started=2026-09-16 11:42:29
ended=2026-09-16 11:42:40
elapsed_seconds=10.707

================ OPERATOR OVERVIEW ================
REQUESTED : 190 A / 24.5 V · FE-SOLID 1.2 mm · LSM · CO2 100%
RX ECHO   : 100 A / 10.0 V · MATCH=NO
CURRENT FB: no positive feedback A
VOLTAGE FB: no positive feedback V
WIRE FEED : no positive feedback m/min
ARC ON    : 0.000 s
NET WELD  : 0.000 s
WIRE USED : 0.000 mm (base 0.000 + alpha 0.000)
WCR       : NOT DETECTED
SAMPLES   : RX 267 / welding 0 / TCP 192
===================================================

[commanded]
current_a=190
voltage_tenths=245
voltage=24.5
material=FE-SOLID
diameter_mm=1.2
mode=LSM
gas=CO2 100%
synergic=False
correction=0.0
hot_start_enabled=True
hot_start_percent=20.0
hot_start_hold_adjustment=-1
crater_enabled=False
crater_percent=31.57894736842105
crater_current_a=60.0
crater_voltage_v=25.0
crater_seconds=1.0
wire_consumable_alpha_mm=0.0
hot_start_current_a=228

[rx_setting_echo]
current_a=100
voltage_v=10.0
hot_start_current_a=0
hot_start_hold_adjustment=-15

[rx_welding_setting_echo]

[execution_conditions]
mode=sequence_execute
run_all=True
touch_io_backend=fastech_ethernet
touch_input_port=4
touch_sensing_output_port=0
fastech_ip=192.168.0.3
fastech_poll_target_hz=100.0
hicomm_source_ip=192.168.1.2
hicomm_welder_ip=192.168.1.10
hicomm_port=60000
gui_velocity_percent=36.95263157894737
gui_speed_mode=scale
gui_tcp_speed_mm_s=10.0
gui_interpolation_step_mm=5.0
seam_orientation_mode=Wait poses + fixed World-XYZ tilt
weld_fixed_tilt_x_deg=0.0
weld_fixed_tilt_y_deg=0.0
weld_fixed_tilt_z_deg=-0.0
weld_weave_enabled=True
weld_weave_pattern=capping
capping_width_mm=2.0
capping_pitch_mm=5.0
capping_left_dwell_s=0.2
capping_right_dwell_s=0.2
weld_weave_amplitude_mm=1.0
weld_weave_cycles=4
weld_weave_samples_per_cycle=8
weld_weave_axis=tool_x
weld_lead_in_mm=1.0
weld_lead_out_mm=7.0
weld_safe_approach_mm=31.0
weld_approach_mode=taught_wait
weld_pre_start_lead_mm=0.0
weld_tcp_speed_mm_s=5.000000000000001
weld_arc_off_delay_ms=500.0
tcp_tracking.parent_frame=World
tcp_tracking.child_frame=right_manipulator_ee_point
tcp_tracking.timestamp_source=TF_header_stamp
initial_fastech_di0=False
initial_fastech_do0=True
robot_connected.left=True
robot_connected.right=True
robot_connected.head=True
hicomm_connected=True
execution_allowed=True
steps[0].sequence_number=1
steps[0].type=named_pose
steps[0].parallel_slot=1
steps[0].duration=0.0
steps[0].planning_group=right_manipulator
steps[0].velocity_scale=0.3695263157894737
steps[0].tcp_speed_m_s=0.0
steps[0].pose_name=weld_start_wait
steps[0].pose_label=3 · Weld start wait pose
steps[0].touch_guard=False
steps[0].continue_after_touch=False
steps[0].weld_scenario_id=weld-9598135094791
steps[0].weld_scenario_stage=start_wait
steps[0].target_tcp.position_m.x=0.03646068728963492
steps[0].target_tcp.position_m.y=-1.6793469233273077
steps[0].target_tcp.position_m.z=0.674417019979207
steps[0].target_tcp.orientation_xyzw.x=-0.4089518530577377
steps[0].target_tcp.orientation_xyzw.y=0.6647824172284327
steps[0].target_tcp.orientation_xyzw.z=-0.5352696108757291
steps[0].target_tcp.orientation_xyzw.w=-0.32296929157043747
steps[0].joint_names[0]=right_manipulator_joint1
steps[0].joint_names[1]=right_manipulator_joint2
steps[0].joint_names[2]=right_manipulator_joint3
steps[0].joint_names[3]=right_manipulator_joint4
steps[0].joint_names[4]=right_manipulator_joint5
steps[0].joint_names[5]=right_manipulator_joint6
steps[0].joint_positions_rad[0]=5.1496113218195765
steps[0].joint_positions_rad[1]=1.3091994723966476
steps[0].joint_positions_rad[2]=1.881715989845849
steps[0].joint_positions_rad[3]=3.5661181082116182
steps[0].joint_positions_rad[4]=1.395569381815389
steps[0].joint_positions_rad[5]=1.5444073298694105
steps[1].sequence_number=2
steps[1].type=motion
steps[1].parallel_slot=2
steps[1].duration=0.0
steps[1].planning_group=right_manipulator
steps[1].velocity_scale=0.3695263157894737
steps[1].tcp_speed_m_s=0.0
steps[1].interpolation_step=0.005
steps[1].path_kind=taught_wait_align_weld_attitude
steps[1].touch_guard=False
steps[1].continue_after_touch=False
steps[1].accept_initial_touch=False
steps[1].weld_scenario_id=weld-9598135094791
steps[1].weld_scenario_stage=start_safe
steps[1].waypoint_count=1
steps[1].waypoints[0].position_m.x=0.03646068728963492
steps[1].waypoints[0].position_m.y=-1.6793469233273077
steps[1].waypoints[0].position_m.z=0.674417019979207
steps[1].waypoints[0].orientation_xyzw.x=-0.41852144609875075
steps[1].waypoints[0].orientation_xyzw.y=0.6587997264198323
steps[1].waypoints[0].orientation_xyzw.z=-0.5398835902939494
steps[1].waypoints[0].orientation_xyzw.w=-0.31519585745355166
steps[2].sequence_number=3
steps[2].type=motion
steps[2].parallel_slot=3
steps[2].duration=0.0
steps[2].planning_group=right_manipulator
steps[2].velocity_scale=0.3695263157894737
steps[2].tcp_speed_m_s=0.0
steps[2].interpolation_step=0.005
steps[2].path_kind=taught_wait_to_weld_start
steps[2].touch_guard=False
steps[2].continue_after_touch=True
steps[2].accept_initial_touch=False
steps[2].weld_scenario_id=weld-9598135094791
steps[2].weld_scenario_stage=start_contact
steps[2].waypoint_count=1
steps[2].waypoints[0].position_m.x=0.0358505798495611
steps[2].waypoints[0].position_m.y=-1.6838530006671222
steps[2].waypoints[0].position_m.z=0.6729772062023303
steps[2].waypoints[0].orientation_xyzw.x=-0.41852144609875075
steps[2].waypoints[0].orientation_xyzw.y=0.6587997264198323
steps[2].waypoints[0].orientation_xyzw.z=-0.5398835902939494
steps[2].waypoints[0].orientation_xyzw.w=-0.31519585745355166
steps[3].sequence_number=4
steps[3].type=digital_output
steps[3].parallel_slot=4
steps[3].duration=0.0
steps[3].port=0
steps[3].value=False
steps[3].weld_scenario_id=weld-9598135094791
steps[3].weld_scenario_stage=touch_output_off
steps[4].sequence_number=5
steps[4].type=digital_weld
steps[4].parallel_slot=5
steps[4].duration=0.0
steps[4].command=on
steps[4].weld_scenario_id=weld-9598135094791
steps[4].weld_scenario_stage=arc_on
steps[4].settings.current_a=190
steps[4].settings.voltage_tenths=245
steps[4].settings.voltage=24.5
steps[4].settings.material=FE-SOLID
steps[4].settings.diameter_mm=1.2
steps[4].settings.mode=LSM
steps[4].settings.gas=CO2 100%
steps[4].settings.synergic=False
steps[4].settings.correction=0.0
steps[4].settings.hot_start_enabled=True
steps[4].settings.hot_start_percent=20.0
steps[4].settings.hot_start_hold_adjustment=-1
steps[4].settings.crater_enabled=False
steps[4].settings.crater_percent=31.57894736842105
steps[4].settings.crater_current_a=60.0
steps[4].settings.crater_voltage_v=25.0
steps[4].settings.crater_seconds=1.0
steps[4].settings.wire_consumable_alpha_mm=0.0
steps[4].settings.hot_start_current_a=228
steps[5].sequence_number=6
steps[5].type=motion
steps[5].parallel_slot=5
steps[5].duration=0.0
steps[5].planning_group=right_manipulator
steps[5].velocity_scale=0.3695263157894737
steps[5].tcp_speed_m_s=0.00667994261103153
steps[5].interpolation_step=0.005
steps[5].path_kind=continuous_capping_weave_over_sensed_goal_fastech_di0_ignored
steps[5].touch_guard=False
steps[5].weld_scenario_id=weld-9598135094791
steps[5].weld_scenario_stage=weld_motion
steps[5].lead_in_mm=1.0
steps[5].lead_out_mm=7.0
steps[5].linear_motion_profile=False
steps[5].path_to_seam_speed_factor=0.7485094245784082
steps[5].waypoint_hold_s[0]=0.0
steps[5].waypoint_hold_s[1]=0.0
steps[5].waypoint_hold_s[2]=0.2
steps[5].waypoint_hold_s[3]=0.2
steps[5].waypoint_hold_s[4]=0.2
steps[5].waypoint_hold_s[5]=0.2
steps[5].waypoint_hold_s[6]=0.2
steps[5].waypoint_hold_s[7]=0.2
steps[5].waypoint_hold_s[8]=0.2
steps[5].waypoint_hold_s[9]=0.2
steps[5].waypoint_hold_s[10]=0.2
steps[5].waypoint_hold_s[11]=0.2
steps[5].waypoint_hold_s[12]=0.2
steps[5].waypoint_hold_s[13]=0.2
steps[5].waypoint_hold_s[14]=0.2
steps[5].waypoint_hold_s[15]=0.2
steps[5].waypoint_hold_s[16]=0.0
steps[5].waypoint_hold_s[17]=0.0
steps[5].capping_width_mm=2.0
steps[5].capping_pitch_mm=5.0
steps[5].capping_left_dwell_s=0.2
steps[5].capping_right_dwell_s=0.2
steps[5].waypoint_count=18
steps[5].waypoints[0].position_m.x=0.0358505798495611
steps[5].waypoints[0].position_m.y=-1.6838530006671222
steps[5].waypoints[0].position_m.z=0.6729772062023303
steps[5].waypoints[0].orientation_xyzw.x=-0.41852144609875075
steps[5].waypoints[0].orientation_xyzw.y=0.6587997264198323
steps[5].waypoints[0].orientation_xyzw.z=-0.5398835902939494
steps[5].waypoints[0].orientation_xyzw.w=-0.31519585745355166
steps[5].waypoints[1].position_m.x=0.036846960131656545
steps[5].waypoints[1].position_m.y=-1.6837683030431638
steps[5].waypoints[1].position_m.z=0.6729844619550278
steps[5].waypoints[1].orientation_xyzw.x=-0.41852144609875075
steps[5].waypoints[1].orientation_xyzw.y=0.6587997264198323
steps[5].waypoints[1].orientation_xyzw.z=-0.5398835902939494
steps[5].waypoints[1].orientation_xyzw.w=-0.31519585745355166
steps[5].waypoints[2].position_m.x=0.038026397680666985
steps[5].waypoints[2].position_m.y=-1.684377500000476
steps[5].waypoints[2].position_m.z=0.6736999408582296
steps[5].waypoints[2].orientation_xyzw.x=-0.41852144609875075
steps[5].waypoints[2].orientation_xyzw.y=0.6587997264198323
steps[5].waypoints[2].orientation_xyzw.z=-0.5398835902939494
steps[5].waypoints[2].orientation_xyzw.w=-0.31519585745355166
steps[5].waypoints[3].position_m.x=0.04016622786469642
steps[5].waypoints[3].position_m.y=-1.6827766922072094
steps[5].waypoints[3].position_m.z=0.6723017431270425
steps[5].waypoints[3].orientation_xyzw.x=-0.41852144609875075
steps[5].waypoints[3].orientation_xyzw.y=0.6587997264198323
steps[5].waypoints[3].orientation_xyzw.z=-0.5398835902939494
steps[5].waypoints[3].orientation_xyzw.w=-0.31519585745355166
steps[5].waypoints[4].position_m.x=0.04252510296271729
steps[5].waypoints[4].position_m.y=-1.6839950861218336
steps[5].waypoints[4].position_m.z=0.673732700933446
steps[5].waypoints[4].orientation_xyzw.x=-0.41852144609875075
steps[5].waypoints[4].orientation_xyzw.y=0.6587997264198323
steps[5].waypoints[4].orientation_xyzw.z=-0.5398835902939494
steps[5].waypoints[4].orientation_xyzw.w=-0.31519585745355166
steps[5].waypoints[5].position_m.x=0.04466493314674673
steps[5].waypoints[5].position_m.y=-1.6823942783285668
steps[5].waypoints[5].position_m.z=0.6723345032022588
steps[5].waypoints[5].orientation_xyzw.x=-0.41852144609875075
steps[5].waypoints[5].orientation_xyzw.y=0.6587997264198323
steps[5].waypoints[5].orientation_xyzw.z=-0.5398835902939494
steps[5].waypoints[5].orientation_xyzw.w=-0.31519585745355166
steps[5].waypoints[6].position_m.x=0.0470238082447676
steps[5].waypoints[6].position_m.y=-1.6836126722431912
steps[5].waypoints[6].position_m.z=0.6737654610086623
steps[5].waypoints[6].orientation_xyzw.x=-0.41852144609875075
steps[5].waypoints[6].orientation_xyzw.y=0.6587997264198323
steps[5].waypoints[6].orientation_xyzw.z=-0.5398835902939494
steps[5].waypoints[6].orientation_xyzw.w=-0.31519585745355166
steps[5].waypoints[7].position_m.x=0.049163638428797035
steps[5].waypoints[7].position_m.y=-1.6820118644499245
steps[5].waypoints[7].position_m.z=0.6723672632774752
steps[5].waypoints[7].orientation_xyzw.x=-0.41852144609875075
steps[5].waypoints[7].orientation_xyzw.y=0.6587997264198323
steps[5].waypoints[7].orientation_xyzw.z=-0.5398835902939494
steps[5].waypoints[7].orientation_xyzw.w=-0.31519585745355166
steps[5].waypoints[8].position_m.x=0.051522513526817915
steps[5].waypoints[8].position_m.y=-1.6832302583645486
steps[5].waypoints[8].position_m.z=0.6737982210838787
steps[5].waypoints[8].orientation_xyzw.x=-0.41852144609875075
steps[5].waypoints[8].orientation_xyzw.y=0.6587997264198323
steps[5].waypoints[8].orientation_xyzw.z=-0.5398835902939494
steps[5].waypoints[8].orientation_xyzw.w=-0.31519585745355166
steps[5].waypoints[9].position_m.x=0.05366234371084734
steps[5].waypoints[9].position_m.y=-1.681629450571282
steps[5].waypoints[9].position_m.z=0.6724000233526917
steps[5].waypoints[9].orientation_xyzw.x=-0.41852144609875075
steps[5].waypoints[9].orientation_xyzw.y=0.6587997264198323
steps[5].waypoints[9].orientation_xyzw.z=-0.5398835902939494
steps[5].waypoints[9].orientation_xyzw.w=-0.31519585745355166
steps[5].waypoints[10].position_m.x=0.05602121880886822
steps[5].waypoints[10].position_m.y=-1.6828478444859063
steps[5].waypoints[10].position_m.z=0.6738309811590951
steps[5].waypoints[10].orientation_xyzw.x=-0.41852144609875075
steps[5].waypoints[10].orientation_xyzw.y=0.6587997264198323
steps[5].waypoints[10].orientation_xyzw.z=-0.5398835902939494
steps[5].waypoints[10].orientation_xyzw.w=-0.31519585745355166
steps[5].waypoints[11].position_m.x=0.05816104899289766
steps[5].waypoints[11].position_m.y=-1.6812470366926395
steps[5].waypoints[11].position_m.z=0.672432783427908
steps[5].waypoints[11].orientation_xyzw.x=-0.41852144609875075
steps[5].waypoints[11].orientation_xyzw.y=0.6587997264198323
steps[5].waypoints[11].orientation_xyzw.z=-0.5398835902939494
steps[5].waypoints[11].orientation_xyzw.w=-0.31519585745355166
steps[5].waypoints[12].position_m.x=0.060519924090918525
steps[5].waypoints[12].position_m.y=-1.682465430607264
steps[5].waypoints[12].position_m.z=0.6738637412343115
steps[5].waypoints[12].orientation_xyzw.x=-0.41852144609875075
steps[5].waypoints[12].orientation_xyzw.y=0.6587997264198323
steps[5].waypoints[12].orientation_xyzw.z=-0.5398835902939494
steps[5].waypoints[12].orientation_xyzw.w=-0.31519585745355166
steps[5].waypoints[13].position_m.x=0.06265975427494797
steps[5].waypoints[13].position_m.y=-1.6808646228139972
steps[5].waypoints[13].position_m.z=0.6724655435031244
steps[5].waypoints[13].orientation_xyzw.x=-0.41852144609875075
steps[5].waypoints[13].orientation_xyzw.y=0.6587997264198323
steps[5].waypoints[13].orientation_xyzw.z=-0.5398835902939494
steps[5].waypoints[13].orientation_xyzw.w=-0.31519585745355166
steps[5].waypoints[14].position_m.x=0.06501862937296884
steps[5].waypoints[14].position_m.y=-1.6820830167286214
steps[5].waypoints[14].position_m.z=0.6738965013095278
steps[5].waypoints[14].orientation_xyzw.x=-0.41852144609875075
steps[5].waypoints[14].orientation_xyzw.y=0.6587997264198323
steps[5].waypoints[14].orientation_xyzw.z=-0.5398835902939494
steps[5].waypoints[14].orientation_xyzw.w=-0.31519585745355166
steps[5].waypoints[15].position_m.x=0.06715845955699827
steps[5].waypoints[15].position_m.y=-1.6804822089353548
steps[5].waypoints[15].position_m.z=0.6724983035783407
steps[5].waypoints[15].orientation_xyzw.x=-0.41852144609875075
steps[5].waypoints[15].orientation_xyzw.y=0.6587997264198323
steps[5].waypoints[15].orientation_xyzw.z=-0.5398835902939494
steps[5].waypoints[15].orientation_xyzw.w=-0.31519585745355166
steps[5].waypoints[16].position_m.x=0.06833789710600871
steps[5].waypoints[16].position_m.y=-1.681091405892667
steps[5].waypoints[16].position_m.z=0.6732137824815425
steps[5].waypoints[16].orientation_xyzw.x=-0.41852144609875075
steps[5].waypoints[16].orientation_xyzw.y=0.6587997264198323
steps[5].waypoints[16].orientation_xyzw.z=-0.5398835902939494
steps[5].waypoints[16].orientation_xyzw.w=-0.31519585745355166
steps[5].waypoints[17].position_m.x=0.07531255908067679
steps[5].waypoints[17].position_m.y=-1.6804985225249578
steps[5].waypoints[17].position_m.z=0.6732645727504252
steps[5].waypoints[17].orientation_xyzw.x=-0.41852144609875075
steps[5].waypoints[17].orientation_xyzw.y=0.6587997264198323
steps[5].waypoints[17].orientation_xyzw.z=-0.5398835902939494
steps[5].waypoints[17].orientation_xyzw.w=-0.31519585745355166
steps[5].lead_start.position_m.x=0.0358505798495611
steps[5].lead_start.position_m.y=-1.6838530006671222
steps[5].lead_start.position_m.z=0.6729772062023303
steps[5].lead_start.orientation_xyzw.x=-0.41852144609875075
steps[5].lead_start.orientation_xyzw.y=0.6587997264198323
steps[5].lead_start.orientation_xyzw.z=-0.5398835902939494
steps[5].lead_start.orientation_xyzw.w=-0.31519585745355166
steps[5].usable_seam_start.position_m.x=0.036846960131656545
steps[5].usable_seam_start.position_m.y=-1.6837683030431638
steps[5].usable_seam_start.position_m.z=0.6729844619550278
steps[5].usable_seam_start.orientation_xyzw.x=-0.41852144609875075
steps[5].usable_seam_start.orientation_xyzw.y=0.6587997264198323
steps[5].usable_seam_start.orientation_xyzw.z=-0.5398835902939494
steps[5].usable_seam_start.orientation_xyzw.w=-0.31519585745355166
steps[5].usable_seam_goal.position_m.x=0.06833789710600871
steps[5].usable_seam_goal.position_m.y=-1.681091405892667
steps[5].usable_seam_goal.position_m.z=0.6732137824815425
steps[5].usable_seam_goal.orientation_xyzw.x=-0.41852144609875075
steps[5].usable_seam_goal.orientation_xyzw.y=0.6587997264198323
steps[5].usable_seam_goal.orientation_xyzw.z=-0.5398835902939494
steps[5].usable_seam_goal.orientation_xyzw.w=-0.31519585745355166
steps[5].lead_end.position_m.x=0.07531255908067679
steps[5].lead_end.position_m.y=-1.6804985225249578
steps[5].lead_end.position_m.z=0.6732645727504252
steps[5].lead_end.orientation_xyzw.x=-0.41852144609875075
steps[5].lead_end.orientation_xyzw.y=0.6587997264198323
steps[5].lead_end.orientation_xyzw.z=-0.5398835902939494
steps[5].lead_end.orientation_xyzw.w=-0.31519585745355166
steps[6].sequence_number=7
steps[6].type=digital_weld
steps[6].parallel_slot=5
steps[6].duration=0.0
steps[6].velocity_scale=0.3695263157894737
steps[6].tcp_speed_m_s=0.00667994261103153
steps[6].command=off
steps[6].weld_scenario_id=weld-9598135094791
steps[6].weld_scenario_stage=arc_off
steps[6].path_to_seam_speed_factor=0.7485094245784082
steps[6].trigger_before_goal=True
steps[6].arc_off_delay_s=0.5
steps[6].settings.current_a=190
steps[6].settings.voltage_tenths=245
steps[6].settings.voltage=24.5
steps[6].settings.material=FE-SOLID
steps[6].settings.diameter_mm=1.2
steps[6].settings.mode=LSM
steps[6].settings.gas=CO2 100%
steps[6].settings.synergic=False
steps[6].settings.correction=0.0
steps[6].settings.hot_start_enabled=True
steps[6].settings.hot_start_percent=20.0
steps[6].settings.hot_start_hold_adjustment=-1
steps[6].settings.crater_enabled=False
steps[6].settings.crater_percent=31.57894736842105
steps[6].settings.crater_current_a=60.0
steps[6].settings.crater_voltage_v=25.0
steps[6].settings.crater_seconds=1.0
steps[6].settings.wire_consumable_alpha_mm=0.0
steps[6].settings.hot_start_current_a=228
steps[7].sequence_number=8
steps[7].type=motion
steps[7].parallel_slot=6
steps[7].duration=0.0
steps[7].planning_group=right_manipulator
steps[7].velocity_scale=0.3695263157894737
steps[7].tcp_speed_m_s=0.0
steps[7].interpolation_step=0.005
steps[7].path_kind=weld_end_to_taught_wait_fixed_attitude
steps[7].pose_name=weld_goal_wait
steps[7].pose_label=5 · Weld goal wait pose
steps[7].touch_guard=False
steps[7].continue_after_touch=False
steps[7].weld_scenario_id=weld-9598135094791
steps[7].weld_scenario_stage=goal_wait
steps[7].waypoint_count=1
steps[7].waypoints[0].position_m.x=0.06802650600792787
steps[7].waypoints[0].position_m.y=-1.6775811340754863
steps[7].waypoints[0].position_m.z=0.6749988857401974
steps[7].waypoints[0].orientation_xyzw.x=-0.41852144609875075
steps[7].waypoints[0].orientation_xyzw.y=0.6587997264198323
steps[7].waypoints[0].orientation_xyzw.z=-0.5398835902939494
steps[7].waypoints[0].orientation_xyzw.w=-0.31519585745355166
steps[8].sequence_number=9
steps[8].type=named_pose
steps[8].parallel_slot=7
steps[8].duration=0.0
steps[8].planning_group=right_manipulator
steps[8].velocity_scale=0.3695263157894737
steps[8].tcp_speed_m_s=0.0
steps[8].pose_name=weld_finish
steps[8].pose_label=7 · Weld end pose
steps[8].touch_guard=False
steps[8].continue_after_touch=False
steps[8].weld_scenario_id=weld-9598135094791
steps[8].weld_scenario_stage=finish
steps[8].target_tcp.position_m.x=0.06798797733801742
steps[8].target_tcp.position_m.y=-1.6434697522598045
steps[8].target_tcp.position_m.z=0.706858520636326
steps[8].target_tcp.orientation_xyzw.x=-0.40891577982432076
steps[8].target_tcp.orientation_xyzw.y=0.664770641451258
steps[8].target_tcp.orientation_xyzw.z=-0.535297108084459
steps[8].target_tcp.orientation_xyzw.w=-0.32299363051237706
steps[8].joint_names[0]=right_manipulator_joint1
steps[8].joint_names[1]=right_manipulator_joint2
steps[8].joint_names[2]=right_manipulator_joint3
steps[8].joint_names[3]=right_manipulator_joint4
steps[8].joint_names[4]=right_manipulator_joint5
steps[8].joint_names[5]=right_manipulator_joint6
steps[8].joint_positions_rad[0]=5.204952341903641
steps[8].joint_positions_rad[1]=1.2719282666248797
steps[8].joint_positions_rad[2]=1.9331498862946583
steps[8].joint_positions_rad[3]=3.619875612711522
steps[8].joint_positions_rad[4]=1.4070400161045238
steps[8].joint_positions_rad[5]=1.5535429045147637
steps[9].sequence_number=10
steps[9].type=digital_output
steps[9].parallel_slot=8
steps[9].duration=0.0
steps[9].port=0
steps[9].value=True
steps[9].weld_scenario_id=weld-9598135094791
steps[9].weld_scenario_stage=touch_output_on
hicomm_cyclic_period_ms=40.0
arc_wait_recognition=True
arc_wait_main_welding=True
arc_wait_established=True
arc_establishment_timeout_s=5.0

[summary]
rx_samples=267
welding_samples=0
wcr_seen=0
current_a.min=None
current_a.average=None
current_a.max=None
voltage_v.min=None
voltage_v.average=None
voltage_v.max=None
wire_feed_m_min.min=None
wire_feed_m_min.average=None
wire_feed_m_min.max=None

[production_metrics]
arc_started_elapsed_s=None
arc_completed_elapsed_s=None
arc_on_time_s=0.0
main_weld_arc_time_s=0.0
crater_arc_time_s=0.0
weld_motion_start_elapsed_s=0.01541985800031398
weld_motion_complete_elapsed_s=10.699259614000766
weld_motion_duration_s=10.683839756000452
net_weld_arc_time_s=0.0
wire_feed_average_m_min=0.0
wire_consumable_base_mm=0.0
wire_consumable_alpha_mm=0.0
wire_consumable_mm=0.0
wire_consumable_formula=integral(WFS*1000/60*dt)+alpha
weld_motion_start_unix_time=1789526549.5619092
weld_motion_start_wall_time=2026-09-16 11:42:29.561
weld_motion_complete_unix_time=1789526560.245749
weld_motion_complete_wall_time=2026-09-16 11:42:40.245

[arc_off_control]

[teaching_snapshot_yaml]
robot_start:
  planning_group: right_manipulator
  joint_state:
    names:
    - right_manipulator_joint1
    - right_manipulator_joint2
    - right_manipulator_joint3
    - right_manipulator_joint4
    - right_manipulator_joint5
    - right_manipulator_joint6
    positions_rad:
    - 5.272090632984539
    - 1.1319069796756747
    - 2.106417676818249
    - 3.6901007738119302
    - 1.4686233526256796
    - 1.4680081624138712
  tcp_pose_world:
    position_m:
      x: 0.0593687026100857
      y: -1.566580876666292
      z: 0.8404797210507349
    orientation_xyzw:
      x: -0.435964943840794
      y: 0.633785310019272
      z: -0.5278153609885844
      w: -0.36008567487496485
weld_wait:
  planning_group: right_manipulator
  joint_state:
    names:
    - right_manipulator_joint1
    - right_manipulator_joint2
    - right_manipulator_joint3
    - right_manipulator_joint4
    - right_manipulator_joint5
    - right_manipulator_joint6
    positions_rad:
    - 5.162270391745159
    - 1.2839001078311674
    - 1.9253509522004157
    - 3.57737608908771
    - 1.4121090769233806
    - 1.5529732543575958
  tcp_pose_world:
    position_m:
      x: 0.036424554825288225
      y: -1.6556979706260309
      z: 0.6969945192387215
    orientation_xyzw:
      x: -0.40887151131936966
      y: 0.664764445724758
      z: -0.5353485269301721
      w: -0.32297720298089877
weld_start_wait:
  planning_group: right_manipulator
  joint_state:
    names:
    - right_manipulator_joint1
    - right_manipulator_joint2
    - right_manipulator_joint3
    - right_manipulator_joint4
    - right_manipulator_joint5
    - right_manipulator_joint6
    positions_rad:
    - 5.1496113218195765
    - 1.3091994723966476
    - 1.881715989845849
    - 3.5661181082116182
    - 1.395569381815389
    - 1.5444073298694105
  tcp_pose_world:
    position_m:
      x: 0.03646068728963492
      y: -1.6793469233273077
      z: 0.674417019979207
    orientation_xyzw:
      x: -0.4089518530577377
      y: 0.6647824172284327
      z: -0.5352696108757291
      w: -0.32296929157043747
weld_start:
  planning_group: right_manipulator
  joint_state:
    names:
    - right_manipulator_joint1
    - right_manipulator_joint2
    - right_manipulator_joint3
    - right_manipulator_joint4
    - right_manipulator_joint5
    - right_manipulator_joint6
    positions_rad:
    - 5.1341647026493265
    - 1.310865814502241
    - 1.879984238603531
    - 3.522158280159584
    - 1.3963632356056974
    - 1.5423444270776763
  tcp_pose_world:
    position_m:
      x: 0.036846960131656545
      y: -1.6837683030431638
      z: 0.6729844619550278
    orientation_xyzw:
      x: -0.41852144609875075
      y: 0.6587997264198323
      z: -0.5398835902939494
      w: -0.31519585745355166
weld_goal_wait:
  planning_group: right_manipulator
  joint_state:
    names:
    - right_manipulator_joint1
    - right_manipulator_joint2
    - right_manipulator_joint3
    - right_manipulator_joint4
    - right_manipulator_joint5
    - right_manipulator_joint6
    positions_rad:
    - 5.185303006748819
    - 1.3080717568330535
    - 1.871380661129415
    - 3.602428711778195
    - 1.3846910345526877
    - 1.5410165931695214
  tcp_pose_world:
    position_m:
      x: 0.06802650600792787
      y: -1.6775811340754863
      z: 0.6749988857401974
    orientation_xyzw:
      x: -0.408866812683109
      y: 0.6647818136335141
      z: -0.5353433898332236
      w: -0.3229559175961395
weld_end:
  planning_group: right_manipulator
  joint_state:
    names:
    - right_manipulator_joint1
    - right_manipulator_joint2
    - right_manipulator_joint3
    - right_manipulator_joint4
    - right_manipulator_joint5
    - right_manipulator_joint6
    positions_rad:
    - 5.170473340474643
    - 1.3102216839793073
    - 1.8708068869341652
    - 3.5588722899126655
    - 1.3868347430548569
    - 1.5401431983576388
  tcp_pose_world:
    position_m:
      x: 0.06833789710600871
      y: -1.681091405892667
      z: 0.6732137824815425
    orientation_xyzw:
      x: -0.41843640588683406
      y: 0.6588003525196517
      z: -0.5399571681589531
      w: -0.31518141807894595
weld_finish:
  planning_group: right_manipulator
  joint_state:
    names:
    - right_manipulator_joint1
    - right_manipulator_joint2
    - right_manipulator_joint3
    - right_manipulator_joint4
    - right_manipulator_joint5
    - right_manipulator_joint6
    positions_rad:
    - 5.204952341903641
    - 1.2719282666248797
    - 1.9331498862946583
    - 3.619875612711522
    - 1.4070400161045238
    - 1.5535429045147637
  tcp_pose_world:
    position_m:
      x: 0.06798797733801742
      y: -1.6434697522598045
      z: 0.706858520636326
    orientation_xyzw:
      x: -0.40891577982432076
      y: 0.664770641451258
      z: -0.535297108084459
      w: -0.32299363051237706

[touch_snapshot_yaml]
start_floor:
  position_m:
    x: 0.036666277489902366
    y: -1.679452144621707
    z: 0.6729849063851219
  orientation_xyzw:
    x: -0.40880982338925526
    y: 0.6647528966715359
    z: -0.5354172966039532
    w: -0.3229650649289529
start_wall:
  position_m:
    x: 0.03680987889891646
    y: -1.6837708970485428
    z: 0.674533876253729
  orientation_xyzw:
    x: -0.40889664639747414
    y: 0.6647884516820801
    z: -0.5353062104822806
    w: -0.3229661098229072
goal_floor:
  position_m:
    x: 0.06797676116183893
    y: -1.677696588242839
    z: 0.6732125446624011
  orientation_xyzw:
    x: -0.40882601517153955
    y: 0.6647432107971298
    z: -0.5354142625203986
    w: -0.3229695349530981
goal_wall:
  position_m:
    x: 0.06809730881829645
    y: -1.6811112408434536
    z: 0.6749234226611633
  orientation_xyzw:
    x: -0.40889868671944346
    y: 0.6647746458307499
    z: -0.5353203632968513
    w: -0.32296848592307403

[samples]
elapsed_s raw0 state arc gas fwd wcr current_a voltage_v wire_feed_m_min set_current_a set_voltage_v error db collision
0.037 0x00 idle 0 0 0 0 0 0.0 0.0 100 10.0 0 0 0
0.078 0x00 idle 0 0 0 0 0 0.0 0.0 100 10.0 0 0 0
0.120 0x00 idle 0 0 0 0 0 0.0 0.0 100 10.0 0 0 0
0.159 0x00 idle 0 0 0 0 0 0.0 0.0 100 10.0 0 0 0
0.196 0x00 idle 0 0 0 0 0 0.0 0.0 100 10.0 0 0 0
0.238 0x00 idle 0 0 0 0 0 0.0 0.0 100 10.0 0 0 0
0.277 0x00 idle 0 0 0 0 0 0.0 0.0 100 10.0 0 0 0
0.321 0x00 idle 0 0 0 0 0 0.0 0.0 100 10.0 0 0 0
0.357 0x00 idle 0 0 0 0 0 0.0 0.0 100 10.0 0 0 0
0.398 0x00 idle 0 0 0 0 0 0.0 0.0 100 10.0 0 0 0
0.441 0x00 idle 0 0 0 0 0 0.0 0.0 100 10.0 0 0 0
0.480 0x00 idle 0 0 0 0 0 0.0 0.0 100 10.0 0 0 0
0.516 0x00 idle 0 0 0 0 0 0.0 0.0 100 10.0 0 0 0
0.555 0x00 idle 0 0 0 0 0 0.0 0.0 100 10.0 0 0 0
0.595 0x00 idle 0 0 0 0 0 0.0 0.0 100 10.0 0 0 0
0.636 0x00 idle 0 0 0 0 0 0.0 0.0 100 10.0 0 0 0
0.679 0x00 idle 0 0 0 0 0 0.0 0.0 100 10.0 0 0 0
0.722 0x00 idle 0 0 0 0 0 0.0 0.0 100 10.0 0 0 0
0.752 0x00 idle 0 0 0 0 0 0.0 0.0 100 10.0 0 0 0
0.793 0x00 idle 0 0 0 0 0 0.0 0.0 100 10.0 0 0 0
0.838 0x00 idle 0 0 0 0 0 0.0 0.0 100 10.0 0 0 0
0.879 0x00 idle 0 0 0 0 0 0.0 0.0 100 10.0 0 0 0
0.922 0x00 idle 0 0 0 0 0 0.0 0.0 100 10.0 0 0 0
0.954 0x00 idle 0 0 0 0 0 0.0 0.0 100 10.0 0 0 0
1.002 0x00 idle 0 0 0 0 0 0.0 0.0 100 10.0 0 0 0
1.035 0x00 idle 0 0 0 0 0 0.0 0.0 100 10.0 0 0 0
1.076 0x00 idle 0 0 0 0 0 0.0 0.0 100 10.0 0 0 0
1.114 0x00 idle 0 0 0 0 0 0.0 0.0 100 10.0 0 0 0
1.158 0x00 idle 0 0 0 0 0 0.0 0.0 100 10.0 0 0 0
1.193 0x00 idle 0 0 0 0 0 0.0 0.0 100 10.0 0 0 0
1.236 0x00 idle 0 0 0 0 0 0.0 0.0 100 10.0 0 0 0
1.273 0x00 idle 0 0 0 0 0 0.0 0.0 100 10.0 0 0 0
1.318 0x00 idle 0 0 0 0 0 0.0 0.0 100 10.0 0 0 0
1.356 0x00 idle 0 0 0 0 0 0.0 0.0 100 10.0 0 0 0
1.396 0x00 idle 0 0 0 0 0 0.0 0.0 100 10.0 0 0 0
1.436 0x00 idle 0 0 0 0 0 0.0 0.0 100 10.0 0 0 0
1.477 0x00 idle 0 0 0 0 0 0.0 0.0 100 10.0 0 0 0
1.518 0x00 idle 0 0 0 0 0 0.0 0.0 100 10.0 0 0 0
1.553 0x00 idle 0 0 0 0 0 0.0 0.0 100 10.0 0 0 0
1.597 0x00 idle 0 0 0 0 0 0.0 0.0 100 10.0 0 0 0
1.638 0x00 idle 0 0 0 0 0 0.0 0.0 100 10.0 0 0 0
1.676 0x00 idle 0 0 0 0 0 0.0 0.0 100 10.0 0 0 0
1.715 0x00 idle 0 0 0 0 0 0.0 0.0 100 10.0 0 0 0
1.760 0x00 idle 0 0 0 0 0 0.0 0.0 100 10.0 0 0 0
1.797 0x00 idle 0 0 0 0 0 0.0 0.0 100 10.0 0 0 0
1.854 0x00 idle 0 0 0 0 0 0.0 0.0 100 10.0 0 0 0
1.878 0x00 idle 0 0 0 0 0 0.0 0.0 100 10.0 0 0 0
1.918 0x00 idle 0 0 0 0 0 0.0 0.0 100 10.0 0 0 0
1.955 0x00 idle 0 0 0 0 0 0.0 0.0 100 10.0 0 0 0
1.996 0x00 idle 0 0 0 0 0 0.0 0.0 100 10.0 0 0 0
2.034 0x00 idle 0 0 0 0 0 0.0 0.0 100 10.0 0 0 0
2.077 0x00 idle 0 0 0 0 0 0.0 0.0 100 10.0 0 0 0
2.114 0x00 idle 0 0 0 0 0 0.0 0.0 100 10.0 0 0 0
2.156 0x00 idle 0 0 0 0 0 0.0 0.0 100 10.0 0 0 0
2.198 0x00 idle 0 0 0 0 0 0.0 0.0 100 10.0 0 0 0
2.238 0x00 idle 0 0 0 0 0 0.0 0.0 100 10.0 0 0 0
2.276 0x00 idle 0 0 0 0 0 0.0 0.0 100 10.0 0 0 0
2.317 0x00 idle 0 0 0 0 0 0.0 0.0 100 10.0 0 0 0
2.354 0x00 idle 0 0 0 0 0 0.0 0.0 100 10.0 0 0 0
2.406 0x00 idle 0 0 0 0 0 0.0 0.0 100 10.0 0 0 0
2.434 0x00 idle 0 0 0 0 0 0.0 0.0 100 10.0 0 0 0
2.474 0x00 idle 0 0 0 0 0 0.0 0.0 100 10.0 0 0 0
2.516 0x00 idle 0 0 0 0 0 0.0 0.0 100 10.0 0 0 0
2.560 0x00 idle 0 0 0 0 0 0.0 0.0 100 10.0 0 0 0
2.593 0x00 idle 0 0 0 0 0 0.0 0.0 100 10.0 0 0 0
2.639 0x00 idle 0 0 0 0 0 0.0 0.0 100 10.0 0 0 0
2.683 0x00 idle 0 0 0 0 0 0.0 0.0 100 10.0 0 0 0
2.717 0x00 idle 0 0 0 0 0 0.0 0.0 100 10.0 0 0 0
2.757 0x00 idle 0 0 0 0 0 0.0 0.0 100 10.0 0 0 0
2.793 0x00 idle 0 0 0 0 0 0.0 0.0 100 10.0 0 0 0
2.836 0x00 idle 0 0 0 0 0 0.0 0.0 100 10.0 0 0 0
2.876 0x00 idle 0 0 0 0 0 0.0 0.0 100 10.0 0 0 0
2.922 0x00 idle 0 0 0 0 0 0.0 0.0 100 10.0 0 0 0
2.957 0x00 idle 0 0 0 0 0 0.0 0.0 100 10.0 0 0 0
2.999 0x00 idle 0 0 0 0 0 0.0 0.0 100 10.0 0 0 0
3.035 0x00 idle 0 0 0 0 0 0.0 0.0 100 10.0 0 0 0
3.077 0x00 idle 0 0 0 0 0 0.0 0.0 100 10.0 0 0 0
3.117 0x00 idle 0 0 0 0 0 0.0 0.0 100 10.0 0 0 0
3.155 0x00 idle 0 0 0 0 0 0.0 0.0 100 10.0 0 0 0
3.197 0x00 idle 0 0 0 0 0 0.0 0.0 100 10.0 0 0 0
3.239 0x00 idle 0 0 0 0 0 0.0 0.0 100 10.0 0 0 0
3.274 0x00 idle 0 0 0 0 0 0.0 0.0 100 10.0 0 0 0
3.317 0x00 idle 0 0 0 0 0 0.0 0.0 100 10.0 0 0 0
3.354 0x00 idle 0 0 0 0 0 0.0 0.0 100 10.0 0 0 0
3.397 0x00 idle 0 0 0 0 0 0.0 0.0 100 10.0 0 0 0
3.433 0x00 idle 0 0 0 0 0 0.0 0.0 100 10.0 0 0 0
3.479 0x00 idle 0 0 0 0 0 0.0 0.0 100 10.0 0 0 0
3.517 0x00 idle 0 0 0 0 0 0.0 0.0 100 10.0 0 0 0
3.559 0x00 idle 0 0 0 0 0 0.0 0.0 100 10.0 0 0 0
3.593 0x00 idle 0 0 0 0 0 0.0 0.0 100 10.0 0 0 0
3.639 0x00 idle 0 0 0 0 0 0.0 0.0 100 10.0 0 0 0
3.677 0x00 idle 0 0 0 0 0 0.0 0.0 100 10.0 0 0 0
3.719 0x00 idle 0 0 0 0 0 0.0 0.0 100 10.0 0 0 0
3.756 0x00 idle 0 0 0 0 0 0.0 0.0 100 10.0 0 0 0
3.803 0x00 idle 0 0 0 0 0 0.0 0.0 100 10.0 0 0 0
3.838 0x00 idle 0 0 0 0 0 0.0 0.0 100 10.0 0 0 0
3.879 0x00 idle 0 0 0 0 0 0.0 0.0 100 10.0 0 0 0
3.920 0x00 idle 0 0 0 0 0 0.0 0.0 100 10.0 0 0 0
3.954 0x00 idle 0 0 0 0 0 0.0 0.0 100 10.0 0 0 0
3.993 0x00 idle 0 0 0 0 0 0.0 0.0 100 10.0 0 0 0
4.036 0x00 idle 0 0 0 0 0 0.0 0.0 100 10.0 0 0 0
4.080 0x00 idle 0 0 0 0 0 0.0 0.0 100 10.0 0 0 0
4.115 0x00 idle 0 0 0 0 0 0.0 0.0 100 10.0 0 0 0
4.159 0x00 idle 0 0 0 0 0 0.0 0.0 100 10.0 0 0 0
4.198 0x00 idle 0 0 0 0 0 0.0 0.0 100 10.0 0 0 0
4.233 0x00 idle 0 0 0 0 0 0.0 0.0 100 10.0 0 0 0
4.276 0x00 idle 0 0 0 0 0 0.0 0.0 100 10.0 0 0 0
4.315 0x00 idle 0 0 0 0 0 0.0 0.0 100 10.0 0 0 0
4.358 0x00 idle 0 0 0 0 0 0.0 0.0 100 10.0 0 0 0
4.394 0x00 idle 0 0 0 0 0 0.0 0.0 100 10.0 0 0 0
4.436 0x00 idle 0 0 0 0 0 0.0 0.0 100 10.0 0 0 0
4.476 0x00 idle 0 0 0 0 0 0.0 0.0 100 10.0 0 0 0
4.519 0x00 idle 0 0 0 0 0 0.0 0.0 100 10.0 0 0 0
4.556 0x00 idle 0 0 0 0 0 0.0 0.0 100 10.0 0 0 0
4.599 0x00 idle 0 0 0 0 0 0.0 0.0 100 10.0 0 0 0
4.645 0x00 idle 0 0 0 0 0 0.0 0.0 100 10.0 0 0 0
4.677 0x00 idle 0 0 0 0 0 0.0 0.0 100 10.0 0 0 0
4.714 0x00 idle 0 0 0 0 0 0.0 0.0 100 10.0 0 0 0
4.764 0x00 idle 0 0 0 0 0 0.0 0.0 100 10.0 0 0 0
4.795 0x00 idle 0 0 0 0 0 0.0 0.0 100 10.0 0 0 0
4.837 0x00 idle 0 0 0 0 0 0.0 0.0 100 10.0 0 0 0
4.875 0x00 idle 0 0 0 0 0 0.0 0.0 100 10.0 0 0 0
4.919 0x00 idle 0 0 0 0 0 0.0 0.0 100 10.0 0 0 0
4.959 0x00 idle 0 0 0 0 0 0.0 0.0 100 10.0 0 0 0
4.992 0x00 idle 0 0 0 0 0 0.0 0.0 100 10.0 0 0 0
5.036 0x00 idle 0 0 0 0 0 0.0 0.0 100 10.0 0 0 0
5.076 0x00 idle 0 0 0 0 0 0.0 0.0 100 10.0 0 0 0
5.117 0x00 idle 0 0 0 0 0 0.0 0.0 100 10.0 0 0 0
5.156 0x00 idle 0 0 0 0 0 0.0 0.0 100 10.0 0 0 0
5.200 0x00 idle 0 0 0 0 0 0.0 0.0 100 10.0 0 0 0
5.234 0x00 idle 0 0 0 0 0 0.0 0.0 100 10.0 0 0 0
5.278 0x00 idle 0 0 0 0 0 0.0 0.0 100 10.0 0 0 0
5.317 0x00 idle 0 0 0 0 0 0.0 0.0 100 10.0 0 0 0
5.358 0x00 idle 0 0 0 0 0 0.0 0.0 100 10.0 0 0 0
5.398 0x00 idle 0 0 0 0 0 0.0 0.0 100 10.0 0 0 0
5.439 0x00 idle 0 0 0 0 0 0.0 0.0 100 10.0 0 0 0
5.479 0x00 idle 0 0 0 0 0 0.0 0.0 100 10.0 0 0 0
5.516 0x00 idle 0 0 0 0 0 0.0 0.0 100 10.0 0 0 0
5.557 0x00 idle 0 0 0 0 0 0.0 0.0 100 10.0 0 0 0
5.598 0x00 idle 0 0 0 0 0 0.0 0.0 100 10.0 0 0 0
5.638 0x00 idle 0 0 0 0 0 0.0 0.0 100 10.0 0 0 0
5.678 0x00 idle 0 0 0 0 0 0.0 0.0 100 10.0 0 0 0
5.717 0x00 idle 0 0 0 0 0 0.0 0.0 100 10.0 0 0 0
5.759 0x00 idle 0 0 0 0 0 0.0 0.0 100 10.0 0 0 0
5.796 0x00 idle 0 0 0 0 0 0.0 0.0 100 10.0 0 0 0
5.834 0x00 idle 0 0 0 0 0 0.0 0.0 100 10.0 0 0 0
5.877 0x00 idle 0 0 0 0 0 0.0 0.0 100 10.0 0 0 0
5.914 0x00 idle 0 0 0 0 0 0.0 0.0 100 10.0 0 0 0
5.955 0x00 idle 0 0 0 0 0 0.0 0.0 100 10.0 0 0 0
5.997 0x00 idle 0 0 0 0 0 0.0 0.0 100 10.0 0 0 0
6.038 0x00 idle 0 0 0 0 0 0.0 0.0 100 10.0 0 0 0
6.077 0x00 idle 0 0 0 0 0 0.0 0.0 100 10.0 0 0 0
6.120 0x00 idle 0 0 0 0 0 0.0 0.0 100 10.0 0 0 0
6.156 0x00 idle 0 0 0 0 0 0.0 0.0 100 10.0 0 0 0
6.201 0x00 idle 0 0 0 0 0 0.0 0.0 100 10.0 0 0 0
6.238 0x00 idle 0 0 0 0 0 0.0 0.0 100 10.0 0 0 0
6.278 0x00 idle 0 0 0 0 0 0.0 0.0 100 10.0 0 0 0
6.321 0x00 idle 0 0 0 0 0 0.0 0.0 100 10.0 0 0 0
6.358 0x00 idle 0 0 0 0 0 0.0 0.0 100 10.0 0 0 0
6.397 0x00 idle 0 0 0 0 0 0.0 0.0 100 10.0 0 0 0
6.433 0x00 idle 0 0 0 0 0 0.0 0.0 100 10.0 0 0 0
6.475 0x00 idle 0 0 0 0 0 0.0 0.0 100 10.0 0 0 0
6.516 0x00 idle 0 0 0 0 0 0.0 0.0 100 10.0 0 0 0
6.553 0x00 idle 0 0 0 0 0 0.0 0.0 100 10.0 0 0 0
6.596 0x00 idle 0 0 0 0 0 0.0 0.0 100 10.0 0 0 0
6.633 0x00 idle 0 0 0 0 0 0.0 0.0 100 10.0 0 0 0
6.676 0x00 idle 0 0 0 0 0 0.0 0.0 100 10.0 0 0 0
6.717 0x00 idle 0 0 0 0 0 0.0 0.0 100 10.0 0 0 0
6.758 0x00 idle 0 0 0 0 0 0.0 0.0 100 10.0 0 0 0
6.800 0x00 idle 0 0 0 0 0 0.0 0.0 100 10.0 0 0 0
6.837 0x00 idle 0 0 0 0 0 0.0 0.0 100 10.0 0 0 0
6.880 0x00 idle 0 0 0 0 0 0.0 0.0 100 10.0 0 0 0
6.917 0x00 idle 0 0 0 0 0 0.0 0.0 100 10.0 0 0 0
6.960 0x00 idle 0 0 0 0 0 0.0 0.0 100 10.0 0 0 0
6.994 0x00 idle 0 0 0 0 0 0.0 0.0 100 10.0 0 0 0
7.048 0x00 idle 0 0 0 0 0 0.0 0.0 100 10.0 0 0 0
7.077 0x00 idle 0 0 0 0 0 0.0 0.0 100 10.0 0 0 0
7.121 0x00 idle 0 0 0 0 0 0.0 0.0 100 10.0 0 0 0
7.162 0x00 idle 0 0 0 0 0 0.0 0.0 100 10.0 0 0 0
7.202 0x00 idle 0 0 0 0 0 0.0 0.0 100 10.0 0 0 0
7.237 0x00 idle 0 0 0 0 0 0.0 0.0 100 10.0 0 0 0
7.281 0x00 idle 0 0 0 0 0 0.0 0.0 100 10.0 0 0 0
7.315 0x00 idle 0 0 0 0 0 0.0 0.0 100 10.0 0 0 0
7.360 0x00 idle 0 0 0 0 0 0.0 0.0 100 10.0 0 0 0
7.397 0x00 idle 0 0 0 0 0 0.0 0.0 100 10.0 0 0 0
7.440 0x00 idle 0 0 0 0 0 0.0 0.0 100 10.0 0 0 0
7.477 0x00 idle 0 0 0 0 0 0.0 0.0 100 10.0 0 0 0
7.518 0x00 idle 0 0 0 0 0 0.0 0.0 100 10.0 0 0 0
7.556 0x00 idle 0 0 0 0 0 0.0 0.0 100 10.0 0 0 0
7.599 0x00 idle 0 0 0 0 0 0.0 0.0 100 10.0 0 0 0
7.638 0x00 idle 0 0 0 0 0 0.0 0.0 100 10.0 0 0 0
7.680 0x00 idle 0 0 0 0 0 0.0 0.0 100 10.0 0 0 0
7.718 0x00 idle 0 0 0 0 0 0.0 0.0 100 10.0 0 0 0
7.758 0x00 idle 0 0 0 0 0 0.0 0.0 100 10.0 0 0 0
7.803 0x00 idle 0 0 0 0 0 0.0 0.0 100 10.0 0 0 0
7.838 0x00 idle 0 0 0 0 0 0.0 0.0 100 10.0 0 0 0
7.877 0x00 idle 0 0 0 0 0 0.0 0.0 100 10.0 0 0 0
7.918 0x00 idle 0 0 0 0 0 0.0 0.0 100 10.0 0 0 0
7.959 0x00 idle 0 0 0 0 0 0.0 0.0 100 10.0 0 0 0
7.996 0x00 idle 0 0 0 0 0 0.0 0.0 100 10.0 0 0 0
8.035 0x00 idle 0 0 0 0 0 0.0 0.0 100 10.0 0 0 0
8.079 0x00 idle 0 0 0 0 0 0.0 0.0 100 10.0 0 0 0
8.112 0x00 idle 0 0 0 0 0 0.0 0.0 100 10.0 0 0 0
8.155 0x00 idle 0 0 0 0 0 0.0 0.0 100 10.0 0 0 0
8.197 0x00 idle 0 0 0 0 0 0.0 0.0 100 10.0 0 0 0
8.239 0x00 idle 0 0 0 0 0 0.0 0.0 100 10.0 0 0 0
8.281 0x00 idle 0 0 0 0 0 0.0 0.0 100 10.0 0 0 0
8.317 0x00 idle 0 0 0 0 0 0.0 0.0 100 10.0 0 0 0
8.357 0x00 idle 0 0 0 0 0 0.0 0.0 100 10.0 0 0 0
8.395 0x00 idle 0 0 0 0 0 0.0 0.0 100 10.0 0 0 0
8.440 0x00 idle 0 0 0 0 0 0.0 0.0 100 10.0 0 0 0
8.477 0x00 idle 0 0 0 0 0 0.0 0.0 100 10.0 0 0 0
8.517 0x00 idle 0 0 0 0 0 0.0 0.0 100 10.0 0 0 0
8.556 0x00 idle 0 0 0 0 0 0.0 0.0 100 10.0 0 0 0
8.598 0x00 idle 0 0 0 0 0 0.0 0.0 100 10.0 0 0 0
8.638 0x00 idle 0 0 0 0 0 0.0 0.0 100 10.0 0 0 0
8.675 0x00 idle 0 0 0 0 0 0.0 0.0 100 10.0 0 0 0
8.716 0x00 idle 0 0 0 0 0 0.0 0.0 100 10.0 0 0 0
8.755 0x00 idle 0 0 0 0 0 0.0 0.0 100 10.0 0 0 0
8.798 0x00 idle 0 0 0 0 0 0.0 0.0 100 10.0 0 0 0
8.838 0x00 idle 0 0 0 0 0 0.0 0.0 100 10.0 0 0 0
8.874 0x00 idle 0 0 0 0 0 0.0 0.0 100 10.0 0 0 0
8.919 0x00 idle 0 0 0 0 0 0.0 0.0 100 10.0 0 0 0
8.952 0x00 idle 0 0 0 0 0 0.0 0.0 100 10.0 0 0 0
8.997 0x00 idle 0 0 0 0 0 0.0 0.0 100 10.0 0 0 0
9.034 0x00 idle 0 0 0 0 0 0.0 0.0 100 10.0 0 0 0
9.078 0x00 idle 0 0 0 0 0 0.0 0.0 100 10.0 0 0 0
9.120 0x00 idle 0 0 0 0 0 0.0 0.0 100 10.0 0 0 0
9.158 0x00 idle 0 0 0 0 0 0.0 0.0 100 10.0 0 0 0
9.197 0x00 idle 0 0 0 0 0 0.0 0.0 100 10.0 0 0 0
9.237 0x00 idle 0 0 0 0 0 0.0 0.0 100 10.0 0 0 0
9.275 0x00 idle 0 0 0 0 0 0.0 0.0 100 10.0 0 0 0
9.319 0x00 idle 0 0 0 0 0 0.0 0.0 100 10.0 0 0 0
9.359 0x00 idle 0 0 0 0 0 0.0 0.0 100 10.0 0 0 0
9.399 0x00 idle 0 0 0 0 0 0.0 0.0 100 10.0 0 0 0
9.434 0x00 idle 0 0 0 0 0 0.0 0.0 100 10.0 0 0 0
9.478 0x00 idle 0 0 0 0 0 0.0 0.0 100 10.0 0 0 0
9.514 0x00 idle 0 0 0 0 0 0.0 0.0 100 10.0 0 0 0
9.556 0x00 idle 0 0 0 0 0 0.0 0.0 100 10.0 0 0 0
9.594 0x00 idle 0 0 0 0 0 0.0 0.0 100 10.0 0 0 0
9.634 0x00 idle 0 0 0 0 0 0.0 0.0 100 10.0 0 0 0
9.679 0x00 idle 0 0 0 0 0 0.0 0.0 100 10.0 0 0 0
9.720 0x00 idle 0 0 0 0 0 0.0 0.0 100 10.0 0 0 0
9.754 0x00 idle 0 0 0 0 0 0.0 0.0 100 10.0 0 0 0
9.794 0x00 idle 0 0 0 0 0 0.0 0.0 100 10.0 0 0 0
9.839 0x00 idle 0 0 0 0 0 0.0 0.0 100 10.0 0 0 0
9.874 0x00 idle 0 0 0 0 0 0.0 0.0 100 10.0 0 0 0
9.921 0x00 idle 0 0 0 0 0 0.0 0.0 100 10.0 0 0 0
9.962 0x00 idle 0 0 0 0 0 0.0 0.0 100 10.0 0 0 0
10.000 0x00 idle 0 0 0 0 0 0.0 0.0 100 10.0 0 0 0
10.035 0x00 idle 0 0 0 0 0 0.0 0.0 100 10.0 0 0 0
10.077 0x00 idle 0 0 0 0 0 0.0 0.0 100 10.0 0 0 0
10.119 0x00 idle 0 0 0 0 0 0.0 0.0 100 10.0 0 0 0
10.155 0x00 idle 0 0 0 0 0 0.0 0.0 100 10.0 0 0 0
10.194 0x00 idle 0 0 0 0 0 0.0 0.0 100 10.0 0 0 0
10.239 0x00 idle 0 0 0 0 0 0.0 0.0 100 10.0 0 0 0
10.278 0x00 idle 0 0 0 0 0 0.0 0.0 100 10.0 0 0 0
10.315 0x00 idle 0 0 0 0 0 0.0 0.0 100 10.0 0 0 0
10.355 0x00 idle 0 0 0 0 0 0.0 0.0 100 10.0 0 0 0
10.402 0x00 idle 0 0 0 0 0 0.0 0.0 100 10.0 0 0 0
10.438 0x00 idle 0 0 0 0 0 0.0 0.0 100 10.0 0 0 0
10.480 0x00 idle 0 0 0 0 0 0.0 0.0 100 10.0 0 0 0
10.515 0x00 idle 0 0 0 0 0 0.0 0.0 100 10.0 0 0 0
10.556 0x00 idle 0 0 0 0 0 0.0 0.0 100 10.0 0 0 0
10.598 0x00 idle 0 0 0 0 0 0.0 0.0 100 10.0 0 0 0
10.637 0x00 idle 0 0 0 0 0 0.0 0.0 100 10.0 0 0 0
10.683 0x00 idle 0 0 0 0 0 0.0 0.0 100 10.0 0 0 0

[tcp_trajectory]
elapsed_s x_m y_m z_m qx qy qz qw speed_m_s tf_stamp_s along_mm remaining_mm cross_track_mm progress waypoint phase
0.0013 0.0359228 -1.6834354 0.6732224 -0.41847056 0.65875623 -0.53994279 -0.31525293 0.000000 1789526549.530432940 -0.891 32.496 0.477 0.00000 -1 ACTUAL_TF
0.0475 0.0358852 -1.6836054 0.6731758 -0.41847220 0.65875313 -0.53994692 -0.31525016 0.003220 1789526549.586421013 -0.943 32.548 0.314 0.00000 -1 ACTUAL_TF
0.1065 0.0358734 -1.6837264 0.6731374 -0.41848125 0.65874543 -0.53995132 -0.31524668 0.002936 1789526549.642479181 -0.965 32.571 0.202 0.00000 -1 ACTUAL_TF
0.1669 0.0358537 -1.6838004 0.6731108 -0.41848383 0.65874740 -0.53994794 -0.31524493 0.002490 1789526549.698445320 -0.991 32.597 0.143 0.00000 -1 ACTUAL_TF
0.2146 0.0358492 -1.6838311 0.6731003 -0.41848884 0.65874664 -0.53994562 -0.31524385 0.001916 1789526549.755084991 -0.999 32.604 0.125 0.00000 -1 ACTUAL_TF
0.2749 0.0358437 -1.6838537 0.6730888 -0.41849299 0.65874756 -0.53994181 -0.31524295 0.001482 1789526549.810479164 -1.006 32.611 0.112 0.00000 -1 ACTUAL_TF
0.3258 0.0358394 -1.6838658 0.6730831 -0.41849354 0.65874898 -0.53994040 -0.31524168 0.001113 1789526549.866399050 -1.011 32.617 0.107 0.00000 -1 ACTUAL_TF
0.3856 0.0358050 -1.6838196 0.6730678 -0.41849662 0.65876245 -0.53991736 -0.31524888 0.001098 1789526549.922428131 -1.042 32.647 0.098 0.00000 -1 ACTUAL_TF
0.4444 0.0357488 -1.6837406 0.6730423 -0.41849557 0.65878874 -0.53987774 -0.31526319 0.001304 1789526549.978532791 -1.091 32.697 0.137 0.00000 -1 ACTUAL_TF
0.5017 0.0357991 -1.6836745 0.6730321 -0.41848587 0.65880536 -0.53985449 -0.31528117 0.001362 1789526550.034445524 -1.036 32.641 0.190 0.00000 -1 ACTUAL_TF
0.5571 0.0359837 -1.6836447 0.6730410 -0.41847772 0.65880127 -0.53985895 -0.31529288 0.001957 1789526550.090407848 -0.849 32.455 0.206 0.00000 -1 ACTUAL_TF
0.6137 0.0363408 -1.6836516 0.6729928 -0.41852143 0.65882650 -0.53980551 -0.31527363 0.003300 1789526550.146426916 -0.494 32.100 0.160 0.00000 -1 ACTUAL_TF
0.6736 0.0367722 -1.6837444 0.6730205 -0.41855529 0.65884878 -0.53976609 -0.31524962 0.004680 1789526550.202400208 -0.072 31.678 0.047 0.00000 -1 ACTUAL_TF
0.7219 0.0370333 -1.6838421 0.6730502 -0.41855785 0.65888299 -0.53972824 -0.31523953 0.004778 1789526550.258387566 0.180 31.425 0.110 0.00000 -1 ACTUAL_TF
0.7816 0.0372730 -1.6839198 0.6730952 -0.41857307 0.65889440 -0.53970750 -0.31523098 0.004717 1789526550.314366579 0.413 31.193 0.216 0.00000 -1 ACTUAL_TF
0.8374 0.0374333 -1.6839680 0.6731275 -0.41858417 0.65889707 -0.53970488 -0.31521514 0.004211 1789526550.370558977 0.568 31.037 0.285 0.00000 -1 ACTUAL_TF
0.8870 0.0375398 -1.6840011 0.6731541 -0.41859155 0.65889988 -0.53970004 -0.31520776 0.003563 1789526550.426548243 0.672 30.933 0.334 0.00000 -1 ACTUAL_TF
0.9491 0.0375957 -1.6840202 0.6731720 -0.41859563 0.65889969 -0.53969854 -0.31520529 0.002825 1789526550.482445240 0.726 30.879 0.363 0.00000 -1 ACTUAL_TF
0.9981 0.0376580 -1.6840391 0.6731982 -0.41859550 0.65889501 -0.53970507 -0.31520408 0.002354 1789526550.538368225 0.787 30.819 0.397 0.00000 -1 ACTUAL_TF
1.0586 0.0377294 -1.6840325 0.6732071 -0.41858738 0.65889439 -0.53970844 -0.31521038 0.002034 1789526550.594426870 0.858 30.747 0.401 0.00000 -1 ACTUAL_TF
1.1176 0.0379554 -1.6839903 0.6732195 -0.41858582 0.65888321 -0.53972132 -0.31521378 0.002657 1789526550.650459051 1.087 30.518 0.388 0.00000 -1 ACTUAL_TF
1.1728 0.0383535 -1.6839202 0.6732459 -0.41858716 0.65885409 -0.53975363 -0.31521753 0.004033 1789526550.706384420 1.490 30.115 0.375 0.00000 -1 ACTUAL_TF
1.2310 0.0387671 -1.6837873 0.6731916 -0.41860855 0.65880682 -0.53979019 -0.31522533 0.005167 1789526550.762413263 1.913 29.692 0.265 0.00000 -1 ACTUAL_TF
1.2791 0.0391559 -1.6835540 0.6730218 -0.41860996 0.65877594 -0.53980168 -0.31526832 0.006212 1789526550.818389416 2.319 29.286 0.027 0.00000 -1 ACTUAL_TF
1.3356 0.0394891 -1.6833408 0.6728475 -0.41863752 0.65874966 -0.53981280 -0.31526758 0.006663 1789526550.874417782 2.668 28.938 0.256 0.00000 -1 ACTUAL_TF
1.3971 0.0397543 -1.6831542 0.6726900 -0.41861603 0.65875073 -0.53983227 -0.31526054 0.006590 1789526550.930575371 2.947 28.659 0.483 0.00000 -1 ACTUAL_TF
1.4533 0.0398693 -1.6830569 0.6726057 -0.41860960 0.65874665 -0.53983392 -0.31527479 0.005539 1789526550.986460209 3.069 28.536 0.605 0.00000 -1 ACTUAL_TF
1.5145 0.0399791 -1.6829839 0.6725449 -0.41860986 0.65873953 -0.53984284 -0.31527404 0.004656 1789526551.042433739 3.184 28.421 0.693 0.00000 -1 ACTUAL_TF
1.5629 0.0400351 -1.6829376 0.6725064 -0.41860080 0.65874352 -0.53984612 -0.31527214 0.003698 1789526551.098549843 3.243 28.362 0.750 0.00000 -1 ACTUAL_TF
1.6236 0.0400750 -1.6829177 0.6724900 -0.41859435 0.65874553 -0.53985251 -0.31526555 0.002844 1789526551.154558182 3.285 28.321 0.773 0.00000 -1 ACTUAL_TF
1.6715 0.0401167 -1.6829124 0.6724850 -0.41858529 0.65874683 -0.53985884 -0.31526402 0.002217 1789526551.210539579 3.327 28.279 0.778 0.00000 -1 ACTUAL_TF
1.7329 0.0402076 -1.6829208 0.6724975 -0.41857611 0.65874026 -0.53987238 -0.31526675 0.002047 1789526551.266444445 3.417 28.189 0.758 0.00000 -1 ACTUAL_TF
1.7823 0.0404110 -1.6829393 0.6725036 -0.41856182 0.65874040 -0.53988328 -0.31526677 0.002526 1789526551.322469234 3.618 27.988 0.729 0.00000 -1 ACTUAL_TF
1.8444 0.0406553 -1.6829465 0.6724685 -0.41856921 0.65879290 -0.53983671 -0.31522700 0.003092 1789526551.378444195 3.860 27.745 0.736 0.00000 -1 ACTUAL_TF
1.9017 0.0410602 -1.6830833 0.6726076 -0.41854816 0.65885229 -0.53980701 -0.31518167 0.004577 1789526551.434323311 4.253 27.352 0.522 0.00000 -1 ACTUAL_TF
1.9586 0.0414056 -1.6832640 0.6728174 -0.41854158 0.65886253 -0.53980024 -0.31518059 0.005559 1789526551.490720510 4.584 27.022 0.232 0.00000 -1 ACTUAL_TF
2.0083 0.0417496 -1.6834355 0.6730103 -0.41853850 0.65888027 -0.53978844 -0.31516782 0.006209 1789526551.546383858 4.913 26.692 0.084 0.00000 -1 ACTUAL_TF
2.0690 0.0419950 -1.6835397 0.6731345 -0.41854339 0.65888990 -0.53977951 -0.31515647 0.005919 1789526551.602480650 5.150 26.456 0.237 0.00000 -1 ACTUAL_TF
2.1274 0.0421363 -1.6836053 0.6732170 -0.41855011 0.65888478 -0.53978220 -0.31515367 0.005087 1789526551.658537149 5.286 26.320 0.345 0.00000 -1 ACTUAL_TF
2.1810 0.0422214 -1.6836454 0.6732641 -0.41855243 0.65888971 -0.53977489 -0.31515280 0.004127 1789526551.714329481 5.367 26.238 0.411 0.00000 -1 ACTUAL_TF
2.2412 0.0422802 -1.6836769 0.6733050 -0.41855183 0.65888594 -0.53977928 -0.31515395 0.003307 1789526551.770490646 5.424 26.182 0.464 0.00000 -1 ACTUAL_TF
2.2892 0.0423286 -1.6836936 0.6733313 -0.41855588 0.65888154 -0.53978188 -0.31515334 0.002623 1789526551.826408148 5.471 26.135 0.496 0.00000 -1 ACTUAL_TF
2.3464 0.0423813 -1.6836954 0.6733415 -0.41855127 0.65888031 -0.53978370 -0.31515890 0.002124 1789526551.882434845 5.523 26.082 0.507 0.00000 -1 ACTUAL_TF
2.4086 0.0425665 -1.6836604 0.6733523 -0.41854659 0.65887270 -0.53979345 -0.31516431 0.002498 1789526551.938455105 5.711 25.895 0.499 0.00000 -1 ACTUAL_TF
2.4598 0.0428912 -1.6836025 0.6733688 -0.41856098 0.65884729 -0.53981966 -0.31515343 0.003515 1789526551.994551897 6.039 25.566 0.486 0.00000 -1 ACTUAL_TF
2.5151 0.0433176 -1.6834963 0.6733564 -0.41856047 0.65881217 -0.53985338 -0.31516978 0.004782 1789526552.051344395 6.473 25.132 0.427 0.00000 -1 ACTUAL_TF
2.5754 0.0437026 -1.6832532 0.6731594 -0.41858210 0.65878684 -0.53984824 -0.31520280 0.005997 1789526552.107524157 6.876 24.730 0.142 0.00000 -1 ACTUAL_TF
2.6352 0.0440348 -1.6830405 0.6729882 -0.41860224 0.65875928 -0.53985495 -0.31522216 0.006536 1789526552.162689209 7.223 24.382 0.126 0.00000 -1 ACTUAL_TF
2.6870 0.0443136 -1.6828534 0.6728300 -0.41860624 0.65874417 -0.53986106 -0.31523797 0.006567 1789526552.218589783 7.516 24.089 0.349 0.00000 -1 ACTUAL_TF
2.7405 0.0444460 -1.6827493 0.6727397 -0.41856438 0.65875935 -0.53987800 -0.31523281 0.005621 1789526552.274587870 7.656 23.949 0.478 0.00000 -1 ACTUAL_TF
2.7990 0.0445525 -1.6826621 0.6726640 -0.41856767 0.65875255 -0.53988003 -0.31523917 0.004777 1789526552.330522299 7.769 23.836 0.587 0.00000 -1 ACTUAL_TF
2.8469 0.0446133 -1.6826183 0.6726251 -0.41856569 0.65875220 -0.53988351 -0.31523657 0.003797 1789526552.386431932 7.833 23.772 0.641 0.00000 -1 ACTUAL_TF
2.9057 0.0446559 -1.6825791 0.6725831 -0.41856590 0.65875338 -0.53988386 -0.31523324 0.003041 1789526552.442414522 7.878 23.727 0.696 0.00000 -1 ACTUAL_TF
2.9673 0.0446782 -1.6825599 0.6725667 -0.41856082 0.65875730 -0.53988290 -0.31523343 0.002310 1789526552.498401403 7.902 23.703 0.720 0.00000 -1 ACTUAL_TF
3.0161 0.0447542 -1.6825680 0.6725778 -0.41855260 0.65875154 -0.53989385 -0.31523761 0.002030 1789526552.554497480 7.977 23.628 0.702 0.00000 -1 ACTUAL_TF
3.0751 0.0449227 -1.6825894 0.6725959 -0.41853252 0.65874534 -0.53991209 -0.31524600 0.002334 1789526552.610605240 8.144 23.462 0.664 0.00000 -1 ACTUAL_TF
3.1339 0.0451369 -1.6825863 0.6725561 -0.41853502 0.65879190 -0.53987013 -0.31521725 0.002805 1789526552.666392326 8.357 23.248 0.682 0.00000 -1 ACTUAL_TF
3.1909 0.0455316 -1.6827088 0.6726816 -0.41851625 0.65882946 -0.53986016 -0.31518072 0.004269 1789526552.722593069 8.741 22.865 0.486 0.00000 -1 ACTUAL_TF
3.2508 0.0458755 -1.6828757 0.6728640 -0.41850982 0.65884216 -0.53985607 -0.31516974 0.005261 1789526552.778522491 9.071 22.535 0.224 0.00000 -1 ACTUAL_TF
3.2993 0.0462633 -1.6830602 0.6730722 -0.41851021 0.65885746 -0.53984257 -0.31516036 0.006237 1789526552.834560156 9.443 22.162 0.094 0.00000 -1 ACTUAL_TF
3.3548 0.0465130 -1.6831690 0.6732109 -0.41851814 0.65885270 -0.53984719 -0.31515186 0.006006 1789526552.890462875 9.683 21.922 0.271 0.00000 -1 ACTUAL_TF
3.4137 0.0466941 -1.6832609 0.6733250 -0.41852312 0.65885307 -0.53984398 -0.31514997 0.005454 1789526552.946412563 9.857 21.748 0.425 0.00000 -1 ACTUAL_TF
3.4739 0.0467898 -1.6833014 0.6733685 -0.41852963 0.65885837 -0.53983262 -0.31514972 0.004421 1789526553.002365112 9.949 21.656 0.489 0.00000 -1 ACTUAL_TF
3.5202 0.0468365 -1.6833269 0.6733974 -0.41853092 0.65885881 -0.53982979 -0.31515193 0.003419 1789526553.058452129 9.994 21.612 0.530 0.00000 -1 ACTUAL_TF
3.5799 0.0468786 -1.6833457 0.6734204 -0.41853338 0.65885828 -0.53982767 -0.31515340 0.002669 1789526553.114529133 10.034 21.571 0.562 0.00000 -1 ACTUAL_TF
3.6417 0.0469158 -1.6833537 0.6734317 -0.41852884 0.65885876 -0.53982709 -0.31515942 0.002081 1789526553.170575380 10.071 21.535 0.577 0.00000 -1 ACTUAL_TF
3.6921 0.0470642 -1.6833305 0.6734422 -0.41852355 0.65885181 -0.53983574 -0.31516614 0.002263 1789526553.226567745 10.221 21.385 0.576 0.00000 -1 ACTUAL_TF
3.7519 0.0473476 -1.6832748 0.6734559 -0.41853464 0.65883137 -0.53985674 -0.31515819 0.003133 1789526553.282562733 10.508 21.098 0.561 0.00000 -1 ACTUAL_TF
3.8016 0.0477663 -1.6831783 0.6734534 -0.41853728 0.65880491 -0.53988334 -0.31516444 0.004497 1789526553.338531733 10.933 20.672 0.515 0.00000 -1 ACTUAL_TF
3.8636 0.0480813 -1.6830192 0.6733397 -0.41853739 0.65878786 -0.53988469 -0.31519760 0.005137 1789526553.394445896 11.260 20.346 0.342 0.00000 -1 ACTUAL_TF
3.9139 0.0484589 -1.6827697 0.6731385 -0.41855951 0.65875762 -0.53988698 -0.31522751 0.006250 1789526553.450414181 11.656 19.950 0.070 0.00000 -1 ACTUAL_TF
3.9681 0.0487724 -1.6825361 0.6729331 -0.41858764 0.65874136 -0.53987663 -0.31524185 0.006744 1789526553.506359100 11.986 19.619 0.258 0.00000 -1 ACTUAL_TF
4.0244 0.0489523 -1.6824293 0.6728439 -0.41853970 0.65875624 -0.53990684 -0.31522267 0.005939 1789526553.562372923 12.174 19.431 0.384 0.00000 -1 ACTUAL_TF
4.0862 0.0490565 -1.6823295 0.6727499 -0.41854663 0.65875214 -0.53989963 -0.31523439 0.005080 1789526553.618366480 12.286 19.320 0.514 0.00000 -1 ACTUAL_TF
4.1355 0.0491210 -1.6822728 0.6726974 -0.41855261 0.65875061 -0.53989736 -0.31523354 0.004094 1789526553.674521208 12.354 19.251 0.587 0.00000 -1 ACTUAL_TF
4.2004 0.0491681 -1.6822303 0.6726585 -0.41855552 0.65875005 -0.53989648 -0.31523236 0.003265 1789526553.730457306 12.404 19.201 0.642 0.00000 -1 ACTUAL_TF
4.2474 0.0491883 -1.6822067 0.6726363 -0.41855487 0.65875086 -0.53989472 -0.31523454 0.002490 1789526553.786421061 12.426 19.179 0.673 0.00000 -1 ACTUAL_TF
4.3070 0.0492496 -1.6822084 0.6726383 -0.41854626 0.65874801 -0.53990241 -0.31523875 0.002071 1789526553.842439651 12.487 19.118 0.667 0.00000 -1 ACTUAL_TF
4.3651 0.0493576 -1.6822251 0.6726563 -0.41852872 0.65874137 -0.53991833 -0.31524867 0.002042 1789526553.898581266 12.594 19.012 0.636 0.00000 -1 ACTUAL_TF
4.4159 0.0496058 -1.6822297 0.6726291 -0.41852734 0.65876785 -0.53990015 -0.31522629 0.002771 1789526553.954427242 12.840 18.765 0.637 0.00000 -1 ACTUAL_TF
4.4861 0.0499848 -1.6823198 0.6727143 -0.41850968 0.65880792 -0.53988904 -0.31518503 0.004069 1789526554.010595798 13.211 18.394 0.493 0.00000 -1 ACTUAL_TF
4.5354 0.0503501 -1.6824657 0.6728837 -0.41849818 0.65882215 -0.53989429 -0.31516155 0.005148 1789526554.066468477 13.564 18.042 0.252 0.00000 -1 ACTUAL_TF
4.5851 0.0507100 -1.6826699 0.6731058 -0.41848747 0.65883516 -0.53988217 -0.31516933 0.006125 1789526554.122350931 13.907 17.699 0.082 0.00000 -1 ACTUAL_TF
4.6421 0.0509817 -1.6827919 0.6732504 -0.41849403 0.65883949 -0.53988136 -0.31515296 0.006056 1789526554.178513050 14.168 17.437 0.277 0.00000 -1 ACTUAL_TF
4.6973 0.0511829 -1.6829038 0.6733835 -0.41849413 0.65883682 -0.53988305 -0.31515552 0.005666 1789526554.234424829 14.360 17.245 0.460 0.00000 -1 ACTUAL_TF
4.7567 0.0512727 -1.6829396 0.6734244 -0.41850252 0.65884082 -0.53987084 -0.31515693 0.004529 1789526554.290353537 14.447 17.158 0.519 0.00000 -1 ACTUAL_TF
4.8163 0.0513437 -1.6829650 0.6734521 -0.41850857 0.65884717 -0.53985995 -0.31515427 0.003600 1789526554.346465588 14.516 17.090 0.560 0.00000 -1 ACTUAL_TF
4.8630 0.0513840 -1.6829799 0.6734722 -0.41851484 0.65884703 -0.53985626 -0.31515257 0.002774 1789526554.402525663 14.555 17.051 0.587 0.00000 -1 ACTUAL_TF
4.9242 0.0514239 -1.6829912 0.6734863 -0.41851445 0.65884792 -0.53985419 -0.31515478 0.002177 1789526554.458402395 14.594 17.012 0.607 0.00000 -1 ACTUAL_TF
4.9836 0.0515323 -1.6829775 0.6734967 -0.41850758 0.65884504 -0.53985802 -0.31516335 0.002111 1789526554.514474154 14.703 16.902 0.610 0.00000 -1 ACTUAL_TF
5.0312 0.0517781 -1.6829373 0.6735115 -0.41851350 0.65882684 -0.53987882 -0.31515790 0.002818 1789526554.570344448 14.951 16.654 0.605 0.00000 -1 ACTUAL_TF
5.0873 0.0521799 -1.6828570 0.6735235 -0.41851133 0.65880429 -0.53990503 -0.31516303 0.004164 1789526554.626437902 15.359 16.247 0.579 0.00000 -1 ACTUAL_TF
5.1443 0.0524802 -1.6827159 0.6734420 -0.41850356 0.65878875 -0.53990964 -0.31519793 0.004744 1789526554.682483673 15.669 15.936 0.441 0.00000 -1 ACTUAL_TF
5.2046 0.0528755 -1.6824664 0.6732398 -0.41853069 0.65876126 -0.53990694 -0.31522399 0.006051 1789526554.738439083 16.083 15.523 0.151 0.00000 -1 ACTUAL_TF
5.2628 0.0531654 -1.6822623 0.6730675 -0.41855076 0.65874544 -0.53990095 -0.31524065 0.006346 1789526554.794475794 16.388 15.218 0.124 0.00000 -1 ACTUAL_TF
5.3204 0.0534023 -1.6820880 0.6729129 -0.41856583 0.65873668 -0.53989516 -0.31524888 0.006221 1789526554.850510359 16.637 14.968 0.333 0.00000 -1 ACTUAL_TF
5.3672 0.0535729 -1.6819834 0.6728264 -0.41853084 0.65874931 -0.53992224 -0.31522254 0.005525 1789526554.906393766 16.815 14.790 0.458 0.00000 -1 ACTUAL_TF
5.4266 0.0536459 -1.6819178 0.6727632 -0.41854314 0.65874479 -0.53991711 -0.31522447 0.004492 1789526554.962426662 16.893 14.712 0.544 0.00000 -1 ACTUAL_TF
5.4840 0.0536981 -1.6818705 0.6727183 -0.41854654 0.65874367 -0.53991484 -0.31522616 0.003592 1789526555.018417358 16.949 14.656 0.605 0.00000 -1 ACTUAL_TF
5.5435 0.0537172 -1.6818425 0.6726897 -0.41854764 0.65874615 -0.53991026 -0.31522736 0.002752 1789526555.074389458 16.970 14.635 0.644 0.00000 -1 ACTUAL_TF
5.6033 0.0537667 -1.6818324 0.6726833 -0.41854527 0.65874457 -0.53991352 -0.31522825 0.002199 1789526555.130423784 17.020 14.585 0.653 0.00000 -1 ACTUAL_TF
5.6501 0.0538607 -1.6818459 0.6726984 -0.41853280 0.65873758 -0.53992817 -0.31523431 0.002054 1789526555.186529160 17.113 14.492 0.627 0.00000 -1 ACTUAL_TF
5.7151 0.0540682 -1.6818650 0.6726991 -0.41851279 0.65874604 -0.53993288 -0.31523512 0.002555 1789526555.242478132 17.318 14.287 0.600 0.00000 -1 ACTUAL_TF
5.7602 0.0543645 -1.6819212 0.6727383 -0.41850371 0.65877315 -0.53992715 -0.31520033 0.003420 1789526555.298411608 17.609 13.997 0.517 0.00000 -1 ACTUAL_TF
5.8190 0.0547773 -1.6820908 0.6729141 -0.41847161 0.65881044 -0.53992579 -0.31516734 0.004958 1789526555.354526997 18.007 13.598 0.253 0.00000 -1 ACTUAL_TF
5.8792 0.0551460 -1.6822528 0.6730997 -0.41848662 0.65883218 -0.53989046 -0.31516250 0.005852 1789526555.410398960 18.362 13.243 0.044 0.00000 -1 ACTUAL_TF
5.9360 0.0554231 -1.6823663 0.6732185 -0.41849816 0.65885335 -0.53986609 -0.31514466 0.005824 1789526555.466311455 18.629 12.976 0.202 0.00000 -1 ACTUAL_TF
5.9862 0.0556289 -1.6824743 0.6733432 -0.41850252 0.65886392 -0.53985031 -0.31514380 0.005487 1789526555.522423744 18.826 12.779 0.375 0.00000 -1 ACTUAL_TF
6.0477 0.0557457 -1.6825319 0.6734069 -0.41851762 0.65886785 -0.53983399 -0.31514350 0.004617 1789526555.578491926 18.938 12.667 0.466 0.00000 -1 ACTUAL_TF
6.0973 0.0558151 -1.6825601 0.6734345 -0.41852699 0.65887221 -0.53982038 -0.31514525 0.003660 1789526555.634468794 19.005 12.600 0.510 0.00000 -1 ACTUAL_TF
6.1559 0.0558635 -1.6825843 0.6734616 -0.41853036 0.65887011 -0.53982103 -0.31514404 0.002886 1789526555.690480947 19.051 12.554 0.548 0.00000 -1 ACTUAL_TF
6.2162 0.0558989 -1.6825948 0.6734823 -0.41853241 0.65886955 -0.53981775 -0.31514811 0.002247 1789526555.746512413 19.086 12.519 0.571 0.00000 -1 ACTUAL_TF
6.2655 0.0559671 -1.6825839 0.6734883 -0.41853038 0.65886790 -0.53981976 -0.31515083 0.001944 1789526555.802412033 19.155 12.450 0.571 0.00000 -1 ACTUAL_TF
6.3289 0.0561890 -1.6825441 0.6735017 -0.41853097 0.65885446 -0.53983613 -0.31515010 0.002568 1789526555.858541489 19.379 12.226 0.563 0.00000 -1 ACTUAL_TF
6.3785 0.0565664 -1.6824799 0.6735287 -0.41852605 0.65883147 -0.53986569 -0.31515405 0.003855 1789526555.914513111 19.761 11.844 0.557 0.00000 -1 ACTUAL_TF
6.4443 0.0568788 -1.6823638 0.6734802 -0.41851242 0.65881226 -0.53988041 -0.31518709 0.004504 1789526555.970473289 20.082 11.523 0.459 0.00000 -1 ACTUAL_TF
6.4958 0.0572774 -1.6821164 0.6732900 -0.41853863 0.65878275 -0.53987987 -0.31521491 0.005863 1789526556.026493311 20.499 11.107 0.178 0.00000 -1 ACTUAL_TF
6.5444 0.0576124 -1.6819230 0.6731372 -0.41855802 0.65874938 -0.53989435 -0.31523409 0.006327 1789526556.082622051 20.848 10.758 0.080 0.00000 -1 ACTUAL_TF
6.6049 0.0578841 -1.6817276 0.6729710 -0.41857147 0.65873517 -0.53989698 -0.31524142 0.006437 1789526556.138467312 21.134 10.472 0.302 0.00000 -1 ACTUAL_TF
6.6661 0.0580503 -1.6816265 0.6728921 -0.41853779 0.65874575 -0.53992549 -0.31521521 0.005628 1789526556.194561720 21.307 10.298 0.419 0.00000 -1 ACTUAL_TF
6.7191 0.0581447 -1.6815499 0.6728185 -0.41854134 0.65873906 -0.53992514 -0.31522507 0.004702 1789526556.250518084 21.407 10.198 0.518 0.00000 -1 ACTUAL_TF
6.7695 0.0581901 -1.6815122 0.6727891 -0.41853893 0.65873618 -0.53992717 -0.31523080 0.003643 1789526556.306769133 21.456 10.150 0.563 0.00000 -1 ACTUAL_TF
6.8205 0.0582215 -1.6814809 0.6727591 -0.41853852 0.65873522 -0.53992740 -0.31523297 0.002839 1789526556.362316132 21.489 10.116 0.604 0.00000 -1 ACTUAL_TF
6.8834 0.0582576 -1.6814615 0.6727408 -0.41853760 0.65873509 -0.53992676 -0.31523554 0.002227 1789526556.418455362 21.527 10.079 0.629 0.00000 -1 ACTUAL_TF
6.9396 0.0583252 -1.6814786 0.6727546 -0.41852221 0.65873137 -0.53993826 -0.31524405 0.001939 1789526556.474455118 21.593 10.013 0.603 0.00000 -1 ACTUAL_TF
7.0025 0.0585166 -1.6815031 0.6727683 -0.41850642 0.65872604 -0.53995709 -0.31524391 0.002394 1789526556.530492544 21.781 9.824 0.564 0.00000 -1 ACTUAL_TF
7.0561 0.0587729 -1.6815149 0.6727422 -0.41850961 0.65877646 -0.53991674 -0.31520342 0.003056 1789526556.586526871 22.036 9.570 0.559 0.00000 -1 ACTUAL_TF
7.1040 0.0591764 -1.6816375 0.6728618 -0.41849050 0.65882844 -0.53989436 -0.31515849 0.004495 1789526556.642355680 22.428 9.177 0.368 0.00000 -1 ACTUAL_TF
7.1660 0.0594675 -1.6817789 0.6730112 -0.41850424 0.65884538 -0.53985657 -0.31516956 0.005056 1789526556.698364735 22.707 8.898 0.153 0.00000 -1 ACTUAL_TF
7.2143 0.0598393 -1.6819425 0.6732054 -0.41850258 0.65886817 -0.53984567 -0.31514280 0.005949 1789526556.754412889 23.065 8.540 0.139 0.00000 -1 ACTUAL_TF
7.2768 0.0600348 -1.6820521 0.6733241 -0.41850531 0.65887124 -0.53983542 -0.31515031 0.005525 1789526556.810316086 23.252 8.354 0.306 0.00000 -1 ACTUAL_TF
7.3262 0.0601931 -1.6821404 0.6734266 -0.41850838 0.65887008 -0.53983138 -0.31515558 0.004981 1789526556.866415024 23.403 8.203 0.448 0.00000 -1 ACTUAL_TF
7.3874 0.0602780 -1.6821780 0.6734641 -0.41851776 0.65887367 -0.53981867 -0.31515738 0.004023 1789526556.922451973 23.484 8.121 0.506 0.00000 -1 ACTUAL_TF
7.4536 0.0603303 -1.6822031 0.6734943 -0.41852194 0.65887116 -0.53981897 -0.31515657 0.003166 1789526556.978583813 23.535 8.071 0.547 0.00000 -1 ACTUAL_TF
7.5042 0.0603613 -1.6822207 0.6735176 -0.41852325 0.65887136 -0.53981488 -0.31516142 0.002445 1789526557.034389734 23.564 8.041 0.577 0.00000 -1 ACTUAL_TF
7.5537 0.0604204 -1.6822199 0.6735309 -0.41852340 0.65886740 -0.53981909 -0.31516228 0.002036 1789526557.090350151 23.623 7.982 0.589 0.00000 -1 ACTUAL_TF
7.6156 0.0606055 -1.6821826 0.6735415 -0.41852192 0.65885803 -0.53983089 -0.31516362 0.002431 1789526557.146784782 23.811 7.794 0.578 0.00000 -1 ACTUAL_TF
7.6640 0.0608699 -1.6821368 0.6735594 -0.41851497 0.65884511 -0.53984923 -0.31516845 0.003151 1789526557.202449560 24.078 7.527 0.572 0.00000 -1 ACTUAL_TF
7.7242 0.0613036 -1.6820271 0.6735409 -0.41852412 0.65881172 -0.53988155 -0.31517073 0.004599 1789526557.258562803 24.520 7.086 0.507 0.00000 -1 ACTUAL_TF
7.7753 0.0617038 -1.6817930 0.6733702 -0.41854029 0.65878489 -0.53988181 -0.31520490 0.005874 1789526557.314407825 24.937 6.668 0.246 0.00000 -1 ACTUAL_TF
7.8390 0.0620656 -1.6815847 0.6732063 -0.41857429 0.65874918 -0.53989514 -0.31521155 0.006513 1789526557.370427608 25.314 6.291 0.055 0.00000 -1 ACTUAL_TF
7.8898 0.0623308 -1.6813748 0.6730218 -0.41858008 0.65874464 -0.53988192 -0.31523599 0.006626 1789526557.426350355 25.595 6.011 0.271 0.00000 -1 ACTUAL_TF
7.9417 0.0625162 -1.6812534 0.6729215 -0.41854565 0.65876067 -0.53990817 -0.31520325 0.005940 1789526557.482420921 25.789 5.816 0.415 0.00000 -1 ACTUAL_TF
8.0023 0.0626252 -1.6811737 0.6728494 -0.41854706 0.65875380 -0.53990741 -0.31521703 0.004977 1789526557.538506985 25.904 5.702 0.516 0.00000 -1 ACTUAL_TF
8.0655 0.0626828 -1.6811224 0.6728030 -0.41855145 0.65875050 -0.53990675 -0.31521923 0.003967 1789526557.594391108 25.965 5.640 0.581 0.00000 -1 ACTUAL_TF
8.1136 0.0627216 -1.6810873 0.6727684 -0.41855087 0.65874802 -0.53990809 -0.31522289 0.003112 1789526557.650455713 26.006 5.599 0.628 0.00000 -1 ACTUAL_TF
8.1730 0.0627472 -1.6810713 0.6727534 -0.41855100 0.65874730 -0.53990812 -0.31522418 0.002359 1789526557.706482172 26.033 5.572 0.648 0.00000 -1 ACTUAL_TF
8.2221 0.0628061 -1.6810751 0.6727601 -0.41853768 0.65874608 -0.53991568 -0.31523144 0.001970 1789526557.762485504 26.092 5.514 0.637 0.00000 -1 ACTUAL_TF
8.2825 0.0629638 -1.6810970 0.6727781 -0.41851670 0.65874093 -0.53993398 -0.31523872 0.002238 1789526557.818423271 26.247 5.358 0.600 0.00000 -1 ACTUAL_TF
8.3422 0.0631897 -1.6810833 0.6727373 -0.41852766 0.65877816 -0.53990069 -0.31520338 0.002798 1789526557.874413252 26.473 5.132 0.625 0.00000 -1 ACTUAL_TF
8.3944 0.0635344 -1.6811965 0.6728357 -0.41849611 0.65882435 -0.53988602 -0.31517387 0.003972 1789526557.930434942 26.808 4.798 0.457 0.00000 -1 ACTUAL_TF
8.4561 0.0638802 -1.6813563 0.6730105 -0.41850004 0.65883028 -0.53987424 -0.31517643 0.005024 1789526557.986487627 27.140 4.465 0.205 0.00000 -1 ACTUAL_TF
8.5075 0.0642339 -1.6815399 0.6732084 -0.41848741 0.65885375 -0.53986290 -0.31516356 0.005905 1789526558.042373180 27.478 4.127 0.102 0.00000 -1 ACTUAL_TF
8.5657 0.0644733 -1.6816491 0.6733370 -0.41849419 0.65886223 -0.53985047 -0.31515812 0.005699 1789526558.098497868 27.708 3.897 0.274 0.00000 -1 ACTUAL_TF
8.6245 0.0646681 -1.6817487 0.6734552 -0.41849756 0.65886051 -0.53984983 -0.31515834 0.005316 1789526558.154755116 27.895 3.710 0.436 0.00000 -1 ACTUAL_TF
8.6717 0.0647614 -1.6818000 0.6735191 -0.41850092 0.65885861 -0.53984820 -0.31516063 0.004390 1789526558.210414648 27.984 3.621 0.522 0.00000 -1 ACTUAL_TF
8.7342 0.0648188 -1.6818222 0.6735442 -0.41850749 0.65886178 -0.53983872 -0.31516152 0.003429 1789526558.266465425 28.039 3.566 0.559 0.00000 -1 ACTUAL_TF
8.7900 0.0648657 -1.6818451 0.6735747 -0.41851088 0.65885970 -0.53983830 -0.31516209 0.002725 1789526558.322375536 28.085 3.521 0.598 0.00000 -1 ACTUAL_TF
8.8373 0.0648991 -1.6818526 0.6735878 -0.41850798 0.65886066 -0.53983722 -0.31516580 0.002103 1789526558.378503323 28.117 3.488 0.615 0.00000 -1 ACTUAL_TF
8.8980 0.0650367 -1.6818291 0.6735965 -0.41850299 0.65885527 -0.53984471 -0.31517087 0.002222 1789526558.434465885 28.256 3.349 0.611 0.00000 -1 ACTUAL_TF
8.9499 0.0653042 -1.6817789 0.6736128 -0.41850284 0.65883951 -0.53986462 -0.31516990 0.002998 1789526558.491173744 28.527 3.078 0.601 0.00000 -1 ACTUAL_TF
9.0159 0.0657192 -1.6816873 0.6736187 -0.41849819 0.65881567 -0.53989297 -0.31517734 0.004398 1789526558.546619654 28.949 2.657 0.564 0.00000 -1 ACTUAL_TF
9.0650 0.0660465 -1.6815167 0.6735030 -0.41851253 0.65879111 -0.53989978 -0.31519798 0.005153 1789526558.602566481 29.288 2.317 0.383 0.00000 -1 ACTUAL_TF
9.1280 0.0664877 -1.6812454 0.6732811 -0.41855847 0.65875714 -0.53990074 -0.31520632 0.006634 1789526558.658406496 29.749 1.856 0.081 0.00000 -1 ACTUAL_TF
9.1788 0.0667845 -1.6810327 0.6730991 -0.41857396 0.65874094 -0.53989522 -0.31522907 0.006826 1789526558.714479685 30.062 1.544 0.216 0.00000 -1 ACTUAL_TF
9.2417 0.0669429 -1.6809062 0.6729914 -0.41857334 0.65873643 -0.53989358 -0.31524214 0.006011 1789526558.770361423 30.230 1.376 0.370 0.00000 -1 ACTUAL_TF
9.2874 0.0670949 -1.6808010 0.6728983 -0.41853696 0.65875556 -0.53991486 -0.31521399 0.005315 1789526558.826442242 30.389 1.216 0.500 0.00000 -1 ACTUAL_TF
9.3488 0.0671512 -1.6807523 0.6728532 -0.41853925 0.65875217 -0.53991273 -0.31522169 0.004185 1789526558.882655382 30.449 1.156 0.562 0.00000 -1 ACTUAL_TF
9.3982 0.0671948 -1.6807139 0.6728172 -0.41854050 0.65874985 -0.53991215 -0.31522590 0.003296 1789526558.938478708 30.495 1.110 0.612 0.00000 -1 ACTUAL_TF
9.4568 0.0672134 -1.6806876 0.6727902 -0.41854328 0.65874985 -0.53991003 -0.31522582 0.002534 1789526558.994285107 30.516 1.089 0.648 0.00000 -1 ACTUAL_TF
9.5154 0.0672425 -1.6806731 0.6727748 -0.41854198 0.65875016 -0.53990964 -0.31522758 0.001966 1789526559.050498486 30.546 1.059 0.668 0.00000 -1 ACTUAL_TF
9.5745 0.0672877 -1.6806806 0.6727831 -0.41853154 0.65874867 -0.53991597 -0.31523370 0.001626 1789526559.106381416 30.591 1.015 0.654 0.00000 -1 ACTUAL_TF
9.6261 0.0674235 -1.6806993 0.6728034 -0.41851719 0.65873782 -0.53993790 -0.31523785 0.001879 1789526559.162467003 30.725 0.881 0.618 0.00000 -1 ACTUAL_TF
9.6888 0.0676131 -1.6806898 0.6727767 -0.41851561 0.65875987 -0.53992170 -0.31522163 0.002340 1789526559.218587160 30.914 0.691 0.632 0.00000 -1 ACTUAL_TF
9.7425 0.0678228 -1.6807122 0.6727809 -0.41849675 0.65878425 -0.53991248 -0.31521151 0.002770 1789526559.274497509 31.121 0.484 0.602 0.00000 -1 ACTUAL_TF
9.7977 0.0681640 -1.6807529 0.6728233 -0.41848430 0.65881113 -0.53990573 -0.31518342 0.003795 1789526559.330448866 31.458 0.147 0.525 0.00000 -1 ACTUAL_TF
9.8502 0.0684856 -1.6807942 0.6728747 -0.41846657 0.65882814 -0.53990571 -0.31517144 0.004412 1789526559.386564493 31.775 -0.170 0.443 0.00000 -1 ACTUAL_TF
9.9088 0.0688801 -1.6808178 0.6729325 -0.41849382 0.65880501 -0.53989594 -0.31520034 0.005214 1789526559.442939758 32.167 -0.561 0.365 0.00000 -1 ACTUAL_TF
9.9687 0.0692981 -1.6808066 0.6729604 -0.41848299 0.65881620 -0.53989992 -0.31518451 0.005912 1789526559.498526812 32.584 -0.979 0.330 0.00000 -1 ACTUAL_TF
10.0198 0.0698521 -1.6807617 0.6729832 -0.41849360 0.65881223 -0.53990574 -0.31516875 0.007120 1789526559.554495573 33.140 -1.535 0.314 0.00000 -1 ACTUAL_TF
10.0785 0.0704217 -1.6807251 0.6729987 -0.41849158 0.65881352 -0.53990422 -0.31517135 0.008040 1789526559.610530376 33.711 -2.106 0.298 0.00000 -1 ACTUAL_TF
10.1315 0.0709286 -1.6807069 0.6730190 -0.41848946 0.65881099 -0.53990907 -0.31517115 0.008355 1789526559.666387796 34.218 -2.612 0.269 0.00000 -1 ACTUAL_TF
10.1893 0.0715449 -1.6806587 0.6730210 -0.41848319 0.65882638 -0.53988976 -0.31518037 0.009150 1789526559.722558260 34.836 -3.231 0.269 0.00000 -1 ACTUAL_TF
10.2401 0.0720984 -1.6806341 0.6730423 -0.41849340 0.65881489 -0.53990055 -0.31517236 0.009380 1789526559.778475285 35.390 -3.784 0.242 0.00000 -1 ACTUAL_TF
10.3065 0.0726939 -1.6805719 0.6730393 -0.41849030 0.65883061 -0.53987997 -0.31517887 0.009765 1789526559.834614992 35.988 -4.383 0.254 0.00000 -1 ACTUAL_TF
10.3544 0.0731754 -1.6805269 0.6730445 -0.41850551 0.65882604 -0.53988022 -0.31516777 0.009431 1789526559.890523672 36.472 -4.867 0.255 0.00000 -1 ACTUAL_TF
10.4170 0.0736692 -1.6804885 0.6730503 -0.41851001 0.65882718 -0.53987351 -0.31517092 0.009259 1789526559.946451187 36.967 -5.362 0.251 0.00000 -1 ACTUAL_TF
10.4694 0.0740237 -1.6804696 0.6730661 -0.41850485 0.65882396 -0.53987573 -0.31518071 0.008385 1789526560.002439499 37.322 -5.717 0.234 0.00000 -1 ACTUAL_TF
10.5352 0.0744208 -1.6804391 0.6730671 -0.41851298 0.65882523 -0.53986983 -0.31517737 0.008004 1789526560.058429241 37.720 -6.115 0.234 0.00000 -1 ACTUAL_TF
10.5864 0.0747488 -1.6804224 0.6730851 -0.41851675 0.65881488 -0.53987928 -0.31517780 0.007366 1789526560.114382267 38.049 -6.443 0.215 0.00000 -1 ACTUAL_TF
10.6381 0.0749210 -1.6804046 0.6730853 -0.41851810 0.65882060 -0.53987029 -0.31517944 0.006083 1789526560.170442343 38.222 -6.616 0.217 0.00000 -1 ACTUAL_TF
10.6930 0.0750743 -1.6803985 0.6730951 -0.41851839 0.65881864 -0.53987143 -0.31518121 0.005081 1789526560.226454973 38.375 -6.770 0.206 0.00000 -1 ACTUAL_TF
