WELD FEEDBACK LOG
result=completed
started=2026-09-17 14:56:33
ended=2026-09-17 14:56:38
elapsed_seconds=5.573

================ OPERATOR OVERVIEW ================
REQUESTED : 220 A / 26.0 V · FE-SOLID 1.2 mm · LSM · CO2 100%
RX ECHO   : 220 A / 26.0 V · MATCH=YES
CURRENT FB: no positive feedback A
VOLTAGE FB: no positive feedback V
WIRE FEED : no positive feedback m/min
ARC ON    : 0.000 s
NET WELD  : 0.000 s
WIRE USED : 0.000 mm (base 0.000 + alpha 0.000)
WEAVE     : sine · centerline ±4.00 mm (full width 8.00 mm) · requested pitch 8.00 mm/cycle · actual pitch 7.79 mm/cycle · 4 cycles · axis tool_x · dwell L/R 0.20/0.20 s
WCR       : NOT DETECTED
SAMPLES   : RX 140 / welding 0 / TCP 101
===================================================

[commanded]
current_a=220
voltage_tenths=260
voltage=26.0
material=FE-SOLID
diameter_mm=1.2
mode=LSM
gas=CO2 100%
synergic=False
correction=0.0
hot_start_enabled=True
hot_start_percent=5.0
hot_start_hold_adjustment=2
crater_enabled=False
crater_percent=27.27272727272727
crater_current_a=60.0
crater_voltage_v=25.0
crater_seconds=1.0
wire_consumable_alpha_mm=0.0
hot_start_current_a=231

[rx_setting_echo]
current_a=220
voltage_v=26.0
hot_start_current_a=0
hot_start_hold_adjustment=-15

[rx_welding_setting_echo]

[execution_conditions]
mode=sequence_execute
run_all=True
touch_io_backend=fastech_ethernet
touch_input_port=4
touch_sensing_output_port=0
fastech_ip=192.168.0.3
fastech_poll_target_hz=100.0
hicomm_source_ip=192.168.1.2
hicomm_welder_ip=192.168.1.10
hicomm_port=60000
gui_velocity_percent=36.95263157894737
gui_speed_mode=scale
gui_tcp_speed_mm_s=10.0
gui_interpolation_step_mm=5.0
seam_orientation_mode=Wait poses + fixed World-XYZ tilt
weld_fixed_tilt_x_deg=0.0
weld_fixed_tilt_y_deg=0.0
weld_fixed_tilt_z_deg=-0.0
weld_weave_enabled=True
weld_weave_pattern=sine
weld_weave_pitch_mm=8.0
weld_weave_left_dwell_s=0.2
weld_weave_right_dwell_s=0.2
weld_weave_amplitude_mm=4.0
weld_weave_cycles=4
weld_weave_actual_pitch_mm=7.794469747946137
weld_weave_amplitude_definition=centerline +/- A mm; full width = 2A
weld_weave_samples_per_cycle=12
weld_weave_axis=tool_x
weld_lead_in_mm=0.0
weld_lead_out_mm=0.0
weld_safe_approach_mm=30.0
weld_approach_mode=taught_wait
weld_pre_start_lead_mm=0.0
weld_tcp_speed_mm_s=6.0
weld_arc_off_delay_ms=0.0
tcp_tracking.parent_frame=World
tcp_tracking.child_frame=right_manipulator_ee_point
tcp_tracking.timestamp_source=TF_header_stamp
initial_fastech_di0=False
initial_fastech_do0=True
robot_connected.left=True
robot_connected.right=True
robot_connected.head=True
hicomm_connected=True
execution_allowed=True
steps[0].sequence_number=1
steps[0].type=named_pose
steps[0].parallel_slot=1
steps[0].duration=0.0
steps[0].planning_group=right_manipulator
steps[0].velocity_scale=0.3695263157894737
steps[0].tcp_speed_m_s=0.0
steps[0].pose_name=weld_start_wait
steps[0].pose_label=3 · Weld start wait pose
steps[0].touch_guard=False
steps[0].continue_after_touch=False
steps[0].weld_scenario_id=weld-86741523950698
steps[0].weld_scenario_stage=start_wait
steps[0].target_tcp.position_m.x=0.09079134373731917
steps[0].target_tcp.position_m.y=-1.677484588044181
steps[0].target_tcp.position_m.z=0.6774624631984689
steps[0].target_tcp.orientation_xyzw.x=-0.43507525643945216
steps[0].target_tcp.orientation_xyzw.y=0.6335906814861262
steps[0].target_tcp.orientation_xyzw.z=-0.528833094844607
steps[0].target_tcp.orientation_xyzw.w=-0.36001101006103425
steps[0].joint_names[0]=right_manipulator_joint1
steps[0].joint_names[1]=right_manipulator_joint2
steps[0].joint_names[2]=right_manipulator_joint3
steps[0].joint_names[3]=right_manipulator_joint4
steps[0].joint_names[4]=right_manipulator_joint5
steps[0].joint_names[5]=right_manipulator_joint6
steps[0].joint_positions_rad[0]=5.233057746151683
steps[0].joint_positions_rad[1]=1.324417706971742
steps[0].joint_positions_rad[2]=1.8502997437306203
steps[0].joint_positions_rad[3]=3.6554495859205822
steps[0].joint_positions_rad[4]=1.4171552345568628
steps[0].joint_positions_rad[5]=1.4351187887416652
steps[1].sequence_number=2
steps[1].type=motion
steps[1].parallel_slot=2
steps[1].duration=0.0
steps[1].planning_group=right_manipulator
steps[1].velocity_scale=0.3695263157894737
steps[1].tcp_speed_m_s=0.0
steps[1].interpolation_step=0.005
steps[1].path_kind=taught_wait_align_weld_attitude
steps[1].touch_guard=False
steps[1].continue_after_touch=False
steps[1].accept_initial_touch=False
steps[1].weld_scenario_id=weld-86741523950698
steps[1].weld_scenario_stage=start_safe
steps[1].waypoint_count=1
steps[1].waypoints[0].position_m.x=0.09079134373731917
steps[1].waypoints[0].position_m.y=-1.677484588044181
steps[1].waypoints[0].position_m.z=0.6774624631984689
steps[1].waypoints[0].orientation_xyzw.x=-0.439916334962194
steps[1].waypoints[0].orientation_xyzw.y=0.6302390408926912
steps[1].waypoints[0].orientation_xyzw.z=-0.531575568144504
steps[1].waypoints[0].orientation_xyzw.w=-0.35594913248937554
steps[2].sequence_number=3
steps[2].type=motion
steps[2].parallel_slot=3
steps[2].duration=0.0
steps[2].planning_group=right_manipulator
steps[2].velocity_scale=0.3695263157894737
steps[2].tcp_speed_m_s=0.0
steps[2].interpolation_step=0.005
steps[2].path_kind=taught_wait_to_weld_start
steps[2].touch_guard=False
steps[2].continue_after_touch=True
steps[2].accept_initial_touch=False
steps[2].weld_scenario_id=weld-86741523950698
steps[2].weld_scenario_stage=start_contact
steps[2].waypoint_count=1
steps[2].waypoints[0].position_m.x=0.0908597088813336
steps[2].waypoints[0].position_m.y=-1.6788226153015657
steps[2].waypoints[0].position_m.z=0.67627428701056
steps[2].waypoints[0].orientation_xyzw.x=-0.439916334962194
steps[2].waypoints[0].orientation_xyzw.y=0.6302390408926912
steps[2].waypoints[0].orientation_xyzw.z=-0.531575568144504
steps[2].waypoints[0].orientation_xyzw.w=-0.35594913248937554
steps[3].sequence_number=4
steps[3].type=digital_output
steps[3].parallel_slot=4
steps[3].duration=0.0
steps[3].port=0
steps[3].value=False
steps[3].weld_scenario_id=weld-86741523950698
steps[3].weld_scenario_stage=touch_output_off
steps[4].sequence_number=5
steps[4].type=digital_weld
steps[4].parallel_slot=5
steps[4].duration=0.0
steps[4].command=on
steps[4].weld_scenario_id=weld-86741523950698
steps[4].weld_scenario_stage=arc_on
steps[4].settings.current_a=220
steps[4].settings.voltage_tenths=260
steps[4].settings.voltage=26.0
steps[4].settings.material=FE-SOLID
steps[4].settings.diameter_mm=1.2
steps[4].settings.mode=LSM
steps[4].settings.gas=CO2 100%
steps[4].settings.synergic=False
steps[4].settings.correction=0.0
steps[4].settings.hot_start_enabled=True
steps[4].settings.hot_start_percent=5.0
steps[4].settings.hot_start_hold_adjustment=2
steps[4].settings.crater_enabled=False
steps[4].settings.crater_percent=27.27272727272727
steps[4].settings.crater_current_a=60.0
steps[4].settings.crater_voltage_v=25.0
steps[4].settings.crater_seconds=1.0
steps[4].settings.wire_consumable_alpha_mm=0.0
steps[4].settings.hot_start_current_a=231
steps[5].sequence_number=6
steps[5].type=motion
steps[5].parallel_slot=5
steps[5].duration=0.0
steps[5].planning_group=right_manipulator
steps[5].velocity_scale=0.3695263157894737
steps[5].tcp_speed_m_s=0.020227922857553177
steps[5].interpolation_step=0.005
steps[5].path_kind=continuous_sine_weave_over_taught_goal_fastech_di0_ignored
steps[5].touch_guard=False
steps[5].weld_scenario_id=weld-86741523950698
steps[5].weld_scenario_stage=weld_motion
steps[5].lead_in_mm=0.0
steps[5].lead_out_mm=0.0
steps[5].linear_motion_profile=False
steps[5].path_to_seam_speed_factor=0.42858579776655037
steps[5].waypoint_hold_s[0]=0.0
steps[5].waypoint_hold_s[1]=0.0
steps[5].waypoint_hold_s[2]=0.0
steps[5].waypoint_hold_s[3]=0.2
steps[5].waypoint_hold_s[4]=0.0
steps[5].waypoint_hold_s[5]=0.0
steps[5].waypoint_hold_s[6]=0.0
steps[5].waypoint_hold_s[7]=0.0
steps[5].waypoint_hold_s[8]=0.0
steps[5].waypoint_hold_s[9]=0.2
steps[5].waypoint_hold_s[10]=0.0
steps[5].waypoint_hold_s[11]=0.0
steps[5].waypoint_hold_s[12]=0.0
steps[5].waypoint_hold_s[13]=0.0
steps[5].waypoint_hold_s[14]=0.0
steps[5].waypoint_hold_s[15]=0.2
steps[5].waypoint_hold_s[16]=0.0
steps[5].waypoint_hold_s[17]=0.0
steps[5].waypoint_hold_s[18]=0.0
steps[5].waypoint_hold_s[19]=0.0
steps[5].waypoint_hold_s[20]=0.0
steps[5].waypoint_hold_s[21]=0.2
steps[5].waypoint_hold_s[22]=0.0
steps[5].waypoint_hold_s[23]=0.0
steps[5].waypoint_hold_s[24]=0.0
steps[5].waypoint_hold_s[25]=0.0
steps[5].waypoint_hold_s[26]=0.0
steps[5].waypoint_hold_s[27]=0.2
steps[5].waypoint_hold_s[28]=0.0
steps[5].waypoint_hold_s[29]=0.0
steps[5].waypoint_hold_s[30]=0.0
steps[5].waypoint_hold_s[31]=0.0
steps[5].waypoint_hold_s[32]=0.0
steps[5].waypoint_hold_s[33]=0.2
steps[5].waypoint_hold_s[34]=0.0
steps[5].waypoint_hold_s[35]=0.0
steps[5].waypoint_hold_s[36]=0.0
steps[5].waypoint_hold_s[37]=0.0
steps[5].waypoint_hold_s[38]=0.0
steps[5].waypoint_hold_s[39]=0.2
steps[5].waypoint_hold_s[40]=0.0
steps[5].waypoint_hold_s[41]=0.0
steps[5].waypoint_hold_s[42]=0.0
steps[5].waypoint_hold_s[43]=0.0
steps[5].waypoint_hold_s[44]=0.0
steps[5].waypoint_hold_s[45]=0.2
steps[5].waypoint_hold_s[46]=0.0
steps[5].waypoint_hold_s[47]=0.0
steps[5].waypoint_hold_s[48]=0.0
steps[5].weld_weave_enabled=True
steps[5].weld_weave_pattern=sine
steps[5].weld_weave_amplitude_mm=4.0
steps[5].weld_weave_pitch_mm=8.0
steps[5].weld_weave_cycles=4
steps[5].weld_weave_actual_pitch_mm=7.794469747946137
steps[5].weld_weave_left_dwell_s=0.2
steps[5].weld_weave_right_dwell_s=0.2
steps[5].weld_weave_axis=tool_x
steps[5].waypoint_count=49
steps[5].waypoints[0].position_m.x=0.0908597088813336
steps[5].waypoints[0].position_m.y=-1.6788226153015657
steps[5].waypoints[0].position_m.z=0.67627428701056
steps[5].waypoints[0].orientation_xyzw.x=-0.439916334962194
steps[5].waypoints[0].orientation_xyzw.y=0.6302390408926912
steps[5].waypoints[0].orientation_xyzw.z=-0.531575568144504
steps[5].waypoints[0].orientation_xyzw.w=-0.35594913248937554
steps[5].waypoints[1].position_m.x=0.09153319871369008
steps[5].waypoints[1].position_m.y=-1.6791235626306362
steps[5].waypoints[1].position_m.z=0.6782434856426399
steps[5].waypoints[1].orientation_xyzw.x=-0.4399142491293934
steps[5].waypoints[1].orientation_xyzw.y=0.6302388936880405
steps[5].waypoints[1].orientation_xyzw.z=-0.5315775006132638
steps[5].waypoints[1].orientation_xyzw.w=-0.3559490850354196
steps[5].waypoints[2].position_m.x=0.09220001484521466
steps[5].waypoints[2].position_m.y=-1.6793344509692536
steps[5].waypoints[2].position_m.z=0.6796844495549935
steps[5].waypoints[2].orientation_xyzw.x=-0.43991216329302485
steps[5].waypoints[2].orientation_xyzw.y=0.630238746478279
steps[5].waypoints[2].orientation_xyzw.z=-0.5315794330777136
steps[5].waypoints[2].orientation_xyzw.w=-0.3559490375785772
steps[5].waypoints[3].position_m.x=0.09285527293526641
steps[5].waypoints[3].position_m.y=-1.6793893739936585
steps[5].waypoints[3].position_m.z=0.6802104804264527
steps[5].waypoints[3].orientation_xyzw.x=-0.43991007745308813
steps[5].waypoints[3].orientation_xyzw.y=0.6302385992634069
steps[5].waypoints[3].orientation_xyzw.z=-0.5315813655378535
steps[5].waypoints[3].orientation_xyzw.w=-0.35594899011884834
steps[5].waypoints[4].position_m.x=0.09349718573586076
steps[5].waypoints[4].position_m.y=-1.6792642184907818
steps[5].waypoints[4].position_m.z=0.6796800351065103
steps[5].waypoints[4].orientation_xyzw.x=-0.4399079916095835
steps[5].waypoints[4].orientation_xyzw.y=0.630238452043424
steps[5].waypoints[4].orientation_xyzw.z=-0.5315832979936833
steps[5].waypoints[4].orientation_xyzw.w=-0.35594894265623306
steps[5].waypoints[5].position_m.x=0.0941275418585495
steps[5].waypoints[5].position_m.y=-1.6789831231435717
steps[5].waypoints[5].position_m.z=0.6782346523870558
steps[5].waypoints[5].orientation_xyzw.x=-0.4399059057625109
steps[5].waypoints[5].orientation_xyzw.y=0.6302383048183304
steps[5].waypoints[5].orientation_xyzw.z=-0.5315852304452032
steps[5].waypoints[5].orientation_xyzw.w=-0.35594889519073136
steps[5].waypoints[6].position_m.x=0.094751226392624
steps[5].waypoints[6].position_m.y=-1.6786120082597222
steps[5].waypoints[6].position_m.z=0.6762610281962107
steps[5].waypoints[6].orientation_xyzw.x=-0.43990381991187055
steps[5].waypoints[6].orientation_xyzw.y=0.6302381575881262
steps[5].waypoints[6].orientation_xyzw.z=-0.531587162892413
steps[5].waypoints[6].orientation_xyzw.w=-0.35594884772234336
steps[5].waypoints[7].position_m.x=0.09537491185804065
steps[5].waypoints[7].position_m.y=-1.678240910772266
steps[5].waypoints[7].position_m.z=0.6742874010285879
steps[5].waypoints[7].orientation_xyzw.x=-0.4399017340576623
steps[5].waypoints[7].orientation_xyzw.y=0.6302380103528112
steps[5].waypoints[7].orientation_xyzw.z=-0.5315890953353128
steps[5].waypoints[7].orientation_xyzw.w=-0.35594880025106873
steps[5].waypoints[8].position_m.x=0.09600527027565116
steps[5].waypoints[8].position_m.y=-1.677959858291536
steps[5].waypoints[8].position_m.z=0.6728420109740506
steps[5].waypoints[8].orientation_xyzw.x=-0.43989964819988636
steps[5].waypoints[8].orientation_xyzw.y=0.6302378631123857
steps[5].waypoints[8].orientation_xyzw.z=-0.5315910277739024
steps[5].waypoints[8].orientation_xyzw.w=-0.35594875277690785
steps[5].waypoints[9].position_m.x=0.0966471854380346
steps[5].waypoints[9].position_m.y=-1.6778347469041446
steps[5].waypoints[9].position_m.z=0.6723115581053024
steps[5].waypoints[9].orientation_xyzw.x=-0.4398975623385426
steps[5].waypoints[9].orientation_xyzw.y=0.6302377158668494
steps[5].waypoints[9].orientation_xyzw.z=-0.5315929602081818
steps[5].waypoints[9].orientation_xyzw.w=-0.35594870529986045
steps[5].waypoints[10].position_m.x=0.09730244439256115
steps[5].waypoints[10].position_m.y=-1.6778896860759378
steps[5].waypoints[10].position_m.z=0.6728375862137067
steps[5].waypoints[10].orientation_xyzw.x=-0.4398954764736313
steps[5].waypoints[10].orientation_xyzw.y=0.6302375686162025
steps[5].waypoints[10].orientation_xyzw.z=-0.531594892638151
steps[5].waypoints[10].orientation_xyzw.w=-0.3559486578199267
steps[5].waypoints[11].position_m.x=0.09796925872826875
steps[5].waypoints[11].position_m.y=-1.6781005408707739
steps[5].waypoints[11].position_m.z=0.6742785558658928
steps[5].waypoints[11].orientation_xyzw.x=-0.4398933906051523
steps[5].waypoints[11].orientation_xyzw.y=0.6302374213604449
steps[5].waypoints[11].orientation_xyzw.z=-0.5315968250638098
steps[5].waypoints[11].orientation_xyzw.w=-0.3559486103371064
steps[5].waypoints[12].position_m.x=0.09864274390391439
steps[5].waypoints[12].position_m.y=-1.6784014012178785
steps[5].waypoints[12].position_m.z=0.6762477693818614
steps[5].waypoints[12].orientation_xyzw.x=-0.4398913047331057
steps[5].waypoints[12].orientation_xyzw.y=0.6302372740995766
steps[5].waypoints[12].orientation_xyzw.z=-0.5315987574851583
steps[5].waypoints[12].orientation_xyzw.w=-0.3559485628513998
steps[5].waypoints[13].position_m.x=0.09931622814820104
steps[5].waypoints[13].position_m.y=-1.678702244168306
steps[5].waypoints[13].position_m.z=0.6782169858741809
steps[5].waypoints[13].orientation_xyzw.x=-0.4398892188574917
steps[5].waypoints[13].orientation_xyzw.y=0.6302371268335977
steps[5].waypoints[13].orientation_xyzw.z=-0.5316006899021964
steps[5].waypoints[13].orientation_xyzw.w=-0.3559485153628068
steps[5].waypoints[14].position_m.x=0.09998304018894544
steps[5].waypoints[14].position_m.y=-1.6789130560959613
steps[5].waypoints[14].position_m.z=0.6796579628603984
steps[5].waypoints[14].orientation_xyzw.x=-0.43988713297831017
steps[5].waypoints[14].orientation_xyzw.y=0.6302369795625081
steps[5].waypoints[14].orientation_xyzw.z=-0.5316026223149241
steps[5].waypoints[14].orientation_xyzw.w=-0.35594846787132733
steps[5].waypoints[15].position_m.x=0.1006382967816402
steps[5].waypoints[15].position_m.y=-1.6789679511515487
steps[5].waypoints[15].position_m.z=0.6801839985165264
steps[5].waypoints[15].orientation_xyzw.x=-0.4398850470955613
steps[5].waypoints[15].orientation_xyzw.y=0.6302368322863079
steps[5].waypoints[15].orientation_xyzw.z=-0.5316045547233412
steps[5].waypoints[15].orientation_xyzw.w=-0.35594842037696145
steps[5].waypoints[16].position_m.x=0.10128021107953321
steps[5].waypoints[16].position_m.y=-1.6788428236165052
steps[5].waypoints[16].position_m.z=0.6796535484104368
steps[5].waypoints[16].orientation_xyzw.x=-0.439882961209245
steps[5].waypoints[16].orientation_xyzw.y=0.6302366850049971
steps[5].waypoints[16].orientation_xyzw.z=-0.531606487127448
steps[5].waypoints[16].orientation_xyzw.w=-0.35594837287970915
steps[5].waypoints[17].position_m.x=0.10191057129299315
steps[5].waypoints[17].position_m.y=-1.678561804680105
steps[5].waypoints[17].position_m.z=0.67820815261689
steps[5].waypoints[17].orientation_xyzw.x=-0.43988087531936154
steps[5].waypoints[17].orientation_xyzw.y=0.6302365377185756
steps[5].waypoints[17].orientation_xyzw.z=-0.531608419527244
steps[5].waypoints[17].orientation_xyzw.w=-0.3559483253795705
steps[5].waypoints[18].position_m.x=0.1025342614152048
steps[5].waypoints[18].position_m.y=-1.678190794176035
steps[5].waypoints[18].position_m.z=0.676234510567512
steps[5].waypoints[18].orientation_xyzw.x=-0.4398787894259107
steps[5].waypoints[18].orientation_xyzw.y=0.6302363904270434
steps[5].waypoints[18].orientation_xyzw.z=-0.5316103519227295
steps[5].waypoints[18].orientation_xyzw.w=-0.35594827787654537
steps[5].waypoints[19].position_m.x=0.10315795246879228
steps[5].waypoints[19].position_m.y=-1.6778198010689265
steps[5].waypoints[19].position_m.z=0.6742608655422097
steps[5].waypoints[19].orientation_xyzw.x=-0.4398767035288927
steps[5].waypoints[19].orientation_xyzw.y=0.6302362431304006
steps[5].waypoints[19].orientation_xyzw.z=-0.5316122843139043
steps[5].waypoints[19].orientation_xyzw.w=-0.3559482303706339
steps[5].waypoints[20].position_m.x=0.10378831497725689
steps[5].waypoints[20].position_m.y=-1.677538825000407
steps[5].waypoints[20].position_m.z=0.672815462415683
steps[5].waypoints[20].orientation_xyzw.x=-0.4398746176283075
steps[5].waypoints[20].orientation_xyzw.y=0.6302360958286473
steps[5].waypoints[20].orientation_xyzw.z=-0.5316142167007685
steps[5].waypoints[20].orientation_xyzw.w=-0.3559481828618359
steps[5].waypoints[21].position_m.x=0.10443023163702439
steps[5].waypoints[21].position_m.y=-1.6774137415822898
steps[5].waypoints[21].position_m.z=0.6722850047629518
steps[5].waypoints[21].orientation_xyzw.x=-0.4398725317241552
steps[5].waypoints[21].orientation_xyzw.y=0.6302359485217831
steps[5].waypoints[21].orientation_xyzw.z=-0.5316161490833217
steps[5].waypoints[21].orientation_xyzw.w=-0.35594813535015163
steps[5].waypoints[22].position_m.x=0.1050854890942252
steps[5].waypoints[22].position_m.y=-1.677468652785793
steps[5].waypoints[22].position_m.z=0.6728110376568173
steps[5].waypoints[22].orientation_xyzw.x=-0.4398704458164358
steps[5].waypoints[22].orientation_xyzw.y=0.6302358012098085
steps[5].waypoints[22].orientation_xyzw.z=-0.5316180814615642
steps[5].waypoints[22].orientation_xyzw.w=-0.35594808783558085
steps[5].waypoints[23].position_m.x=0.10575229933908771
steps[5].waypoints[23].position_m.y=-1.6776794311685712
steps[5].waypoints[23].position_m.z=0.6742520203812217
steps[5].waypoints[23].orientation_xyzw.x=-0.43986835990514955
steps[5].waypoints[23].orientation_xyzw.y=0.6302356538927233
steps[5].waypoints[23].orientation_xyzw.z=-0.531620013835496
steps[5].waypoints[23].orientation_xyzw.w=-0.35594804031812377
steps[5].waypoints[24].position_m.x=0.1064257789264952
steps[5].waypoints[24].position_m.y=-1.6779801871341915
steps[5].waypoints[24].position_m.z=0.6762212517531627
steps[5].waypoints[24].orientation_xyzw.x=-0.4398662739902962
steps[5].waypoints[24].orientation_xyzw.y=0.6302355065705272
steps[5].waypoints[24].orientation_xyzw.z=-0.5316219462051166
steps[5].waypoints[24].orientation_xyzw.w=-0.3559479927977802
steps[5].waypoints[25].position_m.x=0.10709925758251002
steps[5].waypoints[25].position_m.y=-1.678280925702566
steps[5].waypoints[25].position_m.z=0.6781904861006013
steps[5].waypoints[25].orientation_xyzw.x=-0.43986418807187605
steps[5].waypoints[25].orientation_xyzw.y=0.6302353592432207
steps[5].waypoints[25].orientation_xyzw.z=-0.5316238785704265
steps[5].waypoints[25].orientation_xyzw.w=-0.3559479452745502
steps[5].waypoints[26].position_m.x=0.10776606553232636
steps[5].waypoints[26].position_m.y=-1.6784916612167633
steps[5].waypoints[26].position_m.z=0.679631476156934
steps[5].waypoints[26].orientation_xyzw.x=-0.439862102149889
steps[5].waypoints[26].orientation_xyzw.y=0.6302352119108037
steps[5].waypoints[26].orientation_xyzw.z=-0.5316258109314252
steps[5].waypoints[26].orientation_xyzw.w=-0.35594789774843394
steps[5].waypoints[27].position_m.x=0.10842132062761002
steps[5].waypoints[27].position_m.y=-1.6785465283026195
steps[5].waypoints[27].position_m.z=0.6801575165963589
steps[5].waypoints[27].orientation_xyzw.x=-0.4398600162243351
steps[5].waypoints[27].orientation_xyzw.y=0.6302350645732758
steps[5].waypoints[27].orientation_xyzw.z=-0.531627743288113
steps[5].waypoints[27].orientation_xyzw.w=-0.35594785021943115
steps[5].waypoints[28].position_m.x=0.10906323642285584
steps[5].waypoints[28].position_m.y=-1.6784214287363228
steps[5].waypoints[28].position_m.z=0.6796270617054941
steps[5].waypoints[28].orientation_xyzw.x=-0.4398579302952146
steps[5].waypoints[28].orientation_xyzw.y=0.6302349172306375
steps[5].waypoints[28].orientation_xyzw.z=-0.5316296756404897
steps[5].waypoints[28].orientation_xyzw.w=-0.35594780268754206
steps[5].waypoints[29].position_m.x=0.1096936007272348
steps[5].waypoints[29].position_m.y=-1.6781404862132283
steps[5].waypoints[29].position_m.z=0.6781816528416035
steps[5].waypoints[29].orientation_xyzw.x=-0.4398558443625273
steps[5].waypoints[29].orientation_xyzw.y=0.6302347698828886
steps[5].waypoints[29].orientation_xyzw.z=-0.5316316079885552
steps[5].waypoints[29].orientation_xyzw.w=-0.3559477551527665
steps[5].waypoints[30].position_m.x=0.1103172964377856
steps[5].waypoints[30].position_m.y=-1.6777695800923478
steps[5].waypoints[30].position_m.z=0.6762079929388133
steps[5].waypoints[30].orientation_xyzw.x=-0.4398537584262734
steps[5].waypoints[30].orientation_xyzw.y=0.6302346225300292
steps[5].waypoints[30].orientation_xyzw.z=-0.5316335403323096
steps[5].waypoints[30].orientation_xyzw.w=-0.3559477076151046
steps[5].waypoints[31].position_m.x=0.1109409930797459
steps[5].waypoints[31].position_m.y=-1.6773986913689969
steps[5].waypoints[31].position_m.z=0.6742343300609525
steps[5].waypoints[31].orientation_xyzw.x=-0.43985167248645285
steps[5].waypoints[31].orientation_xyzw.y=0.6302344751720589
steps[5].waypoints[31].orientation_xyzw.z=-0.5316354726717526
steps[5].waypoints[31].orientation_xyzw.w=-0.35594766007455625
steps[5].waypoints[32].position_m.x=0.11157135967921249
steps[5].waypoints[32].position_m.y=-1.6771177917151836
steps[5].waypoints[32].position_m.z=0.6727889138661849
steps[5].waypoints[32].orientation_xyzw.x=-0.4398495865430658
steps[5].waypoints[32].orientation_xyzw.y=0.6302343278089781
steps[5].waypoints[32].orientation_xyzw.z=-0.5316374050068844
steps[5].waypoints[32].orientation_xyzw.w=-0.3559476125311215
steps[5].waypoints[33].position_m.x=0.11221327783641813
steps[5].waypoints[33].position_m.y=-1.6769927362672543
steps[5].waypoints[33].position_m.z=0.6722584514308428
steps[5].waypoints[33].orientation_xyzw.x=-0.4398475005961122
steps[5].waypoints[33].orientation_xyzw.y=0.6302341804407868
steps[5].waypoints[33].orientation_xyzw.z=-0.531639337337705
steps[5].waypoints[33].orientation_xyzw.w=-0.35594756498480035
steps[5].waypoints[34].position_m.x=0.1128685337962391
steps[5].waypoints[34].position_m.y=-1.677047619501554
steps[5].waypoints[34].position_m.z=0.6727844891087976
steps[5].waypoints[34].orientation_xyzw.x=-0.4398454146455923
steps[5].waypoints[34].orientation_xyzw.y=0.630234033067485
steps[5].waypoints[34].orientation_xyzw.z=-0.5316412696642141
steps[5].waypoints[34].orientation_xyzw.w=-0.3559475174355929
steps[5].waypoints[35].position_m.x=0.11353533995010864
steps[5].waypoints[35].position_m.y=-1.6772583214697783
steps[5].waypoints[35].position_m.z=0.6742254849016714
steps[5].waypoints[35].orientation_xyzw.x=-0.43984332869150583
steps[5].waypoints[35].orientation_xyzw.y=0.6302338856890725
steps[5].waypoints[35].orientation_xyzw.z=-0.5316432019864117
steps[5].waypoints[35].orientation_xyzw.w=-0.35594746988349896
steps[5].waypoints[36].position_m.x=0.114208813949076
steps[5].waypoints[36].position_m.y=-1.6775589730505043
steps[5].waypoints[36].position_m.z=0.676194734124464
steps[5].waypoints[36].orientation_xyzw.x=-0.4398412427338531
steps[5].waypoints[36].orientation_xyzw.y=0.6302337383055494
steps[5].waypoints[36].orientation_xyzw.z=-0.5316451343042979
steps[5].waypoints[36].orientation_xyzw.w=-0.3559474223285187
steps[5].waypoints[37].position_m.x=0.11488228701661703
steps[5].waypoints[37].position_m.y=-1.6778596072334164
steps[5].waypoints[37].position_m.z=0.6781639863219007
steps[5].waypoints[37].orientation_xyzw.x=-0.4398391567726341
steps[5].waypoints[37].orientation_xyzw.y=0.6302335909169159
steps[5].waypoints[37].orientation_xyzw.z=-0.5316470666178728
steps[5].waypoints[37].orientation_xyzw.w=-0.3559473747706521
steps[5].waypoints[38].position_m.x=0.11554909087535745
steps[5].waypoints[38].position_m.y=-1.6780702663316593
steps[5].waypoints[38].position_m.z=0.6796049894445997
steps[5].waypoints[38].orientation_xyzw.x=-0.4398370708078488
steps[5].waypoints[38].orientation_xyzw.y=0.6302334435231717
steps[5].waypoints[38].orientation_xyzw.z=-0.5316489989271359
steps[5].waypoints[38].orientation_xyzw.w=-0.3559473272098989
steps[5].waypoints[39].position_m.x=0.1162043444731759
steps[5].waypoints[39].position_m.y=-1.6781251054468709
steps[5].waypoints[39].position_m.z=0.6801310346659493
steps[5].waypoints[39].orientation_xyzw.x=-0.4398349848394974
steps[5].waypoints[39].orientation_xyzw.y=0.6302332961243169
steps[5].waypoints[39].orientation_xyzw.z=-0.5316509312320874
steps[5].waypoints[39].orientation_xyzw.w=-0.35594727964625955
steps[5].waypoints[40].position_m.x=0.11684626176582862
steps[5].waypoints[40].position_m.y=-1.6780000338502343
steps[5].waypoints[40].position_m.z=0.6796005749916816
steps[5].waypoints[40].orientation_xyzw.x=-0.43983289886757976
steps[5].waypoints[40].orientation_xyzw.y=0.6302331487203515
steps[5].waypoints[40].orientation_xyzw.z=-0.5316528635327273
steps[5].waypoints[40].orientation_xyzw.w=-0.3559472320797337
steps[5].waypoints[41].position_m.x=0.11747663016127446
steps[5].waypoints[41].position_m.y=-1.677719167742942
steps[5].waypoints[41].position_m.z=0.6781551530611957
steps[5].waypoints[41].orientation_xyzw.x=-0.43983081289209613
steps[5].waypoints[41].orientation_xyzw.y=0.6302330013112758
steps[5].waypoints[41].orientation_xyzw.z=-0.5316547958290555
steps[5].waypoints[41].orientation_xyzw.w=-0.35594718451032153
steps[5].waypoints[42].position_m.x=0.1181003314603664
steps[5].waypoints[42].position_m.y=-1.6773483660086606
steps[5].waypoints[42].position_m.z=0.6761814753101146
steps[5].waypoints[42].orientation_xyzw.x=-0.43982872691304636
steps[5].waypoints[42].orientation_xyzw.y=0.6302328538970893
steps[5].waypoints[42].orientation_xyzw.z=-0.5316567281210719
steps[5].waypoints[42].orientation_xyzw.w=-0.3559471369380228
steps[5].waypoints[43].position_m.x=0.1187240336909015
steps[5].waypoints[43].position_m.y=-1.6769775816724772
steps[5].waypoints[43].position_m.z=0.6742077945848164
steps[5].waypoints[43].orientation_xyzw.x=-0.4398266409304307
steps[5].waypoints[43].orientation_xyzw.y=0.6302327064777924
steps[5].waypoints[43].orientation_xyzw.z=-0.5316586604087766
steps[5].waypoints[43].orientation_xyzw.w=-0.3559470893628379
steps[5].waypoints[44].position_m.x=0.11935440438151794
steps[5].waypoints[44].position_m.y=-1.6766967584358663
steps[5].waypoints[44].position_m.z=0.672762365325557
steps[5].waypoints[44].orientation_xyzw.x=-0.439824554944249
steps[5].waypoints[44].orientation_xyzw.y=0.6302325590533848
steps[5].waypoints[44].orientation_xyzw.z=-0.5316605926921694
steps[5].waypoints[44].orientation_xyzw.w=-0.35594704178476655
steps[5].waypoints[45].position_m.x=0.11999632403621585
steps[5].waypoints[45].position_m.y=-1.6765717309590387
steps[5].waypoints[45].position_m.z=0.6722318981089764
steps[5].waypoints[45].orientation_xyzw.x=-0.43982246895450144
steps[5].waypoints[45].orientation_xyzw.y=0.6302324116238668
steps[5].waypoints[45].orientation_xyzw.z=-0.5316625249712501
steps[5].waypoints[45].orientation_xyzw.w=-0.3559469942038088
steps[5].waypoints[46].position_m.x=0.12065157849860286
steps[5].waypoints[46].position_m.y=-1.676626586223221
steps[5].waypoints[46].position_m.z=0.6727579405696481
steps[5].waypoints[46].orientation_xyzw.x=-0.4398203829611881
steps[5].waypoints[46].orientation_xyzw.y=0.6302322641892382
steps[5].waypoints[46].orientation_xyzw.z=-0.5316644572460192
steps[5].waypoints[46].orientation_xyzw.w=-0.3559469466199647
steps[5].waypoints[47].position_m.x=0.12131838056133158
steps[5].waypoints[47].position_m.y=-1.676837211774395
steps[5].waypoints[47].position_m.z=0.6741989494272423
steps[5].waypoints[47].orientation_xyzw.x=-0.439818296964309
steps[5].waypoints[47].orientation_xyzw.y=0.6302321167494991
steps[5].waypoints[47].orientation_xyzw.z=-0.5316663895164762
steps[5].waypoints[47].orientation_xyzw.w=-0.35594689903323423
steps[5].waypoints[48].position_m.x=0.1219918489716568
steps[5].waypoints[48].position_m.y=-1.677137758966817
steps[5].waypoints[48].position_m.z=0.6761682164957653
steps[5].waypoints[48].orientation_xyzw.x=-0.43981621096386414
steps[5].waypoints[48].orientation_xyzw.y=0.6302319693046494
steps[5].waypoints[48].orientation_xyzw.z=-0.5316683217826211
steps[5].waypoints[48].orientation_xyzw.w=-0.3559468514436174
steps[5].lead_start.position_m.x=0.0908597088813336
steps[5].lead_start.position_m.y=-1.6788226153015657
steps[5].lead_start.position_m.z=0.67627428701056
steps[5].lead_start.orientation_xyzw.x=-0.439916334962194
steps[5].lead_start.orientation_xyzw.y=0.6302390408926912
steps[5].lead_start.orientation_xyzw.z=-0.531575568144504
steps[5].lead_start.orientation_xyzw.w=-0.35594913248937554
steps[5].usable_seam_start.position_m.x=0.0908597088813336
steps[5].usable_seam_start.position_m.y=-1.6788226153015657
steps[5].usable_seam_start.position_m.z=0.67627428701056
steps[5].usable_seam_start.orientation_xyzw.x=-0.439916334962194
steps[5].usable_seam_start.orientation_xyzw.y=0.6302390408926912
steps[5].usable_seam_start.orientation_xyzw.z=-0.531575568144504
steps[5].usable_seam_start.orientation_xyzw.w=-0.35594913248937554
steps[5].usable_seam_goal.position_m.x=0.1219918489716568
steps[5].usable_seam_goal.position_m.y=-1.677137758966817
steps[5].usable_seam_goal.position_m.z=0.6761682164957653
steps[5].usable_seam_goal.orientation_xyzw.x=-0.43981621096386414
steps[5].usable_seam_goal.orientation_xyzw.y=0.6302319693046494
steps[5].usable_seam_goal.orientation_xyzw.z=-0.5316683217826211
steps[5].usable_seam_goal.orientation_xyzw.w=-0.3559468514436174
steps[5].lead_end.position_m.x=0.1219918489716568
steps[5].lead_end.position_m.y=-1.677137758966817
steps[5].lead_end.position_m.z=0.6761682164957653
steps[5].lead_end.orientation_xyzw.x=-0.43981621096386414
steps[5].lead_end.orientation_xyzw.y=0.6302319693046494
steps[5].lead_end.orientation_xyzw.z=-0.5316683217826211
steps[5].lead_end.orientation_xyzw.w=-0.3559468514436174
steps[6].sequence_number=7
steps[6].type=digital_weld
steps[6].parallel_slot=5
steps[6].duration=0.0
steps[6].velocity_scale=0.3695263157894737
steps[6].tcp_speed_m_s=0.020227922857553177
steps[6].command=off
steps[6].weld_scenario_id=weld-86741523950698
steps[6].weld_scenario_stage=arc_off
steps[6].path_to_seam_speed_factor=0.42858579776655037
steps[6].trigger_before_goal=True
steps[6].arc_off_delay_s=0.0
steps[6].settings.current_a=220
steps[6].settings.voltage_tenths=260
steps[6].settings.voltage=26.0
steps[6].settings.material=FE-SOLID
steps[6].settings.diameter_mm=1.2
steps[6].settings.mode=LSM
steps[6].settings.gas=CO2 100%
steps[6].settings.synergic=False
steps[6].settings.correction=0.0
steps[6].settings.hot_start_enabled=True
steps[6].settings.hot_start_percent=5.0
steps[6].settings.hot_start_hold_adjustment=2
steps[6].settings.crater_enabled=False
steps[6].settings.crater_percent=27.27272727272727
steps[6].settings.crater_current_a=60.0
steps[6].settings.crater_voltage_v=25.0
steps[6].settings.crater_seconds=1.0
steps[6].settings.wire_consumable_alpha_mm=0.0
steps[6].settings.hot_start_current_a=231
steps[7].sequence_number=8
steps[7].type=motion
steps[7].parallel_slot=6
steps[7].duration=0.0
steps[7].planning_group=right_manipulator
steps[7].velocity_scale=0.3695263157894737
steps[7].tcp_speed_m_s=0.0
steps[7].interpolation_step=0.005
steps[7].path_kind=weld_end_to_taught_wait_fixed_attitude
steps[7].pose_name=weld_goal_wait
steps[7].pose_label=5 · Weld goal wait pose
steps[7].touch_guard=False
steps[7].continue_after_touch=False
steps[7].weld_scenario_id=weld-86741523950698
steps[7].weld_scenario_stage=goal_wait
steps[7].waypoint_count=1
steps[7].waypoints[0].position_m.x=0.12066296443259067
steps[7].waypoints[0].position_m.y=-1.6767226304187681
steps[7].waypoints[0].position_m.z=0.6766487995660706
steps[7].waypoints[0].orientation_xyzw.x=-0.43981621096386414
steps[7].waypoints[0].orientation_xyzw.y=0.6302319693046494
steps[7].waypoints[0].orientation_xyzw.z=-0.5316683217826211
steps[7].waypoints[0].orientation_xyzw.w=-0.3559468514436174
steps[8].sequence_number=9
steps[8].type=named_pose
steps[8].parallel_slot=7
steps[8].duration=0.0
steps[8].planning_group=right_manipulator
steps[8].velocity_scale=0.3695263157894737
steps[8].tcp_speed_m_s=0.0
steps[8].pose_name=weld_finish
steps[8].pose_label=7 · Weld end pose
steps[8].touch_guard=False
steps[8].continue_after_touch=False
steps[8].weld_scenario_id=weld-86741523950698
steps[8].weld_scenario_stage=finish
steps[8].target_tcp.position_m.x=0.03374943314549039
steps[8].target_tcp.position_m.y=-1.6540034193254145
steps[8].target_tcp.position_m.z=0.715025635008381
steps[8].target_tcp.orientation_xyzw.x=-0.43566855184384345
steps[8].target_tcp.orientation_xyzw.y=0.6334744147875092
steps[8].target_tcp.orientation_xyzw.z=-0.5283694748098694
steps[8].target_tcp.orientation_xyzw.w=-0.3601788123044635
steps[8].joint_names[0]=right_manipulator_joint1
steps[8].joint_names[1]=right_manipulator_joint2
steps[8].joint_names[2]=right_manipulator_joint3
steps[8].joint_names[3]=right_manipulator_joint4
steps[8].joint_names[4]=right_manipulator_joint5
steps[8].joint_names[5]=right_manipulator_joint6
steps[8].joint_positions_rad[0]=5.1848284314425666
steps[8].joint_positions_rad[1]=1.2821876952502465
steps[8].joint_positions_rad[2]=1.93160458707214
steps[8].joint_positions_rad[3]=3.604953654807699
steps[8].joint_positions_rad[4]=1.4520875191012685
steps[8].joint_positions_rad[5]=1.4500105197671158
steps[9].sequence_number=10
steps[9].type=digital_output
steps[9].parallel_slot=8
steps[9].duration=0.0
steps[9].port=0
steps[9].value=True
steps[9].weld_scenario_id=weld-86741523950698
steps[9].weld_scenario_stage=touch_output_on
hicomm_cyclic_period_ms=40.0
arc_wait_recognition=True
arc_wait_main_welding=True
arc_wait_established=True
arc_establishment_timeout_s=5.0

[summary]
rx_samples=140
welding_samples=0
wcr_seen=0
current_a.min=None
current_a.average=None
current_a.max=None
voltage_v.min=None
voltage_v.average=None
voltage_v.max=None
wire_feed_m_min.min=None
wire_feed_m_min.average=None
wire_feed_m_min.max=None

[production_metrics]
arc_started_elapsed_s=None
arc_completed_elapsed_s=None
arc_on_time_s=0.0
main_weld_arc_time_s=0.0
crater_arc_time_s=0.0
weld_motion_start_elapsed_s=0.012806739992811345
weld_motion_complete_elapsed_s=5.5606804129929515
weld_motion_duration_s=5.54787367300014
net_weld_arc_time_s=0.0
wire_feed_average_m_min=0.0
wire_consumable_base_mm=0.0
wire_consumable_alpha_mm=0.0
wire_consumable_mm=0.0
wire_consumable_formula=integral(WFS*1000/60*dt)+alpha
weld_motion_start_unix_time=1789624593.4358373
weld_motion_start_wall_time=2026-09-17 14:56:33.435
weld_motion_complete_unix_time=1789624598.98371
weld_motion_complete_wall_time=2026-09-17 14:56:38.983

[arc_off_control]

[teaching_snapshot_yaml]
robot_start:
  planning_group: right_manipulator
  joint_state:
    names:
    - right_manipulator_joint1
    - right_manipulator_joint2
    - right_manipulator_joint3
    - right_manipulator_joint4
    - right_manipulator_joint5
    - right_manipulator_joint6
    positions_rad:
    - 5.272090632984539
    - 1.1319069796756747
    - 2.106417676818249
    - 3.6901007738119302
    - 1.4686233526256796
    - 1.4680081624138712
  tcp_pose_world:
    position_m:
      x: 0.0593687026100857
      y: -1.566580876666292
      z: 0.8404797210507349
    orientation_xyzw:
      x: -0.435964943840794
      y: 0.633785310019272
      z: -0.5278153609885844
      w: -0.36008567487496485
weld_wait:
  planning_group: right_manipulator
  joint_state:
    names:
    - right_manipulator_joint1
    - right_manipulator_joint2
    - right_manipulator_joint3
    - right_manipulator_joint4
    - right_manipulator_joint5
    - right_manipulator_joint6
    positions_rad:
    - 5.116482663123427
    - 1.2840481795877758
    - 1.9530954981207522
    - 3.536391371491936
    - 1.4756325262986592
    - 1.454452938781477
  tcp_pose_world:
    position_m:
      x: -0.024663663255563212
      y: -1.6541218108581124
      z: 0.7151550325816947
    orientation_xyzw:
      x: -0.43569661139275795
      y: 0.6334772972744478
      z: -0.5283290120173573
      w: -0.3601991556340635
weld_start_wait:
  planning_group: right_manipulator
  joint_state:
    names:
    - right_manipulator_joint1
    - right_manipulator_joint2
    - right_manipulator_joint3
    - right_manipulator_joint4
    - right_manipulator_joint5
    - right_manipulator_joint6
    positions_rad:
    - 5.233057746151683
    - 1.324417706971742
    - 1.8502997437306203
    - 3.6554495859205822
    - 1.4171552345568628
    - 1.4351187887416652
  tcp_pose_world:
    position_m:
      x: 0.09079134373731917
      y: -1.677484588044181
      z: 0.6774624631984689
    orientation_xyzw:
      x: -0.43507525643945216
      y: 0.6335906814861262
      z: -0.528833094844607
      w: -0.36001101006103425
weld_start:
  planning_group: right_manipulator
  joint_state:
    names:
    - right_manipulator_joint1
    - right_manipulator_joint2
    - right_manipulator_joint3
    - right_manipulator_joint4
    - right_manipulator_joint5
    - right_manipulator_joint6
    positions_rad:
    - 5.225589691155835
    - 1.3258805200715251
    - 1.8510801572234374
    - 3.63260870767307
    - 1.419493093336756
    - 1.4355153690895848
  tcp_pose_world:
    position_m:
      x: 0.0908597088813336
      y: -1.6788226153015657
      z: 0.67627428701056
    orientation_xyzw:
      x: -0.439916334962194
      y: 0.6302390408926912
      z: -0.531575568144504
      w: -0.35594913248937554
weld_goal_wait:
  planning_group: right_manipulator
  joint_state:
    names:
    - right_manipulator_joint1
    - right_manipulator_joint2
    - right_manipulator_joint3
    - right_manipulator_joint4
    - right_manipulator_joint5
    - right_manipulator_joint6
    positions_rad:
    - 5.257844319049269
    - 1.3250821656637168
    - 1.839102482927382
    - 3.665929391126153
    - 1.4079133997840152
    - 1.4301333511810368
  tcp_pose_world:
    position_m:
      x: 0.12066296443259067
      y: -1.6767226304187681
      z: 0.6766487995660706
    orientation_xyzw:
      x: -0.4398149685349635
      y: 0.6302938461793097
      z: -0.5315614486955395
      w: -0.3559984370496327
weld_end:
  planning_group: right_manipulator
  joint_state:
    names:
    - right_manipulator_joint1
    - right_manipulator_joint2
    - right_manipulator_joint3
    - right_manipulator_joint4
    - right_manipulator_joint5
    - right_manipulator_joint6
    positions_rad:
    - 5.258856457282063
    - 1.3256978212012775
    - 1.8376282808424986
    - 3.6668040660473045
    - 1.407317847769058
    - 1.4298252977966515
  tcp_pose_world:
    position_m:
      x: 0.1219918489716568
      y: -1.677137758966817
      z: 0.6761682164957653
    orientation_xyzw:
      x: -0.43981621096386414
      y: 0.6302319693046494
      z: -0.5316683217826211
      w: -0.3559468514436174
weld_finish:
  planning_group: right_manipulator
  joint_state:
    names:
    - right_manipulator_joint1
    - right_manipulator_joint2
    - right_manipulator_joint3
    - right_manipulator_joint4
    - right_manipulator_joint5
    - right_manipulator_joint6
    positions_rad:
    - 5.1848284314425666
    - 1.2821876952502465
    - 1.93160458707214
    - 3.604953654807699
    - 1.4520875191012685
    - 1.4500105197671158
  tcp_pose_world:
    position_m:
      x: 0.03374943314549039
      y: -1.6540034193254145
      z: 0.715025635008381
    orientation_xyzw:
      x: -0.43566855184384345
      y: 0.6334744147875092
      z: -0.5283694748098694
      w: -0.3601788123044635

[touch_snapshot_yaml]
{}

[samples]
elapsed_s raw0 state arc gas fwd wcr current_a voltage_v wire_feed_m_min set_current_a set_voltage_v error db collision
0.005 0x00 idle 0 0 0 0 0 0.0 0.0 220 26.0 0 0 0
0.046 0x00 idle 0 0 0 0 0 0.0 0.0 220 26.0 0 0 0
0.091 0x00 idle 0 0 0 0 0 0.0 0.0 220 26.0 0 0 0
0.126 0x00 idle 0 0 0 0 0 0.0 0.0 220 26.0 0 0 0
0.167 0x00 idle 0 0 0 0 0 0.0 0.0 220 26.0 0 0 0
0.205 0x00 idle 0 0 0 0 0 0.0 0.0 220 26.0 0 0 0
0.253 0x00 idle 0 0 0 0 0 0.0 0.0 220 26.0 0 0 0
0.284 0x00 idle 0 0 0 0 0 0.0 0.0 220 26.0 0 0 0
0.329 0x00 idle 0 0 0 0 0 0.0 0.0 220 26.0 0 0 0
0.362 0x00 idle 0 0 0 0 0 0.0 0.0 220 26.0 0 0 0
0.406 0x00 idle 0 0 0 0 0 0.0 0.0 220 26.0 0 0 0
0.446 0x00 idle 0 0 0 0 0 0.0 0.0 220 26.0 0 0 0
0.485 0x00 idle 0 0 0 0 0 0.0 0.0 220 26.0 0 0 0
0.524 0x00 idle 0 0 0 0 0 0.0 0.0 220 26.0 0 0 0
0.565 0x00 idle 0 0 0 0 0 0.0 0.0 220 26.0 0 0 0
0.607 0x00 idle 0 0 0 0 0 0.0 0.0 220 26.0 0 0 0
0.646 0x00 idle 0 0 0 0 0 0.0 0.0 220 26.0 0 0 0
0.686 0x00 idle 0 0 0 0 0 0.0 0.0 220 26.0 0 0 0
0.726 0x00 idle 0 0 0 0 0 0.0 0.0 220 26.0 0 0 0
0.763 0x00 idle 0 0 0 0 0 0.0 0.0 220 26.0 0 0 0
0.806 0x00 idle 0 0 0 0 0 0.0 0.0 220 26.0 0 0 0
0.844 0x00 idle 0 0 0 0 0 0.0 0.0 220 26.0 0 0 0
0.889 0x00 idle 0 0 0 0 0 0.0 0.0 220 26.0 0 0 0
0.923 0x00 idle 0 0 0 0 0 0.0 0.0 220 26.0 0 0 0
0.968 0x00 idle 0 0 0 0 0 0.0 0.0 220 26.0 0 0 0
1.038 0x00 idle 0 0 0 0 0 0.0 0.0 220 26.0 0 0 0
1.052 0x00 idle 0 0 0 0 0 0.0 0.0 220 26.0 0 0 0
1.084 0x00 idle 0 0 0 0 0 0.0 0.0 220 26.0 0 0 0
1.128 0x00 idle 0 0 0 0 0 0.0 0.0 220 26.0 0 0 0
1.164 0x00 idle 0 0 0 0 0 0.0 0.0 220 26.0 0 0 0
1.203 0x00 idle 0 0 0 0 0 0.0 0.0 220 26.0 0 0 0
1.245 0x00 idle 0 0 0 0 0 0.0 0.0 220 26.0 0 0 0
1.288 0x00 idle 0 0 0 0 0 0.0 0.0 220 26.0 0 0 0
1.324 0x00 idle 0 0 0 0 0 0.0 0.0 220 26.0 0 0 0
1.369 0x00 idle 0 0 0 0 0 0.0 0.0 220 26.0 0 0 0
1.410 0x00 idle 0 0 0 0 0 0.0 0.0 220 26.0 0 0 0
1.446 0x00 idle 0 0 0 0 0 0.0 0.0 220 26.0 0 0 0
1.486 0x00 idle 0 0 0 0 0 0.0 0.0 220 26.0 0 0 0
1.565 0x00 idle 0 0 0 0 0 0.0 0.0 220 26.0 0 0 0
1.580 0x00 idle 0 0 0 0 0 0.0 0.0 220 26.0 0 0 0
1.613 0x00 idle 0 0 0 0 0 0.0 0.0 220 26.0 0 0 0
1.650 0x00 idle 0 0 0 0 0 0.0 0.0 220 26.0 0 0 0
1.694 0x00 idle 0 0 0 0 0 0.0 0.0 220 26.0 0 0 0
1.734 0x00 idle 0 0 0 0 0 0.0 0.0 220 26.0 0 0 0
1.774 0x00 idle 0 0 0 0 0 0.0 0.0 220 26.0 0 0 0
1.811 0x00 idle 0 0 0 0 0 0.0 0.0 220 26.0 0 0 0
1.866 0x00 idle 0 0 0 0 0 0.0 0.0 220 26.0 0 0 0
1.891 0x00 idle 0 0 0 0 0 0.0 0.0 220 26.0 0 0 0
1.928 0x00 idle 0 0 0 0 0 0.0 0.0 220 26.0 0 0 0
1.971 0x00 idle 0 0 0 0 0 0.0 0.0 220 26.0 0 0 0
2.009 0x00 idle 0 0 0 0 0 0.0 0.0 220 26.0 0 0 0
2.059 0x00 idle 0 0 0 0 0 0.0 0.0 220 26.0 0 0 0
2.105 0x00 idle 0 0 0 0 0 0.0 0.0 220 26.0 0 0 0
2.129 0x00 idle 0 0 0 0 0 0.0 0.0 220 26.0 0 0 0
2.167 0x00 idle 0 0 0 0 0 0.0 0.0 220 26.0 0 0 0
2.211 0x00 idle 0 0 0 0 0 0.0 0.0 220 26.0 0 0 0
2.256 0x00 idle 0 0 0 0 0 0.0 0.0 220 26.0 0 0 0
2.289 0x00 idle 0 0 0 0 0 0.0 0.0 220 26.0 0 0 0
2.331 0x00 idle 0 0 0 0 0 0.0 0.0 220 26.0 0 0 0
2.386 0x00 idle 0 0 0 0 0 0.0 0.0 220 26.0 0 0 0
2.410 0x00 idle 0 0 0 0 0 0.0 0.0 220 26.0 0 0 0
2.452 0x00 idle 0 0 0 0 0 0.0 0.0 220 26.0 0 0 0
2.490 0x00 idle 0 0 0 0 0 0.0 0.0 220 26.0 0 0 0
2.531 0x00 idle 0 0 0 0 0 0.0 0.0 220 26.0 0 0 0
2.571 0x00 idle 0 0 0 0 0 0.0 0.0 220 26.0 0 0 0
2.616 0x00 idle 0 0 0 0 0 0.0 0.0 220 26.0 0 0 0
2.667 0x00 idle 0 0 0 0 0 0.0 0.0 220 26.0 0 0 0
2.689 0x00 idle 0 0 0 0 0 0.0 0.0 220 26.0 0 0 0
2.733 0x00 idle 0 0 0 0 0 0.0 0.0 220 26.0 0 0 0
2.795 0x00 idle 0 0 0 0 0 0.0 0.0 220 26.0 0 0 0
2.812 0x00 idle 0 0 0 0 0 0.0 0.0 220 26.0 0 0 0
2.879 0x00 idle 0 0 0 0 0 0.0 0.0 220 26.0 0 0 0
2.900 0x00 idle 0 0 0 0 0 0.0 0.0 220 26.0 0 0 0
2.932 0x00 idle 0 0 0 0 0 0.0 0.0 220 26.0 0 0 0
2.970 0x00 idle 0 0 0 0 0 0.0 0.0 220 26.0 0 0 0
3.011 0x00 idle 0 0 0 0 0 0.0 0.0 220 26.0 0 0 0
3.054 0x00 idle 0 0 0 0 0 0.0 0.0 220 26.0 0 0 0
3.091 0x00 idle 0 0 0 0 0 0.0 0.0 220 26.0 0 0 0
3.134 0x00 idle 0 0 0 0 0 0.0 0.0 220 26.0 0 0 0
3.173 0x00 idle 0 0 0 0 0 0.0 0.0 220 26.0 0 0 0
3.214 0x00 idle 0 0 0 0 0 0.0 0.0 220 26.0 0 0 0
3.254 0x00 idle 0 0 0 0 0 0.0 0.0 220 26.0 0 0 0
3.296 0x00 idle 0 0 0 0 0 0.0 0.0 220 26.0 0 0 0
3.329 0x00 idle 0 0 0 0 0 0.0 0.0 220 26.0 0 0 0
3.376 0x00 idle 0 0 0 0 0 0.0 0.0 220 26.0 0 0 0
3.411 0x00 idle 0 0 0 0 0 0.0 0.0 220 26.0 0 0 0
3.450 0x00 idle 0 0 0 0 0 0.0 0.0 220 26.0 0 0 0
3.489 0x00 idle 0 0 0 0 0 0.0 0.0 220 26.0 0 0 0
3.531 0x00 idle 0 0 0 0 0 0.0 0.0 220 26.0 0 0 0
3.568 0x00 idle 0 0 0 0 0 0.0 0.0 220 26.0 0 0 0
3.616 0x00 idle 0 0 0 0 0 0.0 0.0 220 26.0 0 0 0
3.649 0x00 idle 0 0 0 0 0 0.0 0.0 220 26.0 0 0 0
3.692 0x00 idle 0 0 0 0 0 0.0 0.0 220 26.0 0 0 0
3.745 0x00 idle 0 0 0 0 0 0.0 0.0 220 26.0 0 0 0
3.774 0x00 idle 0 0 0 0 0 0.0 0.0 220 26.0 0 0 0
3.813 0x00 idle 0 0 0 0 0 0.0 0.0 220 26.0 0 0 0
3.851 0x00 idle 0 0 0 0 0 0.0 0.0 220 26.0 0 0 0
3.891 0x00 idle 0 0 0 0 0 0.0 0.0 220 26.0 0 0 0
3.936 0x00 idle 0 0 0 0 0 0.0 0.0 220 26.0 0 0 0
3.973 0x00 idle 0 0 0 0 0 0.0 0.0 220 26.0 0 0 0
4.011 0x00 idle 0 0 0 0 0 0.0 0.0 220 26.0 0 0 0
4.052 0x00 idle 0 0 0 0 0 0.0 0.0 220 26.0 0 0 0
4.089 0x00 idle 0 0 0 0 0 0.0 0.0 220 26.0 0 0 0
4.130 0x00 idle 0 0 0 0 0 0.0 0.0 220 26.0 0 0 0
4.175 0x00 idle 0 0 0 0 0 0.0 0.0 220 26.0 0 0 0
4.211 0x00 idle 0 0 0 0 0 0.0 0.0 220 26.0 0 0 0
4.254 0x00 idle 0 0 0 0 0 0.0 0.0 220 26.0 0 0 0
4.289 0x00 idle 0 0 0 0 0 0.0 0.0 220 26.0 0 0 0
4.331 0x00 idle 0 0 0 0 0 0.0 0.0 220 26.0 0 0 0
4.372 0x00 idle 0 0 0 0 0 0.0 0.0 220 26.0 0 0 0
4.412 0x00 idle 0 0 0 0 0 0.0 0.0 220 26.0 0 0 0
4.451 0x00 idle 0 0 0 0 0 0.0 0.0 220 26.0 0 0 0
4.494 0x00 idle 0 0 0 0 0 0.0 0.0 220 26.0 0 0 0
4.534 0x00 idle 0 0 0 0 0 0.0 0.0 220 26.0 0 0 0
4.576 0x00 idle 0 0 0 0 0 0.0 0.0 220 26.0 0 0 0
4.612 0x00 idle 0 0 0 0 0 0.0 0.0 220 26.0 0 0 0
4.651 0x00 idle 0 0 0 0 0 0.0 0.0 220 26.0 0 0 0
4.700 0x00 idle 0 0 0 0 0 0.0 0.0 220 26.0 0 0 0
4.734 0x00 idle 0 0 0 0 0 0.0 0.0 220 26.0 0 0 0
4.769 0x00 idle 0 0 0 0 0 0.0 0.0 220 26.0 0 0 0
4.817 0x00 idle 0 0 0 0 0 0.0 0.0 220 26.0 0 0 0
4.860 0x00 idle 0 0 0 0 0 0.0 0.0 220 26.0 0 0 0
4.892 0x00 idle 0 0 0 0 0 0.0 0.0 220 26.0 0 0 0
4.933 0x00 idle 0 0 0 0 0 0.0 0.0 220 26.0 0 0 0
4.968 0x00 idle 0 0 0 0 0 0.0 0.0 220 26.0 0 0 0
5.018 0x00 idle 0 0 0 0 0 0.0 0.0 220 26.0 0 0 0
5.055 0x00 idle 0 0 0 0 0 0.0 0.0 220 26.0 0 0 0
5.104 0x00 idle 0 0 0 0 0 0.0 0.0 220 26.0 0 0 0
5.135 0x00 idle 0 0 0 0 0 0.0 0.0 220 26.0 0 0 0
5.171 0x00 idle 0 0 0 0 0 0.0 0.0 220 26.0 0 0 0
5.211 0x00 idle 0 0 0 0 0 0.0 0.0 220 26.0 0 0 0
5.253 0x00 idle 0 0 0 0 0 0.0 0.0 220 26.0 0 0 0
5.293 0x00 idle 0 0 0 0 0 0.0 0.0 220 26.0 0 0 0
5.328 0x00 idle 0 0 0 0 0 0.0 0.0 220 26.0 0 0 0
5.372 0x00 idle 0 0 0 0 0 0.0 0.0 220 26.0 0 0 0
5.410 0x00 idle 0 0 0 0 0 0.0 0.0 220 26.0 0 0 0
5.454 0x00 idle 0 0 0 0 0 0.0 0.0 220 26.0 0 0 0
5.497 0x00 idle 0 0 0 0 0 0.0 0.0 220 26.0 0 0 0
5.547 0x00 idle 0 0 0 0 0 0.0 0.0 220 26.0 0 0 0
5.571 0x00 idle 0 0 0 0 0 0.0 0.0 220 26.0 0 0 0

[tcp_trajectory]
elapsed_s x_m y_m z_m qx qy qz qw speed_m_s tf_stamp_s along_mm remaining_mm cross_track_mm progress waypoint phase
0.0009 0.0910122 -1.6786078 0.6767177 -0.43979628 0.63026033 -0.53165072 -0.35594754 0.000000 1789624593.407908916 0.162 31.015 0.490 0.00000 -1 ACTUAL_TF
0.0481 0.0910103 -1.6787574 0.6766486 -0.43980429 0.63024015 -0.53167270 -0.35594055 0.002945 1789624593.463873863 0.153 31.025 0.379 0.00000 -1 ACTUAL_TF
0.1032 0.0909909 -1.6788422 0.6766068 -0.43983670 0.63021052 -0.53166665 -0.35596201 0.002579 1789624593.519867182 0.129 31.049 0.334 0.00000 -1 ACTUAL_TF
0.1621 0.0909863 -1.6788820 0.6765829 -0.43983402 0.63020943 -0.53167336 -0.35595722 0.002055 1789624593.575871944 0.122 31.056 0.316 0.00000 -1 ACTUAL_TF
0.2171 0.0909877 -1.6789126 0.6765643 -0.43983258 0.63020873 -0.53167863 -0.35595237 0.001630 1789624593.631828785 0.122 31.056 0.306 0.00000 -1 ACTUAL_TF
0.2740 0.0909773 -1.6789196 0.6765446 -0.43983499 0.63021016 -0.53167544 -0.35595164 0.001266 1789624593.687848568 0.111 31.067 0.290 0.00000 -1 ACTUAL_TF
0.3346 0.0909603 -1.6789037 0.6765334 -0.43983997 0.63021471 -0.53166634 -0.35595101 0.001025 1789624593.743864298 0.095 31.083 0.273 0.00000 -1 ACTUAL_TF
0.3851 0.0908735 -1.6787909 0.6764907 -0.43985687 0.63024612 -0.53160889 -0.35596033 0.001513 1789624593.799875498 0.015 31.163 0.219 0.00000 -1 ACTUAL_TF
0.4423 0.0909150 -1.6786752 0.6767648 -0.43990214 0.63032601 -0.53148555 -0.35594710 0.002669 1789624593.855855703 0.061 31.116 0.511 0.00000 -1 ACTUAL_TF
0.4970 0.0914546 -1.6789718 0.6778746 -0.43985505 0.63030289 -0.53154168 -0.35596243 0.008617 1789624593.912275314 0.581 30.597 1.613 0.00000 -1 ACTUAL_TF
0.5552 0.0918410 -1.6790098 0.6784989 -0.43990173 0.63029369 -0.53151761 -0.35595697 0.010003 1789624593.967810392 0.962 30.216 2.241 0.00000 -1 ACTUAL_TF
0.6181 0.0921599 -1.6791303 0.6791081 -0.43989310 0.63028746 -0.53152709 -0.35596452 0.010426 1789624594.028985739 1.272 29.906 2.863 0.00000 -1 ACTUAL_TF
0.6625 0.0923556 -1.6791689 0.6794398 -0.43989701 0.63027921 -0.53153603 -0.35596095 0.009575 1789624594.079982281 1.464 29.714 3.199 0.00000 -1 ACTUAL_TF
0.7252 0.0924665 -1.6792017 0.6796425 -0.43991289 0.63027002 -0.53152442 -0.35597491 0.007955 1789624594.135888100 1.572 29.605 3.406 0.00000 -1 ACTUAL_TF
0.7746 0.0925304 -1.6792015 0.6797195 -0.43991182 0.63027909 -0.53151900 -0.35596827 0.006104 1789624594.191878796 1.636 29.542 3.482 0.00000 -1 ACTUAL_TF
0.8341 0.0926977 -1.6792226 0.6797484 -0.43989097 0.63027314 -0.53154051 -0.35597245 0.005189 1789624594.247923613 1.802 29.376 3.516 0.00000 -1 ACTUAL_TF
0.8914 0.0930932 -1.6793628 0.6797718 -0.43983029 0.63022902 -0.53163933 -0.35597798 0.005884 1789624594.303900480 2.189 28.989 3.567 0.00000 -1 ACTUAL_TF
0.9494 0.0935858 -1.6793303 0.6791537 -0.43982387 0.63022358 -0.53164392 -0.35598870 0.008362 1789624594.359842062 2.685 28.493 2.962 0.00000 -1 ACTUAL_TF
1.0081 0.0940543 -1.6790285 0.6777280 -0.43991205 0.63023157 -0.53154392 -0.35601491 0.014048 1789624594.415876150 3.174 28.004 1.513 0.00000 -1 ACTUAL_TF
1.0646 0.0946243 -1.6787616 0.6764612 -0.43994614 0.63023156 -0.53153708 -0.35598303 0.017412 1789624594.471876860 3.762 27.416 0.245 0.00000 -1 ACTUAL_TF
1.1114 0.0952465 -1.6784395 0.6750752 -0.43999007 0.63021943 -0.53151650 -0.35598092 0.020506 1789624594.527891397 4.405 26.773 1.193 0.00000 -1 ACTUAL_TF
1.1719 0.0957029 -1.6783021 0.6742318 -0.43996118 0.63021876 -0.53153503 -0.35599016 0.019543 1789624594.583899021 4.871 26.307 2.042 0.00000 -1 ACTUAL_TF
1.2207 0.0960210 -1.6781083 0.6735216 -0.43998890 0.63022613 -0.53151111 -0.35597855 0.018489 1789624594.633930445 5.202 25.976 2.769 0.00000 -1 ACTUAL_TF
1.2765 0.0962822 -1.6780668 0.6731100 -0.43995940 0.63021831 -0.53153911 -0.35598706 0.015661 1789624594.687924385 5.466 25.712 3.179 0.00000 -1 ACTUAL_TF
1.3335 0.0964276 -1.6780329 0.6728711 -0.43995435 0.63021440 -0.53155032 -0.35598349 0.012469 1789624594.744036198 5.614 25.564 3.419 0.00000 -1 ACTUAL_TF
1.3903 0.0965202 -1.6779933 0.6726897 -0.43994715 0.63021633 -0.53155462 -0.35598255 0.009841 1789624594.799968958 5.709 25.469 3.603 0.00000 -1 ACTUAL_TF
1.4373 0.0965811 -1.6779894 0.6726551 -0.43993351 0.63021529 -0.53156420 -0.35598693 0.007297 1789624594.851486683 5.770 25.408 3.637 0.00000 -1 ACTUAL_TF
1.4998 0.0966881 -1.6779432 0.6726543 -0.43993083 0.63021486 -0.53156419 -0.35599102 0.005770 1789624594.904303312 5.880 25.298 3.644 0.00000 -1 ACTUAL_TF
1.5800 0.0968181 -1.6777943 0.6727005 -0.43993708 0.63024712 -0.53151941 -0.35599305 0.005133 1789624594.959956408 6.017 25.161 3.623 0.00000 -1 ACTUAL_TF
1.6059 0.0972904 -1.6778730 0.6734808 -0.43987651 0.63027834 -0.53155638 -0.35595742 0.008472 1789624595.016257524 6.482 24.696 2.836 0.00000 -1 ACTUAL_TF
1.6613 0.0977815 -1.6780589 0.6745151 -0.43985585 0.63026705 -0.53158683 -0.35595747 0.012178 1789624595.071960211 6.959 24.219 1.778 0.00000 -1 ACTUAL_TF
1.7194 0.0984349 -1.6782946 0.6760293 -0.43984625 0.63027014 -0.53158961 -0.35595972 0.017420 1789624595.128136635 7.593 23.584 0.249 0.00000 -1 ACTUAL_TF
1.7758 0.0991415 -1.6785029 0.6773966 -0.43983970 0.63027798 -0.53160071 -0.35593735 0.020517 1789624595.184123039 8.283 22.895 1.158 0.00000 -1 ACTUAL_TF
1.8240 0.0996860 -1.6786611 0.6783567 -0.43984020 0.63025253 -0.53163585 -0.35592931 0.020356 1789624595.239929676 8.815 22.363 2.136 0.00000 -1 ACTUAL_TF
1.8790 0.1000424 -1.6787267 0.6790069 -0.43985855 0.63027175 -0.53160315 -0.35592143 0.018232 1789624595.295997858 9.165 22.013 2.793 0.00000 -1 ACTUAL_TF
1.9405 0.1002225 -1.6787755 0.6793599 -0.43985738 0.63027454 -0.53159672 -0.35592755 0.014903 1789624595.351953745 9.341 21.837 3.151 0.00000 -1 ACTUAL_TF
1.9991 0.1003727 -1.6787907 0.6795907 -0.43987709 0.63027244 -0.53158726 -0.35592103 0.011908 1789624595.408017159 9.490 21.688 3.383 0.00000 -1 ACTUAL_TF
2.0578 0.1004558 -1.6788112 0.6797410 -0.43988200 0.63026918 -0.53158458 -0.35592473 0.009262 1789624595.463987112 9.571 21.607 3.536 0.00000 -1 ACTUAL_TF
2.1046 0.1005102 -1.6787984 0.6797670 -0.43988231 0.63027440 -0.53157517 -0.35592916 0.006813 1789624595.520187378 9.626 21.552 3.560 0.00000 -1 ACTUAL_TF
2.1648 0.1008412 -1.6789324 0.6798353 -0.43981684 0.63024128 -0.53166012 -0.35594183 0.006724 1789624595.575979710 9.949 21.229 3.653 0.00000 -1 ACTUAL_TF
2.2232 0.1012880 -1.6789692 0.6795501 -0.43979566 0.63021242 -0.53171305 -0.35594005 0.007554 1789624595.631963253 10.394 20.784 3.386 0.00000 -1 ACTUAL_TF
2.2866 0.1017475 -1.6787385 0.6785009 -0.43986735 0.63023012 -0.53163200 -0.35594120 0.011541 1789624595.688020945 10.869 20.309 2.319 0.00000 -1 ACTUAL_TF
2.3518 0.1021698 -1.6784968 0.6772720 -0.43993281 0.63022815 -0.53157073 -0.35595527 0.014750 1789624595.747459173 11.308 19.870 1.075 0.00000 -1 ACTUAL_TF
2.3863 0.1027868 -1.6781576 0.6756797 -0.43995433 0.63023865 -0.53153943 -0.35595682 0.020253 1789624595.800067186 11.948 19.230 0.554 0.00000 -1 ACTUAL_TF
2.4532 0.1032635 -1.6779580 0.6746948 -0.43993434 0.63023784 -0.53154961 -0.35596778 0.020147 1789624595.855960369 12.438 18.740 1.549 0.00000 -1 ACTUAL_TF
2.5030 0.1037691 -1.6777826 0.6737957 -0.43992581 0.63021804 -0.53157573 -0.35597436 0.019702 1789624595.912023306 12.955 18.223 2.458 0.00000 -1 ACTUAL_TF
2.5564 0.1040700 -1.6776677 0.6732206 -0.43992537 0.63021075 -0.53158404 -0.35597541 0.017328 1789624595.967935324 13.264 17.914 3.040 0.00000 -1 ACTUAL_TF
2.6220 0.1042329 -1.6776030 0.6729304 -0.43992474 0.63020961 -0.53158984 -0.35596953 0.013945 1789624596.023977518 13.431 17.747 3.335 0.00000 -1 ACTUAL_TF
2.6728 0.1043391 -1.6775782 0.6727428 -0.43991242 0.63020832 -0.53159985 -0.35597211 0.010924 1789624596.079956293 13.539 17.639 3.523 0.00000 -1 ACTUAL_TF
2.7200 0.1044018 -1.6775544 0.6726361 -0.43991144 0.63020574 -0.53160283 -0.35597344 0.008323 1789624596.135899305 13.603 17.575 3.631 0.00000 -1 ACTUAL_TF
2.7916 0.1045045 -1.6775205 0.6726328 -0.43990343 0.63020512 -0.53160696 -0.35597826 0.006404 1789624596.192036629 13.708 17.470 3.639 0.00000 -1 ACTUAL_TF
2.8609 0.1046378 -1.6774054 0.6726799 -0.43989907 0.63022522 -0.53158122 -0.35598648 0.005462 1789624596.247920752 13.847 17.331 3.610 0.00000 -1 ACTUAL_TF
2.9021 0.1050836 -1.6774436 0.6733533 -0.43985330 0.63026945 -0.53159808 -0.35593957 0.008132 1789624596.304207087 14.287 16.890 2.936 0.00000 -1 ACTUAL_TF
2.9625 0.1056534 -1.6776529 0.6745811 -0.43981944 0.63028235 -0.53161953 -0.35592652 0.013069 1789624596.359907627 14.841 16.337 1.684 0.00000 -1 ACTUAL_TF
2.9992 0.1061698 -1.6777948 0.6756898 -0.43984586 0.63026255 -0.53161875 -0.35593011 0.015749 1789624596.415871620 15.345 15.833 0.568 0.00000 -1 ACTUAL_TF
3.0569 0.1068760 -1.6780494 0.6771874 -0.43982436 0.63025810 -0.53163941 -0.35593370 0.019880 1789624596.472620010 16.031 15.146 0.972 0.00000 -1 ACTUAL_TF
3.1213 0.1074225 -1.6782199 0.6781950 -0.43980804 0.63023179 -0.53168838 -0.35592730 0.020205 1789624596.527904510 16.565 14.613 1.999 0.00000 -1 ACTUAL_TF
3.1726 0.1077786 -1.6782982 0.6789260 -0.43981711 0.63024668 -0.53165882 -0.35593389 0.018516 1789624596.583946943 16.913 14.265 2.737 0.00000 -1 ACTUAL_TF
3.2298 0.1079759 -1.6783561 0.6792997 -0.43982319 0.63025239 -0.53164240 -0.35594079 0.015250 1789624596.639851809 17.106 14.072 3.118 0.00000 -1 ACTUAL_TF
3.2869 0.1081279 -1.6783614 0.6795494 -0.43984222 0.63026340 -0.53162126 -0.35592935 0.012240 1789624596.695908785 17.257 13.921 3.367 0.00000 -1 ACTUAL_TF
3.3429 0.1082010 -1.6783765 0.6796808 -0.43985293 0.63026499 -0.53161134 -0.35592813 0.009375 1789624596.752078295 17.328 13.850 3.500 0.00000 -1 ACTUAL_TF
3.3941 0.1082701 -1.6783897 0.6797669 -0.43985221 0.63026272 -0.53161114 -0.35593332 0.007160 1789624596.807907104 17.396 13.781 3.588 0.00000 -1 ACTUAL_TF
3.4520 0.1085376 -1.6784779 0.6798237 -0.43979818 0.63024330 -0.53166933 -0.35594756 0.006552 1789624596.863879204 17.659 13.519 3.661 0.00000 -1 ACTUAL_TF
3.5078 0.1090398 -1.6786001 0.6796779 -0.43974972 0.63019527 -0.53176945 -0.35594291 0.007465 1789624596.919855833 18.154 13.024 3.548 0.00000 -1 ACTUAL_TF
3.5639 0.1095034 -1.6783661 0.6786371 -0.43982903 0.63021410 -0.53168731 -0.35593428 0.011455 1789624596.975874662 18.633 12.545 2.488 0.00000 -1 ACTUAL_TF
3.6248 0.1098715 -1.6781192 0.6774962 -0.43988298 0.63022500 -0.53160976 -0.35596414 0.014571 1789624597.031910896 19.018 12.160 1.327 0.00000 -1 ACTUAL_TF
3.6712 0.1104069 -1.6778716 0.6763295 -0.43990660 0.63021269 -0.53161378 -0.35595075 0.017792 1789624597.083565712 19.570 11.608 0.162 0.00000 -1 ACTUAL_TF
3.7448 0.1109422 -1.6775804 0.6749586 -0.43991184 0.63022839 -0.53158120 -0.35596513 0.021055 1789624597.135893345 20.125 11.053 1.257 0.00000 -1 ACTUAL_TF
3.7797 0.1114456 -1.6774085 0.6740754 -0.43990957 0.63021258 -0.53160491 -0.35596052 0.020235 1789624597.192171097 20.640 10.538 2.150 0.00000 -1 ACTUAL_TF
3.8354 0.1118194 -1.6772491 0.6733183 -0.43992493 0.63020940 -0.53160098 -0.35595304 0.018790 1789624597.247896910 21.024 10.154 2.918 0.00000 -1 ACTUAL_TF
3.8942 0.1119670 -1.6771914 0.6730024 -0.43990390 0.63021305 -0.53160581 -0.35596536 0.015047 1789624597.303878546 21.176 10.002 3.237 0.00000 -1 ACTUAL_TF
3.9447 0.1121116 -1.6771710 0.6727783 -0.43989041 0.63020692 -0.53162248 -0.35596799 0.011966 1789624597.359898567 21.322 9.856 3.460 0.00000 -1 ACTUAL_TF
4.0090 0.1121611 -1.6771157 0.6726259 -0.43989677 0.63021210 -0.53161283 -0.35596537 0.009281 1789624597.416073322 21.375 9.803 3.618 0.00000 -1 ACTUAL_TF
4.0598 0.1122411 -1.6771104 0.6725969 -0.43988431 0.63021083 -0.53162181 -0.35596959 0.006955 1789624597.471915483 21.455 9.723 3.647 0.00000 -1 ACTUAL_TF
4.1162 0.1123958 -1.6769989 0.6726198 -0.43988667 0.63021577 -0.53161044 -0.35597493 0.005879 1789624597.528932095 21.615 9.562 3.641 0.00000 -1 ACTUAL_TF
4.1786 0.1127976 -1.6769948 0.6731782 -0.43984080 0.63024379 -0.53163944 -0.35593868 0.007592 1789624597.588287115 22.015 9.163 3.088 0.00000 -1 ACTUAL_TF
4.2257 0.1133055 -1.6771721 0.6741876 -0.43980576 0.63023883 -0.53167983 -0.35593044 0.011957 1789624597.639946222 22.509 8.669 2.057 0.00000 -1 ACTUAL_TF
4.2854 0.1137616 -1.6773161 0.6752373 -0.43980758 0.63027630 -0.53164271 -0.35591729 0.014547 1789624597.695973396 22.953 8.225 0.995 0.00000 -1 ACTUAL_TF
4.3435 0.1144099 -1.6775392 0.6766557 -0.43979705 0.63028716 -0.53164089 -0.35591378 0.018626 1789624597.751947641 23.584 7.594 0.462 0.00000 -1 ACTUAL_TF
4.3953 0.1150119 -1.6776937 0.6776941 -0.43981710 0.63026262 -0.53166274 -0.35589983 0.019519 1789624597.807969332 24.173 7.005 1.513 0.00000 -1 ACTUAL_TF
4.4481 0.1155013 -1.6778256 0.6786530 -0.43981612 0.63024994 -0.53167251 -0.35590889 0.019476 1789624597.863948345 24.651 6.527 2.485 0.00000 -1 ACTUAL_TF
4.5333 0.1157962 -1.6779279 0.6792137 -0.43981538 0.63024535 -0.53167262 -0.35591778 0.017061 1789624597.920111418 24.938 6.240 3.058 0.00000 -1 ACTUAL_TF
4.5651 0.1159202 -1.6779354 0.6794467 -0.43982996 0.63025772 -0.53164671 -0.35591654 0.013360 1789624597.976007223 25.061 6.117 3.291 0.00000 -1 ACTUAL_TF
4.6334 0.1160265 -1.6779650 0.6796549 -0.43983220 0.63025105 -0.53164821 -0.35592336 0.010612 1789624598.032080650 25.165 6.013 3.503 0.00000 -1 ACTUAL_TF
4.6698 0.1160789 -1.6779788 0.6797363 -0.43983153 0.63025330 -0.53164417 -0.35592623 0.008009 1789624598.082626343 25.216 5.962 3.586 0.00000 -1 ACTUAL_TF
4.7313 0.1161842 -1.6779749 0.6797507 -0.43982763 0.63025375 -0.53164496 -0.35592907 0.006205 1789624598.135943413 25.321 5.857 3.601 0.00000 -1 ACTUAL_TF
4.7757 0.1166029 -1.6781548 0.6798086 -0.43973747 0.63021404 -0.53175688 -0.35594361 0.006804 1789624598.191952944 25.730 5.448 3.694 0.00000 -1 ACTUAL_TF
4.8499 0.1170522 -1.6781218 0.6793146 -0.43973495 0.63020223 -0.53177311 -0.35594337 0.008467 1789624598.246106863 26.182 4.996 3.210 0.00000 -1 ACTUAL_TF
4.8971 0.1174791 -1.6777897 0.6779728 -0.43983861 0.63022940 -0.53165013 -0.35595091 0.013427 1789624598.303969383 26.630 4.548 1.835 0.00000 -1 ACTUAL_TF
4.9419 0.1179414 -1.6775475 0.6767242 -0.43986281 0.63023803 -0.53161542 -0.35595754 0.016648 1789624598.359973192 27.109 4.069 0.575 0.00000 -1 ACTUAL_TF
5.0127 0.1185608 -1.6772347 0.6752753 -0.43989420 0.63023480 -0.53159353 -0.35595717 0.020272 1789624598.415896893 27.750 3.428 0.909 0.00000 -1 ACTUAL_TF
5.0636 0.1190955 -1.6770408 0.6743481 -0.43990147 0.63022219 -0.53161531 -0.35593797 0.019997 1789624598.472089529 28.297 2.881 1.847 0.00000 -1 ACTUAL_TF
5.1214 0.1195007 -1.6768797 0.6735376 -0.43989357 0.63021499 -0.53162720 -0.35594273 0.018939 1789624598.527972221 28.713 2.465 2.668 0.00000 -1 ACTUAL_TF
5.1695 0.1197417 -1.6767864 0.6730804 -0.43989179 0.63021549 -0.53163067 -0.35593887 0.016074 1789624598.583907604 28.961 2.217 3.131 0.00000 -1 ACTUAL_TF
5.2383 0.1199195 -1.6767368 0.6727548 -0.43987674 0.63021430 -0.53164250 -0.35594192 0.012954 1789624598.649888277 29.142 2.036 3.459 0.00000 -1 ACTUAL_TF
5.2938 0.1199864 -1.6766894 0.6726094 -0.43988199 0.63021341 -0.53164029 -0.35594030 0.009994 1789624598.703921556 29.212 1.966 3.609 0.00000 -1 ACTUAL_TF
5.3468 0.1200636 -1.6766659 0.6725671 -0.43986841 0.63021659 -0.53164187 -0.35594909 0.007484 1789624598.759895325 29.290 1.888 3.653 0.00000 -1 ACTUAL_TF
5.4097 0.1202211 -1.6765546 0.6726467 -0.43985227 0.63023263 -0.53162657 -0.35596347 0.006376 1789624598.814939499 29.453 1.725 3.592 0.00000 -1 ACTUAL_TF
5.4623 0.1207665 -1.6766351 0.6734898 -0.43980749 0.63024072 -0.53167926 -0.35592579 0.009766 1789624598.871930838 29.991 1.187 2.742 0.00000 -1 ACTUAL_TF
5.5168 0.1212938 -1.6768341 0.6745417 -0.43978128 0.63023381 -0.53171172 -0.35592192 0.013227 1789624598.927950621 30.503 0.675 1.664 0.00000 -1 ACTUAL_TF
5.5716 0.1215022 -1.6768700 0.6749959 -0.43979695 0.63025282 -0.53167583 -0.35592252 0.012147 1789624598.979997635 30.707 0.470 1.210 0.00000 -1 ACTUAL_TF
