WELD FEEDBACK LOG
result=completed
started=2026-09-16 11:40:39
ended=2026-09-16 11:40:47
elapsed_seconds=8.087

================ OPERATOR OVERVIEW ================
REQUESTED : 230 A / 26.5 V · FE-SOLID 1.2 mm · LSM · CO2 100%
RX ECHO   : 100 A / 10.0 V · MATCH=NO
CURRENT FB: no positive feedback A
VOLTAGE FB: no positive feedback V
WIRE FEED : no positive feedback m/min
ARC ON    : 0.000 s
NET WELD  : 0.000 s
WIRE USED : 0.000 mm (base 0.000 + alpha 0.000)
WCR       : NOT DETECTED
SAMPLES   : RX 202 / welding 0 / TCP 145
===================================================

[commanded]
current_a=230
voltage_tenths=265
voltage=26.5
material=FE-SOLID
diameter_mm=1.2
mode=LSM
gas=CO2 100%
synergic=False
correction=0.0
hot_start_enabled=True
hot_start_percent=20.0
hot_start_hold_adjustment=-1
crater_enabled=False
crater_percent=26.08695652173913
crater_current_a=60.0
crater_voltage_v=25.0
crater_seconds=1.0
wire_consumable_alpha_mm=0.0
hot_start_current_a=276

[rx_setting_echo]
current_a=100
voltage_v=10.0
hot_start_current_a=0
hot_start_hold_adjustment=-15

[rx_welding_setting_echo]

[execution_conditions]
mode=sequence_execute
run_all=True
touch_io_backend=fastech_ethernet
touch_input_port=4
touch_sensing_output_port=0
fastech_ip=192.168.0.3
fastech_poll_target_hz=100.0
hicomm_source_ip=192.168.1.2
hicomm_welder_ip=192.168.1.10
hicomm_port=60000
gui_velocity_percent=36.95263157894737
gui_speed_mode=scale
gui_tcp_speed_mm_s=10.0
gui_interpolation_step_mm=5.0
seam_orientation_mode=Wait poses + fixed World-XYZ tilt
weld_fixed_tilt_x_deg=0.0
weld_fixed_tilt_y_deg=0.0
weld_fixed_tilt_z_deg=-0.0
weld_weave_enabled=True
weld_weave_pattern=capping
capping_width_mm=5.9
capping_pitch_mm=5.0
capping_left_dwell_s=0.2
capping_right_dwell_s=0.2
weld_weave_amplitude_mm=1.0
weld_weave_cycles=4
weld_weave_samples_per_cycle=8
weld_weave_axis=tool_x
weld_lead_in_mm=1.0
weld_lead_out_mm=7.0
weld_safe_approach_mm=31.0
weld_approach_mode=taught_wait
weld_pre_start_lead_mm=0.0
weld_tcp_speed_mm_s=6.999999999999998
weld_arc_off_delay_ms=500.0
tcp_tracking.parent_frame=World
tcp_tracking.child_frame=right_manipulator_ee_point
tcp_tracking.timestamp_source=TF_header_stamp
initial_fastech_di0=False
initial_fastech_do0=True
robot_connected.left=True
robot_connected.right=True
robot_connected.head=True
hicomm_connected=True
execution_allowed=True
steps[0].sequence_number=1
steps[0].type=named_pose
steps[0].parallel_slot=1
steps[0].duration=0.0
steps[0].planning_group=right_manipulator
steps[0].velocity_scale=0.3695263157894737
steps[0].tcp_speed_m_s=0.0
steps[0].pose_name=weld_start_wait
steps[0].pose_label=3 · Weld start wait pose
steps[0].touch_guard=False
steps[0].continue_after_touch=False
steps[0].weld_scenario_id=weld-9482583316689
steps[0].weld_scenario_stage=start_wait
steps[0].target_tcp.position_m.x=0.03646068728963492
steps[0].target_tcp.position_m.y=-1.6793469233273077
steps[0].target_tcp.position_m.z=0.674417019979207
steps[0].target_tcp.orientation_xyzw.x=-0.4089518530577377
steps[0].target_tcp.orientation_xyzw.y=0.6647824172284327
steps[0].target_tcp.orientation_xyzw.z=-0.5352696108757291
steps[0].target_tcp.orientation_xyzw.w=-0.32296929157043747
steps[0].joint_names[0]=right_manipulator_joint1
steps[0].joint_names[1]=right_manipulator_joint2
steps[0].joint_names[2]=right_manipulator_joint3
steps[0].joint_names[3]=right_manipulator_joint4
steps[0].joint_names[4]=right_manipulator_joint5
steps[0].joint_names[5]=right_manipulator_joint6
steps[0].joint_positions_rad[0]=5.1496113218195765
steps[0].joint_positions_rad[1]=1.3091994723966476
steps[0].joint_positions_rad[2]=1.881715989845849
steps[0].joint_positions_rad[3]=3.5661181082116182
steps[0].joint_positions_rad[4]=1.395569381815389
steps[0].joint_positions_rad[5]=1.5444073298694105
steps[1].sequence_number=2
steps[1].type=motion
steps[1].parallel_slot=2
steps[1].duration=0.0
steps[1].planning_group=right_manipulator
steps[1].velocity_scale=0.3695263157894737
steps[1].tcp_speed_m_s=0.0
steps[1].interpolation_step=0.005
steps[1].path_kind=taught_wait_align_weld_attitude
steps[1].touch_guard=False
steps[1].continue_after_touch=False
steps[1].accept_initial_touch=False
steps[1].weld_scenario_id=weld-9482583316689
steps[1].weld_scenario_stage=start_safe
steps[1].waypoint_count=1
steps[1].waypoints[0].position_m.x=0.03646068728963492
steps[1].waypoints[0].position_m.y=-1.6793469233273077
steps[1].waypoints[0].position_m.z=0.674417019979207
steps[1].waypoints[0].orientation_xyzw.x=-0.41852144609875075
steps[1].waypoints[0].orientation_xyzw.y=0.6587997264198323
steps[1].waypoints[0].orientation_xyzw.z=-0.5398835902939494
steps[1].waypoints[0].orientation_xyzw.w=-0.31519585745355166
steps[2].sequence_number=3
steps[2].type=motion
steps[2].parallel_slot=3
steps[2].duration=0.0
steps[2].planning_group=right_manipulator
steps[2].velocity_scale=0.3695263157894737
steps[2].tcp_speed_m_s=0.0
steps[2].interpolation_step=0.005
steps[2].path_kind=taught_wait_to_weld_start
steps[2].touch_guard=False
steps[2].continue_after_touch=True
steps[2].accept_initial_touch=False
steps[2].weld_scenario_id=weld-9482583316689
steps[2].weld_scenario_stage=start_contact
steps[2].waypoint_count=1
steps[2].waypoints[0].position_m.x=0.0358505798495611
steps[2].waypoints[0].position_m.y=-1.6838530006671222
steps[2].waypoints[0].position_m.z=0.6729772062023303
steps[2].waypoints[0].orientation_xyzw.x=-0.41852144609875075
steps[2].waypoints[0].orientation_xyzw.y=0.6587997264198323
steps[2].waypoints[0].orientation_xyzw.z=-0.5398835902939494
steps[2].waypoints[0].orientation_xyzw.w=-0.31519585745355166
steps[3].sequence_number=4
steps[3].type=digital_weld
steps[3].parallel_slot=5
steps[3].duration=0.0
steps[3].command=on
steps[3].weld_scenario_id=weld-9482583316689
steps[3].weld_scenario_stage=arc_on
steps[3].settings.current_a=230
steps[3].settings.voltage_tenths=265
steps[3].settings.voltage=26.5
steps[3].settings.material=FE-SOLID
steps[3].settings.diameter_mm=1.2
steps[3].settings.mode=LSM
steps[3].settings.gas=CO2 100%
steps[3].settings.synergic=False
steps[3].settings.correction=0.0
steps[3].settings.hot_start_enabled=True
steps[3].settings.hot_start_percent=20.0
steps[3].settings.hot_start_hold_adjustment=-1
steps[3].settings.crater_enabled=False
steps[3].settings.crater_percent=26.08695652173913
steps[3].settings.crater_current_a=60.0
steps[3].settings.crater_voltage_v=25.0
steps[3].settings.crater_seconds=1.0
steps[3].settings.wire_consumable_alpha_mm=0.0
steps[3].settings.hot_start_current_a=276
steps[4].sequence_number=5
steps[4].type=motion
steps[4].parallel_slot=5
steps[4].duration=0.0
steps[4].planning_group=right_manipulator
steps[4].velocity_scale=0.3695263157894737
steps[4].tcp_speed_m_s=0.01958785942382391
steps[4].interpolation_step=0.005
steps[4].path_kind=continuous_capping_weave_over_sensed_goal_fastech_di0_ignored
steps[4].touch_guard=False
steps[4].weld_scenario_id=weld-9482583316689
steps[4].weld_scenario_stage=weld_motion
steps[4].lead_in_mm=1.0
steps[4].lead_out_mm=7.0
steps[4].linear_motion_profile=False
steps[4].path_to_seam_speed_factor=0.35736421466687607
steps[4].waypoint_hold_s[0]=0.0
steps[4].waypoint_hold_s[1]=0.0
steps[4].waypoint_hold_s[2]=0.2
steps[4].waypoint_hold_s[3]=0.2
steps[4].waypoint_hold_s[4]=0.2
steps[4].waypoint_hold_s[5]=0.2
steps[4].waypoint_hold_s[6]=0.2
steps[4].waypoint_hold_s[7]=0.2
steps[4].waypoint_hold_s[8]=0.2
steps[4].waypoint_hold_s[9]=0.2
steps[4].waypoint_hold_s[10]=0.2
steps[4].waypoint_hold_s[11]=0.2
steps[4].waypoint_hold_s[12]=0.2
steps[4].waypoint_hold_s[13]=0.2
steps[4].waypoint_hold_s[14]=0.2
steps[4].waypoint_hold_s[15]=0.2
steps[4].waypoint_hold_s[16]=0.0
steps[4].waypoint_hold_s[17]=0.0
steps[4].capping_width_mm=5.9
steps[4].capping_pitch_mm=5.0
steps[4].capping_left_dwell_s=0.2
steps[4].capping_right_dwell_s=0.2
steps[4].waypoint_count=18
steps[4].waypoints[0].position_m.x=0.0358505798495611
steps[4].waypoints[0].position_m.y=-1.6838530006671222
steps[4].waypoints[0].position_m.z=0.6729772062023303
steps[4].waypoints[0].orientation_xyzw.x=-0.41852144609875075
steps[4].waypoints[0].orientation_xyzw.y=0.6587997264198323
steps[4].waypoints[0].orientation_xyzw.z=-0.5398835902939494
steps[4].waypoints[0].orientation_xyzw.w=-0.31519585745355166
steps[4].waypoints[1].position_m.x=0.036846960131656545
steps[4].waypoints[1].position_m.y=-1.6837683030431638
steps[4].waypoints[1].position_m.z=0.6729844619550278
steps[4].waypoints[1].orientation_xyzw.x=-0.41852144609875075
steps[4].waypoints[1].orientation_xyzw.y=0.6587997264198323
steps[4].waypoints[1].orientation_xyzw.z=-0.5398835902939494
steps[4].waypoints[1].orientation_xyzw.w=-0.31519585745355166
steps[4].waypoints[2].position_m.x=0.038133182076237816
steps[4].waypoints[2].position_m.y=-1.6857518608330728
steps[4].waypoints[2].position_m.z=0.675079154182805
steps[4].waypoints[2].orientation_xyzw.x=-0.41852144609875075
steps[4].waypoints[2].orientation_xyzw.y=0.6587997264198323
steps[4].waypoints[2].orientation_xyzw.z=-0.5398835902939494
steps[4].waypoints[2].orientation_xyzw.w=-0.31519585745355166
steps[4].waypoints[3].position_m.x=0.040059443469125586
steps[4].waypoints[3].position_m.y=-1.6814023313746125
steps[4].waypoints[3].position_m.z=0.6709225298024671
steps[4].waypoints[3].orientation_xyzw.x=-0.41852144609875075
steps[4].waypoints[3].orientation_xyzw.y=0.6587997264198323
steps[4].waypoints[3].orientation_xyzw.z=-0.5398835902939494
steps[4].waypoints[3].orientation_xyzw.w=-0.31519585745355166
steps[4].waypoints[4].position_m.x=0.04263188735828812
steps[4].waypoints[4].position_m.y=-1.6853694469544305
steps[4].waypoints[4].position_m.z=0.6751119142580213
steps[4].waypoints[4].orientation_xyzw.x=-0.41852144609875075
steps[4].waypoints[4].orientation_xyzw.y=0.6587997264198323
steps[4].waypoints[4].orientation_xyzw.z=-0.5398835902939494
steps[4].waypoints[4].orientation_xyzw.w=-0.31519585745355166
steps[4].waypoints[5].position_m.x=0.0445581487511759
steps[4].waypoints[5].position_m.y=-1.68101991749597
steps[4].waypoints[5].position_m.z=0.6709552898776835
steps[4].waypoints[5].orientation_xyzw.x=-0.41852144609875075
steps[4].waypoints[5].orientation_xyzw.y=0.6587997264198323
steps[4].waypoints[5].orientation_xyzw.z=-0.5398835902939494
steps[4].waypoints[5].orientation_xyzw.w=-0.31519585745355166
steps[4].waypoints[6].position_m.x=0.047130592640338434
steps[4].waypoints[6].position_m.y=-1.6849870330757881
steps[4].waypoints[6].position_m.z=0.6751446743332377
steps[4].waypoints[6].orientation_xyzw.x=-0.41852144609875075
steps[4].waypoints[6].orientation_xyzw.y=0.6587997264198323
steps[4].waypoints[6].orientation_xyzw.z=-0.5398835902939494
steps[4].waypoints[6].orientation_xyzw.w=-0.31519585745355166
steps[4].waypoints[7].position_m.x=0.049056854033226203
steps[4].waypoints[7].position_m.y=-1.6806375036173276
steps[4].waypoints[7].position_m.z=0.6709880499528998
steps[4].waypoints[7].orientation_xyzw.x=-0.41852144609875075
steps[4].waypoints[7].orientation_xyzw.y=0.6587997264198323
steps[4].waypoints[7].orientation_xyzw.z=-0.5398835902939494
steps[4].waypoints[7].orientation_xyzw.w=-0.31519585745355166
steps[4].waypoints[8].position_m.x=0.051629297922388746
steps[4].waypoints[8].position_m.y=-1.6846046191971455
steps[4].waypoints[8].position_m.z=0.675177434408454
steps[4].waypoints[8].orientation_xyzw.x=-0.41852144609875075
steps[4].waypoints[8].orientation_xyzw.y=0.6587997264198323
steps[4].waypoints[8].orientation_xyzw.z=-0.5398835902939494
steps[4].waypoints[8].orientation_xyzw.w=-0.31519585745355166
steps[4].waypoints[9].position_m.x=0.05355555931527651
steps[4].waypoints[9].position_m.y=-1.6802550897386852
steps[4].waypoints[9].position_m.z=0.6710208100281163
steps[4].waypoints[9].orientation_xyzw.x=-0.41852144609875075
steps[4].waypoints[9].orientation_xyzw.y=0.6587997264198323
steps[4].waypoints[9].orientation_xyzw.z=-0.5398835902939494
steps[4].waypoints[9].orientation_xyzw.w=-0.31519585745355166
steps[4].waypoints[10].position_m.x=0.05612800320443905
steps[4].waypoints[10].position_m.y=-1.6842222053185032
steps[4].waypoints[10].position_m.z=0.6752101944836705
steps[4].waypoints[10].orientation_xyzw.x=-0.41852144609875075
steps[4].waypoints[10].orientation_xyzw.y=0.6587997264198323
steps[4].waypoints[10].orientation_xyzw.z=-0.5398835902939494
steps[4].waypoints[10].orientation_xyzw.w=-0.31519585745355166
steps[4].waypoints[11].position_m.x=0.05805426459732683
steps[4].waypoints[11].position_m.y=-1.6798726758600426
steps[4].waypoints[11].position_m.z=0.6710535701033327
steps[4].waypoints[11].orientation_xyzw.x=-0.41852144609875075
steps[4].waypoints[11].orientation_xyzw.y=0.6587997264198323
steps[4].waypoints[11].orientation_xyzw.z=-0.5398835902939494
steps[4].waypoints[11].orientation_xyzw.w=-0.31519585745355166
steps[4].waypoints[12].position_m.x=0.06062670848648936
steps[4].waypoints[12].position_m.y=-1.6838397914398608
steps[4].waypoints[12].position_m.z=0.6752429545588868
steps[4].waypoints[12].orientation_xyzw.x=-0.41852144609875075
steps[4].waypoints[12].orientation_xyzw.y=0.6587997264198323
steps[4].waypoints[12].orientation_xyzw.z=-0.5398835902939494
steps[4].waypoints[12].orientation_xyzw.w=-0.31519585745355166
steps[4].waypoints[13].position_m.x=0.06255296987937714
steps[4].waypoints[13].position_m.y=-1.6794902619814003
steps[4].waypoints[13].position_m.z=0.671086330178549
steps[4].waypoints[13].orientation_xyzw.x=-0.41852144609875075
steps[4].waypoints[13].orientation_xyzw.y=0.6587997264198323
steps[4].waypoints[13].orientation_xyzw.z=-0.5398835902939494
steps[4].waypoints[13].orientation_xyzw.w=-0.31519585745355166
steps[4].waypoints[14].position_m.x=0.06512541376853967
steps[4].waypoints[14].position_m.y=-1.6834573775612183
steps[4].waypoints[14].position_m.z=0.6752757146341032
steps[4].waypoints[14].orientation_xyzw.x=-0.41852144609875075
steps[4].waypoints[14].orientation_xyzw.y=0.6587997264198323
steps[4].waypoints[14].orientation_xyzw.z=-0.5398835902939494
steps[4].waypoints[14].orientation_xyzw.w=-0.31519585745355166
steps[4].waypoints[15].position_m.x=0.06705167516142745
steps[4].waypoints[15].position_m.y=-1.679107848102758
steps[4].waypoints[15].position_m.z=0.6711190902537654
steps[4].waypoints[15].orientation_xyzw.x=-0.41852144609875075
steps[4].waypoints[15].orientation_xyzw.y=0.6587997264198323
steps[4].waypoints[15].orientation_xyzw.z=-0.5398835902939494
steps[4].waypoints[15].orientation_xyzw.w=-0.31519585745355166
steps[4].waypoints[16].position_m.x=0.06833789710600871
steps[4].waypoints[16].position_m.y=-1.681091405892667
steps[4].waypoints[16].position_m.z=0.6732137824815425
steps[4].waypoints[16].orientation_xyzw.x=-0.41852144609875075
steps[4].waypoints[16].orientation_xyzw.y=0.6587997264198323
steps[4].waypoints[16].orientation_xyzw.z=-0.5398835902939494
steps[4].waypoints[16].orientation_xyzw.w=-0.31519585745355166
steps[4].waypoints[17].position_m.x=0.07531255908067679
steps[4].waypoints[17].position_m.y=-1.6804985225249578
steps[4].waypoints[17].position_m.z=0.6732645727504252
steps[4].waypoints[17].orientation_xyzw.x=-0.41852144609875075
steps[4].waypoints[17].orientation_xyzw.y=0.6587997264198323
steps[4].waypoints[17].orientation_xyzw.z=-0.5398835902939494
steps[4].waypoints[17].orientation_xyzw.w=-0.31519585745355166
steps[4].lead_start.position_m.x=0.0358505798495611
steps[4].lead_start.position_m.y=-1.6838530006671222
steps[4].lead_start.position_m.z=0.6729772062023303
steps[4].lead_start.orientation_xyzw.x=-0.41852144609875075
steps[4].lead_start.orientation_xyzw.y=0.6587997264198323
steps[4].lead_start.orientation_xyzw.z=-0.5398835902939494
steps[4].lead_start.orientation_xyzw.w=-0.31519585745355166
steps[4].usable_seam_start.position_m.x=0.036846960131656545
steps[4].usable_seam_start.position_m.y=-1.6837683030431638
steps[4].usable_seam_start.position_m.z=0.6729844619550278
steps[4].usable_seam_start.orientation_xyzw.x=-0.41852144609875075
steps[4].usable_seam_start.orientation_xyzw.y=0.6587997264198323
steps[4].usable_seam_start.orientation_xyzw.z=-0.5398835902939494
steps[4].usable_seam_start.orientation_xyzw.w=-0.31519585745355166
steps[4].usable_seam_goal.position_m.x=0.06833789710600871
steps[4].usable_seam_goal.position_m.y=-1.681091405892667
steps[4].usable_seam_goal.position_m.z=0.6732137824815425
steps[4].usable_seam_goal.orientation_xyzw.x=-0.41852144609875075
steps[4].usable_seam_goal.orientation_xyzw.y=0.6587997264198323
steps[4].usable_seam_goal.orientation_xyzw.z=-0.5398835902939494
steps[4].usable_seam_goal.orientation_xyzw.w=-0.31519585745355166
steps[4].lead_end.position_m.x=0.07531255908067679
steps[4].lead_end.position_m.y=-1.6804985225249578
steps[4].lead_end.position_m.z=0.6732645727504252
steps[4].lead_end.orientation_xyzw.x=-0.41852144609875075
steps[4].lead_end.orientation_xyzw.y=0.6587997264198323
steps[4].lead_end.orientation_xyzw.z=-0.5398835902939494
steps[4].lead_end.orientation_xyzw.w=-0.31519585745355166
steps[5].sequence_number=6
steps[5].type=digital_weld
steps[5].parallel_slot=5
steps[5].duration=0.0
steps[5].velocity_scale=0.3695263157894737
steps[5].tcp_speed_m_s=0.01958785942382391
steps[5].command=off
steps[5].weld_scenario_id=weld-9482583316689
steps[5].weld_scenario_stage=arc_off
steps[5].path_to_seam_speed_factor=0.35736421466687607
steps[5].trigger_before_goal=True
steps[5].arc_off_delay_s=0.5
steps[5].settings.current_a=230
steps[5].settings.voltage_tenths=265
steps[5].settings.voltage=26.5
steps[5].settings.material=FE-SOLID
steps[5].settings.diameter_mm=1.2
steps[5].settings.mode=LSM
steps[5].settings.gas=CO2 100%
steps[5].settings.synergic=False
steps[5].settings.correction=0.0
steps[5].settings.hot_start_enabled=True
steps[5].settings.hot_start_percent=20.0
steps[5].settings.hot_start_hold_adjustment=-1
steps[5].settings.crater_enabled=False
steps[5].settings.crater_percent=26.08695652173913
steps[5].settings.crater_current_a=60.0
steps[5].settings.crater_voltage_v=25.0
steps[5].settings.crater_seconds=1.0
steps[5].settings.wire_consumable_alpha_mm=0.0
steps[5].settings.hot_start_current_a=276
steps[6].sequence_number=7
steps[6].type=motion
steps[6].parallel_slot=6
steps[6].duration=0.0
steps[6].planning_group=right_manipulator
steps[6].velocity_scale=0.3695263157894737
steps[6].tcp_speed_m_s=0.0
steps[6].interpolation_step=0.005
steps[6].path_kind=weld_end_to_taught_wait_fixed_attitude
steps[6].pose_name=weld_goal_wait
steps[6].pose_label=5 · Weld goal wait pose
steps[6].touch_guard=False
steps[6].continue_after_touch=False
steps[6].weld_scenario_id=weld-9482583316689
steps[6].weld_scenario_stage=goal_wait
steps[6].waypoint_count=1
steps[6].waypoints[0].position_m.x=0.06802650600792787
steps[6].waypoints[0].position_m.y=-1.6775811340754863
steps[6].waypoints[0].position_m.z=0.6749988857401974
steps[6].waypoints[0].orientation_xyzw.x=-0.41852144609875075
steps[6].waypoints[0].orientation_xyzw.y=0.6587997264198323
steps[6].waypoints[0].orientation_xyzw.z=-0.5398835902939494
steps[6].waypoints[0].orientation_xyzw.w=-0.31519585745355166
steps[7].sequence_number=8
steps[7].type=named_pose
steps[7].parallel_slot=7
steps[7].duration=0.0
steps[7].planning_group=right_manipulator
steps[7].velocity_scale=0.3695263157894737
steps[7].tcp_speed_m_s=0.0
steps[7].pose_name=weld_finish
steps[7].pose_label=7 · Weld end pose
steps[7].touch_guard=False
steps[7].continue_after_touch=False
steps[7].weld_scenario_id=weld-9482583316689
steps[7].weld_scenario_stage=finish
steps[7].target_tcp.position_m.x=0.06798797733801742
steps[7].target_tcp.position_m.y=-1.6434697522598045
steps[7].target_tcp.position_m.z=0.706858520636326
steps[7].target_tcp.orientation_xyzw.x=-0.40891577982432076
steps[7].target_tcp.orientation_xyzw.y=0.664770641451258
steps[7].target_tcp.orientation_xyzw.z=-0.535297108084459
steps[7].target_tcp.orientation_xyzw.w=-0.32299363051237706
steps[7].joint_names[0]=right_manipulator_joint1
steps[7].joint_names[1]=right_manipulator_joint2
steps[7].joint_names[2]=right_manipulator_joint3
steps[7].joint_names[3]=right_manipulator_joint4
steps[7].joint_names[4]=right_manipulator_joint5
steps[7].joint_names[5]=right_manipulator_joint6
steps[7].joint_positions_rad[0]=5.204952341903641
steps[7].joint_positions_rad[1]=1.2719282666248797
steps[7].joint_positions_rad[2]=1.9331498862946583
steps[7].joint_positions_rad[3]=3.619875612711522
steps[7].joint_positions_rad[4]=1.4070400161045238
steps[7].joint_positions_rad[5]=1.5535429045147637
steps[8].sequence_number=9
steps[8].type=digital_output
steps[8].parallel_slot=8
steps[8].duration=0.0
steps[8].port=0
steps[8].value=True
steps[8].weld_scenario_id=weld-9482583316689
steps[8].weld_scenario_stage=touch_output_on
hicomm_cyclic_period_ms=40.0
arc_wait_recognition=True
arc_wait_main_welding=True
arc_wait_established=True
arc_establishment_timeout_s=5.0

[summary]
rx_samples=202
welding_samples=0
wcr_seen=0
current_a.min=None
current_a.average=None
current_a.max=None
voltage_v.min=None
voltage_v.average=None
voltage_v.max=None
wire_feed_m_min.min=None
wire_feed_m_min.average=None
wire_feed_m_min.max=None

[production_metrics]
arc_started_elapsed_s=None
arc_completed_elapsed_s=None
arc_on_time_s=0.0
main_weld_arc_time_s=0.0
crater_arc_time_s=0.0
weld_motion_start_elapsed_s=0.016230170998824178
weld_motion_complete_elapsed_s=8.07864555299966
weld_motion_duration_s=8.062415382000836
net_weld_arc_time_s=0.0
wire_feed_average_m_min=0.0
wire_consumable_base_mm=0.0
wire_consumable_alpha_mm=0.0
wire_consumable_mm=0.0
wire_consumable_formula=integral(WFS*1000/60*dt)+alpha
weld_motion_start_unix_time=1789526439.3874264
weld_motion_start_wall_time=2026-09-16 11:40:39.387
weld_motion_complete_unix_time=1789526447.449842
weld_motion_complete_wall_time=2026-09-16 11:40:47.449

[arc_off_control]

[teaching_snapshot_yaml]
robot_start:
  planning_group: right_manipulator
  joint_state:
    names:
    - right_manipulator_joint1
    - right_manipulator_joint2
    - right_manipulator_joint3
    - right_manipulator_joint4
    - right_manipulator_joint5
    - right_manipulator_joint6
    positions_rad:
    - 5.272090632984539
    - 1.1319069796756747
    - 2.106417676818249
    - 3.6901007738119302
    - 1.4686233526256796
    - 1.4680081624138712
  tcp_pose_world:
    position_m:
      x: 0.0593687026100857
      y: -1.566580876666292
      z: 0.8404797210507349
    orientation_xyzw:
      x: -0.435964943840794
      y: 0.633785310019272
      z: -0.5278153609885844
      w: -0.36008567487496485
weld_wait:
  planning_group: right_manipulator
  joint_state:
    names:
    - right_manipulator_joint1
    - right_manipulator_joint2
    - right_manipulator_joint3
    - right_manipulator_joint4
    - right_manipulator_joint5
    - right_manipulator_joint6
    positions_rad:
    - 5.162270391745159
    - 1.2839001078311674
    - 1.9253509522004157
    - 3.57737608908771
    - 1.4121090769233806
    - 1.5529732543575958
  tcp_pose_world:
    position_m:
      x: 0.036424554825288225
      y: -1.6556979706260309
      z: 0.6969945192387215
    orientation_xyzw:
      x: -0.40887151131936966
      y: 0.664764445724758
      z: -0.5353485269301721
      w: -0.32297720298089877
weld_start_wait:
  planning_group: right_manipulator
  joint_state:
    names:
    - right_manipulator_joint1
    - right_manipulator_joint2
    - right_manipulator_joint3
    - right_manipulator_joint4
    - right_manipulator_joint5
    - right_manipulator_joint6
    positions_rad:
    - 5.1496113218195765
    - 1.3091994723966476
    - 1.881715989845849
    - 3.5661181082116182
    - 1.395569381815389
    - 1.5444073298694105
  tcp_pose_world:
    position_m:
      x: 0.03646068728963492
      y: -1.6793469233273077
      z: 0.674417019979207
    orientation_xyzw:
      x: -0.4089518530577377
      y: 0.6647824172284327
      z: -0.5352696108757291
      w: -0.32296929157043747
weld_start:
  planning_group: right_manipulator
  joint_state:
    names:
    - right_manipulator_joint1
    - right_manipulator_joint2
    - right_manipulator_joint3
    - right_manipulator_joint4
    - right_manipulator_joint5
    - right_manipulator_joint6
    positions_rad:
    - 5.1341643002382025
    - 1.3108661440495313
    - 1.879983881867825
    - 3.522158080977674
    - 1.3963633430738545
    - 1.5423440609942978
  tcp_pose_world:
    position_m:
      x: 0.036846960131656545
      y: -1.6837683030431638
      z: 0.6729844619550278
    orientation_xyzw:
      x: -0.41852144609875075
      y: 0.6587997264198323
      z: -0.5398835902939494
      w: -0.31519585745355166
weld_goal_wait:
  planning_group: right_manipulator
  joint_state:
    names:
    - right_manipulator_joint1
    - right_manipulator_joint2
    - right_manipulator_joint3
    - right_manipulator_joint4
    - right_manipulator_joint5
    - right_manipulator_joint6
    positions_rad:
    - 5.185303006748819
    - 1.3080717568330535
    - 1.871380661129415
    - 3.602428711778195
    - 1.3846910345526877
    - 1.5410165931695214
  tcp_pose_world:
    position_m:
      x: 0.06802650600792787
      y: -1.6775811340754863
      z: 0.6749988857401974
    orientation_xyzw:
      x: -0.408866812683109
      y: 0.6647818136335141
      z: -0.5353433898332236
      w: -0.3229559175961395
weld_end:
  planning_group: right_manipulator
  joint_state:
    names:
    - right_manipulator_joint1
    - right_manipulator_joint2
    - right_manipulator_joint3
    - right_manipulator_joint4
    - right_manipulator_joint5
    - right_manipulator_joint6
    positions_rad:
    - 5.170473155762999
    - 1.3102217787431196
    - 1.8708067406355624
    - 3.5588721523630387
    - 1.3868347573063002
    - 1.5401430481363236
  tcp_pose_world:
    position_m:
      x: 0.06833789710600871
      y: -1.681091405892667
      z: 0.6732137824815425
    orientation_xyzw:
      x: -0.41843640588683406
      y: 0.6588003525196517
      z: -0.5399571681589531
      w: -0.31518141807894595
weld_finish:
  planning_group: right_manipulator
  joint_state:
    names:
    - right_manipulator_joint1
    - right_manipulator_joint2
    - right_manipulator_joint3
    - right_manipulator_joint4
    - right_manipulator_joint5
    - right_manipulator_joint6
    positions_rad:
    - 5.204952341903641
    - 1.2719282666248797
    - 1.9331498862946583
    - 3.619875612711522
    - 1.4070400161045238
    - 1.5535429045147637
  tcp_pose_world:
    position_m:
      x: 0.06798797733801742
      y: -1.6434697522598045
      z: 0.706858520636326
    orientation_xyzw:
      x: -0.40891577982432076
      y: 0.664770641451258
      z: -0.535297108084459
      w: -0.32299363051237706

[touch_snapshot_yaml]
start_floor:
  position_m:
    x: 0.036666277489902366
    y: -1.679452144621707
    z: 0.6729849063851219
  orientation_xyzw:
    x: -0.40880982338925526
    y: 0.6647528966715359
    z: -0.5354172966039532
    w: -0.3229650649289529
start_wall:
  position_m:
    x: 0.03680987889891646
    y: -1.6837708970485428
    z: 0.674533876253729
  orientation_xyzw:
    x: -0.40889664639747414
    y: 0.6647884516820801
    z: -0.5353062104822806
    w: -0.3229661098229072
goal_floor:
  position_m:
    x: 0.06797676116183893
    y: -1.677696588242839
    z: 0.6732125446624011
  orientation_xyzw:
    x: -0.40882601517153955
    y: 0.6647432107971298
    z: -0.5354142625203986
    w: -0.3229695349530981
goal_wall:
  position_m:
    x: 0.06809730881829645
    y: -1.6811112408434536
    z: 0.6749234226611633
  orientation_xyzw:
    x: -0.40889868671944346
    y: 0.6647746458307499
    z: -0.5353203632968513
    w: -0.32296848592307403

[samples]
elapsed_s raw0 state arc gas fwd wcr current_a voltage_v wire_feed_m_min set_current_a set_voltage_v error db collision
0.009 0x00 idle 0 0 0 0 0 0.0 0.0 100 10.0 0 0 0
0.054 0x00 idle 0 0 0 0 0 0.0 0.0 100 10.0 0 0 0
0.087 0x00 idle 0 0 0 0 0 0.0 0.0 100 10.0 0 0 0
0.126 0x00 idle 0 0 0 0 0 0.0 0.0 100 10.0 0 0 0
0.164 0x00 idle 0 0 0 0 0 0.0 0.0 100 10.0 0 0 0
0.205 0x00 idle 0 0 0 0 0 0.0 0.0 100 10.0 0 0 0
0.245 0x00 idle 0 0 0 0 0 0.0 0.0 100 10.0 0 0 0
0.292 0x00 idle 0 0 0 0 0 0.0 0.0 100 10.0 0 0 0
0.324 0x00 idle 0 0 0 0 0 0.0 0.0 100 10.0 0 0 0
0.367 0x00 idle 0 0 0 0 0 0.0 0.0 100 10.0 0 0 0
0.405 0x00 idle 0 0 0 0 0 0.0 0.0 100 10.0 0 0 0
0.447 0x00 idle 0 0 0 0 0 0.0 0.0 100 10.0 0 0 0
0.485 0x00 idle 0 0 0 0 0 0.0 0.0 100 10.0 0 0 0
0.525 0x00 idle 0 0 0 0 0 0.0 0.0 100 10.0 0 0 0
0.566 0x00 idle 0 0 0 0 0 0.0 0.0 100 10.0 0 0 0
0.606 0x00 idle 0 0 0 0 0 0.0 0.0 100 10.0 0 0 0
0.650 0x00 idle 0 0 0 0 0 0.0 0.0 100 10.0 0 0 0
0.688 0x00 idle 0 0 0 0 0 0.0 0.0 100 10.0 0 0 0
0.724 0x00 idle 0 0 0 0 0 0.0 0.0 100 10.0 0 0 0
0.766 0x00 idle 0 0 0 0 0 0.0 0.0 100 10.0 0 0 0
0.807 0x00 idle 0 0 0 0 0 0.0 0.0 100 10.0 0 0 0
0.846 0x00 idle 0 0 0 0 0 0.0 0.0 100 10.0 0 0 0
0.887 0x00 idle 0 0 0 0 0 0.0 0.0 100 10.0 0 0 0
0.931 0x00 idle 0 0 0 0 0 0.0 0.0 100 10.0 0 0 0
0.966 0x00 idle 0 0 0 0 0 0.0 0.0 100 10.0 0 0 0
1.005 0x00 idle 0 0 0 0 0 0.0 0.0 100 10.0 0 0 0
1.046 0x00 idle 0 0 0 0 0 0.0 0.0 100 10.0 0 0 0
1.086 0x00 idle 0 0 0 0 0 0.0 0.0 100 10.0 0 0 0
1.126 0x00 idle 0 0 0 0 0 0.0 0.0 100 10.0 0 0 0
1.165 0x00 idle 0 0 0 0 0 0.0 0.0 100 10.0 0 0 0
1.205 0x00 idle 0 0 0 0 0 0.0 0.0 100 10.0 0 0 0
1.244 0x00 idle 0 0 0 0 0 0.0 0.0 100 10.0 0 0 0
1.289 0x00 idle 0 0 0 0 0 0.0 0.0 100 10.0 0 0 0
1.328 0x00 idle 0 0 0 0 0 0.0 0.0 100 10.0 0 0 0
1.368 0x00 idle 0 0 0 0 0 0.0 0.0 100 10.0 0 0 0
1.407 0x00 idle 0 0 0 0 0 0.0 0.0 100 10.0 0 0 0
1.447 0x00 idle 0 0 0 0 0 0.0 0.0 100 10.0 0 0 0
1.487 0x00 idle 0 0 0 0 0 0.0 0.0 100 10.0 0 0 0
1.525 0x00 idle 0 0 0 0 0 0.0 0.0 100 10.0 0 0 0
1.564 0x00 idle 0 0 0 0 0 0.0 0.0 100 10.0 0 0 0
1.606 0x00 idle 0 0 0 0 0 0.0 0.0 100 10.0 0 0 0
1.650 0x00 idle 0 0 0 0 0 0.0 0.0 100 10.0 0 0 0
1.687 0x00 idle 0 0 0 0 0 0.0 0.0 100 10.0 0 0 0
1.725 0x00 idle 0 0 0 0 0 0.0 0.0 100 10.0 0 0 0
1.768 0x00 idle 0 0 0 0 0 0.0 0.0 100 10.0 0 0 0
1.807 0x00 idle 0 0 0 0 0 0.0 0.0 100 10.0 0 0 0
1.846 0x00 idle 0 0 0 0 0 0.0 0.0 100 10.0 0 0 0
1.885 0x00 idle 0 0 0 0 0 0.0 0.0 100 10.0 0 0 0
1.927 0x00 idle 0 0 0 0 0 0.0 0.0 100 10.0 0 0 0
1.964 0x00 idle 0 0 0 0 0 0.0 0.0 100 10.0 0 0 0
2.006 0x00 idle 0 0 0 0 0 0.0 0.0 100 10.0 0 0 0
2.049 0x00 idle 0 0 0 0 0 0.0 0.0 100 10.0 0 0 0
2.088 0x00 idle 0 0 0 0 0 0.0 0.0 100 10.0 0 0 0
2.126 0x00 idle 0 0 0 0 0 0.0 0.0 100 10.0 0 0 0
2.166 0x00 idle 0 0 0 0 0 0.0 0.0 100 10.0 0 0 0
2.205 0x00 idle 0 0 0 0 0 0.0 0.0 100 10.0 0 0 0
2.244 0x00 idle 0 0 0 0 0 0.0 0.0 100 10.0 0 0 0
2.288 0x00 idle 0 0 0 0 0 0.0 0.0 100 10.0 0 0 0
2.327 0x00 idle 0 0 0 0 0 0.0 0.0 100 10.0 0 0 0
2.365 0x00 idle 0 0 0 0 0 0.0 0.0 100 10.0 0 0 0
2.405 0x00 idle 0 0 0 0 0 0.0 0.0 100 10.0 0 0 0
2.449 0x00 idle 0 0 0 0 0 0.0 0.0 100 10.0 0 0 0
2.486 0x00 idle 0 0 0 0 0 0.0 0.0 100 10.0 0 0 0
2.526 0x00 idle 0 0 0 0 0 0.0 0.0 100 10.0 0 0 0
2.565 0x00 idle 0 0 0 0 0 0.0 0.0 100 10.0 0 0 0
2.610 0x00 idle 0 0 0 0 0 0.0 0.0 100 10.0 0 0 0
2.653 0x00 idle 0 0 0 0 0 0.0 0.0 100 10.0 0 0 0
2.698 0x00 idle 0 0 0 0 0 0.0 0.0 100 10.0 0 0 0
2.731 0x00 idle 0 0 0 0 0 0.0 0.0 100 10.0 0 0 0
2.769 0x00 idle 0 0 0 0 0 0.0 0.0 100 10.0 0 0 0
2.808 0x00 idle 0 0 0 0 0 0.0 0.0 100 10.0 0 0 0
2.851 0x00 idle 0 0 0 0 0 0.0 0.0 100 10.0 0 0 0
2.893 0x00 idle 0 0 0 0 0 0.0 0.0 100 10.0 0 0 0
2.924 0x00 idle 0 0 0 0 0 0.0 0.0 100 10.0 0 0 0
2.964 0x00 idle 0 0 0 0 0 0.0 0.0 100 10.0 0 0 0
3.007 0x00 idle 0 0 0 0 0 0.0 0.0 100 10.0 0 0 0
3.057 0x00 idle 0 0 0 0 0 0.0 0.0 100 10.0 0 0 0
3.090 0x00 idle 0 0 0 0 0 0.0 0.0 100 10.0 0 0 0
3.134 0x00 idle 0 0 0 0 0 0.0 0.0 100 10.0 0 0 0
3.171 0x00 idle 0 0 0 0 0 0.0 0.0 100 10.0 0 0 0
3.208 0x00 idle 0 0 0 0 0 0.0 0.0 100 10.0 0 0 0
3.249 0x00 idle 0 0 0 0 0 0.0 0.0 100 10.0 0 0 0
3.290 0x00 idle 0 0 0 0 0 0.0 0.0 100 10.0 0 0 0
3.328 0x00 idle 0 0 0 0 0 0.0 0.0 100 10.0 0 0 0
3.367 0x00 idle 0 0 0 0 0 0.0 0.0 100 10.0 0 0 0
3.408 0x00 idle 0 0 0 0 0 0.0 0.0 100 10.0 0 0 0
3.450 0x00 idle 0 0 0 0 0 0.0 0.0 100 10.0 0 0 0
3.487 0x00 idle 0 0 0 0 0 0.0 0.0 100 10.0 0 0 0
3.524 0x00 idle 0 0 0 0 0 0.0 0.0 100 10.0 0 0 0
3.564 0x00 idle 0 0 0 0 0 0.0 0.0 100 10.0 0 0 0
3.607 0x00 idle 0 0 0 0 0 0.0 0.0 100 10.0 0 0 0
3.650 0x00 idle 0 0 0 0 0 0.0 0.0 100 10.0 0 0 0
3.692 0x00 idle 0 0 0 0 0 0.0 0.0 100 10.0 0 0 0
3.732 0x00 idle 0 0 0 0 0 0.0 0.0 100 10.0 0 0 0
3.765 0x00 idle 0 0 0 0 0 0.0 0.0 100 10.0 0 0 0
3.805 0x00 idle 0 0 0 0 0 0.0 0.0 100 10.0 0 0 0
3.850 0x00 idle 0 0 0 0 0 0.0 0.0 100 10.0 0 0 0
3.887 0x00 idle 0 0 0 0 0 0.0 0.0 100 10.0 0 0 0
3.927 0x00 idle 0 0 0 0 0 0.0 0.0 100 10.0 0 0 0
3.973 0x00 idle 0 0 0 0 0 0.0 0.0 100 10.0 0 0 0
4.011 0x00 idle 0 0 0 0 0 0.0 0.0 100 10.0 0 0 0
4.049 0x00 idle 0 0 0 0 0 0.0 0.0 100 10.0 0 0 0
4.089 0x00 idle 0 0 0 0 0 0.0 0.0 100 10.0 0 0 0
4.125 0x00 idle 0 0 0 0 0 0.0 0.0 100 10.0 0 0 0
4.166 0x00 idle 0 0 0 0 0 0.0 0.0 100 10.0 0 0 0
4.208 0x00 idle 0 0 0 0 0 0.0 0.0 100 10.0 0 0 0
4.253 0x00 idle 0 0 0 0 0 0.0 0.0 100 10.0 0 0 0
4.296 0x00 idle 0 0 0 0 0 0.0 0.0 100 10.0 0 0 0
4.328 0x00 idle 0 0 0 0 0 0.0 0.0 100 10.0 0 0 0
4.366 0x00 idle 0 0 0 0 0 0.0 0.0 100 10.0 0 0 0
4.407 0x00 idle 0 0 0 0 0 0.0 0.0 100 10.0 0 0 0
4.446 0x00 idle 0 0 0 0 0 0.0 0.0 100 10.0 0 0 0
4.490 0x00 idle 0 0 0 0 0 0.0 0.0 100 10.0 0 0 0
4.535 0x00 idle 0 0 0 0 0 0.0 0.0 100 10.0 0 0 0
4.569 0x00 idle 0 0 0 0 0 0.0 0.0 100 10.0 0 0 0
4.610 0x00 idle 0 0 0 0 0 0.0 0.0 100 10.0 0 0 0
4.649 0x00 idle 0 0 0 0 0 0.0 0.0 100 10.0 0 0 0
4.685 0x00 idle 0 0 0 0 0 0.0 0.0 100 10.0 0 0 0
4.726 0x00 idle 0 0 0 0 0 0.0 0.0 100 10.0 0 0 0
4.767 0x00 idle 0 0 0 0 0 0.0 0.0 100 10.0 0 0 0
4.807 0x00 idle 0 0 0 0 0 0.0 0.0 100 10.0 0 0 0
4.853 0x00 idle 0 0 0 0 0 0.0 0.0 100 10.0 0 0 0
4.889 0x00 idle 0 0 0 0 0 0.0 0.0 100 10.0 0 0 0
4.926 0x00 idle 0 0 0 0 0 0.0 0.0 100 10.0 0 0 0
4.968 0x00 idle 0 0 0 0 0 0.0 0.0 100 10.0 0 0 0
5.006 0x00 idle 0 0 0 0 0 0.0 0.0 100 10.0 0 0 0
5.047 0x00 idle 0 0 0 0 0 0.0 0.0 100 10.0 0 0 0
5.086 0x00 idle 0 0 0 0 0 0.0 0.0 100 10.0 0 0 0
5.129 0x00 idle 0 0 0 0 0 0.0 0.0 100 10.0 0 0 0
5.166 0x00 idle 0 0 0 0 0 0.0 0.0 100 10.0 0 0 0
5.205 0x00 idle 0 0 0 0 0 0.0 0.0 100 10.0 0 0 0
5.245 0x00 idle 0 0 0 0 0 0.0 0.0 100 10.0 0 0 0
5.287 0x00 idle 0 0 0 0 0 0.0 0.0 100 10.0 0 0 0
5.327 0x00 idle 0 0 0 0 0 0.0 0.0 100 10.0 0 0 0
5.366 0x00 idle 0 0 0 0 0 0.0 0.0 100 10.0 0 0 0
5.407 0x00 idle 0 0 0 0 0 0.0 0.0 100 10.0 0 0 0
5.446 0x00 idle 0 0 0 0 0 0.0 0.0 100 10.0 0 0 0
5.489 0x00 idle 0 0 0 0 0 0.0 0.0 100 10.0 0 0 0
5.526 0x00 idle 0 0 0 0 0 0.0 0.0 100 10.0 0 0 0
5.564 0x00 idle 0 0 0 0 0 0.0 0.0 100 10.0 0 0 0
5.605 0x00 idle 0 0 0 0 0 0.0 0.0 100 10.0 0 0 0
5.648 0x00 idle 0 0 0 0 0 0.0 0.0 100 10.0 0 0 0
5.690 0x00 idle 0 0 0 0 0 0.0 0.0 100 10.0 0 0 0
5.726 0x00 idle 0 0 0 0 0 0.0 0.0 100 10.0 0 0 0
5.765 0x00 idle 0 0 0 0 0 0.0 0.0 100 10.0 0 0 0
5.806 0x00 idle 0 0 0 0 0 0.0 0.0 100 10.0 0 0 0
5.845 0x00 idle 0 0 0 0 0 0.0 0.0 100 10.0 0 0 0
5.888 0x00 idle 0 0 0 0 0 0.0 0.0 100 10.0 0 0 0
5.927 0x00 idle 0 0 0 0 0 0.0 0.0 100 10.0 0 0 0
5.967 0x00 idle 0 0 0 0 0 0.0 0.0 100 10.0 0 0 0
6.005 0x00 idle 0 0 0 0 0 0.0 0.0 100 10.0 0 0 0
6.048 0x00 idle 0 0 0 0 0 0.0 0.0 100 10.0 0 0 0
6.086 0x00 idle 0 0 0 0 0 0.0 0.0 100 10.0 0 0 0
6.127 0x00 idle 0 0 0 0 0 0.0 0.0 100 10.0 0 0 0
6.169 0x00 idle 0 0 0 0 0 0.0 0.0 100 10.0 0 0 0
6.209 0x00 idle 0 0 0 0 0 0.0 0.0 100 10.0 0 0 0
6.247 0x00 idle 0 0 0 0 0 0.0 0.0 100 10.0 0 0 0
6.299 0x00 idle 0 0 0 0 0 0.0 0.0 100 10.0 0 0 0
6.325 0x00 idle 0 0 0 0 0 0.0 0.0 100 10.0 0 0 0
6.367 0x00 idle 0 0 0 0 0 0.0 0.0 100 10.0 0 0 0
6.409 0x00 idle 0 0 0 0 0 0.0 0.0 100 10.0 0 0 0
6.448 0x00 idle 0 0 0 0 0 0.0 0.0 100 10.0 0 0 0
6.489 0x00 idle 0 0 0 0 0 0.0 0.0 100 10.0 0 0 0
6.533 0x00 idle 0 0 0 0 0 0.0 0.0 100 10.0 0 0 0
6.568 0x00 idle 0 0 0 0 0 0.0 0.0 100 10.0 0 0 0
6.606 0x00 idle 0 0 0 0 0 0.0 0.0 100 10.0 0 0 0
6.645 0x00 idle 0 0 0 0 0 0.0 0.0 100 10.0 0 0 0
6.689 0x00 idle 0 0 0 0 0 0.0 0.0 100 10.0 0 0 0
6.725 0x00 idle 0 0 0 0 0 0.0 0.0 100 10.0 0 0 0
6.765 0x00 idle 0 0 0 0 0 0.0 0.0 100 10.0 0 0 0
6.813 0x00 idle 0 0 0 0 0 0.0 0.0 100 10.0 0 0 0
6.848 0x00 idle 0 0 0 0 0 0.0 0.0 100 10.0 0 0 0
6.890 0x00 idle 0 0 0 0 0 0.0 0.0 100 10.0 0 0 0
6.926 0x00 idle 0 0 0 0 0 0.0 0.0 100 10.0 0 0 0
6.969 0x00 idle 0 0 0 0 0 0.0 0.0 100 10.0 0 0 0
7.006 0x00 idle 0 0 0 0 0 0.0 0.0 100 10.0 0 0 0
7.051 0x00 idle 0 0 0 0 0 0.0 0.0 100 10.0 0 0 0
7.086 0x00 idle 0 0 0 0 0 0.0 0.0 100 10.0 0 0 0
7.126 0x00 idle 0 0 0 0 0 0.0 0.0 100 10.0 0 0 0
7.173 0x00 idle 0 0 0 0 0 0.0 0.0 100 10.0 0 0 0
7.209 0x00 idle 0 0 0 0 0 0.0 0.0 100 10.0 0 0 0
7.250 0x00 idle 0 0 0 0 0 0.0 0.0 100 10.0 0 0 0
7.292 0x00 idle 0 0 0 0 0 0.0 0.0 100 10.0 0 0 0
7.336 0x00 idle 0 0 0 0 0 0.0 0.0 100 10.0 0 0 0
7.369 0x00 idle 0 0 0 0 0 0.0 0.0 100 10.0 0 0 0
7.405 0x00 idle 0 0 0 0 0 0.0 0.0 100 10.0 0 0 0
7.449 0x00 idle 0 0 0 0 0 0.0 0.0 100 10.0 0 0 0
7.485 0x00 idle 0 0 0 0 0 0.0 0.0 100 10.0 0 0 0
7.526 0x00 idle 0 0 0 0 0 0.0 0.0 100 10.0 0 0 0
7.566 0x00 idle 0 0 0 0 0 0.0 0.0 100 10.0 0 0 0
7.607 0x00 idle 0 0 0 0 0 0.0 0.0 100 10.0 0 0 0
7.648 0x00 idle 0 0 0 0 0 0.0 0.0 100 10.0 0 0 0
7.687 0x00 idle 0 0 0 0 0 0.0 0.0 100 10.0 0 0 0
7.728 0x00 idle 0 0 0 0 0 0.0 0.0 100 10.0 0 0 0
7.769 0x00 idle 0 0 0 0 0 0.0 0.0 100 10.0 0 0 0
7.805 0x00 idle 0 0 0 0 0 0.0 0.0 100 10.0 0 0 0
7.845 0x00 idle 0 0 0 0 0 0.0 0.0 100 10.0 0 0 0
7.892 0x00 idle 0 0 0 0 0 0.0 0.0 100 10.0 0 0 0
7.929 0x00 idle 0 0 0 0 0 0.0 0.0 100 10.0 0 0 0
7.970 0x00 idle 0 0 0 0 0 0.0 0.0 100 10.0 0 0 0
8.005 0x00 idle 0 0 0 0 0 0.0 0.0 100 10.0 0 0 0
8.050 0x00 idle 0 0 0 0 0 0.0 0.0 100 10.0 0 0 0

[tcp_trajectory]
elapsed_s x_m y_m z_m qx qy qz qw speed_m_s tf_stamp_s along_mm remaining_mm cross_track_mm progress waypoint phase
0.0024 0.0359704 -1.6832863 0.6733092 -0.41840557 0.65878853 -0.53995679 -0.31524770 0.000000 1789526439.338765144 -0.830 32.436 0.646 0.00000 -1 ACTUAL_TF
0.0386 0.0359305 -1.6835564 0.6732305 -0.41843099 0.65876938 -0.53996563 -0.31523886 0.005108 1789526439.394395590 -0.893 32.499 0.384 0.00000 -1 ACTUAL_TF
0.0889 0.0359067 -1.6836855 0.6731900 -0.41844123 0.65876263 -0.53997078 -0.31523055 0.004311 1789526439.450431108 -0.928 32.534 0.267 0.00000 -1 ACTUAL_TF
0.1467 0.0358877 -1.6837868 0.6731595 -0.41844797 0.65876153 -0.53996986 -0.31522546 0.003594 1789526439.506430149 -0.956 32.561 0.192 0.00000 -1 ACTUAL_TF
0.2019 0.0358788 -1.6838280 0.6731371 -0.41845416 0.65876165 -0.53996619 -0.31522329 0.002771 1789526439.562398434 -0.969 32.574 0.161 0.00000 -1 ACTUAL_TF
0.2592 0.0358734 -1.6838595 0.6731216 -0.41846098 0.65876117 -0.53996327 -0.31522024 0.002130 1789526439.618441105 -0.977 32.582 0.144 0.00000 -1 ACTUAL_TF
0.3102 0.0358678 -1.6838752 0.6731107 -0.41846454 0.65876223 -0.53995965 -0.31521949 0.001597 1789526439.674427986 -0.984 32.589 0.135 0.00000 -1 ACTUAL_TF
0.3658 0.0358529 -1.6838616 0.6731024 -0.41846593 0.65876651 -0.53995138 -0.31522288 0.001235 1789526439.730416536 -0.997 32.603 0.125 0.00000 -1 ACTUAL_TF
0.4238 0.0358042 -1.6838095 0.6730830 -0.41844169 0.65880080 -0.53990997 -0.31525432 0.001261 1789526439.786340952 -1.042 32.647 0.116 0.00000 -1 ACTUAL_TF
0.4799 0.0359528 -1.6838156 0.6730548 -0.41849731 0.65887835 -0.53977514 -0.31524930 0.001692 1789526439.842484236 -0.894 32.500 0.082 0.00000 -1 ACTUAL_TF
0.5404 0.0365483 -1.6842311 0.6734165 -0.41856566 0.65891592 -0.53970304 -0.31520347 0.005533 1789526439.898442507 -0.334 31.939 0.615 0.00000 -1 ACTUAL_TF
0.5991 0.0369473 -1.6846095 0.6737702 -0.41858395 0.65893537 -0.53967073 -0.31519384 0.007377 1789526439.954421520 0.034 31.571 1.155 0.00000 -1 ACTUAL_TF
0.6469 0.0372741 -1.6849174 0.6740719 -0.41859157 0.65894701 -0.53965469 -0.31518686 0.008064 1789526440.010382891 0.336 31.269 1.604 0.00000 -1 ACTUAL_TF
0.7032 0.0374490 -1.6850766 0.6742333 -0.41859353 0.65895009 -0.53965299 -0.31518072 0.007178 1789526440.066400766 0.498 31.107 1.840 0.00000 -1 ACTUAL_TF
0.7639 0.0375852 -1.6851944 0.6743532 -0.41859677 0.65894615 -0.53965703 -0.31517773 0.006183 1789526440.122442007 0.625 30.981 2.015 0.00000 -1 ACTUAL_TF
0.8137 0.0376676 -1.6852322 0.6743897 -0.41859687 0.65895071 -0.53964939 -0.31518114 0.004852 1789526440.178423643 0.704 30.901 2.073 0.00000 -1 ACTUAL_TF
0.8698 0.0378507 -1.6851836 0.6743951 -0.41860191 0.65894225 -0.53965626 -0.31518038 0.004413 1789526440.234325171 0.890 30.715 2.051 0.00000 -1 ACTUAL_TF
0.9291 0.0382425 -1.6848761 0.6742022 -0.41862655 0.65886409 -0.53969995 -0.31523624 0.005948 1789526440.290374041 1.305 30.300 1.719 0.00000 -1 ACTUAL_TF
0.9872 0.0386013 -1.6841930 0.6735722 -0.41862418 0.65880816 -0.53973838 -0.31529049 0.009490 1789526440.346483469 1.716 29.889 0.811 0.00000 -1 ACTUAL_TF
1.0370 0.0391107 -1.6833055 0.6727546 -0.41861659 0.65876083 -0.53979700 -0.31529910 0.013660 1789526440.402479649 2.293 29.312 0.365 0.00000 -1 ACTUAL_TF
1.1018 0.0394606 -1.6826795 0.6721657 -0.41862427 0.65873141 -0.53983389 -0.31528721 0.014527 1789526440.458544970 2.690 28.915 1.204 0.00000 -1 ACTUAL_TF
1.1480 0.0396644 -1.6821818 0.6716729 -0.41861388 0.65874343 -0.53982563 -0.31529003 0.014090 1789526440.514357805 2.932 28.673 1.892 0.00000 -1 ACTUAL_TF
1.2064 0.0397935 -1.6819351 0.6714354 -0.41860618 0.65874855 -0.53983319 -0.31527660 0.011823 1789526440.570367336 3.080 28.525 2.226 0.00000 -1 ACTUAL_TF
1.2610 0.0398888 -1.6817394 0.6712451 -0.41861491 0.65874527 -0.53983170 -0.31527442 0.009826 1789526440.626350164 3.190 28.415 2.494 0.00000 -1 ACTUAL_TF
1.3217 0.0399310 -1.6816495 0.6711631 -0.41860188 0.65875268 -0.53983478 -0.31527097 0.007568 1789526440.682365656 3.239 28.366 2.613 0.00000 -1 ACTUAL_TF
1.3813 0.0399875 -1.6816339 0.6711619 -0.41859428 0.65875556 -0.53983609 -0.31527279 0.005611 1789526440.738470316 3.297 28.309 2.621 0.00000 -1 ACTUAL_TF
1.4308 0.0401685 -1.6817651 0.6712256 -0.41857700 0.65881972 -0.53979647 -0.31522949 0.005175 1789526440.794346094 3.466 28.139 2.474 0.00000 -1 ACTUAL_TF
1.4858 0.0406023 -1.6823625 0.6718672 -0.41852950 0.65881893 -0.53984648 -0.31520859 0.008860 1789526440.850374460 3.853 27.753 1.576 0.00000 -1 ACTUAL_TF
1.5430 0.0412065 -1.6832895 0.6728357 -0.41849876 0.65884798 -0.53984791 -0.31518623 0.014076 1789526440.906404495 4.383 27.222 0.210 0.00000 -1 ACTUAL_TF
1.6015 0.0415788 -1.6838208 0.6733770 -0.41854070 0.65889298 -0.53977431 -0.31516254 0.014375 1789526440.962459087 4.713 26.892 0.578 0.00000 -1 ACTUAL_TF
1.6610 0.0419304 -1.6843360 0.6739299 -0.41854471 0.65890082 -0.53976637 -0.31515441 0.014536 1789526441.018348217 5.024 26.581 1.349 0.00000 -1 ACTUAL_TF
1.7082 0.0421481 -1.6846639 0.6742738 -0.41854483 0.65890693 -0.53976266 -0.31514783 0.012973 1789526441.074402094 5.215 26.390 1.835 0.00000 -1 ACTUAL_TF
1.7667 0.0422451 -1.6847834 0.6744014 -0.41855592 0.65891695 -0.53974650 -0.31513983 0.010151 1789526441.130444050 5.303 26.302 2.014 0.00000 -1 ACTUAL_TF
1.8268 0.0423251 -1.6849023 0.6745336 -0.41855469 0.65891159 -0.53975190 -0.31514341 0.008151 1789526441.186379433 5.373 26.232 2.196 0.00000 -1 ACTUAL_TF
1.8871 0.0423872 -1.6849111 0.6745555 -0.41855584 0.65891011 -0.53974887 -0.31515018 0.006061 1789526441.242540836 5.435 26.171 2.221 0.00000 -1 ACTUAL_TF
1.9350 0.0426401 -1.6848285 0.6745595 -0.41855232 0.65889737 -0.53975908 -0.31516400 0.005667 1789526441.298573494 5.694 25.912 2.179 0.00000 -1 ACTUAL_TF
1.9964 0.0430338 -1.6844131 0.6742459 -0.41859993 0.65881022 -0.53979996 -0.31521293 0.007473 1789526441.354429483 6.119 25.486 1.686 0.00000 -1 ACTUAL_TF
2.0559 0.0435038 -1.6834479 0.6733159 -0.41864284 0.65877160 -0.53980313 -0.31523124 0.012841 1789526441.410416603 6.662 24.943 0.374 0.00000 -1 ACTUAL_TF
2.1018 0.0438348 -1.6827976 0.6727224 -0.41859045 0.65874487 -0.53985605 -0.31526603 0.014035 1789526441.466336250 7.043 24.562 0.489 0.00000 -1 ACTUAL_TF
2.1612 0.0441395 -1.6821403 0.6720904 -0.41857903 0.65873232 -0.53987687 -0.31527177 0.014951 1789526441.522600174 7.398 24.208 1.381 0.00000 -1 ACTUAL_TF
2.2212 0.0443446 -1.6817436 0.6717186 -0.41856638 0.65871698 -0.53990603 -0.31527069 0.013595 1789526441.578298092 7.633 23.973 1.912 0.00000 -1 ACTUAL_TF
2.2786 0.0444206 -1.6815336 0.6715075 -0.41856524 0.65871896 -0.53990315 -0.31527299 0.011162 1789526441.634325981 7.725 23.881 2.205 0.00000 -1 ACTUAL_TF
2.3263 0.0444968 -1.6813776 0.6713589 -0.41855744 0.65871889 -0.53991076 -0.31527047 0.009029 1789526441.690742016 7.813 23.793 2.416 0.00000 -1 ACTUAL_TF
2.3846 0.0445377 -1.6813239 0.6713136 -0.41855273 0.65872117 -0.53991328 -0.31526764 0.006759 1789526441.746347189 7.858 23.748 2.484 0.00000 -1 ACTUAL_TF
2.4515 0.0446282 -1.6813432 0.6713167 -0.41854017 0.65872426 -0.53991887 -0.31526828 0.005228 1789526441.802302599 7.946 23.659 2.463 0.00000 -1 ACTUAL_TF
2.4984 0.0448353 -1.6815296 0.6714438 -0.41852216 0.65882066 -0.53985620 -0.31519807 0.005298 1789526441.858365059 8.138 23.467 2.230 0.00000 -1 ACTUAL_TF
2.5572 0.0454555 -1.6824076 0.6723783 -0.41849369 0.65883042 -0.53988469 -0.31516669 0.011332 1789526441.914415121 8.688 22.917 0.917 0.00000 -1 ACTUAL_TF
2.6073 0.0459183 -1.6831392 0.6731467 -0.41847007 0.65883418 -0.53989684 -0.31516936 0.014151 1789526441.970255852 9.093 22.512 0.171 0.00000 -1 ACTUAL_TF
2.6734 0.0463246 -1.6837113 0.6737254 -0.41851912 0.65888034 -0.53981667 -0.31514505 0.014765 1789526442.026415825 9.454 22.152 1.004 0.00000 -1 ACTUAL_TF
2.7222 0.0466195 -1.6841634 0.6742193 -0.41850561 0.65887957 -0.53982906 -0.31514338 0.014248 1789526442.082505703 9.713 21.893 1.687 0.00000 -1 ACTUAL_TF
2.7833 0.0467637 -1.6843680 0.6744314 -0.41851570 0.65888280 -0.53981885 -0.31514073 0.011735 1789526442.138393402 9.841 21.765 1.990 0.00000 -1 ACTUAL_TF
2.8340 0.0468598 -1.6845068 0.6745750 -0.41852846 0.65889130 -0.53980047 -0.31513748 0.009403 1789526442.194331646 9.926 21.680 2.194 0.00000 -1 ACTUAL_TF
2.8938 0.0469121 -1.6845608 0.6746329 -0.41854135 0.65889155 -0.53978941 -0.31513879 0.007090 1789526442.250374079 9.974 21.632 2.276 0.00000 -1 ACTUAL_TF
2.9560 0.0470401 -1.6845427 0.6746461 -0.41854286 0.65888634 -0.53979315 -0.31514127 0.005658 1789526442.306535006 10.103 21.503 2.280 0.00000 -1 ACTUAL_TF
3.0040 0.0473156 -1.6844348 0.6746332 -0.41854794 0.65885296 -0.53981969 -0.31515885 0.005547 1789526442.362517118 10.386 21.219 2.209 0.00000 -1 ACTUAL_TF
3.0650 0.0477378 -1.6838108 0.6741108 -0.41855614 0.65876668 -0.53987159 -0.31523941 0.008805 1789526442.418398857 10.856 20.749 1.424 0.00000 -1 ACTUAL_TF
3.1147 0.0481993 -1.6828178 0.6731457 -0.41858278 0.65875218 -0.53986574 -0.31524436 0.013981 1789526442.474411726 11.393 20.212 0.080 0.00000 -1 ACTUAL_TF
3.1707 0.0485365 -1.6821422 0.6725000 -0.41860124 0.65873436 -0.53987303 -0.31524460 0.015097 1789526442.530537128 11.781 19.824 0.850 0.00000 -1 ACTUAL_TF
3.2297 0.0487597 -1.6815944 0.6719697 -0.41856591 0.65873916 -0.53988740 -0.31525687 0.014835 1789526442.586396217 12.046 19.559 1.598 0.00000 -1 ACTUAL_TF
3.2828 0.0489260 -1.6813076 0.6717029 -0.41857062 0.65872890 -0.53990262 -0.31524599 0.012662 1789526442.642451763 12.234 19.371 1.980 0.00000 -1 ACTUAL_TF
3.3339 0.0490020 -1.6811022 0.6714995 -0.41856010 0.65873244 -0.53990506 -0.31524839 0.010465 1789526442.698420763 12.326 19.279 2.264 0.00000 -1 ACTUAL_TF
3.4068 0.0490586 -1.6809779 0.6713768 -0.41856424 0.65873188 -0.53990524 -0.31524376 0.008310 1789526442.754405022 12.392 19.213 2.435 0.00000 -1 ACTUAL_TF
3.4524 0.0491051 -1.6809321 0.6713447 -0.41855843 0.65873667 -0.53990364 -0.31524420 0.006206 1789526442.810473442 12.442 19.163 2.488 0.00000 -1 ACTUAL_TF
3.5107 0.0492167 -1.6809904 0.6713645 -0.41854302 0.65874766 -0.53990755 -0.31523499 0.005028 1789526442.866415262 12.549 19.057 2.426 0.00000 -1 ACTUAL_TF
3.5590 0.0495916 -1.6814313 0.6717658 -0.41851251 0.65884713 -0.53985533 -0.31515703 0.007275 1789526442.922673702 12.888 18.718 1.812 0.00000 -1 ACTUAL_TF
3.6161 0.0502168 -1.6824053 0.6728253 -0.41845518 0.65880681 -0.53994011 -0.31517222 0.013537 1789526442.978417397 13.436 18.170 0.342 0.00000 -1 ACTUAL_TF
3.6794 0.0506271 -1.6830072 0.6734475 -0.41847854 0.65883672 -0.53989481 -0.31515627 0.014601 1789526443.034502745 13.798 17.807 0.547 0.00000 -1 ACTUAL_TF
3.7290 0.0510118 -1.6835846 0.6740388 -0.41848571 0.65885826 -0.53987283 -0.31513939 0.015095 1789526443.090604067 14.137 17.469 1.393 0.00000 -1 ACTUAL_TF
3.7828 0.0511975 -1.6838613 0.6743259 -0.41850888 0.65888292 -0.53983044 -0.31512969 0.012928 1789526443.146473408 14.300 17.305 1.801 0.00000 -1 ACTUAL_TF
3.8426 0.0513375 -1.6840591 0.6745302 -0.41852915 0.65889269 -0.53980547 -0.31512511 0.010747 1789526443.202498913 14.425 17.181 2.092 0.00000 -1 ACTUAL_TF
3.9004 0.0514005 -1.6841464 0.6746167 -0.41854008 0.65890154 -0.53978886 -0.31512054 0.008262 1789526443.258516788 14.481 17.125 2.219 0.00000 -1 ACTUAL_TF
3.9587 0.0514523 -1.6841860 0.6746615 -0.41854810 0.65890284 -0.53977641 -0.31512847 0.006208 1789526443.314442635 14.529 17.076 2.281 0.00000 -1 ACTUAL_TF
4.0096 0.0516154 -1.6841416 0.6746667 -0.41855415 0.65889401 -0.53978291 -0.31512780 0.005252 1789526443.370392561 14.696 16.910 2.262 0.00000 -1 ACTUAL_TF
4.0654 0.0519998 -1.6838783 0.6745446 -0.41856246 0.65881212 -0.53984178 -0.31518710 0.006253 1789526443.426473856 15.100 16.505 2.011 0.00000 -1 ACTUAL_TF
4.1272 0.0524676 -1.6830201 0.6737524 -0.41858522 0.65874358 -0.53988324 -0.31522912 0.011109 1789526443.482540846 15.633 15.972 0.873 0.00000 -1 ACTUAL_TF
4.1747 0.0528468 -1.6822183 0.6729819 -0.41857875 0.65873569 -0.53989999 -0.31522552 0.014085 1789526443.538413763 16.073 15.532 0.224 0.00000 -1 ACTUAL_TF
4.2435 0.0531894 -1.6815398 0.6723287 -0.41857111 0.65872051 -0.53991462 -0.31524232 0.015203 1789526443.594673157 16.467 15.138 1.140 0.00000 -1 ACTUAL_TF
4.2943 0.0533500 -1.6811487 0.6719496 -0.41856135 0.65871990 -0.53991747 -0.31525169 0.013693 1789526443.650514841 16.658 14.948 1.675 0.00000 -1 ACTUAL_TF
4.3465 0.0534998 -1.6808441 0.6716549 -0.41856601 0.65872580 -0.53991343 -0.31524008 0.011996 1789526443.706440210 16.831 14.775 2.090 0.00000 -1 ACTUAL_TF
4.4087 0.0535784 -1.6806911 0.6715156 -0.41856460 0.65871595 -0.53992799 -0.31523759 0.009583 1789526443.762449026 16.921 14.684 2.292 0.00000 -1 ACTUAL_TF
4.4695 0.0536144 -1.6805820 0.6714027 -0.41856479 0.65872548 -0.53991800 -0.31523454 0.007572 1789526443.818369389 16.965 14.640 2.447 0.00000 -1 ACTUAL_TF
4.5216 0.0536545 -1.6805610 0.6713989 -0.41855765 0.65873072 -0.53991456 -0.31523897 0.005543 1789526443.874553442 17.007 14.598 2.462 0.00000 -1 ACTUAL_TF
4.5694 0.0538535 -1.6807223 0.6715056 -0.41852621 0.65877727 -0.53990531 -0.31519926 0.005369 1789526443.930465460 17.192 14.413 2.262 0.00000 -1 ACTUAL_TF
4.6300 0.0543200 -1.6813764 0.6721559 -0.41850132 0.65881610 -0.53989397 -0.31517058 0.009297 1789526443.986447573 17.606 13.999 1.316 0.00000 -1 ACTUAL_TF
4.6796 0.0548394 -1.6822403 0.6731051 -0.41842260 0.65878646 -0.53998155 -0.31518700 0.013927 1789526444.042435646 18.058 13.548 0.011 0.00000 -1 ACTUAL_TF
4.7344 0.0552862 -1.6828456 0.6736944 -0.41849084 0.65886729 -0.53985873 -0.31513785 0.014871 1789526444.098404884 18.456 13.150 0.863 0.00000 -1 ACTUAL_TF
4.7943 0.0555796 -1.6832916 0.6741692 -0.41849278 0.65887218 -0.53985583 -0.31513002 0.014239 1789526444.154376268 18.714 12.892 1.528 0.00000 -1 ACTUAL_TF
4.8539 0.0557671 -1.6835600 0.6744441 -0.41852048 0.65889406 -0.53981246 -0.31512179 0.012249 1789526444.210581303 18.880 12.725 1.922 0.00000 -1 ACTUAL_TF
4.9030 0.0558699 -1.6837059 0.6745941 -0.41852695 0.65889283 -0.53980943 -0.31512095 0.009828 1789526444.266372442 18.971 12.634 2.137 0.00000 -1 ACTUAL_TF
4.9674 0.0559399 -1.6838025 0.6746974 -0.41853757 0.65889537 -0.53979807 -0.31512098 0.007723 1789526444.322523832 19.033 12.572 2.282 0.00000 -1 ACTUAL_TF
5.0154 0.0559918 -1.6838174 0.6747208 -0.41853257 0.65889656 -0.53979549 -0.31512955 0.005722 1789526444.378421783 19.084 12.521 2.312 0.00000 -1 ACTUAL_TF
5.0776 0.0562558 -1.6837316 0.6747259 -0.41853896 0.65887650 -0.53981251 -0.31513386 0.005494 1789526444.434361219 19.354 12.251 2.269 0.00000 -1 ACTUAL_TF
5.1274 0.0566530 -1.6832650 0.6743893 -0.41854012 0.65878242 -0.53987364 -0.31522428 0.007584 1789526444.490472794 19.787 11.818 1.725 0.00000 -1 ACTUAL_TF
5.1859 0.0570492 -1.6824146 0.6735647 -0.41858869 0.65875322 -0.53986849 -0.31522962 0.012003 1789526444.546446085 20.248 11.357 0.565 0.00000 -1 ACTUAL_TF
5.2416 0.0574615 -1.6815825 0.6728045 -0.41854645 0.65871401 -0.53992562 -0.31526981 0.014838 1789526444.602392435 20.724 10.882 0.544 0.00000 -1 ACTUAL_TF
5.3012 0.0577668 -1.6810401 0.6722798 -0.41856078 0.65869945 -0.53994525 -0.31524757 0.014746 1789526444.658415079 21.070 10.535 1.277 0.00000 -1 ACTUAL_TF
5.3495 0.0579363 -1.6806304 0.6718786 -0.41855913 0.65871008 -0.53993339 -0.31524788 0.013525 1789526444.714423656 21.271 10.335 1.840 0.00000 -1 ACTUAL_TF
5.4110 0.0580127 -1.6804157 0.6716621 -0.41856115 0.65871668 -0.53992399 -0.31524750 0.011152 1789526444.770387650 21.363 10.242 2.140 0.00000 -1 ACTUAL_TF
5.4705 0.0580795 -1.6802622 0.6715147 -0.41855031 0.65871966 -0.53992985 -0.31524562 0.008998 1789526444.826539755 21.442 10.163 2.348 0.00000 -1 ACTUAL_TF
5.5213 0.0581277 -1.6801850 0.6714434 -0.41855442 0.65872542 -0.53992236 -0.31524098 0.006919 1789526444.882417202 21.496 10.109 2.451 0.00000 -1 ACTUAL_TF
5.5790 0.0581931 -1.6802125 0.6714496 -0.41853761 0.65872865 -0.53992823 -0.31524647 0.005225 1789526444.938496828 21.559 10.046 2.423 0.00000 -1 ACTUAL_TF
5.6371 0.0584847 -1.6805256 0.6717174 -0.41848654 0.65881148 -0.53990686 -0.31517780 0.006367 1789526444.994370461 21.825 9.780 1.997 0.00000 -1 ACTUAL_TF
5.6921 0.0589583 -1.6812190 0.6724280 -0.41847075 0.65881431 -0.53992110 -0.31516844 0.010348 1789526445.050388098 22.243 9.362 0.980 0.00000 -1 ACTUAL_TF
5.7484 0.0595094 -1.6820681 0.6733173 -0.41846875 0.65885120 -0.53989001 -0.31514724 0.014447 1789526445.106500626 22.727 8.878 0.281 0.00000 -1 ACTUAL_TF
5.8037 0.0598557 -1.6825818 0.6738569 -0.41849701 0.65886961 -0.53984829 -0.31514270 0.014525 1789526445.162374258 23.032 8.573 1.042 0.00000 -1 ACTUAL_TF
5.8598 0.0601509 -1.6830335 0.6743265 -0.41849757 0.65888340 -0.53983756 -0.31513150 0.013995 1789526445.218439817 23.292 8.314 1.708 0.00000 -1 ACTUAL_TF
5.9176 0.0602819 -1.6832274 0.6745174 -0.41851404 0.65889150 -0.53981586 -0.31512985 0.011414 1789526445.274461985 23.407 8.198 1.987 0.00000 -1 ACTUAL_TF
5.9664 0.0603863 -1.6833822 0.6746861 -0.41851557 0.65888825 -0.53981687 -0.31513289 0.009336 1789526445.330530643 23.499 8.106 2.221 0.00000 -1 ACTUAL_TF
6.0239 0.0604465 -1.6834611 0.6747791 -0.41851883 0.65888020 -0.53981894 -0.31514183 0.007265 1789526445.386419535 23.553 8.052 2.346 0.00000 -1 ACTUAL_TF
6.0840 0.0605538 -1.6834376 0.6747883 -0.41852039 0.65887616 -0.53982040 -0.31514571 0.005676 1789526445.442430735 23.662 7.943 2.341 0.00000 -1 ACTUAL_TF
6.1314 0.0608912 -1.6832528 0.6747221 -0.41853396 0.65883477 -0.53984412 -0.31517361 0.006069 1789526445.498303175 24.013 7.592 2.183 0.00000 -1 ACTUAL_TF
6.2046 0.0612281 -1.6827115 0.6742572 -0.41853349 0.65877775 -0.53987682 -0.31523739 0.008441 1789526445.554766893 24.392 7.214 1.492 0.00000 -1 ACTUAL_TF
6.2527 0.0617506 -1.6816359 0.6732161 -0.41859793 0.65875312 -0.53986882 -0.31521701 0.014448 1789526445.610468149 24.996 6.610 0.053 0.00000 -1 ACTUAL_TF
6.3133 0.0620826 -1.6810509 0.6726898 -0.41855692 0.65871627 -0.53992800 -0.31524710 0.014667 1789526445.666732311 25.372 6.233 0.745 0.00000 -1 ACTUAL_TF
6.3601 0.0623095 -1.6804702 0.6721145 -0.41855703 0.65872803 -0.53991539 -0.31524398 0.014839 1789526445.722399473 25.643 5.962 1.546 0.00000 -1 ACTUAL_TF
6.4300 0.0624517 -1.6801952 0.6718648 -0.41854183 0.65871414 -0.53994157 -0.31524835 0.012514 1789526445.778510571 25.807 5.799 1.909 0.00000 -1 ACTUAL_TF
6.4724 0.0625646 -1.6799596 0.6716383 -0.41855591 0.65870515 -0.53994366 -0.31524487 0.010617 1789526445.834356785 25.937 5.668 2.229 0.00000 -1 ACTUAL_TF
6.5347 0.0626060 -1.6798454 0.6715278 -0.41854588 0.65870773 -0.53994625 -0.31524836 0.008311 1789526445.890405893 25.987 5.618 2.385 0.00000 -1 ACTUAL_TF
6.5846 0.0626509 -1.6798193 0.6715099 -0.41854184 0.65870938 -0.53994730 -0.31524849 0.006112 1789526445.946365118 26.034 5.571 2.414 0.00000 -1 ACTUAL_TF
6.6449 0.0627752 -1.6798958 0.6715433 -0.41851920 0.65873771 -0.53993957 -0.31523255 0.005080 1789526446.002401352 26.152 5.453 2.329 0.00000 -1 ACTUAL_TF
6.6958 0.0630876 -1.6802635 0.6718587 -0.41849364 0.65883666 -0.53988388 -0.31515509 0.006641 1789526446.058462143 26.434 5.171 1.830 0.00000 -1 ACTUAL_TF
6.7541 0.0636857 -1.6812064 0.6728668 -0.41844890 0.65882243 -0.53993426 -0.31515791 0.012704 1789526446.114483833 26.958 4.648 0.420 0.00000 -1 ACTUAL_TF
6.8108 0.0641253 -1.6818635 0.6735491 -0.41846501 0.65883923 -0.53990570 -0.31515035 0.014481 1789526446.170545816 27.345 4.260 0.552 0.00000 -1 ACTUAL_TF
6.8700 0.0644927 -1.6824420 0.6741528 -0.41847657 0.65885318 -0.53987801 -0.31515327 0.015038 1789526446.226446390 27.666 3.939 1.406 0.00000 -1 ACTUAL_TF
6.9172 0.0646821 -1.6827407 0.6744750 -0.41847967 0.65885815 -0.53987014 -0.31515225 0.013095 1789526446.282334328 27.832 3.773 1.855 0.00000 -1 ACTUAL_TF
6.9775 0.0648087 -1.6829247 0.6746503 -0.41851099 0.65887108 -0.53983041 -0.31515167 0.010681 1789526446.338575363 27.944 3.661 2.115 0.00000 -1 ACTUAL_TF
7.0382 0.0648916 -1.6830416 0.6747739 -0.41852278 0.65887715 -0.53981546 -0.31514895 0.008492 1789526446.394522667 28.018 3.588 2.290 0.00000 -1 ACTUAL_TF
7.0919 0.0649302 -1.6830760 0.6748131 -0.41852428 0.65887952 -0.53980676 -0.31515689 0.006292 1789526446.450501919 28.053 3.552 2.344 0.00000 -1 ACTUAL_TF
7.1556 0.0651297 -1.6830232 0.6748212 -0.41852708 0.65887000 -0.53981553 -0.31515806 0.005511 1789526446.506500006 28.257 3.349 2.323 0.00000 -1 ACTUAL_TF
7.2039 0.0654500 -1.6827713 0.6746984 -0.41851997 0.65880057 -0.53986539 -0.31522724 0.006140 1789526446.562439919 28.596 3.009 2.077 0.00000 -1 ACTUAL_TF
7.2658 0.0659281 -1.6819297 0.6739302 -0.41852882 0.65875466 -0.53990138 -0.31524977 0.010890 1789526446.618679047 29.138 2.467 0.968 0.00000 -1 ACTUAL_TF
7.3194 0.0663577 -1.6810782 0.6730866 -0.41858708 0.65875318 -0.53988255 -0.31520776 0.014454 1789526446.674597740 29.632 1.973 0.213 0.00000 -1 ACTUAL_TF
7.3738 0.0666957 -1.6803872 0.6724442 -0.41857487 0.65873188 -0.53990688 -0.31522681 0.015482 1789526446.730648756 30.023 1.582 1.132 0.00000 -1 ACTUAL_TF
7.4252 0.0668866 -1.6799295 0.6720032 -0.41856468 0.65873511 -0.53990853 -0.31523078 0.014409 1789526446.786393166 30.249 1.356 1.756 0.00000 -1 ACTUAL_TF
7.4845 0.0669801 -1.6796747 0.6717479 -0.41856546 0.65874332 -0.53990030 -0.31522666 0.012083 1789526446.842374325 30.362 1.244 2.110 0.00000 -1 ACTUAL_TF
7.5416 0.0670563 -1.6794950 0.6715768 -0.41855695 0.65874060 -0.53990930 -0.31522824 0.009848 1789526446.898391724 30.452 1.154 2.354 0.00000 -1 ACTUAL_TF
7.5989 0.0670920 -1.6794228 0.6715105 -0.41855013 0.65874313 -0.53991176 -0.31522781 0.007453 1789526446.954361200 30.493 1.112 2.450 0.00000 -1 ACTUAL_TF
7.6473 0.0671492 -1.6794400 0.6715163 -0.41853314 0.65874184 -0.53992182 -0.31523584 0.005537 1789526447.010541677 30.548 1.057 2.430 0.00000 -1 ACTUAL_TF
7.7160 0.0673006 -1.6795316 0.6715592 -0.41851734 0.65879315 -0.53989425 -0.31519681 0.004854 1789526447.066416979 30.692 0.913 2.326 0.00000 -1 ACTUAL_TF
7.7663 0.0677644 -1.6799078 0.6719309 -0.41849513 0.65882551 -0.53988427 -0.31517576 0.007159 1789526447.122516870 31.125 0.480 1.773 0.00000 -1 ACTUAL_TF
7.8237 0.0683658 -1.6802899 0.6723714 -0.41845374 0.65881972 -0.53992318 -0.31517613 0.009505 1789526447.178443909 31.695 -0.090 1.160 0.00000 -1 ACTUAL_TF
7.8725 0.0693610 -1.6804956 0.6726594 -0.41844208 0.65883899 -0.53989972 -0.31519153 0.012305 1789526447.234512329 32.671 -1.066 0.757 0.00000 -1 ACTUAL_TF
7.9336 0.0708925 -1.6805565 0.6728842 -0.41846770 0.65878817 -0.53995939 -0.31516152 0.016911 1789526447.290522814 34.194 -2.588 0.471 0.00000 -1 ACTUAL_TF
7.9813 0.0719622 -1.6805298 0.6729435 -0.41844568 0.65882123 -0.53991940 -0.31519016 0.017586 1789526447.346451044 35.262 -3.657 0.390 0.00000 -1 ACTUAL_TF
8.0479 0.0731859 -1.6804717 0.6729926 -0.41846051 0.65882850 -0.53990815 -0.31517456 0.018864 1789526447.402572870 36.487 -4.881 0.330 0.00000 -1 ACTUAL_TF
