WELD FEEDBACK LOG
result=operator stop
started=2026-09-15 11:55:36
ended=2026-09-15 11:55:42
elapsed_seconds=6.288

================ OPERATOR OVERVIEW ================
REQUESTED : 150 A / 20.0 V · FE-SOLID 1.2 mm · LSM · CO2 100%
RX ECHO   : 100 A / 10.0 V · MATCH=NO
CURRENT FB: no positive feedback A
VOLTAGE FB: no positive feedback V
WIRE FEED : no positive feedback m/min
ARC ON    : 0.000 s
NET WELD  : 0.000 s
WIRE USED : 0.000 mm (base 0.000 + alpha 0.000)
WCR       : NOT DETECTED
SAMPLES   : RX 157 / welding 0 / TCP 113
===================================================

[commanded]
current_a=150
voltage_tenths=200
voltage=20.0
material=FE-SOLID
diameter_mm=1.2
mode=LSM
gas=CO2 100%
synergic=False
correction=0.0
hot_start_enabled=True
hot_start_percent=20.0
hot_start_hold_adjustment=0
crater_enabled=True
crater_percent=40.0
crater_current_a=60.0
crater_voltage_v=25.0
crater_seconds=1.0
wire_consumable_alpha_mm=0.0
hot_start_current_a=180

[rx_setting_echo]
current_a=100
voltage_v=10.0
hot_start_current_a=0
hot_start_hold_adjustment=-15

[rx_welding_setting_echo]

[execution_conditions]
mode=sequence_execute
run_all=True
touch_io_backend=fastech_ethernet
touch_input_port=4
touch_sensing_output_port=0
fastech_ip=192.168.0.3
fastech_poll_target_hz=100.0
hicomm_source_ip=192.168.1.2
hicomm_welder_ip=192.168.1.10
hicomm_port=60000
gui_velocity_percent=36.95263157894737
gui_speed_mode=scale
gui_tcp_speed_mm_s=10.0
gui_interpolation_step_mm=5.0
seam_orientation_mode=Wait poses + fixed World-XYZ tilt
weld_fixed_tilt_x_deg=0.0
weld_fixed_tilt_y_deg=0.0
weld_fixed_tilt_z_deg=-0.0
weld_weave_enabled=False
weld_weave_pattern=circle
weld_weave_amplitude_mm=2.8
weld_weave_cycles=4
weld_weave_samples_per_cycle=8
weld_weave_axis=tool_x
weld_lead_in_mm=0.0
weld_lead_out_mm=5.0
weld_safe_approach_mm=30.0
weld_approach_mode=taught_wait
weld_pre_start_lead_mm=0.0
weld_tcp_speed_mm_s=3.5
weld_arc_off_delay_ms=500.0
tcp_tracking.parent_frame=World
tcp_tracking.child_frame=right_manipulator_ee_point
tcp_tracking.timestamp_source=TF_header_stamp
initial_fastech_di0=False
initial_fastech_do0=True
robot_connected.left=True
robot_connected.right=True
robot_connected.head=True
hicomm_connected=True
execution_allowed=True
steps[0].sequence_number=1
steps[0].type=named_pose
steps[0].parallel_slot=1
steps[0].duration=0.0
steps[0].planning_group=right_manipulator
steps[0].velocity_scale=0.3695263157894737
steps[0].tcp_speed_m_s=0.0
steps[0].pose_name=weld_start_wait
steps[0].pose_label=3 · Weld start wait pose
steps[0].touch_guard=False
steps[0].continue_after_touch=False
steps[0].weld_scenario_id=weld-9912321450096
steps[0].weld_scenario_stage=start_wait
steps[0].target_tcp.position_m.x=0.04679661342158309
steps[0].target_tcp.position_m.y=-1.7157272494256113
steps[0].target_tcp.position_m.z=0.6808993470560196
steps[0].target_tcp.orientation_xyzw.x=-0.4356040005965647
steps[0].target_tcp.orientation_xyzw.y=0.6337302693138561
steps[0].target_tcp.orientation_xyzw.z=-0.528315255502808
steps[0].target_tcp.orientation_xyzw.w=-0.35988621982879293
steps[0].joint_names[0]=right_manipulator_joint1
steps[0].joint_names[1]=right_manipulator_joint2
steps[0].joint_names[2]=right_manipulator_joint3
steps[0].joint_names[3]=right_manipulator_joint4
steps[0].joint_names[4]=right_manipulator_joint5
steps[0].joint_names[5]=right_manipulator_joint6
steps[0].joint_positions_rad[0]=5.165179096287744
steps[0].joint_positions_rad[1]=1.3192841976545053
steps[0].joint_positions_rad[2]=1.833801860251743
steps[0].joint_positions_rad[3]=3.58926816861935
steps[0].joint_positions_rad[4]=1.3973881876818586
steps[0].joint_positions_rad[5]=1.4228621224567934
steps[1].sequence_number=2
steps[1].type=motion
steps[1].parallel_slot=2
steps[1].duration=0.0
steps[1].planning_group=right_manipulator
steps[1].velocity_scale=0.3695263157894737
steps[1].tcp_speed_m_s=0.0
steps[1].interpolation_step=0.005
steps[1].path_kind=taught_wait_align_weld_attitude
steps[1].touch_guard=False
steps[1].continue_after_touch=False
steps[1].accept_initial_touch=False
steps[1].weld_scenario_id=weld-9912321450096
steps[1].weld_scenario_stage=start_safe
steps[1].waypoint_count=1
steps[1].waypoints[0].position_m.x=0.04679661342158309
steps[1].waypoints[0].position_m.y=-1.7157272494256113
steps[1].waypoints[0].position_m.z=0.6808993470560196
steps[1].waypoints[0].orientation_xyzw.x=-0.43568190743491547
steps[1].waypoints[0].orientation_xyzw.y=0.633759300366467
steps[1].waypoints[0].orientation_xyzw.z=-0.5282185051222237
steps[1].waypoints[0].orientation_xyzw.w=-0.35988280811859236
steps[2].sequence_number=3
steps[2].type=motion
steps[2].parallel_slot=3
steps[2].duration=0.0
steps[2].planning_group=right_manipulator
steps[2].velocity_scale=0.3695263157894737
steps[2].tcp_speed_m_s=0.0
steps[2].interpolation_step=0.005
steps[2].path_kind=taught_wait_to_weld_start
steps[2].touch_guard=False
steps[2].continue_after_touch=True
steps[2].accept_initial_touch=False
steps[2].weld_scenario_id=weld-9912321450096
steps[2].weld_scenario_stage=start_contact
steps[2].waypoint_count=1
steps[2].waypoints[0].position_m.x=0.04639012308157919
steps[2].waypoints[0].position_m.y=-1.7155348989806636
steps[2].waypoints[0].position_m.z=0.6758045566264259
steps[2].waypoints[0].orientation_xyzw.x=-0.43568190743491547
steps[2].waypoints[0].orientation_xyzw.y=0.633759300366467
steps[2].waypoints[0].orientation_xyzw.z=-0.5282185051222237
steps[2].waypoints[0].orientation_xyzw.w=-0.35988280811859236
steps[3].sequence_number=4
steps[3].type=digital_output
steps[3].parallel_slot=4
steps[3].duration=0.0
steps[3].port=0
steps[3].value=False
steps[3].weld_scenario_id=weld-9912321450096
steps[3].weld_scenario_stage=touch_output_off
steps[4].sequence_number=5
steps[4].type=digital_weld
steps[4].parallel_slot=5
steps[4].duration=0.0
steps[4].command=on
steps[4].weld_scenario_id=weld-9912321450096
steps[4].weld_scenario_stage=arc_on
steps[4].settings.current_a=150
steps[4].settings.voltage_tenths=200
steps[4].settings.voltage=20.0
steps[4].settings.material=FE-SOLID
steps[4].settings.diameter_mm=1.2
steps[4].settings.mode=LSM
steps[4].settings.gas=CO2 100%
steps[4].settings.synergic=False
steps[4].settings.correction=0.0
steps[4].settings.hot_start_enabled=True
steps[4].settings.hot_start_percent=20.0
steps[4].settings.hot_start_hold_adjustment=0
steps[4].settings.crater_enabled=True
steps[4].settings.crater_percent=40.0
steps[4].settings.crater_current_a=60.0
steps[4].settings.crater_voltage_v=25.0
steps[4].settings.crater_seconds=1.0
steps[4].settings.wire_consumable_alpha_mm=0.0
steps[4].settings.hot_start_current_a=180
steps[5].sequence_number=6
steps[5].type=motion
steps[5].parallel_slot=5
steps[5].duration=0.0
steps[5].planning_group=right_manipulator
steps[5].velocity_scale=0.3695263157894737
steps[5].tcp_speed_m_s=0.0035
steps[5].interpolation_step=0.005
steps[5].path_kind=continuous_lead_to_lead_over_taught_goal_fastech_di0_ignored
steps[5].touch_guard=False
steps[5].weld_scenario_id=weld-9912321450096
steps[5].weld_scenario_stage=weld_motion
steps[5].lead_in_mm=0.0
steps[5].lead_out_mm=5.0
steps[5].linear_motion_profile=True
steps[5].waypoint_count=2
steps[5].waypoints[0].position_m.x=0.04639012308157919
steps[5].waypoints[0].position_m.y=-1.7155348989806636
steps[5].waypoints[0].position_m.z=0.6758045566264259
steps[5].waypoints[0].orientation_xyzw.x=-0.43568190743491547
steps[5].waypoints[0].orientation_xyzw.y=0.633759300366467
steps[5].waypoints[0].orientation_xyzw.z=-0.5282185051222237
steps[5].waypoints[0].orientation_xyzw.w=-0.35988280811859236
steps[5].waypoints[1].position_m.x=0.040837591964028856
steps[5].waypoints[1].position_m.y=-1.5314296988854754
steps[5].waypoints[1].position_m.z=0.6785510474527979
steps[5].waypoints[1].orientation_xyzw.x=-0.4355976651818463
steps[5].waypoints[1].orientation_xyzw.y=0.6338379374848955
steps[5].waypoints[1].orientation_xyzw.z=-0.5282534141248965
steps[5].waypoints[1].orientation_xyzw.w=-0.35979504382135175
steps[5].lead_start.position_m.x=0.04639012308157919
steps[5].lead_start.position_m.y=-1.7155348989806636
steps[5].lead_start.position_m.z=0.6758045566264259
steps[5].lead_start.orientation_xyzw.x=-0.43568190743491547
steps[5].lead_start.orientation_xyzw.y=0.633759300366467
steps[5].lead_start.orientation_xyzw.z=-0.5282185051222237
steps[5].lead_start.orientation_xyzw.w=-0.35988280811859236
steps[5].usable_seam_start.position_m.x=0.04639012308157919
steps[5].usable_seam_start.position_m.y=-1.7155348989806636
steps[5].usable_seam_start.position_m.z=0.6758045566264259
steps[5].usable_seam_start.orientation_xyzw.x=-0.43568190743491547
steps[5].usable_seam_start.orientation_xyzw.y=0.633759300366467
steps[5].usable_seam_start.orientation_xyzw.z=-0.5282185051222237
steps[5].usable_seam_start.orientation_xyzw.w=-0.35988280811859236
steps[5].usable_seam_goal.position_m.x=0.040988304454498636
steps[5].usable_seam_goal.position_m.y=-1.5364268709187994
steps[5].usable_seam_goal.position_m.z=0.6784764993838666
steps[5].usable_seam_goal.orientation_xyzw.x=-0.4355976651818463
steps[5].usable_seam_goal.orientation_xyzw.y=0.6338379374848955
steps[5].usable_seam_goal.orientation_xyzw.z=-0.5282534141248965
steps[5].usable_seam_goal.orientation_xyzw.w=-0.35979504382135175
steps[5].lead_end.position_m.x=0.040837591964028856
steps[5].lead_end.position_m.y=-1.5314296988854754
steps[5].lead_end.position_m.z=0.6785510474527979
steps[5].lead_end.orientation_xyzw.x=-0.4355976651818463
steps[5].lead_end.orientation_xyzw.y=0.6338379374848955
steps[5].lead_end.orientation_xyzw.z=-0.5282534141248965
steps[5].lead_end.orientation_xyzw.w=-0.35979504382135175
steps[6].sequence_number=7
steps[6].type=digital_weld
steps[6].parallel_slot=5
steps[6].duration=0.0
steps[6].velocity_scale=0.3695263157894737
steps[6].tcp_speed_m_s=0.0035
steps[6].command=off
steps[6].weld_scenario_id=weld-9912321450096
steps[6].weld_scenario_stage=arc_off
steps[6].trigger_before_goal=True
steps[6].arc_off_delay_s=0.5
steps[6].settings.current_a=150
steps[6].settings.voltage_tenths=200
steps[6].settings.voltage=20.0
steps[6].settings.material=FE-SOLID
steps[6].settings.diameter_mm=1.2
steps[6].settings.mode=LSM
steps[6].settings.gas=CO2 100%
steps[6].settings.synergic=False
steps[6].settings.correction=0.0
steps[6].settings.hot_start_enabled=True
steps[6].settings.hot_start_percent=20.0
steps[6].settings.hot_start_hold_adjustment=0
steps[6].settings.crater_enabled=True
steps[6].settings.crater_percent=40.0
steps[6].settings.crater_current_a=60.0
steps[6].settings.crater_voltage_v=25.0
steps[6].settings.crater_seconds=1.0
steps[6].settings.wire_consumable_alpha_mm=0.0
steps[6].settings.hot_start_current_a=180
steps[7].sequence_number=8
steps[7].type=motion
steps[7].parallel_slot=6
steps[7].duration=0.0
steps[7].planning_group=right_manipulator
steps[7].velocity_scale=0.3695263157894737
steps[7].tcp_speed_m_s=0.0
steps[7].interpolation_step=0.005
steps[7].path_kind=weld_end_to_taught_wait_fixed_attitude
steps[7].pose_name=weld_goal_wait
steps[7].pose_label=5 · Weld goal wait pose
steps[7].touch_guard=False
steps[7].continue_after_touch=False
steps[7].weld_scenario_id=weld-9912321450096
steps[7].weld_scenario_stage=goal_wait
steps[7].waypoint_count=1
steps[7].waypoints[0].position_m.x=0.0423937317465059
steps[7].waypoints[0].position_m.y=-1.5371105920713002
steps[7].waypoints[0].position_m.z=0.6833915523748588
steps[7].waypoints[0].orientation_xyzw.x=-0.4355976651818463
steps[7].waypoints[0].orientation_xyzw.y=0.6338379374848955
steps[7].waypoints[0].orientation_xyzw.z=-0.5282534141248965
steps[7].waypoints[0].orientation_xyzw.w=-0.35979504382135175
steps[8].sequence_number=9
steps[8].type=named_pose
steps[8].parallel_slot=7
steps[8].duration=0.0
steps[8].planning_group=right_manipulator
steps[8].velocity_scale=0.3695263157894737
steps[8].tcp_speed_m_s=0.0
steps[8].pose_name=weld_finish
steps[8].pose_label=7 · Weld end pose
steps[8].touch_guard=False
steps[8].continue_after_touch=False
steps[8].weld_scenario_id=weld-9912321450096
steps[8].weld_scenario_stage=finish
steps[8].target_tcp.position_m.x=0.040986944407158665
steps[8].target_tcp.position_m.y=-1.5364893594106015
steps[8].target_tcp.position_m.z=0.8167834972443337
steps[8].target_tcp.orientation_xyzw.x=-0.43559961213469944
steps[8].target_tcp.orientation_xyzw.y=0.6337765362069385
steps[8].target_tcp.orientation_xyzw.z=-0.5282946458701413
steps[8].target_tcp.orientation_xyzw.w=-0.35984030792363536
steps[8].joint_names[0]=right_manipulator_joint1
steps[8].joint_names[1]=right_manipulator_joint2
steps[8].joint_names[2]=right_manipulator_joint3
steps[8].joint_names[3]=right_manipulator_joint4
steps[8].joint_names[4]=right_manipulator_joint5
steps[8].joint_names[5]=right_manipulator_joint6
steps[8].joint_positions_rad[0]=5.272405951257604
steps[8].joint_positions_rad[1]=1.1691705954383358
steps[8].joint_positions_rad[2]=2.1249962880568054
steps[8].joint_positions_rad[3]=3.687834157408164
steps[8].joint_positions_rad[4]=1.5169816974896109
steps[8].joint_positions_rad[5]=1.4982739229381858
steps[9].sequence_number=10
steps[9].type=digital_output
steps[9].parallel_slot=8
steps[9].duration=0.0
steps[9].port=0
steps[9].value=True
steps[9].weld_scenario_id=weld-9912321450096
steps[9].weld_scenario_stage=touch_output_on
hicomm_cyclic_period_ms=40.0
arc_wait_recognition=True
arc_wait_main_welding=True
arc_wait_established=True
arc_establishment_timeout_s=5.0

[summary]
rx_samples=157
welding_samples=0
wcr_seen=0
current_a.min=None
current_a.average=None
current_a.max=None
voltage_v.min=None
voltage_v.average=None
voltage_v.max=None
wire_feed_m_min.min=None
wire_feed_m_min.average=None
wire_feed_m_min.max=None

[production_metrics]
arc_started_elapsed_s=None
arc_completed_elapsed_s=None
arc_on_time_s=0.0
main_weld_arc_time_s=0.0
crater_arc_time_s=0.0
weld_motion_start_elapsed_s=0.00987177699971653
weld_motion_complete_elapsed_s=None
weld_motion_duration_s=None
net_weld_arc_time_s=0.0
wire_feed_average_m_min=0.0
wire_consumable_base_mm=0.0
wire_consumable_alpha_mm=0.0
wire_consumable_mm=0.0
wire_consumable_formula=integral(WFS*1000/60*dt)+alpha
weld_motion_start_unix_time=1789440936.1708121
weld_motion_start_wall_time=2026-09-15 11:55:36.170
weld_motion_complete_unix_time=None
weld_motion_complete_wall_time=None

[arc_off_control]

[teaching_snapshot_yaml]
robot_start:
  planning_group: right_manipulator
  joint_state:
    names:
    - right_manipulator_joint1
    - right_manipulator_joint2
    - right_manipulator_joint3
    - right_manipulator_joint4
    - right_manipulator_joint5
    - right_manipulator_joint6
    positions_rad:
    - 5.27240967968313
    - 1.0710261184710546
    - 2.180025851451385
    - 3.6894743983235436
    - 1.4802383302458966
    - 1.475784459638848
  tcp_pose_world:
    position_m:
      x: 0.0409882833240674
      y: -1.5365128539727777
      z: 0.8899872668309907
    orientation_xyzw:
      x: -0.4355837586611503
      y: 0.6337556876271521
      z: -0.5283180348228105
      w: -0.3598618786031996
weld_wait:
  planning_group: right_manipulator
  joint_state:
    names:
    - right_manipulator_joint1
    - right_manipulator_joint2
    - right_manipulator_joint3
    - right_manipulator_joint4
    - right_manipulator_joint5
    - right_manipulator_joint6
    positions_rad:
    - 5.1648525927381
    - 1.2922420604716771
    - 1.8539296322963983
    - 3.589461780430599
    - 1.391100331190127
    - 1.4199194626103104
  tcp_pose_world:
    position_m:
      x: 0.046493459423684325
      y: -1.7156812209764052
      z: 0.7039206836462237
    orientation_xyzw:
      x: -0.435586797430743
      y: 0.6337639392821951
      z: -0.528318038619688
      w: -0.35984366221817626
weld_start_wait:
  planning_group: right_manipulator
  joint_state:
    names:
    - right_manipulator_joint1
    - right_manipulator_joint2
    - right_manipulator_joint3
    - right_manipulator_joint4
    - right_manipulator_joint5
    - right_manipulator_joint6
    positions_rad:
    - 5.165179096287744
    - 1.3192841976545053
    - 1.833801860251743
    - 3.58926816861935
    - 1.3973881876818586
    - 1.4228621224567934
  tcp_pose_world:
    position_m:
      x: 0.04679661342158309
      y: -1.7157272494256113
      z: 0.6808993470560196
    orientation_xyzw:
      x: -0.4356040005965647
      y: 0.6337302693138561
      z: -0.528315255502808
      w: -0.35988621982879293
weld_start:
  planning_group: right_manipulator
  joint_state:
    names:
    - right_manipulator_joint1
    - right_manipulator_joint2
    - right_manipulator_joint3
    - right_manipulator_joint4
    - right_manipulator_joint5
    - right_manipulator_joint6
    positions_rad:
    - 5.1648525927381
    - 1.3251391573110445
    - 1.8296935347961323
    - 3.588827681775051
    - 1.3987550551113417
    - 1.423484769519654
  tcp_pose_world:
    position_m:
      x: 0.04639012308157919
      y: -1.7155348989806636
      z: 0.6758045566264259
    orientation_xyzw:
      x: -0.43568190743491547
      y: 0.633759300366467
      z: -0.5282185051222237
      w: -0.35988280811859236
weld_goal_wait:
  planning_group: right_manipulator
  joint_state:
    names:
    - right_manipulator_joint1
    - right_manipulator_joint2
    - right_manipulator_joint3
    - right_manipulator_joint4
    - right_manipulator_joint5
    - right_manipulator_joint6
    positions_rad:
    - 5.273689062270805
    - 1.337714737136453
    - 2.0084516982230305
    - 3.688240289474401
    - 1.561243168490619
    - 1.5254147302394014
  tcp_pose_world:
    position_m:
      x: 0.0423937317465059
      y: -1.5371105920713002
      z: 0.6833915523748588
    orientation_xyzw:
      x: -0.43563211053380774
      y: 0.6337733314661355
      z: -0.5282603683300546
      w: -0.35985693246896244
weld_end:
  planning_group: right_manipulator
  joint_state:
    names:
    - right_manipulator_joint1
    - right_manipulator_joint2
    - right_manipulator_joint3
    - right_manipulator_joint4
    - right_manipulator_joint5
    - right_manipulator_joint6
    positions_rad:
    - 5.272428854442979
    - 1.3439683720081772
    - 2.005076141541355
    - 3.686998723774206
    - 1.5637338899001154
    - 1.5268463124833733
  tcp_pose_world:
    position_m:
      x: 0.040988304454498636
      y: -1.5364268709187994
      z: 0.6784764993838666
    orientation_xyzw:
      x: -0.4355976651818463
      y: 0.6338379374848955
      z: -0.5282534141248965
      w: -0.35979504382135175
weld_finish:
  planning_group: right_manipulator
  joint_state:
    names:
    - right_manipulator_joint1
    - right_manipulator_joint2
    - right_manipulator_joint3
    - right_manipulator_joint4
    - right_manipulator_joint5
    - right_manipulator_joint6
    positions_rad:
    - 5.272405951257604
    - 1.1691705954383358
    - 2.1249962880568054
    - 3.687834157408164
    - 1.5169816974896109
    - 1.4982739229381858
  tcp_pose_world:
    position_m:
      x: 0.040986944407158665
      y: -1.5364893594106015
      z: 0.8167834972443337
    orientation_xyzw:
      x: -0.43559961213469944
      y: 0.6337765362069385
      z: -0.5282946458701413
      w: -0.35984030792363536

[touch_snapshot_yaml]
{}

[samples]
elapsed_s raw0 state arc gas fwd wcr current_a voltage_v wire_feed_m_min set_current_a set_voltage_v error db collision
0.013 0x00 idle 0 0 0 0 0 0.0 0.0 100 10.0 0 0 0
0.061 0x00 idle 0 0 0 0 0 0.0 0.0 100 10.0 0 0 0
0.094 0x00 idle 0 0 0 0 0 0.0 0.0 100 10.0 0 0 0
0.132 0x00 idle 0 0 0 0 0 0.0 0.0 100 10.0 0 0 0
0.172 0x00 idle 0 0 0 0 0 0.0 0.0 100 10.0 0 0 0
0.211 0x00 idle 0 0 0 0 0 0.0 0.0 100 10.0 0 0 0
0.251 0x00 idle 0 0 0 0 0 0.0 0.0 100 10.0 0 0 0
0.293 0x00 idle 0 0 0 0 0 0.0 0.0 100 10.0 0 0 0
0.333 0x00 idle 0 0 0 0 0 0.0 0.0 100 10.0 0 0 0
0.376 0x00 idle 0 0 0 0 0 0.0 0.0 100 10.0 0 0 0
0.411 0x00 idle 0 0 0 0 0 0.0 0.0 100 10.0 0 0 0
0.454 0x00 idle 0 0 0 0 0 0.0 0.0 100 10.0 0 0 0
0.495 0x00 idle 0 0 0 0 0 0.0 0.0 100 10.0 0 0 0
0.534 0x00 idle 0 0 0 0 0 0.0 0.0 100 10.0 0 0 0
0.573 0x00 idle 0 0 0 0 0 0.0 0.0 100 10.0 0 0 0
0.613 0x00 idle 0 0 0 0 0 0.0 0.0 100 10.0 0 0 0
0.655 0x00 idle 0 0 0 0 0 0.0 0.0 100 10.0 0 0 0
0.695 0x00 idle 0 0 0 0 0 0.0 0.0 100 10.0 0 0 0
0.735 0x00 idle 0 0 0 0 0 0.0 0.0 100 10.0 0 0 0
0.773 0x00 idle 0 0 0 0 0 0.0 0.0 100 10.0 0 0 0
0.811 0x00 idle 0 0 0 0 0 0.0 0.0 100 10.0 0 0 0
0.854 0x00 idle 0 0 0 0 0 0.0 0.0 100 10.0 0 0 0
0.898 0x00 idle 0 0 0 0 0 0.0 0.0 100 10.0 0 0 0
0.938 0x00 idle 0 0 0 0 0 0.0 0.0 100 10.0 0 0 0
0.971 0x00 idle 0 0 0 0 0 0.0 0.0 100 10.0 0 0 0
1.021 0x00 idle 0 0 0 0 0 0.0 0.0 100 10.0 0 0 0
1.060 0x00 idle 0 0 0 0 0 0.0 0.0 100 10.0 0 0 0
1.108 0x00 idle 0 0 0 0 0 0.0 0.0 100 10.0 0 0 0
1.135 0x00 idle 0 0 0 0 0 0.0 0.0 100 10.0 0 0 0
1.173 0x00 idle 0 0 0 0 0 0.0 0.0 100 10.0 0 0 0
1.214 0x00 idle 0 0 0 0 0 0.0 0.0 100 10.0 0 0 0
1.251 0x00 idle 0 0 0 0 0 0.0 0.0 100 10.0 0 0 0
1.300 0x00 idle 0 0 0 0 0 0.0 0.0 100 10.0 0 0 0
1.337 0x00 idle 0 0 0 0 0 0.0 0.0 100 10.0 0 0 0
1.378 0x00 idle 0 0 0 0 0 0.0 0.0 100 10.0 0 0 0
1.412 0x00 idle 0 0 0 0 0 0.0 0.0 100 10.0 0 0 0
1.453 0x00 idle 0 0 0 0 0 0.0 0.0 100 10.0 0 0 0
1.492 0x00 idle 0 0 0 0 0 0.0 0.0 100 10.0 0 0 0
1.531 0x00 idle 0 0 0 0 0 0.0 0.0 100 10.0 0 0 0
1.579 0x00 idle 0 0 0 0 0 0.0 0.0 100 10.0 0 0 0
1.613 0x00 idle 0 0 0 0 0 0.0 0.0 100 10.0 0 0 0
1.652 0x00 idle 0 0 0 0 0 0.0 0.0 100 10.0 0 0 0
1.693 0x00 idle 0 0 0 0 0 0.0 0.0 100 10.0 0 0 0
1.733 0x00 idle 0 0 0 0 0 0.0 0.0 100 10.0 0 0 0
1.779 0x00 idle 0 0 0 0 0 0.0 0.0 100 10.0 0 0 0
1.813 0x00 idle 0 0 0 0 0 0.0 0.0 100 10.0 0 0 0
1.853 0x00 idle 0 0 0 0 0 0.0 0.0 100 10.0 0 0 0
1.892 0x00 idle 0 0 0 0 0 0.0 0.0 100 10.0 0 0 0
1.934 0x00 idle 0 0 0 0 0 0.0 0.0 100 10.0 0 0 0
1.974 0x00 idle 0 0 0 0 0 0.0 0.0 100 10.0 0 0 0
2.016 0x00 idle 0 0 0 0 0 0.0 0.0 100 10.0 0 0 0
2.051 0x00 idle 0 0 0 0 0 0.0 0.0 100 10.0 0 0 0
2.093 0x00 idle 0 0 0 0 0 0.0 0.0 100 10.0 0 0 0
2.131 0x00 idle 0 0 0 0 0 0.0 0.0 100 10.0 0 0 0
2.172 0x00 idle 0 0 0 0 0 0.0 0.0 100 10.0 0 0 0
2.212 0x00 idle 0 0 0 0 0 0.0 0.0 100 10.0 0 0 0
2.253 0x00 idle 0 0 0 0 0 0.0 0.0 100 10.0 0 0 0
2.301 0x00 idle 0 0 0 0 0 0.0 0.0 100 10.0 0 0 0
2.333 0x00 idle 0 0 0 0 0 0.0 0.0 100 10.0 0 0 0
2.374 0x00 idle 0 0 0 0 0 0.0 0.0 100 10.0 0 0 0
2.412 0x00 idle 0 0 0 0 0 0.0 0.0 100 10.0 0 0 0
2.453 0x00 idle 0 0 0 0 0 0.0 0.0 100 10.0 0 0 0
2.493 0x00 idle 0 0 0 0 0 0.0 0.0 100 10.0 0 0 0
2.542 0x00 idle 0 0 0 0 0 0.0 0.0 100 10.0 0 0 0
2.579 0x00 idle 0 0 0 0 0 0.0 0.0 100 10.0 0 0 0
2.620 0x00 idle 0 0 0 0 0 0.0 0.0 100 10.0 0 0 0
2.655 0x00 idle 0 0 0 0 0 0.0 0.0 100 10.0 0 0 0
2.702 0x00 idle 0 0 0 0 0 0.0 0.0 100 10.0 0 0 0
2.735 0x00 idle 0 0 0 0 0 0.0 0.0 100 10.0 0 0 0
2.782 0x00 idle 0 0 0 0 0 0.0 0.0 100 10.0 0 0 0
2.813 0x00 idle 0 0 0 0 0 0.0 0.0 100 10.0 0 0 0
2.864 0x00 idle 0 0 0 0 0 0.0 0.0 100 10.0 0 0 0
2.896 0x00 idle 0 0 0 0 0 0.0 0.0 100 10.0 0 0 0
2.932 0x00 idle 0 0 0 0 0 0.0 0.0 100 10.0 0 0 0
2.973 0x00 idle 0 0 0 0 0 0.0 0.0 100 10.0 0 0 0
3.016 0x00 idle 0 0 0 0 0 0.0 0.0 100 10.0 0 0 0
3.059 0x00 idle 0 0 0 0 0 0.0 0.0 100 10.0 0 0 0
3.096 0x00 idle 0 0 0 0 0 0.0 0.0 100 10.0 0 0 0
3.144 0x00 idle 0 0 0 0 0 0.0 0.0 100 10.0 0 0 0
3.176 0x00 idle 0 0 0 0 0 0.0 0.0 100 10.0 0 0 0
3.213 0x00 idle 0 0 0 0 0 0.0 0.0 100 10.0 0 0 0
3.253 0x00 idle 0 0 0 0 0 0.0 0.0 100 10.0 0 0 0
3.300 0x00 idle 0 0 0 0 0 0.0 0.0 100 10.0 0 0 0
3.333 0x00 idle 0 0 0 0 0 0.0 0.0 100 10.0 0 0 0
3.376 0x00 idle 0 0 0 0 0 0.0 0.0 100 10.0 0 0 0
3.413 0x00 idle 0 0 0 0 0 0.0 0.0 100 10.0 0 0 0
3.456 0x00 idle 0 0 0 0 0 0.0 0.0 100 10.0 0 0 0
3.499 0x00 idle 0 0 0 0 0 0.0 0.0 100 10.0 0 0 0
3.533 0x00 idle 0 0 0 0 0 0.0 0.0 100 10.0 0 0 0
3.577 0x00 idle 0 0 0 0 0 0.0 0.0 100 10.0 0 0 0
3.613 0x00 idle 0 0 0 0 0 0.0 0.0 100 10.0 0 0 0
3.653 0x00 idle 0 0 0 0 0 0.0 0.0 100 10.0 0 0 0
3.696 0x00 idle 0 0 0 0 0 0.0 0.0 100 10.0 0 0 0
3.736 0x00 idle 0 0 0 0 0 0.0 0.0 100 10.0 0 0 0
3.771 0x00 idle 0 0 0 0 0 0.0 0.0 100 10.0 0 0 0
3.815 0x00 idle 0 0 0 0 0 0.0 0.0 100 10.0 0 0 0
3.852 0x00 idle 0 0 0 0 0 0.0 0.0 100 10.0 0 0 0
3.894 0x00 idle 0 0 0 0 0 0.0 0.0 100 10.0 0 0 0
3.937 0x00 idle 0 0 0 0 0 0.0 0.0 100 10.0 0 0 0
3.972 0x00 idle 0 0 0 0 0 0.0 0.0 100 10.0 0 0 0
4.012 0x00 idle 0 0 0 0 0 0.0 0.0 100 10.0 0 0 0
4.052 0x00 idle 0 0 0 0 0 0.0 0.0 100 10.0 0 0 0
4.092 0x00 idle 0 0 0 0 0 0.0 0.0 100 10.0 0 0 0
4.137 0x00 idle 0 0 0 0 0 0.0 0.0 100 10.0 0 0 0
4.177 0x00 idle 0 0 0 0 0 0.0 0.0 100 10.0 0 0 0
4.216 0x00 idle 0 0 0 0 0 0.0 0.0 100 10.0 0 0 0
4.258 0x00 idle 0 0 0 0 0 0.0 0.0 100 10.0 0 0 0
4.292 0x00 idle 0 0 0 0 0 0.0 0.0 100 10.0 0 0 0
4.335 0x00 idle 0 0 0 0 0 0.0 0.0 100 10.0 0 0 0
4.374 0x00 idle 0 0 0 0 0 0.0 0.0 100 10.0 0 0 0
4.414 0x00 idle 0 0 0 0 0 0.0 0.0 100 10.0 0 0 0
4.455 0x00 idle 0 0 0 0 0 0.0 0.0 100 10.0 0 0 0
4.491 0x00 idle 0 0 0 0 0 0.0 0.0 100 10.0 0 0 0
4.536 0x00 idle 0 0 0 0 0 0.0 0.0 100 10.0 0 0 0
4.572 0x00 idle 0 0 0 0 0 0.0 0.0 100 10.0 0 0 0
4.613 0x00 idle 0 0 0 0 0 0.0 0.0 100 10.0 0 0 0
4.652 0x00 idle 0 0 0 0 0 0.0 0.0 100 10.0 0 0 0
4.695 0x00 idle 0 0 0 0 0 0.0 0.0 100 10.0 0 0 0
4.743 0x00 idle 0 0 0 0 0 0.0 0.0 100 10.0 0 0 0
4.779 0x00 idle 0 0 0 0 0 0.0 0.0 100 10.0 0 0 0
4.816 0x00 idle 0 0 0 0 0 0.0 0.0 100 10.0 0 0 0
4.860 0x00 idle 0 0 0 0 0 0.0 0.0 100 10.0 0 0 0
4.891 0x00 idle 0 0 0 0 0 0.0 0.0 100 10.0 0 0 0
4.933 0x00 idle 0 0 0 0 0 0.0 0.0 100 10.0 0 0 0
4.973 0x00 idle 0 0 0 0 0 0.0 0.0 100 10.0 0 0 0
5.015 0x00 idle 0 0 0 0 0 0.0 0.0 100 10.0 0 0 0
5.052 0x00 idle 0 0 0 0 0 0.0 0.0 100 10.0 0 0 0
5.094 0x00 idle 0 0 0 0 0 0.0 0.0 100 10.0 0 0 0
5.135 0x00 idle 0 0 0 0 0 0.0 0.0 100 10.0 0 0 0
5.172 0x00 idle 0 0 0 0 0 0.0 0.0 100 10.0 0 0 0
5.211 0x00 idle 0 0 0 0 0 0.0 0.0 100 10.0 0 0 0
5.251 0x00 idle 0 0 0 0 0 0.0 0.0 100 10.0 0 0 0
5.290 0x00 idle 0 0 0 0 0 0.0 0.0 100 10.0 0 0 0
5.333 0x00 idle 0 0 0 0 0 0.0 0.0 100 10.0 0 0 0
5.372 0x00 idle 0 0 0 0 0 0.0 0.0 100 10.0 0 0 0
5.416 0x00 idle 0 0 0 0 0 0.0 0.0 100 10.0 0 0 0
5.452 0x00 idle 0 0 0 0 0 0.0 0.0 100 10.0 0 0 0
5.493 0x00 idle 0 0 0 0 0 0.0 0.0 100 10.0 0 0 0
5.534 0x00 idle 0 0 0 0 0 0.0 0.0 100 10.0 0 0 0
5.571 0x00 idle 0 0 0 0 0 0.0 0.0 100 10.0 0 0 0
5.611 0x00 idle 0 0 0 0 0 0.0 0.0 100 10.0 0 0 0
5.651 0x00 idle 0 0 0 0 0 0.0 0.0 100 10.0 0 0 0
5.692 0x00 idle 0 0 0 0 0 0.0 0.0 100 10.0 0 0 0
5.733 0x00 idle 0 0 0 0 0 0.0 0.0 100 10.0 0 0 0
5.771 0x00 idle 0 0 0 0 0 0.0 0.0 100 10.0 0 0 0
5.814 0x00 idle 0 0 0 0 0 0.0 0.0 100 10.0 0 0 0
5.851 0x00 idle 0 0 0 0 0 0.0 0.0 100 10.0 0 0 0
5.891 0x00 idle 0 0 0 0 0 0.0 0.0 100 10.0 0 0 0
5.935 0x00 idle 0 0 0 0 0 0.0 0.0 100 10.0 0 0 0
5.974 0x00 idle 0 0 0 0 0 0.0 0.0 100 10.0 0 0 0
6.017 0x00 idle 0 0 0 0 0 0.0 0.0 100 10.0 0 0 0
6.053 0x00 idle 0 0 0 0 0 0.0 0.0 100 10.0 0 0 0
6.093 0x00 idle 0 0 0 0 0 0.0 0.0 100 10.0 0 0 0
6.132 0x00 idle 0 0 0 0 0 0.0 0.0 100 10.0 0 0 0
6.175 0x00 idle 0 0 0 0 0 0.0 0.0 100 10.0 0 0 0
6.213 0x00 idle 0 0 0 0 0 0.0 0.0 100 10.0 0 0 0
6.255 0x00 idle 0 0 0 0 0 0.0 0.0 100 10.0 0 0 0

[tcp_trajectory]
elapsed_s x_m y_m z_m qx qy qz qw speed_m_s tf_stamp_s along_mm remaining_mm cross_track_mm progress waypoint phase
0.0010 0.0464939 -1.7155471 0.6765727 -0.43569153 0.63378009 -0.52819751 -0.35986537 0.000000 1789440936.134039164 -0.004 179.213 0.775 0.00000 -1 ACTUAL_TF
0.0391 0.0464761 -1.7155442 0.6762603 -0.43569147 0.63377776 -0.52820033 -0.35986540 0.005586 1789440936.190048695 -0.005 179.214 0.464 0.00000 -1 ACTUAL_TF
0.1000 0.0464469 -1.7155216 0.6760693 -0.43569613 0.63378330 -0.52818910 -0.35986649 0.004953 1789440936.246033192 0.016 179.194 0.271 0.00000 -1 ACTUAL_TF
0.1516 0.0464449 -1.7155323 0.6760223 -0.43569127 0.63378197 -0.52819436 -0.35986698 0.003725 1789440936.302165270 0.004 179.205 0.224 0.00000 -1 ACTUAL_TF
0.2089 0.0464246 -1.7154905 0.6760071 -0.43570287 0.63378861 -0.52817846 -0.35986458 0.002870 1789440936.358033895 0.046 179.163 0.205 0.00000 -1 ACTUAL_TF
0.2673 0.0463960 -1.7154448 0.6759905 -0.43571072 0.63379910 -0.52815840 -0.35986605 0.002311 1789440936.414123535 0.093 179.117 0.185 0.00000 -1 ACTUAL_TF
0.3159 0.0463727 -1.7154068 0.6759767 -0.43571764 0.63380758 -0.52814190 -0.35986696 0.001868 1789440936.469978571 0.131 179.078 0.171 0.00000 -1 ACTUAL_TF
0.3774 0.0463493 -1.7153687 0.6759629 -0.43572455 0.63381606 -0.52812540 -0.35986786 0.001558 1789440936.526135921 0.170 179.040 0.160 0.00000 -1 ACTUAL_TF
0.4358 0.0463242 -1.7153268 0.6759477 -0.43573263 0.63382509 -0.52810748 -0.35986847 0.001365 1789440936.582001209 0.212 178.997 0.152 0.00000 -1 ACTUAL_TF
0.4854 0.0462996 -1.7152850 0.6759325 -0.43573940 0.63383498 -0.52809023 -0.35986818 0.001227 1789440936.638127804 0.254 178.955 0.149 0.00000 -1 ACTUAL_TF
0.5476 0.0462692 -1.7152188 0.6759105 -0.43574814 0.63384999 -0.52806617 -0.35986647 0.001266 1789440936.694247961 0.321 178.888 0.150 0.00000 -1 ACTUAL_TF
0.5973 0.0462496 -1.7151558 0.6759046 -0.43574705 0.63385689 -0.52805887 -0.35986633 0.001242 1789440936.750073195 0.385 178.825 0.160 0.00000 -1 ACTUAL_TF
0.6588 0.0462436 -1.7150769 0.6759158 -0.43573519 0.63385558 -0.52806831 -0.35986916 0.001297 1789440936.806195259 0.464 178.746 0.169 0.00000 -1 ACTUAL_TF
0.7176 0.0462369 -1.7149916 0.6759208 -0.43572892 0.63385622 -0.52807267 -0.35986923 0.001368 1789440936.862027884 0.549 178.660 0.174 0.00000 -1 ACTUAL_TF
0.7681 0.0462510 -1.7148750 0.6759342 -0.43573139 0.63384664 -0.52808309 -0.35986782 0.001589 1789440936.918188572 0.666 178.544 0.169 0.00000 -1 ACTUAL_TF
0.8260 0.0462488 -1.7147505 0.6759499 -0.43572029 0.63384136 -0.52809565 -0.35987212 0.001786 1789440936.974056959 0.790 178.419 0.178 0.00000 -1 ACTUAL_TF
0.8838 0.0462364 -1.7146287 0.6759524 -0.43571733 0.63384263 -0.52809538 -0.35987388 0.001906 1789440937.030063868 0.912 178.297 0.184 0.00000 -1 ACTUAL_TF
0.9364 0.0462369 -1.7144833 0.6759693 -0.43570725 0.63383576 -0.52810992 -0.35987684 0.002118 1789440937.086169958 1.058 178.151 0.192 0.00000 -1 ACTUAL_TF
0.9994 0.0462418 -1.7143520 0.6759821 -0.43570375 0.63382810 -0.52812031 -0.35987930 0.002190 1789440937.142083406 1.189 178.020 0.196 0.00000 -1 ACTUAL_TF
1.0507 0.0462476 -1.7142077 0.6760056 -0.43569221 0.63381633 -0.52813900 -0.35988658 0.002316 1789440937.198166847 1.334 177.876 0.208 0.00000 -1 ACTUAL_TF
1.1138 0.0462430 -1.7140585 0.6760081 -0.43569156 0.63381638 -0.52813945 -0.35988661 0.002420 1789440937.254251242 1.483 177.726 0.208 0.00000 -1 ACTUAL_TF
1.1595 0.0462421 -1.7138902 0.6760232 -0.43568268 0.63381077 -0.52815146 -0.35988963 0.002603 1789440937.310027838 1.651 177.558 0.218 0.00000 -1 ACTUAL_TF
1.2189 0.0462418 -1.7137416 0.6760340 -0.43568000 0.63380470 -0.52815968 -0.35989150 0.002621 1789440937.365999937 1.800 177.409 0.223 0.00000 -1 ACTUAL_TF
1.2741 0.0462403 -1.7135709 0.6760526 -0.43566890 0.63379749 -0.52817315 -0.35989787 0.002747 1789440937.422473907 1.971 177.238 0.237 0.00000 -1 ACTUAL_TF
1.3336 0.0462475 -1.7133994 0.6760665 -0.43566689 0.63378853 -0.52818347 -0.35990094 0.002839 1789440937.478817225 2.142 177.067 0.243 0.00000 -1 ACTUAL_TF
1.3807 0.0462578 -1.7132622 0.6760779 -0.43566081 0.63378390 -0.52819443 -0.35990035 0.002737 1789440937.534075499 2.279 176.930 0.248 0.00000 -1 ACTUAL_TF
1.4438 0.0462537 -1.7130832 0.6760924 -0.43565496 0.63377718 -0.52820389 -0.35990540 0.002879 1789440937.590030909 2.459 176.751 0.259 0.00000 -1 ACTUAL_TF
1.4939 0.0462587 -1.7129269 0.6760969 -0.43565194 0.63377706 -0.52821055 -0.35989949 0.002851 1789440937.646180153 2.615 176.595 0.259 0.00000 -1 ACTUAL_TF
1.5517 0.0462620 -1.7127465 0.6761130 -0.43564667 0.63376847 -0.52822184 -0.35990443 0.002967 1789440937.702143908 2.795 176.414 0.270 0.00000 -1 ACTUAL_TF
1.6114 0.0462594 -1.7125934 0.6761242 -0.43563858 0.63376594 -0.52822921 -0.35990785 0.002894 1789440937.758508921 2.949 176.261 0.279 0.00000 -1 ACTUAL_TF
1.6633 0.0462678 -1.7123989 0.6761277 -0.43563723 0.63376614 -0.52823452 -0.35990135 0.003076 1789440937.814123631 3.143 176.067 0.278 0.00000 -1 ACTUAL_TF
1.7247 0.0462798 -1.7122460 0.6761372 -0.43563778 0.63375924 -0.52824303 -0.35990034 0.002978 1789440937.870054722 3.295 175.914 0.284 0.00000 -1 ACTUAL_TF
1.7855 0.0462842 -1.7120359 0.6761304 -0.43564329 0.63376454 -0.52823835 -0.35989121 0.003211 1789440937.926067114 3.505 175.704 0.274 0.00000 -1 ACTUAL_TF
1.8330 0.0462923 -1.7118362 0.6761377 -0.43564014 0.63376271 -0.52824631 -0.35988656 0.003318 1789440937.982125998 3.705 175.505 0.278 0.00000 -1 ACTUAL_TF
1.8846 0.0463013 -1.7116570 0.6761390 -0.43564343 0.63376187 -0.52824676 -0.35988340 0.003281 1789440938.038284302 3.883 175.326 0.278 0.00000 -1 ACTUAL_TF
1.9449 0.0463114 -1.7114358 0.6761413 -0.43564841 0.63375957 -0.52824932 -0.35987765 0.003485 1789440938.094156742 4.104 175.105 0.279 0.00000 -1 ACTUAL_TF
2.0068 0.0463052 -1.7112666 0.6761472 -0.43564221 0.63376096 -0.52825232 -0.35987832 0.003349 1789440938.150050879 4.274 174.936 0.282 0.00000 -1 ACTUAL_TF
2.0550 0.0463066 -1.7110566 0.6761606 -0.43563849 0.63375444 -0.52826163 -0.35988063 0.003472 1789440938.206037760 4.484 174.726 0.294 0.00000 -1 ACTUAL_TF
2.1124 0.0463155 -1.7108815 0.6761617 -0.43563908 0.63375559 -0.52826365 -0.35987491 0.003371 1789440938.261959076 4.658 174.551 0.295 0.00000 -1 ACTUAL_TF
2.1681 0.0463068 -1.7106769 0.6761751 -0.43563252 0.63375115 -0.52827040 -0.35988077 0.003457 1789440938.318056345 4.863 174.346 0.305 0.00000 -1 ACTUAL_TF
2.2293 0.0463120 -1.7104450 0.6761769 -0.43563937 0.63374853 -0.52826974 -0.35987807 0.003666 1789440938.373894453 5.095 174.114 0.306 0.00000 -1 ACTUAL_TF
2.2870 0.0463161 -1.7102538 0.6761791 -0.43563967 0.63374916 -0.52827202 -0.35987323 0.003586 1789440938.430161953 5.286 173.923 0.308 0.00000 -1 ACTUAL_TF
2.3362 0.0463124 -1.7100289 0.6761840 -0.43564119 0.63374738 -0.52827196 -0.35987463 0.003718 1789440938.486062527 5.511 173.698 0.310 0.00000 -1 ACTUAL_TF
2.3950 0.0463082 -1.7098574 0.6761937 -0.43563644 0.63374463 -0.52827717 -0.35987758 0.003523 1789440938.542052984 5.683 173.527 0.317 0.00000 -1 ACTUAL_TF
2.4488 0.0462988 -1.7096355 0.6761953 -0.43563669 0.63374377 -0.52827772 -0.35987798 0.003658 1789440938.597972631 5.905 173.305 0.315 0.00000 -1 ACTUAL_TF
2.5108 0.0462958 -1.7094653 0.6762083 -0.43562844 0.63373740 -0.52828956 -0.35988181 0.003473 1789440938.654095650 6.075 173.134 0.326 0.00000 -1 ACTUAL_TF
2.5628 0.0462967 -1.7092207 0.6762033 -0.43562935 0.63373655 -0.52829175 -0.35987899 0.003738 1789440938.710233212 6.319 172.890 0.320 0.00000 -1 ACTUAL_TF
2.6266 0.0462940 -1.7090177 0.6761972 -0.43563258 0.63373749 -0.52829069 -0.35987497 0.003707 1789440938.766124725 6.522 172.687 0.312 0.00000 -1 ACTUAL_TF
2.6775 0.0462868 -1.7087858 0.6761935 -0.43563309 0.63373283 -0.52829420 -0.35987742 0.003839 1789440938.822098255 6.754 172.455 0.305 0.00000 -1 ACTUAL_TF
2.7281 0.0462938 -1.7085771 0.6761975 -0.43562338 0.63373033 -0.52830684 -0.35987500 0.003807 1789440938.878053665 6.963 172.247 0.311 0.00000 -1 ACTUAL_TF
2.7889 0.0462744 -1.7083816 0.6761899 -0.43561850 0.63373236 -0.52830603 -0.35987854 0.003718 1789440938.934075356 7.159 172.051 0.296 0.00000 -1 ACTUAL_TF
2.8407 0.0462609 -1.7081415 0.6761756 -0.43562326 0.63373181 -0.52830308 -0.35987807 0.003891 1789440938.990160704 7.399 171.811 0.277 0.00000 -1 ACTUAL_TF
2.8956 0.0462440 -1.7079461 0.6761714 -0.43561363 0.63373103 -0.52830819 -0.35988359 0.003774 1789440939.046215773 7.594 171.615 0.267 0.00000 -1 ACTUAL_TF
2.9518 0.0462313 -1.7077135 0.6761601 -0.43561746 0.63372844 -0.52830605 -0.35988666 0.003893 1789440939.102103710 7.827 171.382 0.251 0.00000 -1 ACTUAL_TF
3.0081 0.0462259 -1.7075197 0.6761541 -0.43562118 0.63372327 -0.52830801 -0.35988838 0.003764 1789440939.158103466 8.021 171.189 0.243 0.00000 -1 ACTUAL_TF
3.0696 0.0462131 -1.7072957 0.6761339 -0.43562698 0.63372727 -0.52829800 -0.35988902 0.003841 1789440939.214135408 8.245 170.965 0.218 0.00000 -1 ACTUAL_TF
3.1200 0.0461966 -1.7071009 0.6761265 -0.43562915 0.63372753 -0.52829426 -0.35989142 0.003737 1789440939.270135164 8.440 170.770 0.205 0.00000 -1 ACTUAL_TF
3.1777 0.0461805 -1.7068633 0.6761022 -0.43563694 0.63373705 -0.52828019 -0.35988588 0.003899 1789440939.326102972 8.677 170.532 0.176 0.00000 -1 ACTUAL_TF
3.2390 0.0461746 -1.7066257 0.6760927 -0.43564172 0.63373822 -0.52827783 -0.35988150 0.004006 1789440939.381997824 8.915 170.294 0.164 0.00000 -1 ACTUAL_TF
3.2863 0.0461621 -1.7064423 0.6760759 -0.43564061 0.63374877 -0.52826925 -0.35987685 0.003791 1789440939.438075781 9.098 170.111 0.143 0.00000 -1 ACTUAL_TF
3.3509 0.0461492 -1.7062195 0.6760721 -0.43564140 0.63375034 -0.52826541 -0.35987877 0.003848 1789440939.494164467 9.321 169.888 0.135 0.00000 -1 ACTUAL_TF
3.3970 0.0461410 -1.7060103 0.6760475 -0.43565492 0.63375880 -0.52825017 -0.35986989 0.003823 1789440939.550169945 9.530 169.679 0.108 0.00000 -1 ACTUAL_TF
3.4587 0.0461440 -1.7058104 0.6760553 -0.43564947 0.63375063 -0.52826107 -0.35987488 0.003748 1789440939.606127262 9.730 169.479 0.116 0.00000 -1 ACTUAL_TF
3.5101 0.0461278 -1.7056182 0.6760463 -0.43565418 0.63375377 -0.52825217 -0.35987671 0.003661 1789440939.661982536 9.923 169.287 0.101 0.00000 -1 ACTUAL_TF
3.5700 0.0461266 -1.7054126 0.6760511 -0.43564806 0.63375180 -0.52825993 -0.35987619 0.003663 1789440939.718077421 10.128 169.081 0.104 0.00000 -1 ACTUAL_TF
3.6246 0.0461183 -1.7051722 0.6760389 -0.43565548 0.63375399 -0.52825170 -0.35987542 0.003855 1789440939.774069548 10.369 168.841 0.090 0.00000 -1 ACTUAL_TF
3.6823 0.0461027 -1.7049884 0.6760376 -0.43565286 0.63375498 -0.52825114 -0.35987768 0.003689 1789440939.829903603 10.553 168.657 0.082 0.00000 -1 ACTUAL_TF
3.7397 0.0460918 -1.7047703 0.6760325 -0.43565747 0.63375248 -0.52824751 -0.35988182 0.003747 1789440939.886154890 10.771 168.439 0.072 0.00000 -1 ACTUAL_TF
3.7931 0.0460973 -1.7045913 0.6760288 -0.43565789 0.63375329 -0.52824983 -0.35987650 0.003583 1789440939.942173719 10.950 168.260 0.071 0.00000 -1 ACTUAL_TF
3.8488 0.0460912 -1.7043785 0.6760263 -0.43565682 0.63375497 -0.52824928 -0.35987563 0.003647 1789440939.998262882 11.162 168.047 0.067 0.00000 -1 ACTUAL_TF
3.9093 0.0460747 -1.7041889 0.6760143 -0.43566970 0.63375560 -0.52823681 -0.35987724 0.003576 1789440940.054129601 11.352 167.857 0.049 0.00000 -1 ACTUAL_TF
3.9588 0.0460578 -1.7039513 0.6760138 -0.43566585 0.63375801 -0.52823649 -0.35987812 0.003781 1789440940.110059023 11.590 167.619 0.040 0.00000 -1 ACTUAL_TF
4.0191 0.0460458 -1.7037759 0.6760169 -0.43565574 0.63376000 -0.52824139 -0.35987966 0.003587 1789440940.166174889 11.766 167.443 0.038 0.00000 -1 ACTUAL_TF
4.0691 0.0460336 -1.7035600 0.6760181 -0.43564810 0.63376294 -0.52824491 -0.35987858 0.003671 1789440940.222071648 11.982 167.227 0.035 0.00000 -1 ACTUAL_TF
4.1305 0.0460138 -1.7033417 0.6760152 -0.43565589 0.63375968 -0.52823592 -0.35988807 0.003746 1789440940.278002739 12.201 167.009 0.030 0.00000 -1 ACTUAL_TF
4.1936 0.0460207 -1.7031703 0.6760194 -0.43565725 0.63375569 -0.52824025 -0.35988709 0.003539 1789440940.334131479 12.372 166.837 0.031 0.00000 -1 ACTUAL_TF
4.2381 0.0459969 -1.7029480 0.6760183 -0.43565307 0.63375891 -0.52823743 -0.35989062 0.003676 1789440940.390105486 12.595 166.615 0.029 0.00000 -1 ACTUAL_TF
4.2998 0.0460006 -1.7027499 0.6760250 -0.43565761 0.63375146 -0.52824145 -0.35989235 0.003635 1789440940.446120739 12.793 166.417 0.030 0.00000 -1 ACTUAL_TF
4.3520 0.0460029 -1.7025290 0.6760279 -0.43565199 0.63375446 -0.52824714 -0.35988551 0.003725 1789440940.502244949 13.014 166.196 0.030 0.00000 -1 ACTUAL_TF
4.4089 0.0459929 -1.7023723 0.6760537 -0.43564461 0.63373724 -0.52826198 -0.35990300 0.003463 1789440940.558063507 13.171 166.039 0.053 0.00000 -1 ACTUAL_TF
4.4624 0.0459856 -1.7021383 0.6760412 -0.43564648 0.63374955 -0.52825362 -0.35989133 0.003684 1789440940.613915443 13.405 165.805 0.037 0.00000 -1 ACTUAL_TF
4.5210 0.0459984 -1.7019637 0.6760476 -0.43564769 0.63374401 -0.52826179 -0.35988762 0.003514 1789440940.670087576 13.579 165.630 0.044 0.00000 -1 ACTUAL_TF
4.5819 0.0459902 -1.7017491 0.6760523 -0.43564463 0.63374393 -0.52826412 -0.35988805 0.003611 1789440940.726059914 13.794 165.416 0.045 0.00000 -1 ACTUAL_TF
4.6353 0.0459921 -1.7015150 0.6760520 -0.43564828 0.63374441 -0.52826355 -0.35988363 0.003783 1789440940.781995773 14.028 165.182 0.046 0.00000 -1 ACTUAL_TF
4.6870 0.0460053 -1.7013158 0.6760385 -0.43566317 0.63375107 -0.52825277 -0.35986968 0.003720 1789440940.838018656 14.226 164.983 0.049 0.00000 -1 ACTUAL_TF
4.7489 0.0459917 -1.7010823 0.6760333 -0.43566891 0.63375463 -0.52824434 -0.35986885 0.003859 1789440940.893931627 14.460 164.750 0.040 0.00000 -1 ACTUAL_TF
4.7998 0.0459905 -1.7009079 0.6760301 -0.43567017 0.63375796 -0.52824065 -0.35986689 0.003632 1789440940.950161934 14.634 164.575 0.042 0.00000 -1 ACTUAL_TF
4.8570 0.0459824 -1.7006868 0.6760286 -0.43566069 0.63376797 -0.52824198 -0.35985878 0.003731 1789440941.005980015 14.855 164.354 0.040 0.00000 -1 ACTUAL_TF
4.9147 0.0459784 -1.7005259 0.6760395 -0.43565765 0.63376424 -0.52824660 -0.35986224 0.003476 1789440941.062003851 15.016 164.193 0.042 0.00000 -1 ACTUAL_TF
4.9715 0.0459692 -1.7002978 0.6760457 -0.43565969 0.63376306 -0.52824450 -0.35986493 0.003653 1789440941.118152380 15.245 163.965 0.041 0.00000 -1 ACTUAL_TF
5.0209 0.0459511 -1.7000720 0.6760452 -0.43565956 0.63376634 -0.52824072 -0.35986486 0.003772 1789440941.174092054 15.471 163.738 0.029 0.00000 -1 ACTUAL_TF
5.0801 0.0459506 -1.6998834 0.6760486 -0.43566557 0.63376124 -0.52824082 -0.35986641 0.003650 1789440941.230133533 15.659 163.550 0.034 0.00000 -1 ACTUAL_TF
5.1398 0.0459481 -1.6996752 0.6760483 -0.43566840 0.63376190 -0.52823896 -0.35986455 0.003672 1789440941.286072254 15.868 163.342 0.037 0.00000 -1 ACTUAL_TF
5.1887 0.0459375 -1.6994976 0.6760593 -0.43566804 0.63375703 -0.52824121 -0.35987027 0.003525 1789440941.342067719 16.046 163.164 0.035 0.00000 -1 ACTUAL_TF
5.2465 0.0459300 -1.6992828 0.6760582 -0.43567340 0.63375714 -0.52823687 -0.35986997 0.003620 1789440941.398022175 16.261 162.949 0.032 0.00000 -1 ACTUAL_TF
5.3042 0.0459138 -1.6990934 0.6760584 -0.43567253 0.63376253 -0.52823080 -0.35987041 0.003553 1789440941.453988075 16.450 162.759 0.021 0.00000 -1 ACTUAL_TF
5.3603 0.0459086 -1.6988803 0.6760689 -0.43567258 0.63375577 -0.52823554 -0.35987531 0.003630 1789440941.509990215 16.664 162.546 0.026 0.00000 -1 ACTUAL_TF
5.4222 0.0459070 -1.6986925 0.6760705 -0.43567902 0.63375495 -0.52823293 -0.35987279 0.003546 1789440941.566051960 16.851 162.358 0.029 0.00000 -1 ACTUAL_TF
5.4730 0.0459089 -1.6984836 0.6760791 -0.43567774 0.63375078 -0.52823768 -0.35987472 0.003602 1789440941.622076511 17.060 162.149 0.039 0.00000 -1 ACTUAL_TF
5.5252 0.0459122 -1.6982840 0.6760965 -0.43567062 0.63374513 -0.52824896 -0.35987672 0.003595 1789440941.678072453 17.260 161.950 0.055 0.00000 -1 ACTUAL_TF
5.5842 0.0458933 -1.6980916 0.6760924 -0.43567333 0.63374939 -0.52824013 -0.35987890 0.003552 1789440941.734118700 17.453 161.757 0.040 0.00000 -1 ACTUAL_TF
5.6417 0.0458917 -1.6978689 0.6761037 -0.43566836 0.63374566 -0.52825021 -0.35987669 0.003684 1789440941.789944887 17.676 161.534 0.049 0.00000 -1 ACTUAL_TF
5.6980 0.0458807 -1.6977005 0.6761125 -0.43566396 0.63374534 -0.52825128 -0.35988101 0.003483 1789440941.846034288 17.844 161.365 0.051 0.00000 -1 ACTUAL_TF
5.7546 0.0458730 -1.6974845 0.6761099 -0.43566196 0.63375194 -0.52824784 -0.35987686 0.003598 1789440941.901934147 18.060 161.149 0.045 0.00000 -1 ACTUAL_TF
5.8112 0.0458742 -1.6973182 0.6761221 -0.43566088 0.63374348 -0.52825584 -0.35988132 0.003411 1789440941.958018064 18.227 160.983 0.057 0.00000 -1 ACTUAL_TF
5.8679 0.0458601 -1.6970984 0.6761201 -0.43566160 0.63375091 -0.52824905 -0.35987732 0.003567 1789440942.014024019 18.447 160.763 0.048 0.00000 -1 ACTUAL_TF
5.9266 0.0458452 -1.6969159 0.6761288 -0.43566337 0.63374425 -0.52825015 -0.35988531 0.003479 1789440942.070040464 18.630 160.580 0.049 0.00000 -1 ACTUAL_TF
5.9782 0.0458404 -1.6967066 0.6761329 -0.43566545 0.63374223 -0.52825051 -0.35988582 0.003557 1789440942.126054764 18.839 160.370 0.051 0.00000 -1 ACTUAL_TF
6.0321 0.0458256 -1.6964803 0.6761420 -0.43566251 0.63373972 -0.52825260 -0.35989072 0.003703 1789440942.182172060 19.066 160.144 0.054 0.00000 -1 ACTUAL_TF
6.0852 0.0458193 -1.6963099 0.6761446 -0.43566082 0.63374050 -0.52825192 -0.35989240 0.003508 1789440942.238041639 19.236 159.973 0.054 0.00000 -1 ACTUAL_TF
6.1462 0.0458032 -1.6960925 0.6761428 -0.43566023 0.63374587 -0.52824614 -0.35989214 0.003624 1789440942.294016838 19.454 159.755 0.048 0.00000 -1 ACTUAL_TF
6.2051 0.0458043 -1.6959095 0.6761331 -0.43566574 0.63375028 -0.52824034 -0.35988622 0.003516 1789440942.350121737 19.637 159.573 0.036 0.00000 -1 ACTUAL_TF
6.2560 0.0457998 -1.6956963 0.6761377 -0.43566464 0.63375016 -0.52824124 -0.35988644 0.003606 1789440942.406008720 19.850 159.359 0.038 0.00000 -1 ACTUAL_TF
