WELD FEEDBACK LOG
result=completed
started=2026-09-15 15:15:28
ended=2026-09-15 15:15:45
elapsed_seconds=17.468

================ OPERATOR OVERVIEW ================
REQUESTED : 150 A / 20.0 V · FE-SOLID 1.2 mm · LSM · CO2 100%
RX ECHO   : 150 A / 20.0 V · MATCH=YES
CURRENT FB: avg 147.87 · min 7.00 · max 177.00 A
VOLTAGE FB: avg 20.87 · min 3.00 · max 49.40 V
WIRE FEED : avg 6.08 · min 3.30 · max 6.10 m/min
ARC ON    : 14.994 s
NET WELD  : 14.275 s
WIRE USED : 1447.818 mm (base 1447.818 + alpha 0.000)
WCR       : DETECTED
SAMPLES   : RX 437 / welding 358 / TCP 295
===================================================

[commanded]
current_a=150
voltage_tenths=200
voltage=20.0
material=FE-SOLID
diameter_mm=1.2
mode=LSM
gas=CO2 100%
synergic=False
correction=0.0
hot_start_enabled=True
hot_start_percent=20.0
hot_start_hold_adjustment=0
crater_enabled=False
crater_percent=40.0
crater_current_a=60.0
crater_voltage_v=25.0
crater_seconds=1.0
wire_consumable_alpha_mm=0.0
hot_start_current_a=180

[rx_setting_echo]
current_a=150
voltage_v=20.0
hot_start_current_a=0
hot_start_hold_adjustment=-15

[rx_welding_setting_echo]
current_a=150
voltage_v=20.0
hot_start_current_a=0
hot_start_hold_adjustment=-15

[execution_conditions]
mode=sequence_execute
run_all=True
touch_io_backend=fastech_ethernet
touch_input_port=4
touch_sensing_output_port=0
fastech_ip=192.168.0.3
fastech_poll_target_hz=100.0
hicomm_source_ip=192.168.1.2
hicomm_welder_ip=192.168.1.10
hicomm_port=60000
gui_velocity_percent=36.95263157894737
gui_speed_mode=scale
gui_tcp_speed_mm_s=10.0
gui_interpolation_step_mm=5.0
seam_orientation_mode=Wait poses + fixed World-XYZ tilt
weld_fixed_tilt_x_deg=0.0
weld_fixed_tilt_y_deg=10.0
weld_fixed_tilt_z_deg=-0.0
weld_weave_enabled=False
weld_weave_pattern=circle
weld_weave_amplitude_mm=2.6
weld_weave_cycles=4
weld_weave_samples_per_cycle=8
weld_weave_axis=tool_x
weld_lead_in_mm=0.0
weld_lead_out_mm=5.0
weld_safe_approach_mm=30.0
weld_approach_mode=taught_wait
weld_pre_start_lead_mm=0.0
weld_tcp_speed_mm_s=3.5
weld_arc_off_delay_ms=500.0
tcp_tracking.parent_frame=World
tcp_tracking.child_frame=right_manipulator_ee_point
tcp_tracking.timestamp_source=TF_header_stamp
initial_fastech_di0=False
initial_fastech_do0=True
robot_connected.left=True
robot_connected.right=True
robot_connected.head=True
hicomm_connected=True
execution_allowed=True
steps[0].sequence_number=1
steps[0].type=named_pose
steps[0].parallel_slot=1
steps[0].duration=0.0
steps[0].planning_group=right_manipulator
steps[0].velocity_scale=0.3695263157894737
steps[0].tcp_speed_m_s=0.0
steps[0].pose_name=weld_start_wait
steps[0].pose_label=3 · Weld start wait pose
steps[0].touch_guard=False
steps[0].continue_after_touch=False
steps[0].weld_scenario_id=weld-21902337642176
steps[0].weld_scenario_stage=start_wait
steps[0].target_tcp.position_m.x=-0.07775103617901089
steps[0].target_tcp.position_m.y=-1.6617243259079035
steps[0].target_tcp.position_m.z=0.6761813628806548
steps[0].target_tcp.orientation_xyzw.x=-0.435562782516215
steps[0].target_tcp.orientation_xyzw.y=0.633738347985189
steps[0].target_tcp.orientation_xyzw.z=-0.5283475082026756
steps[0].target_tcp.orientation_xyzw.w=-0.3598745327968616
steps[0].joint_names[0]=right_manipulator_joint1
steps[0].joint_names[1]=right_manipulator_joint2
steps[0].joint_names[2]=right_manipulator_joint3
steps[0].joint_names[3]=right_manipulator_joint4
steps[0].joint_names[4]=right_manipulator_joint5
steps[0].joint_names[5]=right_manipulator_joint6
steps[0].joint_positions_rad[0]=5.04754833620338
steps[0].joint_positions_rad[1]=1.331723157315993
steps[0].joint_positions_rad[2]=1.9263722744784613
steps[0].joint_positions_rad[3]=3.4676775543101472
steps[0].joint_positions_rad[4]=1.4973627223712151
steps[0].joint_positions_rad[5]=1.4557781277399005
steps[1].sequence_number=2
steps[1].type=motion
steps[1].parallel_slot=2
steps[1].duration=0.0
steps[1].planning_group=right_manipulator
steps[1].velocity_scale=0.3695263157894737
steps[1].tcp_speed_m_s=0.0
steps[1].interpolation_step=0.005
steps[1].path_kind=taught_wait_align_weld_attitude
steps[1].touch_guard=False
steps[1].continue_after_touch=False
steps[1].accept_initial_touch=False
steps[1].weld_scenario_id=weld-21902337642176
steps[1].weld_scenario_stage=start_safe
steps[1].waypoint_count=1
steps[1].waypoints[0].position_m.x=-0.07775103617901089
steps[1].waypoints[0].position_m.y=-1.6617243259079035
steps[1].waypoints[0].position_m.z=0.6761813628806548
steps[1].waypoints[0].orientation_xyzw.x=-0.436031171005527
steps[1].waypoints[0].orientation_xyzw.y=0.634010105424095
steps[1].waypoints[0].orientation_xyzw.z=-0.52770805552214
steps[1].waypoints[0].orientation_xyzw.w=-0.35976688600914747
steps[2].sequence_number=3
steps[2].type=motion
steps[2].parallel_slot=3
steps[2].duration=0.0
steps[2].planning_group=right_manipulator
steps[2].velocity_scale=0.3695263157894737
steps[2].tcp_speed_m_s=0.0
steps[2].interpolation_step=0.005
steps[2].path_kind=taught_wait_to_weld_start
steps[2].touch_guard=False
steps[2].continue_after_touch=True
steps[2].accept_initial_touch=False
steps[2].weld_scenario_id=weld-21902337642176
steps[2].weld_scenario_stage=start_contact
steps[2].waypoint_count=1
steps[2].waypoints[0].position_m.x=-0.0864143908198165
steps[2].waypoints[0].position_m.y=-1.6648690796896908
steps[2].waypoints[0].position_m.z=0.6747525772817742
steps[2].waypoints[0].orientation_xyzw.x=-0.436031171005527
steps[2].waypoints[0].orientation_xyzw.y=0.634010105424095
steps[2].waypoints[0].orientation_xyzw.z=-0.52770805552214
steps[2].waypoints[0].orientation_xyzw.w=-0.35976688600914747
steps[3].sequence_number=4
steps[3].type=digital_output
steps[3].parallel_slot=4
steps[3].duration=0.0
steps[3].port=0
steps[3].value=False
steps[3].weld_scenario_id=weld-21902337642176
steps[3].weld_scenario_stage=touch_output_off
steps[4].sequence_number=5
steps[4].type=digital_weld
steps[4].parallel_slot=5
steps[4].duration=0.0
steps[4].command=on
steps[4].weld_scenario_id=weld-21902337642176
steps[4].weld_scenario_stage=arc_on
steps[4].settings.current_a=150
steps[4].settings.voltage_tenths=200
steps[4].settings.voltage=20.0
steps[4].settings.material=FE-SOLID
steps[4].settings.diameter_mm=1.2
steps[4].settings.mode=LSM
steps[4].settings.gas=CO2 100%
steps[4].settings.synergic=False
steps[4].settings.correction=0.0
steps[4].settings.hot_start_enabled=True
steps[4].settings.hot_start_percent=20.0
steps[4].settings.hot_start_hold_adjustment=0
steps[4].settings.crater_enabled=False
steps[4].settings.crater_percent=40.0
steps[4].settings.crater_current_a=60.0
steps[4].settings.crater_voltage_v=25.0
steps[4].settings.crater_seconds=1.0
steps[4].settings.wire_consumable_alpha_mm=0.0
steps[4].settings.hot_start_current_a=180
steps[5].sequence_number=6
steps[5].type=motion
steps[5].parallel_slot=5
steps[5].duration=0.0
steps[5].planning_group=right_manipulator
steps[5].velocity_scale=0.3695263157894737
steps[5].tcp_speed_m_s=0.0035
steps[5].interpolation_step=0.005
steps[5].path_kind=continuous_lead_to_lead_over_taught_goal_fastech_di0_ignored
steps[5].touch_guard=False
steps[5].weld_scenario_id=weld-21902337642176
steps[5].weld_scenario_stage=weld_motion
steps[5].lead_in_mm=0.0
steps[5].lead_out_mm=5.0
steps[5].linear_motion_profile=True
steps[5].waypoint_count=2
steps[5].waypoints[0].position_m.x=-0.0864143908198165
steps[5].waypoints[0].position_m.y=-1.6648690796896908
steps[5].waypoints[0].position_m.z=0.6747525772817742
steps[5].waypoints[0].orientation_xyzw.x=-0.436031171005527
steps[5].waypoints[0].orientation_xyzw.y=0.634010105424095
steps[5].waypoints[0].orientation_xyzw.z=-0.52770805552214
steps[5].waypoints[0].orientation_xyzw.w=-0.35976688600914747
steps[5].waypoints[1].position_m.x=-0.03584814346270664
steps[5].waypoints[1].position_m.y=-1.6638647403223026
steps[5].waypoints[1].position_m.z=0.6753880742943562
steps[5].waypoints[1].orientation_xyzw.x=-0.43604452410309325
steps[5].waypoints[1].orientation_xyzw.y=0.6339649739325802
steps[5].waypoints[1].orientation_xyzw.z=-0.5277266038040582
steps[5].waypoints[1].orientation_xyzw.w=-0.3598030245339865
steps[5].lead_start.position_m.x=-0.0864143908198165
steps[5].lead_start.position_m.y=-1.6648690796896908
steps[5].lead_start.position_m.z=0.6747525772817742
steps[5].lead_start.orientation_xyzw.x=-0.436031171005527
steps[5].lead_start.orientation_xyzw.y=0.634010105424095
steps[5].lead_start.orientation_xyzw.z=-0.52770805552214
steps[5].lead_start.orientation_xyzw.w=-0.35976688600914747
steps[5].usable_seam_start.position_m.x=-0.0864143908198165
steps[5].usable_seam_start.position_m.y=-1.6648690796896908
steps[5].usable_seam_start.position_m.z=0.6747525772817742
steps[5].usable_seam_start.orientation_xyzw.x=-0.436031171005527
steps[5].usable_seam_start.orientation_xyzw.y=0.634010105424095
steps[5].usable_seam_start.orientation_xyzw.z=-0.52770805552214
steps[5].usable_seam_start.orientation_xyzw.w=-0.35976688600914747
steps[5].usable_seam_goal.position_m.x=-0.040846762939445086
steps[5].usable_seam_goal.position_m.y=-1.6639640221671195
steps[5].usable_seam_goal.position_m.z=0.6753252535807275
steps[5].usable_seam_goal.orientation_xyzw.x=-0.43604452410309325
steps[5].usable_seam_goal.orientation_xyzw.y=0.6339649739325802
steps[5].usable_seam_goal.orientation_xyzw.z=-0.5277266038040582
steps[5].usable_seam_goal.orientation_xyzw.w=-0.3598030245339865
steps[5].lead_end.position_m.x=-0.03584814346270664
steps[5].lead_end.position_m.y=-1.6638647403223026
steps[5].lead_end.position_m.z=0.6753880742943562
steps[5].lead_end.orientation_xyzw.x=-0.43604452410309325
steps[5].lead_end.orientation_xyzw.y=0.6339649739325802
steps[5].lead_end.orientation_xyzw.z=-0.5277266038040582
steps[5].lead_end.orientation_xyzw.w=-0.3598030245339865
steps[6].sequence_number=7
steps[6].type=digital_weld
steps[6].parallel_slot=5
steps[6].duration=0.0
steps[6].velocity_scale=0.3695263157894737
steps[6].tcp_speed_m_s=0.0035
steps[6].command=off
steps[6].weld_scenario_id=weld-21902337642176
steps[6].weld_scenario_stage=arc_off
steps[6].trigger_before_goal=True
steps[6].arc_off_delay_s=0.5
steps[6].settings.current_a=150
steps[6].settings.voltage_tenths=200
steps[6].settings.voltage=20.0
steps[6].settings.material=FE-SOLID
steps[6].settings.diameter_mm=1.2
steps[6].settings.mode=LSM
steps[6].settings.gas=CO2 100%
steps[6].settings.synergic=False
steps[6].settings.correction=0.0
steps[6].settings.hot_start_enabled=True
steps[6].settings.hot_start_percent=20.0
steps[6].settings.hot_start_hold_adjustment=0
steps[6].settings.crater_enabled=False
steps[6].settings.crater_percent=40.0
steps[6].settings.crater_current_a=60.0
steps[6].settings.crater_voltage_v=25.0
steps[6].settings.crater_seconds=1.0
steps[6].settings.wire_consumable_alpha_mm=0.0
steps[6].settings.hot_start_current_a=180
steps[7].sequence_number=8
steps[7].type=motion
steps[7].parallel_slot=6
steps[7].duration=0.0
steps[7].planning_group=right_manipulator
steps[7].velocity_scale=0.3695263157894737
steps[7].tcp_speed_m_s=0.0
steps[7].interpolation_step=0.005
steps[7].path_kind=weld_end_to_taught_wait_fixed_attitude
steps[7].pose_name=weld_goal_wait
steps[7].pose_label=5 · Weld goal wait pose
steps[7].touch_guard=False
steps[7].continue_after_touch=False
steps[7].weld_scenario_id=weld-21902337642176
steps[7].weld_scenario_stage=goal_wait
steps[7].waypoint_count=1
steps[7].waypoints[0].position_m.x=-0.04085131232185893
steps[7].waypoints[0].position_m.y=-1.6599857821931372
steps[7].waypoints[0].position_m.z=0.6784419899418042
steps[7].waypoints[0].orientation_xyzw.x=-0.43604452410309325
steps[7].waypoints[0].orientation_xyzw.y=0.6339649739325802
steps[7].waypoints[0].orientation_xyzw.z=-0.5277266038040582
steps[7].waypoints[0].orientation_xyzw.w=-0.3598030245339865
steps[8].sequence_number=9
steps[8].type=named_pose
steps[8].parallel_slot=7
steps[8].duration=0.0
steps[8].planning_group=right_manipulator
steps[8].velocity_scale=0.3695263157894737
steps[8].tcp_speed_m_s=0.0
steps[8].pose_name=weld_finish
steps[8].pose_label=7 · Weld end pose
steps[8].touch_guard=False
steps[8].continue_after_touch=False
steps[8].weld_scenario_id=weld-21902337642176
steps[8].weld_scenario_stage=finish
steps[8].target_tcp.position_m.x=-0.040860656840255555
steps[8].target_tcp.position_m.y=-1.646332206555384
steps[8].target_tcp.position_m.z=0.7015599721028767
steps[8].target_tcp.orientation_xyzw.x=-0.4360502492781596
steps[8].target_tcp.orientation_xyzw.y=0.6339895329308384
steps[8].target_tcp.orientation_xyzw.z=-0.5277023855255164
steps[8].target_tcp.orientation_xyzw.w=-0.359788332981034
steps[8].joint_names[0]=right_manipulator_joint1
steps[8].joint_names[1]=right_manipulator_joint2
steps[8].joint_names[2]=right_manipulator_joint3
steps[8].joint_names[3]=right_manipulator_joint4
steps[8].joint_names[4]=right_manipulator_joint5
steps[8].joint_names[5]=right_manipulator_joint6
steps[8].joint_positions_rad[0]=5.100535654516032
steps[8].joint_positions_rad[1]=1.3010396799746995
steps[8].joint_positions_rad[2]=1.9543901938846944
steps[8].joint_positions_rad[3]=3.5200036097241334
steps[8].joint_positions_rad[4]=1.4912495692469927
steps[8].joint_positions_rad[5]=1.4598105531044439
steps[9].sequence_number=10
steps[9].type=digital_output
steps[9].parallel_slot=8
steps[9].duration=0.0
steps[9].port=0
steps[9].value=True
steps[9].weld_scenario_id=weld-21902337642176
steps[9].weld_scenario_stage=touch_output_on
hicomm_cyclic_period_ms=40.0
arc_wait_recognition=True
arc_wait_main_welding=True
arc_wait_established=True
arc_establishment_timeout_s=5.0

[summary]
rx_samples=437
welding_samples=358
wcr_seen=1
current_a.min=7.0
current_a.average=147.86894586894587
current_a.max=177.0
voltage_v.min=3.0
voltage_v.average=20.873595505617978
voltage_v.max=49.4
wire_feed_m_min.min=3.3
wire_feed_m_min.average=6.084357541899402
wire_feed_m_min.max=6.1

[production_metrics]
arc_started_elapsed_s=0.10561653799959458
arc_completed_elapsed_s=15.09956984100063
arc_on_time_s=14.993953303001035
main_weld_arc_time_s=14.114046915998188
crater_arc_time_s=0.0
weld_motion_start_elapsed_s=0.8244185949988605
weld_motion_complete_elapsed_s=16.417979499998182
weld_motion_duration_s=15.593560904999322
net_weld_arc_time_s=14.27515124600177
wire_feed_average_m_min=5.793608285428877
wire_consumable_base_mm=1447.8182014600077
wire_consumable_alpha_mm=0.0
wire_consumable_mm=1447.8182014600077
wire_consumable_formula=integral(WFS*1000/60*dt)+alpha
weld_motion_start_unix_time=1789452928.9915802
weld_motion_start_wall_time=2026-09-15 15:15:28.991
weld_motion_complete_unix_time=1789452944.5851412
weld_motion_complete_wall_time=2026-09-15 15:15:44.585

[arc_off_control]
arc_established_elapsed_s=0.8231392749985389
delay_s=0.5
speed_source=tcp_setpoint_projected_along_seam
trigger_speed_m_s=0.0035
calculated_pre_off_distance_m=0.00175
crater_source=disabled
seam_length_m=0.04558021278917583
trigger_along_m=0.04383021278917583
actual_along_m=0.04399070615543524
actual_remaining_to_goal_m=0.0015895066337405922
tcp_x_m=-0.04243567822223082
tcp_y_m=-1.6640095866324414
tcp_z_m=0.6753152797190602
command_elapsed_s=14.125462174000859
sequence_clear_elapsed_s=17.463780400998075
extinction_current_threshold_a=10.0
feedback_current_extinguished_elapsed_s=14.73970787899816
feedback_extinction_delay_s=0.6142457049973018
feedback_recommended_pre_off_distance_m=0.0021498599674905565
wcr_clear_elapsed_s=15.09956984100063
wcr_clear_delay_s=0.974107666999771

[teaching_snapshot_yaml]
robot_start:
  planning_group: right_manipulator
  joint_state:
    names:
    - right_manipulator_joint1
    - right_manipulator_joint2
    - right_manipulator_joint3
    - right_manipulator_joint4
    - right_manipulator_joint5
    - right_manipulator_joint6
    positions_rad:
    - 5.27240967968313
    - 1.0710261184710546
    - 2.180025851451385
    - 3.6894743983235436
    - 1.4802383302458966
    - 1.475784459638848
  tcp_pose_world:
    position_m:
      x: 0.0409882833240674
      y: -1.5365128539727777
      z: 0.8899872668309907
    orientation_xyzw:
      x: -0.4355837586611503
      y: 0.6337556876271521
      z: -0.5283180348228105
      w: -0.3598618786031996
weld_wait:
  planning_group: right_manipulator
  joint_state:
    names:
    - right_manipulator_joint1
    - right_manipulator_joint2
    - right_manipulator_joint3
    - right_manipulator_joint4
    - right_manipulator_joint5
    - right_manipulator_joint6
    positions_rad:
    - 5.046557640277871
    - 1.3028470342484817
    - 1.9663507166563492
    - 3.466530797144759
    - 1.506342502092799
    - 1.458568987404249
  tcp_pose_world:
    position_m:
      x: -0.08393940323984483
      y: -1.646284334640465
      z: 0.701455567330054
    orientation_xyzw:
      x: -0.43601795917308434
      y: 0.6340370774382504
      z: -0.5276998965553592
      w: -0.35974733200895864
weld_start_wait:
  planning_group: right_manipulator
  joint_state:
    names:
    - right_manipulator_joint1
    - right_manipulator_joint2
    - right_manipulator_joint3
    - right_manipulator_joint4
    - right_manipulator_joint5
    - right_manipulator_joint6
    positions_rad:
    - 5.04754833620338
    - 1.331723157315993
    - 1.9263722744784613
    - 3.4676775543101472
    - 1.4973627223712151
    - 1.4557781277399005
  tcp_pose_world:
    position_m:
      x: -0.07775103617901089
      y: -1.6617243259079035
      z: 0.6761813628806548
    orientation_xyzw:
      x: -0.435562782516215
      y: 0.633738347985189
      z: -0.5283475082026756
      w: -0.3598745327968616
weld_start:
  planning_group: right_manipulator
  joint_state:
    names:
    - right_manipulator_joint1
    - right_manipulator_joint2
    - right_manipulator_joint3
    - right_manipulator_joint4
    - right_manipulator_joint5
    - right_manipulator_joint6
    positions_rad:
    - 5.035436279565699
    - 1.3324749676917222
    - 1.9242497350896681
    - 3.455842200109726
    - 1.4949743995056322
    - 1.4533024531905627
  tcp_pose_world:
    position_m:
      x: -0.0864143908198165
      y: -1.6648690796896908
      z: 0.6747525772817742
    orientation_xyzw:
      x: -0.436031171005527
      y: 0.634010105424095
      z: -0.52770805552214
      w: -0.35976688600914747
weld_goal_wait:
  planning_group: right_manipulator
  joint_state:
    names:
    - right_manipulator_joint1
    - right_manipulator_joint2
    - right_manipulator_joint3
    - right_manipulator_joint4
    - right_manipulator_joint5
    - right_manipulator_joint6
    positions_rad:
    - 5.093772823243885
    - 1.3271173533687552
    - 1.9200806895612035
    - 3.5135752714849
    - 1.483879670404362
    - 1.4561768029550852
  tcp_pose_world:
    position_m:
      x: -0.04085131232185893
      y: -1.6599857821931372
      z: 0.6784419899418042
    orientation_xyzw:
      x: -0.43602466221397157
      y: 0.6340018122735684
      z: -0.5277255938990925
      w: -0.3597636634220762
weld_end:
  planning_group: right_manipulator
  joint_state:
    names:
    - right_manipulator_joint1
    - right_manipulator_joint2
    - right_manipulator_joint3
    - right_manipulator_joint4
    - right_manipulator_joint5
    - right_manipulator_joint6
    positions_rad:
    - 5.0918782504444025
    - 1.330405558366676
    - 1.913257537690366
    - 3.5118250420165
    - 1.4807091771266228
    - 1.4546087337052467
  tcp_pose_world:
    position_m:
      x: -0.040846762939445086
      y: -1.6639640221671195
      z: 0.6753252535807275
    orientation_xyzw:
      x: -0.43604452410309325
      y: 0.6339649739325802
      z: -0.5277266038040582
      w: -0.3598030245339865
weld_finish:
  planning_group: right_manipulator
  joint_state:
    names:
    - right_manipulator_joint1
    - right_manipulator_joint2
    - right_manipulator_joint3
    - right_manipulator_joint4
    - right_manipulator_joint5
    - right_manipulator_joint6
    positions_rad:
    - 5.100535654516032
    - 1.3010396799746995
    - 1.9543901938846944
    - 3.5200036097241334
    - 1.4912495692469927
    - 1.4598105531044439
  tcp_pose_world:
    position_m:
      x: -0.040860656840255555
      y: -1.646332206555384
      z: 0.7015599721028767
    orientation_xyzw:
      x: -0.4360502492781596
      y: 0.6339895329308384
      z: -0.5277023855255164
      w: -0.359788332981034

[touch_snapshot_yaml]
{}

[samples]
elapsed_s raw0 state arc gas fwd wcr current_a voltage_v wire_feed_m_min set_current_a set_voltage_v error db collision
0.022 0x00 idle 0 0 0 0 0 0.0 0.0 100 10.0 0 0 0
0.073 0x00 idle 0 0 0 0 0 0.0 0.0 100 10.0 0 0 0
0.106 0x09 main_weld 1 1 0 0 0 0.0 0.0 100 10.0 0 0 0
0.141 0x09 main_weld 1 1 0 0 0 0.0 0.0 100 10.0 0 0 0
0.181 0x09 main_weld 1 1 0 0 0 0.0 0.0 100 20.0 0 0 0
0.219 0x09 main_weld 1 1 0 0 0 0.0 0.0 150 20.0 0 0 0
0.259 0x09 main_weld 1 1 0 0 0 0.0 0.0 150 20.0 0 0 0
0.297 0x09 main_weld 1 1 0 0 0 0.0 0.0 150 20.0 0 0 0
0.340 0x09 main_weld 1 1 0 0 0 0.0 0.0 150 20.0 0 0 0
0.381 0x09 main_weld 1 1 0 0 0 0.0 0.0 150 20.0 0 0 0
0.419 0x09 main_weld 1 1 0 0 0 0.0 0.0 150 20.0 0 0 0
0.459 0x09 main_weld 1 1 0 0 0 0.0 0.0 150 20.0 0 0 0
0.501 0x09 main_weld 1 1 0 0 0 0.0 0.0 150 20.0 0 0 0
0.539 0x09 main_weld 1 1 0 0 0 0.0 0.0 150 20.0 0 0 0
0.580 0x09 main_weld 1 1 0 0 0 0.0 0.0 150 20.0 0 0 0
0.620 0x09 main_weld 1 1 0 0 0 0.0 0.0 150 20.0 0 0 0
0.660 0x09 main_weld 1 1 0 0 0 0.0 0.0 150 20.0 0 0 0
0.702 0x09 main_weld 1 1 0 0 0 0.0 0.0 150 20.0 0 0 0
0.741 0x09 main_weld 1 1 0 0 0 0.0 0.0 150 20.0 0 0 0
0.782 0x09 main_weld 1 1 0 0 0 0.0 0.0 150 20.0 0 0 0
0.821 0x2B main_weld 1 1 1 1 0 0.0 6.1 150 20.0 0 0 0
0.861 0x2B main_weld 1 1 1 1 0 5.1 6.1 150 20.0 0 0 0
0.904 0x2B main_weld 1 1 1 1 16 5.1 6.1 150 20.0 0 0 0
0.944 0x2B main_weld 1 1 1 1 16 5.1 6.1 150 20.0 0 0 0
0.983 0x2B main_weld 1 1 1 1 176 5.1 6.1 150 20.0 0 0 0
1.028 0x2B main_weld 1 1 1 1 176 5.1 6.1 150 20.0 0 0 0
1.061 0x2B main_weld 1 1 1 1 176 20.1 6.1 150 20.0 0 0 0
1.101 0x2B main_weld 1 1 1 1 176 20.1 3.3 150 20.0 0 0 0
1.137 0x2B main_weld 1 1 1 1 176 20.1 3.3 150 20.0 0 0 0
1.183 0x2B main_weld 1 1 1 1 44 20.1 6.1 150 20.0 0 0 0
1.219 0x2B main_weld 1 1 1 1 44 49.4 6.1 150 20.0 0 0 0
1.260 0x2B main_weld 1 1 1 1 44 49.4 6.1 150 20.0 0 0 0
1.296 0x2B main_weld 1 1 1 1 44 20.8 6.1 150 20.0 0 0 0
1.339 0x2B main_weld 1 1 1 1 172 20.8 6.1 150 20.0 0 0 0
1.388 0x2B main_weld 1 1 1 1 172 20.8 6.1 150 20.0 0 0 0
1.419 0x2B main_weld 1 1 1 1 172 20.8 6.1 150 20.0 0 0 0
1.457 0x2B main_weld 1 1 1 1 172 20.8 6.1 150 20.0 0 0 0
1.508 0x2B main_weld 1 1 1 1 78 44.7 6.1 150 20.0 0 0 0
1.539 0x2B main_weld 1 1 1 1 78 44.7 6.1 150 20.0 0 0 0
1.589 0x2B main_weld 1 1 1 1 78 44.7 6.1 150 20.0 0 0 0
1.620 0x2B main_weld 1 1 1 1 78 44.7 6.1 150 20.0 0 0 0
1.663 0x2B main_weld 1 1 1 1 78 20.6 6.1 150 20.0 0 0 0
1.702 0x2B main_weld 1 1 1 1 159 20.6 6.1 150 20.0 0 0 0
1.745 0x2B main_weld 1 1 1 1 159 20.6 6.1 150 20.0 0 0 0
1.779 0x2B main_weld 1 1 1 1 159 20.6 6.1 150 20.0 0 0 0
1.825 0x2B main_weld 1 1 1 1 159 20.6 6.1 150 20.0 0 0 0
1.861 0x2B main_weld 1 1 1 1 159 20.7 6.1 150 20.0 0 0 0
1.900 0x2B main_weld 1 1 1 1 148 20.7 6.1 150 20.0 0 0 0
1.940 0x2B main_weld 1 1 1 1 148 20.7 6.1 150 20.0 0 0 0
1.978 0x2B main_weld 1 1 1 1 151 20.7 6.1 150 20.0 0 0 0
2.019 0x2B main_weld 1 1 1 1 151 20.5 6.1 150 20.0 0 0 0
2.058 0x2B main_weld 1 1 1 1 151 20.5 6.1 150 20.0 0 0 0
2.099 0x2B main_weld 1 1 1 1 151 20.5 6.1 150 20.0 0 0 0
2.144 0x2B main_weld 1 1 1 1 166 20.4 6.1 150 20.0 0 0 0
2.186 0x2B main_weld 1 1 1 1 166 20.4 6.1 150 20.0 0 0 0
2.218 0x2B main_weld 1 1 1 1 166 20.4 6.1 150 20.0 0 0 0
2.265 0x2B main_weld 1 1 1 1 166 20.4 6.1 150 20.0 0 0 0
2.299 0x2B main_weld 1 1 1 1 166 21.1 6.1 150 20.0 0 0 0
2.340 0x2B main_weld 1 1 1 1 133 21.1 6.1 150 20.0 0 0 0
2.382 0x2B main_weld 1 1 1 1 133 21.1 6.1 150 20.0 0 0 0
2.425 0x2B main_weld 1 1 1 1 174 21.1 6.1 150 20.0 0 0 0
2.470 0x2B main_weld 1 1 1 1 174 21.1 6.1 150 20.0 0 0 0
2.502 0x2B main_weld 1 1 1 1 174 20.4 6.1 150 20.0 0 0 0
2.541 0x2B main_weld 1 1 1 1 174 20.4 6.1 150 20.0 0 0 0
2.583 0x2B main_weld 1 1 1 1 174 20.4 6.1 150 20.0 0 0 0
2.621 0x2B main_weld 1 1 1 1 138 20.4 6.1 150 20.0 0 0 0
2.664 0x2B main_weld 1 1 1 1 138 21.0 6.1 150 20.0 0 0 0
2.706 0x2B main_weld 1 1 1 1 138 21.0 6.1 150 20.0 0 0 0
2.742 0x2B main_weld 1 1 1 1 138 20.4 6.1 150 20.0 0 0 0
2.785 0x2B main_weld 1 1 1 1 177 20.4 6.1 150 20.0 0 0 0
2.823 0x2B main_weld 1 1 1 1 177 20.4 6.1 150 20.0 0 0 0
2.856 0x2B main_weld 1 1 1 1 177 20.4 6.1 150 20.0 0 0 0
2.905 0x2B main_weld 1 1 1 1 177 20.4 6.1 150 20.0 0 0 0
2.941 0x2B main_weld 1 1 1 1 177 20.4 6.1 150 20.0 0 0 0
2.977 0x2B main_weld 1 1 1 1 127 20.4 6.1 150 20.0 0 0 0
3.020 0x2B main_weld 1 1 1 1 127 20.4 6.1 150 20.0 0 0 0
3.064 0x2B main_weld 1 1 1 1 177 20.4 6.1 150 20.0 0 0 0
3.101 0x2B main_weld 1 1 1 1 177 20.4 6.1 150 20.0 0 0 0
3.140 0x2B main_weld 1 1 1 1 177 20.4 6.1 150 20.0 0 0 0
3.182 0x2B main_weld 1 1 1 1 177 20.4 6.1 150 20.0 0 0 0
3.229 0x2B main_weld 1 1 1 1 136 20.4 6.1 150 20.0 0 0 0
3.259 0x2B main_weld 1 1 1 1 136 20.4 6.1 150 20.0 0 0 0
3.299 0x2B main_weld 1 1 1 1 136 20.7 6.1 150 20.0 0 0 0
3.338 0x2B main_weld 1 1 1 1 136 20.7 6.1 150 20.0 0 0 0
3.379 0x2B main_weld 1 1 1 1 136 20.6 6.1 150 20.0 0 0 0
3.426 0x2B main_weld 1 1 1 1 172 20.6 6.1 150 20.0 0 0 0
3.461 0x2B main_weld 1 1 1 1 172 20.6 6.1 150 20.0 0 0 0
3.501 0x2B main_weld 1 1 1 1 172 20.6 6.1 150 20.0 0 0 0
3.538 0x2B main_weld 1 1 1 1 172 20.6 6.1 150 20.0 0 0 0
3.583 0x2B main_weld 1 1 1 1 142 20.6 6.1 150 20.0 0 0 0
3.615 0x2B main_weld 1 1 1 1 142 20.6 6.1 150 20.0 0 0 0
3.661 0x2B main_weld 1 1 1 1 142 20.9 6.1 150 20.0 0 0 0
3.700 0x2B main_weld 1 1 1 1 142 20.9 6.1 150 20.0 0 0 0
3.742 0x2B main_weld 1 1 1 1 142 20.9 6.1 150 20.0 0 0 0
3.787 0x2B main_weld 1 1 1 1 158 20.9 6.1 150 20.0 0 0 0
3.817 0x2B main_weld 1 1 1 1 158 20.9 6.1 150 20.0 0 0 0
3.858 0x2B main_weld 1 1 1 1 158 20.9 6.1 150 20.0 0 0 0
3.902 0x2B main_weld 1 1 1 1 158 21.1 6.1 150 20.0 0 0 0
3.941 0x2B main_weld 1 1 1 1 153 21.1 6.1 150 20.0 0 0 0
3.978 0x2B main_weld 1 1 1 1 153 21.1 6.1 150 20.0 0 0 0
4.039 0x2B main_weld 1 1 1 1 153 21.1 6.1 150 20.0 0 0 0
4.060 0x2B main_weld 1 1 1 1 166 21.1 6.1 150 20.0 0 0 0
4.110 0x2B main_weld 1 1 1 1 166 20.9 6.1 150 20.0 0 0 0
4.142 0x2B main_weld 1 1 1 1 166 20.9 6.1 150 20.0 0 0 0
4.183 0x2B main_weld 1 1 1 1 166 20.8 6.1 150 20.0 0 0 0
4.219 0x2B main_weld 1 1 1 1 158 20.8 6.1 150 20.0 0 0 0
4.260 0x2B main_weld 1 1 1 1 158 20.8 6.1 150 20.0 0 0 0
4.302 0x2B main_weld 1 1 1 1 158 20.8 6.1 150 20.0 0 0 0
4.342 0x2B main_weld 1 1 1 1 158 20.8 6.1 150 20.0 0 0 0
4.386 0x2B main_weld 1 1 1 1 158 20.9 6.1 150 20.0 0 0 0
4.424 0x2B main_weld 1 1 1 1 156 20.9 6.1 150 20.0 0 0 0
4.462 0x2B main_weld 1 1 1 1 156 20.9 6.1 150 20.0 0 0 0
4.499 0x2B main_weld 1 1 1 1 156 20.9 6.1 150 20.0 0 0 0
4.540 0x2B main_weld 1 1 1 1 156 21.0 6.1 150 20.0 0 0 0
4.580 0x2B main_weld 1 1 1 1 159 21.0 6.1 150 20.0 0 0 0
4.632 0x2B main_weld 1 1 1 1 159 21.0 6.1 150 20.0 0 0 0
4.663 0x2B main_weld 1 1 1 1 150 21.0 6.1 150 20.0 0 0 0
4.703 0x2B main_weld 1 1 1 1 150 21.0 6.1 150 20.0 0 0 0
4.739 0x2B main_weld 1 1 1 1 150 21.0 6.1 150 20.0 0 0 0
4.781 0x2B main_weld 1 1 1 1 150 21.0 6.1 150 20.0 0 0 0
4.818 0x2B main_weld 1 1 1 1 150 20.8 6.1 150 20.0 0 0 0
4.860 0x2B main_weld 1 1 1 1 166 20.8 6.1 150 20.0 0 0 0
4.900 0x2B main_weld 1 1 1 1 166 20.8 6.1 150 20.0 0 0 0
4.945 0x2B main_weld 1 1 1 1 166 20.8 6.1 150 20.0 0 0 0
4.989 0x2B main_weld 1 1 1 1 166 20.8 6.1 150 20.0 0 0 0
5.017 0x2B main_weld 1 1 1 1 157 21.0 6.1 150 20.0 0 0 0
5.060 0x2B main_weld 1 1 1 1 157 21.0 6.1 150 20.0 0 0 0
5.102 0x2B main_weld 1 1 1 1 157 21.0 6.1 150 20.0 0 0 0
5.141 0x2B main_weld 1 1 1 1 158 21.0 6.1 150 20.0 0 0 0
5.192 0x2B main_weld 1 1 1 1 158 20.9 6.1 150 20.0 0 0 0
5.226 0x2B main_weld 1 1 1 1 158 20.9 6.1 150 20.0 0 0 0
5.261 0x2B main_weld 1 1 1 1 158 20.9 6.1 150 20.0 0 0 0
5.311 0x2B main_weld 1 1 1 1 160 20.9 6.1 150 20.0 0 0 0
5.339 0x2B main_weld 1 1 1 1 160 20.9 6.1 150 20.0 0 0 0
5.384 0x2B main_weld 1 1 1 1 160 21.0 6.1 150 20.0 0 0 0
5.423 0x2B main_weld 1 1 1 1 160 21.0 6.1 150 20.0 0 0 0
5.461 0x2B main_weld 1 1 1 1 160 21.0 6.1 150 20.0 0 0 0
5.499 0x2B main_weld 1 1 1 1 160 21.0 6.1 150 20.0 0 0 0
5.541 0x2B main_weld 1 1 1 1 160 21.0 6.1 150 20.0 0 0 0
5.582 0x2B main_weld 1 1 1 1 160 21.0 6.1 150 20.0 0 0 0
5.619 0x2B main_weld 1 1 1 1 160 21.2 6.1 150 20.0 0 0 0
5.662 0x2B main_weld 1 1 1 1 157 21.2 6.1 150 20.0 0 0 0
5.698 0x2B main_weld 1 1 1 1 157 21.2 6.1 150 20.0 0 0 0
5.739 0x2B main_weld 1 1 1 1 157 21.2 6.1 150 20.0 0 0 0
5.786 0x2B main_weld 1 1 1 1 157 21.2 6.1 150 20.0 0 0 0
5.820 0x2B main_weld 1 1 1 1 157 20.8 6.1 150 20.0 0 0 0
5.859 0x2B main_weld 1 1 1 1 154 20.8 6.1 150 20.0 0 0 0
5.903 0x2B main_weld 1 1 1 1 154 20.8 6.1 150 20.0 0 0 0
5.943 0x2B main_weld 1 1 1 1 154 20.8 6.1 150 20.0 0 0 0
5.983 0x2B main_weld 1 1 1 1 154 21.1 6.1 150 20.0 0 0 0
6.019 0x2B main_weld 1 1 1 1 158 21.1 6.1 150 20.0 0 0 0
6.060 0x2B main_weld 1 1 1 1 158 21.1 6.1 150 20.0 0 0 0
6.100 0x2B main_weld 1 1 1 1 154 21.1 6.1 150 20.0 0 0 0
6.146 0x2B main_weld 1 1 1 1 154 21.1 6.1 150 20.0 0 0 0
6.182 0x2B main_weld 1 1 1 1 154 21.1 6.1 150 20.0 0 0 0
6.223 0x2B main_weld 1 1 1 1 154 21.1 6.1 150 20.0 0 0 0
6.259 0x2B main_weld 1 1 1 1 154 20.8 6.1 150 20.0 0 0 0
6.302 0x2B main_weld 1 1 1 1 154 20.8 6.1 150 20.0 0 0 0
6.342 0x2B main_weld 1 1 1 1 154 20.8 6.1 150 20.0 0 0 0
6.384 0x2B main_weld 1 1 1 1 154 20.8 6.1 150 20.0 0 0 0
6.420 0x2B main_weld 1 1 1 1 154 20.8 6.1 150 20.0 0 0 0
6.465 0x2B main_weld 1 1 1 1 156 21.0 6.1 150 20.0 0 0 0
6.504 0x2B main_weld 1 1 1 1 156 21.0 6.1 150 20.0 0 0 0
6.539 0x2B main_weld 1 1 1 1 156 21.0 6.1 150 20.0 0 0 0
6.585 0x2B main_weld 1 1 1 1 156 21.0 6.1 150 20.0 0 0 0
6.618 0x2B main_weld 1 1 1 1 156 21.0 6.1 150 20.0 0 0 0
6.662 0x2B main_weld 1 1 1 1 154 21.0 6.1 150 20.0 0 0 0
6.702 0x2B main_weld 1 1 1 1 154 21.0 6.1 150 20.0 0 0 0
6.737 0x2B main_weld 1 1 1 1 154 21.0 6.1 150 20.0 0 0 0
6.778 0x2B main_weld 1 1 1 1 154 21.0 6.1 150 20.0 0 0 0
6.818 0x2B main_weld 1 1 1 1 154 20.9 6.1 150 20.0 0 0 0
6.857 0x2B main_weld 1 1 1 1 154 20.9 6.1 150 20.0 0 0 0
6.906 0x2B main_weld 1 1 1 1 154 21.0 6.1 150 20.0 0 0 0
6.942 0x2B main_weld 1 1 1 1 157 21.0 6.1 150 20.0 0 0 0
6.989 0x2B main_weld 1 1 1 1 157 21.0 6.1 150 20.0 0 0 0
7.021 0x2B main_weld 1 1 1 1 157 21.0 6.1 150 20.0 0 0 0
7.060 0x2B main_weld 1 1 1 1 157 21.1 6.1 150 20.0 0 0 0
7.102 0x2B main_weld 1 1 1 1 152 21.1 6.1 150 20.0 0 0 0
7.141 0x2B main_weld 1 1 1 1 152 21.1 6.1 150 20.0 0 0 0
7.185 0x2B main_weld 1 1 1 1 152 21.1 6.1 150 20.0 0 0 0
7.221 0x2B main_weld 1 1 1 1 152 21.1 6.1 150 20.0 0 0 0
7.260 0x2B main_weld 1 1 1 1 152 21.1 6.1 150 20.0 0 0 0
7.297 0x2B main_weld 1 1 1 1 158 21.1 6.1 150 20.0 0 0 0
7.346 0x2B main_weld 1 1 1 1 158 21.1 6.1 150 20.0 0 0 0
7.381 0x2B main_weld 1 1 1 1 158 21.1 6.1 150 20.0 0 0 0
7.420 0x2B main_weld 1 1 1 1 158 21.2 6.1 150 20.0 0 0 0
7.472 0x2B main_weld 1 1 1 1 158 21.2 6.1 150 20.0 0 0 0
7.500 0x2B main_weld 1 1 1 1 158 21.2 6.1 150 20.0 0 0 0
7.538 0x2B main_weld 1 1 1 1 157 21.2 6.1 150 20.0 0 0 0
7.581 0x2B main_weld 1 1 1 1 157 21.2 6.1 150 20.0 0 0 0
7.619 0x2B main_weld 1 1 1 1 157 21.1 6.1 150 20.0 0 0 0
7.660 0x2B main_weld 1 1 1 1 157 21.1 6.1 150 20.0 0 0 0
7.701 0x2B main_weld 1 1 1 1 157 21.1 6.1 150 20.0 0 0 0
7.739 0x2B main_weld 1 1 1 1 152 21.1 6.1 150 20.0 0 0 0
7.778 0x2B main_weld 1 1 1 1 152 21.1 6.1 150 20.0 0 0 0
7.821 0x2B main_weld 1 1 1 1 152 21.1 6.1 150 20.0 0 0 0
7.855 0x2B main_weld 1 1 1 1 152 21.1 6.1 150 20.0 0 0 0
7.900 0x2B main_weld 1 1 1 1 165 21.0 6.1 150 20.0 0 0 0
7.938 0x2B main_weld 1 1 1 1 165 21.0 6.1 150 20.0 0 0 0
7.979 0x2B main_weld 1 1 1 1 165 21.0 6.1 150 20.0 0 0 0
8.017 0x2B main_weld 1 1 1 1 165 21.0 6.1 150 20.0 0 0 0
8.061 0x2B main_weld 1 1 1 1 165 21.0 6.1 150 20.0 0 0 0
8.101 0x2B main_weld 1 1 1 1 150 21.0 6.1 150 20.0 0 0 0
8.138 0x2B main_weld 1 1 1 1 150 21.0 6.1 150 20.0 0 0 0
8.181 0x2B main_weld 1 1 1 1 157 21.0 6.1 150 20.0 0 0 0
8.221 0x2B main_weld 1 1 1 1 157 21.0 6.1 150 20.0 0 0 0
8.260 0x2B main_weld 1 1 1 1 157 21.2 6.1 150 20.0 0 0 0
8.301 0x2B main_weld 1 1 1 1 157 21.2 6.1 150 20.0 0 0 0
8.349 0x2B main_weld 1 1 1 1 151 21.0 6.1 150 20.0 0 0 0
8.379 0x2B main_weld 1 1 1 1 151 21.0 6.1 150 20.0 0 0 0
8.420 0x2B main_weld 1 1 1 1 151 21.0 6.1 150 20.0 0 0 0
8.458 0x2B main_weld 1 1 1 1 151 21.0 6.1 150 20.0 0 0 0
8.499 0x2B main_weld 1 1 1 1 151 21.0 6.1 150 20.0 0 0 0
8.540 0x2B main_weld 1 1 1 1 160 21.0 6.1 150 20.0 0 0 0
8.584 0x2B main_weld 1 1 1 1 160 21.0 6.1 150 20.0 0 0 0
8.620 0x2B main_weld 1 1 1 1 160 21.0 6.1 150 20.0 0 0 0
8.659 0x2B main_weld 1 1 1 1 160 21.0 6.1 150 20.0 0 0 0
8.697 0x2B main_weld 1 1 1 1 160 20.9 6.1 150 20.0 0 0 0
8.739 0x2B main_weld 1 1 1 1 153 20.9 6.1 150 20.0 0 0 0
8.782 0x2B main_weld 1 1 1 1 153 20.9 6.1 150 20.0 0 0 0
8.818 0x2B main_weld 1 1 1 1 153 20.9 6.1 150 20.0 0 0 0
8.865 0x2B main_weld 1 1 1 1 153 21.2 6.1 150 20.0 0 0 0
8.899 0x2B main_weld 1 1 1 1 153 21.2 6.1 150 20.0 0 0 0
8.942 0x2B main_weld 1 1 1 1 153 21.2 6.1 150 20.0 0 0 0
8.984 0x2B main_weld 1 1 1 1 160 21.0 6.1 150 20.0 0 0 0
9.017 0x2B main_weld 1 1 1 1 160 21.0 6.1 150 20.0 0 0 0
9.057 0x2B main_weld 1 1 1 1 160 21.0 6.1 150 20.0 0 0 0
9.115 0x2B main_weld 1 1 1 1 160 21.0 6.1 150 20.0 0 0 0
9.145 0x2B main_weld 1 1 1 1 160 20.9 6.1 150 20.0 0 0 0
9.175 0x2B main_weld 1 1 1 1 148 20.9 6.1 150 20.0 0 0 0
9.219 0x2B main_weld 1 1 1 1 148 20.9 6.1 150 20.0 0 0 0
9.257 0x2B main_weld 1 1 1 1 148 20.9 6.1 150 20.0 0 0 0
9.299 0x2B main_weld 1 1 1 1 148 20.9 6.1 150 20.0 0 0 0
9.338 0x2B main_weld 1 1 1 1 154 20.9 6.1 150 20.0 0 0 0
9.385 0x2B main_weld 1 1 1 1 154 20.9 6.1 150 20.0 0 0 0
9.424 0x2B main_weld 1 1 1 1 154 20.9 6.1 150 20.0 0 0 0
9.462 0x2B main_weld 1 1 1 1 154 20.9 6.1 150 20.0 0 0 0
9.502 0x2B main_weld 1 1 1 1 154 21.0 6.1 150 20.0 0 0 0
9.542 0x2B main_weld 1 1 1 1 154 21.0 6.1 150 20.0 0 0 0
9.578 0x2B main_weld 1 1 1 1 154 21.0 6.1 150 20.0 0 0 0
9.620 0x2B main_weld 1 1 1 1 156 21.0 6.1 150 20.0 0 0 0
9.662 0x2B main_weld 1 1 1 1 156 21.0 6.1 150 20.0 0 0 0
9.701 0x2B main_weld 1 1 1 1 156 21.1 6.1 150 20.0 0 0 0
9.739 0x2B main_weld 1 1 1 1 156 21.1 6.1 150 20.0 0 0 0
9.780 0x2B main_weld 1 1 1 1 156 21.0 6.1 150 20.0 0 0 0
9.818 0x2B main_weld 1 1 1 1 148 21.0 6.1 150 20.0 0 0 0
9.857 0x2B main_weld 1 1 1 1 148 21.0 6.1 150 20.0 0 0 0
9.909 0x2B main_weld 1 1 1 1 148 21.0 6.1 150 20.0 0 0 0
9.944 0x2B main_weld 1 1 1 1 148 20.8 6.1 150 20.0 0 0 0
9.979 0x2B main_weld 1 1 1 1 160 20.8 6.1 150 20.0 0 0 0
10.021 0x2B main_weld 1 1 1 1 160 20.8 6.1 150 20.0 0 0 0
10.061 0x2B main_weld 1 1 1 1 160 20.8 6.1 150 20.0 0 0 0
10.100 0x2B main_weld 1 1 1 1 160 20.8 6.1 150 20.0 0 0 0
10.141 0x2B main_weld 1 1 1 1 156 21.0 6.1 150 20.0 0 0 0
10.178 0x2B main_weld 1 1 1 1 156 21.0 6.1 150 20.0 0 0 0
10.219 0x2B main_weld 1 1 1 1 156 21.0 6.1 150 20.0 0 0 0
10.266 0x2B main_weld 1 1 1 1 151 21.0 6.1 150 20.0 0 0 0
10.302 0x2B main_weld 1 1 1 1 151 21.0 6.1 150 20.0 0 0 0
10.346 0x2B main_weld 1 1 1 1 151 21.0 6.1 150 20.0 0 0 0
10.380 0x2B main_weld 1 1 1 1 151 21.0 6.1 150 20.0 0 0 0
10.422 0x2B main_weld 1 1 1 1 154 21.0 6.1 150 20.0 0 0 0
10.463 0x2B main_weld 1 1 1 1 154 21.0 6.1 150 20.0 0 0 0
10.504 0x2B main_weld 1 1 1 1 154 21.0 6.1 150 20.0 0 0 0
10.541 0x2B main_weld 1 1 1 1 154 21.0 6.1 150 20.0 0 0 0
10.588 0x2B main_weld 1 1 1 1 154 21.1 6.1 150 20.0 0 0 0
10.624 0x2B main_weld 1 1 1 1 150 21.1 6.1 150 20.0 0 0 0
10.668 0x2B main_weld 1 1 1 1 150 21.1 6.1 150 20.0 0 0 0
10.702 0x2B main_weld 1 1 1 1 150 21.1 6.1 150 20.0 0 0 0
10.740 0x2B main_weld 1 1 1 1 150 21.1 6.1 150 20.0 0 0 0
10.781 0x2B main_weld 1 1 1 1 154 21.0 6.1 150 20.0 0 0 0
10.829 0x2B main_weld 1 1 1 1 154 21.0 6.1 150 20.0 0 0 0
10.861 0x2B main_weld 1 1 1 1 156 21.0 6.1 150 20.0 0 0 0
10.907 0x2B main_weld 1 1 1 1 156 21.0 6.1 150 20.0 0 0 0
10.946 0x2B main_weld 1 1 1 1 156 21.0 6.1 150 20.0 0 0 0
10.983 0x2B main_weld 1 1 1 1 156 21.0 6.1 150 20.0 0 0 0
11.022 0x2B main_weld 1 1 1 1 156 21.0 6.1 150 20.0 0 0 0
11.059 0x2B main_weld 1 1 1 1 156 21.0 6.1 150 20.0 0 0 0
11.097 0x2B main_weld 1 1 1 1 156 21.0 6.1 150 20.0 0 0 0
11.141 0x2B main_weld 1 1 1 1 147 21.0 6.1 150 20.0 0 0 0
11.181 0x2B main_weld 1 1 1 1 147 21.0 6.1 150 20.0 0 0 0
11.218 0x2B main_weld 1 1 1 1 147 20.8 6.1 150 20.0 0 0 0
11.259 0x2B main_weld 1 1 1 1 159 20.8 6.1 150 20.0 0 0 0
11.305 0x2B main_weld 1 1 1 1 159 20.8 6.1 150 20.0 0 0 0
11.346 0x2B main_weld 1 1 1 1 159 20.8 6.1 150 20.0 0 0 0
11.378 0x2B main_weld 1 1 1 1 159 20.7 6.1 150 20.0 0 0 0
11.422 0x2B main_weld 1 1 1 1 146 20.7 6.1 150 20.0 0 0 0
11.461 0x2B main_weld 1 1 1 1 146 20.7 6.1 150 20.0 0 0 0
11.503 0x2B main_weld 1 1 1 1 146 20.7 6.1 150 20.0 0 0 0
11.538 0x2B main_weld 1 1 1 1 146 20.7 6.1 150 20.0 0 0 0
11.591 0x2B main_weld 1 1 1 1 146 20.9 6.1 150 20.0 0 0 0
11.626 0x2B main_weld 1 1 1 1 163 20.9 6.1 150 20.0 0 0 0
11.668 0x2B main_weld 1 1 1 1 163 20.9 6.1 150 20.0 0 0 0
11.701 0x2B main_weld 1 1 1 1 151 20.9 6.1 150 20.0 0 0 0
11.740 0x2B main_weld 1 1 1 1 151 21.1 6.1 150 20.0 0 0 0
11.787 0x2B main_weld 1 1 1 1 151 21.1 6.1 150 20.0 0 0 0
11.820 0x2B main_weld 1 1 1 1 151 21.1 6.1 150 20.0 0 0 0
11.858 0x2B main_weld 1 1 1 1 158 20.9 6.1 150 20.0 0 0 0
11.901 0x2B main_weld 1 1 1 1 158 20.9 6.1 150 20.0 0 0 0
11.939 0x2B main_weld 1 1 1 1 158 20.9 6.1 150 20.0 0 0 0
11.978 0x2B main_weld 1 1 1 1 158 20.9 6.1 150 20.0 0 0 0
12.018 0x2B main_weld 1 1 1 1 158 20.9 6.1 150 20.0 0 0 0
12.060 0x2B main_weld 1 1 1 1 151 20.9 6.1 150 20.0 0 0 0
12.107 0x2B main_weld 1 1 1 1 151 20.9 6.1 150 20.0 0 0 0
12.144 0x2B main_weld 1 1 1 1 151 20.9 6.1 150 20.0 0 0 0
12.183 0x2B main_weld 1 1 1 1 151 20.8 6.1 150 20.0 0 0 0
12.224 0x2B main_weld 1 1 1 1 159 20.8 6.1 150 20.0 0 0 0
12.264 0x2B main_weld 1 1 1 1 159 20.8 6.1 150 20.0 0 0 0
12.303 0x2B main_weld 1 1 1 1 154 20.8 6.1 150 20.0 0 0 0
12.340 0x2B main_weld 1 1 1 1 154 20.8 6.1 150 20.0 0 0 0
12.379 0x2B main_weld 1 1 1 1 154 21.1 6.1 150 20.0 0 0 0
12.419 0x2B main_weld 1 1 1 1 154 21.1 6.1 150 20.0 0 0 0
12.458 0x2B main_weld 1 1 1 1 154 20.9 6.1 150 20.0 0 0 0
12.508 0x2B main_weld 1 1 1 1 152 20.9 6.1 150 20.0 0 0 0
12.537 0x2B main_weld 1 1 1 1 152 20.9 6.1 150 20.0 0 0 0
12.585 0x2B main_weld 1 1 1 1 152 20.9 6.1 150 20.0 0 0 0
12.620 0x2B main_weld 1 1 1 1 152 20.9 6.1 150 20.0 0 0 0
12.660 0x2B main_weld 1 1 1 1 152 20.8 6.1 150 20.0 0 0 0
12.697 0x2B main_weld 1 1 1 1 159 20.8 6.1 150 20.0 0 0 0
12.743 0x2B main_weld 1 1 1 1 159 20.8 6.1 150 20.0 0 0 0
12.788 0x2B main_weld 1 1 1 1 159 20.8 6.1 150 20.0 0 0 0
12.822 0x2B main_weld 1 1 1 1 159 20.8 6.1 150 20.0 0 0 0
12.861 0x2B main_weld 1 1 1 1 152 20.8 6.1 150 20.0 0 0 0
12.905 0x2B main_weld 1 1 1 1 152 20.8 6.1 150 20.0 0 0 0
12.947 0x2B main_weld 1 1 1 1 154 20.8 6.1 150 20.0 0 0 0
12.983 0x2B main_weld 1 1 1 1 154 20.8 6.1 150 20.0 0 0 0
13.018 0x2B main_weld 1 1 1 1 154 20.9 6.1 150 20.0 0 0 0
13.065 0x2B main_weld 1 1 1 1 154 20.9 6.1 150 20.0 0 0 0
13.097 0x2B main_weld 1 1 1 1 154 21.0 6.1 150 20.0 0 0 0
13.145 0x2B main_weld 1 1 1 1 154 21.0 6.1 150 20.0 0 0 0
13.185 0x2B main_weld 1 1 1 1 154 21.0 6.1 150 20.0 0 0 0
13.224 0x2B main_weld 1 1 1 1 154 21.0 6.1 150 20.0 0 0 0
13.261 0x2B main_weld 1 1 1 1 154 21.0 6.1 150 20.0 0 0 0
13.307 0x2B main_weld 1 1 1 1 152 21.0 6.1 150 20.0 0 0 0
13.339 0x2B main_weld 1 1 1 1 152 21.0 6.1 150 20.0 0 0 0
13.386 0x2B main_weld 1 1 1 1 152 21.0 6.1 150 20.0 0 0 0
13.420 0x2B main_weld 1 1 1 1 152 21.0 6.1 150 20.0 0 0 0
13.464 0x2B main_weld 1 1 1 1 152 21.0 6.1 150 20.0 0 0 0
13.499 0x2B main_weld 1 1 1 1 153 21.0 6.1 150 20.0 0 0 0
13.543 0x2B main_weld 1 1 1 1 153 21.0 6.1 150 20.0 0 0 0
13.578 0x2B main_weld 1 1 1 1 153 21.0 6.1 150 20.0 0 0 0
13.618 0x2B main_weld 1 1 1 1 153 21.0 6.1 150 20.0 0 0 0
13.661 0x2B main_weld 1 1 1 1 159 21.0 6.1 150 20.0 0 0 0
13.701 0x2B main_weld 1 1 1 1 159 21.0 6.1 150 20.0 0 0 0
13.740 0x2B main_weld 1 1 1 1 159 21.0 6.1 150 20.0 0 0 0
13.783 0x2B main_weld 1 1 1 1 150 21.0 6.1 150 20.0 0 0 0
13.820 0x2B main_weld 1 1 1 1 150 21.1 6.1 150 20.0 0 0 0
13.866 0x2B main_weld 1 1 1 1 150 21.1 6.1 150 20.0 0 0 0
13.909 0x2B main_weld 1 1 1 1 150 21.1 6.1 150 20.0 0 0 0
13.938 0x2B main_weld 1 1 1 1 153 21.1 6.1 150 20.0 0 0 0
13.986 0x2B main_weld 1 1 1 1 153 21.1 6.1 150 20.0 0 0 0
14.020 0x2B main_weld 1 1 1 1 153 21.1 6.1 150 20.0 0 0 0
14.062 0x2B main_weld 1 1 1 1 153 21.1 6.1 150 20.0 0 0 0
14.102 0x2B main_weld 1 1 1 1 153 21.1 6.1 150 20.0 0 0 0
14.146 0x2B main_weld 1 1 1 1 154 21.1 6.1 150 20.0 0 0 0
14.178 0x2B main_weld 1 1 1 1 154 21.1 6.1 150 20.0 0 0 0
14.220 0x28 idle 0 1 0 1 154 21.1 6.1 150 20.0 0 0 0
14.261 0x28 idle 0 1 0 1 154 20.7 6.1 150 20.0 0 0 0
14.301 0x28 idle 0 1 0 1 158 20.7 6.1 150 20.0 0 0 0
14.339 0x28 idle 0 1 0 1 158 20.7 6.1 150 20.0 0 0 0
14.381 0x28 idle 0 1 0 1 76 20.7 6.1 150 20.0 0 0 0
14.421 0x28 idle 0 1 0 1 76 20.7 6.1 150 20.0 0 0 0
14.463 0x28 idle 0 1 0 1 76 22.2 6.1 150 20.0 0 0 0
14.500 0x28 idle 0 1 0 1 76 22.2 6.1 150 20.0 0 0 0
14.541 0x28 idle 0 1 0 1 76 25.7 6.1 150 20.0 0 0 0
14.578 0x28 idle 0 1 0 1 12 25.7 6.1 150 20.0 0 0 0
14.619 0x28 idle 0 1 0 1 12 25.7 6.1 150 20.0 0 0 0
14.660 0x28 idle 0 1 0 1 12 25.7 6.1 150 20.0 0 0 0
14.702 0x28 idle 0 1 0 1 12 18.1 6.1 150 20.0 0 0 0
14.740 0x28 idle 0 1 0 1 7 18.1 6.1 150 20.0 0 0 0
14.777 0x28 idle 0 1 0 1 7 18.1 6.1 150 20.0 0 0 0
14.820 0x28 idle 0 1 0 1 7 18.1 6.1 150 20.0 0 0 0
14.860 0x28 idle 0 1 0 1 7 18.1 6.1 150 20.0 0 0 0
14.901 0x28 idle 0 1 0 1 7 3.0 6.1 150 20.0 0 0 0
14.941 0x28 idle 0 1 0 1 0 3.0 6.1 150 20.0 0 0 0
14.981 0x28 idle 0 1 0 1 0 3.0 6.1 150 20.0 0 0 0
15.024 0x28 idle 0 1 0 1 0 3.0 6.1 150 20.0 0 0 0
15.059 0x28 idle 0 1 0 1 0 3.0 6.1 150 20.0 0 0 0
15.100 0x08 idle 0 1 0 0 0 0.0 6.1 150 20.0 0 0 0
15.141 0x08 idle 0 1 0 0 0 0.0 0.0 150 20.0 0 0 0
15.180 0x08 idle 0 1 0 0 0 0.0 0.0 150 20.0 0 0 0
15.223 0x08 idle 0 1 0 0 0 0.0 0.0 150 20.0 0 0 0
15.260 0x08 idle 0 1 0 0 0 0.0 0.0 150 20.0 0 0 0
15.303 0x08 idle 0 1 0 0 0 0.0 0.0 150 20.0 0 0 0
15.344 0x08 idle 0 1 0 0 0 0.0 0.0 150 20.0 0 0 0
15.380 0x08 idle 0 1 0 0 0 0.0 0.0 150 20.0 0 0 0
15.420 0x08 idle 0 1 0 0 0 0.0 0.0 150 20.0 0 0 0
15.470 0x08 idle 0 1 0 0 0 0.0 0.0 150 20.0 0 0 0
15.502 0x08 idle 0 1 0 0 0 0.0 0.0 150 20.0 0 0 0
15.547 0x08 idle 0 1 0 0 0 0.0 0.0 150 20.0 0 0 0
15.588 0x08 idle 0 1 0 0 0 0.0 0.0 150 20.0 0 0 0
15.628 0x08 idle 0 1 0 0 0 0.0 0.0 150 20.0 0 0 0
15.659 0x08 idle 0 1 0 0 0 0.0 0.0 150 20.0 0 0 0
15.707 0x08 idle 0 1 0 0 0 0.0 0.0 150 20.0 0 0 0
15.741 0x08 idle 0 1 0 0 0 0.0 0.0 150 20.0 0 0 0
15.787 0x08 idle 0 1 0 0 0 0.0 0.0 150 20.0 0 0 0
15.817 0x08 idle 0 1 0 0 0 0.0 0.0 150 20.0 0 0 0
15.862 0x08 idle 0 1 0 0 0 0.0 0.0 150 20.0 0 0 0
15.900 0x08 idle 0 1 0 0 0 0.0 0.0 150 20.0 0 0 0
15.941 0x08 idle 0 1 0 0 0 0.0 0.0 150 20.0 0 0 0
15.980 0x08 idle 0 1 0 0 0 0.0 0.0 150 20.0 0 0 0
16.017 0x08 idle 0 1 0 0 0 0.0 0.0 150 20.0 0 0 0
16.062 0x08 idle 0 1 0 0 0 0.0 0.0 150 20.0 0 0 0
16.100 0x08 idle 0 1 0 0 0 0.0 0.0 150 20.0 0 0 0
16.139 0x08 idle 0 1 0 0 0 0.0 0.0 150 20.0 0 0 0
16.179 0x08 idle 0 1 0 0 0 0.0 0.0 150 20.0 0 0 0
16.219 0x08 idle 0 1 0 0 0 0.0 0.0 150 20.0 0 0 0
16.264 0x08 idle 0 1 0 0 0 0.0 0.0 150 20.0 0 0 0
16.300 0x08 idle 0 1 0 0 0 0.0 0.0 150 20.0 0 0 0
16.344 0x08 idle 0 1 0 0 0 0.0 0.0 150 20.0 0 0 0
16.386 0x08 idle 0 1 0 0 0 0.0 0.0 150 20.0 0 0 0
16.427 0x08 idle 0 1 0 0 0 0.0 0.0 150 20.0 0 0 0
16.458 0x08 idle 0 1 0 0 0 0.0 0.0 150 20.0 0 0 0
16.500 0x08 idle 0 1 0 0 0 0.0 0.0 150 20.0 0 0 0
16.541 0x08 idle 0 1 0 0 0 0.0 0.0 150 20.0 0 0 0
16.582 0x08 idle 0 1 0 0 0 0.0 0.0 150 20.0 0 0 0
16.619 0x08 idle 0 1 0 0 0 0.0 0.0 150 20.0 0 0 0
16.662 0x08 idle 0 1 0 0 0 0.0 0.0 150 20.0 0 0 0
16.698 0x08 idle 0 1 0 0 0 0.0 0.0 150 20.0 0 0 0
16.738 0x08 idle 0 1 0 0 0 0.0 0.0 150 20.0 0 0 0
16.782 0x08 idle 0 1 0 0 0 0.0 0.0 150 20.0 0 0 0
16.817 0x08 idle 0 1 0 0 0 0.0 0.0 150 20.0 0 0 0
16.858 0x08 idle 0 1 0 0 0 0.0 0.0 150 20.0 0 0 0
16.900 0x08 idle 0 1 0 0 0 0.0 0.0 150 20.0 0 0 0
16.947 0x08 idle 0 1 0 0 0 0.0 0.0 150 20.0 0 0 0
16.986 0x08 idle 0 1 0 0 0 0.0 0.0 150 20.0 0 0 0
17.019 0x08 idle 0 1 0 0 0 0.0 0.0 150 20.0 0 0 0
17.060 0x08 idle 0 1 0 0 0 0.0 0.0 150 20.0 0 0 0
17.100 0x08 idle 0 1 0 0 0 0.0 0.0 150 20.0 0 0 0
17.140 0x08 idle 0 1 0 0 0 0.0 0.0 150 20.0 0 0 0
17.179 0x08 idle 0 1 0 0 0 0.0 0.0 150 20.0 0 0 0
17.224 0x08 idle 0 1 0 0 0 0.0 0.0 150 20.0 0 0 0
17.265 0x08 idle 0 1 0 0 0 0.0 0.0 150 20.0 0 0 0
17.299 0x08 idle 0 1 0 0 0 0.0 0.0 150 20.0 0 0 0
17.341 0x08 idle 0 1 0 0 0 0.0 0.0 150 20.0 0 0 0
17.384 0x08 idle 0 1 0 0 0 0.0 0.0 150 20.0 0 0 0
17.419 0x08 idle 0 1 0 0 0 0.0 0.0 150 20.0 0 0 0
17.462 0x00 idle 0 0 0 0 0 0.0 0.0 150 20.0 0 0 0

[tcp_trajectory]
elapsed_s x_m y_m z_m qx qy qz qw speed_m_s tf_stamp_s along_mm remaining_mm cross_track_mm progress waypoint phase
0.0031 -0.0855009 -1.6646445 0.6750285 -0.43597571 0.63397444 -0.52779434 -0.35977037 0.000000 1789452928.117155790 0.921 44.659 0.335 0.00000 -1 ACTUAL_TF
0.0175 -0.0858082 -1.6647725 0.6749804 -0.43598220 0.63397624 -0.52779825 -0.35975360 0.005995 1789452928.173262596 0.611 44.969 0.236 0.00000 -1 ACTUAL_TF
0.0884 -0.0859973 -1.6648319 0.6749505 -0.43597612 0.63398535 -0.52779057 -0.35975619 0.005272 1789452928.229169130 0.420 45.160 0.195 0.00000 -1 ACTUAL_TF
0.1257 -0.0861205 -1.6648760 0.6749292 -0.43600603 0.63396901 -0.52777623 -0.35976978 0.004402 1789452928.285035372 0.296 45.284 0.173 0.00000 -1 ACTUAL_TF
0.1821 -0.0861750 -1.6648982 0.6749175 -0.43602012 0.63396074 -0.52777218 -0.35977322 0.003403 1789452928.341079235 0.241 45.339 0.165 0.00000 -1 ACTUAL_TF
0.2372 -0.0862333 -1.6649109 0.6749036 -0.43601514 0.63396790 -0.52776755 -0.35977342 0.002711 1789452928.396982193 0.182 45.398 0.155 0.00000 -1 ACTUAL_TF
0.2960 -0.0862536 -1.6649199 0.6748992 -0.43601412 0.63396915 -0.52776801 -0.35977179 0.002019 1789452928.453052282 0.162 45.419 0.154 0.00000 -1 ACTUAL_TF
0.3580 -0.0862798 -1.6649208 0.6748880 -0.43601337 0.63397429 -0.52776302 -0.35977096 0.001566 1789452928.509047985 0.135 45.445 0.144 0.00000 -1 ACTUAL_TF
0.4117 -0.0862946 -1.6649280 0.6748889 -0.43601201 0.63397406 -0.52776315 -0.35977281 0.001184 1789452928.565078735 0.120 45.460 0.148 0.00000 -1 ACTUAL_TF
0.4703 -0.0863040 -1.6649299 0.6748840 -0.43601133 0.63397603 -0.52776145 -0.35977265 0.000886 1789452928.621050119 0.111 45.469 0.144 0.00000 -1 ACTUAL_TF
0.5186 -0.0863165 -1.6649276 0.6748778 -0.43601052 0.63397956 -0.52775746 -0.35977327 0.000696 1789452928.677191257 0.098 45.482 0.138 0.00000 -1 ACTUAL_TF
0.5744 -0.0863252 -1.6649257 0.6748734 -0.43601003 0.63398132 -0.52775536 -0.35977385 0.000540 1789452928.733169079 0.090 45.491 0.133 0.00000 -1 ACTUAL_TF
0.6352 -0.0863333 -1.6649229 0.6748673 -0.43601045 0.63398395 -0.52775214 -0.35977342 0.000435 1789452928.789251566 0.081 45.499 0.126 0.00000 -1 ACTUAL_TF
0.6960 -0.0863376 -1.6649235 0.6748673 -0.43600927 0.63398476 -0.52775147 -0.35977441 0.000328 1789452928.845108032 0.077 45.503 0.127 0.00000 -1 ACTUAL_TF
0.7419 -0.0863424 -1.6649238 0.6748624 -0.43601001 0.63398580 -0.52774880 -0.35977560 0.000266 1789452928.901114464 0.072 45.508 0.123 0.00000 -1 ACTUAL_TF
0.8011 -0.0863478 -1.6649213 0.6748581 -0.43600978 0.63398733 -0.52774675 -0.35977619 0.000226 1789452928.957105398 0.067 45.513 0.118 0.00000 -1 ACTUAL_TF
0.8611 -0.0863516 -1.6649178 0.6748520 -0.43601131 0.63398920 -0.52774415 -0.35977487 0.000201 1789452929.013155222 0.063 45.517 0.111 0.00000 -1 ACTUAL_TF
0.9276 -0.0863640 -1.6648945 0.6748452 -0.43601592 0.63399441 -0.52773505 -0.35977343 0.000286 1789452929.069108963 0.051 45.529 0.096 0.00000 -1 ACTUAL_TF
0.9737 -0.0863389 -1.6649394 0.6748276 -0.43601812 0.63400305 -0.52773252 -0.35975925 0.000491 1789452929.125208378 0.075 45.505 0.103 0.00000 -1 ACTUAL_TF
1.0256 -0.0863695 -1.6648703 0.6747937 -0.43603633 0.63402452 -0.52769727 -0.35975104 0.000788 1789452929.181102991 0.045 45.535 0.041 0.00000 -1 ACTUAL_TF
1.0781 -0.0863528 -1.6649300 0.6748107 -0.43601966 0.63401491 -0.52771693 -0.35975936 0.000896 1789452929.237099171 0.061 45.519 0.085 0.00000 -1 ACTUAL_TF
1.1445 -0.0863686 -1.6648979 0.6748019 -0.43602406 0.63402294 -0.52770347 -0.35975961 0.000825 1789452929.293109179 0.046 45.534 0.057 0.00000 -1 ACTUAL_TF
1.1933 -0.0863784 -1.6648939 0.6748011 -0.43601947 0.63402721 -0.52769848 -0.35976498 0.000634 1789452929.349275827 0.036 45.544 0.054 0.00000 -1 ACTUAL_TF
1.2523 -0.0863870 -1.6649137 0.6748073 -0.43600457 0.63402997 -0.52769896 -0.35977746 0.000564 1789452929.405018568 0.027 45.553 0.071 0.00000 -1 ACTUAL_TF
1.3054 -0.0863720 -1.6649085 0.6748081 -0.43600086 0.63403188 -0.52769573 -0.35978332 0.000480 1789452929.461065292 0.042 45.538 0.068 0.00000 -1 ACTUAL_TF
1.3740 -0.0863285 -1.6648974 0.6748093 -0.43600034 0.63403124 -0.52769364 -0.35978815 0.000577 1789452929.517081499 0.086 45.494 0.063 0.00000 -1 ACTUAL_TF
1.4183 -0.0862655 -1.6648985 0.6748155 -0.43599532 0.63402773 -0.52769616 -0.35979673 0.000744 1789452929.573021889 0.149 45.431 0.069 0.00000 -1 ACTUAL_TF
1.4722 -0.0861898 -1.6649016 0.6748228 -0.43599173 0.63402181 -0.52770131 -0.35980396 0.000927 1789452929.629163504 0.225 45.355 0.077 0.00000 -1 ACTUAL_TF
1.5267 -0.0860966 -1.6649002 0.6748308 -0.43598766 0.63401574 -0.52770551 -0.35981342 0.001151 1789452929.685086489 0.318 45.262 0.083 0.00000 -1 ACTUAL_TF
1.5890 -0.0859925 -1.6648987 0.6748331 -0.43598986 0.63401003 -0.52770904 -0.35981563 0.001364 1789452929.741052628 0.422 45.158 0.084 0.00000 -1 ACTUAL_TF
1.6473 -0.0858584 -1.6648948 0.6748339 -0.43598984 0.63400670 -0.52770898 -0.35982163 0.001672 1789452929.797144651 0.556 45.024 0.083 0.00000 -1 ACTUAL_TF
1.6988 -0.0857523 -1.6648871 0.6748286 -0.43599203 0.63400800 -0.52770396 -0.35982404 0.001741 1789452929.853214979 0.663 44.918 0.075 0.00000 -1 ACTUAL_TF
1.7548 -0.0855867 -1.6648787 0.6748243 -0.43599996 0.63400350 -0.52770371 -0.35982272 0.002108 1789452929.909114838 0.828 44.752 0.067 0.00000 -1 ACTUAL_TF
1.8099 -0.0854255 -1.6648689 0.6748116 -0.43600742 0.63400661 -0.52769520 -0.35982068 0.002343 1789452929.965127945 0.989 44.591 0.050 0.00000 -1 ACTUAL_TF
1.8757 -0.0852989 -1.6648610 0.6748027 -0.43600998 0.63401031 -0.52768715 -0.35982285 0.002322 1789452930.021158218 1.116 44.464 0.039 0.00000 -1 ACTUAL_TF
1.9231 -0.0851188 -1.6648450 0.6747905 -0.43602256 0.63400978 -0.52768112 -0.35981740 0.002596 1789452930.077152491 1.296 44.284 0.022 0.00000 -1 ACTUAL_TF
1.9772 -0.0849596 -1.6648392 0.6747875 -0.43603067 0.63400392 -0.52768293 -0.35981525 0.002670 1789452930.133204222 1.455 44.125 0.017 0.00000 -1 ACTUAL_TF
2.0313 -0.0847945 -1.6648306 0.6747798 -0.43603524 0.63400442 -0.52767736 -0.35981699 0.002758 1789452930.189032793 1.621 43.960 0.009 0.00000 -1 ACTUAL_TF
2.0901 -0.0846438 -1.6648194 0.6747708 -0.43604498 0.63400330 -0.52767344 -0.35981292 0.002740 1789452930.245171070 1.771 43.809 0.015 0.00000 -1 ACTUAL_TF
2.1419 -0.0844570 -1.6648060 0.6747599 -0.43605671 0.63400177 -0.52766881 -0.35980819 0.002927 1789452930.300948143 1.958 43.622 0.030 0.00000 -1 ACTUAL_TF
2.2005 -0.0843227 -1.6648007 0.6747540 -0.43605677 0.63400417 -0.52766248 -0.35981316 0.002766 1789452930.357251644 2.092 43.488 0.037 0.00000 -1 ACTUAL_TF
2.2630 -0.0841370 -1.6647879 0.6747448 -0.43606688 0.63400230 -0.52765836 -0.35981024 0.002939 1789452930.412964582 2.278 43.302 0.051 0.00000 -1 ACTUAL_TF
2.3115 -0.0839143 -1.6647736 0.6747386 -0.43608180 0.63399395 -0.52766012 -0.35980430 0.003248 1789452930.469227076 2.501 43.079 0.064 0.00000 -1 ACTUAL_TF
2.3746 -0.0837647 -1.6647638 0.6747278 -0.43608865 0.63399612 -0.52765300 -0.35980262 0.003082 1789452930.525029898 2.651 42.929 0.078 0.00000 -1 ACTUAL_TF
2.4236 -0.0835807 -1.6647512 0.6747189 -0.43608982 0.63399984 -0.52764305 -0.35980924 0.003147 1789452930.581003189 2.835 42.745 0.093 0.00000 -1 ACTUAL_TF
2.4801 -0.0834052 -1.6647451 0.6747157 -0.43609901 0.63399305 -0.52764556 -0.35980638 0.003141 1789452930.637192249 3.010 42.570 0.099 0.00000 -1 ACTUAL_TF
2.5414 -0.0832138 -1.6647324 0.6747065 -0.43610478 0.63399381 -0.52763861 -0.35980822 0.003230 1789452930.693073273 3.202 42.378 0.113 0.00000 -1 ACTUAL_TF
2.5962 -0.0830597 -1.6647239 0.6746991 -0.43610367 0.63399801 -0.52762952 -0.35981551 0.003088 1789452930.749096155 3.356 42.224 0.124 0.00000 -1 ACTUAL_TF
2.6496 -0.0828208 -1.6647097 0.6746893 -0.43611639 0.63399383 -0.52762818 -0.35980943 0.003444 1789452930.805116892 3.595 41.985 0.140 0.00000 -1 ACTUAL_TF
2.7037 -0.0826553 -1.6646978 0.6746838 -0.43611824 0.63399453 -0.52762364 -0.35981261 0.003300 1789452930.861111403 3.761 41.820 0.151 0.00000 -1 ACTUAL_TF
2.7628 -0.0824458 -1.6646857 0.6746759 -0.43612566 0.63399264 -0.52761931 -0.35981330 0.003438 1789452930.917005062 3.970 41.610 0.164 0.00000 -1 ACTUAL_TF
2.8225 -0.0822366 -1.6646720 0.6746666 -0.43613021 0.63399394 -0.52761296 -0.35981480 0.003524 1789452930.973340750 4.179 41.401 0.179 0.00000 -1 ACTUAL_TF
2.8757 -0.0820549 -1.6646641 0.6746602 -0.43613518 0.63399269 -0.52761081 -0.35981412 0.003445 1789452931.029114962 4.361 41.219 0.189 0.00000 -1 ACTUAL_TF
2.9263 -0.0818604 -1.6646513 0.6746493 -0.43613582 0.63399814 -0.52760053 -0.35981882 0.003457 1789452931.085170031 4.556 41.024 0.205 0.00000 -1 ACTUAL_TF
2.9904 -0.0816807 -1.6646395 0.6746435 -0.43613893 0.63399793 -0.52759671 -0.35982103 0.003377 1789452931.141611814 4.736 40.845 0.216 0.00000 -1 ACTUAL_TF
3.0448 -0.0814582 -1.6646262 0.6746391 -0.43614514 0.63399372 -0.52759612 -0.35982179 0.003569 1789452931.197114468 4.958 40.622 0.228 0.00000 -1 ACTUAL_TF
3.0972 -0.0812933 -1.6646135 0.6746267 -0.43614820 0.63399953 -0.52758605 -0.35982259 0.003386 1789452931.253149748 5.123 40.457 0.245 0.00000 -1 ACTUAL_TF
3.1664 -0.0810593 -1.6645994 0.6746182 -0.43615095 0.63400341 -0.52758132 -0.35981937 0.003628 1789452931.309132814 5.357 40.223 0.259 0.00000 -1 ACTUAL_TF
3.2068 -0.0807930 -1.6645871 0.6746098 -0.43609534 0.63404470 -0.52761688 -0.35976186 0.003968 1789452931.365142345 5.624 39.957 0.273 0.00000 -1 ACTUAL_TF
3.2662 -0.0805896 -1.6645757 0.6746082 -0.43610690 0.63403748 -0.52761875 -0.35975784 0.003870 1789452931.421089888 5.827 39.753 0.281 0.00000 -1 ACTUAL_TF
3.3208 -0.0803768 -1.6645705 0.6746044 -0.43610724 0.63403871 -0.52761252 -0.35976439 0.003847 1789452931.477210522 6.040 39.540 0.287 0.00000 -1 ACTUAL_TF
3.3883 -0.0801792 -1.6645621 0.6746060 -0.43611711 0.63402976 -0.52761690 -0.35976177 0.003754 1789452931.533135414 6.238 39.342 0.290 0.00000 -1 ACTUAL_TF
3.4429 -0.0799630 -1.6645525 0.6745990 -0.43612362 0.63402994 -0.52761102 -0.35976220 0.003787 1789452931.589164972 6.454 39.126 0.301 0.00000 -1 ACTUAL_TF
3.4968 -0.0797897 -1.6645496 0.6745984 -0.43612433 0.63403156 -0.52760569 -0.35976630 0.003582 1789452931.644977570 6.627 38.953 0.303 0.00000 -1 ACTUAL_TF
3.5479 -0.0795802 -1.6645424 0.6745996 -0.43612641 0.63403029 -0.52760207 -0.35977132 0.003628 1789452931.701131105 6.837 38.743 0.306 0.00000 -1 ACTUAL_TF
3.5976 -0.0793937 -1.6645397 0.6746023 -0.43613054 0.63402393 -0.52760653 -0.35977099 0.003540 1789452931.757033110 7.023 38.557 0.305 0.00000 -1 ACTUAL_TF
3.6571 -0.0791821 -1.6645425 0.6746068 -0.43612848 0.63402430 -0.52760610 -0.35977346 0.003610 1789452931.813139677 7.235 38.345 0.299 0.00000 -1 ACTUAL_TF
3.7203 -0.0789903 -1.6645327 0.6746033 -0.43612762 0.63402956 -0.52759864 -0.35977616 0.003553 1789452931.869304895 7.427 38.153 0.307 0.00000 -1 ACTUAL_TF
3.7686 -0.0788090 -1.6645408 0.6746191 -0.43612651 0.63402261 -0.52760607 -0.35977886 0.003467 1789452931.925104380 7.608 37.972 0.290 0.00000 -1 ACTUAL_TF
3.8252 -0.0785834 -1.6645440 0.6746267 -0.43612877 0.63401723 -0.52761160 -0.35977750 0.003635 1789452931.981131315 7.834 37.747 0.281 0.00000 -1 ACTUAL_TF
3.8868 -0.0784200 -1.6645396 0.6746311 -0.43612543 0.63402023 -0.52760816 -0.35978130 0.003417 1789452932.037364483 7.997 37.583 0.280 0.00000 -1 ACTUAL_TF
3.9392 -0.0782077 -1.6645436 0.6746418 -0.43612427 0.63401731 -0.52761165 -0.35978274 0.003536 1789452932.093128204 8.210 37.371 0.269 0.00000 -1 ACTUAL_TF
3.9954 -0.0780338 -1.6645475 0.6746520 -0.43611900 0.63401582 -0.52761423 -0.35978797 0.003408 1789452932.149169922 8.383 37.197 0.258 0.00000 -1 ACTUAL_TF
4.0518 -0.0778363 -1.6645505 0.6746632 -0.43611438 0.63401510 -0.52761554 -0.35979292 0.003445 1789452932.205198288 8.581 36.999 0.247 0.00000 -1 ACTUAL_TF
4.1065 -0.0776602 -1.6645531 0.6746728 -0.43611574 0.63401246 -0.52761919 -0.35979056 0.003358 1789452932.261103392 8.757 36.823 0.237 0.00000 -1 ACTUAL_TF
4.1608 -0.0774418 -1.6645557 0.6746819 -0.43611740 0.63400900 -0.52762296 -0.35978912 0.003521 1789452932.317136288 8.975 36.605 0.228 0.00000 -1 ACTUAL_TF
4.2146 -0.0772298 -1.6645549 0.6746917 -0.43611606 0.63400746 -0.52762429 -0.35979150 0.003602 1789452932.373100519 9.187 36.393 0.220 0.00000 -1 ACTUAL_TF
4.2748 -0.0770369 -1.6645551 0.6747019 -0.43611465 0.63400321 -0.52762893 -0.35979390 0.003556 1789452932.429124117 9.381 36.200 0.211 0.00000 -1 ACTUAL_TF
4.3355 -0.0768048 -1.6645495 0.6747136 -0.43611867 0.63399648 -0.52763617 -0.35979027 0.003735 1789452932.485081434 9.613 35.967 0.205 0.00000 -1 ACTUAL_TF
4.3894 -0.0766344 -1.6645567 0.6747231 -0.43611182 0.63399626 -0.52763815 -0.35979607 0.003530 1789452932.541073084 9.783 35.797 0.193 0.00000 -1 ACTUAL_TF
4.4433 -0.0764245 -1.6645586 0.6747340 -0.43611172 0.63399265 -0.52764384 -0.35979419 0.003599 1789452932.596990108 9.993 35.587 0.183 0.00000 -1 ACTUAL_TF
4.4989 -0.0762390 -1.6645574 0.6747441 -0.43610902 0.63399239 -0.52764587 -0.35979496 0.003512 1789452932.653118372 10.179 35.402 0.175 0.00000 -1 ACTUAL_TF
4.5509 -0.0760245 -1.6645585 0.6747500 -0.43610468 0.63399590 -0.52764858 -0.35979006 0.003605 1789452932.709255457 10.393 35.187 0.169 0.00000 -1 ACTUAL_TF
4.6125 -0.0758263 -1.6645534 0.6747522 -0.43606745 0.63402230 -0.52766857 -0.35975935 0.003589 1789452932.765092611 10.591 34.989 0.170 0.00000 -1 ACTUAL_TF
4.6669 -0.0755933 -1.6645502 0.6747614 -0.43606694 0.63402031 -0.52767758 -0.35975026 0.003765 1789452932.820942640 10.825 34.756 0.164 0.00000 -1 ACTUAL_TF
4.7214 -0.0753888 -1.6645528 0.6747713 -0.43606533 0.63401604 -0.52767948 -0.35975695 0.003731 1789452932.877031088 11.029 34.551 0.154 0.00000 -1 ACTUAL_TF
4.7863 -0.0752353 -1.6645537 0.6747787 -0.43605914 0.63401809 -0.52767529 -0.35976697 0.003434 1789452932.933082342 11.183 34.398 0.148 0.00000 -1 ACTUAL_TF
4.8267 -0.0750238 -1.6645562 0.6747879 -0.43606085 0.63401461 -0.52767633 -0.35976951 0.003539 1789452932.989038467 11.394 34.186 0.138 0.00000 -1 ACTUAL_TF
4.8899 -0.0748420 -1.6645632 0.6747972 -0.43606283 0.63400865 -0.52768274 -0.35976821 0.003451 1789452933.045145035 11.576 34.004 0.126 0.00000 -1 ACTUAL_TF
4.9513 -0.0746461 -1.6645573 0.6748029 -0.43606030 0.63401204 -0.52767544 -0.35977600 0.003465 1789452933.101210833 11.772 33.808 0.125 0.00000 -1 ACTUAL_TF
5.0008 -0.0744503 -1.6645615 0.6748121 -0.43606488 0.63400424 -0.52768305 -0.35977304 0.003480 1789452933.156994820 11.968 33.613 0.115 0.00000 -1 ACTUAL_TF
5.0553 -0.0742302 -1.6645583 0.6748203 -0.43606884 0.63400058 -0.52768485 -0.35977204 0.003614 1789452933.213076830 12.188 33.392 0.110 0.00000 -1 ACTUAL_TF
5.1133 -0.0740267 -1.6645605 0.6748284 -0.43606755 0.63399765 -0.52768695 -0.35977570 0.003622 1789452933.269037008 12.391 33.189 0.101 0.00000 -1 ACTUAL_TF
5.1770 -0.0738654 -1.6645628 0.6748385 -0.43606203 0.63399939 -0.52768504 -0.35978213 0.003400 1789452933.325072765 12.553 33.028 0.092 0.00000 -1 ACTUAL_TF
5.2440 -0.0736725 -1.6645657 0.6748445 -0.43605801 0.63400279 -0.52768088 -0.35978710 0.003413 1789452933.381144047 12.746 32.835 0.085 0.00000 -1 ACTUAL_TF
5.2866 -0.0734978 -1.6645668 0.6748514 -0.43605599 0.63400208 -0.52768104 -0.35979058 0.003329 1789452933.436938047 12.920 32.660 0.078 0.00000 -1 ACTUAL_TF
5.3467 -0.0732760 -1.6645619 0.6748581 -0.43606169 0.63399586 -0.52768516 -0.35978859 0.003519 1789452933.492942810 13.142 32.438 0.075 0.00000 -1 ACTUAL_TF
5.3901 -0.0730891 -1.6645592 0.6748652 -0.43606708 0.63399029 -0.52768956 -0.35978540 0.003466 1789452933.548935413 13.329 32.251 0.071 0.00000 -1 ACTUAL_TF
5.4501 -0.0728761 -1.6645518 0.6748677 -0.43607024 0.63398703 -0.52769022 -0.35978636 0.003565 1789452933.605084419 13.542 32.038 0.073 0.00000 -1 ACTUAL_TF
5.5112 -0.0727006 -1.6645541 0.6748759 -0.43606987 0.63398395 -0.52769311 -0.35978800 0.003432 1789452933.661350727 13.718 31.862 0.065 0.00000 -1 ACTUAL_TF
5.5618 -0.0724910 -1.6645470 0.6748733 -0.43607006 0.63398708 -0.52768874 -0.35978866 0.003530 1789452933.717146635 13.927 31.653 0.071 0.00000 -1 ACTUAL_TF
5.6202 -0.0722681 -1.6645403 0.6748787 -0.43607531 0.63398246 -0.52769097 -0.35978715 0.003664 1789452933.773263931 14.150 31.430 0.070 0.00000 -1 ACTUAL_TF
5.6809 -0.0721101 -1.6645358 0.6748801 -0.43607076 0.63398627 -0.52768567 -0.35979375 0.003415 1789452933.829010963 14.309 31.272 0.072 0.00000 -1 ACTUAL_TF
5.7304 -0.0719096 -1.6645380 0.6748898 -0.43606659 0.63398383 -0.52768757 -0.35980031 0.003465 1789452933.885037422 14.509 31.071 0.062 0.00000 -1 ACTUAL_TF
5.7936 -0.0717280 -1.6645277 0.6748897 -0.43607433 0.63398087 -0.52768800 -0.35979550 0.003399 1789452933.941109419 14.691 30.889 0.069 0.00000 -1 ACTUAL_TF
5.8421 -0.0715270 -1.6645320 0.6749005 -0.43607025 0.63398000 -0.52769031 -0.35979859 0.003462 1789452933.996910095 14.892 30.688 0.057 0.00000 -1 ACTUAL_TF
5.8970 -0.0713446 -1.6645320 0.6749089 -0.43606903 0.63397730 -0.52769239 -0.35980179 0.003398 1789452934.053122282 15.074 30.506 0.050 0.00000 -1 ACTUAL_TF
5.9627 -0.0711323 -1.6645380 0.6749210 -0.43606664 0.63397376 -0.52769617 -0.35980539 0.003518 1789452934.109088421 15.287 30.294 0.036 0.00000 -1 ACTUAL_TF
6.0101 -0.0709268 -1.6645394 0.6749290 -0.43606628 0.63397025 -0.52769908 -0.35980773 0.003561 1789452934.165278673 15.492 30.088 0.029 0.00000 -1 ACTUAL_TF
6.0689 -0.0707712 -1.6645391 0.6749344 -0.43606037 0.63397380 -0.52769660 -0.35981229 0.003327 1789452934.221241713 15.648 29.933 0.024 0.00000 -1 ACTUAL_TF
6.1182 -0.0705685 -1.6645411 0.6749442 -0.43605728 0.63397057 -0.52769938 -0.35981763 0.003419 1789452934.277113914 15.850 29.730 0.015 0.00000 -1 ACTUAL_TF
6.1849 -0.0703946 -1.6645348 0.6749435 -0.43606225 0.63396971 -0.52769853 -0.35981436 0.003326 1789452934.333093882 16.024 29.556 0.019 0.00000 -1 ACTUAL_TF
6.2349 -0.0701443 -1.6645298 0.6749500 -0.43607003 0.63395901 -0.52770874 -0.35980883 0.003670 1789452934.389089346 16.275 29.305 0.018 0.00000 -1 ACTUAL_TF
6.3018 -0.0699697 -1.6645324 0.6749598 -0.43606653 0.63395655 -0.52771286 -0.35981135 0.003505 1789452934.445158005 16.449 29.131 0.010 0.00000 -1 ACTUAL_TF
6.3425 -0.0697297 -1.6645299 0.6749658 -0.43607288 0.63394991 -0.52771953 -0.35980557 0.003742 1789452934.501042128 16.690 28.891 0.009 0.00000 -1 ACTUAL_TF
6.4044 -0.0695830 -1.6645308 0.6749665 -0.43606642 0.63395529 -0.52771383 -0.35981229 0.003405 1789452934.557107210 16.836 28.744 0.005 0.00000 -1 ACTUAL_TF
6.4576 -0.0694003 -1.6645285 0.6749703 -0.43605779 0.63396167 -0.52770938 -0.35981802 0.003365 1789452934.612974882 17.019 28.561 0.005 0.00000 -1 ACTUAL_TF
6.5139 -0.0691824 -1.6645267 0.6749697 -0.43605790 0.63396246 -0.52771484 -0.35980850 0.003518 1789452934.669160604 17.237 28.343 0.001 0.00000 -1 ACTUAL_TF
6.5688 -0.0689702 -1.6645214 0.6749690 -0.43599555 0.63400467 -0.52775135 -0.35975612 0.003603 1789452934.725008011 17.449 28.131 0.003 0.00000 -1 ACTUAL_TF
6.6342 -0.0687698 -1.6645151 0.6749678 -0.43599389 0.63401056 -0.52774179 -0.35976179 0.003594 1789452934.781128168 17.649 27.931 0.007 0.00000 -1 ACTUAL_TF
6.6838 -0.0685699 -1.6645100 0.6749716 -0.43600382 0.63400189 -0.52774755 -0.35975657 0.003585 1789452934.837264538 17.849 27.731 0.007 0.00000 -1 ACTUAL_TF
6.7465 -0.0683458 -1.6644997 0.6749722 -0.43601314 0.63399894 -0.52774623 -0.35975241 0.003704 1789452934.893605471 18.074 27.507 0.013 0.00000 -1 ACTUAL_TF
6.7958 -0.0681900 -1.6644956 0.6749683 -0.43601113 0.63400559 -0.52773676 -0.35975703 0.003435 1789452934.949145317 18.229 27.351 0.018 0.00000 -1 ACTUAL_TF
6.8477 -0.0679894 -1.6644932 0.6749668 -0.43601129 0.63400746 -0.52773203 -0.35976048 0.003480 1789452935.005113363 18.430 27.150 0.020 0.00000 -1 ACTUAL_TF
6.9042 -0.0678287 -1.6644908 0.6749707 -0.43601063 0.63400896 -0.52772836 -0.35976402 0.003297 1789452935.061089754 18.591 26.989 0.018 0.00000 -1 ACTUAL_TF
6.9698 -0.0676189 -1.6644885 0.6749723 -0.43601069 0.63401083 -0.52772371 -0.35976747 0.003431 1789452935.117155075 18.801 26.780 0.018 0.00000 -1 ACTUAL_TF
7.0184 -0.0674137 -1.6644796 0.6749664 -0.43601539 0.63401399 -0.52771646 -0.35976683 0.003504 1789452935.173066854 19.006 26.574 0.028 0.00000 -1 ACTUAL_TF
7.0753 -0.0672141 -1.6644725 0.6749718 -0.43602595 0.63400639 -0.52772099 -0.35976079 0.003524 1789452935.229010105 19.206 26.375 0.027 0.00000 -1 ACTUAL_TF
7.1323 -0.0670085 -1.6644707 0.6749715 -0.43602748 0.63400891 -0.52771583 -0.35976206 0.003566 1789452935.285153627 19.411 26.169 0.028 0.00000 -1 ACTUAL_TF
7.1855 -0.0668510 -1.6644738 0.6749753 -0.43602172 0.63401080 -0.52771276 -0.35977021 0.003341 1789452935.341093302 19.569 26.012 0.024 0.00000 -1 ACTUAL_TF
7.2452 -0.0666273 -1.6644682 0.6749767 -0.43603214 0.63400601 -0.52771437 -0.35976367 0.003534 1789452935.397274494 19.792 25.788 0.026 0.00000 -1 ACTUAL_TF
7.2964 -0.0664501 -1.6644626 0.6749726 -0.43603249 0.63401086 -0.52770640 -0.35976638 0.003424 1789452935.453217745 19.970 25.611 0.032 0.00000 -1 ACTUAL_TF
7.3534 -0.0662367 -1.6644559 0.6749727 -0.43603682 0.63401143 -0.52770241 -0.35976599 0.003543 1789452935.509118319 20.183 25.397 0.036 0.00000 -1 ACTUAL_TF
7.4084 -0.0660353 -1.6644532 0.6749760 -0.43604634 0.63400314 -0.52770840 -0.35976027 0.003559 1789452935.565129042 20.385 25.196 0.035 0.00000 -1 ACTUAL_TF
7.4669 -0.0658211 -1.6644461 0.6749815 -0.43605015 0.63399955 -0.52770880 -0.35976139 0.003640 1789452935.621144295 20.599 24.981 0.033 0.00000 -1 ACTUAL_TF
7.5194 -0.0656184 -1.6644461 0.6749826 -0.43605210 0.63400051 -0.52770575 -0.35976181 0.003636 1789452935.677010536 20.802 24.779 0.033 0.00000 -1 ACTUAL_TF
7.5865 -0.0654501 -1.6644447 0.6749844 -0.43605403 0.63400183 -0.52770253 -0.35976188 0.003443 1789452935.733264446 20.970 24.610 0.033 0.00000 -1 ACTUAL_TF
7.6330 -0.0652519 -1.6644444 0.6749897 -0.43604798 0.63400185 -0.52770056 -0.35977207 0.003476 1789452935.789072037 21.168 24.412 0.029 0.00000 -1 ACTUAL_TF
7.6963 -0.0651001 -1.6644449 0.6749916 -0.43604410 0.63400710 -0.52769382 -0.35977739 0.003246 1789452935.845099449 21.320 24.260 0.029 0.00000 -1 ACTUAL_TF
7.7460 -0.0648888 -1.6644413 0.6749966 -0.43604636 0.63400467 -0.52769374 -0.35977905 0.003404 1789452935.901127338 21.531 24.049 0.026 0.00000 -1 ACTUAL_TF
7.7956 -0.0647010 -1.6644325 0.6749976 -0.43605418 0.63400038 -0.52769630 -0.35977338 0.003390 1789452935.957105875 21.719 23.861 0.028 0.00000 -1 ACTUAL_TF
7.8528 -0.0644971 -1.6644263 0.6749982 -0.43605368 0.63400120 -0.52769396 -0.35977597 0.003468 1789452936.013031006 21.923 23.657 0.031 0.00000 -1 ACTUAL_TF
7.9105 -0.0642791 -1.6644241 0.6750046 -0.43605309 0.63399911 -0.52769382 -0.35978059 0.003595 1789452936.069091320 22.141 23.439 0.027 0.00000 -1 ACTUAL_TF
7.9710 -0.0640939 -1.6644260 0.6750107 -0.43605614 0.63399537 -0.52769792 -0.35977747 0.003506 1789452936.125231981 22.326 23.254 0.022 0.00000 -1 ACTUAL_TF
8.0319 -0.0638924 -1.6644330 0.6750243 -0.43605027 0.63399287 -0.52770175 -0.35978336 0.003540 1789452936.181078434 22.528 23.052 0.016 0.00000 -1 ACTUAL_TF
8.0811 -0.0637277 -1.6644276 0.6750270 -0.43604912 0.63399592 -0.52769628 -0.35978741 0.003360 1789452936.237095594 22.693 22.888 0.014 0.00000 -1 ACTUAL_TF
8.1454 -0.0635262 -1.6644320 0.6750423 -0.43604279 0.63399518 -0.52769795 -0.35979392 0.003435 1789452936.293130398 22.894 22.686 0.018 0.00000 -1 ACTUAL_TF
8.1956 -0.0633347 -1.6644285 0.6750474 -0.43604814 0.63399112 -0.52770148 -0.35978942 0.003432 1789452936.349037170 23.086 22.494 0.018 0.00000 -1 ACTUAL_TF
8.2462 -0.0631187 -1.6644280 0.6750513 -0.43605091 0.63399157 -0.52770066 -0.35978647 0.003562 1789452936.404950857 23.302 22.278 0.022 0.00000 -1 ACTUAL_TF
8.3186 -0.0629077 -1.6644224 0.6750565 -0.43605753 0.63398357 -0.52770768 -0.35978224 0.003623 1789452936.461011410 23.513 22.067 0.022 0.00000 -1 ACTUAL_TF
8.3590 -0.0627068 -1.6644179 0.6750554 -0.43605541 0.63398404 -0.52770610 -0.35978632 0.003602 1789452936.517591953 23.714 21.866 0.020 0.00000 -1 ACTUAL_TF
8.4156 -0.0624974 -1.6644054 0.6750484 -0.43605958 0.63398606 -0.52770138 -0.35978463 0.003657 1789452936.573032618 23.923 21.657 0.012 0.00000 -1 ACTUAL_TF
8.4748 -0.0623384 -1.6643993 0.6750446 -0.43605743 0.63398992 -0.52769640 -0.35978773 0.003412 1789452936.629070282 24.082 21.498 0.013 0.00000 -1 ACTUAL_TF
8.5318 -0.0621359 -1.6643930 0.6750404 -0.43605763 0.63399177 -0.52769309 -0.35978907 0.003476 1789452936.684972525 24.285 21.295 0.018 0.00000 -1 ACTUAL_TF
8.5907 -0.0619435 -1.6643841 0.6750363 -0.43606256 0.63399074 -0.52769235 -0.35978600 0.003463 1789452936.741078615 24.477 21.103 0.024 0.00000 -1 ACTUAL_TF
8.6365 -0.0617226 -1.6643759 0.6750354 -0.43606505 0.63398793 -0.52769347 -0.35978631 0.003609 1789452936.797079802 24.698 20.882 0.028 0.00000 -1 ACTUAL_TF
8.6933 -0.0615314 -1.6643696 0.6750396 -0.43607029 0.63397954 -0.52770095 -0.35978376 0.003552 1789452936.853012800 24.890 20.691 0.026 0.00000 -1 ACTUAL_TF
8.7496 -0.0613290 -1.6643608 0.6750323 -0.43607177 0.63398054 -0.52769804 -0.35978447 0.003566 1789452936.909319878 25.092 20.488 0.037 0.00000 -1 ACTUAL_TF
8.8102 -0.0611417 -1.6643525 0.6750270 -0.43606915 0.63398569 -0.52769118 -0.35978862 0.003497 1789452936.965553761 25.279 20.301 0.046 0.00000 -1 ACTUAL_TF
8.8621 -0.0609974 -1.6643466 0.6750202 -0.43606354 0.63399478 -0.52768112 -0.35979418 0.003229 1789452937.021108389 25.424 20.156 0.055 0.00000 -1 ACTUAL_TF
8.9212 -0.0607746 -1.6643411 0.6750218 -0.43606795 0.63399100 -0.52768381 -0.35979154 0.003454 1789452937.077107668 25.647 19.934 0.056 0.00000 -1 ACTUAL_TF
8.9751 -0.0606204 -1.6643409 0.6750226 -0.43606238 0.63399287 -0.52768069 -0.35979958 0.003243 1789452937.133196831 25.801 19.779 0.056 0.00000 -1 ACTUAL_TF
9.0360 -0.0604148 -1.6643352 0.6750264 -0.43605938 0.63399244 -0.52768174 -0.35980242 0.003376 1789452937.188969612 26.006 19.574 0.056 0.00000 -1 ACTUAL_TF
9.1093 -0.0602144 -1.6643278 0.6750302 -0.43606908 0.63398403 -0.52768762 -0.35979686 0.003407 1789452937.246616840 26.207 19.373 0.056 0.00000 -1 ACTUAL_TF
9.1522 -0.0599859 -1.6643199 0.6750334 -0.43607631 0.63397977 -0.52769057 -0.35979129 0.003643 1789452937.301155567 26.436 19.145 0.057 0.00000 -1 ACTUAL_TF
9.1975 -0.0598373 -1.6643196 0.6750376 -0.43606721 0.63398396 -0.52768681 -0.35980044 0.003348 1789452937.357061863 26.584 18.996 0.054 0.00000 -1 ACTUAL_TF
9.2548 -0.0596041 -1.6643154 0.6750434 -0.43607175 0.63397875 -0.52769296 -0.35979511 0.003595 1789452937.412997723 26.818 18.763 0.051 0.00000 -1 ACTUAL_TF
9.3153 -0.0593891 -1.6643104 0.6750501 -0.43607191 0.63397625 -0.52769488 -0.35979649 0.003670 1789452937.468942404 27.033 18.548 0.047 0.00000 -1 ACTUAL_TF
9.3704 -0.0592235 -1.6643035 0.6750477 -0.43607011 0.63398136 -0.52768885 -0.35979853 0.003456 1789452937.525004387 27.198 18.382 0.053 0.00000 -1 ACTUAL_TF
9.4234 -0.0589919 -1.6643010 0.6750619 -0.43607284 0.63397285 -0.52769744 -0.35979761 0.003661 1789452937.581079483 27.430 18.150 0.042 0.00000 -1 ACTUAL_TF
9.4814 -0.0587901 -1.6642978 0.6750664 -0.43608013 0.63396767 -0.52770249 -0.35979049 0.003643 1789452937.637115002 27.632 17.948 0.040 0.00000 -1 ACTUAL_TF
9.5414 -0.0585789 -1.6642956 0.6750758 -0.43607864 0.63396645 -0.52770378 -0.35979255 0.003686 1789452937.692965984 27.843 17.737 0.034 0.00000 -1 ACTUAL_TF
9.5995 -0.0584055 -1.6642959 0.6750807 -0.43607548 0.63396819 -0.52770267 -0.35979494 0.003508 1789452937.749051809 28.017 17.564 0.029 0.00000 -1 ACTUAL_TF
9.6558 -0.0582241 -1.6642946 0.6750840 -0.43606852 0.63397365 -0.52769738 -0.35980152 0.003425 1789452937.805156231 28.198 17.382 0.027 0.00000 -1 ACTUAL_TF
9.7096 -0.0580490 -1.6642943 0.6750892 -0.43606643 0.63397174 -0.52769988 -0.35980376 0.003336 1789452937.861208439 28.373 17.207 0.023 0.00000 -1 ACTUAL_TF
9.7605 -0.0578373 -1.6642932 0.6750950 -0.43606499 0.63397065 -0.52770272 -0.35980325 0.003472 1789452937.917091846 28.585 16.995 0.019 0.00000 -1 ACTUAL_TF
9.8241 -0.0576219 -1.6642827 0.6750957 -0.43606455 0.63397137 -0.52770192 -0.35980368 0.003586 1789452937.973096371 28.801 16.780 0.024 0.00000 -1 ACTUAL_TF
9.8743 -0.0574225 -1.6642809 0.6751019 -0.43607105 0.63396525 -0.52770832 -0.35979720 0.003579 1789452938.029081583 29.000 16.580 0.019 0.00000 -1 ACTUAL_TF
9.9292 -0.0572199 -1.6642763 0.6751037 -0.43606367 0.63396934 -0.52770686 -0.35980109 0.003591 1789452938.085060120 29.203 16.378 0.020 0.00000 -1 ACTUAL_TF
9.9981 -0.0570656 -1.6642738 0.6751026 -0.43606061 0.63397411 -0.52770372 -0.35980099 0.003341 1789452938.141068459 29.357 16.223 0.023 0.00000 -1 ACTUAL_TF
10.0443 -0.0568613 -1.6642808 0.6751091 -0.43605426 0.63397509 -0.52770606 -0.35980352 0.003433 1789452938.197096586 29.561 16.019 0.015 0.00000 -1 ACTUAL_TF
10.0964 -0.0567192 -1.6642740 0.6751071 -0.43604192 0.63398727 -0.52769783 -0.35980909 0.003164 1789452938.253191233 29.703 15.877 0.019 0.00000 -1 ACTUAL_TF
10.1530 -0.0564748 -1.6642743 0.6751098 -0.43598215 0.63402630 -0.52773506 -0.35975814 0.003528 1789452938.309030533 29.948 15.633 0.019 0.00000 -1 ACTUAL_TF
10.2065 -0.0562872 -1.6642674 0.6751121 -0.43598878 0.63402142 -0.52773785 -0.35975461 0.003472 1789452938.365205288 30.135 15.445 0.019 0.00000 -1 ACTUAL_TF
10.2659 -0.0560729 -1.6642612 0.6751157 -0.43598797 0.63401956 -0.52773764 -0.35975920 0.003583 1789452938.420999289 30.350 15.231 0.019 0.00000 -1 ACTUAL_TF
10.3192 -0.0558294 -1.6642545 0.6751198 -0.43600107 0.63401015 -0.52774483 -0.35974934 0.003809 1789452938.477215767 30.593 14.987 0.019 0.00000 -1 ACTUAL_TF
10.3759 -0.0556447 -1.6642479 0.6751188 -0.43600414 0.63401047 -0.52774240 -0.35974862 0.003655 1789452938.533320665 30.778 14.802 0.023 0.00000 -1 ACTUAL_TF
10.4439 -0.0554353 -1.6642423 0.6751237 -0.43600596 0.63400846 -0.52774258 -0.35974968 0.003685 1789452938.589092255 30.988 14.593 0.022 0.00000 -1 ACTUAL_TF
10.4896 -0.0552695 -1.6642390 0.6751295 -0.43600199 0.63400772 -0.52774215 -0.35975645 0.003461 1789452938.645555973 31.154 14.427 0.019 0.00000 -1 ACTUAL_TF
10.5490 -0.0550633 -1.6642330 0.6751297 -0.43600217 0.63400823 -0.52773962 -0.35975903 0.003537 1789452938.701078415 31.360 14.220 0.022 0.00000 -1 ACTUAL_TF
10.6040 -0.0548833 -1.6642279 0.6751302 -0.43600332 0.63400844 -0.52773770 -0.35976010 0.003441 1789452938.757061481 31.540 14.040 0.024 0.00000 -1 ACTUAL_TF
10.6594 -0.0546543 -1.6642247 0.6751395 -0.43600772 0.63400037 -0.52774455 -0.35975892 0.003635 1789452938.813145399 31.769 13.811 0.018 0.00000 -1 ACTUAL_TF
10.7128 -0.0544454 -1.6642189 0.6751444 -0.43600936 0.63399855 -0.52774462 -0.35976004 0.003668 1789452938.868967533 31.978 13.602 0.018 0.00000 -1 ACTUAL_TF
10.7725 -0.0542579 -1.6642161 0.6751495 -0.43601311 0.63399276 -0.52774934 -0.35975878 0.003569 1789452938.925140858 32.166 13.415 0.016 0.00000 -1 ACTUAL_TF
10.8268 -0.0540530 -1.6642139 0.6751540 -0.43601227 0.63399269 -0.52774833 -0.35976142 0.003596 1789452938.981149197 32.371 13.210 0.013 0.00000 -1 ACTUAL_TF
10.8845 -0.0538947 -1.6642132 0.6751592 -0.43600885 0.63399471 -0.52774572 -0.35976581 0.003368 1789452939.037001610 32.529 13.051 0.010 0.00000 -1 ACTUAL_TF
10.9404 -0.0536688 -1.6642096 0.6751637 -0.43601157 0.63398915 -0.52774993 -0.35976615 0.003567 1789452939.093089819 32.755 12.825 0.009 0.00000 -1 ACTUAL_TF
10.9963 -0.0534948 -1.6642081 0.6751671 -0.43601234 0.63398696 -0.52775131 -0.35976705 0.003429 1789452939.149089575 32.929 12.651 0.007 0.00000 -1 ACTUAL_TF
11.0491 -0.0532941 -1.6642088 0.6751733 -0.43600483 0.63398969 -0.52774816 -0.35977595 0.003475 1789452939.205106497 33.130 12.451 0.005 0.00000 -1 ACTUAL_TF
11.1080 -0.0531125 -1.6642065 0.6751766 -0.43600896 0.63398526 -0.52775167 -0.35977362 0.003407 1789452939.261060476 33.311 12.269 0.006 0.00000 -1 ACTUAL_TF
11.1670 -0.0529068 -1.6642047 0.6751811 -0.43601017 0.63398389 -0.52775216 -0.35977383 0.003485 1789452939.317157984 33.517 12.063 0.007 0.00000 -1 ACTUAL_TF
11.2158 -0.0527127 -1.6641980 0.6751811 -0.43600905 0.63398837 -0.52774583 -0.35977660 0.003481 1789452939.373081207 33.711 11.869 0.005 0.00000 -1 ACTUAL_TF
11.2745 -0.0525446 -1.6642015 0.6751873 -0.43600340 0.63399046 -0.52774403 -0.35978240 0.003338 1789452939.429121971 33.879 11.701 0.010 0.00000 -1 ACTUAL_TF
11.3291 -0.0523392 -1.6641996 0.6751886 -0.43600246 0.63399042 -0.52774310 -0.35978497 0.003437 1789452939.485115528 34.085 11.496 0.011 0.00000 -1 ACTUAL_TF
11.3830 -0.0521666 -1.6641934 0.6751822 -0.43600811 0.63399381 -0.52773783 -0.35977988 0.003331 1789452939.541147709 34.257 11.323 0.005 0.00000 -1 ACTUAL_TF
11.4446 -0.0519549 -1.6641860 0.6751890 -0.43600703 0.63399217 -0.52773779 -0.35978413 0.003467 1789452939.597145557 34.469 11.111 0.004 0.00000 -1 ACTUAL_TF
11.4985 -0.0517475 -1.6641755 0.6751877 -0.43601812 0.63398722 -0.52774023 -0.35977583 0.003541 1789452939.653090477 34.677 10.904 0.005 0.00000 -1 ACTUAL_TF
11.5510 -0.0515207 -1.6641671 0.6751891 -0.43602436 0.63398519 -0.52774020 -0.35977188 0.003695 1789452939.709060907 34.903 10.677 0.009 0.00000 -1 ACTUAL_TF
11.6160 -0.0513442 -1.6641610 0.6751880 -0.43602500 0.63398723 -0.52773657 -0.35977285 0.003530 1789452939.765211582 35.080 10.500 0.013 0.00000 -1 ACTUAL_TF
11.6668 -0.0511392 -1.6641501 0.6751853 -0.43602872 0.63398835 -0.52773288 -0.35977179 0.003573 1789452939.821131229 35.285 10.295 0.021 0.00000 -1 ACTUAL_TF
11.7239 -0.0509534 -1.6641529 0.6751875 -0.43602301 0.63399329 -0.52772807 -0.35977706 0.003495 1789452939.877210617 35.471 10.109 0.016 0.00000 -1 ACTUAL_TF
11.7784 -0.0507811 -1.6641490 0.6751897 -0.43602117 0.63399409 -0.52772624 -0.35978056 0.003369 1789452939.933257341 35.643 9.937 0.016 0.00000 -1 ACTUAL_TF
11.8371 -0.0505629 -1.6641427 0.6751927 -0.43602436 0.63399272 -0.52772611 -0.35977929 0.003531 1789452939.989116192 35.862 9.719 0.018 0.00000 -1 ACTUAL_TF
11.8859 -0.0503616 -1.6641390 0.6751940 -0.43603358 0.63398634 -0.52773143 -0.35977156 0.003549 1789452940.045164585 36.063 9.517 0.018 0.00000 -1 ACTUAL_TF
11.9492 -0.0501627 -1.6641282 0.6751879 -0.43603152 0.63399415 -0.52772109 -0.35977547 0.003553 1789452940.101115465 36.262 9.318 0.029 0.00000 -1 ACTUAL_TF
11.9971 -0.0499801 -1.6641242 0.6751897 -0.43603643 0.63399064 -0.52772359 -0.35977203 0.003466 1789452940.157063007 36.444 9.136 0.030 0.00000 -1 ACTUAL_TF
12.0594 -0.0497957 -1.6641286 0.6751954 -0.43602824 0.63399426 -0.52772063 -0.35977992 0.003414 1789452940.213109493 36.629 8.951 0.022 0.00000 -1 ACTUAL_TF
12.1158 -0.0495754 -1.6641249 0.6751960 -0.43603385 0.63399299 -0.52772088 -0.35977499 0.003568 1789452940.269234419 36.849 8.731 0.023 0.00000 -1 ACTUAL_TF
12.1677 -0.0494156 -1.6641223 0.6751965 -0.43602992 0.63399680 -0.52771637 -0.35977966 0.003355 1789452940.325130224 37.009 8.571 0.024 0.00000 -1 ACTUAL_TF
12.2231 -0.0491927 -1.6641161 0.6751959 -0.43603414 0.63399766 -0.52771405 -0.35977642 0.003544 1789452940.381082535 37.232 8.348 0.028 0.00000 -1 ACTUAL_TF
12.2809 -0.0490124 -1.6641086 0.6751948 -0.43603575 0.63399909 -0.52771099 -0.35977643 0.003447 1789452940.437131643 37.412 8.168 0.033 0.00000 -1 ACTUAL_TF
12.3413 -0.0488003 -1.6641114 0.6752050 -0.43603507 0.63399334 -0.52771734 -0.35977809 0.003552 1789452940.493074179 37.624 7.956 0.023 0.00000 -1 ACTUAL_TF
12.3958 -0.0486302 -1.6641022 0.6751961 -0.43603980 0.63399714 -0.52771134 -0.35977445 0.003398 1789452940.549193144 37.795 7.786 0.035 0.00000 -1 ACTUAL_TF
12.4550 -0.0484146 -1.6641071 0.6752077 -0.43603598 0.63399198 -0.52771758 -0.35977903 0.003538 1789452940.605053186 38.010 7.570 0.024 0.00000 -1 ACTUAL_TF
12.5070 -0.0482530 -1.6641050 0.6752115 -0.43602978 0.63399431 -0.52771489 -0.35978640 0.003343 1789452940.661066532 38.172 7.408 0.022 0.00000 -1 ACTUAL_TF
12.5563 -0.0480145 -1.6640946 0.6752075 -0.43604086 0.63399356 -0.52771340 -0.35977646 0.003619 1789452940.717089653 38.410 7.170 0.030 0.00000 -1 ACTUAL_TF
12.6233 -0.0477988 -1.6640882 0.6752103 -0.43604388 0.63399239 -0.52771336 -0.35977492 0.003689 1789452940.773103714 38.626 6.954 0.031 0.00000 -1 ACTUAL_TF
12.6788 -0.0476353 -1.6640869 0.6752158 -0.43603809 0.63399300 -0.52771264 -0.35978192 0.003455 1789452940.829309940 38.790 6.791 0.027 0.00000 -1 ACTUAL_TF
12.7329 -0.0474077 -1.6640829 0.6752197 -0.43604357 0.63398885 -0.52771606 -0.35977758 0.003643 1789452940.885126591 39.017 6.563 0.026 0.00000 -1 ACTUAL_TF
12.7853 -0.0472207 -1.6640772 0.6752181 -0.43604609 0.63398972 -0.52771404 -0.35977596 0.003553 1789452940.941059828 39.204 6.376 0.030 0.00000 -1 ACTUAL_TF
12.8428 -0.0470032 -1.6640688 0.6752129 -0.43605210 0.63399093 -0.52771104 -0.35977092 0.003657 1789452940.996929884 39.422 6.158 0.039 0.00000 -1 ACTUAL_TF
12.9021 -0.0468421 -1.6640631 0.6752152 -0.43604773 0.63399644 -0.52770459 -0.35977597 0.003419 1789452941.053215027 39.583 5.997 0.040 0.00000 -1 ACTUAL_TF
12.9577 -0.0466097 -1.6640578 0.6752160 -0.43605239 0.63399270 -0.52770737 -0.35977285 0.003638 1789452941.109230042 39.816 5.765 0.042 0.00000 -1 ACTUAL_TF
13.0074 -0.0464066 -1.6640526 0.6752190 -0.43605052 0.63399480 -0.52770448 -0.35977565 0.003619 1789452941.166089535 40.019 5.561 0.042 0.00000 -1 ACTUAL_TF
13.0672 -0.0462241 -1.6640507 0.6752203 -0.43605380 0.63399253 -0.52770645 -0.35977278 0.003529 1789452941.221099138 40.201 5.379 0.042 0.00000 -1 ACTUAL_TF
13.1210 -0.0460247 -1.6640459 0.6752183 -0.43605010 0.63400021 -0.52769792 -0.35977625 0.003529 1789452941.277622700 40.401 5.179 0.047 0.00000 -1 ACTUAL_TF
13.1776 -0.0458394 -1.6640441 0.6752213 -0.43605277 0.63399683 -0.52770112 -0.35977427 0.003472 1789452941.333123684 40.586 4.994 0.045 0.00000 -1 ACTUAL_TF
13.2368 -0.0456318 -1.6640442 0.6752302 -0.43604804 0.63399511 -0.52770331 -0.35977983 0.003544 1789452941.389119625 40.794 4.786 0.038 0.00000 -1 ACTUAL_TF
13.2890 -0.0454588 -1.6640479 0.6752396 -0.43604326 0.63399380 -0.52770573 -0.35978438 0.003409 1789452941.445109606 40.967 4.614 0.029 0.00000 -1 ACTUAL_TF
13.3532 -0.0452488 -1.6640480 0.6752466 -0.43604246 0.63399105 -0.52770890 -0.35978555 0.003512 1789452941.501101255 41.177 4.404 0.024 0.00000 -1 ACTUAL_TF
13.4046 -0.0450777 -1.6640485 0.6752516 -0.43603848 0.63399054 -0.52770984 -0.35978989 0.003374 1789452941.557178497 41.348 4.232 0.020 0.00000 -1 ACTUAL_TF
13.4674 -0.0448486 -1.6640379 0.6752498 -0.43604354 0.63398932 -0.52770924 -0.35978678 0.003590 1789452941.613226414 41.577 4.003 0.026 0.00000 -1 ACTUAL_TF
13.5241 -0.0446227 -1.6640314 0.6752555 -0.43604843 0.63398700 -0.52771082 -0.35978263 0.003723 1789452941.669287443 41.803 3.777 0.024 0.00000 -1 ACTUAL_TF
13.5746 -0.0444283 -1.6640264 0.6752622 -0.43605359 0.63397893 -0.52771838 -0.35977950 0.003650 1789452941.725222349 41.998 3.583 0.020 0.00000 -1 ACTUAL_TF
13.6259 -0.0442350 -1.6640315 0.6752739 -0.43604482 0.63398016 -0.52771881 -0.35978734 0.003593 1789452941.781170607 42.191 3.389 0.009 0.00000 -1 ACTUAL_TF
13.6796 -0.0440620 -1.6640279 0.6752775 -0.43604412 0.63397891 -0.52771977 -0.35978898 0.003444 1789452941.837072134 42.364 3.216 0.007 0.00000 -1 ACTUAL_TF
13.7419 -0.0438602 -1.6640242 0.6752788 -0.43604169 0.63398003 -0.52771833 -0.35979206 0.003490 1789452941.893198967 42.566 3.014 0.009 0.00000 -1 ACTUAL_TF
13.7919 -0.0436940 -1.6640273 0.6752864 -0.43603501 0.63398153 -0.52771797 -0.35979805 0.003336 1789452941.949059963 42.732 2.848 0.007 0.00000 -1 ACTUAL_TF
13.8561 -0.0434678 -1.6640181 0.6752861 -0.43603918 0.63397951 -0.52771866 -0.35979555 0.003547 1789452942.005127192 42.958 2.622 0.006 0.00000 -1 ACTUAL_TF
13.9071 -0.0432644 -1.6640157 0.6752954 -0.43604263 0.63397260 -0.52772578 -0.35979309 0.003574 1789452942.061132193 43.162 2.418 0.004 0.00000 -1 ACTUAL_TF
13.9588 -0.0430349 -1.6640029 0.6752940 -0.43604425 0.63397344 -0.52772302 -0.35979369 0.003733 1789452942.117139578 43.391 2.189 0.006 0.00000 -1 ACTUAL_TF
14.0280 -0.0428223 -1.6639989 0.6752981 -0.43604267 0.63397398 -0.52772236 -0.35979563 0.003754 1789452942.173060179 43.604 1.976 0.005 0.00000 -1 ACTUAL_TF
14.0694 -0.0426248 -1.6640011 0.6753069 -0.43604440 0.63396843 -0.52772899 -0.35979359 0.003686 1789452942.229112148 43.802 1.779 0.004 0.00000 -1 ACTUAL_TF
14.1302 -0.0424357 -1.6640096 0.6753153 -0.43603079 0.63397279 -0.52772699 -0.35980533 0.003596 1789452942.285079956 43.991 1.590 0.017 0.00000 -1 ACTUAL_TF
14.1921 -0.0422540 -1.6640036 0.6753155 -0.43602893 0.63397511 -0.52772404 -0.35980782 0.003491 1789452942.341086864 44.172 1.408 0.014 0.00000 -1 ACTUAL_TF
14.2474 -0.0420209 -1.6639983 0.6753194 -0.43603075 0.63397330 -0.52772559 -0.35980653 0.003689 1789452942.397269964 44.406 1.175 0.014 0.00000 -1 ACTUAL_TF
14.2954 -0.0418167 -1.6640017 0.6753296 -0.43602944 0.63396818 -0.52773220 -0.35980746 0.003681 1789452942.453127146 44.610 0.970 0.025 0.00000 -1 ACTUAL_TF
14.3573 -0.0415972 -1.6640017 0.6753330 -0.43602616 0.63396994 -0.52773118 -0.35980983 0.003753 1789452942.509080410 44.829 0.751 0.029 0.00000 -1 ACTUAL_TF
14.4080 -0.0413979 -1.6639949 0.6753395 -0.43603112 0.63396491 -0.52773571 -0.35980604 0.003697 1789452942.565013885 45.029 0.551 0.029 0.00000 -1 ACTUAL_TF
14.4696 -0.0411715 -1.6639900 0.6753368 -0.43603299 0.63396603 -0.52773426 -0.35980392 0.003797 1789452942.621240139 45.255 0.325 0.025 0.00000 -1 ACTUAL_TF
14.5266 -0.0409369 -1.6639934 0.6753477 -0.43603303 0.63396134 -0.52774062 -0.35980279 0.003924 1789452942.676905632 45.490 0.090 0.036 0.00000 -1 ACTUAL_TF
14.5870 -0.0407312 -1.6639868 0.6753491 -0.43603621 0.63395887 -0.52774256 -0.35980047 0.003848 1789452942.732970953 45.696 -0.115 0.034 0.00000 -1 ACTUAL_TF
14.6338 -0.0405175 -1.6639804 0.6753518 -0.43603406 0.63396115 -0.52773996 -0.35980285 0.003837 1789452942.789072037 45.909 -0.329 0.032 0.00000 -1 ACTUAL_TF
14.6877 -0.0403455 -1.6639779 0.6753534 -0.43603144 0.63396279 -0.52773853 -0.35980524 0.003606 1789452942.845136166 46.081 -0.501 0.032 0.00000 -1 ACTUAL_TF
14.7451 -0.0401348 -1.6639773 0.6753574 -0.43603041 0.63396021 -0.52774186 -0.35980615 0.003655 1789452942.901058197 46.292 -0.712 0.036 0.00000 -1 ACTUAL_TF
14.8023 -0.0399799 -1.6639692 0.6753531 -0.43603075 0.63396581 -0.52773522 -0.35980560 0.003389 1789452942.957099915 46.447 -0.867 0.028 0.00000 -1 ACTUAL_TF
14.8562 -0.0397544 -1.6639723 0.6753611 -0.43603085 0.63396112 -0.52774156 -0.35980446 0.003578 1789452943.013267994 46.673 -1.092 0.037 0.00000 -1 ACTUAL_TF
14.9214 -0.0395799 -1.6639629 0.6753636 -0.43603110 0.63396059 -0.52774114 -0.35980571 0.003441 1789452943.069226742 46.847 -1.267 0.033 0.00000 -1 ACTUAL_TF
14.9691 -0.0393829 -1.6639632 0.6753694 -0.43602835 0.63395782 -0.52774493 -0.35980836 0.003469 1789452943.125000954 47.044 -1.464 0.038 0.00000 -1 ACTUAL_TF
15.0237 -0.0391855 -1.6639538 0.6753697 -0.43603129 0.63395692 -0.52774490 -0.35980642 0.003485 1789452943.181118965 47.242 -1.662 0.033 0.00000 -1 ACTUAL_TF
15.0872 -0.0390281 -1.6639494 0.6753683 -0.43602880 0.63396148 -0.52774020 -0.35980829 0.003282 1789452943.237172127 47.399 -1.819 0.030 0.00000 -1 ACTUAL_TF
15.1435 -0.0388310 -1.6639450 0.6753763 -0.43602821 0.63395863 -0.52774336 -0.35980940 0.003355 1789452943.293157578 47.596 -2.016 0.033 0.00000 -1 ACTUAL_TF
15.1912 -0.0386615 -1.6639450 0.6753825 -0.43603029 0.63395306 -0.52774982 -0.35980722 0.003260 1789452943.349012136 47.766 -2.186 0.039 0.00000 -1 ACTUAL_TF
15.2560 -0.0384915 -1.6639387 0.6753813 -0.43602435 0.63395956 -0.52774300 -0.35981297 0.003195 1789452943.404896498 47.936 -2.356 0.034 0.00000 -1 ACTUAL_TF
15.3040 -0.0383231 -1.6639369 0.6753826 -0.43602949 0.63395643 -0.52774651 -0.35980711 0.003134 1789452943.461178780 48.104 -2.524 0.034 0.00000 -1 ACTUAL_TF
15.3628 -0.0381501 -1.6639269 0.6753802 -0.43602921 0.63395777 -0.52774405 -0.35980869 0.003126 1789452943.516940594 48.278 -2.697 0.027 0.00000 -1 ACTUAL_TF
15.4213 -0.0379827 -1.6639226 0.6753839 -0.43602594 0.63395828 -0.52774372 -0.35981224 0.003082 1789452943.573158264 48.445 -2.865 0.027 0.00000 -1 ACTUAL_TF
15.4783 -0.0378465 -1.6639240 0.6753872 -0.43602243 0.63395956 -0.52774352 -0.35981452 0.002888 1789452943.629063845 48.581 -3.001 0.031 0.00000 -1 ACTUAL_TF
15.5275 -0.0376761 -1.6639204 0.6753888 -0.43602538 0.63395767 -0.52774558 -0.35981125 0.002935 1789452943.685058117 48.752 -3.171 0.031 0.00000 -1 ACTUAL_TF
15.5931 -0.0375396 -1.6639160 0.6753912 -0.43602741 0.63395666 -0.52774652 -0.35980919 0.002784 1789452943.741243601 48.888 -3.308 0.030 0.00000 -1 ACTUAL_TF
15.6362 -0.0373986 -1.6639098 0.6753890 -0.43602925 0.63395701 -0.52774564 -0.35980764 0.002707 1789452943.797072411 49.029 -3.449 0.025 0.00000 -1 ACTUAL_TF
15.6990 -0.0372761 -1.6639128 0.6753958 -0.43603014 0.63395273 -0.52775129 -0.35980582 0.002553 1789452943.853054523 49.152 -3.572 0.032 0.00000 -1 ACTUAL_TF
15.7531 -0.0371538 -1.6639028 0.6753909 -0.43603249 0.63395578 -0.52774686 -0.35980410 0.002444 1789452943.909088850 49.274 -3.694 0.023 0.00000 -1 ACTUAL_TF
15.8064 -0.0370606 -1.6639068 0.6753949 -0.43602886 0.63395751 -0.52774655 -0.35980590 0.002212 1789452943.965092897 49.367 -3.787 0.028 0.00000 -1 ACTUAL_TF
15.8729 -0.0369503 -1.6639035 0.6753945 -0.43602990 0.63395736 -0.52774664 -0.35980477 0.002139 1789452944.021114111 49.478 -3.897 0.026 0.00000 -1 ACTUAL_TF
15.9246 -0.0368399 -1.6639024 0.6753969 -0.43602964 0.63395815 -0.52774633 -0.35980415 0.002090 1789452944.076999664 49.588 -4.008 0.028 0.00000 -1 ACTUAL_TF
15.9783 -0.0367597 -1.6638988 0.6753957 -0.43602800 0.63396130 -0.52774297 -0.35980552 0.001892 1789452944.133157730 49.668 -4.088 0.025 0.00000 -1 ACTUAL_TF
16.0355 -0.0366449 -1.6638970 0.6753981 -0.43602887 0.63396127 -0.52774338 -0.35980392 0.001942 1789452944.188968897 49.783 -4.203 0.026 0.00000 -1 ACTUAL_TF
16.0863 -0.0365391 -1.6638922 0.6753961 -0.43603420 0.63395989 -0.52774431 -0.35979853 0.001926 1789452944.245050669 49.889 -4.309 0.022 0.00000 -1 ACTUAL_TF
16.1505 -0.0364263 -1.6638862 0.6753945 -0.43603388 0.63396190 -0.52774180 -0.35979905 0.001952 1789452944.301154137 50.002 -4.422 0.017 0.00000 -1 ACTUAL_TF
16.2012 -0.0363269 -1.6638910 0.6754015 -0.43603126 0.63396010 -0.52774529 -0.35980028 0.001902 1789452944.357076883 50.101 -4.521 0.026 0.00000 -1 ACTUAL_TF
16.2556 -0.0361977 -1.6638840 0.6753995 -0.43603197 0.63396129 -0.52774348 -0.35979998 0.002026 1789452944.413000107 50.231 -4.650 0.020 0.00000 -1 ACTUAL_TF
16.3112 -0.0361067 -1.6638831 0.6754025 -0.43602712 0.63396509 -0.52774025 -0.35980389 0.001906 1789452944.468982697 50.322 -4.741 0.022 0.00000 -1 ACTUAL_TF
16.3798 -0.0359898 -1.6638771 0.6753989 -0.43603194 0.63396529 -0.52773945 -0.35979887 0.001959 1789452944.525236607 50.439 -4.858 0.016 0.00000 -1 ACTUAL_TF
16.4248 -0.0359191 -1.6638753 0.6753990 -0.43603328 0.63396539 -0.52773941 -0.35979713 0.001749 1789452944.581369877 50.509 -4.929 0.015 0.00000 -1 ACTUAL_TF
