WELD FEEDBACK LOG
result=operator stop
started=2026-09-15 16:59:42
ended=2026-09-15 16:59:53
elapsed_seconds=10.814

================ OPERATOR OVERVIEW ================
REQUESTED : 230 A / 26.5 V · FE-SOLID 1.2 mm · LSM · CO2 100%
RX ECHO   : 230 A / 26.5 V · MATCH=YES
CURRENT FB: no positive feedback A
VOLTAGE FB: no positive feedback V
WIRE FEED : no positive feedback m/min
ARC ON    : 0.000 s
NET WELD  : 0.000 s
WIRE USED : 0.000 mm (base 0.000 + alpha 0.000)
WCR       : NOT DETECTED
SAMPLES   : RX 270 / welding 0 / TCP 194
===================================================

[commanded]
current_a=230
voltage_tenths=265
voltage=26.5
material=FE-SOLID
diameter_mm=1.2
mode=LSM
gas=CO2 100%
synergic=False
correction=0.0
hot_start_enabled=True
hot_start_percent=20.0
hot_start_hold_adjustment=0
crater_enabled=False
crater_percent=26.08695652173913
crater_current_a=60.0
crater_voltage_v=25.0
crater_seconds=1.0
wire_consumable_alpha_mm=0.0
hot_start_current_a=276

[rx_setting_echo]
current_a=230
voltage_v=26.5
hot_start_current_a=0
hot_start_hold_adjustment=-15

[rx_welding_setting_echo]

[execution_conditions]
mode=sequence_execute
run_all=True
touch_io_backend=fastech_ethernet
touch_input_port=4
touch_sensing_output_port=0
fastech_ip=192.168.0.3
fastech_poll_target_hz=100.0
hicomm_source_ip=192.168.1.2
hicomm_welder_ip=192.168.1.10
hicomm_port=60000
gui_velocity_percent=36.95263157894737
gui_speed_mode=scale
gui_tcp_speed_mm_s=10.0
gui_interpolation_step_mm=5.0
seam_orientation_mode=Keep reference orientation
weld_fixed_tilt_x_deg=0.0
weld_fixed_tilt_y_deg=0.0
weld_fixed_tilt_z_deg=-0.0
weld_weave_enabled=False
weld_weave_pattern=circle
weld_weave_amplitude_mm=2.7
weld_weave_cycles=4
weld_weave_samples_per_cycle=8
weld_weave_axis=tool_y
weld_lead_in_mm=1.0
weld_lead_out_mm=6.0
weld_safe_approach_mm=30.0
weld_approach_mode=taught_wait
weld_pre_start_lead_mm=0.0
weld_tcp_speed_mm_s=7.0
weld_arc_off_delay_ms=500.0
tcp_tracking.parent_frame=World
tcp_tracking.child_frame=right_manipulator_ee_point
tcp_tracking.timestamp_source=TF_header_stamp
initial_fastech_di0=False
initial_fastech_do0=True
robot_connected.left=True
robot_connected.right=True
robot_connected.head=True
hicomm_connected=True
execution_allowed=True
steps[0].sequence_number=1
steps[0].type=named_pose
steps[0].parallel_slot=1
steps[0].duration=0.0
steps[0].planning_group=right_manipulator
steps[0].velocity_scale=0.3695263157894737
steps[0].tcp_speed_m_s=0.0
steps[0].pose_name=weld_start_wait
steps[0].pose_label=3 · Weld start wait pose
steps[0].touch_guard=False
steps[0].continue_after_touch=False
steps[0].weld_scenario_id=weld-28150158197153
steps[0].weld_scenario_stage=start_wait
steps[0].target_tcp.position_m.x=-0.019383096840801473
steps[0].target_tcp.position_m.y=-1.7417227579293326
steps[0].target_tcp.position_m.z=0.6752595089557485
steps[0].target_tcp.orientation_xyzw.x=-0.29609660605260957
steps[0].target_tcp.orientation_xyzw.y=0.7363699731226344
steps[0].target_tcp.orientation_xyzw.z=-0.5924385990796176
steps[0].target_tcp.orientation_xyzw.w=-0.1382120432092536
steps[0].joint_names[0]=right_manipulator_joint1
steps[0].joint_names[1]=right_manipulator_joint2
steps[0].joint_names[2]=right_manipulator_joint3
steps[0].joint_names[3]=right_manipulator_joint4
steps[0].joint_names[4]=right_manipulator_joint5
steps[0].joint_names[5]=right_manipulator_joint6
steps[0].joint_positions_rad[0]=4.910006718545148
steps[0].joint_positions_rad[1]=1.3049962052481756
steps[0].joint_positions_rad[2]=1.8405339320132996
steps[0].joint_positions_rad[3]=3.1860248332166754
steps[0].joint_positions_rad[4]=1.3118800771918668
steps[0].joint_positions_rad[5]=2.0066632523929875
steps[1].sequence_number=2
steps[1].type=motion
steps[1].parallel_slot=2
steps[1].duration=0.0
steps[1].planning_group=right_manipulator
steps[1].velocity_scale=0.3695263157894737
steps[1].tcp_speed_m_s=0.0
steps[1].interpolation_step=0.005
steps[1].path_kind=taught_wait_align_weld_attitude
steps[1].touch_guard=False
steps[1].continue_after_touch=False
steps[1].accept_initial_touch=False
steps[1].weld_scenario_id=weld-28150158197153
steps[1].weld_scenario_stage=start_safe
steps[1].waypoint_count=1
steps[1].waypoints[0].position_m.x=-0.019383096840801473
steps[1].waypoints[0].position_m.y=-1.7417227579293326
steps[1].waypoints[0].position_m.z=0.6752595089557485
steps[1].waypoints[0].orientation_xyzw.x=-0.296099740466735
steps[1].waypoints[0].orientation_xyzw.y=0.7364054777357055
steps[1].waypoints[0].orientation_xyzw.z=-0.5923955264742314
steps[1].waypoints[0].orientation_xyzw.w=-0.1382007824496581
steps[2].sequence_number=3
steps[2].type=motion
steps[2].parallel_slot=3
steps[2].duration=0.0
steps[2].planning_group=right_manipulator
steps[2].velocity_scale=0.3695263157894737
steps[2].tcp_speed_m_s=0.0
steps[2].interpolation_step=0.005
steps[2].path_kind=taught_wait_to_weld_start
steps[2].touch_guard=False
steps[2].continue_after_touch=True
steps[2].accept_initial_touch=False
steps[2].weld_scenario_id=weld-28150158197153
steps[2].weld_scenario_stage=start_contact
steps[2].waypoint_count=1
steps[2].waypoints[0].position_m.x=-0.017406298951282626
steps[2].waypoints[0].position_m.y=-1.7418227228594811
steps[2].waypoints[0].position_m.z=0.6733416739056457
steps[2].waypoints[0].orientation_xyzw.x=-0.296099740466735
steps[2].waypoints[0].orientation_xyzw.y=0.7364054777357055
steps[2].waypoints[0].orientation_xyzw.z=-0.5923955264742314
steps[2].waypoints[0].orientation_xyzw.w=-0.1382007824496581
steps[3].sequence_number=4
steps[3].type=digital_output
steps[3].parallel_slot=4
steps[3].duration=0.0
steps[3].port=0
steps[3].value=False
steps[3].weld_scenario_id=weld-28150158197153
steps[3].weld_scenario_stage=touch_output_off
steps[4].sequence_number=5
steps[4].type=digital_weld
steps[4].parallel_slot=5
steps[4].duration=0.0
steps[4].command=on
steps[4].weld_scenario_id=weld-28150158197153
steps[4].weld_scenario_stage=arc_on
steps[4].settings.current_a=230
steps[4].settings.voltage_tenths=265
steps[4].settings.voltage=26.5
steps[4].settings.material=FE-SOLID
steps[4].settings.diameter_mm=1.2
steps[4].settings.mode=LSM
steps[4].settings.gas=CO2 100%
steps[4].settings.synergic=False
steps[4].settings.correction=0.0
steps[4].settings.hot_start_enabled=True
steps[4].settings.hot_start_percent=20.0
steps[4].settings.hot_start_hold_adjustment=0
steps[4].settings.crater_enabled=False
steps[4].settings.crater_percent=26.08695652173913
steps[4].settings.crater_current_a=60.0
steps[4].settings.crater_voltage_v=25.0
steps[4].settings.crater_seconds=1.0
steps[4].settings.wire_consumable_alpha_mm=0.0
steps[4].settings.hot_start_current_a=276
steps[5].sequence_number=6
steps[5].type=motion
steps[5].parallel_slot=5
steps[5].duration=0.0
steps[5].planning_group=right_manipulator
steps[5].velocity_scale=0.3695263157894737
steps[5].tcp_speed_m_s=0.007
steps[5].interpolation_step=0.005
steps[5].path_kind=continuous_lead_to_lead_over_taught_goal_fastech_di0_ignored
steps[5].touch_guard=False
steps[5].weld_scenario_id=weld-28150158197153
steps[5].weld_scenario_stage=weld_motion
steps[5].lead_in_mm=1.0
steps[5].lead_out_mm=6.0
steps[5].linear_motion_profile=True
steps[5].waypoint_count=2
steps[5].waypoints[0].position_m.x=-0.017406298951282626
steps[5].waypoints[0].position_m.y=-1.7418227228594811
steps[5].waypoints[0].position_m.z=0.6733416739056457
steps[5].waypoints[0].orientation_xyzw.x=-0.296099740466735
steps[5].waypoints[0].orientation_xyzw.y=0.7364054777357055
steps[5].waypoints[0].orientation_xyzw.z=-0.5923955264742314
steps[5].waypoints[0].orientation_xyzw.w=-0.1382007824496581
steps[5].waypoints[1].position_m.x=-0.02400901802081587
steps[5].waypoints[1].position_m.y=-1.5563967363474152
steps[5].waypoints[1].position_m.z=0.6763773674500098
steps[5].waypoints[1].orientation_xyzw.x=-0.29608091818106996
steps[5].waypoints[1].orientation_xyzw.y=0.7364212669520126
steps[5].waypoints[1].orientation_xyzw.z=-0.5923920811232232
steps[5].waypoints[1].orientation_xyzw.w=-0.13817173984698802
steps[5].lead_start.position_m.x=-0.017406298951282626
steps[5].lead_start.position_m.y=-1.7418227228594811
steps[5].lead_start.position_m.z=0.6733416739056457
steps[5].lead_start.orientation_xyzw.x=-0.296099740466735
steps[5].lead_start.orientation_xyzw.y=0.7364054777357055
steps[5].lead_start.orientation_xyzw.z=-0.5923955264742314
steps[5].lead_start.orientation_xyzw.w=-0.1382007824496581
steps[5].usable_seam_start.position_m.x=-0.01744188001627245
steps[5].usable_seam_start.position_m.y=-1.7408234899665764
steps[5].usable_seam_start.position_m.z=0.6733580328038744
steps[5].usable_seam_start.orientation_xyzw.x=-0.296099740466735
steps[5].usable_seam_start.orientation_xyzw.y=0.7364054777357055
steps[5].usable_seam_start.orientation_xyzw.z=-0.5923955264742314
steps[5].usable_seam_start.orientation_xyzw.w=-0.1382007824496581
steps[5].usable_seam_goal.position_m.x=-0.023795531630876943
steps[5].usable_seam_goal.position_m.y=-1.562392133704844
steps[5].usable_seam_goal.position_m.z=0.6762792140606375
steps[5].usable_seam_goal.orientation_xyzw.x=-0.29608091818106996
steps[5].usable_seam_goal.orientation_xyzw.y=0.7364212669520126
steps[5].usable_seam_goal.orientation_xyzw.z=-0.5923920811232232
steps[5].usable_seam_goal.orientation_xyzw.w=-0.13817173984698802
steps[5].lead_end.position_m.x=-0.02400901802081587
steps[5].lead_end.position_m.y=-1.5563967363474152
steps[5].lead_end.position_m.z=0.6763773674500098
steps[5].lead_end.orientation_xyzw.x=-0.29608091818106996
steps[5].lead_end.orientation_xyzw.y=0.7364212669520126
steps[5].lead_end.orientation_xyzw.z=-0.5923920811232232
steps[5].lead_end.orientation_xyzw.w=-0.13817173984698802
steps[6].sequence_number=7
steps[6].type=digital_weld
steps[6].parallel_slot=5
steps[6].duration=0.0
steps[6].velocity_scale=0.3695263157894737
steps[6].tcp_speed_m_s=0.007
steps[6].command=off
steps[6].weld_scenario_id=weld-28150158197153
steps[6].weld_scenario_stage=arc_off
steps[6].trigger_before_goal=True
steps[6].arc_off_delay_s=0.5
steps[6].settings.current_a=230
steps[6].settings.voltage_tenths=265
steps[6].settings.voltage=26.5
steps[6].settings.material=FE-SOLID
steps[6].settings.diameter_mm=1.2
steps[6].settings.mode=LSM
steps[6].settings.gas=CO2 100%
steps[6].settings.synergic=False
steps[6].settings.correction=0.0
steps[6].settings.hot_start_enabled=True
steps[6].settings.hot_start_percent=20.0
steps[6].settings.hot_start_hold_adjustment=0
steps[6].settings.crater_enabled=False
steps[6].settings.crater_percent=26.08695652173913
steps[6].settings.crater_current_a=60.0
steps[6].settings.crater_voltage_v=25.0
steps[6].settings.crater_seconds=1.0
steps[6].settings.wire_consumable_alpha_mm=0.0
steps[6].settings.hot_start_current_a=276
steps[7].sequence_number=8
steps[7].type=motion
steps[7].parallel_slot=6
steps[7].duration=0.0
steps[7].planning_group=right_manipulator
steps[7].velocity_scale=0.3695263157894737
steps[7].tcp_speed_m_s=0.0
steps[7].interpolation_step=0.005
steps[7].path_kind=weld_end_to_taught_wait_fixed_attitude
steps[7].pose_name=weld_goal_wait
steps[7].pose_label=5 · Weld goal wait pose
steps[7].touch_guard=False
steps[7].continue_after_touch=False
steps[7].weld_scenario_id=weld-28150158197153
steps[7].weld_scenario_stage=goal_wait
steps[7].waypoint_count=1
steps[7].waypoints[0].position_m.x=-0.024393472761968488
steps[7].waypoints[0].position_m.y=-1.5623800604005869
steps[7].waypoints[0].position_m.z=0.6781644953726658
steps[7].waypoints[0].orientation_xyzw.x=-0.29608091818106996
steps[7].waypoints[0].orientation_xyzw.y=0.7364212669520126
steps[7].waypoints[0].orientation_xyzw.z=-0.5923920811232232
steps[7].waypoints[0].orientation_xyzw.w=-0.13817173984698802
steps[8].sequence_number=9
steps[8].type=named_pose
steps[8].parallel_slot=7
steps[8].duration=0.0
steps[8].planning_group=right_manipulator
steps[8].velocity_scale=0.3695263157894737
steps[8].tcp_speed_m_s=0.0
steps[8].pose_name=weld_finish
steps[8].pose_label=7 · Weld end pose
steps[8].touch_guard=False
steps[8].continue_after_touch=False
steps[8].weld_scenario_id=weld-28150158197153
steps[8].weld_scenario_stage=finish
steps[8].target_tcp.position_m.x=-0.02379571009684625
steps[8].target_tcp.position_m.y=-1.5623878040648893
steps[8].target_tcp.position_m.z=0.7064305233154275
steps[8].target_tcp.orientation_xyzw.x=-0.29604742218715546
steps[8].target_tcp.orientation_xyzw.y=0.7364073513012283
steps[8].target_tcp.orientation_xyzw.z=-0.592430035210753
steps[8].target_tcp.orientation_xyzw.w=-0.13815494977030515
steps[8].joint_names[0]=right_manipulator_joint1
steps[8].joint_names[1]=right_manipulator_joint2
steps[8].joint_names[2]=right_manipulator_joint3
steps[8].joint_names[3]=right_manipulator_joint4
steps[8].joint_names[4]=right_manipulator_joint5
steps[8].joint_names[5]=right_manipulator_joint6
steps[8].joint_positions_rad[0]=4.955874341999582
steps[8].joint_positions_rad[1]=1.2898311007368284
steps[8].joint_positions_rad[2]=2.05531401234461
steps[8].joint_positions_rad[3]=3.228972566851947
steps[8].joint_positions_rad[4]=1.510648300943239
steps[8].joint_positions_rad[5]=2.0249153600819003
steps[9].sequence_number=10
steps[9].type=digital_output
steps[9].parallel_slot=8
steps[9].duration=0.0
steps[9].port=0
steps[9].value=True
steps[9].weld_scenario_id=weld-28150158197153
steps[9].weld_scenario_stage=touch_output_on
hicomm_cyclic_period_ms=40.0
arc_wait_recognition=True
arc_wait_main_welding=True
arc_wait_established=True
arc_establishment_timeout_s=5.0

[summary]
rx_samples=270
welding_samples=0
wcr_seen=0
current_a.min=None
current_a.average=None
current_a.max=None
voltage_v.min=None
voltage_v.average=None
voltage_v.max=None
wire_feed_m_min.min=None
wire_feed_m_min.average=None
wire_feed_m_min.max=None

[production_metrics]
arc_started_elapsed_s=None
arc_completed_elapsed_s=None
arc_on_time_s=0.0
main_weld_arc_time_s=0.0
crater_arc_time_s=0.0
weld_motion_start_elapsed_s=0.01963358500142931
weld_motion_complete_elapsed_s=None
weld_motion_duration_s=None
net_weld_arc_time_s=0.0
wire_feed_average_m_min=0.0
wire_consumable_base_mm=0.0
wire_consumable_alpha_mm=0.0
wire_consumable_mm=0.0
wire_consumable_formula=integral(WFS*1000/60*dt)+alpha
weld_motion_start_unix_time=1789459182.635481
weld_motion_start_wall_time=2026-09-15 16:59:42.635
weld_motion_complete_unix_time=None
weld_motion_complete_wall_time=None

[arc_off_control]

[teaching_snapshot_yaml]
robot_start:
  planning_group: right_manipulator
  joint_state:
    names:
    - right_manipulator_joint1
    - right_manipulator_joint2
    - right_manipulator_joint3
    - right_manipulator_joint4
    - right_manipulator_joint5
    - right_manipulator_joint6
    positions_rad:
    - 5.27240967968313
    - 1.0710261184710546
    - 2.180025851451385
    - 3.6894743983235436
    - 1.4802383302458966
    - 1.475784459638848
  tcp_pose_world:
    position_m:
      x: 0.0409882833240674
      y: -1.5365128539727777
      z: 0.8899872668309907
    orientation_xyzw:
      x: -0.4355837586611503
      y: 0.6337556876271521
      z: -0.5283180348228105
      w: -0.3598618786031996
weld_wait:
  planning_group: right_manipulator
  joint_state:
    names:
    - right_manipulator_joint1
    - right_manipulator_joint2
    - right_manipulator_joint3
    - right_manipulator_joint4
    - right_manipulator_joint5
    - right_manipulator_joint6
    positions_rad:
    - 4.909999261694096
    - 1.2850733634494018
    - 1.8551371095346403
    - 3.1860703732713156
    - 1.3063669342612394
    - 2.0064430089708383
  tcp_pose_world:
    position_m:
      x: -0.01940850046095377
      y: -1.7415798875438466
      z: 0.6921340741830926
    orientation_xyzw:
      x: -0.2961144134536744
      y: 0.7364292269660572
      z: -0.5923626931040612
      w: -0.13818352880740048
weld_start_wait:
  planning_group: right_manipulator
  joint_state:
    names:
    - right_manipulator_joint1
    - right_manipulator_joint2
    - right_manipulator_joint3
    - right_manipulator_joint4
    - right_manipulator_joint5
    - right_manipulator_joint6
    positions_rad:
    - 4.910006718545148
    - 1.3049962052481756
    - 1.8405339320132996
    - 3.1860248332166754
    - 1.3118800771918668
    - 2.0066632523929875
  tcp_pose_world:
    position_m:
      x: -0.019383096840801473
      y: -1.7417227579293326
      z: 0.6752595089557485
    orientation_xyzw:
      x: -0.29609660605260957
      y: 0.7363699731226344
      z: -0.5924385990796176
      w: -0.1382120432092536
weld_start:
  planning_group: right_manipulator
  joint_state:
    names:
    - right_manipulator_joint1
    - right_manipulator_joint2
    - right_manipulator_joint3
    - right_manipulator_joint4
    - right_manipulator_joint5
    - right_manipulator_joint6
    positions_rad:
    - 4.912459489909111
    - 1.307171874700716
    - 1.8396416398900686
    - 3.18846641930406
    - 1.3130533328101013
    - 2.006750604076742
  tcp_pose_world:
    position_m:
      x: -0.01744188001627245
      y: -1.7408234899665764
      z: 0.6733580328038744
    orientation_xyzw:
      x: -0.296099740466735
      y: 0.7364054777357055
      z: -0.5923955264742314
      w: -0.1382007824496581
weld_goal_wait:
  planning_group: right_manipulator
  joint_state:
    names:
    - right_manipulator_joint1
    - right_manipulator_joint2
    - right_manipulator_joint3
    - right_manipulator_joint4
    - right_manipulator_joint5
    - right_manipulator_joint6
    positions_rad:
    - 4.955019999921885
    - 1.3248430137978275
    - 2.0296844158039598
    - 3.2281182247742497
    - 1.5198484572450268
    - 2.0255609103301353
  tcp_pose_world:
    position_m:
      x: -0.024393472761968488
      y: -1.5623800604005869
      z: 0.6781644953726658
    orientation_xyzw:
      x: -0.29605806471311125
      y: 0.7364573448739692
      z: -0.592364694412823
      w: -0.1381458298781174
weld_end:
  planning_group: right_manipulator
  joint_state:
    names:
    - right_manipulator_joint1
    - right_manipulator_joint2
    - right_manipulator_joint3
    - right_manipulator_joint4
    - right_manipulator_joint5
    - right_manipulator_joint6
    positions_rad:
    - 4.9558892557016865
    - 1.3271782065996636
    - 2.027835249901063
    - 3.2289459352410463
    - 1.5203989326423462
    - 2.0257089820867438
  tcp_pose_world:
    position_m:
      x: -0.023795531630876943
      y: -1.562392133704844
      z: 0.6762792140606375
    orientation_xyzw:
      x: -0.29608091818106996
      y: 0.7364212669520126
      z: -0.5923920811232232
      w: -0.13817173984698802
weld_finish:
  planning_group: right_manipulator
  joint_state:
    names:
    - right_manipulator_joint1
    - right_manipulator_joint2
    - right_manipulator_joint3
    - right_manipulator_joint4
    - right_manipulator_joint5
    - right_manipulator_joint6
    positions_rad:
    - 4.955874341999582
    - 1.2898311007368284
    - 2.05531401234461
    - 3.228972566851947
    - 1.510648300943239
    - 2.0249153600819003
  tcp_pose_world:
    position_m:
      x: -0.02379571009684625
      y: -1.5623878040648893
      z: 0.7064305233154275
    orientation_xyzw:
      x: -0.29604742218715546
      y: 0.7364073513012283
      z: -0.592430035210753
      w: -0.13815494977030515

[touch_snapshot_yaml]
{}

[samples]
elapsed_s raw0 state arc gas fwd wcr current_a voltage_v wire_feed_m_min set_current_a set_voltage_v error db collision
0.024 0x00 idle 0 0 0 0 0 0.0 0.0 230 26.5 0 0 0
0.071 0x00 idle 0 0 0 0 0 0.0 0.0 230 26.5 0 0 0
0.107 0x00 idle 0 0 0 0 0 0.0 0.0 230 26.5 0 0 0
0.145 0x00 idle 0 0 0 0 0 0.0 0.0 230 26.5 0 0 0
0.185 0x00 idle 0 0 0 0 0 0.0 0.0 230 26.5 0 0 0
0.228 0x00 idle 0 0 0 0 0 0.0 0.0 230 26.5 0 0 0
0.263 0x00 idle 0 0 0 0 0 0.0 0.0 230 26.5 0 0 0
0.305 0x00 idle 0 0 0 0 0 0.0 0.0 230 26.5 0 0 0
0.346 0x00 idle 0 0 0 0 0 0.0 0.0 230 26.5 0 0 0
0.384 0x00 idle 0 0 0 0 0 0.0 0.0 230 26.5 0 0 0
0.427 0x00 idle 0 0 0 0 0 0.0 0.0 230 26.5 0 0 0
0.464 0x00 idle 0 0 0 0 0 0.0 0.0 230 26.5 0 0 0
0.503 0x00 idle 0 0 0 0 0 0.0 0.0 230 26.5 0 0 0
0.549 0x00 idle 0 0 0 0 0 0.0 0.0 230 26.5 0 0 0
0.583 0x00 idle 0 0 0 0 0 0.0 0.0 230 26.5 0 0 0
0.622 0x00 idle 0 0 0 0 0 0.0 0.0 230 26.5 0 0 0
0.665 0x00 idle 0 0 0 0 0 0.0 0.0 230 26.5 0 0 0
0.707 0x00 idle 0 0 0 0 0 0.0 0.0 230 26.5 0 0 0
0.746 0x00 idle 0 0 0 0 0 0.0 0.0 230 26.5 0 0 0
0.784 0x00 idle 0 0 0 0 0 0.0 0.0 230 26.5 0 0 0
0.822 0x00 idle 0 0 0 0 0 0.0 0.0 230 26.5 0 0 0
0.867 0x00 idle 0 0 0 0 0 0.0 0.0 230 26.5 0 0 0
0.906 0x00 idle 0 0 0 0 0 0.0 0.0 230 26.5 0 0 0
0.944 0x00 idle 0 0 0 0 0 0.0 0.0 230 26.5 0 0 0
0.987 0x00 idle 0 0 0 0 0 0.0 0.0 230 26.5 0 0 0
1.022 0x00 idle 0 0 0 0 0 0.0 0.0 230 26.5 0 0 0
1.068 0x00 idle 0 0 0 0 0 0.0 0.0 230 26.5 0 0 0
1.110 0x00 idle 0 0 0 0 0 0.0 0.0 230 26.5 0 0 0
1.141 0x00 idle 0 0 0 0 0 0.0 0.0 230 26.5 0 0 0
1.190 0x00 idle 0 0 0 0 0 0.0 0.0 230 26.5 0 0 0
1.224 0x00 idle 0 0 0 0 0 0.0 0.0 230 26.5 0 0 0
1.268 0x00 idle 0 0 0 0 0 0.0 0.0 230 26.5 0 0 0
1.311 0x00 idle 0 0 0 0 0 0.0 0.0 230 26.5 0 0 0
1.349 0x00 idle 0 0 0 0 0 0.0 0.0 230 26.5 0 0 0
1.387 0x00 idle 0 0 0 0 0 0.0 0.0 230 26.5 0 0 0
1.423 0x00 idle 0 0 0 0 0 0.0 0.0 230 26.5 0 0 0
1.464 0x00 idle 0 0 0 0 0 0.0 0.0 230 26.5 0 0 0
1.505 0x00 idle 0 0 0 0 0 0.0 0.0 230 26.5 0 0 0
1.548 0x00 idle 0 0 0 0 0 0.0 0.0 230 26.5 0 0 0
1.588 0x00 idle 0 0 0 0 0 0.0 0.0 230 26.5 0 0 0
1.626 0x00 idle 0 0 0 0 0 0.0 0.0 230 26.5 0 0 0
1.661 0x00 idle 0 0 0 0 0 0.0 0.0 230 26.5 0 0 0
1.710 0x00 idle 0 0 0 0 0 0.0 0.0 230 26.5 0 0 0
1.741 0x00 idle 0 0 0 0 0 0.0 0.0 230 26.5 0 0 0
1.785 0x00 idle 0 0 0 0 0 0.0 0.0 230 26.5 0 0 0
1.820 0x00 idle 0 0 0 0 0 0.0 0.0 230 26.5 0 0 0
1.863 0x00 idle 0 0 0 0 0 0.0 0.0 230 26.5 0 0 0
1.905 0x00 idle 0 0 0 0 0 0.0 0.0 230 26.5 0 0 0
1.951 0x00 idle 0 0 0 0 0 0.0 0.0 230 26.5 0 0 0
1.983 0x00 idle 0 0 0 0 0 0.0 0.0 230 26.5 0 0 0
2.022 0x00 idle 0 0 0 0 0 0.0 0.0 230 26.5 0 0 0
2.064 0x00 idle 0 0 0 0 0 0.0 0.0 230 26.5 0 0 0
2.107 0x00 idle 0 0 0 0 0 0.0 0.0 230 26.5 0 0 0
2.148 0x00 idle 0 0 0 0 0 0.0 0.0 230 26.5 0 0 0
2.183 0x00 idle 0 0 0 0 0 0.0 0.0 230 26.5 0 0 0
2.224 0x00 idle 0 0 0 0 0 0.0 0.0 230 26.5 0 0 0
2.266 0x00 idle 0 0 0 0 0 0.0 0.0 230 26.5 0 0 0
2.302 0x00 idle 0 0 0 0 0 0.0 0.0 230 26.5 0 0 0
2.344 0x00 idle 0 0 0 0 0 0.0 0.0 230 26.5 0 0 0
2.387 0x00 idle 0 0 0 0 0 0.0 0.0 230 26.5 0 0 0
2.425 0x00 idle 0 0 0 0 0 0.0 0.0 230 26.5 0 0 0
2.464 0x00 idle 0 0 0 0 0 0.0 0.0 230 26.5 0 0 0
2.503 0x00 idle 0 0 0 0 0 0.0 0.0 230 26.5 0 0 0
2.543 0x00 idle 0 0 0 0 0 0.0 0.0 230 26.5 0 0 0
2.582 0x00 idle 0 0 0 0 0 0.0 0.0 230 26.5 0 0 0
2.625 0x00 idle 0 0 0 0 0 0.0 0.0 230 26.5 0 0 0
2.664 0x00 idle 0 0 0 0 0 0.0 0.0 230 26.5 0 0 0
2.702 0x00 idle 0 0 0 0 0 0.0 0.0 230 26.5 0 0 0
2.742 0x00 idle 0 0 0 0 0 0.0 0.0 230 26.5 0 0 0
2.783 0x00 idle 0 0 0 0 0 0.0 0.0 230 26.5 0 0 0
2.825 0x00 idle 0 0 0 0 0 0.0 0.0 230 26.5 0 0 0
2.867 0x00 idle 0 0 0 0 0 0.0 0.0 230 26.5 0 0 0
2.906 0x00 idle 0 0 0 0 0 0.0 0.0 230 26.5 0 0 0
2.945 0x00 idle 0 0 0 0 0 0.0 0.0 230 26.5 0 0 0
2.985 0x00 idle 0 0 0 0 0 0.0 0.0 230 26.5 0 0 0
3.023 0x00 idle 0 0 0 0 0 0.0 0.0 230 26.5 0 0 0
3.066 0x00 idle 0 0 0 0 0 0.0 0.0 230 26.5 0 0 0
3.105 0x00 idle 0 0 0 0 0 0.0 0.0 230 26.5 0 0 0
3.145 0x00 idle 0 0 0 0 0 0.0 0.0 230 26.5 0 0 0
3.191 0x00 idle 0 0 0 0 0 0.0 0.0 230 26.5 0 0 0
3.235 0x00 idle 0 0 0 0 0 0.0 0.0 230 26.5 0 0 0
3.272 0x00 idle 0 0 0 0 0 0.0 0.0 230 26.5 0 0 0
3.304 0x00 idle 0 0 0 0 0 0.0 0.0 230 26.5 0 0 0
3.345 0x00 idle 0 0 0 0 0 0.0 0.0 230 26.5 0 0 0
3.385 0x00 idle 0 0 0 0 0 0.0 0.0 230 26.5 0 0 0
3.425 0x00 idle 0 0 0 0 0 0.0 0.0 230 26.5 0 0 0
3.471 0x00 idle 0 0 0 0 0 0.0 0.0 230 26.5 0 0 0
3.506 0x00 idle 0 0 0 0 0 0.0 0.0 230 26.5 0 0 0
3.544 0x00 idle 0 0 0 0 0 0.0 0.0 230 26.5 0 0 0
3.589 0x00 idle 0 0 0 0 0 0.0 0.0 230 26.5 0 0 0
3.627 0x00 idle 0 0 0 0 0 0.0 0.0 230 26.5 0 0 0
3.661 0x00 idle 0 0 0 0 0 0.0 0.0 230 26.5 0 0 0
3.709 0x00 idle 0 0 0 0 0 0.0 0.0 230 26.5 0 0 0
3.745 0x00 idle 0 0 0 0 0 0.0 0.0 230 26.5 0 0 0
3.786 0x00 idle 0 0 0 0 0 0.0 0.0 230 26.5 0 0 0
3.825 0x00 idle 0 0 0 0 0 0.0 0.0 230 26.5 0 0 0
3.870 0x00 idle 0 0 0 0 0 0.0 0.0 230 26.5 0 0 0
3.911 0x00 idle 0 0 0 0 0 0.0 0.0 230 26.5 0 0 0
3.944 0x00 idle 0 0 0 0 0 0.0 0.0 230 26.5 0 0 0
3.982 0x00 idle 0 0 0 0 0 0.0 0.0 230 26.5 0 0 0
4.029 0x00 idle 0 0 0 0 0 0.0 0.0 230 26.5 0 0 0
4.067 0x00 idle 0 0 0 0 0 0.0 0.0 230 26.5 0 0 0
4.105 0x00 idle 0 0 0 0 0 0.0 0.0 230 26.5 0 0 0
4.153 0x00 idle 0 0 0 0 0 0.0 0.0 230 26.5 0 0 0
4.188 0x00 idle 0 0 0 0 0 0.0 0.0 230 26.5 0 0 0
4.232 0x00 idle 0 0 0 0 0 0.0 0.0 230 26.5 0 0 0
4.268 0x00 idle 0 0 0 0 0 0.0 0.0 230 26.5 0 0 0
4.308 0x00 idle 0 0 0 0 0 0.0 0.0 230 26.5 0 0 0
4.343 0x00 idle 0 0 0 0 0 0.0 0.0 230 26.5 0 0 0
4.389 0x00 idle 0 0 0 0 0 0.0 0.0 230 26.5 0 0 0
4.424 0x00 idle 0 0 0 0 0 0.0 0.0 230 26.5 0 0 0
4.477 0x00 idle 0 0 0 0 0 0.0 0.0 230 26.5 0 0 0
4.509 0x00 idle 0 0 0 0 0 0.0 0.0 230 26.5 0 0 0
4.544 0x00 idle 0 0 0 0 0 0.0 0.0 230 26.5 0 0 0
4.592 0x00 idle 0 0 0 0 0 0.0 0.0 230 26.5 0 0 0
4.625 0x00 idle 0 0 0 0 0 0.0 0.0 230 26.5 0 0 0
4.666 0x00 idle 0 0 0 0 0 0.0 0.0 230 26.5 0 0 0
4.703 0x00 idle 0 0 0 0 0 0.0 0.0 230 26.5 0 0 0
4.751 0x00 idle 0 0 0 0 0 0.0 0.0 230 26.5 0 0 0
4.781 0x00 idle 0 0 0 0 0 0.0 0.0 230 26.5 0 0 0
4.823 0x00 idle 0 0 0 0 0 0.0 0.0 230 26.5 0 0 0
4.866 0x00 idle 0 0 0 0 0 0.0 0.0 230 26.5 0 0 0
4.902 0x00 idle 0 0 0 0 0 0.0 0.0 230 26.5 0 0 0
4.942 0x00 idle 0 0 0 0 0 0.0 0.0 230 26.5 0 0 0
4.992 0x00 idle 0 0 0 0 0 0.0 0.0 230 26.5 0 0 0
5.034 0x00 idle 0 0 0 0 0 0.0 0.0 230 26.5 0 0 0
5.064 0x00 idle 0 0 0 0 0 0.0 0.0 230 26.5 0 0 0
5.105 0x00 idle 0 0 0 0 0 0.0 0.0 230 26.5 0 0 0
5.145 0x00 idle 0 0 0 0 0 0.0 0.0 230 26.5 0 0 0
5.187 0x00 idle 0 0 0 0 0 0.0 0.0 230 26.5 0 0 0
5.225 0x00 idle 0 0 0 0 0 0.0 0.0 230 26.5 0 0 0
5.264 0x00 idle 0 0 0 0 0 0.0 0.0 230 26.5 0 0 0
5.300 0x00 idle 0 0 0 0 0 0.0 0.0 230 26.5 0 0 0
5.344 0x00 idle 0 0 0 0 0 0.0 0.0 230 26.5 0 0 0
5.381 0x00 idle 0 0 0 0 0 0.0 0.0 230 26.5 0 0 0
5.422 0x00 idle 0 0 0 0 0 0.0 0.0 230 26.5 0 0 0
5.464 0x00 idle 0 0 0 0 0 0.0 0.0 230 26.5 0 0 0
5.503 0x00 idle 0 0 0 0 0 0.0 0.0 230 26.5 0 0 0
5.544 0x00 idle 0 0 0 0 0 0.0 0.0 230 26.5 0 0 0
5.581 0x00 idle 0 0 0 0 0 0.0 0.0 230 26.5 0 0 0
5.627 0x00 idle 0 0 0 0 0 0.0 0.0 230 26.5 0 0 0
5.666 0x00 idle 0 0 0 0 0 0.0 0.0 230 26.5 0 0 0
5.708 0x00 idle 0 0 0 0 0 0.0 0.0 230 26.5 0 0 0
5.745 0x00 idle 0 0 0 0 0 0.0 0.0 230 26.5 0 0 0
5.791 0x00 idle 0 0 0 0 0 0.0 0.0 230 26.5 0 0 0
5.825 0x00 idle 0 0 0 0 0 0.0 0.0 230 26.5 0 0 0
5.862 0x00 idle 0 0 0 0 0 0.0 0.0 230 26.5 0 0 0
5.904 0x00 idle 0 0 0 0 0 0.0 0.0 230 26.5 0 0 0
5.947 0x00 idle 0 0 0 0 0 0.0 0.0 230 26.5 0 0 0
5.986 0x00 idle 0 0 0 0 0 0.0 0.0 230 26.5 0 0 0
6.031 0x00 idle 0 0 0 0 0 0.0 0.0 230 26.5 0 0 0
6.069 0x00 idle 0 0 0 0 0 0.0 0.0 230 26.5 0 0 0
6.103 0x00 idle 0 0 0 0 0 0.0 0.0 230 26.5 0 0 0
6.141 0x00 idle 0 0 0 0 0 0.0 0.0 230 26.5 0 0 0
6.190 0x00 idle 0 0 0 0 0 0.0 0.0 230 26.5 0 0 0
6.224 0x00 idle 0 0 0 0 0 0.0 0.0 230 26.5 0 0 0
6.273 0x00 idle 0 0 0 0 0 0.0 0.0 230 26.5 0 0 0
6.302 0x00 idle 0 0 0 0 0 0.0 0.0 230 26.5 0 0 0
6.344 0x00 idle 0 0 0 0 0 0.0 0.0 230 26.5 0 0 0
6.385 0x00 idle 0 0 0 0 0 0.0 0.0 230 26.5 0 0 0
6.427 0x00 idle 0 0 0 0 0 0.0 0.0 230 26.5 0 0 0
6.463 0x00 idle 0 0 0 0 0 0.0 0.0 230 26.5 0 0 0
6.507 0x00 idle 0 0 0 0 0 0.0 0.0 230 26.5 0 0 0
6.546 0x00 idle 0 0 0 0 0 0.0 0.0 230 26.5 0 0 0
6.587 0x00 idle 0 0 0 0 0 0.0 0.0 230 26.5 0 0 0
6.626 0x00 idle 0 0 0 0 0 0.0 0.0 230 26.5 0 0 0
6.663 0x00 idle 0 0 0 0 0 0.0 0.0 230 26.5 0 0 0
6.705 0x00 idle 0 0 0 0 0 0.0 0.0 230 26.5 0 0 0
6.748 0x00 idle 0 0 0 0 0 0.0 0.0 230 26.5 0 0 0
6.784 0x00 idle 0 0 0 0 0 0.0 0.0 230 26.5 0 0 0
6.827 0x00 idle 0 0 0 0 0 0.0 0.0 230 26.5 0 0 0
6.866 0x00 idle 0 0 0 0 0 0.0 0.0 230 26.5 0 0 0
6.911 0x00 idle 0 0 0 0 0 0.0 0.0 230 26.5 0 0 0
6.947 0x00 idle 0 0 0 0 0 0.0 0.0 230 26.5 0 0 0
6.981 0x00 idle 0 0 0 0 0 0.0 0.0 230 26.5 0 0 0
7.024 0x00 idle 0 0 0 0 0 0.0 0.0 230 26.5 0 0 0
7.068 0x00 idle 0 0 0 0 0 0.0 0.0 230 26.5 0 0 0
7.107 0x00 idle 0 0 0 0 0 0.0 0.0 230 26.5 0 0 0
7.144 0x00 idle 0 0 0 0 0 0.0 0.0 230 26.5 0 0 0
7.191 0x00 idle 0 0 0 0 0 0.0 0.0 230 26.5 0 0 0
7.225 0x00 idle 0 0 0 0 0 0.0 0.0 230 26.5 0 0 0
7.262 0x00 idle 0 0 0 0 0 0.0 0.0 230 26.5 0 0 0
7.306 0x00 idle 0 0 0 0 0 0.0 0.0 230 26.5 0 0 0
7.343 0x00 idle 0 0 0 0 0 0.0 0.0 230 26.5 0 0 0
7.382 0x00 idle 0 0 0 0 0 0.0 0.0 230 26.5 0 0 0
7.429 0x00 idle 0 0 0 0 0 0.0 0.0 230 26.5 0 0 0
7.467 0x00 idle 0 0 0 0 0 0.0 0.0 230 26.5 0 0 0
7.507 0x00 idle 0 0 0 0 0 0.0 0.0 230 26.5 0 0 0
7.543 0x00 idle 0 0 0 0 0 0.0 0.0 230 26.5 0 0 0
7.580 0x00 idle 0 0 0 0 0 0.0 0.0 230 26.5 0 0 0
7.623 0x00 idle 0 0 0 0 0 0.0 0.0 230 26.5 0 0 0
7.665 0x00 idle 0 0 0 0 0 0.0 0.0 230 26.5 0 0 0
7.703 0x00 idle 0 0 0 0 0 0.0 0.0 230 26.5 0 0 0
7.742 0x00 idle 0 0 0 0 0 0.0 0.0 230 26.5 0 0 0
7.786 0x00 idle 0 0 0 0 0 0.0 0.0 230 26.5 0 0 0
7.825 0x00 idle 0 0 0 0 0 0.0 0.0 230 26.5 0 0 0
7.864 0x00 idle 0 0 0 0 0 0.0 0.0 230 26.5 0 0 0
7.904 0x00 idle 0 0 0 0 0 0.0 0.0 230 26.5 0 0 0
7.946 0x00 idle 0 0 0 0 0 0.0 0.0 230 26.5 0 0 0
7.983 0x00 idle 0 0 0 0 0 0.0 0.0 230 26.5 0 0 0
8.022 0x00 idle 0 0 0 0 0 0.0 0.0 230 26.5 0 0 0
8.064 0x00 idle 0 0 0 0 0 0.0 0.0 230 26.5 0 0 0
8.105 0x00 idle 0 0 0 0 0 0.0 0.0 230 26.5 0 0 0
8.145 0x00 idle 0 0 0 0 0 0.0 0.0 230 26.5 0 0 0
8.181 0x00 idle 0 0 0 0 0 0.0 0.0 230 26.5 0 0 0
8.221 0x00 idle 0 0 0 0 0 0.0 0.0 230 26.5 0 0 0
8.266 0x00 idle 0 0 0 0 0 0.0 0.0 230 26.5 0 0 0
8.305 0x00 idle 0 0 0 0 0 0.0 0.0 230 26.5 0 0 0
8.342 0x00 idle 0 0 0 0 0 0.0 0.0 230 26.5 0 0 0
8.381 0x00 idle 0 0 0 0 0 0.0 0.0 230 26.5 0 0 0
8.427 0x00 idle 0 0 0 0 0 0.0 0.0 230 26.5 0 0 0
8.468 0x00 idle 0 0 0 0 0 0.0 0.0 230 26.5 0 0 0
8.507 0x00 idle 0 0 0 0 0 0.0 0.0 230 26.5 0 0 0
8.545 0x00 idle 0 0 0 0 0 0.0 0.0 230 26.5 0 0 0
8.584 0x00 idle 0 0 0 0 0 0.0 0.0 230 26.5 0 0 0
8.625 0x00 idle 0 0 0 0 0 0.0 0.0 230 26.5 0 0 0
8.683 0x00 idle 0 0 0 0 0 0.0 0.0 230 26.5 0 0 0
8.704 0x00 idle 0 0 0 0 0 0.0 0.0 230 26.5 0 0 0
8.746 0x00 idle 0 0 0 0 0 0.0 0.0 230 26.5 0 0 0
8.787 0x00 idle 0 0 0 0 0 0.0 0.0 230 26.5 0 0 0
8.828 0x00 idle 0 0 0 0 0 0.0 0.0 230 26.5 0 0 0
8.868 0x00 idle 0 0 0 0 0 0.0 0.0 230 26.5 0 0 0
8.905 0x00 idle 0 0 0 0 0 0.0 0.0 230 26.5 0 0 0
8.944 0x00 idle 0 0 0 0 0 0.0 0.0 230 26.5 0 0 0
8.985 0x00 idle 0 0 0 0 0 0.0 0.0 230 26.5 0 0 0
9.033 0x00 idle 0 0 0 0 0 0.0 0.0 230 26.5 0 0 0
9.065 0x00 idle 0 0 0 0 0 0.0 0.0 230 26.5 0 0 0
9.105 0x00 idle 0 0 0 0 0 0.0 0.0 230 26.5 0 0 0
9.146 0x00 idle 0 0 0 0 0 0.0 0.0 230 26.5 0 0 0
9.183 0x00 idle 0 0 0 0 0 0.0 0.0 230 26.5 0 0 0
9.227 0x00 idle 0 0 0 0 0 0.0 0.0 230 26.5 0 0 0
9.262 0x00 idle 0 0 0 0 0 0.0 0.0 230 26.5 0 0 0
9.302 0x00 idle 0 0 0 0 0 0.0 0.0 230 26.5 0 0 0
9.344 0x00 idle 0 0 0 0 0 0.0 0.0 230 26.5 0 0 0
9.387 0x00 idle 0 0 0 0 0 0.0 0.0 230 26.5 0 0 0
9.426 0x00 idle 0 0 0 0 0 0.0 0.0 230 26.5 0 0 0
9.467 0x00 idle 0 0 0 0 0 0.0 0.0 230 26.5 0 0 0
9.508 0x00 idle 0 0 0 0 0 0.0 0.0 230 26.5 0 0 0
9.544 0x00 idle 0 0 0 0 0 0.0 0.0 230 26.5 0 0 0
9.584 0x00 idle 0 0 0 0 0 0.0 0.0 230 26.5 0 0 0
9.623 0x00 idle 0 0 0 0 0 0.0 0.0 230 26.5 0 0 0
9.665 0x00 idle 0 0 0 0 0 0.0 0.0 230 26.5 0 0 0
9.705 0x00 idle 0 0 0 0 0 0.0 0.0 230 26.5 0 0 0
9.744 0x00 idle 0 0 0 0 0 0.0 0.0 230 26.5 0 0 0
9.783 0x00 idle 0 0 0 0 0 0.0 0.0 230 26.5 0 0 0
9.825 0x00 idle 0 0 0 0 0 0.0 0.0 230 26.5 0 0 0
9.863 0x00 idle 0 0 0 0 0 0.0 0.0 230 26.5 0 0 0
9.908 0x00 idle 0 0 0 0 0 0.0 0.0 230 26.5 0 0 0
9.947 0x00 idle 0 0 0 0 0 0.0 0.0 230 26.5 0 0 0
9.984 0x00 idle 0 0 0 0 0 0.0 0.0 230 26.5 0 0 0
10.026 0x00 idle 0 0 0 0 0 0.0 0.0 230 26.5 0 0 0
10.078 0x00 idle 0 0 0 0 0 0.0 0.0 230 26.5 0 0 0
10.109 0x00 idle 0 0 0 0 0 0.0 0.0 230 26.5 0 0 0
10.145 0x00 idle 0 0 0 0 0 0.0 0.0 230 26.5 0 0 0
10.185 0x00 idle 0 0 0 0 0 0.0 0.0 230 26.5 0 0 0
10.228 0x00 idle 0 0 0 0 0 0.0 0.0 230 26.5 0 0 0
10.267 0x00 idle 0 0 0 0 0 0.0 0.0 230 26.5 0 0 0
10.301 0x00 idle 0 0 0 0 0 0.0 0.0 230 26.5 0 0 0
10.342 0x00 idle 0 0 0 0 0 0.0 0.0 230 26.5 0 0 0
10.387 0x00 idle 0 0 0 0 0 0.0 0.0 230 26.5 0 0 0
10.423 0x00 idle 0 0 0 0 0 0.0 0.0 230 26.5 0 0 0
10.467 0x00 idle 0 0 0 0 0 0.0 0.0 230 26.5 0 0 0
10.504 0x00 idle 0 0 0 0 0 0.0 0.0 230 26.5 0 0 0
10.544 0x00 idle 0 0 0 0 0 0.0 0.0 230 26.5 0 0 0
10.588 0x00 idle 0 0 0 0 0 0.0 0.0 230 26.5 0 0 0
10.627 0x00 idle 0 0 0 0 0 0.0 0.0 230 26.5 0 0 0
10.665 0x00 idle 0 0 0 0 0 0.0 0.0 230 26.5 0 0 0
10.704 0x00 idle 0 0 0 0 0 0.0 0.0 230 26.5 0 0 0
10.746 0x00 idle 0 0 0 0 0 0.0 0.0 230 26.5 0 0 0
10.786 0x00 idle 0 0 0 0 0 0.0 0.0 230 26.5 0 0 0

[tcp_trajectory]
elapsed_s x_m y_m z_m qx qy qz qw speed_m_s tf_stamp_s along_mm remaining_mm cross_track_mm progress waypoint phase
0.0026 -0.0180128 -1.7417667 0.6738129 -0.29614288 0.73641470 -0.59235626 -0.13822753 0.000000 1789459182.597173691 -0.915 179.483 0.765 0.00000 -1 ACTUAL_TF
0.0492 -0.0177998 -1.7417895 0.6736192 -0.29613533 0.73640654 -0.59236849 -0.13823474 0.005168 1789459182.653045177 -0.948 179.517 0.480 0.00000 -1 ACTUAL_TF
0.1023 -0.0176858 -1.7418232 0.6735295 -0.29612734 0.73639853 -0.59238095 -0.13824115 0.004415 1789459182.709108591 -0.987 179.556 0.336 0.00000 -1 ACTUAL_TF
0.1597 -0.0176483 -1.7418230 0.6735131 -0.29613912 0.73639130 -0.59238626 -0.13823165 0.003310 1789459182.765073299 -0.989 179.557 0.296 0.00000 -1 ACTUAL_TF
0.2216 -0.0176374 -1.7417657 0.6734945 -0.29616443 0.73639604 -0.59237218 -0.13821250 0.002644 1789459182.821077585 -0.932 179.501 0.275 0.00000 -1 ACTUAL_TF
0.2716 -0.0176591 -1.7417099 0.6734743 -0.29618170 0.73640528 -0.59235500 -0.13819993 0.002189 1789459182.877175808 -0.876 179.444 0.281 0.00000 -1 ACTUAL_TF
0.3375 -0.0176950 -1.7416547 0.6734541 -0.29618942 0.73641835 -0.59233599 -0.13819520 0.001901 1789459182.933200121 -0.820 179.388 0.303 0.00000 -1 ACTUAL_TF
0.3876 -0.0177164 -1.7416008 0.6734386 -0.29619421 0.73642885 -0.59232109 -0.13819287 0.001653 1789459182.989067078 -0.766 179.334 0.316 0.00000 -1 ACTUAL_TF
0.4377 -0.0177398 -1.7415369 0.6734388 -0.29619244 0.73642949 -0.59232034 -0.13819645 0.001521 1789459183.045157671 -0.701 179.269 0.336 0.00000 -1 ACTUAL_TF
0.4963 -0.0177585 -1.7414659 0.6734451 -0.29618911 0.73642582 -0.59232537 -0.13820160 0.001461 1789459183.101008654 -0.629 179.198 0.353 0.00000 -1 ACTUAL_TF
0.5547 -0.0177931 -1.7413505 0.6734452 -0.29618250 0.73642847 -0.59232321 -0.13821087 0.001667 1789459183.157047272 -0.513 179.081 0.382 0.00000 -1 ACTUAL_TF
0.6123 -0.0178292 -1.7412510 0.6734532 -0.29616947 0.73642743 -0.59232774 -0.13822498 0.001736 1789459183.213050842 -0.412 178.980 0.415 0.00000 -1 ACTUAL_TF
0.6627 -0.0178673 -1.7411084 0.6734784 -0.29615105 0.73641486 -0.59234786 -0.13824516 0.002018 1789459183.268966675 -0.268 178.836 0.453 0.00000 -1 ACTUAL_TF
0.7256 -0.0178741 -1.7409514 0.6734787 -0.29615079 0.73641490 -0.59234668 -0.13825058 0.002251 1789459183.325215340 -0.110 178.679 0.453 0.00000 -1 ACTUAL_TF
0.7771 -0.0178731 -1.7407481 0.6734994 -0.29614551 0.73640073 -0.59236428 -0.13826190 0.002674 1789459183.381014109 0.093 178.475 0.450 0.00000 -1 ACTUAL_TF
0.8356 -0.0178620 -1.7405016 0.6735077 -0.29614861 0.73639314 -0.59237083 -0.13826763 0.003192 1789459183.437118292 0.339 178.229 0.433 0.00000 -1 ACTUAL_TF
0.8880 -0.0178521 -1.7402984 0.6735207 -0.29614971 0.73638265 -0.59238192 -0.13827363 0.003322 1789459183.493342400 0.542 178.026 0.420 0.00000 -1 ACTUAL_TF
0.9464 -0.0178416 -1.7400301 0.6735155 -0.29615550 0.73638519 -0.59237545 -0.13827545 0.003770 1789459183.549126387 0.810 177.759 0.398 0.00000 -1 ACTUAL_TF
1.0001 -0.0178356 -1.7398091 0.6735262 -0.29615222 0.73637899 -0.59238399 -0.13827888 0.003823 1789459183.605238676 1.030 177.538 0.388 0.00000 -1 ACTUAL_TF
1.0582 -0.0178199 -1.7395142 0.6735191 -0.29615620 0.73638474 -0.59237601 -0.13827397 0.004262 1789459183.661078691 1.324 177.244 0.359 0.00000 -1 ACTUAL_TF
1.1122 -0.0177976 -1.7392829 0.6735357 -0.29615186 0.73637516 -0.59239110 -0.13826960 0.004225 1789459183.717379332 1.555 177.013 0.337 0.00000 -1 ACTUAL_TF
1.1678 -0.0177789 -1.7389626 0.6735438 -0.29614713 0.73637321 -0.59239723 -0.13826385 0.004687 1789459183.773078442 1.875 176.694 0.312 0.00000 -1 ACTUAL_TF
1.2293 -0.0177663 -1.7386029 0.6735528 -0.29613875 0.73637267 -0.59240348 -0.13825792 0.005208 1789459183.829117060 2.234 176.335 0.292 0.00000 -1 ACTUAL_TF
1.2803 -0.0177510 -1.7382907 0.6735516 -0.29613919 0.73637607 -0.59240090 -0.13824990 0.005319 1789459183.885158539 2.545 176.023 0.266 0.00000 -1 ACTUAL_TF
1.3469 -0.0177387 -1.7378988 0.6735524 -0.29613903 0.73637849 -0.59239908 -0.13824514 0.005822 1789459183.941209555 2.936 175.632 0.242 0.00000 -1 ACTUAL_TF
1.3936 -0.0177299 -1.7376029 0.6735758 -0.29613132 0.73636526 -0.59241866 -0.13824822 0.005665 1789459183.997224331 3.232 175.336 0.239 0.00000 -1 ACTUAL_TF
1.4478 -0.0177257 -1.7371909 0.6735909 -0.29612651 0.73635828 -0.59242922 -0.13825049 0.006175 1789459184.053206444 3.644 174.925 0.232 0.00000 -1 ACTUAL_TF
1.5097 -0.0177140 -1.7368396 0.6735977 -0.29612836 0.73635489 -0.59243322 -0.13824743 0.006209 1789459184.109110355 3.994 174.574 0.218 0.00000 -1 ACTUAL_TF
1.5618 -0.0177173 -1.7363867 0.6736121 -0.29612455 0.73634875 -0.59244260 -0.13824810 0.006771 1789459184.165173531 4.447 174.121 0.216 0.00000 -1 ACTUAL_TF
1.6135 -0.0177158 -1.7360007 0.6736262 -0.29611972 0.73634305 -0.59245227 -0.13824737 0.006809 1789459184.221177101 4.833 173.735 0.215 0.00000 -1 ACTUAL_TF
1.6707 -0.0177044 -1.7355728 0.6736413 -0.29611425 0.73633758 -0.59246255 -0.13824413 0.007062 1789459184.277145863 5.261 173.308 0.211 0.00000 -1 ACTUAL_TF
1.7330 -0.0177031 -1.7351086 0.6736335 -0.29611570 0.73634797 -0.59245077 -0.13823620 0.007432 1789459184.333119392 5.724 172.844 0.191 0.00000 -1 ACTUAL_TF
1.7837 -0.0177039 -1.7347641 0.6736489 -0.29610755 0.73633995 -0.59246410 -0.13823926 0.007047 1789459184.389200449 6.069 172.500 0.197 0.00000 -1 ACTUAL_TF
1.8412 -0.0176903 -1.7343306 0.6736569 -0.29610713 0.73633865 -0.59246760 -0.13823209 0.007257 1789459184.445177794 6.502 172.067 0.193 0.00000 -1 ACTUAL_TF
1.8962 -0.0176972 -1.7339541 0.6736526 -0.29610930 0.73634253 -0.59246221 -0.13822985 0.007103 1789459184.501044750 6.878 171.690 0.182 0.00000 -1 ACTUAL_TF
1.9485 -0.0177010 -1.7335373 0.6736715 -0.29610151 0.73633551 -0.59247464 -0.13823066 0.007212 1789459184.556926250 7.295 171.273 0.194 0.00000 -1 ACTUAL_TF
2.0134 -0.0176988 -1.7331741 0.6736702 -0.29610543 0.73633630 -0.59247265 -0.13822661 0.006988 1789459184.613091469 7.658 170.911 0.188 0.00000 -1 ACTUAL_TF
2.0615 -0.0177039 -1.7327613 0.6736812 -0.29610092 0.73632917 -0.59248366 -0.13822699 0.007106 1789459184.669036388 8.071 170.498 0.193 0.00000 -1 ACTUAL_TF
2.1251 -0.0177051 -1.7324378 0.6737035 -0.29609474 0.73631779 -0.59250015 -0.13823021 0.006708 1789459184.725142956 8.394 170.174 0.211 0.00000 -1 ACTUAL_TF
2.1760 -0.0177061 -1.7320155 0.6737006 -0.29609817 0.73631870 -0.59249817 -0.13822651 0.006964 1789459184.780992508 8.816 169.752 0.204 0.00000 -1 ACTUAL_TF
2.2414 -0.0177130 -1.7315825 0.6737122 -0.29609901 0.73631195 -0.59250637 -0.13822551 0.007193 1789459184.837055206 9.249 169.319 0.211 0.00000 -1 ACTUAL_TF
2.2926 -0.0177253 -1.7312297 0.6737182 -0.29609414 0.73631124 -0.59250949 -0.13822633 0.006924 1789459184.893138647 9.602 168.966 0.211 0.00000 -1 ACTUAL_TF
2.3417 -0.0177370 -1.7307959 0.6737041 -0.29609658 0.73632494 -0.59249289 -0.13821929 0.007172 1789459184.949168205 10.036 168.532 0.192 0.00000 -1 ACTUAL_TF
2.3987 -0.0177509 -1.7304089 0.6736831 -0.29609999 0.73634334 -0.59247057 -0.13820962 0.007100 1789459185.005089760 10.423 168.145 0.167 0.00000 -1 ACTUAL_TF
2.4602 -0.0177585 -1.7300262 0.6736980 -0.29609506 0.73633640 -0.59248116 -0.13821179 0.007018 1789459185.061220407 10.806 167.763 0.177 0.00000 -1 ACTUAL_TF
2.5134 -0.0177815 -1.7296429 0.6736967 -0.29609578 0.73633967 -0.59247628 -0.13821374 0.006972 1789459185.117160797 11.190 167.379 0.166 0.00000 -1 ACTUAL_TF
2.5673 -0.0178036 -1.7292183 0.6736949 -0.29609757 0.73634367 -0.59246982 -0.13821628 0.007159 1789459185.173139334 11.615 166.954 0.156 0.00000 -1 ACTUAL_TF
2.6260 -0.0178203 -1.7288420 0.6736906 -0.29610042 0.73634862 -0.59246224 -0.13821626 0.007029 1789459185.229126453 11.991 166.577 0.145 0.00000 -1 ACTUAL_TF
2.6852 -0.0178410 -1.7284211 0.6736958 -0.29609775 0.73634944 -0.59246217 -0.13821796 0.007174 1789459185.285237551 12.413 166.156 0.141 0.00000 -1 ACTUAL_TF
2.7322 -0.0178537 -1.7280012 0.6737065 -0.29609249 0.73634763 -0.59246773 -0.13821502 0.007275 1789459185.341185808 12.833 165.735 0.146 0.00000 -1 ACTUAL_TF
2.7924 -0.0178627 -1.7276377 0.6737157 -0.29608237 0.73634898 -0.59247295 -0.13820717 0.007041 1789459185.397200823 13.197 165.372 0.150 0.00000 -1 ACTUAL_TF
2.8573 -0.0178784 -1.7272243 0.6737308 -0.29607860 0.73634286 -0.59248237 -0.13820744 0.007136 1789459185.453468084 13.610 164.958 0.158 0.00000 -1 ACTUAL_TF
2.9068 -0.0178942 -1.7268864 0.6737346 -0.29608017 0.73634205 -0.59248209 -0.13820957 0.006816 1789459185.509203196 13.949 164.620 0.155 0.00000 -1 ACTUAL_TF
2.9550 -0.0179092 -1.7264361 0.6737232 -0.29609097 0.73635119 -0.59246625 -0.13820567 0.007191 1789459185.565067053 14.399 164.169 0.137 0.00000 -1 ACTUAL_TF
3.0141 -0.0179257 -1.7261028 0.6737225 -0.29609229 0.73635415 -0.59246139 -0.13820790 0.006820 1789459185.621122360 14.733 163.836 0.130 0.00000 -1 ACTUAL_TF
3.0735 -0.0179425 -1.7256678 0.6737191 -0.29609951 0.73635853 -0.59245262 -0.13820668 0.007112 1789459185.676976442 15.168 163.401 0.120 0.00000 -1 ACTUAL_TF
3.1275 -0.0179480 -1.7253312 0.6737221 -0.29610365 0.73636040 -0.59244876 -0.13820437 0.006773 1789459185.733248949 15.504 163.064 0.119 0.00000 -1 ACTUAL_TF
3.1883 -0.0179760 -1.7248619 0.6737095 -0.29610754 0.73637475 -0.59242940 -0.13820263 0.007261 1789459185.789243698 15.974 162.594 0.096 0.00000 -1 ACTUAL_TF
3.2452 -0.0179876 -1.7244437 0.6737089 -0.29610768 0.73637823 -0.59242616 -0.13819768 0.007323 1789459185.845269203 16.392 162.176 0.091 0.00000 -1 ACTUAL_TF
3.2930 -0.0180011 -1.7241067 0.6737220 -0.29609368 0.73637873 -0.59243374 -0.13819244 0.006936 1789459185.901212692 16.730 161.838 0.097 0.00000 -1 ACTUAL_TF
3.3472 -0.0180113 -1.7236643 0.6737265 -0.29609805 0.73637923 -0.59243161 -0.13818960 0.007230 1789459185.957111120 17.172 161.396 0.097 0.00000 -1 ACTUAL_TF
3.4088 -0.0180307 -1.7233281 0.6737390 -0.29609576 0.73637123 -0.59244082 -0.13819765 0.006868 1789459186.013051987 17.509 161.059 0.101 0.00000 -1 ACTUAL_TF
3.4631 -0.0180459 -1.7229040 0.6737443 -0.29609985 0.73636817 -0.59244170 -0.13820141 0.007079 1789459186.069121838 17.934 160.635 0.099 0.00000 -1 ACTUAL_TF
3.5185 -0.0180620 -1.7225465 0.6737626 -0.29609661 0.73635678 -0.59245571 -0.13820894 0.006878 1789459186.125029564 18.292 160.277 0.110 0.00000 -1 ACTUAL_TF
3.5796 -0.0180801 -1.7221191 0.6737575 -0.29610312 0.73635887 -0.59244944 -0.13821080 0.007110 1789459186.180937290 18.719 159.849 0.097 0.00000 -1 ACTUAL_TF
3.6388 -0.0180980 -1.7216786 0.6737277 -0.29611344 0.73637443 -0.59242623 -0.13820526 0.007338 1789459186.237101078 19.160 159.409 0.062 0.00000 -1 ACTUAL_TF
3.6871 -0.0181106 -1.7212935 0.6737042 -0.29611711 0.73639265 -0.59240384 -0.13819626 0.007209 1789459186.292959929 19.544 159.024 0.038 0.00000 -1 ACTUAL_TF
3.7441 -0.0181343 -1.7208588 0.6736833 -0.29610900 0.73641060 -0.59238810 -0.13818548 0.007371 1789459186.349201441 19.979 158.589 0.019 0.00000 -1 ACTUAL_TF
3.8026 -0.0181442 -1.7205332 0.6737000 -0.29609844 0.73640719 -0.59239791 -0.13818420 0.006906 1789459186.405245543 20.305 158.263 0.022 0.00000 -1 ACTUAL_TF
3.8628 -0.0181653 -1.7201013 0.6736926 -0.29610455 0.73641196 -0.59238833 -0.13818678 0.007152 1789459186.461226463 20.738 157.831 0.015 0.00000 -1 ACTUAL_TF
3.9122 -0.0181920 -1.7197333 0.6736804 -0.29610989 0.73642209 -0.59237237 -0.13818978 0.006990 1789459186.517052889 21.106 157.462 0.023 0.00000 -1 ACTUAL_TF
3.9715 -0.0182149 -1.7193005 0.6736816 -0.29611702 0.73642517 -0.59236457 -0.13819148 0.007198 1789459186.573475599 21.539 157.029 0.030 0.00000 -1 ACTUAL_TF
4.0339 -0.0182340 -1.7189479 0.6736918 -0.29611616 0.73642029 -0.59236977 -0.13819706 0.006940 1789459186.629198790 21.892 156.676 0.028 0.00000 -1 ACTUAL_TF
4.0828 -0.0182547 -1.7185205 0.6736978 -0.29611990 0.73641854 -0.59236900 -0.13820169 0.007154 1789459186.685116291 22.320 156.248 0.032 0.00000 -1 ACTUAL_TF
4.1346 -0.0182768 -1.7181169 0.6737241 -0.29611449 0.73640680 -0.59238412 -0.13821099 0.007183 1789459186.740988731 22.725 155.843 0.027 0.00000 -1 ACTUAL_TF
4.1989 -0.0182814 -1.7177908 0.6737535 -0.29610629 0.73639252 -0.59240501 -0.13821511 0.006780 1789459186.797046185 23.051 155.517 0.027 0.00000 -1 ACTUAL_TF
4.2525 -0.0182890 -1.7173668 0.6737655 -0.29608862 0.73639811 -0.59241019 -0.13820100 0.007014 1789459186.853178024 23.475 155.093 0.026 0.00000 -1 ACTUAL_TF
4.3045 -0.0183057 -1.7170148 0.6737616 -0.29608641 0.73640625 -0.59240174 -0.13819856 0.006795 1789459186.909257650 23.828 154.741 0.021 0.00000 -1 ACTUAL_TF
4.3587 -0.0183213 -1.7165882 0.6737703 -0.29609060 0.73640558 -0.59240000 -0.13820064 0.007048 1789459186.965149164 24.255 154.314 0.023 0.00000 -1 ACTUAL_TF
4.4225 -0.0183344 -1.7162218 0.6737614 -0.29609981 0.73641284 -0.59238692 -0.13819829 0.006901 1789459187.021084070 24.621 153.947 0.016 0.00000 -1 ACTUAL_TF
4.4710 -0.0183515 -1.7157991 0.6737654 -0.29610438 0.73641319 -0.59238324 -0.13820241 0.007099 1789459187.077032089 25.044 153.524 0.019 0.00000 -1 ACTUAL_TF
4.5375 -0.0183622 -1.7154574 0.6737750 -0.29610674 0.73640832 -0.59238746 -0.13820518 0.006802 1789459187.133024931 25.386 153.182 0.017 0.00000 -1 ACTUAL_TF
4.5870 -0.0183754 -1.7150486 0.6737810 -0.29610792 0.73640882 -0.59238580 -0.13820713 0.006952 1789459187.189038038 25.795 152.773 0.016 0.00000 -1 ACTUAL_TF
4.6450 -0.0183939 -1.7146209 0.6737895 -0.29610907 0.73640810 -0.59238604 -0.13820750 0.007152 1789459187.245232344 26.223 152.345 0.019 0.00000 -1 ACTUAL_TF
4.6940 -0.0183964 -1.7142650 0.6738080 -0.29610176 0.73640212 -0.59239816 -0.13820304 0.006923 1789459187.301012516 26.579 151.989 0.018 0.00000 -1 ACTUAL_TF
4.7509 -0.0184056 -1.7138313 0.6738169 -0.29609563 0.73640310 -0.59240163 -0.13819610 0.007169 1789459187.357059717 27.013 151.555 0.017 0.00000 -1 ACTUAL_TF
4.8084 -0.0184115 -1.7134635 0.6738157 -0.29610256 0.73640380 -0.59239781 -0.13819391 0.006984 1789459187.413192272 27.381 151.187 0.011 0.00000 -1 ACTUAL_TF
4.8699 -0.0184261 -1.7130428 0.6738432 -0.29609932 0.73638741 -0.59241772 -0.13820283 0.007134 1789459187.469566584 27.802 150.766 0.031 0.00000 -1 ACTUAL_TF
4.9179 -0.0184303 -1.7127092 0.6738475 -0.29610239 0.73638469 -0.59241959 -0.13820271 0.006800 1789459187.524960756 28.136 150.432 0.032 0.00000 -1 ACTUAL_TF
4.9803 -0.0184452 -1.7122853 0.6738410 -0.29610910 0.73639417 -0.59240493 -0.13820064 0.007012 1789459187.581501722 28.560 150.008 0.020 0.00000 -1 ACTUAL_TF
5.0372 -0.0184639 -1.7119087 0.6738263 -0.29611667 0.73640836 -0.59238408 -0.13819824 0.006941 1789459187.637179613 28.937 149.632 0.009 0.00000 -1 ACTUAL_TF
5.0867 -0.0184775 -1.7114970 0.6738475 -0.29610990 0.73639959 -0.59239781 -0.13820063 0.007070 1789459187.693141937 29.349 149.220 0.013 0.00000 -1 ACTUAL_TF
5.1488 -0.0184929 -1.7110751 0.6738515 -0.29610784 0.73640267 -0.59239528 -0.13819942 0.007212 1789459187.749112844 29.771 148.797 0.010 0.00000 -1 ACTUAL_TF
5.2002 -0.0184997 -1.7107093 0.6738603 -0.29610556 0.73640082 -0.59239952 -0.13819601 0.007008 1789459187.805140972 30.137 148.431 0.017 0.00000 -1 ACTUAL_TF
5.2626 -0.0185129 -1.7102904 0.6738647 -0.29610486 0.73640332 -0.59239735 -0.13819350 0.007150 1789459187.861173630 30.556 148.012 0.018 0.00000 -1 ACTUAL_TF
5.3102 -0.0185175 -1.7099544 0.6738717 -0.29610790 0.73639939 -0.59240066 -0.13819377 0.006796 1789459187.917463303 30.892 147.676 0.025 0.00000 -1 ACTUAL_TF
5.3623 -0.0185386 -1.7095120 0.6738752 -0.29610956 0.73640218 -0.59239609 -0.13819490 0.007148 1789459187.973025799 31.335 147.233 0.019 0.00000 -1 ACTUAL_TF
5.4230 -0.0185494 -1.7091730 0.6738883 -0.29610220 0.73639623 -0.59240714 -0.13819505 0.006819 1789459188.029135942 31.674 146.894 0.023 0.00000 -1 ACTUAL_TF
5.4841 -0.0185614 -1.7087646 0.6739171 -0.29609520 0.73638252 -0.59242703 -0.13819781 0.006969 1789459188.085099459 32.083 146.485 0.041 0.00000 -1 ACTUAL_TF
5.5367 -0.0185814 -1.7083959 0.6739180 -0.29609611 0.73638313 -0.59242501 -0.13820129 0.006856 1789459188.141110897 32.452 146.116 0.033 0.00000 -1 ACTUAL_TF
5.6027 -0.0185952 -1.7079661 0.6739120 -0.29610065 0.73638983 -0.59241475 -0.13819978 0.007092 1789459188.197384119 32.882 145.686 0.023 0.00000 -1 ACTUAL_TF
5.6530 -0.0186105 -1.7075397 0.6738988 -0.29610661 0.73640453 -0.59239475 -0.13819445 0.007262 1789459188.253120661 33.309 145.260 0.017 0.00000 -1 ACTUAL_TF
5.7058 -0.0186202 -1.7072010 0.6739124 -0.29610278 0.73639959 -0.59240294 -0.13819386 0.006901 1789459188.309099436 33.648 144.921 0.019 0.00000 -1 ACTUAL_TF
5.7551 -0.0186410 -1.7067430 0.6738995 -0.29610541 0.73641189 -0.59238709 -0.13819063 0.007288 1789459188.365095139 34.106 144.463 0.022 0.00000 -1 ACTUAL_TF
5.8182 -0.0186480 -1.7064075 0.6739132 -0.29610065 0.73640737 -0.59239500 -0.13819101 0.006896 1789459188.421236992 34.442 144.127 0.021 0.00000 -1 ACTUAL_TF
5.8687 -0.0186604 -1.7059565 0.6739143 -0.29610568 0.73641002 -0.59238994 -0.13818779 0.007252 1789459188.477057934 34.893 143.676 0.027 0.00000 -1 ACTUAL_TF
5.9303 -0.0186751 -1.7056383 0.6739368 -0.29609797 0.73639922 -0.59240561 -0.13819472 0.006785 1789459188.533134937 35.212 143.357 0.020 0.00000 -1 ACTUAL_TF
5.9930 -0.0186914 -1.7052148 0.6739418 -0.29610007 0.73639930 -0.59240433 -0.13819526 0.007019 1789459188.589168310 35.635 142.933 0.018 0.00000 -1 ACTUAL_TF
6.0510 -0.0187035 -1.7048913 0.6739584 -0.29609614 0.73638943 -0.59241766 -0.13819913 0.006653 1789459188.645064354 35.959 142.609 0.022 0.00000 -1 ACTUAL_TF
6.0984 -0.0187176 -1.7044286 0.6739581 -0.29609962 0.73639518 -0.59241015 -0.13819323 0.007137 1789459188.701063156 36.422 142.146 0.021 0.00000 -1 ACTUAL_TF
6.1565 -0.0187311 -1.7040338 0.6739931 -0.29608876 0.73637939 -0.59243376 -0.13819945 0.007118 1789459188.757125378 36.818 141.751 0.039 0.00000 -1 ACTUAL_TF
6.2058 -0.0187473 -1.7036478 0.6739810 -0.29609689 0.73638952 -0.59241802 -0.13819548 0.007055 1789459188.813074112 37.204 141.365 0.023 0.00000 -1 ACTUAL_TF
6.2727 -0.0187524 -1.7032538 0.6739825 -0.29609849 0.73638986 -0.59241731 -0.13819331 0.007045 1789459188.869183540 37.598 140.971 0.029 0.00000 -1 ACTUAL_TF
6.3265 -0.0187712 -1.7028890 0.6739682 -0.29610360 0.73640496 -0.59239647 -0.13819120 0.006887 1789459188.925264120 37.963 140.606 0.024 0.00000 -1 ACTUAL_TF
6.3779 -0.0187961 -1.7024568 0.6739686 -0.29610501 0.73641028 -0.59238874 -0.13819298 0.007138 1789459188.981329918 38.395 140.173 0.021 0.00000 -1 ACTUAL_TF
6.4392 -0.0188125 -1.7020930 0.6739707 -0.29610630 0.73641200 -0.59238622 -0.13819191 0.006955 1789459189.037087440 38.760 139.809 0.023 0.00000 -1 ACTUAL_TF
6.4921 -0.0188279 -1.7016640 0.6739751 -0.29610327 0.73641416 -0.59238533 -0.13819066 0.007169 1789459189.093094587 39.189 139.379 0.025 0.00000 -1 ACTUAL_TF
6.5439 -0.0188460 -1.7012476 0.6739869 -0.29609881 0.73641315 -0.59238836 -0.13819260 0.007251 1789459189.149121761 39.606 138.963 0.020 0.00000 -1 ACTUAL_TF
6.6072 -0.0188543 -1.7009077 0.6739961 -0.29609926 0.73640896 -0.59239305 -0.13819384 0.006898 1789459189.205118418 39.946 138.622 0.018 0.00000 -1 ACTUAL_TF
6.6542 -0.0188692 -1.7004949 0.6740158 -0.29609683 0.73640095 -0.59240369 -0.13819617 0.007045 1789459189.261087894 40.359 138.209 0.009 0.00000 -1 ACTUAL_TF
6.7154 -0.0188794 -1.7001421 0.6740212 -0.29609986 0.73639942 -0.59240420 -0.13819561 0.006821 1789459189.317116499 40.712 137.856 0.011 0.00000 -1 ACTUAL_TF
6.7670 -0.0188960 -1.6997233 0.6740531 -0.29609067 0.73638537 -0.59242475 -0.13820208 0.007027 1789459189.373099804 41.132 137.437 0.024 0.00000 -1 ACTUAL_TF
6.8276 -0.0189065 -1.6993661 0.6740620 -0.29609417 0.73638374 -0.59242518 -0.13820142 0.006836 1789459189.429052353 41.489 137.079 0.028 0.00000 -1 ACTUAL_TF
6.8811 -0.0189222 -1.6989416 0.6740690 -0.29609215 0.73638418 -0.59242554 -0.13820185 0.007061 1789459189.485050917 41.914 136.654 0.028 0.00000 -1 ACTUAL_TF
6.9327 -0.0189272 -1.6986061 0.6740648 -0.29609624 0.73638976 -0.59241758 -0.13819752 0.006741 1789459189.541040421 42.249 136.319 0.024 0.00000 -1 ACTUAL_TF
6.9925 -0.0189435 -1.6981842 0.6740653 -0.29609728 0.73639404 -0.59241229 -0.13819517 0.006980 1789459189.597034693 42.672 135.897 0.019 0.00000 -1 ACTUAL_TF
7.0519 -0.0189569 -1.6977551 0.6740714 -0.29609936 0.73639659 -0.59240877 -0.13819221 0.007185 1789459189.653075218 43.101 135.467 0.020 0.00000 -1 ACTUAL_TF
7.1119 -0.0189805 -1.6973984 0.6740784 -0.29609599 0.73639771 -0.59240831 -0.13819542 0.006941 1789459189.709181786 43.458 135.110 0.012 0.00000 -1 ACTUAL_TF
7.1612 -0.0189993 -1.6969327 0.6740689 -0.29610466 0.73641129 -0.59238820 -0.13819068 0.007358 1789459189.765144348 43.924 134.644 0.009 0.00000 -1 ACTUAL_TF
7.2170 -0.0190150 -1.6966033 0.6740821 -0.29610315 0.73640534 -0.59239455 -0.13819838 0.006920 1789459189.821090460 44.254 134.314 0.002 0.00000 -1 ACTUAL_TF
7.2784 -0.0190413 -1.6961752 0.6740929 -0.29610340 0.73640246 -0.59239665 -0.13820422 0.007144 1789459189.877064466 44.683 133.885 0.010 0.00000 -1 ACTUAL_TF
7.3285 -0.0190439 -1.6958379 0.6741106 -0.29610365 0.73639340 -0.59240789 -0.13820373 0.006807 1789459189.933164597 45.020 133.548 0.016 0.00000 -1 ACTUAL_TF
7.3869 -0.0190663 -1.6954296 0.6741265 -0.29609681 0.73638958 -0.59241506 -0.13820804 0.006958 1789459189.989140034 45.429 133.139 0.027 0.00000 -1 ACTUAL_TF
7.4376 -0.0190878 -1.6950660 0.6741418 -0.29609181 0.73638628 -0.59242159 -0.13820832 0.006819 1789459190.045274973 45.794 132.775 0.038 0.00000 -1 ACTUAL_TF
7.4989 -0.0191073 -1.6946338 0.6741661 -0.29608252 0.73637849 -0.59243520 -0.13821141 0.007105 1789459190.101023436 46.227 132.342 0.056 0.00000 -1 ACTUAL_TF
7.5524 -0.0191266 -1.6942026 0.6741576 -0.29608825 0.73638956 -0.59241935 -0.13820813 0.007281 1789459190.157165766 46.658 131.910 0.044 0.00000 -1 ACTUAL_TF
7.6104 -0.0191437 -1.6938773 0.6741673 -0.29608521 0.73638801 -0.59242177 -0.13821246 0.006844 1789459190.213107109 46.984 131.584 0.051 0.00000 -1 ACTUAL_TF
7.6590 -0.0191600 -1.6934526 0.6741601 -0.29609240 0.73639474 -0.59240980 -0.13821258 0.007069 1789459190.269091368 47.409 131.160 0.041 0.00000 -1 ACTUAL_TF
7.7176 -0.0191656 -1.6931020 0.6741557 -0.29609661 0.73640272 -0.59239907 -0.13820701 0.006825 1789459190.325137854 47.759 130.809 0.029 0.00000 -1 ACTUAL_TF
7.7809 -0.0191852 -1.6926812 0.6741591 -0.29609638 0.73640740 -0.59239350 -0.13820645 0.007032 1789459190.381192446 48.180 130.388 0.032 0.00000 -1 ACTUAL_TF
7.8385 -0.0191961 -1.6922691 0.6741414 -0.29610332 0.73642297 -0.59237293 -0.13819676 0.007131 1789459190.437244892 48.592 129.976 0.028 0.00000 -1 ACTUAL_TF
7.8863 -0.0192108 -1.6918413 0.6741423 -0.29610370 0.73642749 -0.59236784 -0.13819369 0.007292 1789459190.493082047 49.020 129.548 0.030 0.00000 -1 ACTUAL_TF
7.9490 -0.0192198 -1.6915166 0.6741692 -0.29609704 0.73641246 -0.59238855 -0.13819926 0.006845 1789459190.549244404 49.346 129.223 0.022 0.00000 -1 ACTUAL_TF
8.0009 -0.0192367 -1.6910993 0.6741806 -0.29609701 0.73640836 -0.59239270 -0.13820337 0.007015 1789459190.605610609 49.763 128.805 0.026 0.00000 -1 ACTUAL_TF
8.0626 -0.0192507 -1.6906774 0.6741913 -0.29609483 0.73640638 -0.59239584 -0.13820511 0.007190 1789459190.661186695 50.186 128.383 0.026 0.00000 -1 ACTUAL_TF
8.1101 -0.0192497 -1.6903405 0.6742141 -0.29609657 0.73639169 -0.59241297 -0.13820625 0.006845 1789459190.717092037 50.523 128.046 0.031 0.00000 -1 ACTUAL_TF
8.1693 -0.0192597 -1.6899014 0.6742326 -0.29609472 0.73638459 -0.59242217 -0.13820866 0.007148 1789459190.773060083 50.962 127.606 0.041 0.00000 -1 ACTUAL_TF
8.2254 -0.0192677 -1.6895147 0.6742125 -0.29610576 0.73639975 -0.59240003 -0.13819912 0.007078 1789459190.829082966 51.348 127.220 0.015 0.00000 -1 ACTUAL_TF
8.2835 -0.0192719 -1.6890977 0.6742126 -0.29610908 0.73640430 -0.59239400 -0.13819357 0.007185 1789459190.885179520 51.765 126.803 0.014 0.00000 -1 ACTUAL_TF
8.3328 -0.0192774 -1.6887675 0.6742266 -0.29610379 0.73639993 -0.59240202 -0.13819381 0.006804 1789459190.941042185 52.096 126.473 0.024 0.00000 -1 ACTUAL_TF
8.3918 -0.0192924 -1.6883326 0.6742168 -0.29610898 0.73641236 -0.59238492 -0.13818978 0.007094 1789459190.997068644 52.531 126.038 0.019 0.00000 -1 ACTUAL_TF
8.4526 -0.0193044 -1.6880085 0.6742337 -0.29610531 0.73640482 -0.59239540 -0.13819292 0.006703 1789459191.053134680 52.855 125.713 0.021 0.00000 -1 ACTUAL_TF
8.5034 -0.0193196 -1.6875574 0.6742334 -0.29610695 0.73641000 -0.59238866 -0.13819066 0.007089 1789459191.109644890 53.306 125.262 0.019 0.00000 -1 ACTUAL_TF
8.5623 -0.0193325 -1.6871521 0.6742577 -0.29610181 0.73639678 -0.59240677 -0.13819452 0.007156 1789459191.165190697 53.712 124.856 0.029 0.00000 -1 ACTUAL_TF
8.6146 -0.0193476 -1.6867753 0.6742512 -0.29610621 0.73640713 -0.59239259 -0.13819072 0.007039 1789459191.220932484 54.089 124.479 0.021 0.00000 -1 ACTUAL_TF
8.6829 -0.0193590 -1.6863841 0.6742701 -0.29610078 0.73639777 -0.59240607 -0.13819441 0.007021 1789459191.277086973 54.481 124.088 0.030 0.00000 -1 ACTUAL_TF
8.7300 -0.0193786 -1.6860316 0.6742799 -0.29609834 0.73639468 -0.59241030 -0.13819799 0.006805 1789459191.333136320 54.834 123.734 0.029 0.00000 -1 ACTUAL_TF
8.7887 -0.0193955 -1.6855978 0.6742960 -0.29609353 0.73639251 -0.59241530 -0.13819843 0.007093 1789459191.389089823 55.268 123.300 0.036 0.00000 -1 ACTUAL_TF
8.8395 -0.0194017 -1.6852449 0.6743100 -0.29608891 0.73638784 -0.59242370 -0.13819721 0.006853 1789459191.445214033 55.621 122.947 0.046 0.00000 -1 ACTUAL_TF
8.8924 -0.0194223 -1.6848072 0.6742976 -0.29609131 0.73640011 -0.59240802 -0.13819391 0.007152 1789459191.501062632 56.059 122.509 0.027 0.00000 -1 ACTUAL_TF
8.9549 -0.0194410 -1.6844255 0.6742843 -0.29609741 0.73641352 -0.59238945 -0.13818897 0.007051 1789459191.557165861 56.441 122.127 0.010 0.00000 -1 ACTUAL_TF
9.0103 -0.0194445 -1.6840603 0.6743188 -0.29608830 0.73639564 -0.59241477 -0.13819520 0.006900 1789459191.613199949 56.807 121.762 0.037 0.00000 -1 ACTUAL_TF
9.0635 -0.0194592 -1.6836299 0.6743153 -0.29609512 0.73639876 -0.59240757 -0.13819484 0.007136 1789459191.669220924 57.237 121.331 0.028 0.00000 -1 ACTUAL_TF
9.1241 -0.0194774 -1.6832539 0.6743001 -0.29610292 0.73641275 -0.59238724 -0.13819070 0.007012 1789459191.725252151 57.613 120.955 0.014 0.00000 -1 ACTUAL_TF
9.1746 -0.0194843 -1.6828108 0.6743120 -0.29610073 0.73641195 -0.59239006 -0.13818761 0.007288 1789459191.781155825 58.056 120.512 0.024 0.00000 -1 ACTUAL_TF
9.2375 -0.0194941 -1.6824810 0.6743302 -0.29609373 0.73640200 -0.59240538 -0.13818993 0.006873 1789459191.837121964 58.387 120.182 0.030 0.00000 -1 ACTUAL_TF
9.2847 -0.0195055 -1.6820782 0.6743491 -0.29608835 0.73639505 -0.59241613 -0.13819246 0.006977 1789459191.892987967 58.790 119.778 0.041 0.00000 -1 ACTUAL_TF
9.3413 -0.0195090 -1.6817292 0.6743556 -0.29609046 0.73639138 -0.59242018 -0.13819010 0.006754 1789459191.948996544 59.139 119.429 0.048 0.00000 -1 ACTUAL_TF
9.3991 -0.0195247 -1.6813302 0.6743858 -0.29608082 0.73637748 -0.59244086 -0.13819616 0.006868 1789459192.005131483 59.539 119.030 0.064 0.00000 -1 ACTUAL_TF
9.4571 -0.0195541 -1.6809509 0.6743742 -0.29608067 0.73639080 -0.59242412 -0.13819724 0.006847 1789459192.061103106 59.918 118.650 0.041 0.00000 -1 ACTUAL_TF
9.5126 -0.0195695 -1.6804964 0.6743733 -0.29608325 0.73639681 -0.59241638 -0.13819290 0.007229 1789459192.117120504 60.373 118.195 0.034 0.00000 -1 ACTUAL_TF
9.5651 -0.0195905 -1.6800674 0.6743669 -0.29608663 0.73640255 -0.59240736 -0.13819372 0.007362 1789459192.173094273 60.802 117.766 0.021 0.00000 -1 ACTUAL_TF
9.6194 -0.0196075 -1.6797412 0.6743939 -0.29607701 0.73638989 -0.59242627 -0.13820077 0.006908 1789459192.229138374 61.129 117.439 0.037 0.00000 -1 ACTUAL_TF
9.6835 -0.0196201 -1.6793150 0.6743897 -0.29608010 0.73639448 -0.59241987 -0.13819710 0.007116 1789459192.285243988 61.556 117.013 0.027 0.00000 -1 ACTUAL_TF
9.7461 -0.0196315 -1.6789646 0.6743861 -0.29608384 0.73639884 -0.59241282 -0.13819608 0.006857 1789459192.341326714 61.906 116.662 0.020 0.00000 -1 ACTUAL_TF
9.7942 -0.0196506 -1.6785377 0.6743952 -0.29608425 0.73639700 -0.59241467 -0.13819709 0.007103 1789459192.397000790 62.334 116.235 0.020 0.00000 -1 ACTUAL_TF
9.8441 -0.0196713 -1.6781877 0.6744121 -0.29607595 0.73639378 -0.59242224 -0.13819957 0.006845 1789459192.453219414 62.684 115.884 0.029 0.00000 -1 ACTUAL_TF
9.9065 -0.0196912 -1.6777323 0.6744112 -0.29607805 0.73639875 -0.59241589 -0.13819583 0.007237 1789459192.509134293 63.140 115.428 0.020 0.00000 -1 ACTUAL_TF
9.9675 -0.0197038 -1.6774006 0.6744267 -0.29607138 0.73639236 -0.59242651 -0.13819866 0.006829 1789459192.565683126 63.472 115.096 0.031 0.00000 -1 ACTUAL_TF
10.0227 -0.0197193 -1.6769876 0.6744485 -0.29606718 0.73638244 -0.59243978 -0.13820360 0.007022 1789459192.621061802 63.886 114.683 0.046 0.00000 -1 ACTUAL_TF
10.0747 -0.0197349 -1.6765614 0.6744547 -0.29607269 0.73638103 -0.59243842 -0.13820513 0.007192 1789459192.677286625 64.312 114.256 0.045 0.00000 -1 ACTUAL_TF
10.1283 -0.0197349 -1.6762226 0.6744515 -0.29607519 0.73638592 -0.59243217 -0.13820051 0.006853 1789459192.733158588 64.651 113.918 0.037 0.00000 -1 ACTUAL_TF
10.1927 -0.0197535 -1.6757558 0.6744268 -0.29608287 0.73640850 -0.59240261 -0.13819047 0.007296 1789459192.789325953 65.117 113.451 0.006 0.00000 -1 ACTUAL_TF
10.2457 -0.0197673 -1.6753799 0.6744226 -0.29608196 0.73641848 -0.59239174 -0.13818583 0.007129 1789459192.845138788 65.494 113.075 0.008 0.00000 -1 ACTUAL_TF
10.2978 -0.0197831 -1.6749476 0.6744212 -0.29608518 0.73642295 -0.59238526 -0.13818285 0.007309 1789459192.901121855 65.926 112.642 0.016 0.00000 -1 ACTUAL_TF
10.3567 -0.0197937 -1.6746318 0.6744409 -0.29607988 0.73641230 -0.59239979 -0.13818870 0.006814 1789459192.957035303 66.242 112.326 0.005 0.00000 -1 ACTUAL_TF
10.4103 -0.0198116 -1.6742002 0.6744444 -0.29608287 0.73641563 -0.59239421 -0.13818846 0.007076 1789459193.013256073 66.674 111.894 0.005 0.00000 -1 ACTUAL_TF
10.4693 -0.0198319 -1.6737574 0.6744358 -0.29608856 0.73642538 -0.59237973 -0.13818635 0.007331 1789459193.069182873 67.117 111.451 0.020 0.00000 -1 ACTUAL_TF
10.5187 -0.0198359 -1.6734049 0.6744578 -0.29608834 0.73641390 -0.59239454 -0.13818456 0.007029 1789459193.125044584 67.470 111.098 0.008 0.00000 -1 ACTUAL_TF
10.5771 -0.0198484 -1.6729906 0.6744870 -0.29607989 0.73639943 -0.59241562 -0.13818943 0.007142 1789459193.181147337 67.885 110.683 0.020 0.00000 -1 ACTUAL_TF
10.6406 -0.0198622 -1.6726282 0.6744903 -0.29608396 0.73639860 -0.59241468 -0.13818916 0.006938 1789459193.237257481 68.248 110.321 0.018 0.00000 -1 ACTUAL_TF
10.6878 -0.0198809 -1.6721936 0.6744920 -0.29608499 0.73640027 -0.59241219 -0.13818872 0.007193 1789459193.293117046 68.683 109.886 0.011 0.00000 -1 ACTUAL_TF
10.7413 -0.0198970 -1.6718685 0.6745079 -0.29607615 0.73639599 -0.59242132 -0.13819129 0.006779 1789459193.349156618 69.008 109.560 0.021 0.00000 -1 ACTUAL_TF
10.8044 -0.0199086 -1.6714414 0.6744998 -0.29608022 0.73640636 -0.59240774 -0.13818558 0.007033 1789459193.405209541 69.435 109.133 0.007 0.00000 -1 ACTUAL_TF
