WELD FEEDBACK LOG
result=completed
started=2026-09-16 11:43:09
ended=2026-09-16 11:43:22
elapsed_seconds=13.211

================ OPERATOR OVERVIEW ================
REQUESTED : 190 A / 24.5 V · FE-SOLID 1.2 mm · LSM · CO2 100%
RX ECHO   : 190 A / 24.5 V · MATCH=YES
CURRENT FB: avg 207.98 · min 44.00 · max 224.00 A
VOLTAGE FB: avg 24.03 · min 3.00 · max 61.40 V
WIRE FEED : avg 8.40 · min 8.40 · max 8.40 m/min
ARC ON    : 10.724 s
NET WELD  : 10.003 s
WIRE USED : 1400.611 mm (base 1400.611 + alpha 0.000)
WCR       : DETECTED
SAMPLES   : RX 331 / welding 252 / TCP 206
===================================================

[commanded]
current_a=190
voltage_tenths=245
voltage=24.5
material=FE-SOLID
diameter_mm=1.2
mode=LSM
gas=CO2 100%
synergic=False
correction=0.0
hot_start_enabled=True
hot_start_percent=20.0
hot_start_hold_adjustment=-1
crater_enabled=False
crater_percent=31.57894736842105
crater_current_a=60.0
crater_voltage_v=25.0
crater_seconds=1.0
wire_consumable_alpha_mm=0.0
hot_start_current_a=228

[rx_setting_echo]
current_a=190
voltage_v=24.5
hot_start_current_a=0
hot_start_hold_adjustment=-15

[rx_welding_setting_echo]
current_a=190
voltage_v=24.5
hot_start_current_a=0
hot_start_hold_adjustment=-15

[execution_conditions]
mode=sequence_execute
run_all=True
touch_io_backend=fastech_ethernet
touch_input_port=4
touch_sensing_output_port=0
fastech_ip=192.168.0.3
fastech_poll_target_hz=100.0
hicomm_source_ip=192.168.1.2
hicomm_welder_ip=192.168.1.10
hicomm_port=60000
gui_velocity_percent=36.95263157894737
gui_speed_mode=scale
gui_tcp_speed_mm_s=10.0
gui_interpolation_step_mm=5.0
seam_orientation_mode=Wait poses + fixed World-XYZ tilt
weld_fixed_tilt_x_deg=0.0
weld_fixed_tilt_y_deg=0.0
weld_fixed_tilt_z_deg=-0.0
weld_weave_enabled=True
weld_weave_pattern=capping
capping_width_mm=2.0
capping_pitch_mm=5.0
capping_left_dwell_s=0.2
capping_right_dwell_s=0.2
weld_weave_amplitude_mm=1.0
weld_weave_cycles=4
weld_weave_samples_per_cycle=8
weld_weave_axis=tool_x
weld_lead_in_mm=1.0
weld_lead_out_mm=7.0
weld_safe_approach_mm=31.0
weld_approach_mode=taught_wait
weld_pre_start_lead_mm=0.0
weld_tcp_speed_mm_s=5.000000000000001
weld_arc_off_delay_ms=500.0
tcp_tracking.parent_frame=World
tcp_tracking.child_frame=right_manipulator_ee_point
tcp_tracking.timestamp_source=TF_header_stamp
initial_fastech_di0=False
initial_fastech_do0=True
robot_connected.left=True
robot_connected.right=True
robot_connected.head=True
hicomm_connected=True
execution_allowed=True
steps[0].sequence_number=1
steps[0].type=named_pose
steps[0].parallel_slot=1
steps[0].duration=0.0
steps[0].planning_group=right_manipulator
steps[0].velocity_scale=0.3695263157894737
steps[0].tcp_speed_m_s=0.0
steps[0].pose_name=weld_start_wait
steps[0].pose_label=3 · Weld start wait pose
steps[0].touch_guard=False
steps[0].continue_after_touch=False
steps[0].weld_scenario_id=weld-9632716437714
steps[0].weld_scenario_stage=start_wait
steps[0].target_tcp.position_m.x=0.03646068728963492
steps[0].target_tcp.position_m.y=-1.6793469233273077
steps[0].target_tcp.position_m.z=0.674417019979207
steps[0].target_tcp.orientation_xyzw.x=-0.4089518530577377
steps[0].target_tcp.orientation_xyzw.y=0.6647824172284327
steps[0].target_tcp.orientation_xyzw.z=-0.5352696108757291
steps[0].target_tcp.orientation_xyzw.w=-0.32296929157043747
steps[0].joint_names[0]=right_manipulator_joint1
steps[0].joint_names[1]=right_manipulator_joint2
steps[0].joint_names[2]=right_manipulator_joint3
steps[0].joint_names[3]=right_manipulator_joint4
steps[0].joint_names[4]=right_manipulator_joint5
steps[0].joint_names[5]=right_manipulator_joint6
steps[0].joint_positions_rad[0]=5.1496113218195765
steps[0].joint_positions_rad[1]=1.3091994723966476
steps[0].joint_positions_rad[2]=1.881715989845849
steps[0].joint_positions_rad[3]=3.5661181082116182
steps[0].joint_positions_rad[4]=1.395569381815389
steps[0].joint_positions_rad[5]=1.5444073298694105
steps[1].sequence_number=2
steps[1].type=motion
steps[1].parallel_slot=2
steps[1].duration=0.0
steps[1].planning_group=right_manipulator
steps[1].velocity_scale=0.3695263157894737
steps[1].tcp_speed_m_s=0.0
steps[1].interpolation_step=0.005
steps[1].path_kind=taught_wait_align_weld_attitude
steps[1].touch_guard=False
steps[1].continue_after_touch=False
steps[1].accept_initial_touch=False
steps[1].weld_scenario_id=weld-9632716437714
steps[1].weld_scenario_stage=start_safe
steps[1].waypoint_count=1
steps[1].waypoints[0].position_m.x=0.03646068728963492
steps[1].waypoints[0].position_m.y=-1.6793469233273077
steps[1].waypoints[0].position_m.z=0.674417019979207
steps[1].waypoints[0].orientation_xyzw.x=-0.41852144609875075
steps[1].waypoints[0].orientation_xyzw.y=0.6587997264198323
steps[1].waypoints[0].orientation_xyzw.z=-0.5398835902939494
steps[1].waypoints[0].orientation_xyzw.w=-0.31519585745355166
steps[2].sequence_number=3
steps[2].type=motion
steps[2].parallel_slot=3
steps[2].duration=0.0
steps[2].planning_group=right_manipulator
steps[2].velocity_scale=0.3695263157894737
steps[2].tcp_speed_m_s=0.0
steps[2].interpolation_step=0.005
steps[2].path_kind=taught_wait_to_weld_start
steps[2].touch_guard=False
steps[2].continue_after_touch=True
steps[2].accept_initial_touch=False
steps[2].weld_scenario_id=weld-9632716437714
steps[2].weld_scenario_stage=start_contact
steps[2].waypoint_count=1
steps[2].waypoints[0].position_m.x=0.0358505798495611
steps[2].waypoints[0].position_m.y=-1.6838530006671222
steps[2].waypoints[0].position_m.z=0.6729772062023303
steps[2].waypoints[0].orientation_xyzw.x=-0.41852144609875075
steps[2].waypoints[0].orientation_xyzw.y=0.6587997264198323
steps[2].waypoints[0].orientation_xyzw.z=-0.5398835902939494
steps[2].waypoints[0].orientation_xyzw.w=-0.31519585745355166
steps[3].sequence_number=4
steps[3].type=digital_output
steps[3].parallel_slot=4
steps[3].duration=0.0
steps[3].port=0
steps[3].value=False
steps[3].weld_scenario_id=weld-9632716437714
steps[3].weld_scenario_stage=touch_output_off
steps[4].sequence_number=5
steps[4].type=digital_weld
steps[4].parallel_slot=5
steps[4].duration=0.0
steps[4].command=on
steps[4].weld_scenario_id=weld-9632716437714
steps[4].weld_scenario_stage=arc_on
steps[4].settings.current_a=190
steps[4].settings.voltage_tenths=245
steps[4].settings.voltage=24.5
steps[4].settings.material=FE-SOLID
steps[4].settings.diameter_mm=1.2
steps[4].settings.mode=LSM
steps[4].settings.gas=CO2 100%
steps[4].settings.synergic=False
steps[4].settings.correction=0.0
steps[4].settings.hot_start_enabled=True
steps[4].settings.hot_start_percent=20.0
steps[4].settings.hot_start_hold_adjustment=-1
steps[4].settings.crater_enabled=False
steps[4].settings.crater_percent=31.57894736842105
steps[4].settings.crater_current_a=60.0
steps[4].settings.crater_voltage_v=25.0
steps[4].settings.crater_seconds=1.0
steps[4].settings.wire_consumable_alpha_mm=0.0
steps[4].settings.hot_start_current_a=228
steps[5].sequence_number=6
steps[5].type=motion
steps[5].parallel_slot=5
steps[5].duration=0.0
steps[5].planning_group=right_manipulator
steps[5].velocity_scale=0.3695263157894737
steps[5].tcp_speed_m_s=0.00667994261103153
steps[5].interpolation_step=0.005
steps[5].path_kind=continuous_capping_weave_over_sensed_goal_fastech_di0_ignored
steps[5].touch_guard=False
steps[5].weld_scenario_id=weld-9632716437714
steps[5].weld_scenario_stage=weld_motion
steps[5].lead_in_mm=1.0
steps[5].lead_out_mm=7.0
steps[5].linear_motion_profile=False
steps[5].path_to_seam_speed_factor=0.7485094245784082
steps[5].waypoint_hold_s[0]=0.0
steps[5].waypoint_hold_s[1]=0.0
steps[5].waypoint_hold_s[2]=0.2
steps[5].waypoint_hold_s[3]=0.2
steps[5].waypoint_hold_s[4]=0.2
steps[5].waypoint_hold_s[5]=0.2
steps[5].waypoint_hold_s[6]=0.2
steps[5].waypoint_hold_s[7]=0.2
steps[5].waypoint_hold_s[8]=0.2
steps[5].waypoint_hold_s[9]=0.2
steps[5].waypoint_hold_s[10]=0.2
steps[5].waypoint_hold_s[11]=0.2
steps[5].waypoint_hold_s[12]=0.2
steps[5].waypoint_hold_s[13]=0.2
steps[5].waypoint_hold_s[14]=0.2
steps[5].waypoint_hold_s[15]=0.2
steps[5].waypoint_hold_s[16]=0.0
steps[5].waypoint_hold_s[17]=0.0
steps[5].capping_width_mm=2.0
steps[5].capping_pitch_mm=5.0
steps[5].capping_left_dwell_s=0.2
steps[5].capping_right_dwell_s=0.2
steps[5].waypoint_count=18
steps[5].waypoints[0].position_m.x=0.0358505798495611
steps[5].waypoints[0].position_m.y=-1.6838530006671222
steps[5].waypoints[0].position_m.z=0.6729772062023303
steps[5].waypoints[0].orientation_xyzw.x=-0.41852144609875075
steps[5].waypoints[0].orientation_xyzw.y=0.6587997264198323
steps[5].waypoints[0].orientation_xyzw.z=-0.5398835902939494
steps[5].waypoints[0].orientation_xyzw.w=-0.31519585745355166
steps[5].waypoints[1].position_m.x=0.036846960131656545
steps[5].waypoints[1].position_m.y=-1.6837683030431638
steps[5].waypoints[1].position_m.z=0.6729844619550278
steps[5].waypoints[1].orientation_xyzw.x=-0.41852144609875075
steps[5].waypoints[1].orientation_xyzw.y=0.6587997264198323
steps[5].waypoints[1].orientation_xyzw.z=-0.5398835902939494
steps[5].waypoints[1].orientation_xyzw.w=-0.31519585745355166
steps[5].waypoints[2].position_m.x=0.038026397680666985
steps[5].waypoints[2].position_m.y=-1.684377500000476
steps[5].waypoints[2].position_m.z=0.6736999408582296
steps[5].waypoints[2].orientation_xyzw.x=-0.41852144609875075
steps[5].waypoints[2].orientation_xyzw.y=0.6587997264198323
steps[5].waypoints[2].orientation_xyzw.z=-0.5398835902939494
steps[5].waypoints[2].orientation_xyzw.w=-0.31519585745355166
steps[5].waypoints[3].position_m.x=0.04016622786469642
steps[5].waypoints[3].position_m.y=-1.6827766922072094
steps[5].waypoints[3].position_m.z=0.6723017431270425
steps[5].waypoints[3].orientation_xyzw.x=-0.41852144609875075
steps[5].waypoints[3].orientation_xyzw.y=0.6587997264198323
steps[5].waypoints[3].orientation_xyzw.z=-0.5398835902939494
steps[5].waypoints[3].orientation_xyzw.w=-0.31519585745355166
steps[5].waypoints[4].position_m.x=0.04252510296271729
steps[5].waypoints[4].position_m.y=-1.6839950861218336
steps[5].waypoints[4].position_m.z=0.673732700933446
steps[5].waypoints[4].orientation_xyzw.x=-0.41852144609875075
steps[5].waypoints[4].orientation_xyzw.y=0.6587997264198323
steps[5].waypoints[4].orientation_xyzw.z=-0.5398835902939494
steps[5].waypoints[4].orientation_xyzw.w=-0.31519585745355166
steps[5].waypoints[5].position_m.x=0.04466493314674673
steps[5].waypoints[5].position_m.y=-1.6823942783285668
steps[5].waypoints[5].position_m.z=0.6723345032022588
steps[5].waypoints[5].orientation_xyzw.x=-0.41852144609875075
steps[5].waypoints[5].orientation_xyzw.y=0.6587997264198323
steps[5].waypoints[5].orientation_xyzw.z=-0.5398835902939494
steps[5].waypoints[5].orientation_xyzw.w=-0.31519585745355166
steps[5].waypoints[6].position_m.x=0.0470238082447676
steps[5].waypoints[6].position_m.y=-1.6836126722431912
steps[5].waypoints[6].position_m.z=0.6737654610086623
steps[5].waypoints[6].orientation_xyzw.x=-0.41852144609875075
steps[5].waypoints[6].orientation_xyzw.y=0.6587997264198323
steps[5].waypoints[6].orientation_xyzw.z=-0.5398835902939494
steps[5].waypoints[6].orientation_xyzw.w=-0.31519585745355166
steps[5].waypoints[7].position_m.x=0.049163638428797035
steps[5].waypoints[7].position_m.y=-1.6820118644499245
steps[5].waypoints[7].position_m.z=0.6723672632774752
steps[5].waypoints[7].orientation_xyzw.x=-0.41852144609875075
steps[5].waypoints[7].orientation_xyzw.y=0.6587997264198323
steps[5].waypoints[7].orientation_xyzw.z=-0.5398835902939494
steps[5].waypoints[7].orientation_xyzw.w=-0.31519585745355166
steps[5].waypoints[8].position_m.x=0.051522513526817915
steps[5].waypoints[8].position_m.y=-1.6832302583645486
steps[5].waypoints[8].position_m.z=0.6737982210838787
steps[5].waypoints[8].orientation_xyzw.x=-0.41852144609875075
steps[5].waypoints[8].orientation_xyzw.y=0.6587997264198323
steps[5].waypoints[8].orientation_xyzw.z=-0.5398835902939494
steps[5].waypoints[8].orientation_xyzw.w=-0.31519585745355166
steps[5].waypoints[9].position_m.x=0.05366234371084734
steps[5].waypoints[9].position_m.y=-1.681629450571282
steps[5].waypoints[9].position_m.z=0.6724000233526917
steps[5].waypoints[9].orientation_xyzw.x=-0.41852144609875075
steps[5].waypoints[9].orientation_xyzw.y=0.6587997264198323
steps[5].waypoints[9].orientation_xyzw.z=-0.5398835902939494
steps[5].waypoints[9].orientation_xyzw.w=-0.31519585745355166
steps[5].waypoints[10].position_m.x=0.05602121880886822
steps[5].waypoints[10].position_m.y=-1.6828478444859063
steps[5].waypoints[10].position_m.z=0.6738309811590951
steps[5].waypoints[10].orientation_xyzw.x=-0.41852144609875075
steps[5].waypoints[10].orientation_xyzw.y=0.6587997264198323
steps[5].waypoints[10].orientation_xyzw.z=-0.5398835902939494
steps[5].waypoints[10].orientation_xyzw.w=-0.31519585745355166
steps[5].waypoints[11].position_m.x=0.05816104899289766
steps[5].waypoints[11].position_m.y=-1.6812470366926395
steps[5].waypoints[11].position_m.z=0.672432783427908
steps[5].waypoints[11].orientation_xyzw.x=-0.41852144609875075
steps[5].waypoints[11].orientation_xyzw.y=0.6587997264198323
steps[5].waypoints[11].orientation_xyzw.z=-0.5398835902939494
steps[5].waypoints[11].orientation_xyzw.w=-0.31519585745355166
steps[5].waypoints[12].position_m.x=0.060519924090918525
steps[5].waypoints[12].position_m.y=-1.682465430607264
steps[5].waypoints[12].position_m.z=0.6738637412343115
steps[5].waypoints[12].orientation_xyzw.x=-0.41852144609875075
steps[5].waypoints[12].orientation_xyzw.y=0.6587997264198323
steps[5].waypoints[12].orientation_xyzw.z=-0.5398835902939494
steps[5].waypoints[12].orientation_xyzw.w=-0.31519585745355166
steps[5].waypoints[13].position_m.x=0.06265975427494797
steps[5].waypoints[13].position_m.y=-1.6808646228139972
steps[5].waypoints[13].position_m.z=0.6724655435031244
steps[5].waypoints[13].orientation_xyzw.x=-0.41852144609875075
steps[5].waypoints[13].orientation_xyzw.y=0.6587997264198323
steps[5].waypoints[13].orientation_xyzw.z=-0.5398835902939494
steps[5].waypoints[13].orientation_xyzw.w=-0.31519585745355166
steps[5].waypoints[14].position_m.x=0.06501862937296884
steps[5].waypoints[14].position_m.y=-1.6820830167286214
steps[5].waypoints[14].position_m.z=0.6738965013095278
steps[5].waypoints[14].orientation_xyzw.x=-0.41852144609875075
steps[5].waypoints[14].orientation_xyzw.y=0.6587997264198323
steps[5].waypoints[14].orientation_xyzw.z=-0.5398835902939494
steps[5].waypoints[14].orientation_xyzw.w=-0.31519585745355166
steps[5].waypoints[15].position_m.x=0.06715845955699827
steps[5].waypoints[15].position_m.y=-1.6804822089353548
steps[5].waypoints[15].position_m.z=0.6724983035783407
steps[5].waypoints[15].orientation_xyzw.x=-0.41852144609875075
steps[5].waypoints[15].orientation_xyzw.y=0.6587997264198323
steps[5].waypoints[15].orientation_xyzw.z=-0.5398835902939494
steps[5].waypoints[15].orientation_xyzw.w=-0.31519585745355166
steps[5].waypoints[16].position_m.x=0.06833789710600871
steps[5].waypoints[16].position_m.y=-1.681091405892667
steps[5].waypoints[16].position_m.z=0.6732137824815425
steps[5].waypoints[16].orientation_xyzw.x=-0.41852144609875075
steps[5].waypoints[16].orientation_xyzw.y=0.6587997264198323
steps[5].waypoints[16].orientation_xyzw.z=-0.5398835902939494
steps[5].waypoints[16].orientation_xyzw.w=-0.31519585745355166
steps[5].waypoints[17].position_m.x=0.07531255908067679
steps[5].waypoints[17].position_m.y=-1.6804985225249578
steps[5].waypoints[17].position_m.z=0.6732645727504252
steps[5].waypoints[17].orientation_xyzw.x=-0.41852144609875075
steps[5].waypoints[17].orientation_xyzw.y=0.6587997264198323
steps[5].waypoints[17].orientation_xyzw.z=-0.5398835902939494
steps[5].waypoints[17].orientation_xyzw.w=-0.31519585745355166
steps[5].lead_start.position_m.x=0.0358505798495611
steps[5].lead_start.position_m.y=-1.6838530006671222
steps[5].lead_start.position_m.z=0.6729772062023303
steps[5].lead_start.orientation_xyzw.x=-0.41852144609875075
steps[5].lead_start.orientation_xyzw.y=0.6587997264198323
steps[5].lead_start.orientation_xyzw.z=-0.5398835902939494
steps[5].lead_start.orientation_xyzw.w=-0.31519585745355166
steps[5].usable_seam_start.position_m.x=0.036846960131656545
steps[5].usable_seam_start.position_m.y=-1.6837683030431638
steps[5].usable_seam_start.position_m.z=0.6729844619550278
steps[5].usable_seam_start.orientation_xyzw.x=-0.41852144609875075
steps[5].usable_seam_start.orientation_xyzw.y=0.6587997264198323
steps[5].usable_seam_start.orientation_xyzw.z=-0.5398835902939494
steps[5].usable_seam_start.orientation_xyzw.w=-0.31519585745355166
steps[5].usable_seam_goal.position_m.x=0.06833789710600871
steps[5].usable_seam_goal.position_m.y=-1.681091405892667
steps[5].usable_seam_goal.position_m.z=0.6732137824815425
steps[5].usable_seam_goal.orientation_xyzw.x=-0.41852144609875075
steps[5].usable_seam_goal.orientation_xyzw.y=0.6587997264198323
steps[5].usable_seam_goal.orientation_xyzw.z=-0.5398835902939494
steps[5].usable_seam_goal.orientation_xyzw.w=-0.31519585745355166
steps[5].lead_end.position_m.x=0.07531255908067679
steps[5].lead_end.position_m.y=-1.6804985225249578
steps[5].lead_end.position_m.z=0.6732645727504252
steps[5].lead_end.orientation_xyzw.x=-0.41852144609875075
steps[5].lead_end.orientation_xyzw.y=0.6587997264198323
steps[5].lead_end.orientation_xyzw.z=-0.5398835902939494
steps[5].lead_end.orientation_xyzw.w=-0.31519585745355166
steps[6].sequence_number=7
steps[6].type=digital_weld
steps[6].parallel_slot=5
steps[6].duration=0.0
steps[6].velocity_scale=0.3695263157894737
steps[6].tcp_speed_m_s=0.00667994261103153
steps[6].command=off
steps[6].weld_scenario_id=weld-9632716437714
steps[6].weld_scenario_stage=arc_off
steps[6].path_to_seam_speed_factor=0.7485094245784082
steps[6].trigger_before_goal=True
steps[6].arc_off_delay_s=0.5
steps[6].settings.current_a=190
steps[6].settings.voltage_tenths=245
steps[6].settings.voltage=24.5
steps[6].settings.material=FE-SOLID
steps[6].settings.diameter_mm=1.2
steps[6].settings.mode=LSM
steps[6].settings.gas=CO2 100%
steps[6].settings.synergic=False
steps[6].settings.correction=0.0
steps[6].settings.hot_start_enabled=True
steps[6].settings.hot_start_percent=20.0
steps[6].settings.hot_start_hold_adjustment=-1
steps[6].settings.crater_enabled=False
steps[6].settings.crater_percent=31.57894736842105
steps[6].settings.crater_current_a=60.0
steps[6].settings.crater_voltage_v=25.0
steps[6].settings.crater_seconds=1.0
steps[6].settings.wire_consumable_alpha_mm=0.0
steps[6].settings.hot_start_current_a=228
steps[7].sequence_number=8
steps[7].type=motion
steps[7].parallel_slot=6
steps[7].duration=0.0
steps[7].planning_group=right_manipulator
steps[7].velocity_scale=0.3695263157894737
steps[7].tcp_speed_m_s=0.0
steps[7].interpolation_step=0.005
steps[7].path_kind=weld_end_to_taught_wait_fixed_attitude
steps[7].pose_name=weld_goal_wait
steps[7].pose_label=5 · Weld goal wait pose
steps[7].touch_guard=False
steps[7].continue_after_touch=False
steps[7].weld_scenario_id=weld-9632716437714
steps[7].weld_scenario_stage=goal_wait
steps[7].waypoint_count=1
steps[7].waypoints[0].position_m.x=0.06802650600792787
steps[7].waypoints[0].position_m.y=-1.6775811340754863
steps[7].waypoints[0].position_m.z=0.6749988857401974
steps[7].waypoints[0].orientation_xyzw.x=-0.41852144609875075
steps[7].waypoints[0].orientation_xyzw.y=0.6587997264198323
steps[7].waypoints[0].orientation_xyzw.z=-0.5398835902939494
steps[7].waypoints[0].orientation_xyzw.w=-0.31519585745355166
steps[8].sequence_number=9
steps[8].type=named_pose
steps[8].parallel_slot=7
steps[8].duration=0.0
steps[8].planning_group=right_manipulator
steps[8].velocity_scale=0.3695263157894737
steps[8].tcp_speed_m_s=0.0
steps[8].pose_name=weld_finish
steps[8].pose_label=7 · Weld end pose
steps[8].touch_guard=False
steps[8].continue_after_touch=False
steps[8].weld_scenario_id=weld-9632716437714
steps[8].weld_scenario_stage=finish
steps[8].target_tcp.position_m.x=0.06798797733801742
steps[8].target_tcp.position_m.y=-1.6434697522598045
steps[8].target_tcp.position_m.z=0.706858520636326
steps[8].target_tcp.orientation_xyzw.x=-0.40891577982432076
steps[8].target_tcp.orientation_xyzw.y=0.664770641451258
steps[8].target_tcp.orientation_xyzw.z=-0.535297108084459
steps[8].target_tcp.orientation_xyzw.w=-0.32299363051237706
steps[8].joint_names[0]=right_manipulator_joint1
steps[8].joint_names[1]=right_manipulator_joint2
steps[8].joint_names[2]=right_manipulator_joint3
steps[8].joint_names[3]=right_manipulator_joint4
steps[8].joint_names[4]=right_manipulator_joint5
steps[8].joint_names[5]=right_manipulator_joint6
steps[8].joint_positions_rad[0]=5.204952341903641
steps[8].joint_positions_rad[1]=1.2719282666248797
steps[8].joint_positions_rad[2]=1.9331498862946583
steps[8].joint_positions_rad[3]=3.619875612711522
steps[8].joint_positions_rad[4]=1.4070400161045238
steps[8].joint_positions_rad[5]=1.5535429045147637
steps[9].sequence_number=10
steps[9].type=digital_output
steps[9].parallel_slot=8
steps[9].duration=0.0
steps[9].port=0
steps[9].value=True
steps[9].weld_scenario_id=weld-9632716437714
steps[9].weld_scenario_stage=touch_output_on
hicomm_cyclic_period_ms=40.0
arc_wait_recognition=True
arc_wait_main_welding=True
arc_wait_established=True
arc_establishment_timeout_s=5.0

[summary]
rx_samples=331
welding_samples=252
wcr_seen=1
current_a.min=44.0
current_a.average=207.97907949790795
current_a.max=224.0
voltage_v.min=3.0
voltage_v.average=24.029999999999966
voltage_v.max=61.4
wire_feed_m_min.min=8.4
wire_feed_m_min.average=8.40000000000004
wire_feed_m_min.max=8.4

[production_metrics]
arc_started_elapsed_s=0.12645111699930567
arc_completed_elapsed_s=10.849959773999217
arc_on_time_s=10.723508656999911
main_weld_arc_time_s=9.841107608999664
crater_arc_time_s=0.0
weld_motion_start_elapsed_s=0.8473971069997788
weld_motion_complete_elapsed_s=11.530008994999662
weld_motion_duration_s=10.682611887999883
net_weld_arc_time_s=10.002562666999438
wire_feed_average_m_min=7.836678013696668
wire_consumable_base_mm=1400.6114086999514
wire_consumable_alpha_mm=0.0
wire_consumable_mm=1400.6114086999514
wire_consumable_formula=integral(WFS*1000/60*dt)+alpha
weld_motion_start_unix_time=1789526590.305667
weld_motion_start_wall_time=2026-09-16 11:43:10.305
weld_motion_complete_unix_time=1789526600.9882786
weld_motion_complete_wall_time=2026-09-16 11:43:20.988

[arc_off_control]
arc_established_elapsed_s=0.8465653980001662
delay_s=0.5
speed_source=tcp_setpoint_projected_along_seam
trigger_speed_m_s=0.005
calculated_pre_off_distance_m=0.0025
crater_source=disabled
seam_length_m=0.031605339387211766
trigger_along_m=0.029105339387211767
actual_along_m=0.029505106471279845
actual_remaining_to_goal_m=0.002100232915931921
tcp_x_m=0.06625377779214964
tcp_y_m=-1.6813861641820071
tcp_z_m=0.6733940257636966
command_elapsed_s=9.907019145999584
sequence_clear_elapsed_s=13.208468282000467
extinction_current_threshold_a=10.0
feedback_current_extinguished_elapsed_s=10.44563541900061
feedback_extinction_delay_s=0.5386162730010255
feedback_recommended_pre_off_distance_m=0.0026930813650051276
wcr_clear_elapsed_s=10.849959773999217
wcr_clear_delay_s=0.9429406279996329

[teaching_snapshot_yaml]
robot_start:
  planning_group: right_manipulator
  joint_state:
    names:
    - right_manipulator_joint1
    - right_manipulator_joint2
    - right_manipulator_joint3
    - right_manipulator_joint4
    - right_manipulator_joint5
    - right_manipulator_joint6
    positions_rad:
    - 5.272090632984539
    - 1.1319069796756747
    - 2.106417676818249
    - 3.6901007738119302
    - 1.4686233526256796
    - 1.4680081624138712
  tcp_pose_world:
    position_m:
      x: 0.0593687026100857
      y: -1.566580876666292
      z: 0.8404797210507349
    orientation_xyzw:
      x: -0.435964943840794
      y: 0.633785310019272
      z: -0.5278153609885844
      w: -0.36008567487496485
weld_wait:
  planning_group: right_manipulator
  joint_state:
    names:
    - right_manipulator_joint1
    - right_manipulator_joint2
    - right_manipulator_joint3
    - right_manipulator_joint4
    - right_manipulator_joint5
    - right_manipulator_joint6
    positions_rad:
    - 5.162270391745159
    - 1.2839001078311674
    - 1.9253509522004157
    - 3.57737608908771
    - 1.4121090769233806
    - 1.5529732543575958
  tcp_pose_world:
    position_m:
      x: 0.036424554825288225
      y: -1.6556979706260309
      z: 0.6969945192387215
    orientation_xyzw:
      x: -0.40887151131936966
      y: 0.664764445724758
      z: -0.5353485269301721
      w: -0.32297720298089877
weld_start_wait:
  planning_group: right_manipulator
  joint_state:
    names:
    - right_manipulator_joint1
    - right_manipulator_joint2
    - right_manipulator_joint3
    - right_manipulator_joint4
    - right_manipulator_joint5
    - right_manipulator_joint6
    positions_rad:
    - 5.1496113218195765
    - 1.3091994723966476
    - 1.881715989845849
    - 3.5661181082116182
    - 1.395569381815389
    - 1.5444073298694105
  tcp_pose_world:
    position_m:
      x: 0.03646068728963492
      y: -1.6793469233273077
      z: 0.674417019979207
    orientation_xyzw:
      x: -0.4089518530577377
      y: 0.6647824172284327
      z: -0.5352696108757291
      w: -0.32296929157043747
weld_start:
  planning_group: right_manipulator
  joint_state:
    names:
    - right_manipulator_joint1
    - right_manipulator_joint2
    - right_manipulator_joint3
    - right_manipulator_joint4
    - right_manipulator_joint5
    - right_manipulator_joint6
    positions_rad:
    - 5.1341641613733495
    - 1.3108661466286398
    - 1.8799838201436117
    - 3.522157962967258
    - 1.3963633405363085
    - 1.5423438881338576
  tcp_pose_world:
    position_m:
      x: 0.036846960131656545
      y: -1.6837683030431638
      z: 0.6729844619550278
    orientation_xyzw:
      x: -0.41852144609875075
      y: 0.6587997264198323
      z: -0.5398835902939494
      w: -0.31519585745355166
weld_goal_wait:
  planning_group: right_manipulator
  joint_state:
    names:
    - right_manipulator_joint1
    - right_manipulator_joint2
    - right_manipulator_joint3
    - right_manipulator_joint4
    - right_manipulator_joint5
    - right_manipulator_joint6
    positions_rad:
    - 5.185303006748819
    - 1.3080717568330535
    - 1.871380661129415
    - 3.602428711778195
    - 1.3846910345526877
    - 1.5410165931695214
  tcp_pose_world:
    position_m:
      x: 0.06802650600792787
      y: -1.6775811340754863
      z: 0.6749988857401974
    orientation_xyzw:
      x: -0.408866812683109
      y: 0.6647818136335141
      z: -0.5353433898332236
      w: -0.3229559175961395
weld_end:
  planning_group: right_manipulator
  joint_state:
    names:
    - right_manipulator_joint1
    - right_manipulator_joint2
    - right_manipulator_joint3
    - right_manipulator_joint4
    - right_manipulator_joint5
    - right_manipulator_joint6
    positions_rad:
    - 5.170473116800077
    - 1.3102217425066573
    - 1.8708067223937925
    - 3.558872118752573
    - 1.386834720315415
    - 1.5401429630893904
  tcp_pose_world:
    position_m:
      x: 0.06833789710600871
      y: -1.681091405892667
      z: 0.6732137824815425
    orientation_xyzw:
      x: -0.41843640588683406
      y: 0.6588003525196517
      z: -0.5399571681589531
      w: -0.31518141807894595
weld_finish:
  planning_group: right_manipulator
  joint_state:
    names:
    - right_manipulator_joint1
    - right_manipulator_joint2
    - right_manipulator_joint3
    - right_manipulator_joint4
    - right_manipulator_joint5
    - right_manipulator_joint6
    positions_rad:
    - 5.204952341903641
    - 1.2719282666248797
    - 1.9331498862946583
    - 3.619875612711522
    - 1.4070400161045238
    - 1.5535429045147637
  tcp_pose_world:
    position_m:
      x: 0.06798797733801742
      y: -1.6434697522598045
      z: 0.706858520636326
    orientation_xyzw:
      x: -0.40891577982432076
      y: 0.664770641451258
      z: -0.535297108084459
      w: -0.32299363051237706

[touch_snapshot_yaml]
start_floor:
  position_m:
    x: 0.036666277489902366
    y: -1.679452144621707
    z: 0.6729849063851219
  orientation_xyzw:
    x: -0.40880982338925526
    y: 0.6647528966715359
    z: -0.5354172966039532
    w: -0.3229650649289529
start_wall:
  position_m:
    x: 0.03680987889891646
    y: -1.6837708970485428
    z: 0.674533876253729
  orientation_xyzw:
    x: -0.40889664639747414
    y: 0.6647884516820801
    z: -0.5353062104822806
    w: -0.3229661098229072
goal_floor:
  position_m:
    x: 0.06797676116183893
    y: -1.677696588242839
    z: 0.6732125446624011
  orientation_xyzw:
    x: -0.40882601517153955
    y: 0.6647432107971298
    z: -0.5354142625203986
    w: -0.3229695349530981
goal_wall:
  position_m:
    x: 0.06809730881829645
    y: -1.6811112408434536
    z: 0.6749234226611633
  orientation_xyzw:
    x: -0.40889868671944346
    y: 0.6647746458307499
    z: -0.5353203632968513
    w: -0.32296848592307403

[samples]
elapsed_s raw0 state arc gas fwd wcr current_a voltage_v wire_feed_m_min set_current_a set_voltage_v error db collision
0.009 0x00 idle 0 0 0 0 0 0.0 0.0 100 10.0 0 0 0
0.049 0x00 idle 0 0 0 0 0 0.0 0.0 100 10.0 0 0 0
0.087 0x00 idle 0 0 0 0 0 0.0 0.0 100 10.0 0 0 0
0.126 0x09 main_weld 1 1 0 0 0 0.0 0.0 100 10.0 0 0 0
0.166 0x09 main_weld 1 1 0 0 0 0.0 0.0 100 24.5 0 0 0
0.209 0x09 main_weld 1 1 0 0 0 0.0 0.0 190 24.5 0 0 0
0.261 0x09 main_weld 1 1 0 0 0 0.0 0.0 190 24.5 0 0 0
0.286 0x09 main_weld 1 1 0 0 0 0.0 0.0 190 24.5 0 0 0
0.327 0x09 main_weld 1 1 0 0 0 0.0 0.0 190 24.5 0 0 0
0.366 0x09 main_weld 1 1 0 0 0 0.0 0.0 190 24.5 0 0 0
0.404 0x09 main_weld 1 1 0 0 0 0.0 0.0 190 24.5 0 0 0
0.444 0x09 main_weld 1 1 0 0 0 0.0 0.0 190 24.5 0 0 0
0.485 0x09 main_weld 1 1 0 0 0 0.0 0.0 190 24.5 0 0 0
0.526 0x09 main_weld 1 1 0 0 0 0.0 0.0 190 24.5 0 0 0
0.569 0x09 main_weld 1 1 0 0 0 0.0 0.0 190 24.5 0 0 0
0.609 0x09 main_weld 1 1 0 0 0 0.0 0.0 190 24.5 0 0 0
0.647 0x09 main_weld 1 1 0 0 0 0.0 0.0 190 24.5 0 0 0
0.686 0x09 main_weld 1 1 0 0 0 0.0 0.0 190 24.5 0 0 0
0.730 0x09 main_weld 1 1 0 0 0 0.0 0.0 190 24.5 0 0 0
0.766 0x09 main_weld 1 1 0 0 0 0.0 0.0 190 24.5 0 0 0
0.806 0x09 main_weld 1 1 0 0 0 0.0 0.0 190 24.5 0 0 0
0.846 0x2B main_weld 1 1 1 1 0 3.1 8.4 190 24.5 0 0 0
0.896 0x2B main_weld 1 1 1 1 61 3.1 8.4 190 24.5 0 0 0
0.932 0x2B main_weld 1 1 1 1 61 3.1 8.4 190 24.5 0 0 0
0.974 0x2B main_weld 1 1 1 1 61 8.2 8.4 190 24.5 0 0 0
1.009 0x2B main_weld 1 1 1 1 61 8.2 8.4 190 24.5 0 0 0
1.045 0x2B main_weld 1 1 1 1 61 8.2 8.4 190 24.5 0 0 0
1.085 0x2B main_weld 1 1 1 1 170 8.2 8.4 190 24.5 0 0 0
1.130 0x2B main_weld 1 1 1 1 170 28.8 8.4 190 24.5 0 0 0
1.165 0x2B main_weld 1 1 1 1 170 28.8 8.4 190 24.5 0 0 0
1.205 0x2B main_weld 1 1 1 1 170 24.5 8.4 190 24.5 0 0 0
1.245 0x2B main_weld 1 1 1 1 217 24.5 8.4 190 24.5 0 0 0
1.286 0x2B main_weld 1 1 1 1 217 24.5 8.4 190 24.5 0 0 0
1.326 0x2B main_weld 1 1 1 1 217 24.5 8.4 190 24.5 0 0 0
1.366 0x2B main_weld 1 1 1 1 217 24.5 8.4 190 24.5 0 0 0
1.407 0x2B main_weld 1 1 1 1 217 23.7 8.4 190 24.5 0 0 0
1.448 0x2B main_weld 1 1 1 1 222 23.7 8.4 190 24.5 0 0 0
1.488 0x2B main_weld 1 1 1 1 222 23.7 8.4 190 24.5 0 0 0
1.526 0x2B main_weld 1 1 1 1 222 23.7 8.4 190 24.5 0 0 0
1.572 0x2B main_weld 1 1 1 1 222 24.0 8.4 190 24.5 0 0 0
1.606 0x2B main_weld 1 1 1 1 212 24.0 8.4 190 24.5 0 0 0
1.653 0x2B main_weld 1 1 1 1 212 24.0 8.4 190 24.5 0 0 0
1.696 0x2B main_weld 1 1 1 1 212 24.0 8.4 190 24.5 0 0 0
1.727 0x2B main_weld 1 1 1 1 212 24.0 8.4 190 24.5 0 0 0
1.766 0x2B main_weld 1 1 1 1 212 24.2 8.4 190 24.5 0 0 0
1.805 0x2B main_weld 1 1 1 1 217 24.2 8.4 190 24.5 0 0 0
1.845 0x2B main_weld 1 1 1 1 217 24.2 8.4 190 24.5 0 0 0
1.887 0x2B main_weld 1 1 1 1 217 24.2 8.4 190 24.5 0 0 0
1.928 0x2B main_weld 1 1 1 1 217 23.8 8.4 190 24.5 0 0 0
1.968 0x2B main_weld 1 1 1 1 217 23.8 8.4 190 24.5 0 0 0
2.006 0x2B main_weld 1 1 1 1 217 23.8 8.4 190 24.5 0 0 0
2.046 0x2B main_weld 1 1 1 1 223 23.8 8.4 190 24.5 0 0 0
2.089 0x2B main_weld 1 1 1 1 223 23.8 8.4 190 24.5 0 0 0
2.134 0x2B main_weld 1 1 1 1 223 24.0 8.4 190 24.5 0 0 0
2.167 0x2B main_weld 1 1 1 1 223 24.0 8.4 190 24.5 0 0 0
2.205 0x2B main_weld 1 1 1 1 223 24.0 8.4 190 24.5 0 0 0
2.247 0x2B main_weld 1 1 1 1 218 24.0 8.4 190 24.5 0 0 0
2.289 0x2B main_weld 1 1 1 1 218 24.2 8.4 190 24.5 0 0 0
2.327 0x2B main_weld 1 1 1 1 218 24.2 8.4 190 24.5 0 0 0
2.364 0x2B main_weld 1 1 1 1 218 24.2 8.4 190 24.5 0 0 0
2.404 0x2B main_weld 1 1 1 1 213 24.2 8.4 190 24.5 0 0 0
2.448 0x2B main_weld 1 1 1 1 213 24.2 8.4 190 24.5 0 0 0
2.486 0x2B main_weld 1 1 1 1 213 24.3 8.4 190 24.5 0 0 0
2.530 0x2B main_weld 1 1 1 1 213 24.3 8.4 190 24.5 0 0 0
2.567 0x2B main_weld 1 1 1 1 213 24.3 8.4 190 24.5 0 0 0
2.606 0x2B main_weld 1 1 1 1 216 24.3 8.4 190 24.5 0 0 0
2.648 0x2B main_weld 1 1 1 1 216 24.1 8.4 190 24.5 0 0 0
2.687 0x2B main_weld 1 1 1 1 216 24.1 8.4 190 24.5 0 0 0
2.740 0x2B main_weld 1 1 1 1 216 24.1 8.4 190 24.5 0 0 0
2.768 0x2B main_weld 1 1 1 1 223 24.5 8.4 190 24.5 0 0 0
2.808 0x2B main_weld 1 1 1 1 223 24.5 8.4 190 24.5 0 0 0
2.847 0x2B main_weld 1 1 1 1 223 24.5 8.4 190 24.5 0 0 0
2.887 0x2B main_weld 1 1 1 1 223 24.5 8.4 190 24.5 0 0 0
2.927 0x2B main_weld 1 1 1 1 223 23.8 8.4 190 24.5 0 0 0
2.967 0x2B main_weld 1 1 1 1 212 23.8 8.4 190 24.5 0 0 0
3.013 0x2B main_weld 1 1 1 1 212 23.8 8.4 190 24.5 0 0 0
3.045 0x2B main_weld 1 1 1 1 212 23.8 8.4 190 24.5 0 0 0
3.089 0x2B main_weld 1 1 1 1 212 23.8 8.4 190 24.5 0 0 0
3.127 0x2B main_weld 1 1 1 1 220 24.3 8.4 190 24.5 0 0 0
3.166 0x2B main_weld 1 1 1 1 220 24.3 8.4 190 24.5 0 0 0
3.207 0x2B main_weld 1 1 1 1 220 24.3 8.4 190 24.5 0 0 0
3.250 0x2B main_weld 1 1 1 1 220 24.3 8.4 190 24.5 0 0 0
3.286 0x2B main_weld 1 1 1 1 220 24.1 8.4 190 24.5 0 0 0
3.327 0x2B main_weld 1 1 1 1 220 24.1 8.4 190 24.5 0 0 0
3.375 0x2B main_weld 1 1 1 1 220 24.1 8.4 190 24.5 0 0 0
3.411 0x2B main_weld 1 1 1 1 212 24.1 8.4 190 24.5 0 0 0
3.448 0x2B main_weld 1 1 1 1 212 24.1 8.4 190 24.5 0 0 0
3.490 0x2B main_weld 1 1 1 1 212 24.0 8.4 190 24.5 0 0 0
3.529 0x2B main_weld 1 1 1 1 212 24.0 8.4 190 24.5 0 0 0
3.576 0x2B main_weld 1 1 1 1 212 24.0 8.4 190 24.5 0 0 0
3.606 0x2B main_weld 1 1 1 1 211 24.0 8.4 190 24.5 0 0 0
3.649 0x2B main_weld 1 1 1 1 211 24.1 8.4 190 24.5 0 0 0
3.690 0x2B main_weld 1 1 1 1 211 24.1 8.4 190 24.5 0 0 0
3.726 0x2B main_weld 1 1 1 1 211 24.1 8.4 190 24.5 0 0 0
3.764 0x2B main_weld 1 1 1 1 219 24.1 8.4 190 24.5 0 0 0
3.808 0x2B main_weld 1 1 1 1 219 24.1 8.4 190 24.5 0 0 0
3.846 0x2B main_weld 1 1 1 1 219 24.0 8.4 190 24.5 0 0 0
3.896 0x2B main_weld 1 1 1 1 219 24.0 8.4 190 24.5 0 0 0
3.928 0x2B main_weld 1 1 1 1 219 24.0 8.4 190 24.5 0 0 0
3.973 0x2B main_weld 1 1 1 1 220 24.0 8.4 190 24.5 0 0 0
4.006 0x2B main_weld 1 1 1 1 220 24.0 8.4 190 24.5 0 0 0
4.054 0x2B main_weld 1 1 1 1 220 24.0 8.4 190 24.5 0 0 0
4.088 0x2B main_weld 1 1 1 1 220 24.3 8.4 190 24.5 0 0 0
4.128 0x2B main_weld 1 1 1 1 220 24.3 8.4 190 24.5 0 0 0
4.168 0x2B main_weld 1 1 1 1 220 24.3 8.4 190 24.5 0 0 0
4.210 0x2B main_weld 1 1 1 1 220 24.3 8.4 190 24.5 0 0 0
4.252 0x2B main_weld 1 1 1 1 220 24.3 8.4 190 24.5 0 0 0
4.287 0x2B main_weld 1 1 1 1 220 23.9 8.4 190 24.5 0 0 0
4.328 0x2B main_weld 1 1 1 1 213 23.9 8.4 190 24.5 0 0 0
4.365 0x2B main_weld 1 1 1 1 213 23.9 8.4 190 24.5 0 0 0
4.406 0x2B main_weld 1 1 1 1 213 23.9 8.4 190 24.5 0 0 0
4.447 0x2B main_weld 1 1 1 1 213 23.9 8.4 190 24.5 0 0 0
4.494 0x2B main_weld 1 1 1 1 217 23.9 8.4 190 24.5 0 0 0
4.530 0x2B main_weld 1 1 1 1 217 23.9 8.4 190 24.5 0 0 0
4.565 0x2B main_weld 1 1 1 1 217 23.9 8.4 190 24.5 0 0 0
4.608 0x2B main_weld 1 1 1 1 217 23.9 8.4 190 24.5 0 0 0
4.648 0x2B main_weld 1 1 1 1 217 23.7 8.4 190 24.5 0 0 0
4.689 0x2B main_weld 1 1 1 1 218 23.7 8.4 190 24.5 0 0 0
4.730 0x2B main_weld 1 1 1 1 218 23.7 8.4 190 24.5 0 0 0
4.772 0x2B main_weld 1 1 1 1 218 23.7 8.4 190 24.5 0 0 0
4.813 0x2B main_weld 1 1 1 1 218 23.7 8.4 190 24.5 0 0 0
4.850 0x2B main_weld 1 1 1 1 217 23.7 8.4 190 24.5 0 0 0
4.885 0x2B main_weld 1 1 1 1 217 23.7 8.4 190 24.5 0 0 0
4.927 0x2B main_weld 1 1 1 1 213 23.7 8.4 190 24.5 0 0 0
4.974 0x2B main_weld 1 1 1 1 213 23.7 8.4 190 24.5 0 0 0
5.009 0x2B main_weld 1 1 1 1 213 24.0 8.4 190 24.5 0 0 0
5.051 0x2B main_weld 1 1 1 1 213 24.0 8.4 190 24.5 0 0 0
5.087 0x2B main_weld 1 1 1 1 213 24.0 8.4 190 24.5 0 0 0
5.131 0x2B main_weld 1 1 1 1 222 24.0 8.4 190 24.5 0 0 0
5.166 0x2B main_weld 1 1 1 1 222 24.3 8.4 190 24.5 0 0 0
5.210 0x2B main_weld 1 1 1 1 222 24.3 8.4 190 24.5 0 0 0
5.248 0x2B main_weld 1 1 1 1 222 24.3 8.4 190 24.5 0 0 0
5.287 0x2B main_weld 1 1 1 1 217 24.3 8.4 190 24.5 0 0 0
5.330 0x2B main_weld 1 1 1 1 217 24.3 8.4 190 24.5 0 0 0
5.368 0x2B main_weld 1 1 1 1 217 24.0 8.4 190 24.5 0 0 0
5.408 0x2B main_weld 1 1 1 1 217 24.0 8.4 190 24.5 0 0 0
5.452 0x2B main_weld 1 1 1 1 217 24.4 8.4 190 24.5 0 0 0
5.491 0x2B main_weld 1 1 1 1 219 24.4 8.4 190 24.5 0 0 0
5.530 0x2B main_weld 1 1 1 1 219 24.4 8.4 190 24.5 0 0 0
5.578 0x2B main_weld 1 1 1 1 219 24.4 8.4 190 24.5 0 0 0
5.614 0x2B main_weld 1 1 1 1 219 24.3 8.4 190 24.5 0 0 0
5.656 0x2B main_weld 1 1 1 1 217 24.3 8.4 190 24.5 0 0 0
5.687 0x2B main_weld 1 1 1 1 217 24.3 8.4 190 24.5 0 0 0
5.733 0x2B main_weld 1 1 1 1 217 24.3 8.4 190 24.5 0 0 0
5.768 0x2B main_weld 1 1 1 1 217 24.3 8.4 190 24.5 0 0 0
5.807 0x2B main_weld 1 1 1 1 217 23.7 8.4 190 24.5 0 0 0
5.847 0x2B main_weld 1 1 1 1 217 23.7 8.4 190 24.5 0 0 0
5.892 0x2B main_weld 1 1 1 1 217 23.7 8.4 190 24.5 0 0 0
5.934 0x2B main_weld 1 1 1 1 217 23.7 8.4 190 24.5 0 0 0
5.970 0x2B main_weld 1 1 1 1 217 23.7 8.4 190 24.5 0 0 0
6.008 0x2B main_weld 1 1 1 1 219 24.0 8.4 190 24.5 0 0 0
6.046 0x2B main_weld 1 1 1 1 219 24.0 8.4 190 24.5 0 0 0
6.086 0x2B main_weld 1 1 1 1 219 24.0 8.4 190 24.5 0 0 0
6.126 0x2B main_weld 1 1 1 1 212 24.0 8.4 190 24.5 0 0 0
6.167 0x2B main_weld 1 1 1 1 212 23.7 8.4 190 24.5 0 0 0
6.210 0x2B main_weld 1 1 1 1 212 23.7 8.4 190 24.5 0 0 0
6.249 0x2B main_weld 1 1 1 1 212 23.7 8.4 190 24.5 0 0 0
6.296 0x2B main_weld 1 1 1 1 223 23.7 8.4 190 24.5 0 0 0
6.329 0x2B main_weld 1 1 1 1 223 23.7 8.4 190 24.5 0 0 0
6.367 0x2B main_weld 1 1 1 1 223 23.9 8.4 190 24.5 0 0 0
6.408 0x2B main_weld 1 1 1 1 223 23.9 8.4 190 24.5 0 0 0
6.448 0x2B main_weld 1 1 1 1 223 23.9 8.4 190 24.5 0 0 0
6.492 0x2B main_weld 1 1 1 1 212 23.9 8.4 190 24.5 0 0 0
6.532 0x2B main_weld 1 1 1 1 212 24.0 8.4 190 24.5 0 0 0
6.574 0x2B main_weld 1 1 1 1 212 24.0 8.4 190 24.5 0 0 0
6.605 0x2B main_weld 1 1 1 1 212 24.0 8.4 190 24.5 0 0 0
6.650 0x2B main_weld 1 1 1 1 224 24.0 8.4 190 24.5 0 0 0
6.687 0x2B main_weld 1 1 1 1 224 24.0 8.4 190 24.5 0 0 0
6.734 0x2B main_weld 1 1 1 1 224 24.2 8.4 190 24.5 0 0 0
6.771 0x2B main_weld 1 1 1 1 224 24.2 8.4 190 24.5 0 0 0
6.807 0x2B main_weld 1 1 1 1 224 24.2 8.4 190 24.5 0 0 0
6.848 0x2B main_weld 1 1 1 1 213 24.2 8.4 190 24.5 0 0 0
6.890 0x2B main_weld 1 1 1 1 213 24.0 8.4 190 24.5 0 0 0
6.927 0x2B main_weld 1 1 1 1 213 24.0 8.4 190 24.5 0 0 0
6.976 0x2B main_weld 1 1 1 1 213 24.0 8.4 190 24.5 0 0 0
7.013 0x2B main_weld 1 1 1 1 218 24.0 8.4 190 24.5 0 0 0
7.045 0x2B main_weld 1 1 1 1 218 24.0 8.4 190 24.5 0 0 0
7.093 0x2B main_weld 1 1 1 1 218 24.0 8.4 190 24.5 0 0 0
7.128 0x2B main_weld 1 1 1 1 218 24.0 8.4 190 24.5 0 0 0
7.164 0x2B main_weld 1 1 1 1 218 24.0 8.4 190 24.5 0 0 0
7.207 0x2B main_weld 1 1 1 1 219 24.0 8.4 190 24.5 0 0 0
7.246 0x2B main_weld 1 1 1 1 219 24.0 8.4 190 24.5 0 0 0
7.297 0x2B main_weld 1 1 1 1 219 24.0 8.4 190 24.5 0 0 0
7.335 0x2B main_weld 1 1 1 1 219 24.0 8.4 190 24.5 0 0 0
7.366 0x2B main_weld 1 1 1 1 217 24.0 8.4 190 24.5 0 0 0
7.408 0x2B main_weld 1 1 1 1 217 24.0 8.4 190 24.5 0 0 0
7.445 0x2B main_weld 1 1 1 1 217 24.3 8.4 190 24.5 0 0 0
7.490 0x2B main_weld 1 1 1 1 217 24.3 8.4 190 24.5 0 0 0
7.528 0x2B main_weld 1 1 1 1 217 24.0 8.4 190 24.5 0 0 0
7.575 0x2B main_weld 1 1 1 1 218 24.0 8.4 190 24.5 0 0 0
7.609 0x2B main_weld 1 1 1 1 218 24.0 8.4 190 24.5 0 0 0
7.657 0x2B main_weld 1 1 1 1 219 24.0 8.4 190 24.5 0 0 0
7.692 0x2B main_weld 1 1 1 1 219 24.2 8.4 190 24.5 0 0 0
7.730 0x2B main_weld 1 1 1 1 219 24.2 8.4 190 24.5 0 0 0
7.775 0x2B main_weld 1 1 1 1 219 24.2 8.4 190 24.5 0 0 0
7.812 0x2B main_weld 1 1 1 1 214 24.2 8.4 190 24.5 0 0 0
7.846 0x2B main_weld 1 1 1 1 214 24.2 8.4 190 24.5 0 0 0
7.887 0x2B main_weld 1 1 1 1 214 24.3 8.4 190 24.5 0 0 0
7.928 0x2B main_weld 1 1 1 1 214 24.3 8.4 190 24.5 0 0 0
7.965 0x2B main_weld 1 1 1 1 214 24.3 8.4 190 24.5 0 0 0
8.008 0x2B main_weld 1 1 1 1 219 24.3 8.4 190 24.5 0 0 0
8.046 0x2B main_weld 1 1 1 1 219 23.7 8.4 190 24.5 0 0 0
8.090 0x2B main_weld 1 1 1 1 219 23.7 8.4 190 24.5 0 0 0
8.133 0x2B main_weld 1 1 1 1 219 23.7 8.4 190 24.5 0 0 0
8.175 0x2B main_weld 1 1 1 1 211 24.0 8.4 190 24.5 0 0 0
8.206 0x2B main_weld 1 1 1 1 211 24.0 8.4 190 24.5 0 0 0
8.248 0x2B main_weld 1 1 1 1 211 24.0 8.4 190 24.5 0 0 0
8.292 0x2B main_weld 1 1 1 1 211 24.0 8.4 190 24.5 0 0 0
8.333 0x2B main_weld 1 1 1 1 211 23.9 8.4 190 24.5 0 0 0
8.369 0x2B main_weld 1 1 1 1 220 23.9 8.4 190 24.5 0 0 0
8.410 0x2B main_weld 1 1 1 1 220 23.9 8.4 190 24.5 0 0 0
8.447 0x2B main_weld 1 1 1 1 220 23.9 8.4 190 24.5 0 0 0
8.492 0x2B main_weld 1 1 1 1 220 23.9 8.4 190 24.5 0 0 0
8.531 0x2B main_weld 1 1 1 1 214 24.0 8.4 190 24.5 0 0 0
8.578 0x2B main_weld 1 1 1 1 214 24.0 8.4 190 24.5 0 0 0
8.608 0x2B main_weld 1 1 1 1 214 24.0 8.4 190 24.5 0 0 0
8.649 0x2B main_weld 1 1 1 1 214 24.0 8.4 190 24.5 0 0 0
8.690 0x2B main_weld 1 1 1 1 214 24.0 8.4 190 24.5 0 0 0
8.736 0x2B main_weld 1 1 1 1 219 24.0 8.4 190 24.5 0 0 0
8.766 0x2B main_weld 1 1 1 1 219 24.0 8.4 190 24.5 0 0 0
8.811 0x2B main_weld 1 1 1 1 219 24.0 8.4 190 24.5 0 0 0
8.854 0x2B main_weld 1 1 1 1 219 24.0 8.4 190 24.5 0 0 0
8.894 0x2B main_weld 1 1 1 1 220 23.9 8.4 190 24.5 0 0 0
8.929 0x2B main_weld 1 1 1 1 220 23.9 8.4 190 24.5 0 0 0
8.968 0x2B main_weld 1 1 1 1 220 23.9 8.4 190 24.5 0 0 0
9.005 0x2B main_weld 1 1 1 1 220 23.9 8.4 190 24.5 0 0 0
9.049 0x2B main_weld 1 1 1 1 220 24.4 8.4 190 24.5 0 0 0
9.089 0x2B main_weld 1 1 1 1 218 24.4 8.4 190 24.5 0 0 0
9.126 0x2B main_weld 1 1 1 1 218 24.4 8.4 190 24.5 0 0 0
9.175 0x2B main_weld 1 1 1 1 217 24.4 8.4 190 24.5 0 0 0
9.212 0x2B main_weld 1 1 1 1 217 24.4 8.4 190 24.5 0 0 0
9.246 0x2B main_weld 1 1 1 1 217 24.3 8.4 190 24.5 0 0 0
9.294 0x2B main_weld 1 1 1 1 217 24.3 8.4 190 24.5 0 0 0
9.328 0x2B main_weld 1 1 1 1 217 24.3 8.4 190 24.5 0 0 0
9.367 0x2B main_weld 1 1 1 1 217 24.3 8.4 190 24.5 0 0 0
9.406 0x2B main_weld 1 1 1 1 217 24.3 8.4 190 24.5 0 0 0
9.447 0x2B main_weld 1 1 1 1 217 24.3 8.4 190 24.5 0 0 0
9.489 0x2B main_weld 1 1 1 1 217 24.3 8.4 190 24.5 0 0 0
9.527 0x2B main_weld 1 1 1 1 213 24.3 8.4 190 24.5 0 0 0
9.573 0x2B main_weld 1 1 1 1 213 24.3 8.4 190 24.5 0 0 0
9.609 0x2B main_weld 1 1 1 1 213 23.7 8.4 190 24.5 0 0 0
9.648 0x2B main_weld 1 1 1 1 213 23.7 8.4 190 24.5 0 0 0
9.698 0x2B main_weld 1 1 1 1 218 24.2 8.4 190 24.5 0 0 0
9.744 0x2B main_weld 1 1 1 1 218 24.2 8.4 190 24.5 0 0 0
9.768 0x2B main_weld 1 1 1 1 218 24.2 8.4 190 24.5 0 0 0
9.806 0x2B main_weld 1 1 1 1 218 24.2 8.4 190 24.5 0 0 0
9.858 0x2B main_weld 1 1 1 1 218 23.7 8.4 190 24.5 0 0 0
9.887 0x2B main_weld 1 1 1 1 218 23.7 8.4 190 24.5 0 0 0
9.931 0x2B main_weld 1 1 1 1 218 23.7 8.4 190 24.5 0 0 0
9.968 0x28 idle 0 1 0 1 218 23.7 8.4 190 24.5 0 0 0
10.009 0x28 idle 0 1 0 1 218 23.7 8.4 190 24.5 0 0 0
10.047 0x28 idle 0 1 0 1 218 23.6 8.4 190 24.5 0 0 0
10.088 0x28 idle 0 1 0 1 210 23.6 8.4 190 24.5 0 0 0
10.125 0x28 idle 0 1 0 1 210 23.6 8.4 190 24.5 0 0 0
10.167 0x28 idle 0 1 0 1 44 23.6 8.4 190 24.5 0 0 0
10.208 0x28 idle 0 1 0 1 44 47.0 8.4 190 24.5 0 0 0
10.246 0x28 idle 0 1 0 1 44 47.0 8.4 190 24.5 0 0 0
10.288 0x28 idle 0 1 0 1 44 47.0 8.4 190 24.5 0 0 0
10.332 0x28 idle 0 1 0 1 44 47.0 8.4 190 24.5 0 0 0
10.369 0x28 idle 0 1 0 1 44 47.0 8.4 190 24.5 0 0 0
10.413 0x28 idle 0 1 0 1 44 61.4 8.4 190 24.5 0 0 0
10.446 0x28 idle 0 1 0 1 0 61.4 8.4 190 24.5 0 0 0
10.492 0x28 idle 0 1 0 1 0 25.7 8.4 190 24.5 0 0 0
10.526 0x28 idle 0 1 0 1 0 25.7 8.4 190 24.5 0 0 0
10.568 0x28 idle 0 1 0 1 0 25.7 8.4 190 24.5 0 0 0
10.606 0x28 idle 0 1 0 1 0 25.7 8.4 190 24.5 0 0 0
10.645 0x28 idle 0 1 0 1 0 25.7 8.4 190 24.5 0 0 0
10.688 0x28 idle 0 1 0 1 0 3.0 8.4 190 24.5 0 0 0
10.726 0x28 idle 0 1 0 1 0 3.0 8.4 190 24.5 0 0 0
10.767 0x28 idle 0 1 0 1 0 3.0 8.4 190 24.5 0 0 0
10.808 0x28 idle 0 1 0 1 0 3.0 8.4 190 24.5 0 0 0
10.850 0x08 idle 0 1 0 0 0 0.0 8.4 190 24.5 0 0 0
10.887 0x08 idle 0 1 0 0 0 0.0 8.4 190 24.5 0 0 0
10.931 0x08 idle 0 1 0 0 0 0.0 0.0 190 24.5 0 0 0
10.977 0x08 idle 0 1 0 0 0 0.0 0.0 190 24.5 0 0 0
11.005 0x08 idle 0 1 0 0 0 0.0 0.0 190 24.5 0 0 0
11.049 0x08 idle 0 1 0 0 0 0.0 0.0 190 24.5 0 0 0
11.087 0x08 idle 0 1 0 0 0 0.0 0.0 190 24.5 0 0 0
11.127 0x08 idle 0 1 0 0 0 0.0 0.0 190 24.5 0 0 0
11.169 0x08 idle 0 1 0 0 0 0.0 0.0 190 24.5 0 0 0
11.206 0x08 idle 0 1 0 0 0 0.0 0.0 190 24.5 0 0 0
11.249 0x08 idle 0 1 0 0 0 0.0 0.0 190 24.5 0 0 0
11.295 0x08 idle 0 1 0 0 0 0.0 0.0 190 24.5 0 0 0
11.328 0x08 idle 0 1 0 0 0 0.0 0.0 190 24.5 0 0 0
11.368 0x08 idle 0 1 0 0 0 0.0 0.0 190 24.5 0 0 0
11.407 0x08 idle 0 1 0 0 0 0.0 0.0 190 24.5 0 0 0
11.448 0x08 idle 0 1 0 0 0 0.0 0.0 190 24.5 0 0 0
11.493 0x08 idle 0 1 0 0 0 0.0 0.0 190 24.5 0 0 0
11.535 0x08 idle 0 1 0 0 0 0.0 0.0 190 24.5 0 0 0
11.569 0x08 idle 0 1 0 0 0 0.0 0.0 190 24.5 0 0 0
11.606 0x08 idle 0 1 0 0 0 0.0 0.0 190 24.5 0 0 0
11.647 0x08 idle 0 1 0 0 0 0.0 0.0 190 24.5 0 0 0
11.685 0x08 idle 0 1 0 0 0 0.0 0.0 190 24.5 0 0 0
11.725 0x08 idle 0 1 0 0 0 0.0 0.0 190 24.5 0 0 0
11.766 0x08 idle 0 1 0 0 0 0.0 0.0 190 24.5 0 0 0
11.807 0x08 idle 0 1 0 0 0 0.0 0.0 190 24.5 0 0 0
11.845 0x08 idle 0 1 0 0 0 0.0 0.0 190 24.5 0 0 0
11.887 0x08 idle 0 1 0 0 0 0.0 0.0 190 24.5 0 0 0
11.928 0x08 idle 0 1 0 0 0 0.0 0.0 190 24.5 0 0 0
11.967 0x08 idle 0 1 0 0 0 0.0 0.0 190 24.5 0 0 0
12.005 0x08 idle 0 1 0 0 0 0.0 0.0 190 24.5 0 0 0
12.046 0x08 idle 0 1 0 0 0 0.0 0.0 190 24.5 0 0 0
12.091 0x08 idle 0 1 0 0 0 0.0 0.0 190 24.5 0 0 0
12.127 0x08 idle 0 1 0 0 0 0.0 0.0 190 24.5 0 0 0
12.168 0x08 idle 0 1 0 0 0 0.0 0.0 190 24.5 0 0 0
12.207 0x08 idle 0 1 0 0 0 0.0 0.0 190 24.5 0 0 0
12.247 0x08 idle 0 1 0 0 0 0.0 0.0 190 24.5 0 0 0
12.285 0x08 idle 0 1 0 0 0 0.0 0.0 190 24.5 0 0 0
12.329 0x08 idle 0 1 0 0 0 0.0 0.0 190 24.5 0 0 0
12.370 0x08 idle 0 1 0 0 0 0.0 0.0 190 24.5 0 0 0
12.405 0x08 idle 0 1 0 0 0 0.0 0.0 190 24.5 0 0 0
12.447 0x08 idle 0 1 0 0 0 0.0 0.0 190 24.5 0 0 0
12.489 0x08 idle 0 1 0 0 0 0.0 0.0 190 24.5 0 0 0
12.527 0x08 idle 0 1 0 0 0 0.0 0.0 190 24.5 0 0 0
12.570 0x08 idle 0 1 0 0 0 0.0 0.0 190 24.5 0 0 0
12.614 0x08 idle 0 1 0 0 0 0.0 0.0 190 24.5 0 0 0
12.653 0x08 idle 0 1 0 0 0 0.0 0.0 190 24.5 0 0 0
12.686 0x08 idle 0 1 0 0 0 0.0 0.0 190 24.5 0 0 0
12.734 0x08 idle 0 1 0 0 0 0.0 0.0 190 24.5 0 0 0
12.766 0x08 idle 0 1 0 0 0 0.0 0.0 190 24.5 0 0 0
12.810 0x08 idle 0 1 0 0 0 0.0 0.0 190 24.5 0 0 0
12.848 0x08 idle 0 1 0 0 0 0.0 0.0 190 24.5 0 0 0
12.889 0x08 idle 0 1 0 0 0 0.0 0.0 190 24.5 0 0 0
12.929 0x08 idle 0 1 0 0 0 0.0 0.0 190 24.5 0 0 0
12.965 0x08 idle 0 1 0 0 0 0.0 0.0 190 24.5 0 0 0
13.006 0x08 idle 0 1 0 0 0 0.0 0.0 190 24.5 0 0 0
13.046 0x08 idle 0 1 0 0 0 0.0 0.0 190 24.5 0 0 0
13.087 0x08 idle 0 1 0 0 0 0.0 0.0 190 24.5 0 0 0
13.126 0x08 idle 0 1 0 0 0 0.0 0.0 190 24.5 0 0 0
13.172 0x08 idle 0 1 0 0 0 0.0 0.0 190 24.5 0 0 0
13.208 0x00 idle 0 0 0 0 0 0.0 0.0 190 24.5 0 0 0

[tcp_trajectory]
elapsed_s x_m y_m z_m qx qy qz qw speed_m_s tf_stamp_s along_mm remaining_mm cross_track_mm progress waypoint phase
0.0012 0.0359296 -1.6834844 0.6732326 -0.41845852 0.65876132 -0.53995273 -0.31524125 0.000000 1789526589.442416430 -0.888 32.493 0.441 0.00000 -1 ACTUAL_TF
0.0471 0.0358925 -1.6836470 0.6731884 -0.41845571 0.65875647 -0.53996071 -0.31524145 0.003078 1789526589.498472929 -0.939 32.545 0.292 0.00000 -1 ACTUAL_TF
0.1095 0.0358710 -1.6837530 0.6731496 -0.41846411 0.65875581 -0.53995701 -0.31523801 0.002771 1789526589.554451227 -0.970 32.575 0.198 0.00000 -1 ACTUAL_TF
0.1606 0.0358664 -1.6838042 0.6731262 -0.41847278 0.65875473 -0.53995442 -0.31523319 0.002241 1789526589.610611916 -0.979 32.584 0.156 0.00000 -1 ACTUAL_TF
0.2227 0.0358550 -1.6838407 0.6731121 -0.41847495 0.65875587 -0.53995111 -0.31523358 0.001787 1789526589.666517973 -0.994 32.599 0.135 0.00000 -1 ACTUAL_TF
0.2703 0.0358512 -1.6838563 0.6731012 -0.41847979 0.65875615 -0.53994814 -0.31523168 0.001355 1789526589.722435951 -0.999 32.604 0.124 0.00000 -1 ACTUAL_TF
0.3306 0.0358473 -1.6838704 0.6730936 -0.41848313 0.65875732 -0.53994438 -0.31523123 0.001037 1789526589.778434753 -1.004 32.609 0.118 0.00000 -1 ACTUAL_TF
0.3837 0.0358415 -1.6838744 0.6730869 -0.41848407 0.65875966 -0.53994084 -0.31523115 0.000778 1789526589.834377766 -1.010 32.615 0.112 0.00000 -1 ACTUAL_TF
0.4407 0.0358395 -1.6838774 0.6730802 -0.41848742 0.65876047 -0.53993725 -0.31523117 0.000585 1789526589.890442133 -1.012 32.618 0.106 0.00000 -1 ACTUAL_TF
0.4947 0.0358369 -1.6838774 0.6730737 -0.41848862 0.65876255 -0.53993467 -0.31522966 0.000447 1789526589.946352720 -1.015 32.620 0.099 0.00000 -1 ACTUAL_TF
0.5556 0.0358379 -1.6838794 0.6730718 -0.41849018 0.65876309 -0.53993292 -0.31522947 0.000329 1789526590.002554893 -1.014 32.619 0.098 0.00000 -1 ACTUAL_TF
0.6126 0.0358413 -1.6838814 0.6730700 -0.41849171 0.65876362 -0.53993246 -0.31522709 0.000253 1789526590.058405876 -1.011 32.616 0.097 0.00000 -1 ACTUAL_TF
0.6700 0.0358363 -1.6838816 0.6730684 -0.41849234 0.65876466 -0.53992997 -0.31522836 0.000206 1789526590.114575148 -1.016 32.621 0.095 0.00000 -1 ACTUAL_TF
0.7237 0.0358348 -1.6838767 0.6730607 -0.41849452 0.65876736 -0.53992595 -0.31522671 0.000193 1789526590.170373201 -1.017 32.623 0.087 0.00000 -1 ACTUAL_TF
0.7749 0.0358364 -1.6838796 0.6730605 -0.41849418 0.65876768 -0.53992611 -0.31522621 0.000153 1789526590.226382017 -1.016 32.621 0.087 0.00000 -1 ACTUAL_TF
0.8344 0.0358357 -1.6838778 0.6730573 -0.41849668 0.65876889 -0.53992292 -0.31522581 0.000127 1789526590.282351017 -1.016 32.622 0.084 0.00000 -1 ACTUAL_TF
0.8916 0.0358426 -1.6838917 0.6730594 -0.41849403 0.65876813 -0.53992625 -0.31522523 0.000173 1789526590.338465452 -1.011 32.616 0.091 0.00000 -1 ACTUAL_TF
0.9570 0.0358411 -1.6838876 0.6730532 -0.41849564 0.65876987 -0.53992344 -0.31522427 0.000162 1789526590.394507885 -1.012 32.617 0.083 0.00000 -1 ACTUAL_TF
1.0079 0.0358317 -1.6838889 0.6730516 -0.41849501 0.65877164 -0.53992041 -0.31522658 0.000165 1789526590.450457811 -1.021 32.627 0.082 0.00000 -1 ACTUAL_TF
1.1260 0.0358316 -1.6838879 0.6730500 -0.41849564 0.65877267 -0.53991909 -0.31522585 0.000120 1789526590.562394857 -1.021 32.627 0.080 0.00000 -1 ACTUAL_TF
1.1724 0.0358332 -1.6838879 0.6730500 -0.41849684 0.65877194 -0.53991969 -0.31522477 0.000093 1789526590.618362665 -1.020 32.625 0.080 0.00000 -1 ACTUAL_TF
1.2269 0.0358336 -1.6838886 0.6730468 -0.41849684 0.65877194 -0.53991969 -0.31522477 0.000083 1789526590.674430847 -1.019 32.625 0.078 0.00000 -1 ACTUAL_TF
1.2829 0.0358254 -1.6838890 0.6730469 -0.41849070 0.65877571 -0.53991662 -0.31523031 0.000102 1789526590.730374575 -1.028 32.633 0.078 0.00000 -1 ACTUAL_TF
1.3401 0.0358219 -1.6838938 0.6730534 -0.41845330 0.65879316 -0.53990408 -0.31526496 0.000118 1789526590.786409140 -1.031 32.637 0.085 0.00000 -1 ACTUAL_TF
1.3974 0.0361265 -1.6838776 0.6730257 -0.41845882 0.65880999 -0.53988956 -0.31524733 0.001699 1789526590.843246222 -0.727 32.332 0.067 0.00000 -1 ACTUAL_TF
1.4549 0.0364211 -1.6838386 0.6729685 -0.41848521 0.65883998 -0.53983992 -0.31523463 0.002836 1789526590.898405075 -0.430 32.036 0.036 0.00000 -1 ACTUAL_TF
1.5045 0.0367706 -1.6837948 0.6728815 -0.41855567 0.65888086 -0.53974038 -0.31522608 0.003926 1789526590.954482317 -0.079 31.684 0.104 0.00000 -1 ACTUAL_TF
1.5637 0.0370568 -1.6838206 0.6728940 -0.41858334 0.65890851 -0.53969694 -0.31520593 0.004293 1789526591.010323524 0.204 31.401 0.116 0.00000 -1 ACTUAL_TF
1.6278 0.0372741 -1.6838916 0.6729590 -0.41859136 0.65892707 -0.53967040 -0.31520192 0.004273 1789526591.066560268 0.415 31.190 0.162 0.00000 -1 ACTUAL_TF
1.6800 0.0374267 -1.6839444 0.6730294 -0.41859696 0.65892495 -0.53967162 -0.31519682 0.003933 1789526591.122698307 0.563 31.042 0.228 0.00000 -1 ACTUAL_TF
1.7294 0.0375426 -1.6839839 0.6730828 -0.41860056 0.65892048 -0.53967678 -0.31519254 0.003472 1789526591.178406954 0.676 30.930 0.289 0.00000 -1 ACTUAL_TF
1.7855 0.0376058 -1.6840061 0.6731132 -0.41860057 0.65891737 -0.53968113 -0.31519161 0.002824 1789526591.234432697 0.737 30.868 0.326 0.00000 -1 ACTUAL_TF
1.8410 0.0376656 -1.6840155 0.6731369 -0.41859925 0.65891318 -0.53968706 -0.31519197 0.002326 1789526591.290381670 0.796 30.809 0.348 0.00000 -1 ACTUAL_TF
1.8971 0.0377842 -1.6839938 0.6731479 -0.41859212 0.65891007 -0.53969220 -0.31519912 0.002275 1789526591.346538305 0.916 30.689 0.342 0.00000 -1 ACTUAL_TF
1.9593 0.0380202 -1.6839541 0.6731616 -0.41859338 0.65889582 -0.53970843 -0.31519944 0.002876 1789526591.402556181 1.155 30.451 0.331 0.00000 -1 ACTUAL_TF
2.0059 0.0384886 -1.6838660 0.6731836 -0.41860606 0.65885493 -0.53975039 -0.31519624 0.004575 1789526591.458426714 1.629 29.976 0.302 0.00000 -1 ACTUAL_TF
2.0641 0.0388734 -1.6836985 0.6730910 -0.41862212 0.65881789 -0.53977043 -0.31521800 0.005508 1789526591.514362812 2.026 29.580 0.137 0.00000 -1 ACTUAL_TF
2.1312 0.0392660 -1.6834557 0.6729023 -0.41864112 0.65878725 -0.53977723 -0.31524518 0.006517 1789526591.570565462 2.436 29.169 0.146 0.00000 -1 ACTUAL_TF
2.1874 0.0395269 -1.6832664 0.6727515 -0.41864095 0.65877453 -0.53978076 -0.31526592 0.006474 1789526591.626388788 2.711 28.894 0.372 0.00000 -1 ACTUAL_TF
2.2365 0.0397619 -1.6830730 0.6725754 -0.41862592 0.65878838 -0.53978629 -0.31524747 0.006407 1789526591.682669640 2.960 28.645 0.620 0.00000 -1 ACTUAL_TF
2.2866 0.0399120 -1.6829759 0.6724999 -0.41862979 0.65877535 -0.53979804 -0.31524946 0.005528 1789526591.738457441 3.118 28.488 0.734 0.00000 -1 ACTUAL_TF
2.3437 0.0399768 -1.6829216 0.6724543 -0.41862513 0.65877185 -0.53980223 -0.31525577 0.004385 1789526591.794352055 3.186 28.419 0.801 0.00000 -1 ACTUAL_TF
2.4003 0.0400381 -1.6828913 0.6724338 -0.41861946 0.65876577 -0.53981330 -0.31525705 0.003452 1789526591.850315332 3.250 28.355 0.833 0.00000 -1 ACTUAL_TF
2.4618 0.0400723 -1.6828757 0.6724204 -0.41861782 0.65876483 -0.53981767 -0.31525371 0.002630 1789526591.906388760 3.285 28.320 0.852 0.00000 -1 ACTUAL_TF
2.5130 0.0401160 -1.6828708 0.6724186 -0.41860964 0.65876558 -0.53982109 -0.31525715 0.002077 1789526591.962435961 3.329 28.276 0.854 0.00000 -1 ACTUAL_TF
2.5730 0.0402154 -1.6828921 0.6724364 -0.41859311 0.65875829 -0.53983744 -0.31526634 0.002006 1789526592.018469334 3.426 28.179 0.821 0.00000 -1 ACTUAL_TF
2.6292 0.0404399 -1.6828996 0.6724198 -0.41858425 0.65877473 -0.53982951 -0.31525733 0.002613 1789526592.074355125 3.649 27.956 0.815 0.00000 -1 ACTUAL_TF
2.6848 0.0407444 -1.6829359 0.6724321 -0.41859047 0.65882106 -0.53979687 -0.31520814 0.003470 1789526592.130483866 3.950 27.656 0.766 0.00000 -1 ACTUAL_TF
2.7453 0.0411684 -1.6831217 0.6726313 -0.41855172 0.65887075 -0.53978791 -0.31517109 0.005119 1789526592.186683178 4.358 27.247 0.475 0.00000 -1 ACTUAL_TF
2.7930 0.0415487 -1.6833258 0.6728706 -0.41854108 0.65888173 -0.53978402 -0.31516891 0.006235 1789526592.242526531 4.721 26.884 0.154 0.00000 -1 ACTUAL_TF
2.8520 0.0418284 -1.6834737 0.6730485 -0.41854361 0.65887466 -0.53979165 -0.31516727 0.006310 1789526592.298498154 4.989 26.616 0.131 0.00000 -1 ACTUAL_TF
2.9105 0.0420584 -1.6835618 0.6731585 -0.41854365 0.65888669 -0.53978738 -0.31514937 0.005859 1789526592.354606152 5.211 26.394 0.272 0.00000 -1 ACTUAL_TF
2.9696 0.0421633 -1.6836292 0.6732291 -0.41854169 0.65888380 -0.53978783 -0.31515725 0.004871 1789526592.410436630 5.311 26.295 0.374 0.00000 -1 ACTUAL_TF
3.0225 0.0422541 -1.6836700 0.6732824 -0.41854750 0.65888385 -0.53978540 -0.31515360 0.004015 1789526592.466426611 5.398 26.207 0.443 0.00000 -1 ACTUAL_TF
3.0812 0.0423016 -1.6836962 0.6733162 -0.41854613 0.65888171 -0.53978931 -0.31515319 0.003152 1789526592.522455454 5.443 26.162 0.487 0.00000 -1 ACTUAL_TF
3.1279 0.0423483 -1.6837100 0.6733396 -0.41854673 0.65887927 -0.53979108 -0.31515446 0.002496 1789526592.578380823 5.489 26.116 0.516 0.00000 -1 ACTUAL_TF
3.1872 0.0424331 -1.6837007 0.6733485 -0.41854597 0.65887404 -0.53979698 -0.31515630 0.002207 1789526592.634417295 5.574 26.031 0.519 0.00000 -1 ACTUAL_TF
3.2543 0.0426802 -1.6836566 0.6733622 -0.41854933 0.65885848 -0.53981431 -0.31515469 0.002888 1789526592.690572262 5.824 25.781 0.509 0.00000 -1 ACTUAL_TF
3.3007 0.0430388 -1.6835970 0.6733866 -0.41854087 0.65883726 -0.53984087 -0.31516479 0.003978 1789526592.746440411 6.187 25.419 0.503 0.00000 -1 ACTUAL_TF
3.3526 0.0434039 -1.6834618 0.6733166 -0.41855737 0.65880710 -0.53985903 -0.31517481 0.004904 1789526592.802438974 6.562 25.044 0.379 0.00000 -1 ACTUAL_TF
3.4185 0.0438161 -1.6831863 0.6730991 -0.41858915 0.65878001 -0.53984977 -0.31520510 0.006328 1789526592.858527899 6.994 24.611 0.065 0.00000 -1 ACTUAL_TF
3.4699 0.0440870 -1.6829995 0.6729458 -0.41859606 0.65876440 -0.53984758 -0.31523228 0.006362 1789526592.914884806 7.279 24.327 0.178 0.00000 -1 ACTUAL_TF
3.5193 0.0443260 -1.6828069 0.6727742 -0.41860765 0.65875697 -0.53983996 -0.31524547 0.006348 1789526592.970581055 7.532 24.073 0.419 0.00000 -1 ACTUAL_TF
3.5808 0.0444717 -1.6826926 0.6726697 -0.41857259 0.65878070 -0.53985657 -0.31521400 0.005584 1789526593.026499748 7.686 23.919 0.565 0.00000 -1 ACTUAL_TF
3.6396 0.0445716 -1.6826284 0.6726194 -0.41857176 0.65877024 -0.53986557 -0.31522154 0.004600 1789526593.082469463 7.791 23.815 0.640 0.00000 -1 ACTUAL_TF
3.6884 0.0446235 -1.6825773 0.6725654 -0.41857337 0.65877004 -0.53986290 -0.31522438 0.003706 1789526593.138473034 7.846 23.759 0.711 0.00000 -1 ACTUAL_TF
3.7439 0.0446501 -1.6825493 0.6725400 -0.41857303 0.65877063 -0.53986202 -0.31522512 0.002841 1789526593.194607019 7.875 23.730 0.747 0.00000 -1 ACTUAL_TF
3.8044 0.0446861 -1.6825400 0.6725339 -0.41856862 0.65877024 -0.53986388 -0.31522861 0.002191 1789526593.250472784 7.912 23.694 0.756 0.00000 -1 ACTUAL_TF
3.8609 0.0447649 -1.6825542 0.6725477 -0.41855366 0.65876602 -0.53987532 -0.31523769 0.001968 1789526593.306513309 7.989 23.616 0.732 0.00000 -1 ACTUAL_TF
3.9116 0.0449671 -1.6825707 0.6725523 -0.41853860 0.65876810 -0.53988443 -0.31523774 0.002467 1789526593.362419605 8.189 23.416 0.705 0.00000 -1 ACTUAL_TF
3.9707 0.0452269 -1.6825725 0.6725319 -0.41854946 0.65880858 -0.53985018 -0.31519738 0.003120 1789526593.418511629 8.448 23.158 0.704 0.00000 -1 ACTUAL_TF
4.0314 0.0456459 -1.6827239 0.6726979 -0.41852766 0.65883941 -0.53985133 -0.31515993 0.004737 1789526593.474395514 8.854 22.752 0.459 0.00000 -1 ACTUAL_TF
4.0844 0.0460059 -1.6829377 0.6729391 -0.41851084 0.65883621 -0.53986439 -0.31516657 0.005904 1789526593.530408144 9.196 22.410 0.123 0.00000 -1 ACTUAL_TF
4.1383 0.0463625 -1.6831095 0.6731320 -0.41850649 0.65884661 -0.53986270 -0.31515348 0.006493 1789526593.586388588 9.538 22.067 0.169 0.00000 -1 ACTUAL_TF
4.2031 0.0466067 -1.6832312 0.6732791 -0.41851287 0.65884329 -0.53986088 -0.31515509 0.006207 1789526593.642323017 9.772 21.833 0.367 0.00000 -1 ACTUAL_TF
4.2502 0.0467227 -1.6832899 0.6733496 -0.41851525 0.65884918 -0.53985135 -0.31515594 0.005135 1789526593.698470831 9.883 21.722 0.464 0.00000 -1 ACTUAL_TF
4.3083 0.0468153 -1.6833309 0.6733966 -0.41852090 0.65884932 -0.53984778 -0.31515427 0.004193 1789526593.754452705 9.972 21.633 0.531 0.00000 -1 ACTUAL_TF
4.3668 0.0468602 -1.6833572 0.6734253 -0.41852113 0.65885050 -0.53984557 -0.31515526 0.003253 1789526593.810619593 10.015 21.590 0.573 0.00000 -1 ACTUAL_TF
4.4157 0.0468992 -1.6833710 0.6734455 -0.41852285 0.65885022 -0.53984363 -0.31515689 0.002524 1789526593.866375685 10.053 21.552 0.599 0.00000 -1 ACTUAL_TF
4.4768 0.0469596 -1.6833712 0.6734556 -0.41852194 0.65884676 -0.53984724 -0.31515914 0.002094 1789526593.922540426 10.113 21.492 0.609 0.00000 -1 ACTUAL_TF
4.5381 0.0471534 -1.6833427 0.6734690 -0.41851877 0.65883568 -0.53986181 -0.31516157 0.002518 1789526593.978526592 10.309 21.297 0.608 0.00000 -1 ACTUAL_TF
4.5855 0.0474250 -1.6832936 0.6734857 -0.41851208 0.65882357 -0.53987781 -0.31516836 0.003246 1789526594.034432650 10.584 21.022 0.599 0.00000 -1 ACTUAL_TF
4.6421 0.0478446 -1.6831676 0.6734470 -0.41851561 0.65880100 -0.53989500 -0.31518139 0.004629 1789526594.090440035 11.012 20.593 0.507 0.00000 -1 ACTUAL_TF
4.6958 0.0482905 -1.6829140 0.6732619 -0.41855600 0.65876409 -0.53989878 -0.31519845 0.006155 1789526594.146556616 11.476 20.129 0.227 0.00000 -1 ACTUAL_TF
4.7594 0.0485472 -1.6827071 0.6730782 -0.41856403 0.65875529 -0.53988425 -0.31523105 0.006308 1789526594.203210354 11.748 19.857 0.067 0.00000 -1 ACTUAL_TF
4.8127 0.0488088 -1.6825014 0.6728988 -0.41858063 0.65874570 -0.53987329 -0.31524782 0.006463 1789526594.258591890 12.025 19.580 0.303 0.00000 -1 ACTUAL_TF
4.8656 0.0489786 -1.6823785 0.6727862 -0.41856390 0.65875906 -0.53988494 -0.31522217 0.005804 1789526594.314336061 12.204 19.401 0.458 0.00000 -1 ACTUAL_TF
4.9271 0.0490767 -1.6822884 0.6727025 -0.41855399 0.65876756 -0.53988347 -0.31522008 0.004905 1789526594.370435953 12.309 19.297 0.575 0.00000 -1 ACTUAL_TF
4.9782 0.0491226 -1.6822436 0.6726592 -0.41855554 0.65876624 -0.53988064 -0.31522563 0.003848 1789526594.426405430 12.358 19.247 0.634 0.00000 -1 ACTUAL_TF
5.0401 0.0491694 -1.6822044 0.6726233 -0.41855914 0.65876535 -0.53988055 -0.31522287 0.003071 1789526594.482572079 12.408 19.198 0.684 0.00000 -1 ACTUAL_TF
5.0896 0.0491921 -1.6821867 0.6726051 -0.41855850 0.65876508 -0.53987971 -0.31522572 0.002333 1789526594.538428068 12.432 19.174 0.708 0.00000 -1 ACTUAL_TF
5.1419 0.0492581 -1.6821927 0.6726118 -0.41854500 0.65876391 -0.53988743 -0.31523286 0.001989 1789526594.594583988 12.497 19.108 0.696 0.00000 -1 ACTUAL_TF
5.2032 0.0494392 -1.6822145 0.6726311 -0.41852748 0.65875492 -0.53990893 -0.31523809 0.002378 1789526594.650394201 12.676 18.930 0.656 0.00000 -1 ACTUAL_TF
5.2630 0.0497025 -1.6822259 0.6726171 -0.41853252 0.65878224 -0.53989087 -0.31520522 0.003077 1789526594.706456661 12.937 18.668 0.643 0.00000 -1 ACTUAL_TF
5.3131 0.0501105 -1.6823528 0.6727595 -0.41851074 0.65881530 -0.53989089 -0.31516501 0.004569 1789526594.762408018 13.334 18.272 0.431 0.00000 -1 ACTUAL_TF
5.3778 0.0504522 -1.6825162 0.6729360 -0.41851072 0.65882116 -0.53988095 -0.31516982 0.005437 1789526594.818396807 13.662 17.944 0.176 0.00000 -1 ACTUAL_TF
5.4252 0.0508173 -1.6827186 0.6731617 -0.41849114 0.65883131 -0.53988973 -0.31515956 0.006348 1789526594.874416351 14.010 17.595 0.157 0.00000 -1 ACTUAL_TF
5.4870 0.0510339 -1.6828378 0.6732970 -0.41848605 0.65883512 -0.53988854 -0.31516039 0.005955 1789526594.930352926 14.217 17.389 0.345 0.00000 -1 ACTUAL_TF
5.5396 0.0512149 -1.6829320 0.6734127 -0.41849268 0.65883043 -0.53988750 -0.31516318 0.005424 1789526594.986390829 14.390 17.216 0.502 0.00000 -1 ACTUAL_TF
5.5981 0.0513185 -1.6829743 0.6734625 -0.41849661 0.65883187 -0.53988377 -0.31516135 0.004452 1789526595.042494535 14.490 17.115 0.573 0.00000 -1 ACTUAL_TF
5.6505 0.0513666 -1.6829934 0.6734820 -0.41850077 0.65883606 -0.53987691 -0.31515881 0.003413 1789526595.098366976 14.536 17.069 0.603 0.00000 -1 ACTUAL_TF
5.7143 0.0514112 -1.6830133 0.6735063 -0.41850448 0.65883634 -0.53987418 -0.31515797 0.002681 1789526595.154410362 14.579 17.026 0.636 0.00000 -1 ACTUAL_TF
5.7640 0.0514518 -1.6830160 0.6735165 -0.41850227 0.65883659 -0.53987288 -0.31516261 0.002101 1789526595.210468531 14.620 16.986 0.647 0.00000 -1 ACTUAL_TF
5.8158 0.0516151 -1.6829874 0.6735254 -0.41850246 0.65882766 -0.53988267 -0.31516426 0.002361 1789526595.266460180 14.785 16.821 0.642 0.00000 -1 ACTUAL_TF
5.8763 0.0518662 -1.6829452 0.6735418 -0.41849671 0.65881519 -0.53989952 -0.31516909 0.003016 1789526595.322568178 15.039 16.567 0.637 0.00000 -1 ACTUAL_TF
5.9367 0.0522624 -1.6828502 0.6735392 -0.41848902 0.65879534 -0.53992111 -0.31518380 0.004300 1789526595.378423691 15.441 16.164 0.591 0.00000 -1 ACTUAL_TF
5.9885 0.0526086 -1.6826614 0.6734028 -0.41851543 0.65877099 -0.53992220 -0.31519777 0.005247 1789526595.434379578 15.801 15.804 0.382 0.00000 -1 ACTUAL_TF
6.0472 0.0529761 -1.6824020 0.6731823 -0.41853863 0.65875686 -0.53990491 -0.31522610 0.006356 1789526595.490402222 16.188 15.417 0.081 0.00000 -1 ACTUAL_TF
6.0943 0.0532840 -1.6821767 0.6729874 -0.41857210 0.65873897 -0.53989577 -0.31523471 0.006745 1789526595.546365499 16.512 15.093 0.226 0.00000 -1 ACTUAL_TF
6.1521 0.0534480 -1.6820391 0.6728612 -0.41858216 0.65873890 -0.53988330 -0.31524284 0.006052 1789526595.602436543 16.687 14.919 0.400 0.00000 -1 ACTUAL_TF
6.2134 0.0535941 -1.6819368 0.6727731 -0.41854137 0.65876242 -0.53990577 -0.31520938 0.005304 1789526595.658323288 16.840 14.765 0.526 0.00000 -1 ACTUAL_TF
6.2776 0.0536479 -1.6818934 0.6727327 -0.41854141 0.65875925 -0.53990443 -0.31521825 0.004141 1789526595.714387894 16.897 14.708 0.582 0.00000 -1 ACTUAL_TF
6.3274 0.0536992 -1.6818414 0.6726832 -0.41855316 0.65875701 -0.53989878 -0.31521701 0.003371 1789526595.770414352 16.952 14.653 0.650 0.00000 -1 ACTUAL_TF
6.3786 0.0537180 -1.6818248 0.6726651 -0.41854991 0.65875835 -0.53989797 -0.31521992 0.002526 1789526595.826406002 16.972 14.633 0.673 0.00000 -1 ACTUAL_TF
6.4399 0.0537706 -1.6818148 0.6726618 -0.41854603 0.65875774 -0.53989954 -0.31522366 0.002055 1789526595.882469416 17.026 14.580 0.680 0.00000 -1 ACTUAL_TF
6.4903 0.0539007 -1.6818388 0.6726836 -0.41853155 0.65874539 -0.53992282 -0.31522880 0.002157 1789526595.938453913 17.153 14.452 0.640 0.00000 -1 ACTUAL_TF
6.5451 0.0541472 -1.6818524 0.6726718 -0.41852361 0.65876514 -0.53991459 -0.31521217 0.002834 1789526595.994428396 17.398 14.208 0.624 0.00000 -1 ACTUAL_TF
6.6048 0.0545235 -1.6819604 0.6727754 -0.41849664 0.65880044 -0.53991241 -0.31517793 0.004153 1789526596.050438166 17.764 13.841 0.455 0.00000 -1 ACTUAL_TF
6.6647 0.0548707 -1.6821232 0.6729562 -0.41848229 0.65882023 -0.53990500 -0.31516832 0.005180 1789526596.106405497 18.098 13.508 0.195 0.00000 -1 ACTUAL_TF
6.7173 0.0552315 -1.6822816 0.6731236 -0.41849155 0.65884237 -0.53987814 -0.31515574 0.005921 1789526596.162372112 18.445 13.160 0.076 0.00000 -1 ACTUAL_TF
6.7713 0.0554872 -1.6824160 0.6732771 -0.41849415 0.65884696 -0.53987510 -0.31514790 0.005896 1789526596.218390942 18.689 12.916 0.280 0.00000 -1 ACTUAL_TF
6.8278 0.0556784 -1.6825194 0.6733964 -0.41849878 0.65885127 -0.53986413 -0.31515155 0.005455 1789526596.274415731 18.872 12.733 0.446 0.00000 -1 ACTUAL_TF
6.8883 0.0557817 -1.6825650 0.6734440 -0.41850956 0.65885582 -0.53985216 -0.31514822 0.004474 1789526596.330493927 18.971 12.634 0.517 0.00000 -1 ACTUAL_TF
6.9378 0.0558451 -1.6825824 0.6734627 -0.41852104 0.65886425 -0.53983447 -0.31514565 0.003499 1789526596.386381626 19.033 12.572 0.546 0.00000 -1 ACTUAL_TF
6.9971 0.0558850 -1.6826118 0.6734948 -0.41852001 0.65886062 -0.53983795 -0.31514865 0.002765 1789526596.442530394 19.071 12.535 0.592 0.00000 -1 ACTUAL_TF
7.0650 0.0559216 -1.6826168 0.6735096 -0.41852170 0.65885999 -0.53983504 -0.31515271 0.002149 1789526596.498554468 19.107 12.498 0.607 0.00000 -1 ACTUAL_TF
7.1052 0.0560255 -1.6826005 0.6735200 -0.41851383 0.65885780 -0.53983917 -0.31516067 0.002072 1789526596.554397821 19.212 12.393 0.608 0.00000 -1 ACTUAL_TF
7.1602 0.0562588 -1.6825604 0.6735349 -0.41851216 0.65884436 -0.53985633 -0.31516159 0.002719 1789526596.610467434 19.448 12.157 0.601 0.00000 -1 ACTUAL_TF
7.2204 0.0566461 -1.6824831 0.6735500 -0.41850365 0.65882304 -0.53988289 -0.31517195 0.004023 1789526596.666397810 19.840 11.765 0.579 0.00000 -1 ACTUAL_TF
7.2827 0.0570177 -1.6823193 0.6734528 -0.41852550 0.65878859 -0.53990094 -0.31518402 0.005051 1789526596.722461224 20.224 11.382 0.417 0.00000 -1 ACTUAL_TF
7.3332 0.0573917 -1.6820709 0.6732588 -0.41853761 0.65876325 -0.53989845 -0.31522518 0.006161 1789526596.778348207 20.616 10.989 0.134 0.00000 -1 ACTUAL_TF
7.3833 0.0576920 -1.6818463 0.6730680 -0.41857573 0.65874976 -0.53988441 -0.31522681 0.006567 1789526596.834349632 20.933 10.672 0.164 0.00000 -1 ACTUAL_TF
7.4399 0.0579438 -1.6816839 0.6729380 -0.41858365 0.65873177 -0.53989454 -0.31523654 0.006346 1789526596.890360832 21.197 10.409 0.352 0.00000 -1 ACTUAL_TF
7.5011 0.0580604 -1.6815911 0.6728497 -0.41853868 0.65875800 -0.53991055 -0.31521402 0.005367 1789526596.946554422 21.320 10.285 0.472 0.00000 -1 ACTUAL_TF
7.5607 0.0581439 -1.6815179 0.6727822 -0.41854518 0.65875248 -0.53990769 -0.31522182 0.004455 1789526597.002394915 21.409 10.196 0.566 0.00000 -1 ACTUAL_TF
7.6115 0.0582008 -1.6814750 0.6727448 -0.41854883 0.65874715 -0.53991062 -0.31522307 0.003549 1789526597.058382511 21.469 10.136 0.619 0.00000 -1 ACTUAL_TF
7.6760 0.0582241 -1.6814599 0.6727315 -0.41854494 0.65874466 -0.53991429 -0.31522717 0.002650 1789526597.114416599 21.493 10.112 0.638 0.00000 -1 ACTUAL_TF
7.7266 0.0582623 -1.6814487 0.6727205 -0.41853865 0.65874686 -0.53991487 -0.31522992 0.002076 1789526597.170408010 21.532 10.073 0.651 0.00000 -1 ACTUAL_TF
7.7928 0.0583619 -1.6814645 0.6727370 -0.41852528 0.65873911 -0.53993118 -0.31523594 0.002001 1789526597.226427317 21.630 9.975 0.622 0.00000 -1 ACTUAL_TF
7.8420 0.0585511 -1.6814730 0.6727173 -0.41851209 0.65876163 -0.53991835 -0.31522836 0.002415 1789526597.282722950 21.818 9.787 0.618 0.00000 -1 ACTUAL_TF
7.8882 0.0588363 -1.6815120 0.6727254 -0.41850693 0.65880863 -0.53988774 -0.31518942 0.003241 1789526597.338448286 22.099 9.506 0.570 0.00000 -1 ACTUAL_TF
7.9466 0.0592850 -1.6816791 0.6729081 -0.41848979 0.65883876 -0.53988644 -0.31515141 0.005018 1789526597.394380093 22.533 9.072 0.301 0.00000 -1 ACTUAL_TF
8.0042 0.0596398 -1.6818460 0.6730986 -0.41850381 0.65885730 -0.53985228 -0.31515256 0.005838 1789526597.450608969 22.874 8.731 0.054 0.00000 -1 ACTUAL_TF
8.0619 0.0598902 -1.6819782 0.6732378 -0.41850159 0.65887214 -0.53983831 -0.31514841 0.005782 1789526597.506423950 23.113 8.492 0.189 0.00000 -1 ACTUAL_TF
8.1134 0.0601116 -1.6821077 0.6733904 -0.41849861 0.65885971 -0.53984941 -0.31515935 0.005648 1789526597.562398672 23.324 8.281 0.395 0.00000 -1 ACTUAL_TF
8.1736 0.0602184 -1.6821661 0.6734545 -0.41850817 0.65886143 -0.53983743 -0.31516357 0.004688 1789526597.618578911 23.426 8.179 0.487 0.00000 -1 ACTUAL_TF
8.2317 0.0603042 -1.6822045 0.6734970 -0.41851214 0.65886423 -0.53983252 -0.31516087 0.003835 1789526597.674440145 23.509 8.097 0.548 0.00000 -1 ACTUAL_TF
8.2901 0.0603476 -1.6822315 0.6735275 -0.41851178 0.65886157 -0.53983478 -0.31516302 0.003003 1789526597.730644226 23.550 8.056 0.591 0.00000 -1 ACTUAL_TF
8.3407 0.0603880 -1.6822485 0.6735539 -0.41851307 0.65885902 -0.53983500 -0.31516626 0.002376 1789526597.786636829 23.589 8.017 0.623 0.00000 -1 ACTUAL_TF
8.4032 0.0604503 -1.6822384 0.6735600 -0.41850856 0.65885894 -0.53983584 -0.31517097 0.002004 1789526597.842436790 23.652 7.954 0.623 0.00000 -1 ACTUAL_TF
8.4549 0.0606716 -1.6822006 0.6735748 -0.41850420 0.65884730 -0.53985184 -0.31517370 0.002607 1789526597.898500681 23.875 7.730 0.618 0.00000 -1 ACTUAL_TF
8.5096 0.0610718 -1.6821300 0.6735951 -0.41851277 0.65881889 -0.53988494 -0.31516501 0.004007 1789526597.954436541 24.280 7.325 0.604 0.00000 -1 ACTUAL_TF
8.5687 0.0614351 -1.6819817 0.6735171 -0.41852342 0.65879651 -0.53989575 -0.31517914 0.004947 1789526598.010478735 24.654 6.951 0.465 0.00000 -1 ACTUAL_TF
8.6195 0.0618307 -1.6817199 0.6733132 -0.41854749 0.65877492 -0.53988542 -0.31521000 0.006209 1789526598.066876173 25.069 6.536 0.165 0.00000 -1 ACTUAL_TF
8.6811 0.0621533 -1.6815138 0.6731432 -0.41857922 0.65874907 -0.53988786 -0.31521769 0.006607 1789526598.122457981 25.407 6.199 0.106 0.00000 -1 ACTUAL_TF
8.7319 0.0623836 -1.6813086 0.6729584 -0.41859691 0.65874871 -0.53986678 -0.31523107 0.006551 1789526598.178470612 25.652 5.953 0.358 0.00000 -1 ACTUAL_TF
8.8004 0.0625246 -1.6812160 0.6728808 -0.41856210 0.65876153 -0.53988537 -0.31521865 0.005580 1789526598.234482765 25.800 5.805 0.469 0.00000 -1 ACTUAL_TF
8.8466 0.0626345 -1.6811378 0.6728117 -0.41855329 0.65876422 -0.53989348 -0.31521086 0.004715 1789526598.290691376 25.916 5.690 0.567 0.00000 -1 ACTUAL_TF
8.9053 0.0626855 -1.6810940 0.6727679 -0.41855564 0.65876244 -0.53989137 -0.31521506 0.003731 1789526598.346553802 25.970 5.635 0.625 0.00000 -1 ACTUAL_TF
8.9535 0.0627212 -1.6810624 0.6727395 -0.41855582 0.65875966 -0.53989350 -0.31521697 0.002910 1789526598.402494907 26.008 5.597 0.665 0.00000 -1 ACTUAL_TF
9.0156 0.0627497 -1.6810433 0.6727230 -0.41855424 0.65876136 -0.53989101 -0.31521978 0.002239 1789526598.458789110 26.038 5.567 0.689 0.00000 -1 ACTUAL_TF
9.0698 0.0628283 -1.6810535 0.6727354 -0.41854488 0.65875517 -0.53990359 -0.31522363 0.002000 1789526598.514423370 26.115 5.490 0.668 0.00000 -1 ACTUAL_TF
9.1226 0.0630182 -1.6810770 0.6727509 -0.41852466 0.65875122 -0.53992195 -0.31522726 0.002428 1789526598.570449114 26.303 5.303 0.630 0.00000 -1 ACTUAL_TF
9.1917 0.0632539 -1.6810924 0.6727362 -0.41851900 0.65879742 -0.53988787 -0.31519660 0.002965 1789526598.626548052 26.536 5.069 0.616 0.00000 -1 ACTUAL_TF
9.2388 0.0636451 -1.6812323 0.6728711 -0.41849244 0.65884067 -0.53987529 -0.31516300 0.004420 1789526598.682450056 26.915 4.690 0.402 0.00000 -1 ACTUAL_TF
9.2915 0.0639678 -1.6813941 0.6730493 -0.41850304 0.65884238 -0.53985800 -0.31517498 0.005247 1789526598.738539219 27.224 4.381 0.149 0.00000 -1 ACTUAL_TF
9.3503 0.0643200 -1.6815849 0.6732668 -0.41849087 0.65884854 -0.53986427 -0.31516752 0.006122 1789526598.794376373 27.561 4.045 0.172 0.00000 -1 ACTUAL_TF
9.3980 0.0645423 -1.6816851 0.6733904 -0.41849406 0.65885017 -0.53986409 -0.31516019 0.005748 1789526598.850469828 27.774 3.831 0.339 0.00000 -1 ACTUAL_TF
9.4595 0.0647093 -1.6817883 0.6735075 -0.41849538 0.65884527 -0.53986512 -0.31516692 0.005248 1789526598.906463146 27.933 3.672 0.502 0.00000 -1 ACTUAL_TF
9.5168 0.0647981 -1.6818294 0.6735562 -0.41849742 0.65884950 -0.53985892 -0.31516598 0.004259 1789526598.962510109 28.018 3.587 0.570 0.00000 -1 ACTUAL_TF
9.5760 0.0648410 -1.6818515 0.6735803 -0.41850069 0.65885025 -0.53985406 -0.31516838 0.003270 1789526599.018471479 28.059 3.546 0.605 0.00000 -1 ACTUAL_TF
9.6307 0.0648856 -1.6818703 0.6736049 -0.41850216 0.65884911 -0.53985450 -0.31516807 0.002580 1789526599.074417353 28.102 3.503 0.638 0.00000 -1 ACTUAL_TF
9.6913 0.0649356 -1.6818746 0.6736180 -0.41849940 0.65884707 -0.53985654 -0.31517249 0.002084 1789526599.130473375 28.152 3.453 0.653 0.00000 -1 ACTUAL_TF
9.7493 0.0651053 -1.6818398 0.6736286 -0.41849281 0.65884102 -0.53986589 -0.31517789 0.002389 1789526599.186456442 28.324 3.281 0.644 0.00000 -1 ACTUAL_TF
9.7964 0.0654183 -1.6817814 0.6736463 -0.41850300 0.65881737 -0.53989271 -0.31516787 0.003381 1789526599.242449284 28.641 2.964 0.632 0.00000 -1 ACTUAL_TF
9.8550 0.0658612 -1.6816599 0.6736233 -0.41850794 0.65879076 -0.53991810 -0.31517340 0.004833 1789526599.298372507 29.092 2.513 0.557 0.00000 -1 ACTUAL_TF
9.9075 0.0662538 -1.6813862 0.6733940 -0.41854739 0.65877334 -0.53989765 -0.31519249 0.006227 1789526599.354366064 29.505 2.100 0.228 0.00000 -1 ACTUAL_TF
9.9671 0.0665770 -1.6811708 0.6732180 -0.41856858 0.65875372 -0.53989437 -0.31521095 0.006639 1789526599.410459042 29.844 1.761 0.072 0.00000 -1 ACTUAL_TF
10.0168 0.0668450 -1.6809624 0.6730377 -0.41858587 0.65874360 -0.53988322 -0.31522824 0.006703 1789526599.466569662 30.127 1.478 0.304 0.00000 -1 ACTUAL_TF
10.0743 0.0669804 -1.6808528 0.6729383 -0.41858468 0.65874301 -0.53987840 -0.31523930 0.005768 1789526599.522491693 30.271 1.334 0.442 0.00000 -1 ACTUAL_TF
10.1321 0.0670980 -1.6807633 0.6728574 -0.41854331 0.65876862 -0.53989538 -0.31521165 0.004942 1789526599.578351259 30.395 1.210 0.554 0.00000 -1 ACTUAL_TF
10.1917 0.0671610 -1.6807226 0.6728229 -0.41854780 0.65875995 -0.53989988 -0.31521611 0.003901 1789526599.634437561 30.461 1.144 0.604 0.00000 -1 ACTUAL_TF
10.2406 0.0671916 -1.6806868 0.6727836 -0.41854910 0.65876051 -0.53989613 -0.31521961 0.003059 1789526599.690446854 30.494 1.111 0.655 0.00000 -1 ACTUAL_TF
10.2987 0.0672096 -1.6806628 0.6727597 -0.41855150 0.65876082 -0.53989307 -0.31522104 0.002347 1789526599.746425867 30.514 1.091 0.687 0.00000 -1 ACTUAL_TF
10.3522 0.0672485 -1.6806553 0.6727532 -0.41854765 0.65876025 -0.53989566 -0.31522290 0.001857 1789526599.802514553 30.553 1.052 0.695 0.00000 -1 ACTUAL_TF
10.4122 0.0673302 -1.6806678 0.6727669 -0.41853599 0.65875424 -0.53990906 -0.31522799 0.001750 1789526599.858414412 30.634 0.971 0.672 0.00000 -1 ACTUAL_TF
10.4737 0.0674484 -1.6806844 0.6727828 -0.41851794 0.65874977 -0.53992410 -0.31523553 0.001869 1789526599.914510727 30.750 0.855 0.642 0.00000 -1 ACTUAL_TF
10.5198 0.0676554 -1.6806748 0.6727441 -0.41851669 0.65878179 -0.53989822 -0.31521460 0.002441 1789526599.970330954 30.957 0.648 0.663 0.00000 -1 ACTUAL_TF
10.5879 0.0679083 -1.6806948 0.6727636 -0.41850800 0.65879736 -0.53989809 -0.31519382 0.003066 1789526600.026563168 31.208 0.398 0.622 0.00000 -1 ACTUAL_TF
10.6357 0.0682451 -1.6807529 0.6728225 -0.41847578 0.65883006 -0.53988934 -0.31518323 0.004008 1789526600.082450151 31.539 0.067 0.521 0.00000 -1 ACTUAL_TF
10.6950 0.0685953 -1.6807945 0.6728832 -0.41846896 0.65883187 -0.53990304 -0.31516505 0.004721 1789526600.138489962 31.885 -0.279 0.431 0.00000 -1 ACTUAL_TF
10.7432 0.0689934 -1.6807985 0.6729293 -0.41849558 0.65881414 -0.53988615 -0.31519569 0.005455 1789526600.194425106 32.281 -0.676 0.374 0.00000 -1 ACTUAL_TF
10.8021 0.0693883 -1.6807909 0.6729511 -0.41847884 0.65882897 -0.53988563 -0.31518780 0.005934 1789526600.250507593 32.675 -1.070 0.343 0.00000 -1 ACTUAL_TF
10.8587 0.0699468 -1.6807653 0.6729838 -0.41847838 0.65882257 -0.53989662 -0.31518298 0.007139 1789526600.306792736 33.234 -1.629 0.307 0.00000 -1 ACTUAL_TF
10.9213 0.0705198 -1.6807210 0.6729964 -0.41847894 0.65882778 -0.53988746 -0.31518703 0.008095 1789526600.362458706 33.809 -2.204 0.297 0.00000 -1 ACTUAL_TF
10.9811 0.0710760 -1.6806767 0.6730044 -0.41848469 0.65883114 -0.53988323 -0.31517962 0.008653 1789526600.418524742 34.367 -2.762 0.292 0.00000 -1 ACTUAL_TF
11.0279 0.0717053 -1.6806369 0.6730138 -0.41848751 0.65883125 -0.53987960 -0.31518186 0.009437 1789526600.474489689 34.998 -3.392 0.280 0.00000 -1 ACTUAL_TF
11.0921 0.0722690 -1.6806070 0.6730355 -0.41850164 0.65881715 -0.53989315 -0.31516937 0.009636 1789526600.530425549 35.562 -3.957 0.255 0.00000 -1 ACTUAL_TF
11.1408 0.0728609 -1.6805465 0.6730408 -0.41850877 0.65881933 -0.53988588 -0.31516778 0.009935 1789526600.586375952 36.157 -4.552 0.261 0.00000 -1 ACTUAL_TF
11.1891 0.0732625 -1.6805188 0.6730363 -0.41849995 0.65883851 -0.53986532 -0.31517464 0.009111 1789526600.642377853 36.559 -4.954 0.263 0.00000 -1 ACTUAL_TF
11.2519 0.0737526 -1.6804801 0.6730457 -0.41850260 0.65883495 -0.53986466 -0.31517969 0.009007 1789526600.698495388 37.051 -5.446 0.256 0.00000 -1 ACTUAL_TF
11.3109 0.0742347 -1.6804438 0.6730565 -0.41852357 0.65882154 -0.53987204 -0.31516721 0.008895 1789526600.754507065 37.535 -5.929 0.248 0.00000 -1 ACTUAL_TF
11.3620 0.0745108 -1.6804253 0.6730675 -0.41851929 0.65882292 -0.53986610 -0.31518020 0.007713 1789526600.810397387 37.811 -6.206 0.238 0.00000 -1 ACTUAL_TF
11.4181 0.0747879 -1.6804125 0.6730814 -0.41851832 0.65881962 -0.53986871 -0.31518391 0.006881 1789526600.866611242 38.089 -6.483 0.222 0.00000 -1 ACTUAL_TF
11.4875 0.0749715 -1.6804021 0.6730923 -0.41852220 0.65881699 -0.53987185 -0.31517889 0.005804 1789526600.922575951 38.272 -6.667 0.211 0.00000 -1 ACTUAL_TF
11.5351 0.0751085 -1.6803919 0.6730962 -0.41852581 0.65881550 -0.53987161 -0.31517761 0.004800 1789526600.978512764 38.410 -6.805 0.208 0.00000 -1 ACTUAL_TF
