WELD FEEDBACK LOG
result=failed: ARC OFF while waiting for ARC/Torch recognition
started=2026-09-15 15:12:20
ended=2026-09-15 15:12:20
elapsed_seconds=0.056

================ OPERATOR OVERVIEW ================
REQUESTED : 150 A / 20.0 V · FE-SOLID 1.2 mm · LSM · CO2 100%
RX ECHO   : 150 A / 20.0 V · MATCH=YES
CURRENT FB: no positive feedback A
VOLTAGE FB: no positive feedback V
WIRE FEED : no positive feedback m/min
ARC ON    : 0.000 s
NET WELD  : 0.000 s
WIRE USED : 0.000 mm (base 0.000 + alpha 0.000)
WCR       : NOT DETECTED
SAMPLES   : RX 2 / welding 0 / TCP 2
===================================================

[commanded]
current_a=150
voltage_tenths=200
voltage=20.0
material=FE-SOLID
diameter_mm=1.2
mode=LSM
gas=CO2 100%
synergic=False
correction=0.0
hot_start_enabled=True
hot_start_percent=20.0
hot_start_hold_adjustment=0
crater_enabled=False
crater_percent=40.0
crater_current_a=60.0
crater_voltage_v=25.0
crater_seconds=1.0
wire_consumable_alpha_mm=0.0
hot_start_current_a=180

[rx_setting_echo]
current_a=150
voltage_v=20.0
hot_start_current_a=0
hot_start_hold_adjustment=-15

[rx_welding_setting_echo]

[execution_conditions]
mode=sequence_execute
run_all=True
touch_io_backend=fastech_ethernet
touch_input_port=4
touch_sensing_output_port=0
fastech_ip=192.168.0.3
fastech_poll_target_hz=100.0
hicomm_source_ip=192.168.1.2
hicomm_welder_ip=192.168.1.10
hicomm_port=60000
gui_velocity_percent=36.95263157894737
gui_speed_mode=scale
gui_tcp_speed_mm_s=10.0
gui_interpolation_step_mm=5.0
seam_orientation_mode=Wait poses + fixed World-XYZ tilt
weld_fixed_tilt_x_deg=0.0
weld_fixed_tilt_y_deg=10.0
weld_fixed_tilt_z_deg=-0.0
weld_weave_enabled=False
weld_weave_pattern=circle
weld_weave_amplitude_mm=2.6
weld_weave_cycles=4
weld_weave_samples_per_cycle=8
weld_weave_axis=tool_x
weld_lead_in_mm=0.0
weld_lead_out_mm=5.0
weld_safe_approach_mm=30.0
weld_approach_mode=taught_wait
weld_pre_start_lead_mm=0.0
weld_tcp_speed_mm_s=3.5
weld_arc_off_delay_ms=500.0
tcp_tracking.parent_frame=World
tcp_tracking.child_frame=right_manipulator_ee_point
tcp_tracking.timestamp_source=TF_header_stamp
initial_fastech_di0=False
initial_fastech_do0=True
robot_connected.left=True
robot_connected.right=True
robot_connected.head=True
hicomm_connected=True
execution_allowed=True
steps[0].sequence_number=1
steps[0].type=named_pose
steps[0].parallel_slot=1
steps[0].duration=0.0
steps[0].planning_group=right_manipulator
steps[0].velocity_scale=0.3695263157894737
steps[0].tcp_speed_m_s=0.0
steps[0].pose_name=weld_start_wait
steps[0].pose_label=3 · Weld start wait pose
steps[0].touch_guard=False
steps[0].continue_after_touch=False
steps[0].weld_scenario_id=weld-21709708367153
steps[0].weld_scenario_stage=start_wait
steps[0].target_tcp.position_m.x=-0.07775103617901089
steps[0].target_tcp.position_m.y=-1.6617243259079035
steps[0].target_tcp.position_m.z=0.6761813628806548
steps[0].target_tcp.orientation_xyzw.x=-0.435562782516215
steps[0].target_tcp.orientation_xyzw.y=0.633738347985189
steps[0].target_tcp.orientation_xyzw.z=-0.5283475082026756
steps[0].target_tcp.orientation_xyzw.w=-0.3598745327968616
steps[0].joint_names[0]=right_manipulator_joint1
steps[0].joint_names[1]=right_manipulator_joint2
steps[0].joint_names[2]=right_manipulator_joint3
steps[0].joint_names[3]=right_manipulator_joint4
steps[0].joint_names[4]=right_manipulator_joint5
steps[0].joint_names[5]=right_manipulator_joint6
steps[0].joint_positions_rad[0]=5.04754833620338
steps[0].joint_positions_rad[1]=1.331723157315993
steps[0].joint_positions_rad[2]=1.9263722744784613
steps[0].joint_positions_rad[3]=3.4676775543101472
steps[0].joint_positions_rad[4]=1.4973627223712151
steps[0].joint_positions_rad[5]=1.4557781277399005
steps[1].sequence_number=2
steps[1].type=motion
steps[1].parallel_slot=2
steps[1].duration=0.0
steps[1].planning_group=right_manipulator
steps[1].velocity_scale=0.3695263157894737
steps[1].tcp_speed_m_s=0.0
steps[1].interpolation_step=0.005
steps[1].path_kind=taught_wait_align_weld_attitude
steps[1].touch_guard=False
steps[1].continue_after_touch=False
steps[1].accept_initial_touch=False
steps[1].weld_scenario_id=weld-21709708367153
steps[1].weld_scenario_stage=start_safe
steps[1].waypoint_count=1
steps[1].waypoints[0].position_m.x=-0.07775103617901089
steps[1].waypoints[0].position_m.y=-1.6617243259079035
steps[1].waypoints[0].position_m.z=0.6761813628806548
steps[1].waypoints[0].orientation_xyzw.x=-0.436031171005527
steps[1].waypoints[0].orientation_xyzw.y=0.634010105424095
steps[1].waypoints[0].orientation_xyzw.z=-0.52770805552214
steps[1].waypoints[0].orientation_xyzw.w=-0.35976688600914747
steps[2].sequence_number=3
steps[2].type=motion
steps[2].parallel_slot=3
steps[2].duration=0.0
steps[2].planning_group=right_manipulator
steps[2].velocity_scale=0.3695263157894737
steps[2].tcp_speed_m_s=0.0
steps[2].interpolation_step=0.005
steps[2].path_kind=taught_wait_to_weld_start
steps[2].touch_guard=False
steps[2].continue_after_touch=True
steps[2].accept_initial_touch=False
steps[2].weld_scenario_id=weld-21709708367153
steps[2].weld_scenario_stage=start_contact
steps[2].waypoint_count=1
steps[2].waypoints[0].position_m.x=-0.0864143908198165
steps[2].waypoints[0].position_m.y=-1.6648690796896908
steps[2].waypoints[0].position_m.z=0.6747525772817742
steps[2].waypoints[0].orientation_xyzw.x=-0.436031171005527
steps[2].waypoints[0].orientation_xyzw.y=0.634010105424095
steps[2].waypoints[0].orientation_xyzw.z=-0.52770805552214
steps[2].waypoints[0].orientation_xyzw.w=-0.35976688600914747
steps[3].sequence_number=4
steps[3].type=digital_output
steps[3].parallel_slot=4
steps[3].duration=0.0
steps[3].port=0
steps[3].value=False
steps[3].weld_scenario_id=weld-21709708367153
steps[3].weld_scenario_stage=touch_output_off
steps[4].sequence_number=5
steps[4].type=digital_weld
steps[4].parallel_slot=5
steps[4].duration=0.0
steps[4].command=on
steps[4].weld_scenario_id=weld-21709708367153
steps[4].weld_scenario_stage=arc_on
steps[4].settings.current_a=150
steps[4].settings.voltage_tenths=200
steps[4].settings.voltage=20.0
steps[4].settings.material=FE-SOLID
steps[4].settings.diameter_mm=1.2
steps[4].settings.mode=LSM
steps[4].settings.gas=CO2 100%
steps[4].settings.synergic=False
steps[4].settings.correction=0.0
steps[4].settings.hot_start_enabled=True
steps[4].settings.hot_start_percent=20.0
steps[4].settings.hot_start_hold_adjustment=0
steps[4].settings.crater_enabled=False
steps[4].settings.crater_percent=40.0
steps[4].settings.crater_current_a=60.0
steps[4].settings.crater_voltage_v=25.0
steps[4].settings.crater_seconds=1.0
steps[4].settings.wire_consumable_alpha_mm=0.0
steps[4].settings.hot_start_current_a=180
steps[5].sequence_number=6
steps[5].type=motion
steps[5].parallel_slot=5
steps[5].duration=0.0
steps[5].planning_group=right_manipulator
steps[5].velocity_scale=0.3695263157894737
steps[5].tcp_speed_m_s=0.0035
steps[5].interpolation_step=0.005
steps[5].path_kind=continuous_lead_to_lead_over_taught_goal_fastech_di0_ignored
steps[5].touch_guard=False
steps[5].weld_scenario_id=weld-21709708367153
steps[5].weld_scenario_stage=weld_motion
steps[5].lead_in_mm=0.0
steps[5].lead_out_mm=5.0
steps[5].linear_motion_profile=True
steps[5].waypoint_count=2
steps[5].waypoints[0].position_m.x=-0.0864143908198165
steps[5].waypoints[0].position_m.y=-1.6648690796896908
steps[5].waypoints[0].position_m.z=0.6747525772817742
steps[5].waypoints[0].orientation_xyzw.x=-0.436031171005527
steps[5].waypoints[0].orientation_xyzw.y=0.634010105424095
steps[5].waypoints[0].orientation_xyzw.z=-0.52770805552214
steps[5].waypoints[0].orientation_xyzw.w=-0.35976688600914747
steps[5].waypoints[1].position_m.x=-0.03584814346270664
steps[5].waypoints[1].position_m.y=-1.6638647403223026
steps[5].waypoints[1].position_m.z=0.6753880742943562
steps[5].waypoints[1].orientation_xyzw.x=-0.43604452410309325
steps[5].waypoints[1].orientation_xyzw.y=0.6339649739325802
steps[5].waypoints[1].orientation_xyzw.z=-0.5277266038040582
steps[5].waypoints[1].orientation_xyzw.w=-0.3598030245339865
steps[5].lead_start.position_m.x=-0.0864143908198165
steps[5].lead_start.position_m.y=-1.6648690796896908
steps[5].lead_start.position_m.z=0.6747525772817742
steps[5].lead_start.orientation_xyzw.x=-0.436031171005527
steps[5].lead_start.orientation_xyzw.y=0.634010105424095
steps[5].lead_start.orientation_xyzw.z=-0.52770805552214
steps[5].lead_start.orientation_xyzw.w=-0.35976688600914747
steps[5].usable_seam_start.position_m.x=-0.0864143908198165
steps[5].usable_seam_start.position_m.y=-1.6648690796896908
steps[5].usable_seam_start.position_m.z=0.6747525772817742
steps[5].usable_seam_start.orientation_xyzw.x=-0.436031171005527
steps[5].usable_seam_start.orientation_xyzw.y=0.634010105424095
steps[5].usable_seam_start.orientation_xyzw.z=-0.52770805552214
steps[5].usable_seam_start.orientation_xyzw.w=-0.35976688600914747
steps[5].usable_seam_goal.position_m.x=-0.040846762939445086
steps[5].usable_seam_goal.position_m.y=-1.6639640221671195
steps[5].usable_seam_goal.position_m.z=0.6753252535807275
steps[5].usable_seam_goal.orientation_xyzw.x=-0.43604452410309325
steps[5].usable_seam_goal.orientation_xyzw.y=0.6339649739325802
steps[5].usable_seam_goal.orientation_xyzw.z=-0.5277266038040582
steps[5].usable_seam_goal.orientation_xyzw.w=-0.3598030245339865
steps[5].lead_end.position_m.x=-0.03584814346270664
steps[5].lead_end.position_m.y=-1.6638647403223026
steps[5].lead_end.position_m.z=0.6753880742943562
steps[5].lead_end.orientation_xyzw.x=-0.43604452410309325
steps[5].lead_end.orientation_xyzw.y=0.6339649739325802
steps[5].lead_end.orientation_xyzw.z=-0.5277266038040582
steps[5].lead_end.orientation_xyzw.w=-0.3598030245339865
steps[6].sequence_number=7
steps[6].type=digital_weld
steps[6].parallel_slot=5
steps[6].duration=0.0
steps[6].velocity_scale=0.3695263157894737
steps[6].tcp_speed_m_s=0.0035
steps[6].command=off
steps[6].weld_scenario_id=weld-21709708367153
steps[6].weld_scenario_stage=arc_off
steps[6].trigger_before_goal=True
steps[6].arc_off_delay_s=0.5
steps[6].settings.current_a=150
steps[6].settings.voltage_tenths=200
steps[6].settings.voltage=20.0
steps[6].settings.material=FE-SOLID
steps[6].settings.diameter_mm=1.2
steps[6].settings.mode=LSM
steps[6].settings.gas=CO2 100%
steps[6].settings.synergic=False
steps[6].settings.correction=0.0
steps[6].settings.hot_start_enabled=True
steps[6].settings.hot_start_percent=20.0
steps[6].settings.hot_start_hold_adjustment=0
steps[6].settings.crater_enabled=False
steps[6].settings.crater_percent=40.0
steps[6].settings.crater_current_a=60.0
steps[6].settings.crater_voltage_v=25.0
steps[6].settings.crater_seconds=1.0
steps[6].settings.wire_consumable_alpha_mm=0.0
steps[6].settings.hot_start_current_a=180
steps[7].sequence_number=8
steps[7].type=motion
steps[7].parallel_slot=6
steps[7].duration=0.0
steps[7].planning_group=right_manipulator
steps[7].velocity_scale=0.3695263157894737
steps[7].tcp_speed_m_s=0.0
steps[7].interpolation_step=0.005
steps[7].path_kind=weld_end_to_taught_wait_fixed_attitude
steps[7].pose_name=weld_goal_wait
steps[7].pose_label=5 · Weld goal wait pose
steps[7].touch_guard=False
steps[7].continue_after_touch=False
steps[7].weld_scenario_id=weld-21709708367153
steps[7].weld_scenario_stage=goal_wait
steps[7].waypoint_count=1
steps[7].waypoints[0].position_m.x=-0.04085131232185893
steps[7].waypoints[0].position_m.y=-1.6599857821931372
steps[7].waypoints[0].position_m.z=0.6784419899418042
steps[7].waypoints[0].orientation_xyzw.x=-0.43604452410309325
steps[7].waypoints[0].orientation_xyzw.y=0.6339649739325802
steps[7].waypoints[0].orientation_xyzw.z=-0.5277266038040582
steps[7].waypoints[0].orientation_xyzw.w=-0.3598030245339865
steps[8].sequence_number=9
steps[8].type=named_pose
steps[8].parallel_slot=7
steps[8].duration=0.0
steps[8].planning_group=right_manipulator
steps[8].velocity_scale=0.3695263157894737
steps[8].tcp_speed_m_s=0.0
steps[8].pose_name=weld_finish
steps[8].pose_label=7 · Weld end pose
steps[8].touch_guard=False
steps[8].continue_after_touch=False
steps[8].weld_scenario_id=weld-21709708367153
steps[8].weld_scenario_stage=finish
steps[8].target_tcp.position_m.x=-0.040860656840255555
steps[8].target_tcp.position_m.y=-1.646332206555384
steps[8].target_tcp.position_m.z=0.7015599721028767
steps[8].target_tcp.orientation_xyzw.x=-0.4360502492781596
steps[8].target_tcp.orientation_xyzw.y=0.6339895329308384
steps[8].target_tcp.orientation_xyzw.z=-0.5277023855255164
steps[8].target_tcp.orientation_xyzw.w=-0.359788332981034
steps[8].joint_names[0]=right_manipulator_joint1
steps[8].joint_names[1]=right_manipulator_joint2
steps[8].joint_names[2]=right_manipulator_joint3
steps[8].joint_names[3]=right_manipulator_joint4
steps[8].joint_names[4]=right_manipulator_joint5
steps[8].joint_names[5]=right_manipulator_joint6
steps[8].joint_positions_rad[0]=5.100535654516032
steps[8].joint_positions_rad[1]=1.3010396799746995
steps[8].joint_positions_rad[2]=1.9543901938846944
steps[8].joint_positions_rad[3]=3.5200036097241334
steps[8].joint_positions_rad[4]=1.4912495692469927
steps[8].joint_positions_rad[5]=1.4598105531044439
steps[9].sequence_number=10
steps[9].type=digital_output
steps[9].parallel_slot=8
steps[9].duration=0.0
steps[9].port=0
steps[9].value=True
steps[9].weld_scenario_id=weld-21709708367153
steps[9].weld_scenario_stage=touch_output_on
hicomm_cyclic_period_ms=40.0
arc_wait_recognition=True
arc_wait_main_welding=True
arc_wait_established=True
arc_establishment_timeout_s=5.0

[summary]
rx_samples=2
welding_samples=0
wcr_seen=0
current_a.min=None
current_a.average=None
current_a.max=None
voltage_v.min=None
voltage_v.average=None
voltage_v.max=None
wire_feed_m_min.min=None
wire_feed_m_min.average=None
wire_feed_m_min.max=None

[production_metrics]
arc_started_elapsed_s=None
arc_completed_elapsed_s=None
arc_on_time_s=0.0
main_weld_arc_time_s=0.0
crater_arc_time_s=0.0
weld_motion_start_elapsed_s=None
weld_motion_complete_elapsed_s=None
weld_motion_duration_s=None
net_weld_arc_time_s=0.0
wire_feed_average_m_min=0.0
wire_consumable_base_mm=0.0
wire_consumable_alpha_mm=0.0
wire_consumable_mm=0.0
wire_consumable_formula=integral(WFS*1000/60*dt)+alpha
weld_motion_start_unix_time=None
weld_motion_start_wall_time=None
weld_motion_complete_unix_time=None
weld_motion_complete_wall_time=None

[arc_off_control]

[teaching_snapshot_yaml]
robot_start:
  planning_group: right_manipulator
  joint_state:
    names:
    - right_manipulator_joint1
    - right_manipulator_joint2
    - right_manipulator_joint3
    - right_manipulator_joint4
    - right_manipulator_joint5
    - right_manipulator_joint6
    positions_rad:
    - 5.27240967968313
    - 1.0710261184710546
    - 2.180025851451385
    - 3.6894743983235436
    - 1.4802383302458966
    - 1.475784459638848
  tcp_pose_world:
    position_m:
      x: 0.0409882833240674
      y: -1.5365128539727777
      z: 0.8899872668309907
    orientation_xyzw:
      x: -0.4355837586611503
      y: 0.6337556876271521
      z: -0.5283180348228105
      w: -0.3598618786031996
weld_wait:
  planning_group: right_manipulator
  joint_state:
    names:
    - right_manipulator_joint1
    - right_manipulator_joint2
    - right_manipulator_joint3
    - right_manipulator_joint4
    - right_manipulator_joint5
    - right_manipulator_joint6
    positions_rad:
    - 5.046557640277871
    - 1.3028470342484817
    - 1.9663507166563492
    - 3.466530797144759
    - 1.506342502092799
    - 1.458568987404249
  tcp_pose_world:
    position_m:
      x: -0.08393940323984483
      y: -1.646284334640465
      z: 0.701455567330054
    orientation_xyzw:
      x: -0.43601795917308434
      y: 0.6340370774382504
      z: -0.5276998965553592
      w: -0.35974733200895864
weld_start_wait:
  planning_group: right_manipulator
  joint_state:
    names:
    - right_manipulator_joint1
    - right_manipulator_joint2
    - right_manipulator_joint3
    - right_manipulator_joint4
    - right_manipulator_joint5
    - right_manipulator_joint6
    positions_rad:
    - 5.04754833620338
    - 1.331723157315993
    - 1.9263722744784613
    - 3.4676775543101472
    - 1.4973627223712151
    - 1.4557781277399005
  tcp_pose_world:
    position_m:
      x: -0.07775103617901089
      y: -1.6617243259079035
      z: 0.6761813628806548
    orientation_xyzw:
      x: -0.435562782516215
      y: 0.633738347985189
      z: -0.5283475082026756
      w: -0.3598745327968616
weld_start:
  planning_group: right_manipulator
  joint_state:
    names:
    - right_manipulator_joint1
    - right_manipulator_joint2
    - right_manipulator_joint3
    - right_manipulator_joint4
    - right_manipulator_joint5
    - right_manipulator_joint6
    positions_rad:
    - 5.035436279565699
    - 1.3324749676917222
    - 1.9242497350896681
    - 3.455842200109726
    - 1.4949743995056322
    - 1.4533024531905627
  tcp_pose_world:
    position_m:
      x: -0.0864143908198165
      y: -1.6648690796896908
      z: 0.6747525772817742
    orientation_xyzw:
      x: -0.436031171005527
      y: 0.634010105424095
      z: -0.52770805552214
      w: -0.35976688600914747
weld_goal_wait:
  planning_group: right_manipulator
  joint_state:
    names:
    - right_manipulator_joint1
    - right_manipulator_joint2
    - right_manipulator_joint3
    - right_manipulator_joint4
    - right_manipulator_joint5
    - right_manipulator_joint6
    positions_rad:
    - 5.093772823243885
    - 1.3271173533687552
    - 1.9200806895612035
    - 3.5135752714849
    - 1.483879670404362
    - 1.4561768029550852
  tcp_pose_world:
    position_m:
      x: -0.04085131232185893
      y: -1.6599857821931372
      z: 0.6784419899418042
    orientation_xyzw:
      x: -0.43602466221397157
      y: 0.6340018122735684
      z: -0.5277255938990925
      w: -0.3597636634220762
weld_end:
  planning_group: right_manipulator
  joint_state:
    names:
    - right_manipulator_joint1
    - right_manipulator_joint2
    - right_manipulator_joint3
    - right_manipulator_joint4
    - right_manipulator_joint5
    - right_manipulator_joint6
    positions_rad:
    - 5.0918782504444025
    - 1.330405558366676
    - 1.913257537690366
    - 3.5118250420165
    - 1.4807091771266228
    - 1.4546087337052467
  tcp_pose_world:
    position_m:
      x: -0.040846762939445086
      y: -1.6639640221671195
      z: 0.6753252535807275
    orientation_xyzw:
      x: -0.43604452410309325
      y: 0.6339649739325802
      z: -0.5277266038040582
      w: -0.3598030245339865
weld_finish:
  planning_group: right_manipulator
  joint_state:
    names:
    - right_manipulator_joint1
    - right_manipulator_joint2
    - right_manipulator_joint3
    - right_manipulator_joint4
    - right_manipulator_joint5
    - right_manipulator_joint6
    positions_rad:
    - 5.100535654516032
    - 1.3010396799746995
    - 1.9543901938846944
    - 3.5200036097241334
    - 1.4912495692469927
    - 1.4598105531044439
  tcp_pose_world:
    position_m:
      x: -0.040860656840255555
      y: -1.646332206555384
      z: 0.7015599721028767
    orientation_xyzw:
      x: -0.4360502492781596
      y: 0.6339895329308384
      z: -0.5277023855255164
      w: -0.359788332981034

[touch_snapshot_yaml]
{}

[samples]
elapsed_s raw0 state arc gas fwd wcr current_a voltage_v wire_feed_m_min set_current_a set_voltage_v error db collision
0.011 0x00 idle 0 0 0 0 0 0.0 0.0 150 20.0 0 0 0
0.051 0x00 idle 0 0 0 0 0 0.0 0.0 150 20.0 0 0 0

[tcp_trajectory]
elapsed_s x_m y_m z_m qx qy qz qw speed_m_s tf_stamp_s along_mm remaining_mm cross_track_mm progress waypoint phase
0.0040 -0.0859820 -1.6647977 0.6749822 -0.43594319 0.63395337 -0.52782242 -0.35980572 0.000000 1789452740.255502224 0.437 45.144 0.233 0.00000 -1 ACTUAL_TF
0.0314 -0.0861373 -1.6648453 0.6749534 -0.43594979 0.63395635 -0.52781395 -0.35980490 0.003026 1789452740.310006857 0.280 45.300 0.198 0.00000 -1 ACTUAL_TF
