WELD FEEDBACK LOG
result=completed
started=2026-09-15 15:07:41
ended=2026-09-15 15:07:56
elapsed_seconds=14.216

================ OPERATOR OVERVIEW ================
REQUESTED : 150 A / 20.0 V · FE-SOLID 1.2 mm · LSM · CO2 100%
RX ECHO   : 100 A / 10.0 V · MATCH=NO
CURRENT FB: no positive feedback A
VOLTAGE FB: no positive feedback V
WIRE FEED : no positive feedback m/min
ARC ON    : 0.000 s
NET WELD  : 0.000 s
WIRE USED : 0.000 mm (base 0.000 + alpha 0.000)
WCR       : NOT DETECTED
SAMPLES   : RX 355 / welding 0 / TCP 255
===================================================

[commanded]
current_a=150
voltage_tenths=200
voltage=20.0
material=FE-SOLID
diameter_mm=1.2
mode=LSM
gas=CO2 100%
synergic=False
correction=0.0
hot_start_enabled=True
hot_start_percent=20.0
hot_start_hold_adjustment=0
crater_enabled=True
crater_percent=40.0
crater_current_a=60.0
crater_voltage_v=25.0
crater_seconds=1.0
wire_consumable_alpha_mm=0.0
hot_start_current_a=180

[rx_setting_echo]
current_a=100
voltage_v=10.0
hot_start_current_a=0
hot_start_hold_adjustment=-15

[rx_welding_setting_echo]

[execution_conditions]
mode=sequence_execute
run_all=True
touch_io_backend=fastech_ethernet
touch_input_port=4
touch_sensing_output_port=0
fastech_ip=192.168.0.3
fastech_poll_target_hz=100.0
hicomm_source_ip=192.168.1.2
hicomm_welder_ip=192.168.1.10
hicomm_port=60000
gui_velocity_percent=36.95263157894737
gui_speed_mode=scale
gui_tcp_speed_mm_s=10.0
gui_interpolation_step_mm=5.0
seam_orientation_mode=Wait poses + fixed World-XYZ tilt
weld_fixed_tilt_x_deg=0.0
weld_fixed_tilt_y_deg=10.0
weld_fixed_tilt_z_deg=-0.0
weld_weave_enabled=False
weld_weave_pattern=circle
weld_weave_amplitude_mm=2.8
weld_weave_cycles=4
weld_weave_samples_per_cycle=8
weld_weave_axis=tool_x
weld_lead_in_mm=0.0
weld_lead_out_mm=5.0
weld_safe_approach_mm=30.0
weld_approach_mode=taught_wait
weld_pre_start_lead_mm=0.0
weld_tcp_speed_mm_s=3.5
weld_arc_off_delay_ms=500.0
tcp_tracking.parent_frame=World
tcp_tracking.child_frame=right_manipulator_ee_point
tcp_tracking.timestamp_source=TF_header_stamp
initial_fastech_di0=False
initial_fastech_do0=True
robot_connected.left=True
robot_connected.right=True
robot_connected.head=True
hicomm_connected=True
execution_allowed=True
steps[0].sequence_number=1
steps[0].type=named_pose
steps[0].parallel_slot=1
steps[0].duration=0.0
steps[0].planning_group=right_manipulator
steps[0].velocity_scale=0.3695263157894737
steps[0].tcp_speed_m_s=0.0
steps[0].pose_name=weld_start_wait
steps[0].pose_label=3 · Weld start wait pose
steps[0].touch_guard=False
steps[0].continue_after_touch=False
steps[0].weld_scenario_id=weld-21434873885975
steps[0].weld_scenario_stage=start_wait
steps[0].target_tcp.position_m.x=-0.07775103617901089
steps[0].target_tcp.position_m.y=-1.6617243259079035
steps[0].target_tcp.position_m.z=0.6761813628806548
steps[0].target_tcp.orientation_xyzw.x=-0.435562782516215
steps[0].target_tcp.orientation_xyzw.y=0.633738347985189
steps[0].target_tcp.orientation_xyzw.z=-0.5283475082026756
steps[0].target_tcp.orientation_xyzw.w=-0.3598745327968616
steps[0].joint_names[0]=right_manipulator_joint1
steps[0].joint_names[1]=right_manipulator_joint2
steps[0].joint_names[2]=right_manipulator_joint3
steps[0].joint_names[3]=right_manipulator_joint4
steps[0].joint_names[4]=right_manipulator_joint5
steps[0].joint_names[5]=right_manipulator_joint6
steps[0].joint_positions_rad[0]=5.04754833620338
steps[0].joint_positions_rad[1]=1.331723157315993
steps[0].joint_positions_rad[2]=1.9263722744784613
steps[0].joint_positions_rad[3]=3.4676775543101472
steps[0].joint_positions_rad[4]=1.4973627223712151
steps[0].joint_positions_rad[5]=1.4557781277399005
steps[1].sequence_number=2
steps[1].type=motion
steps[1].parallel_slot=2
steps[1].duration=0.0
steps[1].planning_group=right_manipulator
steps[1].velocity_scale=0.3695263157894737
steps[1].tcp_speed_m_s=0.0
steps[1].interpolation_step=0.005
steps[1].path_kind=taught_wait_align_weld_attitude
steps[1].touch_guard=False
steps[1].continue_after_touch=False
steps[1].accept_initial_touch=False
steps[1].weld_scenario_id=weld-21434873885975
steps[1].weld_scenario_stage=start_safe
steps[1].waypoint_count=1
steps[1].waypoints[0].position_m.x=-0.07775103617901089
steps[1].waypoints[0].position_m.y=-1.6617243259079035
steps[1].waypoints[0].position_m.z=0.6761813628806548
steps[1].waypoints[0].orientation_xyzw.x=-0.4786260659401567
steps[1].waypoints[0].orientation_xyzw.y=0.6010214410638746
steps[1].waypoints[0].orientation_xyzw.z=-0.4874591489501213
steps[1].waypoints[0].orientation_xyzw.w=-0.41481790521742884
steps[2].sequence_number=3
steps[2].type=motion
steps[2].parallel_slot=3
steps[2].duration=0.0
steps[2].planning_group=right_manipulator
steps[2].velocity_scale=0.3695263157894737
steps[2].tcp_speed_m_s=0.0
steps[2].interpolation_step=0.005
steps[2].path_kind=taught_wait_to_weld_start
steps[2].touch_guard=False
steps[2].continue_after_touch=True
steps[2].accept_initial_touch=False
steps[2].weld_scenario_id=weld-21434873885975
steps[2].weld_scenario_stage=start_contact
steps[2].waypoint_count=1
steps[2].waypoints[0].position_m.x=-0.0776280266455951
steps[2].waypoints[0].position_m.y=-1.6639374124221677
steps[2].waypoints[0].position_m.z=0.6679340490246363
steps[2].waypoints[0].orientation_xyzw.x=-0.4786260659401567
steps[2].waypoints[0].orientation_xyzw.y=0.6010214410638746
steps[2].waypoints[0].orientation_xyzw.z=-0.4874591489501213
steps[2].waypoints[0].orientation_xyzw.w=-0.41481790521742884
steps[3].sequence_number=4
steps[3].type=digital_weld
steps[3].parallel_slot=5
steps[3].duration=0.0
steps[3].command=on
steps[3].weld_scenario_id=weld-21434873885975
steps[3].weld_scenario_stage=arc_on
steps[3].settings.current_a=150
steps[3].settings.voltage_tenths=200
steps[3].settings.voltage=20.0
steps[3].settings.material=FE-SOLID
steps[3].settings.diameter_mm=1.2
steps[3].settings.mode=LSM
steps[3].settings.gas=CO2 100%
steps[3].settings.synergic=False
steps[3].settings.correction=0.0
steps[3].settings.hot_start_enabled=True
steps[3].settings.hot_start_percent=20.0
steps[3].settings.hot_start_hold_adjustment=0
steps[3].settings.crater_enabled=True
steps[3].settings.crater_percent=40.0
steps[3].settings.crater_current_a=60.0
steps[3].settings.crater_voltage_v=25.0
steps[3].settings.crater_seconds=1.0
steps[3].settings.wire_consumable_alpha_mm=0.0
steps[3].settings.hot_start_current_a=180
steps[4].sequence_number=5
steps[4].type=motion
steps[4].parallel_slot=5
steps[4].duration=0.0
steps[4].planning_group=right_manipulator
steps[4].velocity_scale=0.3695263157894737
steps[4].tcp_speed_m_s=0.0035
steps[4].interpolation_step=0.005
steps[4].path_kind=continuous_lead_to_lead_over_sensed_goal_fastech_di0_ignored
steps[4].touch_guard=False
steps[4].weld_scenario_id=weld-21434873885975
steps[4].weld_scenario_stage=weld_motion
steps[4].lead_in_mm=0.0
steps[4].lead_out_mm=5.0
steps[4].linear_motion_profile=True
steps[4].waypoint_count=2
steps[4].waypoints[0].position_m.x=-0.0776280266455951
steps[4].waypoints[0].position_m.y=-1.6639374124221677
steps[4].waypoints[0].position_m.z=0.6679340490246363
steps[4].waypoints[0].orientation_xyzw.x=-0.4786260659401567
steps[4].waypoints[0].orientation_xyzw.y=0.6010214410638746
steps[4].waypoints[0].orientation_xyzw.z=-0.4874591489501213
steps[4].waypoints[0].orientation_xyzw.w=-0.41481790521742884
steps[4].waypoints[1].position_m.x=-0.03199749323442002
steps[4].waypoints[1].position_m.y=-1.6630849613718244
steps[4].waypoints[1].position_m.z=0.6683858861640848
steps[4].waypoints[1].orientation_xyzw.x=-0.4786668901944635
steps[4].waypoints[1].orientation_xyzw.y=0.6010129849024115
steps[4].waypoints[1].orientation_xyzw.z=-0.48742312930482823
steps[4].waypoints[1].orientation_xyzw.w=-0.41482537678997417
steps[4].lead_start.position_m.x=-0.0776280266455951
steps[4].lead_start.position_m.y=-1.6639374124221677
steps[4].lead_start.position_m.z=0.6679340490246363
steps[4].lead_start.orientation_xyzw.x=-0.4786260659401567
steps[4].lead_start.orientation_xyzw.y=0.6010214410638746
steps[4].lead_start.orientation_xyzw.z=-0.4874591489501213
steps[4].lead_start.orientation_xyzw.w=-0.41481790521742884
steps[4].usable_seam_start.position_m.x=-0.0776280266455951
steps[4].usable_seam_start.position_m.y=-1.6639374124221677
steps[4].usable_seam_start.position_m.z=0.6679340490246363
steps[4].usable_seam_start.orientation_xyzw.x=-0.4786260659401567
steps[4].usable_seam_start.orientation_xyzw.y=0.6010214410638746
steps[4].usable_seam_start.orientation_xyzw.z=-0.4874591489501213
steps[4].usable_seam_start.orientation_xyzw.w=-0.41481790521742884
steps[4].usable_seam_goal.position_m.x=-0.03699637597631188
steps[4].usable_seam_goal.position_m.y=-1.6631783484643108
steps[4].usable_seam_goal.position_m.z=0.6683363868330517
steps[4].usable_seam_goal.orientation_xyzw.x=-0.4786668901944635
steps[4].usable_seam_goal.orientation_xyzw.y=0.6010129849024115
steps[4].usable_seam_goal.orientation_xyzw.z=-0.48742312930482823
steps[4].usable_seam_goal.orientation_xyzw.w=-0.41482537678997417
steps[4].lead_end.position_m.x=-0.03199749323442002
steps[4].lead_end.position_m.y=-1.6630849613718244
steps[4].lead_end.position_m.z=0.6683858861640848
steps[4].lead_end.orientation_xyzw.x=-0.4786668901944635
steps[4].lead_end.orientation_xyzw.y=0.6010129849024115
steps[4].lead_end.orientation_xyzw.z=-0.48742312930482823
steps[4].lead_end.orientation_xyzw.w=-0.41482537678997417
steps[5].sequence_number=6
steps[5].type=digital_weld
steps[5].parallel_slot=5
steps[5].duration=0.0
steps[5].velocity_scale=0.3695263157894737
steps[5].tcp_speed_m_s=0.0035
steps[5].command=off
steps[5].weld_scenario_id=weld-21434873885975
steps[5].weld_scenario_stage=arc_off
steps[5].trigger_before_goal=True
steps[5].arc_off_delay_s=0.5
steps[5].settings.current_a=150
steps[5].settings.voltage_tenths=200
steps[5].settings.voltage=20.0
steps[5].settings.material=FE-SOLID
steps[5].settings.diameter_mm=1.2
steps[5].settings.mode=LSM
steps[5].settings.gas=CO2 100%
steps[5].settings.synergic=False
steps[5].settings.correction=0.0
steps[5].settings.hot_start_enabled=True
steps[5].settings.hot_start_percent=20.0
steps[5].settings.hot_start_hold_adjustment=0
steps[5].settings.crater_enabled=True
steps[5].settings.crater_percent=40.0
steps[5].settings.crater_current_a=60.0
steps[5].settings.crater_voltage_v=25.0
steps[5].settings.crater_seconds=1.0
steps[5].settings.wire_consumable_alpha_mm=0.0
steps[5].settings.hot_start_current_a=180
steps[6].sequence_number=7
steps[6].type=motion
steps[6].parallel_slot=6
steps[6].duration=0.0
steps[6].planning_group=right_manipulator
steps[6].velocity_scale=0.3695263157894737
steps[6].tcp_speed_m_s=0.0
steps[6].interpolation_step=0.005
steps[6].path_kind=weld_end_to_taught_wait_fixed_attitude
steps[6].pose_name=weld_goal_wait
steps[6].pose_label=5 · Weld goal wait pose
steps[6].touch_guard=False
steps[6].continue_after_touch=False
steps[6].weld_scenario_id=weld-21434873885975
steps[6].weld_scenario_stage=goal_wait
steps[6].waypoint_count=1
steps[6].waypoints[0].position_m.x=-0.037118791332413165
steps[6].waypoints[0].position_m.y=-1.660785482679936
steps[6].waypoints[0].position_m.z=0.6761845177983976
steps[6].waypoints[0].orientation_xyzw.x=-0.4786668901944635
steps[6].waypoints[0].orientation_xyzw.y=0.6010129849024115
steps[6].waypoints[0].orientation_xyzw.z=-0.48742312930482823
steps[6].waypoints[0].orientation_xyzw.w=-0.41482537678997417
steps[7].sequence_number=8
steps[7].type=named_pose
steps[7].parallel_slot=7
steps[7].duration=0.0
steps[7].planning_group=right_manipulator
steps[7].velocity_scale=0.3695263157894737
steps[7].tcp_speed_m_s=0.0
steps[7].pose_name=weld_finish
steps[7].pose_label=7 · Weld end pose
steps[7].touch_guard=False
steps[7].continue_after_touch=False
steps[7].weld_scenario_id=weld-21434873885975
steps[7].weld_scenario_stage=finish
steps[7].target_tcp.position_m.x=-0.01615246223236541
steps[7].target_tcp.position_m.y=-1.6411215995536785
steps[7].target_tcp.position_m.z=0.6987288871814923
steps[7].target_tcp.orientation_xyzw.x=-0.43555229427402087
steps[7].target_tcp.orientation_xyzw.y=0.633738990966668
steps[7].target_tcp.orientation_xyzw.z=-0.5283634543880528
steps[7].target_tcp.orientation_xyzw.w=-0.35986268262812476
steps[7].joint_names[0]=right_manipulator_joint1
steps[7].joint_names[1]=right_manipulator_joint2
steps[7].joint_names[2]=right_manipulator_joint3
steps[7].joint_names[3]=right_manipulator_joint4
steps[7].joint_names[4]=right_manipulator_joint5
steps[7].joint_names[5]=right_manipulator_joint6
steps[7].joint_positions_rad[0]=5.133356451790169
steps[7].joint_positions_rad[1]=1.304908853564421
steps[7].joint_positions_rad[2]=1.9488618709358534
steps[7].joint_positions_rad[3]=3.552323732713335
steps[7].joint_positions_rad[4]=1.489825710170182
steps[7].joint_positions_rad[5]=1.463410081633795
steps[8].sequence_number=9
steps[8].type=digital_output
steps[8].parallel_slot=8
steps[8].duration=0.0
steps[8].port=0
steps[8].value=True
steps[8].weld_scenario_id=weld-21434873885975
steps[8].weld_scenario_stage=touch_output_on
hicomm_cyclic_period_ms=40.0
arc_wait_recognition=True
arc_wait_main_welding=True
arc_wait_established=True
arc_establishment_timeout_s=5.0

[summary]
rx_samples=355
welding_samples=0
wcr_seen=0
current_a.min=None
current_a.average=None
current_a.max=None
voltage_v.min=None
voltage_v.average=None
voltage_v.max=None
wire_feed_m_min.min=None
wire_feed_m_min.average=None
wire_feed_m_min.max=None

[production_metrics]
arc_started_elapsed_s=None
arc_completed_elapsed_s=None
arc_on_time_s=0.0
main_weld_arc_time_s=0.0
crater_arc_time_s=0.0
weld_motion_start_elapsed_s=0.01926516400271794
weld_motion_complete_elapsed_s=14.202673256000708
weld_motion_duration_s=14.18340809199799
net_weld_arc_time_s=0.0
wire_feed_average_m_min=0.0
wire_consumable_base_mm=0.0
wire_consumable_alpha_mm=0.0
wire_consumable_mm=0.0
wire_consumable_formula=integral(WFS*1000/60*dt)+alpha
weld_motion_start_unix_time=1789452461.966377
weld_motion_start_wall_time=2026-09-15 15:07:41.966
weld_motion_complete_unix_time=1789452476.1497848
weld_motion_complete_wall_time=2026-09-15 15:07:56.149

[arc_off_control]

[teaching_snapshot_yaml]
robot_start:
  planning_group: right_manipulator
  joint_state:
    names:
    - right_manipulator_joint1
    - right_manipulator_joint2
    - right_manipulator_joint3
    - right_manipulator_joint4
    - right_manipulator_joint5
    - right_manipulator_joint6
    positions_rad:
    - 5.27240967968313
    - 1.0710261184710546
    - 2.180025851451385
    - 3.6894743983235436
    - 1.4802383302458966
    - 1.475784459638848
  tcp_pose_world:
    position_m:
      x: 0.0409882833240674
      y: -1.5365128539727777
      z: 0.8899872668309907
    orientation_xyzw:
      x: -0.4355837586611503
      y: 0.6337556876271521
      z: -0.5283180348228105
      w: -0.3598618786031996
weld_wait:
  planning_group: right_manipulator
  joint_state:
    names:
    - right_manipulator_joint1
    - right_manipulator_joint2
    - right_manipulator_joint3
    - right_manipulator_joint4
    - right_manipulator_joint5
    - right_manipulator_joint6
    positions_rad:
    - 5.0426161618645535
    - 1.307881873447331
    - 1.9699502451857003
    - 3.4624148816800417
    - 1.5162108455120875
    - 1.4614774256307246
  tcp_pose_world:
    position_m:
      x: -0.08870296201477268
      y: -1.6412702554397807
      z: 0.6987922577637999
    orientation_xyzw:
      x: -0.43557434654394894
      y: 0.6337561965013643
      z: -0.5283275696402191
      w: -0.35985837656916564
weld_start_wait:
  planning_group: right_manipulator
  joint_state:
    names:
    - right_manipulator_joint1
    - right_manipulator_joint2
    - right_manipulator_joint3
    - right_manipulator_joint4
    - right_manipulator_joint5
    - right_manipulator_joint6
    positions_rad:
    - 5.04754833620338
    - 1.331723157315993
    - 1.9263722744784613
    - 3.4676775543101472
    - 1.4973627223712151
    - 1.4557781277399005
  tcp_pose_world:
    position_m:
      x: -0.07775103617901089
      y: -1.6617243259079035
      z: 0.6761813628806548
    orientation_xyzw:
      x: -0.435562782516215
      y: 0.633738347985189
      z: -0.5283475082026756
      w: -0.3598745327968616
weld_start:
  planning_group: right_manipulator
  joint_state:
    names:
    - right_manipulator_joint1
    - right_manipulator_joint2
    - right_manipulator_joint3
    - right_manipulator_joint4
    - right_manipulator_joint5
    - right_manipulator_joint6
    positions_rad:
    - 5.096692183359664
    - 1.3467492333942173
    - 1.8995103622369267
    - 3.5527631576642325
    - 1.4850127527379942
    - 1.2828832429925672
  tcp_pose_world:
    position_m:
      x: -0.0776280266455951
      y: -1.6639374124221677
      z: 0.6679340490246363
    orientation_xyzw:
      x: -0.4786260659401567
      y: 0.6010214410638746
      z: -0.4874591489501213
      w: -0.41481790521742884
weld_goal_wait:
  planning_group: right_manipulator
  joint_state:
    names:
    - right_manipulator_joint1
    - right_manipulator_joint2
    - right_manipulator_joint3
    - right_manipulator_joint4
    - right_manipulator_joint5
    - right_manipulator_joint6
    positions_rad:
    - 5.097889005024712
    - 1.330348699877403
    - 1.9159153724582652
    - 3.5176041015819717
    - 1.4842935256377603
    - 1.456837533221534
  tcp_pose_world:
    position_m:
      x: -0.037118791332413165
      y: -1.660785482679936
      z: 0.6761845177983976
    orientation_xyzw:
      x: -0.43560657056703633
      y: 0.6337304922272782
      z: -0.5283151985986203
      w: -0.3598828001306784
weld_end:
  planning_group: right_manipulator
  joint_state:
    names:
    - right_manipulator_joint1
    - right_manipulator_joint2
    - right_manipulator_joint3
    - right_manipulator_joint4
    - right_manipulator_joint5
    - right_manipulator_joint6
    positions_rad:
    - 5.145109724469132
    - 1.3448253609554957
    - 1.8870940441037762
    - 3.6011119581181856
    - 1.4699684130164823
    - 1.2810085650226661
  tcp_pose_world:
    position_m:
      x: -0.03699637597631188
      y: -1.6631783484643108
      z: 0.6683363868330517
    orientation_xyzw:
      x: -0.4786668901944635
      y: 0.6010129849024115
      z: -0.48742312930482823
      w: -0.41482537678997417
weld_finish:
  planning_group: right_manipulator
  joint_state:
    names:
    - right_manipulator_joint1
    - right_manipulator_joint2
    - right_manipulator_joint3
    - right_manipulator_joint4
    - right_manipulator_joint5
    - right_manipulator_joint6
    positions_rad:
    - 5.133356451790169
    - 1.304908853564421
    - 1.9488618709358534
    - 3.552323732713335
    - 1.489825710170182
    - 1.463410081633795
  tcp_pose_world:
    position_m:
      x: -0.01615246223236541
      y: -1.6411215995536785
      z: 0.6987288871814923
    orientation_xyzw:
      x: -0.43555229427402087
      y: 0.633738990966668
      z: -0.5283634543880528
      w: -0.35986268262812476

[touch_snapshot_yaml]
start_floor:
  position_m:
    x: -0.07775541481271453
    y: -1.6618232558637744
    z: 0.6679332844816908
  orientation_xyzw:
    x: -0.4799068328585681
    y: 0.5999568538326215
    z: -0.48840539735027855
    w: -0.41376487665585804
start_wall:
  position_m:
    x: -0.0777728998892239
    y: -1.6639402282424685
    z: 0.6760028770229931
  orientation_xyzw:
    x: -0.4799801418903103
    y: 0.6000130183316275
    z: -0.4883062011593348
    w: -0.4137154760615886
goal_floor:
  position_m:
    x: -0.037182595140218766
    y: -1.6608609488922845
    z: 0.6683350877109933
  orientation_xyzw:
    x: -0.4799928554952011
    y: 0.599928657829712
    z: -0.48835935702527056
    w: -0.4137603202266595
goal_wall:
  position_m:
    x: -0.037136366420538885
    y: -1.6631810693008584
    z: 0.6761273959965712
  orientation_xyzw:
    x: -0.4800321685023948
    y: 0.5999526213759097
    z: -0.4883173520140647
    w: -0.4137295409189862

[samples]
elapsed_s raw0 state arc gas fwd wcr current_a voltage_v wire_feed_m_min set_current_a set_voltage_v error db collision
0.037 0x00 idle 0 0 0 0 0 0.0 0.0 100 10.0 0 0 0
0.076 0x00 idle 0 0 0 0 0 0.0 0.0 100 10.0 0 0 0
0.114 0x00 idle 0 0 0 0 0 0.0 0.0 100 10.0 0 0 0
0.154 0x00 idle 0 0 0 0 0 0.0 0.0 100 10.0 0 0 0
0.194 0x00 idle 0 0 0 0 0 0.0 0.0 100 10.0 0 0 0
0.233 0x00 idle 0 0 0 0 0 0.0 0.0 100 10.0 0 0 0
0.274 0x00 idle 0 0 0 0 0 0.0 0.0 100 10.0 0 0 0
0.314 0x00 idle 0 0 0 0 0 0.0 0.0 100 10.0 0 0 0
0.354 0x00 idle 0 0 0 0 0 0.0 0.0 100 10.0 0 0 0
0.393 0x00 idle 0 0 0 0 0 0.0 0.0 100 10.0 0 0 0
0.437 0x00 idle 0 0 0 0 0 0.0 0.0 100 10.0 0 0 0
0.478 0x00 idle 0 0 0 0 0 0.0 0.0 100 10.0 0 0 0
0.517 0x00 idle 0 0 0 0 0 0.0 0.0 100 10.0 0 0 0
0.562 0x00 idle 0 0 0 0 0 0.0 0.0 100 10.0 0 0 0
0.594 0x00 idle 0 0 0 0 0 0.0 0.0 100 10.0 0 0 0
0.636 0x00 idle 0 0 0 0 0 0.0 0.0 100 10.0 0 0 0
0.676 0x00 idle 0 0 0 0 0 0.0 0.0 100 10.0 0 0 0
0.714 0x00 idle 0 0 0 0 0 0.0 0.0 100 10.0 0 0 0
0.758 0x00 idle 0 0 0 0 0 0.0 0.0 100 10.0 0 0 0
0.793 0x00 idle 0 0 0 0 0 0.0 0.0 100 10.0 0 0 0
0.834 0x00 idle 0 0 0 0 0 0.0 0.0 100 10.0 0 0 0
0.877 0x00 idle 0 0 0 0 0 0.0 0.0 100 10.0 0 0 0
0.913 0x00 idle 0 0 0 0 0 0.0 0.0 100 10.0 0 0 0
0.952 0x00 idle 0 0 0 0 0 0.0 0.0 100 10.0 0 0 0
0.997 0x00 idle 0 0 0 0 0 0.0 0.0 100 10.0 0 0 0
1.035 0x00 idle 0 0 0 0 0 0.0 0.0 100 10.0 0 0 0
1.074 0x00 idle 0 0 0 0 0 0.0 0.0 100 10.0 0 0 0
1.115 0x00 idle 0 0 0 0 0 0.0 0.0 100 10.0 0 0 0
1.155 0x00 idle 0 0 0 0 0 0.0 0.0 100 10.0 0 0 0
1.194 0x00 idle 0 0 0 0 0 0.0 0.0 100 10.0 0 0 0
1.241 0x00 idle 0 0 0 0 0 0.0 0.0 100 10.0 0 0 0
1.281 0x00 idle 0 0 0 0 0 0.0 0.0 100 10.0 0 0 0
1.319 0x00 idle 0 0 0 0 0 0.0 0.0 100 10.0 0 0 0
1.354 0x00 idle 0 0 0 0 0 0.0 0.0 100 10.0 0 0 0
1.394 0x00 idle 0 0 0 0 0 0.0 0.0 100 10.0 0 0 0
1.437 0x00 idle 0 0 0 0 0 0.0 0.0 100 10.0 0 0 0
1.480 0x00 idle 0 0 0 0 0 0.0 0.0 100 10.0 0 0 0
1.517 0x00 idle 0 0 0 0 0 0.0 0.0 100 10.0 0 0 0
1.553 0x00 idle 0 0 0 0 0 0.0 0.0 100 10.0 0 0 0
1.599 0x00 idle 0 0 0 0 0 0.0 0.0 100 10.0 0 0 0
1.635 0x00 idle 0 0 0 0 0 0.0 0.0 100 10.0 0 0 0
1.677 0x00 idle 0 0 0 0 0 0.0 0.0 100 10.0 0 0 0
1.719 0x00 idle 0 0 0 0 0 0.0 0.0 100 10.0 0 0 0
1.755 0x00 idle 0 0 0 0 0 0.0 0.0 100 10.0 0 0 0
1.795 0x00 idle 0 0 0 0 0 0.0 0.0 100 10.0 0 0 0
1.836 0x00 idle 0 0 0 0 0 0.0 0.0 100 10.0 0 0 0
1.883 0x00 idle 0 0 0 0 0 0.0 0.0 100 10.0 0 0 0
1.916 0x00 idle 0 0 0 0 0 0.0 0.0 100 10.0 0 0 0
1.956 0x00 idle 0 0 0 0 0 0.0 0.0 100 10.0 0 0 0
1.995 0x00 idle 0 0 0 0 0 0.0 0.0 100 10.0 0 0 0
2.034 0x00 idle 0 0 0 0 0 0.0 0.0 100 10.0 0 0 0
2.073 0x00 idle 0 0 0 0 0 0.0 0.0 100 10.0 0 0 0
2.114 0x00 idle 0 0 0 0 0 0.0 0.0 100 10.0 0 0 0
2.155 0x00 idle 0 0 0 0 0 0.0 0.0 100 10.0 0 0 0
2.194 0x00 idle 0 0 0 0 0 0.0 0.0 100 10.0 0 0 0
2.233 0x00 idle 0 0 0 0 0 0.0 0.0 100 10.0 0 0 0
2.275 0x00 idle 0 0 0 0 0 0.0 0.0 100 10.0 0 0 0
2.315 0x00 idle 0 0 0 0 0 0.0 0.0 100 10.0 0 0 0
2.360 0x00 idle 0 0 0 0 0 0.0 0.0 100 10.0 0 0 0
2.398 0x00 idle 0 0 0 0 0 0.0 0.0 100 10.0 0 0 0
2.439 0x00 idle 0 0 0 0 0 0.0 0.0 100 10.0 0 0 0
2.482 0x00 idle 0 0 0 0 0 0.0 0.0 100 10.0 0 0 0
2.515 0x00 idle 0 0 0 0 0 0.0 0.0 100 10.0 0 0 0
2.553 0x00 idle 0 0 0 0 0 0.0 0.0 100 10.0 0 0 0
2.598 0x00 idle 0 0 0 0 0 0.0 0.0 100 10.0 0 0 0
2.635 0x00 idle 0 0 0 0 0 0.0 0.0 100 10.0 0 0 0
2.678 0x00 idle 0 0 0 0 0 0.0 0.0 100 10.0 0 0 0
2.721 0x00 idle 0 0 0 0 0 0.0 0.0 100 10.0 0 0 0
2.762 0x00 idle 0 0 0 0 0 0.0 0.0 100 10.0 0 0 0
2.796 0x00 idle 0 0 0 0 0 0.0 0.0 100 10.0 0 0 0
2.834 0x00 idle 0 0 0 0 0 0.0 0.0 100 10.0 0 0 0
2.877 0x00 idle 0 0 0 0 0 0.0 0.0 100 10.0 0 0 0
2.912 0x00 idle 0 0 0 0 0 0.0 0.0 100 10.0 0 0 0
2.955 0x00 idle 0 0 0 0 0 0.0 0.0 100 10.0 0 0 0
3.000 0x00 idle 0 0 0 0 0 0.0 0.0 100 10.0 0 0 0
3.034 0x00 idle 0 0 0 0 0 0.0 0.0 100 10.0 0 0 0
3.074 0x00 idle 0 0 0 0 0 0.0 0.0 100 10.0 0 0 0
3.114 0x00 idle 0 0 0 0 0 0.0 0.0 100 10.0 0 0 0
3.153 0x00 idle 0 0 0 0 0 0.0 0.0 100 10.0 0 0 0
3.195 0x00 idle 0 0 0 0 0 0.0 0.0 100 10.0 0 0 0
3.239 0x00 idle 0 0 0 0 0 0.0 0.0 100 10.0 0 0 0
3.275 0x00 idle 0 0 0 0 0 0.0 0.0 100 10.0 0 0 0
3.314 0x00 idle 0 0 0 0 0 0.0 0.0 100 10.0 0 0 0
3.356 0x00 idle 0 0 0 0 0 0.0 0.0 100 10.0 0 0 0
3.396 0x00 idle 0 0 0 0 0 0.0 0.0 100 10.0 0 0 0
3.435 0x00 idle 0 0 0 0 0 0.0 0.0 100 10.0 0 0 0
3.478 0x00 idle 0 0 0 0 0 0.0 0.0 100 10.0 0 0 0
3.514 0x00 idle 0 0 0 0 0 0.0 0.0 100 10.0 0 0 0
3.554 0x00 idle 0 0 0 0 0 0.0 0.0 100 10.0 0 0 0
3.593 0x00 idle 0 0 0 0 0 0.0 0.0 100 10.0 0 0 0
3.641 0x00 idle 0 0 0 0 0 0.0 0.0 100 10.0 0 0 0
3.682 0x00 idle 0 0 0 0 0 0.0 0.0 100 10.0 0 0 0
3.716 0x00 idle 0 0 0 0 0 0.0 0.0 100 10.0 0 0 0
3.753 0x00 idle 0 0 0 0 0 0.0 0.0 100 10.0 0 0 0
3.794 0x00 idle 0 0 0 0 0 0.0 0.0 100 10.0 0 0 0
3.834 0x00 idle 0 0 0 0 0 0.0 0.0 100 10.0 0 0 0
3.874 0x00 idle 0 0 0 0 0 0.0 0.0 100 10.0 0 0 0
3.913 0x00 idle 0 0 0 0 0 0.0 0.0 100 10.0 0 0 0
3.953 0x00 idle 0 0 0 0 0 0.0 0.0 100 10.0 0 0 0
3.994 0x00 idle 0 0 0 0 0 0.0 0.0 100 10.0 0 0 0
4.039 0x00 idle 0 0 0 0 0 0.0 0.0 100 10.0 0 0 0
4.076 0x00 idle 0 0 0 0 0 0.0 0.0 100 10.0 0 0 0
4.114 0x00 idle 0 0 0 0 0 0.0 0.0 100 10.0 0 0 0
4.154 0x00 idle 0 0 0 0 0 0.0 0.0 100 10.0 0 0 0
4.193 0x00 idle 0 0 0 0 0 0.0 0.0 100 10.0 0 0 0
4.233 0x00 idle 0 0 0 0 0 0.0 0.0 100 10.0 0 0 0
4.278 0x00 idle 0 0 0 0 0 0.0 0.0 100 10.0 0 0 0
4.313 0x00 idle 0 0 0 0 0 0.0 0.0 100 10.0 0 0 0
4.352 0x00 idle 0 0 0 0 0 0.0 0.0 100 10.0 0 0 0
4.393 0x00 idle 0 0 0 0 0 0.0 0.0 100 10.0 0 0 0
4.433 0x00 idle 0 0 0 0 0 0.0 0.0 100 10.0 0 0 0
4.475 0x00 idle 0 0 0 0 0 0.0 0.0 100 10.0 0 0 0
4.514 0x00 idle 0 0 0 0 0 0.0 0.0 100 10.0 0 0 0
4.555 0x00 idle 0 0 0 0 0 0.0 0.0 100 10.0 0 0 0
4.594 0x00 idle 0 0 0 0 0 0.0 0.0 100 10.0 0 0 0
4.635 0x00 idle 0 0 0 0 0 0.0 0.0 100 10.0 0 0 0
4.681 0x00 idle 0 0 0 0 0 0.0 0.0 100 10.0 0 0 0
4.714 0x00 idle 0 0 0 0 0 0.0 0.0 100 10.0 0 0 0
4.754 0x00 idle 0 0 0 0 0 0.0 0.0 100 10.0 0 0 0
4.795 0x00 idle 0 0 0 0 0 0.0 0.0 100 10.0 0 0 0
4.835 0x00 idle 0 0 0 0 0 0.0 0.0 100 10.0 0 0 0
4.876 0x00 idle 0 0 0 0 0 0.0 0.0 100 10.0 0 0 0
4.922 0x00 idle 0 0 0 0 0 0.0 0.0 100 10.0 0 0 0
4.954 0x00 idle 0 0 0 0 0 0.0 0.0 100 10.0 0 0 0
4.994 0x00 idle 0 0 0 0 0 0.0 0.0 100 10.0 0 0 0
5.034 0x00 idle 0 0 0 0 0 0.0 0.0 100 10.0 0 0 0
5.077 0x00 idle 0 0 0 0 0 0.0 0.0 100 10.0 0 0 0
5.118 0x00 idle 0 0 0 0 0 0.0 0.0 100 10.0 0 0 0
5.161 0x00 idle 0 0 0 0 0 0.0 0.0 100 10.0 0 0 0
5.193 0x00 idle 0 0 0 0 0 0.0 0.0 100 10.0 0 0 0
5.243 0x00 idle 0 0 0 0 0 0.0 0.0 100 10.0 0 0 0
5.275 0x00 idle 0 0 0 0 0 0.0 0.0 100 10.0 0 0 0
5.317 0x00 idle 0 0 0 0 0 0.0 0.0 100 10.0 0 0 0
5.359 0x00 idle 0 0 0 0 0 0.0 0.0 100 10.0 0 0 0
5.395 0x00 idle 0 0 0 0 0 0.0 0.0 100 10.0 0 0 0
5.436 0x00 idle 0 0 0 0 0 0.0 0.0 100 10.0 0 0 0
5.476 0x00 idle 0 0 0 0 0 0.0 0.0 100 10.0 0 0 0
5.517 0x00 idle 0 0 0 0 0 0.0 0.0 100 10.0 0 0 0
5.558 0x00 idle 0 0 0 0 0 0.0 0.0 100 10.0 0 0 0
5.593 0x00 idle 0 0 0 0 0 0.0 0.0 100 10.0 0 0 0
5.635 0x00 idle 0 0 0 0 0 0.0 0.0 100 10.0 0 0 0
5.683 0x00 idle 0 0 0 0 0 0.0 0.0 100 10.0 0 0 0
5.714 0x00 idle 0 0 0 0 0 0.0 0.0 100 10.0 0 0 0
5.764 0x00 idle 0 0 0 0 0 0.0 0.0 100 10.0 0 0 0
5.801 0x00 idle 0 0 0 0 0 0.0 0.0 100 10.0 0 0 0
5.835 0x00 idle 0 0 0 0 0 0.0 0.0 100 10.0 0 0 0
5.874 0x00 idle 0 0 0 0 0 0.0 0.0 100 10.0 0 0 0
5.918 0x00 idle 0 0 0 0 0 0.0 0.0 100 10.0 0 0 0
5.956 0x00 idle 0 0 0 0 0 0.0 0.0 100 10.0 0 0 0
5.995 0x00 idle 0 0 0 0 0 0.0 0.0 100 10.0 0 0 0
6.036 0x00 idle 0 0 0 0 0 0.0 0.0 100 10.0 0 0 0
6.074 0x00 idle 0 0 0 0 0 0.0 0.0 100 10.0 0 0 0
6.117 0x00 idle 0 0 0 0 0 0.0 0.0 100 10.0 0 0 0
6.156 0x00 idle 0 0 0 0 0 0.0 0.0 100 10.0 0 0 0
6.194 0x00 idle 0 0 0 0 0 0.0 0.0 100 10.0 0 0 0
6.236 0x00 idle 0 0 0 0 0 0.0 0.0 100 10.0 0 0 0
6.279 0x00 idle 0 0 0 0 0 0.0 0.0 100 10.0 0 0 0
6.316 0x00 idle 0 0 0 0 0 0.0 0.0 100 10.0 0 0 0
6.357 0x00 idle 0 0 0 0 0 0.0 0.0 100 10.0 0 0 0
6.398 0x00 idle 0 0 0 0 0 0.0 0.0 100 10.0 0 0 0
6.434 0x00 idle 0 0 0 0 0 0.0 0.0 100 10.0 0 0 0
6.480 0x00 idle 0 0 0 0 0 0.0 0.0 100 10.0 0 0 0
6.514 0x00 idle 0 0 0 0 0 0.0 0.0 100 10.0 0 0 0
6.554 0x00 idle 0 0 0 0 0 0.0 0.0 100 10.0 0 0 0
6.602 0x00 idle 0 0 0 0 0 0.0 0.0 100 10.0 0 0 0
6.636 0x00 idle 0 0 0 0 0 0.0 0.0 100 10.0 0 0 0
6.674 0x00 idle 0 0 0 0 0 0.0 0.0 100 10.0 0 0 0
6.715 0x00 idle 0 0 0 0 0 0.0 0.0 100 10.0 0 0 0
6.755 0x00 idle 0 0 0 0 0 0.0 0.0 100 10.0 0 0 0
6.799 0x00 idle 0 0 0 0 0 0.0 0.0 100 10.0 0 0 0
6.834 0x00 idle 0 0 0 0 0 0.0 0.0 100 10.0 0 0 0
6.882 0x00 idle 0 0 0 0 0 0.0 0.0 100 10.0 0 0 0
6.915 0x00 idle 0 0 0 0 0 0.0 0.0 100 10.0 0 0 0
6.954 0x00 idle 0 0 0 0 0 0.0 0.0 100 10.0 0 0 0
6.994 0x00 idle 0 0 0 0 0 0.0 0.0 100 10.0 0 0 0
7.037 0x00 idle 0 0 0 0 0 0.0 0.0 100 10.0 0 0 0
7.074 0x00 idle 0 0 0 0 0 0.0 0.0 100 10.0 0 0 0
7.115 0x00 idle 0 0 0 0 0 0.0 0.0 100 10.0 0 0 0
7.158 0x00 idle 0 0 0 0 0 0.0 0.0 100 10.0 0 0 0
7.195 0x00 idle 0 0 0 0 0 0.0 0.0 100 10.0 0 0 0
7.234 0x00 idle 0 0 0 0 0 0.0 0.0 100 10.0 0 0 0
7.282 0x00 idle 0 0 0 0 0 0.0 0.0 100 10.0 0 0 0
7.316 0x00 idle 0 0 0 0 0 0.0 0.0 100 10.0 0 0 0
7.355 0x00 idle 0 0 0 0 0 0.0 0.0 100 10.0 0 0 0
7.401 0x00 idle 0 0 0 0 0 0.0 0.0 100 10.0 0 0 0
7.441 0x00 idle 0 0 0 0 0 0.0 0.0 100 10.0 0 0 0
7.480 0x00 idle 0 0 0 0 0 0.0 0.0 100 10.0 0 0 0
7.516 0x00 idle 0 0 0 0 0 0.0 0.0 100 10.0 0 0 0
7.553 0x00 idle 0 0 0 0 0 0.0 0.0 100 10.0 0 0 0
7.599 0x00 idle 0 0 0 0 0 0.0 0.0 100 10.0 0 0 0
7.636 0x00 idle 0 0 0 0 0 0.0 0.0 100 10.0 0 0 0
7.679 0x00 idle 0 0 0 0 0 0.0 0.0 100 10.0 0 0 0
7.719 0x00 idle 0 0 0 0 0 0.0 0.0 100 10.0 0 0 0
7.764 0x00 idle 0 0 0 0 0 0.0 0.0 100 10.0 0 0 0
7.796 0x00 idle 0 0 0 0 0 0.0 0.0 100 10.0 0 0 0
7.836 0x00 idle 0 0 0 0 0 0.0 0.0 100 10.0 0 0 0
7.876 0x00 idle 0 0 0 0 0 0.0 0.0 100 10.0 0 0 0
7.916 0x00 idle 0 0 0 0 0 0.0 0.0 100 10.0 0 0 0
7.956 0x00 idle 0 0 0 0 0 0.0 0.0 100 10.0 0 0 0
8.001 0x00 idle 0 0 0 0 0 0.0 0.0 100 10.0 0 0 0
8.039 0x00 idle 0 0 0 0 0 0.0 0.0 100 10.0 0 0 0
8.080 0x00 idle 0 0 0 0 0 0.0 0.0 100 10.0 0 0 0
8.119 0x00 idle 0 0 0 0 0 0.0 0.0 100 10.0 0 0 0
8.155 0x00 idle 0 0 0 0 0 0.0 0.0 100 10.0 0 0 0
8.196 0x00 idle 0 0 0 0 0 0.0 0.0 100 10.0 0 0 0
8.240 0x00 idle 0 0 0 0 0 0.0 0.0 100 10.0 0 0 0
8.276 0x00 idle 0 0 0 0 0 0.0 0.0 100 10.0 0 0 0
8.317 0x00 idle 0 0 0 0 0 0.0 0.0 100 10.0 0 0 0
8.356 0x00 idle 0 0 0 0 0 0.0 0.0 100 10.0 0 0 0
8.393 0x00 idle 0 0 0 0 0 0.0 0.0 100 10.0 0 0 0
8.437 0x00 idle 0 0 0 0 0 0.0 0.0 100 10.0 0 0 0
8.477 0x00 idle 0 0 0 0 0 0.0 0.0 100 10.0 0 0 0
8.517 0x00 idle 0 0 0 0 0 0.0 0.0 100 10.0 0 0 0
8.558 0x00 idle 0 0 0 0 0 0.0 0.0 100 10.0 0 0 0
8.599 0x00 idle 0 0 0 0 0 0.0 0.0 100 10.0 0 0 0
8.635 0x00 idle 0 0 0 0 0 0.0 0.0 100 10.0 0 0 0
8.681 0x00 idle 0 0 0 0 0 0.0 0.0 100 10.0 0 0 0
8.720 0x00 idle 0 0 0 0 0 0.0 0.0 100 10.0 0 0 0
8.759 0x00 idle 0 0 0 0 0 0.0 0.0 100 10.0 0 0 0
8.797 0x00 idle 0 0 0 0 0 0.0 0.0 100 10.0 0 0 0
8.847 0x00 idle 0 0 0 0 0 0.0 0.0 100 10.0 0 0 0
8.880 0x00 idle 0 0 0 0 0 0.0 0.0 100 10.0 0 0 0
8.914 0x00 idle 0 0 0 0 0 0.0 0.0 100 10.0 0 0 0
8.954 0x00 idle 0 0 0 0 0 0.0 0.0 100 10.0 0 0 0
8.996 0x00 idle 0 0 0 0 0 0.0 0.0 100 10.0 0 0 0
9.032 0x00 idle 0 0 0 0 0 0.0 0.0 100 10.0 0 0 0
9.077 0x00 idle 0 0 0 0 0 0.0 0.0 100 10.0 0 0 0
9.116 0x00 idle 0 0 0 0 0 0.0 0.0 100 10.0 0 0 0
9.153 0x00 idle 0 0 0 0 0 0.0 0.0 100 10.0 0 0 0
9.194 0x00 idle 0 0 0 0 0 0.0 0.0 100 10.0 0 0 0
9.234 0x00 idle 0 0 0 0 0 0.0 0.0 100 10.0 0 0 0
9.285 0x00 idle 0 0 0 0 0 0.0 0.0 100 10.0 0 0 0
9.315 0x00 idle 0 0 0 0 0 0.0 0.0 100 10.0 0 0 0
9.354 0x00 idle 0 0 0 0 0 0.0 0.0 100 10.0 0 0 0
9.395 0x00 idle 0 0 0 0 0 0.0 0.0 100 10.0 0 0 0
9.441 0x00 idle 0 0 0 0 0 0.0 0.0 100 10.0 0 0 0
9.481 0x00 idle 0 0 0 0 0 0.0 0.0 100 10.0 0 0 0
9.520 0x00 idle 0 0 0 0 0 0.0 0.0 100 10.0 0 0 0
9.553 0x00 idle 0 0 0 0 0 0.0 0.0 100 10.0 0 0 0
9.593 0x00 idle 0 0 0 0 0 0.0 0.0 100 10.0 0 0 0
9.639 0x00 idle 0 0 0 0 0 0.0 0.0 100 10.0 0 0 0
9.680 0x00 idle 0 0 0 0 0 0.0 0.0 100 10.0 0 0 0
9.718 0x00 idle 0 0 0 0 0 0.0 0.0 100 10.0 0 0 0
9.759 0x00 idle 0 0 0 0 0 0.0 0.0 100 10.0 0 0 0
9.801 0x00 idle 0 0 0 0 0 0.0 0.0 100 10.0 0 0 0
9.834 0x00 idle 0 0 0 0 0 0.0 0.0 100 10.0 0 0 0
9.877 0x00 idle 0 0 0 0 0 0.0 0.0 100 10.0 0 0 0
9.918 0x00 idle 0 0 0 0 0 0.0 0.0 100 10.0 0 0 0
9.961 0x00 idle 0 0 0 0 0 0.0 0.0 100 10.0 0 0 0
9.998 0x00 idle 0 0 0 0 0 0.0 0.0 100 10.0 0 0 0
10.038 0x00 idle 0 0 0 0 0 0.0 0.0 100 10.0 0 0 0
10.075 0x00 idle 0 0 0 0 0 0.0 0.0 100 10.0 0 0 0
10.115 0x00 idle 0 0 0 0 0 0.0 0.0 100 10.0 0 0 0
10.154 0x00 idle 0 0 0 0 0 0.0 0.0 100 10.0 0 0 0
10.193 0x00 idle 0 0 0 0 0 0.0 0.0 100 10.0 0 0 0
10.236 0x00 idle 0 0 0 0 0 0.0 0.0 100 10.0 0 0 0
10.276 0x00 idle 0 0 0 0 0 0.0 0.0 100 10.0 0 0 0
10.317 0x00 idle 0 0 0 0 0 0.0 0.0 100 10.0 0 0 0
10.352 0x00 idle 0 0 0 0 0 0.0 0.0 100 10.0 0 0 0
10.394 0x00 idle 0 0 0 0 0 0.0 0.0 100 10.0 0 0 0
10.433 0x00 idle 0 0 0 0 0 0.0 0.0 100 10.0 0 0 0
10.474 0x00 idle 0 0 0 0 0 0.0 0.0 100 10.0 0 0 0
10.518 0x00 idle 0 0 0 0 0 0.0 0.0 100 10.0 0 0 0
10.555 0x00 idle 0 0 0 0 0 0.0 0.0 100 10.0 0 0 0
10.593 0x00 idle 0 0 0 0 0 0.0 0.0 100 10.0 0 0 0
10.637 0x00 idle 0 0 0 0 0 0.0 0.0 100 10.0 0 0 0
10.676 0x00 idle 0 0 0 0 0 0.0 0.0 100 10.0 0 0 0
10.715 0x00 idle 0 0 0 0 0 0.0 0.0 100 10.0 0 0 0
10.753 0x00 idle 0 0 0 0 0 0.0 0.0 100 10.0 0 0 0
10.792 0x00 idle 0 0 0 0 0 0.0 0.0 100 10.0 0 0 0
10.837 0x00 idle 0 0 0 0 0 0.0 0.0 100 10.0 0 0 0
10.880 0x00 idle 0 0 0 0 0 0.0 0.0 100 10.0 0 0 0
10.916 0x00 idle 0 0 0 0 0 0.0 0.0 100 10.0 0 0 0
10.953 0x00 idle 0 0 0 0 0 0.0 0.0 100 10.0 0 0 0
10.995 0x00 idle 0 0 0 0 0 0.0 0.0 100 10.0 0 0 0
11.037 0x00 idle 0 0 0 0 0 0.0 0.0 100 10.0 0 0 0
11.076 0x00 idle 0 0 0 0 0 0.0 0.0 100 10.0 0 0 0
11.123 0x00 idle 0 0 0 0 0 0.0 0.0 100 10.0 0 0 0
11.158 0x00 idle 0 0 0 0 0 0.0 0.0 100 10.0 0 0 0
11.203 0x00 idle 0 0 0 0 0 0.0 0.0 100 10.0 0 0 0
11.240 0x00 idle 0 0 0 0 0 0.0 0.0 100 10.0 0 0 0
11.284 0x00 idle 0 0 0 0 0 0.0 0.0 100 10.0 0 0 0
11.315 0x00 idle 0 0 0 0 0 0.0 0.0 100 10.0 0 0 0
11.353 0x00 idle 0 0 0 0 0 0.0 0.0 100 10.0 0 0 0
11.395 0x00 idle 0 0 0 0 0 0.0 0.0 100 10.0 0 0 0
11.433 0x00 idle 0 0 0 0 0 0.0 0.0 100 10.0 0 0 0
11.478 0x00 idle 0 0 0 0 0 0.0 0.0 100 10.0 0 0 0
11.519 0x00 idle 0 0 0 0 0 0.0 0.0 100 10.0 0 0 0
11.567 0x00 idle 0 0 0 0 0 0.0 0.0 100 10.0 0 0 0
11.606 0x00 idle 0 0 0 0 0 0.0 0.0 100 10.0 0 0 0
11.637 0x00 idle 0 0 0 0 0 0.0 0.0 100 10.0 0 0 0
11.682 0x00 idle 0 0 0 0 0 0.0 0.0 100 10.0 0 0 0
11.716 0x00 idle 0 0 0 0 0 0.0 0.0 100 10.0 0 0 0
11.758 0x00 idle 0 0 0 0 0 0.0 0.0 100 10.0 0 0 0
11.798 0x00 idle 0 0 0 0 0 0.0 0.0 100 10.0 0 0 0
11.840 0x00 idle 0 0 0 0 0 0.0 0.0 100 10.0 0 0 0
11.877 0x00 idle 0 0 0 0 0 0.0 0.0 100 10.0 0 0 0
11.915 0x00 idle 0 0 0 0 0 0.0 0.0 100 10.0 0 0 0
11.958 0x00 idle 0 0 0 0 0 0.0 0.0 100 10.0 0 0 0
11.994 0x00 idle 0 0 0 0 0 0.0 0.0 100 10.0 0 0 0
12.048 0x00 idle 0 0 0 0 0 0.0 0.0 100 10.0 0 0 0
12.079 0x00 idle 0 0 0 0 0 0.0 0.0 100 10.0 0 0 0
12.127 0x00 idle 0 0 0 0 0 0.0 0.0 100 10.0 0 0 0
12.155 0x00 idle 0 0 0 0 0 0.0 0.0 100 10.0 0 0 0
12.208 0x00 idle 0 0 0 0 0 0.0 0.0 100 10.0 0 0 0
12.238 0x00 idle 0 0 0 0 0 0.0 0.0 100 10.0 0 0 0
12.282 0x00 idle 0 0 0 0 0 0.0 0.0 100 10.0 0 0 0
12.316 0x00 idle 0 0 0 0 0 0.0 0.0 100 10.0 0 0 0
12.358 0x00 idle 0 0 0 0 0 0.0 0.0 100 10.0 0 0 0
12.398 0x00 idle 0 0 0 0 0 0.0 0.0 100 10.0 0 0 0
12.434 0x00 idle 0 0 0 0 0 0.0 0.0 100 10.0 0 0 0
12.481 0x00 idle 0 0 0 0 0 0.0 0.0 100 10.0 0 0 0
12.519 0x00 idle 0 0 0 0 0 0.0 0.0 100 10.0 0 0 0
12.556 0x00 idle 0 0 0 0 0 0.0 0.0 100 10.0 0 0 0
12.594 0x00 idle 0 0 0 0 0 0.0 0.0 100 10.0 0 0 0
12.634 0x00 idle 0 0 0 0 0 0.0 0.0 100 10.0 0 0 0
12.675 0x00 idle 0 0 0 0 0 0.0 0.0 100 10.0 0 0 0
12.717 0x00 idle 0 0 0 0 0 0.0 0.0 100 10.0 0 0 0
12.757 0x00 idle 0 0 0 0 0 0.0 0.0 100 10.0 0 0 0
12.799 0x00 idle 0 0 0 0 0 0.0 0.0 100 10.0 0 0 0
12.835 0x00 idle 0 0 0 0 0 0.0 0.0 100 10.0 0 0 0
12.876 0x00 idle 0 0 0 0 0 0.0 0.0 100 10.0 0 0 0
12.915 0x00 idle 0 0 0 0 0 0.0 0.0 100 10.0 0 0 0
12.955 0x00 idle 0 0 0 0 0 0.0 0.0 100 10.0 0 0 0
12.994 0x00 idle 0 0 0 0 0 0.0 0.0 100 10.0 0 0 0
13.036 0x00 idle 0 0 0 0 0 0.0 0.0 100 10.0 0 0 0
13.078 0x00 idle 0 0 0 0 0 0.0 0.0 100 10.0 0 0 0
13.116 0x00 idle 0 0 0 0 0 0.0 0.0 100 10.0 0 0 0
13.159 0x00 idle 0 0 0 0 0 0.0 0.0 100 10.0 0 0 0
13.196 0x00 idle 0 0 0 0 0 0.0 0.0 100 10.0 0 0 0
13.236 0x00 idle 0 0 0 0 0 0.0 0.0 100 10.0 0 0 0
13.278 0x00 idle 0 0 0 0 0 0.0 0.0 100 10.0 0 0 0
13.318 0x00 idle 0 0 0 0 0 0.0 0.0 100 10.0 0 0 0
13.357 0x00 idle 0 0 0 0 0 0.0 0.0 100 10.0 0 0 0
13.395 0x00 idle 0 0 0 0 0 0.0 0.0 100 10.0 0 0 0
13.443 0x00 idle 0 0 0 0 0 0.0 0.0 100 10.0 0 0 0
13.476 0x00 idle 0 0 0 0 0 0.0 0.0 100 10.0 0 0 0
13.517 0x00 idle 0 0 0 0 0 0.0 0.0 100 10.0 0 0 0
13.554 0x00 idle 0 0 0 0 0 0.0 0.0 100 10.0 0 0 0
13.604 0x00 idle 0 0 0 0 0 0.0 0.0 100 10.0 0 0 0
13.637 0x00 idle 0 0 0 0 0 0.0 0.0 100 10.0 0 0 0
13.676 0x00 idle 0 0 0 0 0 0.0 0.0 100 10.0 0 0 0
13.714 0x00 idle 0 0 0 0 0 0.0 0.0 100 10.0 0 0 0
13.753 0x00 idle 0 0 0 0 0 0.0 0.0 100 10.0 0 0 0
13.796 0x00 idle 0 0 0 0 0 0.0 0.0 100 10.0 0 0 0
13.834 0x00 idle 0 0 0 0 0 0.0 0.0 100 10.0 0 0 0
13.874 0x00 idle 0 0 0 0 0 0.0 0.0 100 10.0 0 0 0
13.917 0x00 idle 0 0 0 0 0 0.0 0.0 100 10.0 0 0 0
13.954 0x00 idle 0 0 0 0 0 0.0 0.0 100 10.0 0 0 0
13.995 0x00 idle 0 0 0 0 0 0.0 0.0 100 10.0 0 0 0
14.036 0x00 idle 0 0 0 0 0 0.0 0.0 100 10.0 0 0 0
14.079 0x00 idle 0 0 0 0 0 0.0 0.0 100 10.0 0 0 0
14.115 0x00 idle 0 0 0 0 0 0.0 0.0 100 10.0 0 0 0
14.154 0x00 idle 0 0 0 0 0 0.0 0.0 100 10.0 0 0 0
14.209 0x00 idle 0 0 0 0 0 0.0 0.0 100 10.0 0 0 0

[tcp_trajectory]
elapsed_s x_m y_m z_m qx qy qz qw speed_m_s tf_stamp_s along_mm remaining_mm cross_track_mm progress waypoint phase
0.0014 -0.0775090 -1.6637310 0.6686850 -0.47859646 0.60102506 -0.48752459 -0.41476992 0.000000 1789452461.910097122 0.130 40.510 0.777 0.00000 -1 ACTUAL_TF
0.0256 -0.0775012 -1.6638282 0.6684351 -0.47859727 0.60101358 -0.48752471 -0.41478547 0.004794 1789452461.966047764 0.134 40.507 0.511 0.00000 -1 ACTUAL_TF
0.0902 -0.0775014 -1.6638940 0.6682481 -0.47860289 0.60100542 -0.48751960 -0.41479681 0.004416 1789452462.022126913 0.130 40.510 0.315 0.00000 -1 ACTUAL_TF
0.1385 -0.0775046 -1.6639082 0.6682020 -0.47860478 0.60100417 -0.48751672 -0.41479983 0.003351 1789452462.078126907 0.127 40.514 0.268 0.00000 -1 ACTUAL_TF
0.1933 -0.0775376 -1.6638306 0.6681807 -0.47862525 0.60101619 -0.48748796 -0.41479259 0.002812 1789452462.133977413 0.095 40.546 0.267 0.00000 -1 ACTUAL_TF
0.2509 -0.0775787 -1.6637410 0.6681565 -0.47864679 0.60103152 -0.48745329 -0.41478628 0.002512 1789452462.190027714 0.055 40.586 0.296 0.00000 -1 ACTUAL_TF
0.3086 -0.0776025 -1.6636903 0.6681428 -0.47865861 0.60104045 -0.48743341 -0.41478305 0.002067 1789452462.246059895 0.032 40.609 0.323 0.00000 -1 ACTUAL_TF
0.3640 -0.0776225 -1.6636608 0.6681423 -0.47866081 0.60104834 -0.48741949 -0.41478546 0.001638 1789452462.302023649 0.013 40.628 0.346 0.00000 -1 ACTUAL_TF
0.4205 -0.0776150 -1.6636543 0.6681528 -0.47865777 0.60105018 -0.48741679 -0.41478946 0.001224 1789452462.358015537 0.020 40.620 0.357 0.00000 -1 ACTUAL_TF
0.4828 -0.0775844 -1.6636501 0.6681628 -0.47865323 0.60104996 -0.48741668 -0.41479513 0.001031 1789452462.413938522 0.051 40.590 0.366 0.00000 -1 ACTUAL_TF
0.5324 -0.0775317 -1.6636390 0.6681668 -0.47865719 0.60104597 -0.48741881 -0.41479385 0.001011 1789452462.470058441 0.104 40.537 0.376 0.00000 -1 ACTUAL_TF
0.5909 -0.0774610 -1.6636399 0.6681716 -0.47865612 0.60104318 -0.48742250 -0.41479480 0.001087 1789452462.526077986 0.175 40.466 0.377 0.00000 -1 ACTUAL_TF
0.6504 -0.0773788 -1.6636463 0.6681773 -0.47864920 0.60104323 -0.48742467 -0.41480016 0.001200 1789452462.582520247 0.257 40.384 0.374 0.00000 -1 ACTUAL_TF
0.7007 -0.0772775 -1.6636593 0.6681799 -0.47864750 0.60103811 -0.48743336 -0.41479932 0.001392 1789452462.638083696 0.358 40.283 0.364 0.00000 -1 ACTUAL_TF
0.7585 -0.0771506 -1.6636613 0.6681588 -0.47865218 0.60105240 -0.48742092 -0.41478784 0.001663 1789452462.694089174 0.485 40.156 0.346 0.00000 -1 ACTUAL_TF
0.8158 -0.0770352 -1.6636763 0.6681661 -0.47864268 0.60104829 -0.48742920 -0.41479502 0.001791 1789452462.749932766 0.600 40.041 0.337 0.00000 -1 ACTUAL_TF
0.8674 -0.0768864 -1.6636914 0.6681710 -0.47863454 0.60104450 -0.48743747 -0.41480020 0.002053 1789452462.806065321 0.748 39.892 0.326 0.00000 -1 ACTUAL_TF
0.9234 -0.0767575 -1.6637005 0.6681667 -0.47863090 0.60104650 -0.48743858 -0.41480019 0.002130 1789452462.862034082 0.877 39.764 0.314 0.00000 -1 ACTUAL_TF
0.9790 -0.0765996 -1.6637117 0.6681631 -0.47862612 0.60104779 -0.48744113 -0.41480084 0.002341 1789452462.917957783 1.035 39.606 0.301 0.00000 -1 ACTUAL_TF
1.0390 -0.0764540 -1.6637266 0.6681659 -0.47862318 0.60104482 -0.48744870 -0.41479963 0.002422 1789452462.973979950 1.180 39.461 0.290 0.00000 -1 ACTUAL_TF
1.0883 -0.0762932 -1.6637386 0.6681639 -0.47861311 0.60104843 -0.48744920 -0.41480543 0.002551 1789452463.030567408 1.341 39.300 0.278 0.00000 -1 ACTUAL_TF
1.1561 -0.0761284 -1.6637421 0.6681510 -0.47861176 0.60105594 -0.48744408 -0.41480212 0.002678 1789452463.086104393 1.505 39.136 0.262 0.00000 -1 ACTUAL_TF
1.2062 -0.0759745 -1.6637476 0.6681484 -0.47861326 0.60105232 -0.48745023 -0.41479842 0.002700 1789452463.142096996 1.659 38.982 0.254 0.00000 -1 ACTUAL_TF
1.2690 -0.0758051 -1.6637563 0.6681469 -0.47860800 0.60105207 -0.48745395 -0.41480048 0.002799 1789452463.198083639 1.828 38.813 0.244 0.00000 -1 ACTUAL_TF
1.3182 -0.0756644 -1.6637546 0.6681371 -0.47860791 0.60105706 -0.48745000 -0.41479799 0.002716 1789452463.254021168 1.969 38.672 0.235 0.00000 -1 ACTUAL_TF
1.3778 -0.0754725 -1.6637562 0.6681309 -0.47861069 0.60105500 -0.48745249 -0.41479484 0.002928 1789452463.310113668 2.160 38.480 0.225 0.00000 -1 ACTUAL_TF
1.4297 -0.0753046 -1.6637607 0.6681264 -0.47861382 0.60105156 -0.48745843 -0.41478924 0.002950 1789452463.366100073 2.328 38.313 0.215 0.00000 -1 ACTUAL_TF
1.4920 -0.0751268 -1.6637628 0.6681223 -0.47860827 0.60105417 -0.48745644 -0.41479420 0.003017 1789452463.422106504 2.506 38.135 0.208 0.00000 -1 ACTUAL_TF
1.5441 -0.0749587 -1.6637653 0.6681166 -0.47861211 0.60105156 -0.48745949 -0.41478997 0.003016 1789452463.477961063 2.674 37.967 0.198 0.00000 -1 ACTUAL_TF
1.5960 -0.0747678 -1.6637665 0.6681124 -0.47861324 0.60104911 -0.48746069 -0.41479081 0.003133 1789452463.534036160 2.865 37.776 0.191 0.00000 -1 ACTUAL_TF
1.6599 -0.0745653 -1.6637634 0.6680981 -0.47861830 0.60105274 -0.48745684 -0.41478422 0.003282 1789452463.589944601 3.067 37.574 0.177 0.00000 -1 ACTUAL_TF
1.7094 -0.0744044 -1.6637629 0.6680913 -0.47861781 0.60105475 -0.48745307 -0.41478632 0.003157 1789452463.646118879 3.228 37.413 0.170 0.00000 -1 ACTUAL_TF
1.7646 -0.0741851 -1.6637645 0.6680882 -0.47862006 0.60104967 -0.48745732 -0.41478610 0.003385 1789452463.702138186 3.447 37.194 0.162 0.00000 -1 ACTUAL_TF
1.8253 -0.0740096 -1.6637667 0.6680842 -0.47862113 0.60104741 -0.48745844 -0.41478681 0.003310 1789452463.758111715 3.622 37.018 0.154 0.00000 -1 ACTUAL_TF
1.8799 -0.0738041 -1.6637669 0.6680746 -0.47862273 0.60104911 -0.48745563 -0.41478580 0.003420 1789452463.814074993 3.828 36.813 0.143 0.00000 -1 ACTUAL_TF
1.9307 -0.0736171 -1.6637645 0.6680639 -0.47862899 0.60104901 -0.48745551 -0.41477886 0.003396 1789452463.870152950 4.015 36.626 0.133 0.00000 -1 ACTUAL_TF
1.9895 -0.0734073 -1.6637599 0.6680549 -0.47862983 0.60105099 -0.48745315 -0.41477779 0.003503 1789452463.926123619 4.224 36.416 0.126 0.00000 -1 ACTUAL_TF
2.0470 -0.0731897 -1.6637630 0.6680498 -0.47863029 0.60104893 -0.48745488 -0.41477821 0.003620 1789452463.982025146 4.442 36.199 0.116 0.00000 -1 ACTUAL_TF
2.1058 -0.0730178 -1.6637601 0.6680395 -0.47862878 0.60105468 -0.48744888 -0.41477868 0.003458 1789452464.037997484 4.614 36.027 0.109 0.00000 -1 ACTUAL_TF
2.1549 -0.0727691 -1.6637646 0.6680404 -0.47863291 0.60104352 -0.48746023 -0.41477675 0.003755 1789452464.093914509 4.862 35.779 0.101 0.00000 -1 ACTUAL_TF
2.2137 -0.0726082 -1.6637624 0.6680322 -0.47862519 0.60105237 -0.48745125 -0.41478337 0.003491 1789452464.149953127 5.023 35.618 0.095 0.00000 -1 ACTUAL_TF
2.2656 -0.0723914 -1.6637617 0.6680225 -0.47862562 0.60105479 -0.48744787 -0.41478336 0.003603 1789452464.206088066 5.240 35.401 0.086 0.00000 -1 ACTUAL_TF
2.3249 -0.0722086 -1.6637628 0.6680201 -0.47862708 0.60105066 -0.48745093 -0.41478405 0.003503 1789452464.262012482 5.422 35.218 0.080 0.00000 -1 ACTUAL_TF
2.3826 -0.0720132 -1.6637680 0.6680118 -0.47861851 0.60105861 -0.48744329 -0.41479142 0.003498 1789452464.318108082 5.617 35.023 0.068 0.00000 -1 ACTUAL_TF
2.4426 -0.0718235 -1.6637641 0.6680032 -0.47862528 0.60105640 -0.48744183 -0.41478851 0.003469 1789452464.373956442 5.807 34.834 0.066 0.00000 -1 ACTUAL_TF
2.4935 -0.0716055 -1.6637677 0.6679963 -0.47862507 0.60105642 -0.48744018 -0.41479067 0.003596 1789452464.430028439 6.025 34.616 0.057 0.00000 -1 ACTUAL_TF
2.5555 -0.0713868 -1.6637678 0.6679885 -0.47863028 0.60105364 -0.48743723 -0.41479215 0.003687 1789452464.486149549 6.244 34.397 0.054 0.00000 -1 ACTUAL_TF
2.6073 -0.0712145 -1.6637587 0.6679800 -0.47865262 0.60104170 -0.48741725 -0.41480715 0.003507 1789452464.542096138 6.416 34.225 0.061 0.00000 -1 ACTUAL_TF
2.6628 -0.0709874 -1.6637534 0.6679759 -0.47867029 0.60102721 -0.48740967 -0.41481667 0.003669 1789452464.598248243 6.643 33.998 0.065 0.00000 -1 ACTUAL_TF
2.7221 -0.0707938 -1.6637394 0.6679616 -0.47868053 0.60102820 -0.48740631 -0.41480735 0.003616 1789452464.653964996 6.837 33.804 0.081 0.00000 -1 ACTUAL_TF
2.7747 -0.0705784 -1.6637425 0.6679592 -0.47867379 0.60103178 -0.48740640 -0.41480984 0.003684 1789452464.710016489 7.052 33.589 0.077 0.00000 -1 ACTUAL_TF
2.8281 -0.0704048 -1.6637336 0.6679479 -0.47867676 0.60103558 -0.48740294 -0.41480498 0.003509 1789452464.766218185 7.226 33.415 0.090 0.00000 -1 ACTUAL_TF
2.8829 -0.0701758 -1.6637285 0.6679453 -0.47867950 0.60102995 -0.48740861 -0.41480330 0.003687 1789452464.822033882 7.455 33.186 0.094 0.00000 -1 ACTUAL_TF
2.9406 -0.0700130 -1.6637230 0.6679409 -0.47867410 0.60103385 -0.48740578 -0.41480721 0.003453 1789452464.878118277 7.617 33.023 0.100 0.00000 -1 ACTUAL_TF
2.9994 -0.0697982 -1.6637159 0.6679350 -0.47867488 0.60103600 -0.48740510 -0.41480400 0.003572 1789452464.933974028 7.832 32.808 0.107 0.00000 -1 ACTUAL_TF
3.0592 -0.0695713 -1.6637105 0.6679285 -0.47867991 0.60103497 -0.48740635 -0.41479821 0.003716 1789452464.990006924 8.059 32.582 0.115 0.00000 -1 ACTUAL_TF
3.1064 -0.0694140 -1.6637100 0.6679250 -0.47867229 0.60103938 -0.48740412 -0.41480325 0.003442 1789452465.046162844 8.216 32.424 0.117 0.00000 -1 ACTUAL_TF
3.1668 -0.0691989 -1.6637048 0.6679242 -0.47867676 0.60103412 -0.48740949 -0.41479939 0.003564 1789452465.102083683 8.432 32.209 0.120 0.00000 -1 ACTUAL_TF
3.2253 -0.0690288 -1.6637051 0.6679250 -0.47867039 0.60103613 -0.48741011 -0.41480310 0.003407 1789452465.157991648 8.602 32.039 0.118 0.00000 -1 ACTUAL_TF
3.2724 -0.0688196 -1.6636985 0.6679229 -0.47867210 0.60103440 -0.48741168 -0.41480178 0.003506 1789452465.214036703 8.811 31.830 0.123 0.00000 -1 ACTUAL_TF
3.3300 -0.0686479 -1.6636981 0.6679220 -0.47866748 0.60103662 -0.48741199 -0.41480354 0.003376 1789452465.269894123 8.982 31.658 0.124 0.00000 -1 ACTUAL_TF
3.3869 -0.0684198 -1.6636886 0.6679163 -0.47867287 0.60103507 -0.48741303 -0.41479834 0.003583 1789452465.326050043 9.211 31.430 0.133 0.00000 -1 ACTUAL_TF
3.4451 -0.0682675 -1.6636925 0.6679189 -0.47866234 0.60103878 -0.48741102 -0.41480748 0.003326 1789452465.381977797 9.363 31.278 0.129 0.00000 -1 ACTUAL_TF
3.5020 -0.0680528 -1.6636975 0.6679229 -0.47866305 0.60103390 -0.48741852 -0.41480492 0.003477 1789452465.438059568 9.577 31.063 0.122 0.00000 -1 ACTUAL_TF
3.5598 -0.0678629 -1.6636966 0.6679183 -0.47865381 0.60104243 -0.48741297 -0.41480974 0.003450 1789452465.494138479 9.767 30.873 0.127 0.00000 -1 ACTUAL_TF
3.6176 -0.0676868 -1.6636952 0.6679191 -0.47865419 0.60104235 -0.48741395 -0.41480827 0.003358 1789452465.550128698 9.943 30.697 0.127 0.00000 -1 ACTUAL_TF
3.6692 -0.0674815 -1.6636950 0.6679208 -0.47864674 0.60104636 -0.48741169 -0.41481371 0.003451 1789452465.606133699 10.149 30.492 0.125 0.00000 -1 ACTUAL_TF
3.7287 -0.0672873 -1.6636902 0.6679268 -0.47865109 0.60103847 -0.48741981 -0.41481059 0.003457 1789452465.662116528 10.343 30.298 0.122 0.00000 -1 ACTUAL_TF
3.7767 -0.0670662 -1.6636886 0.6679300 -0.47865293 0.60103390 -0.48742578 -0.41480806 0.003606 1789452465.718036413 10.564 30.077 0.120 0.00000 -1 ACTUAL_TF
3.8325 -0.0668827 -1.6636841 0.6679309 -0.47865141 0.60103514 -0.48742664 -0.41480702 0.003508 1789452465.774018526 10.748 29.893 0.122 0.00000 -1 ACTUAL_TF
3.8903 -0.0666649 -1.6636762 0.6679317 -0.47865196 0.60103431 -0.48742770 -0.41480634 0.003624 1789452465.829982281 10.966 29.675 0.124 0.00000 -1 ACTUAL_TF
3.9463 -0.0664801 -1.6636739 0.6679341 -0.47865389 0.60103148 -0.48743134 -0.41480393 0.003528 1789452465.885914564 11.150 29.490 0.123 0.00000 -1 ACTUAL_TF
4.0041 -0.0662648 -1.6636730 0.6679370 -0.47865357 0.60103176 -0.48743299 -0.41480196 0.003622 1789452465.941982269 11.366 29.275 0.121 0.00000 -1 ACTUAL_TF
4.0632 -0.0660598 -1.6636652 0.6679363 -0.47865028 0.60103544 -0.48742953 -0.41480450 0.003632 1789452465.998105764 11.571 29.070 0.126 0.00000 -1 ACTUAL_TF
4.1196 -0.0658759 -1.6636588 0.6679377 -0.47865338 0.60103308 -0.48743194 -0.41480150 0.003529 1789452466.054059029 11.755 28.886 0.127 0.00000 -1 ACTUAL_TF
4.1760 -0.0656603 -1.6636529 0.6679394 -0.47865404 0.60103400 -0.48743190 -0.41479945 0.003626 1789452466.110039234 11.970 28.670 0.129 0.00000 -1 ACTUAL_TF
4.2321 -0.0654933 -1.6636519 0.6679420 -0.47864936 0.60103626 -0.48743085 -0.41480281 0.003432 1789452466.166107416 12.137 28.503 0.127 0.00000 -1 ACTUAL_TF
4.2888 -0.0652882 -1.6636490 0.6679454 -0.47864720 0.60103793 -0.48743065 -0.41480311 0.003502 1789452466.222045898 12.343 28.298 0.125 0.00000 -1 ACTUAL_TF
4.3438 -0.0651046 -1.6636520 0.6679552 -0.47864650 0.60103280 -0.48743806 -0.41480264 0.003437 1789452466.278044701 12.526 28.115 0.115 0.00000 -1 ACTUAL_TF
4.3989 -0.0649075 -1.6636488 0.6679538 -0.47864164 0.60104102 -0.48742977 -0.41480609 0.003462 1789452466.334031105 12.723 27.917 0.118 0.00000 -1 ACTUAL_TF
4.4604 -0.0647354 -1.6636470 0.6679599 -0.47864015 0.60103777 -0.48743399 -0.41480756 0.003346 1789452466.390042305 12.895 27.745 0.113 0.00000 -1 ACTUAL_TF
4.5057 -0.0645403 -1.6636488 0.6679678 -0.47863448 0.60103775 -0.48743650 -0.41481118 0.003388 1789452466.446072340 13.091 27.550 0.105 0.00000 -1 ACTUAL_TF
4.5650 -0.0642997 -1.6636486 0.6679735 -0.47864027 0.60103030 -0.48744474 -0.41480561 0.003659 1789452466.502137661 13.331 27.310 0.101 0.00000 -1 ACTUAL_TF
4.6257 -0.0641370 -1.6636410 0.6679751 -0.47863679 0.60103605 -0.48743904 -0.41480800 0.003435 1789452466.558078289 13.494 27.147 0.103 0.00000 -1 ACTUAL_TF
4.6750 -0.0639253 -1.6636370 0.6679804 -0.47863616 0.60103489 -0.48744001 -0.41480927 0.003540 1789452466.614041567 13.706 26.935 0.100 0.00000 -1 ACTUAL_TF
4.7319 -0.0637468 -1.6636391 0.6679857 -0.47863401 0.60103227 -0.48744306 -0.41481197 0.003436 1789452466.669960260 13.884 26.757 0.094 0.00000 -1 ACTUAL_TF
4.7929 -0.0635471 -1.6636370 0.6679924 -0.47863490 0.60103173 -0.48744218 -0.41481275 0.003473 1789452466.726086378 14.084 26.557 0.089 0.00000 -1 ACTUAL_TF
4.8434 -0.0633668 -1.6636343 0.6679992 -0.47864706 0.60102089 -0.48744065 -0.41481621 0.003399 1789452466.782040358 14.264 26.376 0.084 0.00000 -1 ACTUAL_TF
4.9024 -0.0631930 -1.6636312 0.6680118 -0.47868137 0.60099025 -0.48741175 -0.41485498 0.003286 1789452466.839689732 14.438 26.202 0.075 0.00000 -1 ACTUAL_TF
4.9529 -0.0629625 -1.6636311 0.6680204 -0.47868141 0.60098739 -0.48741909 -0.41485046 0.003574 1789452466.894022703 14.669 25.972 0.067 0.00000 -1 ACTUAL_TF
5.0108 -0.0627966 -1.6636247 0.6680202 -0.47867724 0.60099224 -0.48741627 -0.41485155 0.003391 1789452466.950011253 14.835 25.806 0.070 0.00000 -1 ACTUAL_TF
5.0755 -0.0625517 -1.6636220 0.6680321 -0.47868165 0.60098592 -0.48742679 -0.41484324 0.003687 1789452467.006038189 15.080 25.561 0.061 0.00000 -1 ACTUAL_TF
5.1281 -0.0623846 -1.6636109 0.6680309 -0.47867861 0.60099121 -0.48742257 -0.41484407 0.003477 1789452467.062081337 15.247 25.394 0.068 0.00000 -1 ACTUAL_TF
5.1767 -0.0621787 -1.6636078 0.6680356 -0.47867449 0.60099297 -0.48742438 -0.41484414 0.003540 1789452467.117956877 15.453 25.188 0.066 0.00000 -1 ACTUAL_TF
5.2427 -0.0620091 -1.6636083 0.6680393 -0.47867092 0.60099314 -0.48742771 -0.41484409 0.003384 1789452467.174121857 15.623 25.018 0.062 0.00000 -1 ACTUAL_TF
5.2918 -0.0617769 -1.6636048 0.6680415 -0.47867477 0.60099344 -0.48743139 -0.41483489 0.003614 1789452467.230073452 15.855 24.786 0.061 0.00000 -1 ACTUAL_TF
5.3548 -0.0616185 -1.6636001 0.6680407 -0.47866944 0.60100253 -0.48742495 -0.41483543 0.003378 1789452467.286153078 16.013 24.627 0.064 0.00000 -1 ACTUAL_TF
5.4107 -0.0613934 -1.6636009 0.6680462 -0.47866719 0.60100142 -0.48743081 -0.41483275 0.003572 1789452467.342070818 16.238 24.402 0.059 0.00000 -1 ACTUAL_TF
5.4599 -0.0611819 -1.6635893 0.6680504 -0.47866672 0.60100153 -0.48743256 -0.41483109 0.003635 1789452467.398113966 16.450 24.191 0.062 0.00000 -1 ACTUAL_TF
5.5226 -0.0610258 -1.6635951 0.6680533 -0.47865822 0.60100886 -0.48743019 -0.41483307 0.003382 1789452467.454050064 16.606 24.035 0.055 0.00000 -1 ACTUAL_TF
5.5724 -0.0608113 -1.6635905 0.6680475 -0.47866437 0.60101224 -0.48742857 -0.41482297 0.003515 1789452467.510204792 16.821 23.820 0.062 0.00000 -1 ACTUAL_TF
5.6394 -0.0606357 -1.6635929 0.6680561 -0.47865538 0.60101182 -0.48743325 -0.41482845 0.003402 1789452467.566198587 16.996 23.645 0.054 0.00000 -1 ACTUAL_TF
5.6901 -0.0604421 -1.6635916 0.6680641 -0.47864524 0.60101818 -0.48742967 -0.41483515 0.003421 1789452467.622123003 17.190 23.451 0.047 0.00000 -1 ACTUAL_TF
5.7515 -0.0602537 -1.6635783 0.6680518 -0.47865581 0.60102574 -0.48742326 -0.41481953 0.003411 1789452467.677981853 17.378 23.262 0.064 0.00000 -1 ACTUAL_TF
5.8069 -0.0600216 -1.6635775 0.6680605 -0.47865800 0.60102125 -0.48743079 -0.41481466 0.003633 1789452467.733933449 17.610 23.030 0.057 0.00000 -1 ACTUAL_TF
5.8539 -0.0598481 -1.6635771 0.6680678 -0.47865313 0.60101919 -0.48743482 -0.41481853 0.003472 1789452467.790004492 17.784 22.857 0.051 0.00000 -1 ACTUAL_TF
5.9119 -0.0596255 -1.6635737 0.6680665 -0.47865721 0.60102264 -0.48743556 -0.41480795 0.003587 1789452467.847790480 18.007 22.634 0.053 0.00000 -1 ACTUAL_TF
5.9646 -0.0594203 -1.6635639 0.6680659 -0.47865482 0.60102577 -0.48743148 -0.41481097 0.003645 1789452467.902103662 18.212 22.429 0.059 0.00000 -1 ACTUAL_TF
6.0216 -0.0592360 -1.6635669 0.6680702 -0.47865472 0.60102505 -0.48743689 -0.41480577 0.003539 1789452467.958108425 18.396 22.245 0.053 0.00000 -1 ACTUAL_TF
6.0777 -0.0590543 -1.6635637 0.6680674 -0.47864684 0.60103430 -0.48742799 -0.41481192 0.003454 1789452468.013944626 18.578 22.063 0.057 0.00000 -1 ACTUAL_TF
6.1350 -0.0588652 -1.6635598 0.6680744 -0.47865014 0.60102911 -0.48743466 -0.41480780 0.003425 1789452468.070296526 18.767 21.874 0.053 0.00000 -1 ACTUAL_TF
6.1862 -0.0586567 -1.6635584 0.6680772 -0.47864828 0.60103083 -0.48743573 -0.41480619 0.003518 1789452468.126162767 18.976 21.665 0.051 0.00000 -1 ACTUAL_TF
6.2508 -0.0584809 -1.6635557 0.6680777 -0.47864947 0.60103043 -0.48743768 -0.41480311 0.003404 1789452468.182141542 19.151 21.489 0.052 0.00000 -1 ACTUAL_TF
6.3062 -0.0582618 -1.6635549 0.6680836 -0.47864617 0.60103007 -0.48743952 -0.41480528 0.003560 1789452468.238044739 19.371 21.270 0.047 0.00000 -1 ACTUAL_TF
6.3575 -0.0580554 -1.6635499 0.6680839 -0.47865509 0.60102355 -0.48744578 -0.41479707 0.003598 1789452468.294027567 19.577 21.064 0.049 0.00000 -1 ACTUAL_TF
6.4121 -0.0578576 -1.6635464 0.6680857 -0.47864846 0.60103022 -0.48743993 -0.41480193 0.003578 1789452468.350044727 19.775 20.866 0.049 0.00000 -1 ACTUAL_TF
6.4672 -0.0576539 -1.6635506 0.6680928 -0.47864300 0.60103033 -0.48744222 -0.41480538 0.003597 1789452468.406044960 19.978 20.662 0.041 0.00000 -1 ACTUAL_TF
6.5247 -0.0574687 -1.6635453 0.6680917 -0.47864733 0.60102902 -0.48744477 -0.41479928 0.003507 1789452468.462232590 20.164 20.477 0.045 0.00000 -1 ACTUAL_TF
6.5868 -0.0572861 -1.6635457 0.6680986 -0.47863859 0.60103288 -0.48744232 -0.41480665 0.003435 1789452468.518144131 20.346 20.294 0.039 0.00000 -1 ACTUAL_TF
6.6355 -0.0571062 -1.6635431 0.6681037 -0.47863683 0.60103623 -0.48743964 -0.41480699 0.003370 1789452468.574076653 20.526 20.114 0.035 0.00000 -1 ACTUAL_TF
6.6943 -0.0568869 -1.6635371 0.6681035 -0.47863976 0.60103720 -0.48743909 -0.41480284 0.003535 1789452468.630070686 20.746 19.895 0.038 0.00000 -1 ACTUAL_TF
6.7611 -0.0567074 -1.6635382 0.6681152 -0.47863616 0.60103280 -0.48744466 -0.41480682 0.003436 1789452468.686164618 20.925 19.716 0.027 0.00000 -1 ACTUAL_TF
6.8134 -0.0565072 -1.6635336 0.6681140 -0.47863533 0.60103505 -0.48744119 -0.41480860 0.003478 1789452468.742195845 21.125 19.515 0.031 0.00000 -1 ACTUAL_TF
6.8648 -0.0562932 -1.6635276 0.6681118 -0.47863901 0.60104026 -0.48743504 -0.41480403 0.003583 1789452468.798124313 21.339 19.301 0.035 0.00000 -1 ACTUAL_TF
6.9171 -0.0561122 -1.6635195 0.6681153 -0.47864463 0.60103445 -0.48743485 -0.41480619 0.003481 1789452468.853996038 21.521 19.120 0.036 0.00000 -1 ACTUAL_TF
6.9716 -0.0558993 -1.6635248 0.6681245 -0.47866356 0.60101535 -0.48742808 -0.41481998 0.003577 1789452468.910042763 21.733 18.907 0.026 0.00000 -1 ACTUAL_TF
7.0299 -0.0557277 -1.6635154 0.6681258 -0.47867533 0.60100774 -0.48741922 -0.41482783 0.003424 1789452468.966113806 21.905 18.736 0.028 0.00000 -1 ACTUAL_TF
7.0890 -0.0554818 -1.6635126 0.6681328 -0.47867991 0.60099991 -0.48743030 -0.41482087 0.003716 1789452469.022043228 22.151 18.490 0.023 0.00000 -1 ACTUAL_TF
7.1391 -0.0553316 -1.6635071 0.6681343 -0.47866935 0.60100832 -0.48742484 -0.41482729 0.003402 1789452469.078359127 22.301 18.339 0.025 0.00000 -1 ACTUAL_TF
7.2003 -0.0551258 -1.6635022 0.6681343 -0.47866665 0.60101057 -0.48742485 -0.41482714 0.003488 1789452469.134170055 22.507 18.133 0.027 0.00000 -1 ACTUAL_TF
7.2520 -0.0549435 -1.6634994 0.6681359 -0.47866810 0.60101169 -0.48742765 -0.41482054 0.003421 1789452469.190035582 22.690 17.951 0.027 0.00000 -1 ACTUAL_TF
7.3157 -0.0547663 -1.6635013 0.6681391 -0.47865713 0.60101749 -0.48742539 -0.41482745 0.003343 1789452469.246095181 22.867 17.774 0.023 0.00000 -1 ACTUAL_TF
7.3653 -0.0545485 -1.6635014 0.6681429 -0.47865059 0.60102135 -0.48742553 -0.41482924 0.003506 1789452469.302152634 23.085 17.556 0.020 0.00000 -1 ACTUAL_TF
7.4202 -0.0543546 -1.6634913 0.6681370 -0.47865914 0.60102136 -0.48742621 -0.41481857 0.003496 1789452469.358093500 23.279 17.362 0.030 0.00000 -1 ACTUAL_TF
7.4781 -0.0541543 -1.6634925 0.6681445 -0.47865272 0.60102217 -0.48742919 -0.41482130 0.003519 1789452469.414215803 23.479 17.162 0.023 0.00000 -1 ACTUAL_TF
7.5381 -0.0539814 -1.6634921 0.6681463 -0.47864945 0.60102378 -0.48743028 -0.41482145 0.003391 1789452469.470103502 23.652 16.989 0.022 0.00000 -1 ACTUAL_TF
7.5923 -0.0537578 -1.6634830 0.6681497 -0.47865134 0.60102240 -0.48743354 -0.41481745 0.003572 1789452469.526130676 23.876 16.765 0.022 0.00000 -1 ACTUAL_TF
7.6451 -0.0535932 -1.6634778 0.6681454 -0.47864900 0.60102939 -0.48742981 -0.41481440 0.003383 1789452469.582135916 24.040 16.601 0.029 0.00000 -1 ACTUAL_TF
7.7004 -0.0533727 -1.6634787 0.6681556 -0.47864427 0.60102890 -0.48743308 -0.41481673 0.003550 1789452469.638154745 24.261 16.380 0.019 0.00000 -1 ACTUAL_TF
7.7566 -0.0531855 -1.6634763 0.6681556 -0.47864735 0.60102719 -0.48743719 -0.41481082 0.003490 1789452469.694077730 24.448 16.193 0.021 0.00000 -1 ACTUAL_TF
7.8151 -0.0529808 -1.6634747 0.6681599 -0.47864345 0.60102912 -0.48743868 -0.41481078 0.003541 1789452469.750021219 24.653 15.988 0.018 0.00000 -1 ACTUAL_TF
7.8732 -0.0527700 -1.6634598 0.6681579 -0.47864625 0.60102988 -0.48743666 -0.41480882 0.003608 1789452469.806163788 24.864 15.777 0.026 0.00000 -1 ACTUAL_TF
7.9255 -0.0525977 -1.6634569 0.6681585 -0.47864283 0.60103302 -0.48743423 -0.41481108 0.003451 1789452469.861992836 25.036 15.605 0.027 0.00000 -1 ACTUAL_TF
7.9814 -0.0523649 -1.6634523 0.6681627 -0.47865000 0.60102635 -0.48744221 -0.41480307 0.003664 1789452469.917977333 25.269 15.372 0.025 0.00000 -1 ACTUAL_TF
8.0365 -0.0521777 -1.6634466 0.6681665 -0.47864981 0.60102694 -0.48744375 -0.41480064 0.003564 1789452469.974223852 25.456 15.185 0.025 0.00000 -1 ACTUAL_TF
8.0936 -0.0519798 -1.6634404 0.6681666 -0.47864497 0.60103394 -0.48743611 -0.41480506 0.003560 1789452470.029987335 25.654 14.987 0.028 0.00000 -1 ACTUAL_TF
8.1534 -0.0517959 -1.6634376 0.6681670 -0.47864902 0.60103140 -0.48743768 -0.41480221 0.003472 1789452470.086274862 25.838 14.803 0.029 0.00000 -1 ACTUAL_TF
8.2035 -0.0515903 -1.6634370 0.6681767 -0.47864433 0.60102924 -0.48744036 -0.41480761 0.003536 1789452470.142126322 26.044 14.597 0.021 0.00000 -1 ACTUAL_TF
8.2595 -0.0514176 -1.6634379 0.6681823 -0.47864521 0.60102455 -0.48744144 -0.41481212 0.003401 1789452470.198095560 26.216 14.424 0.015 0.00000 -1 ACTUAL_TF
8.3213 -0.0512025 -1.6634310 0.6681807 -0.47866513 0.60101222 -0.48743092 -0.41481935 0.003533 1789452470.254108906 26.431 14.209 0.020 0.00000 -1 ACTUAL_TF
8.3698 -0.0509959 -1.6634294 0.6681870 -0.47867800 0.60100075 -0.48742088 -0.41483292 0.003582 1789452470.310080767 26.638 14.003 0.015 0.00000 -1 ACTUAL_TF
8.4297 -0.0508132 -1.6634284 0.6681885 -0.47867442 0.60100268 -0.48742208 -0.41483285 0.003486 1789452470.366099119 26.821 13.820 0.014 0.00000 -1 ACTUAL_TF
8.4827 -0.0506119 -1.6634260 0.6681912 -0.47867012 0.60100651 -0.48742188 -0.41483250 0.003517 1789452470.422142029 27.022 13.619 0.012 0.00000 -1 ACTUAL_TF
8.5440 -0.0504388 -1.6634217 0.6681900 -0.47867166 0.60100756 -0.48742286 -0.41482806 0.003391 1789452470.478080511 27.195 13.445 0.015 0.00000 -1 ACTUAL_TF
8.6029 -0.0502391 -1.6634214 0.6681976 -0.47866416 0.60100925 -0.48742528 -0.41483142 0.003444 1789452470.534076452 27.395 13.246 0.009 0.00000 -1 ACTUAL_TF
8.6536 -0.0500762 -1.6634244 0.6682024 -0.47865802 0.60101028 -0.48742786 -0.41483397 0.003285 1789452470.590028763 27.558 13.083 0.005 0.00000 -1 ACTUAL_TF
8.7198 -0.0498765 -1.6634193 0.6682007 -0.47865001 0.60101822 -0.48742310 -0.41483729 0.003368 1789452470.646075726 27.758 12.883 0.008 0.00000 -1 ACTUAL_TF
8.7701 -0.0496918 -1.6634138 0.6682044 -0.47864973 0.60101899 -0.48742471 -0.41483463 0.003347 1789452470.702144861 27.942 12.698 0.007 0.00000 -1 ACTUAL_TF
8.8244 -0.0494655 -1.6634068 0.6682092 -0.47865044 0.60101407 -0.48743239 -0.41483190 0.003558 1789452470.758025169 28.169 12.472 0.006 0.00000 -1 ACTUAL_TF
8.8761 -0.0492541 -1.6634054 0.6682133 -0.47864718 0.60101560 -0.48743335 -0.41483231 0.003623 1789452470.814067125 28.380 12.260 0.003 0.00000 -1 ACTUAL_TF
8.9352 -0.0490703 -1.6633969 0.6682159 -0.47865007 0.60101228 -0.48743802 -0.41482831 0.003520 1789452470.870154142 28.564 12.077 0.007 0.00000 -1 ACTUAL_TF
8.9935 -0.0488515 -1.6633962 0.6682229 -0.47864663 0.60101092 -0.48744383 -0.41482742 0.003640 1789452470.926021576 28.783 11.858 0.005 0.00000 -1 ACTUAL_TF
9.0407 -0.0486704 -1.6633974 0.6682224 -0.47864906 0.60101007 -0.48744661 -0.41482259 0.003514 1789452470.982241154 28.964 11.677 0.002 0.00000 -1 ACTUAL_TF
9.0991 -0.0484384 -1.6633887 0.6682234 -0.47864870 0.60101216 -0.48744760 -0.41481881 0.003708 1789452471.038043022 29.196 11.445 0.003 0.00000 -1 ACTUAL_TF
9.1566 -0.0482690 -1.6633837 0.6682261 -0.47864566 0.60101346 -0.48744690 -0.41482125 0.003503 1789452471.094077110 29.366 11.275 0.005 0.00000 -1 ACTUAL_TF
9.2144 -0.0480431 -1.6633787 0.6682282 -0.47864552 0.60101412 -0.48745001 -0.41481681 0.003664 1789452471.150025368 29.592 11.049 0.006 0.00000 -1 ACTUAL_TF
9.2765 -0.0478342 -1.6633725 0.6682279 -0.47864578 0.60101742 -0.48744826 -0.41481377 0.003682 1789452471.206135750 29.801 10.840 0.008 0.00000 -1 ACTUAL_TF
9.3314 -0.0476487 -1.6633657 0.6682286 -0.47865027 0.60101458 -0.48745139 -0.41480904 0.003572 1789452471.262154102 29.986 10.655 0.012 0.00000 -1 ACTUAL_TF
9.3785 -0.0474498 -1.6633706 0.6682368 -0.47864013 0.60102016 -0.48744849 -0.41481605 0.003561 1789452471.318473101 30.185 10.456 0.005 0.00000 -1 ACTUAL_TF
9.4403 -0.0472648 -1.6633751 0.6682393 -0.47864185 0.60101689 -0.48745297 -0.41481355 0.003491 1789452471.374076605 30.370 10.271 0.007 0.00000 -1 ACTUAL_TF
9.5026 -0.0470449 -1.6633652 0.6682289 -0.47865298 0.60102113 -0.48744474 -0.41480423 0.003623 1789452471.430130720 30.590 10.051 0.008 0.00000 -1 ACTUAL_TF
9.5511 -0.0468771 -1.6633640 0.6682409 -0.47865997 0.60100989 -0.48743910 -0.41481908 0.003439 1789452471.486049891 30.758 9.883 0.003 0.00000 -1 ACTUAL_TF
9.6123 -0.0466861 -1.6633530 0.6682381 -0.47868399 0.60099722 -0.48741495 -0.41483810 0.003431 1789452471.542104721 30.949 9.692 0.007 0.00000 -1 ACTUAL_TF
9.6622 -0.0464975 -1.6633435 0.6682353 -0.47868738 0.60099826 -0.48741723 -0.41483000 0.003410 1789452471.598288536 31.138 9.503 0.014 0.00000 -1 ACTUAL_TF
9.7317 -0.0463165 -1.6633467 0.6682375 -0.47867684 0.60100730 -0.48741340 -0.41483356 0.003360 1789452471.654087782 31.319 9.322 0.009 0.00000 -1 ACTUAL_TF
9.7812 -0.0461121 -1.6633404 0.6682334 -0.47867266 0.60101729 -0.48740710 -0.41483131 0.003448 1789452471.710102558 31.523 9.118 0.015 0.00000 -1 ACTUAL_TF
9.8289 -0.0459360 -1.6633457 0.6682408 -0.47866813 0.60101425 -0.48741486 -0.41483184 0.003356 1789452471.766262770 31.699 8.942 0.007 0.00000 -1 ACTUAL_TF
9.8924 -0.0457279 -1.6633387 0.6682404 -0.47866609 0.60101937 -0.48741317 -0.41482876 0.003465 1789452471.822216988 31.907 8.734 0.010 0.00000 -1 ACTUAL_TF
9.9414 -0.0455727 -1.6633310 0.6682349 -0.47866102 0.60103006 -0.48740441 -0.41482940 0.003258 1789452471.878261805 32.062 8.578 0.018 0.00000 -1 ACTUAL_TF
9.9950 -0.0453548 -1.6633255 0.6682359 -0.47865923 0.60103037 -0.48740781 -0.41482703 0.003452 1789452471.934076071 32.280 8.360 0.020 0.00000 -1 ACTUAL_TF
10.0473 -0.0451525 -1.6633125 0.6682317 -0.47867013 0.60102714 -0.48741051 -0.41481595 0.003502 1789452471.990087748 32.483 8.158 0.030 0.00000 -1 ACTUAL_TF
10.1103 -0.0449227 -1.6633081 0.6682353 -0.47866671 0.60102880 -0.48741339 -0.41481411 0.003683 1789452472.046094179 32.713 7.928 0.029 0.00000 -1 ACTUAL_TF
10.1694 -0.0447265 -1.6633090 0.6682430 -0.47866786 0.60102114 -0.48742355 -0.41481194 0.003627 1789452472.102289200 32.909 7.732 0.022 0.00000 -1 ACTUAL_TF
10.2204 -0.0445119 -1.6633041 0.6682439 -0.47866590 0.60102177 -0.48742680 -0.41480948 0.003693 1789452472.158052683 33.124 7.517 0.023 0.00000 -1 ACTUAL_TF
10.2741 -0.0443007 -1.6632936 0.6682409 -0.47866666 0.60102458 -0.48742492 -0.41480674 0.003719 1789452472.214031696 33.335 7.306 0.031 0.00000 -1 ACTUAL_TF
10.3342 -0.0441365 -1.6632956 0.6682420 -0.47866056 0.60103193 -0.48742052 -0.41480831 0.003483 1789452472.270005941 33.499 7.142 0.029 0.00000 -1 ACTUAL_TF
10.3918 -0.0439240 -1.6632921 0.6682464 -0.47865720 0.60103046 -0.48742451 -0.41480962 0.003576 1789452472.326042414 33.712 6.929 0.026 0.00000 -1 ACTUAL_TF
10.4503 -0.0437269 -1.6632939 0.6682572 -0.47865574 0.60102481 -0.48743333 -0.41480913 0.003560 1789452472.382088184 33.909 6.732 0.016 0.00000 -1 ACTUAL_TF
10.5012 -0.0435221 -1.6632878 0.6682536 -0.47865603 0.60102830 -0.48743009 -0.41480755 0.003591 1789452472.438035488 34.114 6.527 0.022 0.00000 -1 ACTUAL_TF
10.5626 -0.0433297 -1.6632869 0.6682566 -0.47866023 0.60102292 -0.48743598 -0.41480357 0.003539 1789452472.494318247 34.306 6.335 0.020 0.00000 -1 ACTUAL_TF
10.6242 -0.0431237 -1.6632803 0.6682549 -0.47865999 0.60102518 -0.48743232 -0.41480486 0.003587 1789452472.550028086 34.512 6.129 0.024 0.00000 -1 ACTUAL_TF
10.6722 -0.0429725 -1.6632721 0.6682501 -0.47865808 0.60103324 -0.48741968 -0.41481025 0.003321 1789452472.606130838 34.663 5.977 0.032 0.00000 -1 ACTUAL_TF
10.7307 -0.0427704 -1.6632756 0.6682619 -0.47868304 0.60100822 -0.48740663 -0.41483304 0.003398 1789452472.662752151 34.865 5.775 0.020 0.00000 -1 ACTUAL_TF
10.7768 -0.0425323 -1.6632743 0.6682684 -0.47868787 0.60100077 -0.48741601 -0.41482723 0.003670 1789452472.718073606 35.104 5.537 0.015 0.00000 -1 ACTUAL_TF
10.8359 -0.0423700 -1.6632693 0.6682640 -0.47868479 0.60100854 -0.48740955 -0.41482712 0.003437 1789452472.774176359 35.266 5.375 0.021 0.00000 -1 ACTUAL_TF
10.8982 -0.0421693 -1.6632669 0.6682679 -0.47867577 0.60101474 -0.48740831 -0.41482999 0.003483 1789452472.830100060 35.467 5.174 0.019 0.00000 -1 ACTUAL_TF
10.9458 -0.0419810 -1.6632634 0.6682711 -0.47867714 0.60101149 -0.48741494 -0.41482533 0.003444 1789452472.886324883 35.655 4.986 0.018 0.00000 -1 ACTUAL_TF
11.0060 -0.0417780 -1.6632611 0.6682738 -0.47867322 0.60101222 -0.48741711 -0.41482624 0.003505 1789452472.941986322 35.858 4.783 0.017 0.00000 -1 ACTUAL_TF
11.0632 -0.0416265 -1.6632711 0.6682808 -0.47865793 0.60102078 -0.48741519 -0.41483376 0.003265 1789452472.998130322 36.009 4.631 0.012 0.00000 -1 ACTUAL_TF
11.1260 -0.0414226 -1.6632651 0.6682787 -0.47865514 0.60102517 -0.48741307 -0.41483309 0.003381 1789452473.054016590 36.213 4.427 0.014 0.00000 -1 ACTUAL_TF
11.1777 -0.0412314 -1.6632633 0.6682830 -0.47865439 0.60102521 -0.48741579 -0.41483071 0.003391 1789452473.110034943 36.405 4.236 0.013 0.00000 -1 ACTUAL_TF
11.2302 -0.0410135 -1.6632632 0.6682884 -0.47865196 0.60102179 -0.48742290 -0.41483012 0.003541 1789452473.166035414 36.622 4.018 0.013 0.00000 -1 ACTUAL_TF
11.2833 -0.0407754 -1.6632548 0.6682906 -0.47865707 0.60101849 -0.48742861 -0.41482228 0.003756 1789452473.222015619 36.861 3.780 0.010 0.00000 -1 ACTUAL_TF
11.3401 -0.0405719 -1.6632467 0.6682923 -0.47866371 0.60101265 -0.48743557 -0.41481493 0.003718 1789452473.278135061 37.064 3.576 0.009 0.00000 -1 ACTUAL_TF
11.3999 -0.0403549 -1.6632495 0.6683021 -0.47865343 0.60101372 -0.48743954 -0.41482055 0.003770 1789452473.333944798 37.281 3.359 0.008 0.00000 -1 ACTUAL_TF
11.4628 -0.0401891 -1.6632414 0.6682982 -0.47865531 0.60101766 -0.48743460 -0.41481849 0.003526 1789452473.390121460 37.447 3.194 0.007 0.00000 -1 ACTUAL_TF
11.5147 -0.0399634 -1.6632380 0.6682999 -0.47865765 0.60101681 -0.48743734 -0.41481379 0.003675 1789452473.446248770 37.673 2.968 0.008 0.00000 -1 ACTUAL_TF
11.5712 -0.0398068 -1.6632362 0.6683021 -0.47865075 0.60102150 -0.48743313 -0.41481992 0.003411 1789452473.502243280 37.829 2.811 0.008 0.00000 -1 ACTUAL_TF
11.6269 -0.0395998 -1.6632307 0.6683038 -0.47865096 0.60102034 -0.48743184 -0.41482285 0.003498 1789452473.558184862 38.037 2.604 0.008 0.00000 -1 ACTUAL_TF
11.6805 -0.0393778 -1.6632231 0.6683075 -0.47866078 0.60101322 -0.48742814 -0.41482620 0.003641 1789452473.614114046 38.259 2.382 0.005 0.00000 -1 ACTUAL_TF
11.7445 -0.0392003 -1.6632204 0.6683127 -0.47867426 0.60100027 -0.48741980 -0.41483920 0.003501 1789452473.670079947 38.436 2.204 0.002 0.00000 -1 ACTUAL_TF
11.7918 -0.0389876 -1.6632164 0.6683084 -0.47867736 0.60100192 -0.48741950 -0.41483358 0.003591 1789452473.726038218 38.649 1.992 0.008 0.00000 -1 ACTUAL_TF
11.8514 -0.0388113 -1.6632115 0.6683104 -0.47867486 0.60100315 -0.48742011 -0.41483398 0.003457 1789452473.782153606 38.825 1.815 0.008 0.00000 -1 ACTUAL_TF
11.8998 -0.0386021 -1.6632142 0.6683186 -0.47866868 0.60100292 -0.48742517 -0.41483551 0.003542 1789452473.838109255 39.034 1.606 0.006 0.00000 -1 ACTUAL_TF
11.9619 -0.0384536 -1.6632122 0.6683172 -0.47865849 0.60101331 -0.48741873 -0.41483976 0.003276 1789452473.894055128 39.183 1.458 0.008 0.00000 -1 ACTUAL_TF
12.0136 -0.0382310 -1.6632073 0.6683156 -0.47866012 0.60101618 -0.48741934 -0.41483302 0.003486 1789452473.950066328 39.406 1.235 0.010 0.00000 -1 ACTUAL_TF
12.0735 -0.0380376 -1.6632037 0.6683185 -0.47865980 0.60101432 -0.48742529 -0.41482908 0.003475 1789452474.006138325 39.599 1.042 0.010 0.00000 -1 ACTUAL_TF
12.1282 -0.0378254 -1.6631955 0.6683196 -0.47866027 0.60101628 -0.48742581 -0.41482509 0.003570 1789452474.062161207 39.811 0.829 0.009 0.00000 -1 ACTUAL_TF
12.1810 -0.0376363 -1.6631926 0.6683138 -0.47866422 0.60101906 -0.48742566 -0.41481669 0.003513 1789452474.118122101 40.000 0.640 0.016 0.00000 -1 ACTUAL_TF
12.2390 -0.0374226 -1.6631931 0.6683255 -0.47865917 0.60101480 -0.48743431 -0.41481852 0.003606 1789452474.174088240 40.214 0.427 0.009 0.00000 -1 ACTUAL_TF
12.2981 -0.0372279 -1.6631859 0.6683238 -0.47865650 0.60101912 -0.48743226 -0.41481775 0.003563 1789452474.230383873 40.409 0.232 0.011 0.00000 -1 ACTUAL_TF
12.3516 -0.0370491 -1.6631725 0.6683183 -0.47865898 0.60102403 -0.48742759 -0.41481327 0.003458 1789452474.286207438 40.588 0.053 0.019 0.00000 -1 ACTUAL_TF
12.4045 -0.0368370 -1.6631692 0.6683239 -0.47865703 0.60102341 -0.48743030 -0.41481322 0.003561 1789452474.342036486 40.800 -0.159 0.015 0.00000 -1 ACTUAL_TF
12.4635 -0.0366703 -1.6631694 0.6683239 -0.47865572 0.60102251 -0.48743213 -0.41481389 0.003385 1789452474.398084402 40.967 -0.326 0.016 0.00000 -1 ACTUAL_TF
12.5268 -0.0364672 -1.6631608 0.6683273 -0.47865227 0.60102573 -0.48742821 -0.41481780 0.003448 1789452474.454636812 41.170 -0.529 0.016 0.00000 -1 ACTUAL_TF
12.5743 -0.0362659 -1.6631590 0.6683352 -0.47865750 0.60101506 -0.48743845 -0.41481521 0.003504 1789452474.510036469 41.371 -0.731 0.010 0.00000 -1 ACTUAL_TF
12.6327 -0.0360442 -1.6631488 0.6683357 -0.47866979 0.60100914 -0.48743174 -0.41481747 0.003642 1789452474.566068649 41.593 -0.953 0.016 0.00000 -1 ACTUAL_TF
12.6896 -0.0358451 -1.6631456 0.6683422 -0.47868211 0.60099855 -0.48741603 -0.41483706 0.003616 1789452474.622097492 41.792 -1.152 0.013 0.00000 -1 ACTUAL_TF
12.7448 -0.0356547 -1.6631405 0.6683472 -0.47868351 0.60099376 -0.48742300 -0.41483421 0.003553 1789452474.678015471 41.983 -1.342 0.013 0.00000 -1 ACTUAL_TF
12.8040 -0.0354372 -1.6631376 0.6683510 -0.47868079 0.60099222 -0.48742846 -0.41483316 0.003649 1789452474.734170437 42.200 -1.560 0.012 0.00000 -1 ACTUAL_TF
12.8515 -0.0352760 -1.6631389 0.6683505 -0.47867123 0.60100080 -0.48742361 -0.41483747 0.003421 1789452474.790043592 42.362 -1.721 0.008 0.00000 -1 ACTUAL_TF
12.9115 -0.0350623 -1.6631323 0.6683529 -0.47866844 0.60100388 -0.48742396 -0.41483582 0.003538 1789452474.846127987 42.575 -1.935 0.010 0.00000 -1 ACTUAL_TF
12.9719 -0.0348636 -1.6631321 0.6683567 -0.47866904 0.60100006 -0.48743302 -0.41482999 0.003538 1789452474.902296305 42.774 -2.133 0.006 0.00000 -1 ACTUAL_TF
13.0212 -0.0346664 -1.6631318 0.6683570 -0.47865834 0.60100790 -0.48742988 -0.41483467 0.003534 1789452474.958237171 42.971 -2.330 0.004 0.00000 -1 ACTUAL_TF
13.0824 -0.0344875 -1.6631236 0.6683575 -0.47866115 0.60100670 -0.48743243 -0.41483017 0.003436 1789452475.014061213 43.150 -2.510 0.009 0.00000 -1 ACTUAL_TF
13.1338 -0.0342843 -1.6631137 0.6683483 -0.47866206 0.60101781 -0.48742401 -0.41482293 0.003495 1789452475.070125580 43.354 -2.713 0.020 0.00000 -1 ACTUAL_TF
13.1956 -0.0340812 -1.6631281 0.6683634 -0.47865124 0.60101406 -0.48743400 -0.41482910 0.003542 1789452475.126069546 43.557 -2.916 0.005 0.00000 -1 ACTUAL_TF
13.2477 -0.0339342 -1.6631139 0.6683501 -0.47865183 0.60102829 -0.48741963 -0.41482469 0.003273 1789452475.182120085 43.704 -3.063 0.018 0.00000 -1 ACTUAL_TF
13.3017 -0.0337285 -1.6631118 0.6683542 -0.47865132 0.60102517 -0.48742486 -0.41482365 0.003392 1789452475.238158464 43.909 -3.269 0.016 0.00000 -1 ACTUAL_TF
13.3570 -0.0335464 -1.6631066 0.6683588 -0.47865409 0.60102272 -0.48742962 -0.41481841 0.003352 1789452475.294072628 44.091 -3.451 0.014 0.00000 -1 ACTUAL_TF
13.4210 -0.0333595 -1.6630909 0.6683485 -0.47866300 0.60102726 -0.48742049 -0.41481228 0.003352 1789452475.350113630 44.279 -3.638 0.031 0.00000 -1 ACTUAL_TF
13.4766 -0.0331976 -1.6630863 0.6683528 -0.47866784 0.60102152 -0.48742279 -0.41481231 0.003215 1789452475.406071186 44.441 -3.800 0.030 0.00000 -1 ACTUAL_TF
13.5243 -0.0330233 -1.6630901 0.6683609 -0.47868369 0.60100410 -0.48741747 -0.41482551 0.003186 1789452475.462075949 44.615 -3.974 0.020 0.00000 -1 ACTUAL_TF
13.5787 -0.0329034 -1.6630858 0.6683582 -0.47868788 0.60100650 -0.48740437 -0.41483260 0.002872 1789452475.518126011 44.735 -4.094 0.025 0.00000 -1 ACTUAL_TF
13.6416 -0.0327548 -1.6630810 0.6683520 -0.47868768 0.60101412 -0.48739852 -0.41482865 0.002808 1789452475.574131012 44.883 -4.243 0.032 0.00000 -1 ACTUAL_TF
13.6928 -0.0325975 -1.6630752 0.6683528 -0.47868821 0.60101481 -0.48739933 -0.41482610 0.002810 1789452475.630049467 45.041 -4.400 0.034 0.00000 -1 ACTUAL_TF
13.7478 -0.0324969 -1.6630755 0.6683541 -0.47868261 0.60102061 -0.48739652 -0.41482746 0.002507 1789452475.685896158 45.141 -4.501 0.033 0.00000 -1 ACTUAL_TF
13.8123 -0.0323814 -1.6630692 0.6683511 -0.47868175 0.60102399 -0.48739464 -0.41482576 0.002372 1789452475.742139816 45.257 -4.616 0.039 0.00000 -1 ACTUAL_TF
13.8578 -0.0322963 -1.6630739 0.6683574 -0.47867759 0.60102432 -0.48739892 -0.41482507 0.002117 1789452475.798343182 45.342 -4.701 0.030 0.00000 -1 ACTUAL_TF
13.9165 -0.0322011 -1.6630720 0.6683581 -0.47867886 0.60102314 -0.48740158 -0.41482216 0.001994 1789452475.854150772 45.437 -4.796 0.031 0.00000 -1 ACTUAL_TF
13.9754 -0.0321510 -1.6630661 0.6683541 -0.47868062 0.60102452 -0.48739908 -0.41482108 0.001667 1789452475.910002708 45.487 -4.847 0.037 0.00000 -1 ACTUAL_TF
14.0284 -0.0320936 -1.6630682 0.6683567 -0.47868059 0.60102316 -0.48740306 -0.41481841 0.001474 1789452475.966150522 45.545 -4.904 0.034 0.00000 -1 ACTUAL_TF
14.0878 -0.0320647 -1.6630674 0.6683593 -0.47868102 0.60102276 -0.48740284 -0.41481875 0.001188 1789452476.022024393 45.574 -4.933 0.032 0.00000 -1 ACTUAL_TF
14.1355 -0.0320403 -1.6630691 0.6683582 -0.47868021 0.60102347 -0.48740346 -0.41481793 0.000963 1789452476.078054905 45.598 -4.957 0.032 0.00000 -1 ACTUAL_TF
14.2151 -0.0320215 -1.6630738 0.6683634 -0.47867789 0.60102246 -0.48740638 -0.41481864 0.000782 1789452476.133976460 45.617 -4.976 0.025 0.00000 -1 ACTUAL_TF
