WELD FEEDBACK LOG
result=operator stop
started=2026-09-16 12:10:38
ended=2026-09-16 12:10:43
elapsed_seconds=5.047

================ OPERATOR OVERVIEW ================
REQUESTED : 190 A / 23.5 V · FE-SOLID 1.2 mm · LSM · CO2 100%
RX ECHO   : 190 A / 23.5 V · MATCH=YES
CURRENT FB: no positive feedback A
VOLTAGE FB: no positive feedback V
WIRE FEED : no positive feedback m/min
ARC ON    : 4.919 s
NET WELD  : 0.000 s
WIRE USED : 0.000 mm (base 0.000 + alpha 0.000)
WCR       : NOT DETECTED
SAMPLES   : RX 127 / welding 0 / TCP 56
===================================================

[commanded]
current_a=190
voltage_tenths=235
voltage=23.5
material=FE-SOLID
diameter_mm=1.2
mode=LSM
gas=CO2 100%
synergic=False
correction=0.0
hot_start_enabled=True
hot_start_percent=10.0
hot_start_hold_adjustment=-1
crater_enabled=False
crater_percent=31.57894736842105
crater_current_a=60.0
crater_voltage_v=25.0
crater_seconds=1.0
wire_consumable_alpha_mm=0.0
hot_start_current_a=209

[rx_setting_echo]
current_a=190
voltage_v=23.5
hot_start_current_a=0
hot_start_hold_adjustment=-15

[rx_welding_setting_echo]
current_a=190
voltage_v=23.5
hot_start_current_a=0
hot_start_hold_adjustment=-15

[execution_conditions]
mode=sequence_execute
run_all=True
touch_io_backend=fastech_ethernet
touch_input_port=4
touch_sensing_output_port=0
fastech_ip=192.168.0.3
fastech_poll_target_hz=100.0
hicomm_source_ip=192.168.1.2
hicomm_welder_ip=192.168.1.10
hicomm_port=60000
gui_velocity_percent=36.95263157894737
gui_speed_mode=scale
gui_tcp_speed_mm_s=10.0
gui_interpolation_step_mm=5.0
seam_orientation_mode=Wait poses + fixed World-XYZ tilt
weld_fixed_tilt_x_deg=0.0
weld_fixed_tilt_y_deg=0.0
weld_fixed_tilt_z_deg=-0.0
weld_weave_enabled=True
weld_weave_pattern=sine
capping_width_mm=2.0
capping_pitch_mm=5.0
capping_left_dwell_s=0.2
capping_right_dwell_s=0.2
weld_weave_amplitude_mm=3.0
weld_weave_cycles=8
weld_weave_samples_per_cycle=8
weld_weave_axis=tool_x
weld_lead_in_mm=0.0
weld_lead_out_mm=5.0
weld_safe_approach_mm=31.0
weld_approach_mode=taught_wait
weld_pre_start_lead_mm=0.0
weld_tcp_speed_mm_s=3.5
weld_arc_off_delay_ms=500.0
tcp_tracking.parent_frame=World
tcp_tracking.child_frame=right_manipulator_ee_point
tcp_tracking.timestamp_source=TF_header_stamp
initial_fastech_di0=False
initial_fastech_do0=True
robot_connected.left=True
robot_connected.right=True
robot_connected.head=True
hicomm_connected=True
execution_allowed=True
steps[0].sequence_number=1
steps[0].type=named_pose
steps[0].parallel_slot=1
steps[0].duration=0.0
steps[0].planning_group=right_manipulator
steps[0].velocity_scale=0.3695263157894737
steps[0].tcp_speed_m_s=0.0
steps[0].pose_name=weld_start_wait
steps[0].pose_label=3 · Weld start wait pose
steps[0].touch_guard=False
steps[0].continue_after_touch=False
steps[0].weld_scenario_id=weld-11286601854604
steps[0].weld_scenario_stage=start_wait
steps[0].target_tcp.position_m.x=0.1584453369077392
steps[0].target_tcp.position_m.y=-1.668706269510984
steps[0].target_tcp.position_m.z=0.6794388934220492
steps[0].target_tcp.orientation_xyzw.x=-0.40915278981783126
steps[0].target_tcp.orientation_xyzw.y=0.6649552253689487
steps[0].target_tcp.orientation_xyzw.z=-0.535291590956429
steps[0].target_tcp.orientation_xyzw.w=-0.322321974879392
steps[0].joint_names[0]=right_manipulator_joint1
steps[0].joint_names[1]=right_manipulator_joint2
steps[0].joint_names[2]=right_manipulator_joint3
steps[0].joint_names[3]=right_manipulator_joint4
steps[0].joint_names[4]=right_manipulator_joint5
steps[0].joint_names[5]=right_manipulator_joint6
steps[0].joint_positions_rad[0]=5.283645023689957
steps[0].joint_positions_rad[1]=1.3016661886211405
steps[0].joint_positions_rad[2]=1.8412402023343888
steps[0].joint_positions_rad[3]=3.7030714335850523
steps[0].joint_positions_rad[4]=1.3509738172556307
steps[0].joint_positions_rad[5]=1.5251148583006584
steps[1].sequence_number=2
steps[1].type=motion
steps[1].parallel_slot=2
steps[1].duration=0.0
steps[1].planning_group=right_manipulator
steps[1].velocity_scale=0.3695263157894737
steps[1].tcp_speed_m_s=0.0
steps[1].interpolation_step=0.005
steps[1].path_kind=taught_wait_align_weld_attitude
steps[1].touch_guard=False
steps[1].continue_after_touch=False
steps[1].accept_initial_touch=False
steps[1].weld_scenario_id=weld-11286601854604
steps[1].weld_scenario_stage=start_safe
steps[1].waypoint_count=1
steps[1].waypoints[0].position_m.x=0.1584453369077392
steps[1].waypoints[0].position_m.y=-1.668706269510984
steps[1].waypoints[0].position_m.z=0.6794388934220492
steps[1].waypoints[0].orientation_xyzw.x=-0.40915278981783126
steps[1].waypoints[0].orientation_xyzw.y=0.6649552253689487
steps[1].waypoints[0].orientation_xyzw.z=-0.535291590956429
steps[1].waypoints[0].orientation_xyzw.w=-0.322321974879392
steps[2].sequence_number=3
steps[2].type=motion
steps[2].parallel_slot=3
steps[2].duration=0.0
steps[2].planning_group=right_manipulator
steps[2].velocity_scale=0.3695263157894737
steps[2].tcp_speed_m_s=0.0
steps[2].interpolation_step=0.005
steps[2].path_kind=taught_wait_to_weld_start
steps[2].touch_guard=False
steps[2].continue_after_touch=True
steps[2].accept_initial_touch=False
steps[2].weld_scenario_id=weld-11286601854604
steps[2].weld_scenario_stage=start_contact
steps[2].waypoint_count=1
steps[2].waypoints[0].position_m.x=0.14810295874063228
steps[2].waypoints[0].position_m.y=-1.668706269510984
steps[2].waypoints[0].position_m.z=0.6779273593211765
steps[2].waypoints[0].orientation_xyzw.x=-0.40915278981783126
steps[2].waypoints[0].orientation_xyzw.y=0.6649552253689487
steps[2].waypoints[0].orientation_xyzw.z=-0.535291590956429
steps[2].waypoints[0].orientation_xyzw.w=-0.322321974879392
steps[3].sequence_number=4
steps[3].type=digital_weld
steps[3].parallel_slot=5
steps[3].duration=0.0
steps[3].command=on
steps[3].weld_scenario_id=weld-11286601854604
steps[3].weld_scenario_stage=arc_on
steps[3].settings.current_a=190
steps[3].settings.voltage_tenths=235
steps[3].settings.voltage=23.5
steps[3].settings.material=FE-SOLID
steps[3].settings.diameter_mm=1.2
steps[3].settings.mode=LSM
steps[3].settings.gas=CO2 100%
steps[3].settings.synergic=False
steps[3].settings.correction=0.0
steps[3].settings.hot_start_enabled=True
steps[3].settings.hot_start_percent=10.0
steps[3].settings.hot_start_hold_adjustment=-1
steps[3].settings.crater_enabled=False
steps[3].settings.crater_percent=31.57894736842105
steps[3].settings.crater_current_a=60.0
steps[3].settings.crater_voltage_v=25.0
steps[3].settings.crater_seconds=1.0
steps[3].settings.wire_consumable_alpha_mm=0.0
steps[3].settings.hot_start_current_a=209
steps[4].sequence_number=5
steps[4].type=motion
steps[4].parallel_slot=5
steps[4].duration=0.0
steps[4].planning_group=right_manipulator
steps[4].velocity_scale=0.3695263157894737
steps[4].tcp_speed_m_s=0.0035
steps[4].interpolation_step=0.005
steps[4].path_kind=continuous_sine_weave_over_taught_goal_fastech_di0_ignored
steps[4].touch_guard=False
steps[4].weld_scenario_id=weld-11286601854604
steps[4].weld_scenario_stage=weld_motion
steps[4].lead_in_mm=0.0
steps[4].lead_out_mm=5.0
steps[4].linear_motion_profile=True
steps[4].capping_width_mm=2.0
steps[4].capping_pitch_mm=5.0
steps[4].capping_left_dwell_s=0.2
steps[4].capping_right_dwell_s=0.2
steps[4].waypoint_count=66
steps[4].waypoints[0].position_m.x=0.14810295874063228
steps[4].waypoints[0].position_m.y=-1.668706269510984
steps[4].waypoints[0].position_m.z=0.6779273593211765
steps[4].waypoints[0].orientation_xyzw.x=-0.40915278981783126
steps[4].waypoints[0].orientation_xyzw.y=0.6649552253689487
steps[4].waypoints[0].orientation_xyzw.z=-0.535291590956429
steps[4].waypoints[0].orientation_xyzw.w=-0.322321974879392
steps[4].waypoints[1].position_m.x=0.14799126323203923
steps[4].waypoints[1].position_m.y=-1.669164281865589
steps[4].waypoints[1].position_m.z=0.6758228489471875
steps[4].waypoints[1].orientation_xyzw.x=-0.4091475863400489
steps[4].waypoints[1].orientation_xyzw.y=0.6649530602587471
steps[4].waypoints[1].orientation_xyzw.z=-0.5352968968044344
steps[4].waypoints[1].orientation_xyzw.w=-0.3223242350742217
steps[4].waypoints[2].position_m.x=0.14772357180143686
steps[4].waypoints[2].position_m.y=-1.6694037881518182
steps[4].waypoints[2].position_m.z=0.674931630066486
steps[4].waypoints[2].orientation_xyzw.x=-0.4091423828356602
steps[4].waypoints[2].orientation_xyzw.y=0.6649508951053067
steps[4].waypoints[2].orientation_xyzw.z=-0.5353022026176341
steps[4].waypoints[2].orientation_xyzw.w=-0.3223264952480932
steps[4].waypoints[3].position_m.x=0.147235268822254
steps[4].waypoints[3].position_m.y=-1.6693342801926891
steps[4].waypoints[3].position_m.z=0.6757562644707034
steps[4].waypoints[3].orientation_xyzw.x=-0.4091371793046662
steps[4].waypoints[3].orientation_xyzw.y=0.6649487299086277
steps[4].waypoints[3].orientation_xyzw.z=-0.5353075083960273
steps[4].waypoints[3].orientation_xyzw.w=-0.32232875540100603
steps[4].waypoints[4].position_m.x=0.14659096992106177
steps[4].waypoints[4].position_m.y=-1.6690462661651844
steps[4].waypoints[4].position_m.z=0.6777941903682083
steps[4].waypoints[4].orientation_xyzw.x=-0.4091319757470679
steps[4].waypoints[4].orientation_xyzw.y=0.6649465646687107
steps[4].waypoints[4].orientation_xyzw.z=-0.5353128141396126
steps[4].waypoints[4].orientation_xyzw.w=-0.3223310155329598
steps[4].waypoints[5].position_m.x=0.14594667101986958
steps[4].waypoints[5].position_m.y=-1.6687582521376798
steps[4].waypoints[5].position_m.z=0.6798321162657132
steps[4].waypoints[5].orientation_xyzw.x=-0.4091267721628664
steps[4].waypoints[5].orientation_xyzw.y=0.6649443993855562
steps[4].waypoints[5].orientation_xyzw.z=-0.5353181198483894
steps[4].waypoints[5].orientation_xyzw.w=-0.3223332756439541
steps[4].waypoints[6].position_m.x=0.1454583680406867
steps[4].waypoints[6].position_m.y=-1.6686887441785507
steps[4].waypoints[6].position_m.z=0.6806567506699305
steps[4].waypoints[6].orientation_xyzw.x=-0.4091215685520628
steps[4].waypoints[6].orientation_xyzw.y=0.6649422340591644
steps[4].waypoints[6].orientation_xyzw.z=-0.5353234255223566
steps[4].waypoints[6].orientation_xyzw.w=-0.3223355357339885
steps[4].waypoints[7].position_m.x=0.14519067661008433
steps[4].waypoints[7].position_m.y=-1.66892825046478
steps[4].waypoints[7].position_m.z=0.679765531789229
steps[4].waypoints[7].orientation_xyzw.x=-0.40911636491465775
steps[4].waypoints[7].orientation_xyzw.y=0.6649400686895359
steps[4].waypoints[7].orientation_xyzw.z=-0.5353287311615127
steps[4].waypoints[7].orientation_xyzw.w=-0.32233779580306243
steps[4].waypoints[8].position_m.x=0.14507898110149128
steps[4].waypoints[8].position_m.y=-1.669386262819385
steps[4].waypoints[8].position_m.z=0.67766102141524
steps[4].waypoints[8].orientation_xyzw.x=-0.40911116125054425
steps[4].waypoints[8].orientation_xyzw.y=0.6649379032766259
steps[4].waypoints[8].orientation_xyzw.z=-0.5353340367659677
steps[4].waypoints[8].orientation_xyzw.w=-0.3223400558512226
steps[4].waypoints[9].position_m.x=0.14496728559289837
steps[4].waypoints[9].position_m.y=-1.6698442751739901
steps[4].waypoints[9].position_m.z=0.675556511041251
steps[4].waypoints[9].orientation_xyzw.x=-0.4091059575598134
steps[4].waypoints[9].orientation_xyzw.y=0.6649357378204724
steps[4].waypoints[9].orientation_xyzw.z=-0.5353393423356282
steps[4].waypoints[9].orientation_xyzw.w=-0.32234231587842943
steps[4].waypoints[10].position_m.x=0.14469959416229605
steps[4].waypoints[10].position_m.y=-1.6700837814602194
steps[4].waypoints[10].position_m.z=0.6746652921605495
steps[4].waypoints[10].orientation_xyzw.x=-0.40910075384247957
steps[4].waypoints[10].orientation_xyzw.y=0.6649335723210815
steps[4].waypoints[10].orientation_xyzw.z=-0.5353446478704799
steps[4].waypoints[10].orientation_xyzw.w=-0.3223445758846765
steps[4].waypoints[11].position_m.x=0.14421129118311313
steps[4].waypoints[11].position_m.y=-1.6700142735010906
steps[4].waypoints[11].position_m.z=0.6754899265647669
steps[4].waypoints[11].orientation_xyzw.x=-0.40909555009854376
steps[4].waypoints[11].orientation_xyzw.y=0.6649314067784534
steps[4].waypoints[11].orientation_xyzw.z=-0.5353499533705214
steps[4].waypoints[11].orientation_xyzw.w=-0.32234683586996354
steps[4].waypoints[12].position_m.x=0.1435669922819208
steps[4].waypoints[12].position_m.y=-1.6697262594735856
steps[4].waypoints[12].position_m.z=0.6775278524622717
steps[4].waypoints[12].orientation_xyzw.x=-0.40909034632800706
steps[4].waypoints[12].orientation_xyzw.y=0.6649292411925888
steps[4].waypoints[12].orientation_xyzw.z=-0.535355258835752
steps[4].waypoints[12].orientation_xyzw.w=-0.3223490958342902
steps[4].waypoints[13].position_m.x=0.1429226933807285
steps[4].waypoints[13].position_m.y=-1.6694382454460805
steps[4].waypoints[13].position_m.z=0.6795657783597764
steps[4].waypoints[13].orientation_xyzw.x=-0.4090851425308703
steps[4].waypoints[13].orientation_xyzw.y=0.6649270755634878
steps[4].waypoints[13].orientation_xyzw.z=-0.5353605642661705
steps[4].waypoints[13].orientation_xyzw.w=-0.32235135577765583
steps[4].waypoints[14].position_m.x=0.14243439040154557
steps[4].waypoints[14].position_m.y=-1.6693687374869517
steps[4].waypoints[14].position_m.z=0.6803904127639939
steps[4].waypoints[14].orientation_xyzw.x=-0.4090799387071346
steps[4].waypoints[14].orientation_xyzw.y=0.664924909891151
steps[4].waypoints[14].orientation_xyzw.z=-0.5353658696617759
steps[4].waypoints[14].orientation_xyzw.w=-0.3223536157000601
steps[4].waypoints[15].position_m.x=0.1421666989709434
steps[4].waypoints[15].position_m.y=-1.6696082437731812
steps[4].waypoints[15].position_m.z=0.6794991938832924
steps[4].waypoints[15].orientation_xyzw.x=-0.4090747348567331
steps[4].waypoints[15].orientation_xyzw.y=0.6649227441755506
steps[4].waypoints[15].orientation_xyzw.z=-0.5353711750226363
steps[4].waypoints[15].orientation_xyzw.w=-0.322355875601532
steps[4].waypoints[16].position_m.x=0.1420550034623503
steps[4].waypoints[16].position_m.y=-1.6700662561277861
steps[4].waypoints[16].position_m.z=0.6773946835093034
steps[4].waypoints[16].orientation_xyzw.x=-0.40906953097971094
steps[4].waypoints[16].orientation_xyzw.y=0.6649205784167053
steps[4].waypoints[16].orientation_xyzw.z=-0.535376480348706
steps[4].waypoints[16].orientation_xyzw.w=-0.322358135482052
steps[4].waypoints[17].position_m.x=0.14194330795375726
steps[4].waypoints[17].position_m.y=-1.670524268482391
steps[4].waypoints[17].position_m.z=0.6752901731353144
steps[4].waypoints[17].orientation_xyzw.x=-0.4090643270760881
steps[4].waypoints[17].orientation_xyzw.y=0.6649184126146235
steps[4].waypoints[17].orientation_xyzw.z=-0.5353817856399643
steps[4].waypoints[17].orientation_xyzw.w=-0.3223603953416114
steps[4].waypoints[18].position_m.x=0.14167561652315488
steps[4].waypoints[18].position_m.y=-1.6707637747686204
steps[4].waypoints[18].position_m.z=0.6743989542546128
steps[4].waypoints[18].orientation_xyzw.x=-0.40905912314586546
steps[4].waypoints[18].orientation_xyzw.y=0.6649162467693054
steps[4].waypoints[18].orientation_xyzw.z=-0.5353870908964102
steps[4].waypoints[18].orientation_xyzw.w=-0.32236265518020973
steps[4].waypoints[19].position_m.x=0.14118731354397202
steps[4].waypoints[19].position_m.y=-1.6706942668094913
steps[4].waypoints[19].position_m.z=0.6752235886588303
steps[4].waypoints[19].orientation_xyzw.x=-0.40905391918904427
steps[4].waypoints[19].orientation_xyzw.y=0.6649140808807517
steps[4].waypoints[19].orientation_xyzw.z=-0.5353923961180428
steps[4].waypoints[19].orientation_xyzw.w=-0.32236491499784653
steps[4].waypoints[20].position_m.x=0.14054301464277982
steps[4].waypoints[20].position_m.y=-1.6704062527819865
steps[4].waypoints[20].position_m.z=0.6772615145563351
steps[4].waypoints[20].orientation_xyzw.x=-0.40904871520562536
steps[4].waypoints[20].orientation_xyzw.y=0.6649119149489626
steps[4].waypoints[20].orientation_xyzw.z=-0.535397701304861
steps[4].waypoints[20].orientation_xyzw.w=-0.32236717479452137
steps[4].waypoints[21].position_m.x=0.13989871574158763
steps[4].waypoints[21].position_m.y=-1.6701182387544817
steps[4].waypoints[21].position_m.z=0.67929944045384
steps[4].waypoints[21].orientation_xyzw.x=-0.40904351119560983
steps[4].waypoints[21].orientation_xyzw.y=0.664909748973939
steps[4].waypoints[21].orientation_xyzw.z=-0.5354030064568638
steps[4].waypoints[21].orientation_xyzw.w=-0.32236943457023387
steps[4].waypoints[22].position_m.x=0.13941041276240462
steps[4].waypoints[22].position_m.y=-1.6700487307953529
steps[4].waypoints[22].position_m.z=0.6801240748580574
steps[4].waypoints[22].orientation_xyzw.x=-0.40903830715896333
steps[4].waypoints[22].orientation_xyzw.y=0.6649075829556658
steps[4].waypoints[22].orientation_xyzw.z=-0.5354083115740859
steps[4].waypoints[22].orientation_xyzw.w=-0.3223716943249988
steps[4].waypoints[23].position_m.x=0.13914272133180228
steps[4].waypoints[23].position_m.y=-1.6702882370815821
steps[4].waypoints[23].position_m.z=0.6792328559773558
steps[4].waypoints[23].orientation_xyzw.x=-0.40903310309570073
steps[4].waypoints[23].orientation_xyzw.y=0.6649054168941498
steps[4].waypoints[23].orientation_xyzw.z=-0.5354136166565128
steps[4].waypoints[23].orientation_xyzw.w=-0.3223739540588099
steps[4].waypoints[24].position_m.x=0.1390310258232093
steps[4].waypoints[24].position_m.y=-1.670746249436187
steps[4].waypoints[24].position_m.z=0.6771283456033668
steps[4].waypoints[24].orientation_xyzw.x=-0.40902789900583963
steps[4].waypoints[24].orientation_xyzw.y=0.6649032507893982
steps[4].waypoints[24].orientation_xyzw.z=-0.5354189217041259
steps[4].waypoints[24].orientation_xyzw.w=-0.3223762137716594
steps[4].waypoints[25].position_m.x=0.13891933031461634
steps[4].waypoints[25].position_m.y=-1.671204261790792
steps[4].waypoints[25].position_m.z=0.6750238352293778
steps[4].waypoints[25].orientation_xyzw.x=-0.40902269488938103
steps[4].waypoints[25].orientation_xyzw.y=0.6649010846414113
steps[4].waypoints[25].orientation_xyzw.z=-0.5354242267169244
steps[4].waypoints[25].orientation_xyzw.w=-0.32237847346354687
steps[4].waypoints[26].position_m.x=0.138651638884014
steps[4].waypoints[26].position_m.y=-1.671443768077021
steps[4].waypoints[26].position_m.z=0.6741326163486763
steps[4].waypoints[26].orientation_xyzw.x=-0.4090174907463262
steps[4].waypoints[26].orientation_xyzw.y=0.6648989184501897
steps[4].waypoints[26].orientation_xyzw.z=-0.535429531694907
steps[4].waypoints[26].orientation_xyzw.w=-0.3223807331344718
steps[4].waypoints[27].position_m.x=0.1381633359048311
steps[4].waypoints[27].position_m.y=-1.6713742601178923
steps[4].waypoints[27].position_m.z=0.6749572507528936
steps[4].waypoints[27].orientation_xyzw.x=-0.409012286576676
steps[4].waypoints[27].orientation_xyzw.y=0.6648967522157337
steps[4].waypoints[27].orientation_xyzw.z=-0.5354348366380731
steps[4].waypoints[27].orientation_xyzw.w=-0.32238299278443383
steps[4].waypoints[28].position_m.x=0.13751903700363882
steps[4].waypoints[28].position_m.y=-1.6710862460903875
steps[4].waypoints[28].position_m.z=0.6769951766503984
steps[4].waypoints[28].orientation_xyzw.x=-0.4090070823804313
steps[4].waypoints[28].orientation_xyzw.y=0.6648945859380438
steps[4].waypoints[28].orientation_xyzw.z=-0.5354401415464213
steps[4].waypoints[28].orientation_xyzw.w=-0.32238525241343247
steps[4].waypoints[29].position_m.x=0.13687473810244657
steps[4].waypoints[29].position_m.y=-1.6707982320628825
steps[4].waypoints[29].position_m.z=0.6790331025479033
steps[4].waypoints[29].orientation_xyzw.x=-0.4090018781575832
steps[4].waypoints[29].orientation_xyzw.y=0.6648924196171163
steps[4].waypoints[29].orientation_xyzw.z=-0.5354454464199612
steps[4].waypoints[29].orientation_xyzw.w=-0.3223875120214717
steps[4].waypoints[30].position_m.x=0.13638643512326368
steps[4].waypoints[30].position_m.y=-1.6707287241037538
steps[4].waypoints[30].position_m.z=0.6798577369521207
steps[4].waypoints[30].orientation_xyzw.x=-0.4089966739081307
steps[4].waypoints[30].orientation_xyzw.y=0.6648902532529507
steps[4].waypoints[30].orientation_xyzw.z=-0.5354507512586933
steps[4].waypoints[30].orientation_xyzw.w=-0.3223897716085519
steps[4].waypoints[31].position_m.x=0.13611874369266133
steps[4].waypoints[31].position_m.y=-1.6709682303899829
steps[4].waypoints[31].position_m.z=0.6789665180714193
steps[4].waypoints[31].orientation_xyzw.x=-0.40899146963208227
steps[4].waypoints[31].orientation_xyzw.y=0.6648880868455505
steps[4].waypoints[31].orientation_xyzw.z=-0.5354560560626095
steps[4].waypoints[31].orientation_xyzw.w=-0.3223920311746695
steps[4].waypoints[32].position_m.x=0.13600704818406834
steps[4].waypoints[32].position_m.y=-1.671426242744588
steps[4].waypoints[32].position_m.z=0.6768620076974302
steps[4].waypoints[32].orientation_xyzw.x=-0.40898626532943855
steps[4].waypoints[32].orientation_xyzw.y=0.6648859203949159
steps[4].waypoints[32].orientation_xyzw.z=-0.5354613608317086
steps[4].waypoints[32].orientation_xyzw.w=-0.322394290719824
steps[4].waypoints[33].position_m.x=0.13589535267547534
steps[4].waypoints[33].position_m.y=-1.6718842550991933
steps[4].waypoints[33].position_m.z=0.6747574973234413
steps[4].waypoints[33].orientation_xyzw.x=-0.40898106100020076
steps[4].waypoints[33].orientation_xyzw.y=0.6648837539010477
steps[4].waypoints[33].orientation_xyzw.z=-0.5354666655659898
steps[4].waypoints[33].orientation_xyzw.w=-0.32239655024401503
steps[4].waypoints[34].position_m.x=0.135627661244873
steps[4].waypoints[34].position_m.y=-1.6721237613854223
steps[4].waypoints[34].position_m.z=0.6738662784427397
steps[4].waypoints[34].orientation_xyzw.x=-0.40897585664437
steps[4].waypoints[34].orientation_xyzw.y=0.664881587363946
steps[4].waypoints[34].orientation_xyzw.z=-0.5354719702654517
steps[4].waypoints[34].orientation_xyzw.w=-0.32239880974724217
steps[4].waypoints[35].position_m.x=0.1351393582656901
steps[4].waypoints[35].position_m.y=-1.6720542534262937
steps[4].waypoints[35].position_m.z=0.674690912846957
steps[4].waypoints[35].orientation_xyzw.x=-0.4089706522619471
steps[4].waypoints[35].orientation_xyzw.y=0.6648794207836114
steps[4].waypoints[35].orientation_xyzw.z=-0.5354772749300937
steps[4].waypoints[35].orientation_xyzw.w=-0.3224010692295049
steps[4].waypoints[36].position_m.x=0.13449505936449785
steps[4].waypoints[36].position_m.y=-1.6717662393987887
steps[4].waypoints[36].position_m.z=0.676728838744462
steps[4].waypoints[36].orientation_xyzw.x=-0.4089654478529403
steps[4].waypoints[36].orientation_xyzw.y=0.6648772541600472
steps[4].waypoints[36].orientation_xyzw.z=-0.5354825795599071
steps[4].waypoints[36].orientation_xyzw.w=-0.32240332869079963
steps[4].waypoints[37].position_m.x=0.13385076046330557
steps[4].waypoints[37].position_m.y=-1.6714782253712839
steps[4].waypoints[37].position_m.z=0.6787667646419668
steps[4].waypoints[37].orientation_xyzw.x=-0.408960243417349
steps[4].waypoints[37].orientation_xyzw.y=0.664875087493253
steps[4].waypoints[37].orientation_xyzw.z=-0.5354878841548929
steps[4].waypoints[37].orientation_xyzw.w=-0.3224055881311268
steps[4].waypoints[38].position_m.x=0.13336245748412268
steps[4].waypoints[38].position_m.y=-1.671408717412155
steps[4].waypoints[38].position_m.z=0.6795913990461842
steps[4].waypoints[38].orientation_xyzw.x=-0.40895503895516383
steps[4].waypoints[38].orientation_xyzw.y=0.6648729207832254
steps[4].waypoints[38].orientation_xyzw.z=-0.5354931887150604
steps[4].waypoints[38].orientation_xyzw.w=-0.32240784755049046
steps[4].waypoints[39].position_m.x=0.13309476605352033
steps[4].waypoints[39].position_m.y=-1.671648223698384
steps[4].waypoints[39].position_m.z=0.6787001801654826
steps[4].waypoints[39].orientation_xyzw.x=-0.40894983446638583
steps[4].waypoints[39].orientation_xyzw.y=0.6648707540299642
steps[4].waypoints[39].orientation_xyzw.z=-0.5354984932404084
steps[4].waypoints[39].orientation_xyzw.w=-0.32241010694888994
steps[4].waypoints[40].position_m.x=0.13298307054492736
steps[4].waypoints[40].position_m.y=-1.672106236052989
steps[4].waypoints[40].position_m.z=0.6765956697914937
steps[4].waypoints[40].orientation_xyzw.x=-0.4089446299510161
steps[4].waypoints[40].orientation_xyzw.y=0.6648685872334704
steps[4].waypoints[40].orientation_xyzw.z=-0.5355037977309361
steps[4].waypoints[40].orientation_xyzw.w=-0.32241236632632503
steps[4].waypoints[41].position_m.x=0.1328713750363344
steps[4].waypoints[41].position_m.y=-1.672564248407594
steps[4].waypoints[41].position_m.z=0.6744911594175046
steps[4].waypoints[41].orientation_xyzw.x=-0.4089394254090556
steps[4].waypoints[41].orientation_xyzw.y=0.6648664203937441
steps[4].waypoints[41].orientation_xyzw.z=-0.5355091021866424
steps[4].waypoints[41].orientation_xyzw.w=-0.3224146256827951
steps[4].waypoints[42].position_m.x=0.13260368360573202
steps[4].waypoints[42].position_m.y=-1.6728037546938233
steps[4].waypoints[42].position_m.z=0.673599940536803
steps[4].waypoints[42].orientation_xyzw.x=-0.4089342208405052
steps[4].waypoints[42].orientation_xyzw.y=0.6648642535107857
steps[4].waypoints[42].orientation_xyzw.z=-0.5355144066075262
steps[4].waypoints[42].orientation_xyzw.w=-0.32241688501829985
steps[4].waypoints[43].position_m.x=0.13211538062654904
steps[4].waypoints[43].position_m.y=-1.6727342467346944
steps[4].waypoints[43].position_m.z=0.6744245749410204
steps[4].waypoints[43].orientation_xyzw.x=-0.40892901624538297
steps[4].waypoints[43].orientation_xyzw.y=0.6648620865846029
steps[4].waypoints[43].orientation_xyzw.z=-0.5355197109935694
steps[4].waypoints[43].orientation_xyzw.w=-0.3224191443328315
steps[4].waypoints[44].position_m.x=0.13147108172535685
steps[4].waypoints[44].position_m.y=-1.6724462327071896
steps[4].waypoints[44].position_m.z=0.6764625008385253
steps[4].waypoints[44].orientation_xyzw.x=-0.4089238116237036
steps[4].waypoints[44].orientation_xyzw.y=0.6648599196152015
steps[4].waypoints[44].orientation_xyzw.z=-0.535525015344757
steps[4].waypoints[44].orientation_xyzw.w=-0.32242140362638366
steps[4].waypoints[45].position_m.x=0.13082678282416466
steps[4].waypoints[45].position_m.y=-1.6721582186796848
steps[4].waypoints[45].position_m.z=0.6785004267360302
steps[4].waypoints[45].orientation_xyzw.x=-0.40891860697543264
steps[4].waypoints[45].orientation_xyzw.y=0.6648577526025674
steps[4].waypoints[45].orientation_xyzw.z=-0.5355303196611239
steps[4].waypoints[45].orientation_xyzw.w=-0.3224236628989711
steps[4].waypoints[46].position_m.x=0.13033847984498179
steps[4].waypoints[46].position_m.y=-1.6720887107205558
steps[4].waypoints[46].position_m.z=0.6793250611402476
steps[4].waypoints[46].orientation_xyzw.x=-0.40891340230057116
steps[4].waypoints[46].orientation_xyzw.y=0.664855585546701
steps[4].waypoints[46].orientation_xyzw.z=-0.5355356239426691
steps[4].waypoints[46].orientation_xyzw.w=-0.3224259221505937
steps[4].waypoints[47].position_m.x=0.1300707884143794
steps[4].waypoints[47].position_m.y=-1.672328217006785
steps[4].waypoints[47].position_m.z=0.6784338422595461
steps[4].waypoints[47].orientation_xyzw.x=-0.40890819759912017
steps[4].waypoints[47].orientation_xyzw.y=0.6648534184476027
steps[4].waypoints[47].orientation_xyzw.z=-0.5355409281893916
steps[4].waypoints[47].orientation_xyzw.w=-0.3224281813812507
steps[4].waypoints[48].position_m.x=0.12995909290578636
steps[4].waypoints[48].position_m.y=-1.67278622936139
steps[4].waypoints[48].position_m.z=0.676329331885557
steps[4].waypoints[48].orientation_xyzw.x=-0.40890299287108073
steps[4].waypoints[48].orientation_xyzw.y=0.6648512513052729
steps[4].waypoints[48].orientation_xyzw.z=-0.5355462324012904
steps[4].waypoints[48].orientation_xyzw.w=-0.3224304405909418
steps[4].waypoints[49].position_m.x=0.12984739739719328
steps[4].waypoints[49].position_m.y=-1.673244241715995
steps[4].waypoints[49].position_m.z=0.674224821511568
steps[4].waypoints[49].orientation_xyzw.x=-0.40889778811645383
steps[4].waypoints[49].orientation_xyzw.y=0.6648490841197122
steps[4].waypoints[49].orientation_xyzw.z=-0.5355515365783644
steps[4].waypoints[49].orientation_xyzw.w=-0.32243269977966654
steps[4].waypoints[50].position_m.x=0.1295797059665911
steps[4].waypoints[50].position_m.y=-1.6734837480022244
steps[4].waypoints[50].position_m.z=0.6733336026308665
steps[4].waypoints[50].orientation_xyzw.x=-0.40889258333525935
steps[4].waypoints[50].orientation_xyzw.y=0.6648469168909286
steps[4].waypoints[50].orientation_xyzw.z=-0.5355568407205932
steps[4].waypoints[50].orientation_xyzw.w=-0.3224349589474162
steps[4].waypoints[51].position_m.x=0.12909140298740818
steps[4].waypoints[51].position_m.y=-1.6734142400430956
steps[4].waypoints[51].position_m.z=0.6741582370350839
steps[4].waypoints[51].orientation_xyzw.x=-0.4088873785275426
steps[4].waypoints[51].orientation_xyzw.y=0.6648447496189411
steps[4].waypoints[51].orientation_xyzw.z=-0.5355621448279307
steps[4].waypoints[51].orientation_xyzw.w=-0.32243721809417125
steps[4].waypoints[52].position_m.x=0.12844710408621585
steps[4].waypoints[52].position_m.y=-1.6731262260155906
steps[4].waypoints[52].position_m.z=0.6761961629325888
steps[4].waypoints[52].orientation_xyzw.x=-0.4088821736932367
steps[4].waypoints[52].orientation_xyzw.y=0.6648425823037218
steps[4].waypoints[52].orientation_xyzw.z=-0.5355674489004454
steps[4].waypoints[52].orientation_xyzw.w=-0.3224394772199607
steps[4].waypoints[53].position_m.x=0.12780280518502354
steps[4].waypoints[53].position_m.y=-1.6728382119880856
steps[4].waypoints[53].position_m.z=0.6782340888300935
steps[4].waypoints[53].orientation_xyzw.x=-0.4088769688323425
steps[4].waypoints[53].orientation_xyzw.y=0.6648404149452712
steps[4].waypoints[53].orientation_xyzw.z=-0.5355727529381359
steps[4].waypoints[53].orientation_xyzw.w=-0.32244173632478407
steps[4].waypoints[54].position_m.x=0.12731450220584062
steps[4].waypoints[54].position_m.y=-1.6727687040289567
steps[4].waypoints[54].position_m.z=0.6790587232343109
steps[4].waypoints[54].orientation_xyzw.x=-0.4088717639448612
steps[4].waypoints[54].orientation_xyzw.y=0.6648382475435899
steps[4].waypoints[54].orientation_xyzw.z=-0.5355780569410014
steps[4].waypoints[54].orientation_xyzw.w=-0.32244399540864105
steps[4].waypoints[55].position_m.x=0.1270468107752383
steps[4].waypoints[55].position_m.y=-1.673008210315186
steps[4].waypoints[55].position_m.z=0.6781675043536094
steps[4].waypoints[55].orientation_xyzw.x=-0.4088665590307936
steps[4].waypoints[55].orientation_xyzw.y=0.6648360800986778
steps[4].waypoints[55].orientation_xyzw.z=-0.5355833609090407
steps[4].waypoints[55].orientation_xyzw.w=-0.32244625447153097
steps[4].waypoints[56].position_m.x=0.1269351152666454
steps[4].waypoints[56].position_m.y=-1.6734662226697912
steps[4].waypoints[56].position_m.z=0.6760629939796204
steps[4].waypoints[56].orientation_xyzw.x=-0.40886135409014085
steps[4].waypoints[56].orientation_xyzw.y=0.6648339126105357
steps[4].waypoints[56].orientation_xyzw.z=-0.535588664842253
steps[4].waypoints[56].orientation_xyzw.w=-0.3224485135134536
steps[4].waypoints[57].position_m.x=0.12682341975805234
steps[4].waypoints[57].position_m.y=-1.6739242350243961
steps[4].waypoints[57].position_m.z=0.6739584836056314
steps[4].waypoints[57].orientation_xyzw.x=-0.4088561491229173
steps[4].waypoints[57].orientation_xyzw.y=0.6648317450791694
steps[4].waypoints[57].orientation_xyzw.z=-0.5355939687406236
steps[4].waypoints[57].orientation_xyzw.w=-0.32245077253440263
steps[4].waypoints[58].position_m.x=0.12655572832744996
steps[4].waypoints[58].position_m.y=-1.6741637413106254
steps[4].waypoints[58].position_m.z=0.67306726472493
steps[4].waypoints[58].orientation_xyzw.x=-0.40885094412921413
steps[4].waypoints[58].orientation_xyzw.y=0.664829577504617
steps[4].waypoints[58].orientation_xyzw.z=-0.5355992726040594
steps[4].waypoints[58].orientation_xyzw.w=-0.3224530315343386
steps[4].waypoints[59].position_m.x=0.1260674253482671
steps[4].waypoints[59].position_m.y=-1.6740942333514963
steps[4].waypoints[59].position_m.z=0.6738918991291473
steps[4].waypoints[59].orientation_xyzw.x=-0.4088457391089241
steps[4].waypoints[59].orientation_xyzw.y=0.6648274098868338
steps[4].waypoints[59].orientation_xyzw.z=-0.5356045764326699
steps[4].waypoints[59].orientation_xyzw.w=-0.32245529051330785
steps[4].waypoints[60].position_m.x=0.1254231264470749
steps[4].waypoints[60].position_m.y=-1.6738062193239918
steps[4].waypoints[60].position_m.z=0.6759298250266521
steps[4].waypoints[60].orientation_xyzw.x=-0.40884053406204807
steps[4].waypoints[60].orientation_xyzw.y=0.6648252422258203
steps[4].waypoints[60].orientation_xyzw.z=-0.5356098802264541
steps[4].waypoints[60].orientation_xyzw.w=-0.3224575494713101
steps[4].waypoints[61].position_m.x=0.12477882754588268
steps[4].waypoints[61].position_m.y=-1.673518205296487
steps[4].waypoints[61].position_m.z=0.6779677509241571
steps[4].waypoints[61].orientation_xyzw.x=-0.4088353289885872
steps[4].waypoints[61].orientation_xyzw.y=0.6648230745215766
steps[4].waypoints[61].orientation_xyzw.z=-0.5356151839854109
steps[4].waypoints[61].orientation_xyzw.w=-0.3224598084083449
steps[4].waypoints[62].position_m.x=0.12429052456669983
steps[4].waypoints[62].position_m.y=-1.673448697337358
steps[4].waypoints[62].position_m.z=0.6787923853283744
steps[4].waypoints[62].orientation_xyzw.x=-0.4088301238885423
steps[4].waypoints[62].orientation_xyzw.y=0.6648209067741034
steps[4].waypoints[62].orientation_xyzw.z=-0.5356204877095391
steps[4].waypoints[62].orientation_xyzw.w=-0.3224620673244117
steps[4].waypoints[63].position_m.x=0.12402283313609744
steps[4].waypoints[63].position_m.y=-1.6736882036235872
steps[4].waypoints[63].position_m.z=0.677901166447673
steps[4].waypoints[63].orientation_xyzw.x=-0.4088249187619147
steps[4].waypoints[63].orientation_xyzw.y=0.664818738983401
steps[4].waypoints[63].orientation_xyzw.z=-0.5356257913988379
steps[4].waypoints[63].orientation_xyzw.w=-0.3224643262195102
steps[4].waypoints[64].position_m.x=0.12391113762750439
steps[4].waypoints[64].position_m.y=-1.6741462159781921
steps[4].waypoints[64].position_m.z=0.6757966560736839
steps[4].waypoints[64].orientation_xyzw.x=-0.4088197136087051
steps[4].waypoints[64].orientation_xyzw.y=0.6648165711494701
steps[4].waypoints[64].orientation_xyzw.z=-0.5356310950533063
steps[4].waypoints[64].orientation_xyzw.w=-0.3224665850936399
steps[4].waypoints[65].position_m.x=0.11905086101791029
steps[4].waypoints[65].position_m.y=-1.6752391326481848
steps[4].waypoints[65].position_m.z=0.6753685854829108
steps[4].waypoints[65].orientation_xyzw.x=-0.4088197136087051
steps[4].waypoints[65].orientation_xyzw.y=0.6648165711494701
steps[4].waypoints[65].orientation_xyzw.z=-0.5356310950533063
steps[4].waypoints[65].orientation_xyzw.w=-0.3224665850936399
steps[4].lead_start.position_m.x=0.14810295874063228
steps[4].lead_start.position_m.y=-1.668706269510984
steps[4].lead_start.position_m.z=0.6779273593211765
steps[4].lead_start.orientation_xyzw.x=-0.40915278981783126
steps[4].lead_start.orientation_xyzw.y=0.6649552253689487
steps[4].lead_start.orientation_xyzw.z=-0.535291590956429
steps[4].lead_start.orientation_xyzw.w=-0.322321974879392
steps[4].usable_seam_start.position_m.x=0.14810295874063228
steps[4].usable_seam_start.position_m.y=-1.668706269510984
steps[4].usable_seam_start.position_m.z=0.6779273593211765
steps[4].usable_seam_start.orientation_xyzw.x=-0.40915278981783126
steps[4].usable_seam_start.orientation_xyzw.y=0.6649552253689487
steps[4].usable_seam_start.orientation_xyzw.z=-0.535291590956429
steps[4].usable_seam_start.orientation_xyzw.w=-0.322321974879392
steps[4].usable_seam_goal.position_m.x=0.12391113762750439
steps[4].usable_seam_goal.position_m.y=-1.6741462159781921
steps[4].usable_seam_goal.position_m.z=0.6757966560736839
steps[4].usable_seam_goal.orientation_xyzw.x=-0.4088197136087051
steps[4].usable_seam_goal.orientation_xyzw.y=0.6648165711494701
steps[4].usable_seam_goal.orientation_xyzw.z=-0.5356310950533063
steps[4].usable_seam_goal.orientation_xyzw.w=-0.3224665850936399
steps[4].lead_end.position_m.x=0.11905086101791029
steps[4].lead_end.position_m.y=-1.6752391326481848
steps[4].lead_end.position_m.z=0.6753685854829108
steps[4].lead_end.orientation_xyzw.x=-0.4088197136087051
steps[4].lead_end.orientation_xyzw.y=0.6648165711494701
steps[4].lead_end.orientation_xyzw.z=-0.5356310950533063
steps[4].lead_end.orientation_xyzw.w=-0.3224665850936399
steps[5].sequence_number=6
steps[5].type=digital_weld
steps[5].parallel_slot=5
steps[5].duration=0.0
steps[5].velocity_scale=0.3695263157894737
steps[5].tcp_speed_m_s=0.0035
steps[5].command=off
steps[5].weld_scenario_id=weld-11286601854604
steps[5].weld_scenario_stage=arc_off
steps[5].path_to_seam_speed_factor=0.24946769526695892
steps[5].trigger_before_goal=True
steps[5].arc_off_delay_s=0.5
steps[5].settings.current_a=190
steps[5].settings.voltage_tenths=235
steps[5].settings.voltage=23.5
steps[5].settings.material=FE-SOLID
steps[5].settings.diameter_mm=1.2
steps[5].settings.mode=LSM
steps[5].settings.gas=CO2 100%
steps[5].settings.synergic=False
steps[5].settings.correction=0.0
steps[5].settings.hot_start_enabled=True
steps[5].settings.hot_start_percent=10.0
steps[5].settings.hot_start_hold_adjustment=-1
steps[5].settings.crater_enabled=False
steps[5].settings.crater_percent=31.57894736842105
steps[5].settings.crater_current_a=60.0
steps[5].settings.crater_voltage_v=25.0
steps[5].settings.crater_seconds=1.0
steps[5].settings.wire_consumable_alpha_mm=0.0
steps[5].settings.hot_start_current_a=209
steps[6].sequence_number=7
steps[6].type=motion
steps[6].parallel_slot=6
steps[6].duration=0.0
steps[6].planning_group=right_manipulator
steps[6].velocity_scale=0.3695263157894737
steps[6].tcp_speed_m_s=0.0
steps[6].interpolation_step=0.005
steps[6].path_kind=weld_end_to_taught_wait_fixed_attitude
steps[6].pose_name=weld_goal_wait
steps[6].pose_label=5 · Weld goal wait pose
steps[6].touch_guard=False
steps[6].continue_after_touch=False
steps[6].weld_scenario_id=weld-11286601854604
steps[6].weld_scenario_stage=goal_wait
steps[6].waypoint_count=1
steps[6].waypoints[0].position_m.x=0.2148218046203929
steps[6].waypoints[0].position_m.y=-1.6642972687613822
steps[6].waypoints[0].position_m.z=0.6805549186157998
steps[6].waypoints[0].orientation_xyzw.x=-0.4088197136087051
steps[6].waypoints[0].orientation_xyzw.y=0.6648165711494701
steps[6].waypoints[0].orientation_xyzw.z=-0.5356310950533063
steps[6].waypoints[0].orientation_xyzw.w=-0.3224665850936399
steps[7].sequence_number=8
steps[7].type=named_pose
steps[7].parallel_slot=7
steps[7].duration=0.0
steps[7].planning_group=right_manipulator
steps[7].velocity_scale=0.3695263157894737
steps[7].tcp_speed_m_s=0.0
steps[7].pose_name=weld_finish
steps[7].pose_label=7 · Weld end pose
steps[7].touch_guard=False
steps[7].continue_after_touch=False
steps[7].weld_scenario_id=weld-11286601854604
steps[7].weld_scenario_stage=finish
steps[7].target_tcp.position_m.x=0.21483870924918458
steps[7].target_tcp.position_m.y=-1.6371126833447565
steps[7].target_tcp.position_m.z=0.707026178211138
steps[7].target_tcp.orientation_xyzw.x=-0.4091007993503337
steps[7].target_tcp.orientation_xyzw.y=0.6649575791128136
steps[7].target_tcp.orientation_xyzw.z=-0.5353370411953684
steps[7].target_tcp.orientation_xyzw.w=-0.3223076267722075
steps[7].joint_names[0]=right_manipulator_joint1
steps[7].joint_names[1]=right_manipulator_joint2
steps[7].joint_names[2]=right_manipulator_joint3
steps[7].joint_names[3]=right_manipulator_joint4
steps[7].joint_names[4]=right_manipulator_joint5
steps[7].joint_names[5]=right_manipulator_joint6
steps[7].joint_positions_rad[0]=5.35910622580957
steps[7].joint_positions_rad[1]=1.269262841847874
steps[7].joint_positions_rad[2]=1.8630500269235382
steps[7].joint_positions_rad[3]=3.7799526331978957
steps[7].joint_positions_rad[4]=1.3424837928585125
steps[7].joint_positions_rad[5]=1.518846043410721
steps[8].sequence_number=9
steps[8].type=digital_output
steps[8].parallel_slot=8
steps[8].duration=0.0
steps[8].port=0
steps[8].value=True
steps[8].weld_scenario_id=weld-11286601854604
steps[8].weld_scenario_stage=touch_output_on
hicomm_cyclic_period_ms=40.0
arc_wait_recognition=True
arc_wait_main_welding=True
arc_wait_established=True
arc_establishment_timeout_s=5.0

[summary]
rx_samples=127
welding_samples=0
wcr_seen=0
current_a.min=None
current_a.average=None
current_a.max=None
voltage_v.min=None
voltage_v.average=None
voltage_v.max=None
wire_feed_m_min.min=None
wire_feed_m_min.average=None
wire_feed_m_min.max=None

[production_metrics]
arc_started_elapsed_s=0.12668061899967142
arc_completed_elapsed_s=5.045188220999989
arc_on_time_s=4.918507602000318
main_weld_arc_time_s=4.918507602000318
crater_arc_time_s=0.0
weld_motion_start_elapsed_s=None
weld_motion_complete_elapsed_s=None
weld_motion_duration_s=None
net_weld_arc_time_s=0.0
wire_feed_average_m_min=0.0
wire_consumable_base_mm=0.0
wire_consumable_alpha_mm=0.0
wire_consumable_mm=0.0
wire_consumable_formula=integral(WFS*1000/60*dt)+alpha
weld_motion_start_unix_time=None
weld_motion_start_wall_time=None
weld_motion_complete_unix_time=None
weld_motion_complete_wall_time=None

[arc_off_control]

[teaching_snapshot_yaml]
robot_start:
  planning_group: right_manipulator
  joint_state:
    names:
    - right_manipulator_joint1
    - right_manipulator_joint2
    - right_manipulator_joint3
    - right_manipulator_joint4
    - right_manipulator_joint5
    - right_manipulator_joint6
    positions_rad:
    - 5.272090632984539
    - 1.1319069796756747
    - 2.106417676818249
    - 3.6901007738119302
    - 1.4686233526256796
    - 1.4680081624138712
  tcp_pose_world:
    position_m:
      x: 0.0593687026100857
      y: -1.566580876666292
      z: 0.8404797210507349
    orientation_xyzw:
      x: -0.435964943840794
      y: 0.633785310019272
      z: -0.5278153609885844
      w: -0.36008567487496485
weld_wait:
  planning_group: right_manipulator
  joint_state:
    names:
    - right_manipulator_joint1
    - right_manipulator_joint2
    - right_manipulator_joint3
    - right_manipulator_joint4
    - right_manipulator_joint5
    - right_manipulator_joint6
    positions_rad:
    - 5.298487353077186
    - 1.2695665753701975
    - 1.8988973736184953
    - 3.7149560562656396
    - 1.3724534098696102
    - 1.5394143022996754
  tcp_pose_world:
    position_m:
      x: 0.15265616248172292
      y: -1.6371269040256293
      z: 0.7070334890012251
    orientation_xyzw:
      x: -0.4091222549586806
      y: 0.6649595371663987
      z: -0.535318253845104
      w: -0.32230755735663724
weld_start_wait:
  planning_group: right_manipulator
  joint_state:
    names:
    - right_manipulator_joint1
    - right_manipulator_joint2
    - right_manipulator_joint3
    - right_manipulator_joint4
    - right_manipulator_joint5
    - right_manipulator_joint6
    positions_rad:
    - 5.283645023689957
    - 1.3016661886211405
    - 1.8412402023343888
    - 3.7030714335850523
    - 1.3509738172556307
    - 1.5251148583006584
  tcp_pose_world:
    position_m:
      x: 0.1584453369077392
      y: -1.668706269510984
      z: 0.6794388934220492
    orientation_xyzw:
      x: -0.40915278981783126
      y: 0.6649552253689487
      z: -0.535291590956429
      w: -0.322321974879392
weld_start:
  planning_group: right_manipulator
  joint_state:
    names:
    - right_manipulator_joint1
    - right_manipulator_joint2
    - right_manipulator_joint3
    - right_manipulator_joint4
    - right_manipulator_joint5
    - right_manipulator_joint6
    positions_rad:
    - 5.198744513402667
    - 1.306120059228189
    - 1.8672342524702161
    - 3.615471276900749
    - 1.3790677699109855
    - 1.5395396040289635
  tcp_pose_world:
    position_m:
      x: 0.14810295874063228
      y: -1.668706269510984
      z: 0.6779273593211765
    orientation_xyzw:
      x: -0.40915278981783126
      y: 0.6649552253689487
      z: -0.535291590956429
      w: -0.322321974879392
weld_goal_wait:
  planning_group: right_manipulator
  joint_state:
    names:
    - right_manipulator_joint1
    - right_manipulator_joint2
    - right_manipulator_joint3
    - right_manipulator_joint4
    - right_manipulator_joint5
    - right_manipulator_joint6
    positions_rad:
    - 5.340390594932929
    - 1.3007511264705893
    - 1.814342408482643
    - 3.7636104114847333
    - 1.328355190643424
    - 1.5086321548399946
  tcp_pose_world:
    position_m:
      x: 0.2148218046203929
      y: -1.6642972687613822
      z: 0.6805549186157998
    orientation_xyzw:
      x: -0.4091224247815551
      y: 0.6649515505832098
      z: -0.5353207879209054
      w: -0.3223196099178371
weld_end:
  planning_group: right_manipulator
  joint_state:
    names:
    - right_manipulator_joint1
    - right_manipulator_joint2
    - right_manipulator_joint3
    - right_manipulator_joint4
    - right_manipulator_joint5
    - right_manipulator_joint6
    positions_rad:
    - 5.245701902375162
    - 1.306507416008741
    - 1.8502693836941935
    - 3.6638294886066256
    - 1.363948072296224
    - 1.53251138875419
  tcp_pose_world:
    position_m:
      x: 0.12391113762750439
      y: -1.6741462159781921
      z: 0.6757966560736839
    orientation_xyzw:
      x: -0.4088197136087051
      y: 0.6648165711494701
      z: -0.5356310950533063
      w: -0.3224665850936399
weld_finish:
  planning_group: right_manipulator
  joint_state:
    names:
    - right_manipulator_joint1
    - right_manipulator_joint2
    - right_manipulator_joint3
    - right_manipulator_joint4
    - right_manipulator_joint5
    - right_manipulator_joint6
    positions_rad:
    - 5.35910622580957
    - 1.269262841847874
    - 1.8630500269235382
    - 3.7799526331978957
    - 1.3424837928585125
    - 1.518846043410721
  tcp_pose_world:
    position_m:
      x: 0.21483870924918458
      y: -1.6371126833447565
      z: 0.707026178211138
    orientation_xyzw:
      x: -0.4091007993503337
      y: 0.6649575791128136
      z: -0.5353370411953684
      w: -0.3223076267722075

[touch_snapshot_yaml]
start_floor:
  position_m:
    x: 0.15836985187471564
    y: -1.6685076181105138
    z: 0.6779273593211765
  orientation_xyzw:
    x: -0.40927060507744395
    y: 0.6649421257036997
    z: -0.5351922939410916
    w: -0.32236431221563655
start_wall:
  position_m:
    x: 0.14810295874063228
    y: -1.668498122962903
    z: 0.6793633468126865
  orientation_xyzw:
    x: -0.4091994724009231
    y: 0.6649686630017887
    z: -0.5352377122843257
    w: -0.3223244644159997

[samples]
elapsed_s raw0 state arc gas fwd wcr current_a voltage_v wire_feed_m_min set_current_a set_voltage_v error db collision
0.020 0x00 idle 0 0 0 0 0 0.0 0.0 230 26.5 0 0 0
0.044 0x00 idle 0 0 0 0 0 0.0 0.0 230 26.5 0 0 0
0.087 0x00 idle 0 0 0 0 0 0.0 0.0 230 26.5 0 0 0
0.127 0x09 main_weld 1 1 0 0 0 0.0 0.0 230 26.5 0 0 0
0.171 0x09 main_weld 1 1 0 0 0 0.0 0.0 230 26.5 0 0 0
0.207 0x09 main_weld 1 1 0 0 0 0.0 0.0 230 26.5 0 0 0
0.244 0x09 main_weld 1 1 0 0 0 0.0 0.0 230 26.5 0 0 0
0.291 0x09 main_weld 1 1 0 0 0 0.0 0.0 230 23.5 0 0 0
0.320 0x09 main_weld 1 1 0 0 0 0.0 0.0 190 23.5 0 0 0
0.363 0x09 main_weld 1 1 0 0 0 0.0 0.0 190 23.5 0 0 0
0.402 0x09 main_weld 1 1 0 0 0 0.0 0.0 190 23.5 0 0 0
0.449 0x09 main_weld 1 1 0 0 0 0.0 0.0 190 23.5 0 0 0
0.484 0x09 main_weld 1 1 0 0 0 0.0 0.0 190 23.5 0 0 0
0.524 0x09 main_weld 1 1 0 0 0 0.0 0.0 190 23.5 0 0 0
0.568 0x09 main_weld 1 1 0 0 0 0.0 0.0 190 23.5 0 0 0
0.605 0x09 main_weld 1 1 0 0 0 0.0 0.0 190 23.5 0 0 0
0.645 0x09 main_weld 1 1 0 0 0 0.0 0.0 190 23.5 0 0 0
0.693 0x09 main_weld 1 1 0 0 0 0.0 0.0 190 23.5 0 0 0
0.723 0x09 main_weld 1 1 0 0 0 0.0 0.0 190 23.5 0 0 0
0.762 0x09 main_weld 1 1 0 0 0 0.0 0.0 190 23.5 0 0 0
0.801 0x09 main_weld 1 1 0 0 0 0.0 0.0 190 23.5 0 0 0
0.844 0x09 main_weld 1 1 0 0 0 0.0 0.0 190 23.5 0 0 0
0.881 0x0B main_weld 1 1 1 0 0 0.0 0.0 190 23.5 0 0 0
0.923 0x0B main_weld 1 1 1 0 0 0.0 0.0 190 23.5 0 0 0
0.967 0x0B main_weld 1 1 1 0 0 0.0 0.0 190 23.5 0 0 0
1.005 0x0B main_weld 1 1 1 0 0 0.0 0.0 190 23.5 0 0 0
1.041 0x0B main_weld 1 1 1 0 0 0.0 0.0 190 23.5 0 0 0
1.081 0x0B main_weld 1 1 1 0 0 0.0 0.0 190 23.5 0 0 0
1.122 0x0B main_weld 1 1 1 0 0 0.0 0.0 190 23.5 0 0 0
1.160 0x0B main_weld 1 1 1 0 0 0.0 0.0 190 23.5 0 0 0
1.203 0x0B main_weld 1 1 1 0 0 0.0 0.0 190 23.5 0 0 0
1.245 0x0B main_weld 1 1 1 0 0 0.0 0.0 190 23.5 0 0 0
1.285 0x0B main_weld 1 1 1 0 0 0.0 0.0 190 23.5 0 0 0
1.325 0x0B main_weld 1 1 1 0 0 0.0 0.0 190 23.5 0 0 0
1.366 0x0B main_weld 1 1 1 0 0 0.0 0.0 190 23.5 0 0 0
1.402 0x0B main_weld 1 1 1 0 0 0.0 0.0 190 23.5 0 0 0
1.446 0x0B main_weld 1 1 1 0 0 0.0 0.0 190 23.5 0 0 0
1.481 0x0B main_weld 1 1 1 0 0 0.0 0.0 190 23.5 0 0 0
1.522 0x0B main_weld 1 1 1 0 0 0.0 0.0 190 23.5 0 0 0
1.567 0x0B main_weld 1 1 1 0 0 0.0 0.0 190 23.5 0 0 0
1.601 0x0B main_weld 1 1 1 0 0 0.0 0.0 190 23.5 0 0 0
1.644 0x0B main_weld 1 1 1 0 0 0.0 0.0 190 23.5 0 0 0
1.685 0x0B main_weld 1 1 1 0 0 0.0 0.0 190 23.5 0 0 0
1.723 0x0B main_weld 1 1 1 0 0 0.0 0.0 190 23.5 0 0 0
1.766 0x0B main_weld 1 1 1 0 0 0.0 0.0 190 23.5 0 0 0
1.808 0x0B main_weld 1 1 1 0 0 0.0 0.0 190 23.5 0 0 0
1.849 0x0B main_weld 1 1 1 0 0 0.0 0.0 190 23.5 0 0 0
1.885 0x0B main_weld 1 1 1 0 0 0.0 0.0 190 23.5 0 0 0
1.925 0x0B main_weld 1 1 1 0 0 0.0 0.0 190 23.5 0 0 0
1.969 0x0B main_weld 1 1 1 0 0 0.0 0.0 190 23.5 0 0 0
2.009 0x0B main_weld 1 1 1 0 0 0.0 0.0 190 23.5 0 0 0
2.043 0x0B main_weld 1 1 1 0 0 0.0 0.0 190 23.5 0 0 0
2.083 0x0B main_weld 1 1 1 0 0 0.0 0.0 190 23.5 0 0 0
2.124 0x0B main_weld 1 1 1 0 0 0.0 0.0 190 23.5 0 0 0
2.168 0x0B main_weld 1 1 1 0 0 0.0 0.0 190 23.5 0 0 0
2.205 0x0B main_weld 1 1 1 0 0 0.0 0.0 190 23.5 0 0 0
2.244 0x0B main_weld 1 1 1 0 0 0.0 0.0 190 23.5 0 0 0
2.286 0x0B main_weld 1 1 1 0 0 0.0 0.0 190 23.5 0 0 0
2.327 0x0B main_weld 1 1 1 0 0 0.0 0.0 190 23.5 0 0 0
2.366 0x0B main_weld 1 1 1 0 0 0.0 0.0 190 23.5 0 0 0
2.403 0x0B main_weld 1 1 1 0 0 0.0 0.0 190 23.5 0 0 0
2.442 0x0B main_weld 1 1 1 0 0 0.0 0.0 190 23.5 0 0 0
2.485 0x0B main_weld 1 1 1 0 0 0.0 0.0 190 23.5 0 0 0
2.523 0x0B main_weld 1 1 1 0 0 0.0 0.0 190 23.5 0 0 0
2.561 0x0B main_weld 1 1 1 0 0 0.0 0.0 190 23.5 0 0 0
2.605 0x0B main_weld 1 1 1 0 0 0.0 0.0 190 23.5 0 0 0
2.644 0x0B main_weld 1 1 1 0 0 0.0 0.0 190 23.5 0 0 0
2.692 0x0B main_weld 1 1 1 0 0 0.0 0.0 190 23.5 0 0 0
2.722 0x0B main_weld 1 1 1 0 0 0.0 0.0 190 23.5 0 0 0
2.765 0x0B main_weld 1 1 1 0 0 0.0 0.0 190 23.5 0 0 0
2.804 0x0B main_weld 1 1 1 0 0 0.0 0.0 190 23.5 0 0 0
2.842 0x0B main_weld 1 1 1 0 0 0.0 0.0 190 23.5 0 0 0
2.882 0x0B main_weld 1 1 1 0 0 0.0 0.0 190 23.5 0 0 0
2.924 0x0B main_weld 1 1 1 0 0 0.0 0.0 190 23.5 0 0 0
2.962 0x0B main_weld 1 1 1 0 0 0.0 0.0 190 23.5 0 0 0
3.004 0x0B main_weld 1 1 1 0 0 0.0 0.0 190 23.5 0 0 0
3.045 0x0B main_weld 1 1 1 0 0 0.0 0.0 190 23.5 0 0 0
3.081 0x0B main_weld 1 1 1 0 0 0.0 0.0 190 23.5 0 0 0
3.124 0x0B main_weld 1 1 1 0 0 0.0 0.0 190 23.5 0 0 0
3.163 0x0B main_weld 1 1 1 0 0 0.0 0.0 190 23.5 0 0 0
3.200 0x0B main_weld 1 1 1 0 0 0.0 0.0 190 23.5 0 0 0
3.243 0x0B main_weld 1 1 1 0 0 0.0 0.0 190 23.5 0 0 0
3.280 0x0B main_weld 1 1 1 0 0 0.0 0.0 190 23.5 0 0 0
3.325 0x0B main_weld 1 1 1 0 0 0.0 0.0 190 23.5 0 0 0
3.368 0x0B main_weld 1 1 1 0 0 0.0 0.0 190 23.5 0 0 0
3.404 0x0B main_weld 1 1 1 0 0 0.0 0.0 190 23.5 0 0 0
3.443 0x0B main_weld 1 1 1 0 0 0.0 0.0 190 23.5 0 0 0
3.484 0x0B main_weld 1 1 1 0 0 0.0 0.0 190 23.5 0 0 0
3.535 0x0B main_weld 1 1 1 0 0 0.0 0.0 190 23.5 0 0 0
3.564 0x0B main_weld 1 1 1 0 0 0.0 0.0 190 23.5 0 0 0
3.604 0x0B main_weld 1 1 1 0 0 0.0 0.0 190 23.5 0 0 0
3.651 0x0B main_weld 1 1 1 0 0 0.0 0.0 190 23.5 0 0 0
3.687 0x0B main_weld 1 1 1 0 0 0.0 0.0 190 23.5 0 0 0
3.726 0x0B main_weld 1 1 1 0 0 0.0 0.0 190 23.5 0 0 0
3.767 0x0B main_weld 1 1 1 0 0 0.0 0.0 190 23.5 0 0 0
3.805 0x0B main_weld 1 1 1 0 0 0.0 0.0 190 23.5 0 0 0
3.845 0x0B main_weld 1 1 1 0 0 0.0 0.0 190 23.5 0 0 0
3.885 0x0B main_weld 1 1 1 0 0 0.0 0.0 190 23.5 0 0 0
3.921 0x0B main_weld 1 1 1 0 0 0.0 0.0 190 23.5 0 0 0
3.960 0x0B main_weld 1 1 1 0 0 0.0 0.0 190 23.5 0 0 0
4.006 0x0B main_weld 1 1 1 0 0 0.0 0.0 190 23.5 0 0 0
4.047 0x0B main_weld 1 1 1 0 0 0.0 0.0 190 23.5 0 0 0
4.087 0x0B main_weld 1 1 1 0 0 0.0 0.0 190 23.5 0 0 0
4.124 0x0B main_weld 1 1 1 0 0 0.0 0.0 190 23.5 0 0 0
4.168 0x0B main_weld 1 1 1 0 0 0.0 0.0 190 23.5 0 0 0
4.201 0x0B main_weld 1 1 1 0 0 0.0 0.0 190 23.5 0 0 0
4.240 0x0B main_weld 1 1 1 0 0 0.0 0.0 190 23.5 0 0 0
4.287 0x0B main_weld 1 1 1 0 0 0.0 0.0 190 23.5 0 0 0
4.322 0x0B main_weld 1 1 1 0 0 0.0 0.0 190 23.5 0 0 0
4.364 0x0B main_weld 1 1 1 0 0 0.0 0.0 190 23.5 0 0 0
4.403 0x0B main_weld 1 1 1 0 0 0.0 0.0 190 23.5 0 0 0
4.446 0x0B main_weld 1 1 1 0 0 0.0 0.0 190 23.5 0 0 0
4.483 0x0B main_weld 1 1 1 0 0 0.0 0.0 190 23.5 0 0 0
4.530 0x0B main_weld 1 1 1 0 0 0.0 0.0 190 23.5 0 0 0
4.560 0x0B main_weld 1 1 1 0 0 0.0 0.0 190 23.5 0 0 0
4.615 0x0B main_weld 1 1 1 0 0 0.0 0.0 190 23.5 0 0 0
4.647 0x0B main_weld 1 1 1 0 0 0.0 0.0 190 23.5 0 0 0
4.680 0x0B main_weld 1 1 1 0 0 0.0 0.0 190 23.5 0 0 0
4.724 0x0B main_weld 1 1 1 0 0 0.0 0.0 190 23.5 0 0 0
4.761 0x0B main_weld 1 1 1 0 0 0.0 0.0 190 23.5 0 0 0
4.814 0x0B main_weld 1 1 1 0 0 0.0 0.0 190 23.5 0 0 0
4.845 0x0B main_weld 1 1 1 0 0 0.0 0.0 190 23.5 0 0 0
4.885 0x0B main_weld 1 1 1 0 0 0.0 0.0 190 23.5 0 0 0
4.925 0x0B main_weld 1 1 1 0 0 0.0 0.0 190 23.5 0 0 0
4.962 0x0B main_weld 1 1 1 0 0 0.0 0.0 190 23.5 0 0 0
5.002 0x0B main_weld 1 1 1 0 0 0.0 0.0 190 23.5 0 0 0
5.045 0x0B main_weld 1 1 1 0 0 0.0 0.0 190 23.5 0 0 0

[tcp_trajectory]
elapsed_s x_m y_m z_m qx qy qz qw speed_m_s tf_stamp_s along_mm remaining_mm cross_track_mm progress waypoint phase
0.0015 0.1491072 -1.6688110 0.6781239 -0.40915064 0.66493810 -0.53530443 -0.32233872 0.000000 1789528238.762609959 -0.970 25.857 0.342 0.00000 -1 ACTUAL_TF
0.0161 0.1487811 -1.6687805 0.6780742 -0.40915215 0.66493936 -0.53531112 -0.32232308 0.005921 1789528238.818562031 -0.656 25.543 0.239 0.00000 -1 ACTUAL_TF
0.0614 0.1485020 -1.6687688 0.6780414 -0.40914366 0.66494862 -0.53530780 -0.32232028 0.005652 1789528238.874558210 -0.384 25.271 0.169 0.00000 -1 ACTUAL_TF
0.1170 0.1483717 -1.6687655 0.6780240 -0.40914123 0.66494875 -0.53531057 -0.32231850 0.004661 1789528238.930519819 -0.257 25.144 0.139 0.00000 -1 ACTUAL_TF
0.1711 0.1482580 -1.6687614 0.6780105 -0.40913549 0.66495310 -0.53530813 -0.32232086 0.003877 1789528238.986513138 -0.146 25.033 0.113 0.00000 -1 ACTUAL_TF
0.2322 0.1482022 -1.6687575 0.6779983 -0.40913361 0.66495667 -0.53530602 -0.32231937 0.003020 1789528239.042669058 -0.091 24.979 0.096 0.00000 -1 ACTUAL_TF
0.2858 0.1481709 -1.6687603 0.6779977 -0.40912967 0.66495689 -0.53530773 -0.32232110 0.002282 1789528239.098550320 -0.060 24.948 0.094 0.00000 -1 ACTUAL_TF
0.3427 0.1481496 -1.6687568 0.6779938 -0.40912828 0.66495836 -0.53530742 -0.32232033 0.001716 1789528239.154464483 -0.040 24.927 0.087 0.00000 -1 ACTUAL_TF
0.4001 0.1481377 -1.6687566 0.6779911 -0.40912787 0.66495822 -0.53530762 -0.32232082 0.001266 1789528239.210608006 -0.028 24.915 0.084 0.00000 -1 ACTUAL_TF
0.4507 0.1481293 -1.6687575 0.6779880 -0.40912592 0.66495921 -0.53530745 -0.32232152 0.000934 1789528239.266445637 -0.020 24.907 0.081 0.00000 -1 ACTUAL_TF
0.5126 0.1481242 -1.6687566 0.6779883 -0.40912487 0.66495961 -0.53530783 -0.32232140 0.000682 1789528239.322542429 -0.015 24.902 0.081 0.00000 -1 ACTUAL_TF
0.5645 0.1481258 -1.6687575 0.6779899 -0.40912550 0.66495786 -0.53530968 -0.32232114 0.000490 1789528239.378542662 -0.016 24.904 0.082 0.00000 -1 ACTUAL_TF
0.6244 0.1481195 -1.6687534 0.6779857 -0.40912574 0.66495867 -0.53530861 -0.32232093 0.000389 1789528239.434431791 -0.011 24.898 0.076 0.00000 -1 ACTUAL_TF
0.6729 0.1481133 -1.6687519 0.6779810 -0.40912558 0.66495998 -0.53530650 -0.32232195 0.000315 1789528239.490529776 -0.005 24.892 0.071 0.00000 -1 ACTUAL_TF
0.7351 0.1481133 -1.6687528 0.6779826 -0.40912497 0.66495898 -0.53530775 -0.32232269 0.000230 1789528239.546685696 -0.005 24.892 0.073 0.00000 -1 ACTUAL_TF
0.8453 0.1481121 -1.6687500 0.6779781 -0.40912473 0.66496030 -0.53530692 -0.32232167 0.000175 1789528239.658422947 -0.004 24.891 0.068 0.00000 -1 ACTUAL_TF
0.8957 0.1481121 -1.6687509 0.6779797 -0.40912410 0.66495927 -0.53530821 -0.32232244 0.000133 1789528239.714407682 -0.004 24.891 0.069 0.00000 -1 ACTUAL_TF
0.9564 0.1481081 -1.6687463 0.6779769 -0.40912498 0.66495831 -0.53530779 -0.32232399 0.000129 1789528239.770443201 -0.000 24.888 0.064 0.00000 -1 ACTUAL_TF
1.0172 0.1480922 -1.6687291 0.6779818 -0.40912686 0.66495297 -0.53530882 -0.32233091 0.000218 1789528239.826437473 0.011 24.877 0.059 0.00000 -1 ACTUAL_TF
1.0642 0.1480760 -1.6687158 0.6779981 -0.40912615 0.66493922 -0.53531926 -0.32234286 0.000296 1789528239.882261276 0.022 24.865 0.073 0.00000 -1 ACTUAL_TF
1.1252 0.1480766 -1.6687185 0.6780029 -0.40912304 0.66493692 -0.53532370 -0.32234415 0.000237 1789528239.938486814 0.022 24.865 0.078 0.00000 -1 ACTUAL_TF
1.1852 0.1480629 -1.6686987 0.6779982 -0.40912816 0.66493811 -0.53531736 -0.32234575 0.000297 1789528239.994666338 0.031 24.856 0.075 0.00000 -1 ACTUAL_TF
1.2350 0.1480629 -1.6686996 0.6779997 -0.40912755 0.66493711 -0.53531861 -0.32234650 0.000217 1789528240.050647497 0.031 24.856 0.077 0.00000 -1 ACTUAL_TF
1.2928 0.1480607 -1.6686969 0.6780000 -0.40912796 0.66493661 -0.53531845 -0.32234729 0.000171 1789528240.106417656 0.033 24.854 0.078 0.00000 -1 ACTUAL_TF
1.4076 0.1480584 -1.6686932 0.6779987 -0.40912904 0.66493715 -0.53531694 -0.32234730 0.000132 1789528240.218431950 0.034 24.853 0.078 0.00000 -1 ACTUAL_TF
2.1283 0.1480566 -1.6686904 0.6779942 -0.40913008 0.66493768 -0.53531549 -0.32234731 0.000095 1789528240.946242809 0.036 24.851 0.075 0.00000 -1 ACTUAL_TF
2.2415 0.1480590 -1.6686941 0.6779955 -0.40912900 0.66493713 -0.53531699 -0.32234730 0.000078 1789528241.058744669 0.034 24.853 0.075 0.00000 -1 ACTUAL_TF
2.5255 0.1480571 -1.6686912 0.6779909 -0.40913008 0.66493768 -0.53531549 -0.32234731 0.000061 1789528241.338505983 0.036 24.851 0.071 0.00000 -1 ACTUAL_TF
2.5806 0.1480594 -1.6686947 0.6779922 -0.40912904 0.66493715 -0.53531694 -0.32234730 0.000066 1789528241.394604683 0.034 24.853 0.071 0.00000 -1 ACTUAL_TF
2.6373 0.1480617 -1.6686984 0.6779935 -0.40912796 0.66493661 -0.53531845 -0.32234729 0.000071 1789528241.450534344 0.033 24.855 0.071 0.00000 -1 ACTUAL_TF
2.8020 0.1480599 -1.6686956 0.6779891 -0.40912900 0.66493713 -0.53531699 -0.32234730 0.000060 1789528241.618534803 0.034 24.853 0.068 0.00000 -1 ACTUAL_TF
2.9103 0.1480621 -1.6686992 0.6779904 -0.40912796 0.66493661 -0.53531845 -0.32234729 0.000053 1789528241.730445623 0.033 24.855 0.068 0.00000 -1 ACTUAL_TF
3.0790 0.1480603 -1.6686963 0.6779857 -0.40912904 0.66493715 -0.53531694 -0.32234730 0.000048 1789528241.898452520 0.034 24.853 0.064 0.00000 -1 ACTUAL_TF
3.1407 0.1480642 -1.6686999 0.6779871 -0.40912920 0.66493585 -0.53531905 -0.32234628 0.000063 1789528241.954616785 0.031 24.856 0.064 0.00000 -1 ACTUAL_TF
3.2519 0.1480642 -1.6686990 0.6779854 -0.40912983 0.66493688 -0.53531776 -0.32234551 0.000049 1789528242.066449404 0.031 24.856 0.063 0.00000 -1 ACTUAL_TF
3.3112 0.1480664 -1.6687025 0.6779867 -0.40912879 0.66493636 -0.53531921 -0.32234549 0.000058 1789528242.122431755 0.030 24.858 0.063 0.00000 -1 ACTUAL_TF
3.4185 0.1480646 -1.6686988 0.6779807 -0.40913043 0.66493788 -0.53531651 -0.32234476 0.000060 1789528242.234590530 0.031 24.856 0.058 0.00000 -1 ACTUAL_TF
3.4751 0.1480669 -1.6687025 0.6779821 -0.40912936 0.66493733 -0.53531801 -0.32234475 0.000067 1789528242.290334463 0.030 24.858 0.059 0.00000 -1 ACTUAL_TF
3.5350 0.1480669 -1.6687016 0.6779804 -0.40912999 0.66493836 -0.53531672 -0.32234397 0.000057 1789528242.346464396 0.029 24.858 0.057 0.00000 -1 ACTUAL_TF
3.7012 0.1480673 -1.6687013 0.6779756 -0.40913063 0.66493938 -0.53531542 -0.32234323 0.000048 1789528242.514407158 0.029 24.858 0.052 0.00000 -1 ACTUAL_TF
3.8623 0.1480673 -1.6687004 0.6779739 -0.40913126 0.66494041 -0.53531412 -0.32234245 0.000037 1789528242.682409763 0.029 24.858 0.051 0.00000 -1 ACTUAL_TF
3.9779 0.1480696 -1.6687031 0.6779737 -0.40913079 0.66494086 -0.53531438 -0.32234169 0.000036 1789528242.794498682 0.028 24.859 0.050 0.00000 -1 ACTUAL_TF
4.0314 0.1480678 -1.6687003 0.6779693 -0.40913183 0.66494138 -0.53531292 -0.32234171 0.000055 1789528242.850373268 0.029 24.858 0.047 0.00000 -1 ACTUAL_TF
4.0905 0.1480678 -1.6686994 0.6779677 -0.40913246 0.66494241 -0.53531163 -0.32234094 0.000048 1789528242.906407356 0.029 24.858 0.045 0.00000 -1 ACTUAL_TF
4.1534 0.1480678 -1.6686985 0.6779660 -0.40913308 0.66494344 -0.53531034 -0.32234016 0.000044 1789528242.962462664 0.029 24.858 0.044 0.00000 -1 ACTUAL_TF
4.2603 0.1480700 -1.6687020 0.6779673 -0.40913204 0.66494292 -0.53531179 -0.32234015 0.000042 1789528243.074489355 0.028 24.860 0.044 0.00000 -1 ACTUAL_TF
4.3093 0.1480700 -1.6687011 0.6779658 -0.40913265 0.66494391 -0.53531054 -0.32233940 0.000039 1789528243.130667925 0.028 24.860 0.043 0.00000 -1 ACTUAL_TF
4.4249 0.1480700 -1.6687002 0.6779642 -0.40913328 0.66494494 -0.53530925 -0.32233863 0.000033 1789528243.242368937 0.028 24.860 0.041 0.00000 -1 ACTUAL_TF
4.4874 0.1480681 -1.6686973 0.6779595 -0.40913436 0.66494549 -0.53530774 -0.32233865 0.000054 1789528243.298532724 0.029 24.858 0.038 0.00000 -1 ACTUAL_TF
4.5473 0.1480681 -1.6686964 0.6779580 -0.40913496 0.66494648 -0.53530649 -0.32233790 0.000047 1789528243.354447126 0.029 24.858 0.037 0.00000 -1 ACTUAL_TF
4.5969 0.1480704 -1.6687000 0.6779593 -0.40913388 0.66494594 -0.53530800 -0.32233789 0.000057 1789528243.410558939 0.028 24.860 0.037 0.00000 -1 ACTUAL_TF
4.6599 0.1480704 -1.6686991 0.6779577 -0.40913451 0.66494697 -0.53530670 -0.32233711 0.000050 1789528243.466600180 0.027 24.860 0.036 0.00000 -1 ACTUAL_TF
4.7617 0.1480704 -1.6686982 0.6779562 -0.40913512 0.66494796 -0.53530545 -0.32233637 0.000040 1789528243.578485966 0.027 24.860 0.035 0.00000 -1 ACTUAL_TF
4.8256 0.1480704 -1.6686973 0.6779546 -0.40913575 0.66494899 -0.53530416 -0.32233559 0.000038 1789528243.634595394 0.027 24.860 0.034 0.00000 -1 ACTUAL_TF
4.9328 0.1480726 -1.6686999 0.6779543 -0.40913531 0.66494946 -0.53530436 -0.32233484 0.000036 1789528243.746433735 0.026 24.861 0.032 0.00000 -1 ACTUAL_TF
4.9901 0.1480726 -1.6686990 0.6779527 -0.40913594 0.66495049 -0.53530307 -0.32233406 0.000035 1789528243.802399397 0.026 24.862 0.031 0.00000 -1 ACTUAL_TF
