WELD FEEDBACK LOG
result=completed
started=2026-09-17 14:05:20
ended=2026-09-17 14:05:30
elapsed_seconds=10.112

================ OPERATOR OVERVIEW ================
REQUESTED : 220 A / 26.0 V · FE-SOLID 1.2 mm · LSM · CO2 100%
RX ECHO   : 220 A / 26.0 V · MATCH=YES
CURRENT FB: no positive feedback A
VOLTAGE FB: no positive feedback V
WIRE FEED : no positive feedback m/min
ARC ON    : 0.000 s
NET WELD  : 0.000 s
WIRE USED : 0.000 mm (base 0.000 + alpha 0.000)
WEAVE     : OFF
WCR       : NOT DETECTED
SAMPLES   : RX 253 / welding 0 / TCP 182
===================================================

[commanded]
current_a=220
voltage_tenths=260
voltage=26.0
material=FE-SOLID
diameter_mm=1.2
mode=LSM
gas=CO2 100%
synergic=False
correction=0.0
hot_start_enabled=True
hot_start_percent=5.0
hot_start_hold_adjustment=1
crater_enabled=False
crater_percent=27.27272727272727
crater_current_a=60.0
crater_voltage_v=25.0
crater_seconds=1.0
wire_consumable_alpha_mm=0.0
hot_start_current_a=231

[rx_setting_echo]
current_a=220
voltage_v=26.0
hot_start_current_a=0
hot_start_hold_adjustment=-15

[rx_welding_setting_echo]

[execution_conditions]
mode=sequence_execute
run_all=True
touch_io_backend=fastech_ethernet
touch_input_port=4
touch_sensing_output_port=0
fastech_ip=192.168.0.3
fastech_poll_target_hz=100.0
hicomm_source_ip=192.168.1.2
hicomm_welder_ip=192.168.1.10
hicomm_port=60000
gui_velocity_percent=36.95263157894737
gui_speed_mode=scale
gui_tcp_speed_mm_s=10.0
gui_interpolation_step_mm=5.0
seam_orientation_mode=Wait poses + fixed World-XYZ tilt
weld_fixed_tilt_x_deg=0.0
weld_fixed_tilt_y_deg=0.0
weld_fixed_tilt_z_deg=-0.0
weld_weave_enabled=False
weld_weave_pattern=sine
weld_weave_pitch_mm=8.0
weld_weave_left_dwell_s=0.2
weld_weave_right_dwell_s=0.2
weld_weave_amplitude_mm=4.0
weld_weave_cycles=0
weld_weave_actual_pitch_mm=0.0
weld_weave_amplitude_definition=centerline +/- A mm; full width = 2A
weld_weave_samples_per_cycle=12
weld_weave_axis=tool_x
weld_lead_in_mm=0.0
weld_lead_out_mm=0.0
weld_safe_approach_mm=30.0
weld_approach_mode=taught_wait
weld_pre_start_lead_mm=0.0
weld_tcp_speed_mm_s=6.0
weld_arc_off_delay_ms=0.0
tcp_tracking.parent_frame=World
tcp_tracking.child_frame=right_manipulator_ee_point
tcp_tracking.timestamp_source=TF_header_stamp
initial_fastech_di0=False
initial_fastech_do0=True
robot_connected.left=True
robot_connected.right=True
robot_connected.head=True
hicomm_connected=True
execution_allowed=True
steps[0].sequence_number=1
steps[0].type=named_pose
steps[0].parallel_slot=1
steps[0].duration=0.0
steps[0].planning_group=right_manipulator
steps[0].velocity_scale=0.3695263157894737
steps[0].tcp_speed_m_s=0.0
steps[0].pose_name=weld_start_wait
steps[0].pose_label=3 · Weld start wait pose
steps[0].touch_guard=False
steps[0].continue_after_touch=False
steps[0].weld_scenario_id=weld-83668740718636
steps[0].weld_scenario_stage=start_wait
steps[0].target_tcp.position_m.x=-0.019758439590067983
steps[0].target_tcp.position_m.y=-1.682099472193571
steps[0].target_tcp.position_m.z=0.6780509572223705
steps[0].target_tcp.orientation_xyzw.x=-0.43571337465481513
steps[0].target_tcp.orientation_xyzw.y=0.6334892586568713
steps[0].target_tcp.orientation_xyzw.z=-0.5283124931240927
steps[0].target_tcp.orientation_xyzw.w=-0.36018207051751716
steps[0].joint_names[0]=right_manipulator_joint1
steps[0].joint_names[1]=right_manipulator_joint2
steps[0].joint_names[2]=right_manipulator_joint3
steps[0].joint_names[3]=right_manipulator_joint4
steps[0].joint_names[4]=right_manipulator_joint5
steps[0].joint_names[5]=right_manipulator_joint6
steps[0].joint_positions_rad[0]=5.108273735379367
steps[0].joint_positions_rad[1]=1.325621455784458
steps[0].joint_positions_rad[2]=1.8904680692942308
steps[0].joint_positions_rad[3]=3.5291089574911143
steps[0].joint_positions_rad[4]=1.4563742763499146
steps[0].joint_positions_rad[5]=1.4457313525275766
steps[1].sequence_number=2
steps[1].type=motion
steps[1].parallel_slot=2
steps[1].duration=0.0
steps[1].planning_group=right_manipulator
steps[1].velocity_scale=0.3695263157894737
steps[1].tcp_speed_m_s=0.0
steps[1].interpolation_step=0.005
steps[1].path_kind=taught_wait_align_weld_attitude
steps[1].touch_guard=False
steps[1].continue_after_touch=False
steps[1].accept_initial_touch=False
steps[1].weld_scenario_id=weld-83668740718636
steps[1].weld_scenario_stage=start_safe
steps[1].waypoint_count=1
steps[1].waypoints[0].position_m.x=-0.019758439590067983
steps[1].waypoints[0].position_m.y=-1.682099472193571
steps[1].waypoints[0].position_m.z=0.6780509572223705
steps[1].waypoints[0].orientation_xyzw.x=-0.43809858236890825
steps[1].waypoints[0].orientation_xyzw.y=0.6318420829709531
steps[1].waypoints[0].orientation_xyzw.z=-0.5296666532055678
steps[1].waypoints[0].orientation_xyzw.w=-0.35818773121827197
steps[2].sequence_number=3
steps[2].type=motion
steps[2].parallel_slot=3
steps[2].duration=0.0
steps[2].planning_group=right_manipulator
steps[2].velocity_scale=0.3695263157894737
steps[2].tcp_speed_m_s=0.0
steps[2].interpolation_step=0.005
steps[2].path_kind=taught_wait_to_weld_start
steps[2].touch_guard=False
steps[2].continue_after_touch=True
steps[2].accept_initial_touch=False
steps[2].weld_scenario_id=weld-83668740718636
steps[2].weld_scenario_stage=start_contact
steps[2].waypoint_count=1
steps[2].waypoints[0].position_m.x=-0.019717402378628873
steps[2].waypoints[0].position_m.y=-1.6834371611427954
steps[2].waypoints[0].position_m.z=0.6757726671953498
steps[2].waypoints[0].orientation_xyzw.x=-0.43809858236890825
steps[2].waypoints[0].orientation_xyzw.y=0.6318420829709531
steps[2].waypoints[0].orientation_xyzw.z=-0.5296666532055678
steps[2].waypoints[0].orientation_xyzw.w=-0.35818773121827197
steps[3].sequence_number=4
steps[3].type=digital_weld
steps[3].parallel_slot=5
steps[3].duration=0.0
steps[3].command=on
steps[3].weld_scenario_id=weld-83668740718636
steps[3].weld_scenario_stage=arc_on
steps[3].settings.current_a=220
steps[3].settings.voltage_tenths=260
steps[3].settings.voltage=26.0
steps[3].settings.material=FE-SOLID
steps[3].settings.diameter_mm=1.2
steps[3].settings.mode=LSM
steps[3].settings.gas=CO2 100%
steps[3].settings.synergic=False
steps[3].settings.correction=0.0
steps[3].settings.hot_start_enabled=True
steps[3].settings.hot_start_percent=5.0
steps[3].settings.hot_start_hold_adjustment=1
steps[3].settings.crater_enabled=False
steps[3].settings.crater_percent=27.27272727272727
steps[3].settings.crater_current_a=60.0
steps[3].settings.crater_voltage_v=25.0
steps[3].settings.crater_seconds=1.0
steps[3].settings.wire_consumable_alpha_mm=0.0
steps[3].settings.hot_start_current_a=231
steps[4].sequence_number=5
steps[4].type=motion
steps[4].parallel_slot=5
steps[4].duration=0.0
steps[4].planning_group=right_manipulator
steps[4].velocity_scale=0.3695263157894737
steps[4].tcp_speed_m_s=0.006
steps[4].interpolation_step=0.005
steps[4].path_kind=continuous_sensed_start_to_sensed_goal_weld_fastech_di0_ignored
steps[4].touch_guard=False
steps[4].weld_scenario_id=weld-83668740718636
steps[4].weld_scenario_stage=weld_motion
steps[4].lead_in_mm=0.0
steps[4].lead_out_mm=0.0
steps[4].linear_motion_profile=True
steps[4].weld_weave_enabled=False
steps[4].weld_weave_pattern=sine
steps[4].weld_weave_amplitude_mm=4.0
steps[4].weld_weave_pitch_mm=8.0
steps[4].weld_weave_cycles=0
steps[4].weld_weave_actual_pitch_mm=0.0
steps[4].weld_weave_left_dwell_s=0.2
steps[4].weld_weave_right_dwell_s=0.2
steps[4].weld_weave_axis=tool_x
steps[4].waypoint_count=2
steps[4].waypoints[0].position_m.x=-0.019717402378628873
steps[4].waypoints[0].position_m.y=-1.6834371611427954
steps[4].waypoints[0].position_m.z=0.6757726671953498
steps[4].waypoints[0].orientation_xyzw.x=-0.43809858236890825
steps[4].waypoints[0].orientation_xyzw.y=0.6318420829709531
steps[4].waypoints[0].orientation_xyzw.z=-0.5296666532055678
steps[4].waypoints[0].orientation_xyzw.w=-0.35818773121827197
steps[4].waypoints[1].position_m.x=0.0337487199498048
steps[4].waypoints[1].position_m.y=-1.6814710368261898
steps[4].waypoints[1].position_m.z=0.6755813121882464
steps[4].waypoints[1].orientation_xyzw.x=-0.4380756534067631
steps[4].waypoints[1].orientation_xyzw.y=0.6318388061634845
steps[4].waypoints[1].orientation_xyzw.z=-0.5296864999965105
steps[4].waypoints[1].orientation_xyzw.w=-0.35819220627979464
steps[4].lead_start.position_m.x=-0.019717402378628873
steps[4].lead_start.position_m.y=-1.6834371611427954
steps[4].lead_start.position_m.z=0.6757726671953498
steps[4].lead_start.orientation_xyzw.x=-0.43809858236890825
steps[4].lead_start.orientation_xyzw.y=0.6318420829709531
steps[4].lead_start.orientation_xyzw.z=-0.5296666532055678
steps[4].lead_start.orientation_xyzw.w=-0.35818773121827197
steps[4].usable_seam_start.position_m.x=-0.019717402378628873
steps[4].usable_seam_start.position_m.y=-1.6834371611427954
steps[4].usable_seam_start.position_m.z=0.6757726671953498
steps[4].usable_seam_start.orientation_xyzw.x=-0.43809858236890825
steps[4].usable_seam_start.orientation_xyzw.y=0.6318420829709531
steps[4].usable_seam_start.orientation_xyzw.z=-0.5296666532055678
steps[4].usable_seam_start.orientation_xyzw.w=-0.35818773121827197
steps[4].usable_seam_goal.position_m.x=0.0337487199498048
steps[4].usable_seam_goal.position_m.y=-1.6814710368261898
steps[4].usable_seam_goal.position_m.z=0.6755813121882464
steps[4].usable_seam_goal.orientation_xyzw.x=-0.4380756534067631
steps[4].usable_seam_goal.orientation_xyzw.y=0.6318388061634845
steps[4].usable_seam_goal.orientation_xyzw.z=-0.5296864999965105
steps[4].usable_seam_goal.orientation_xyzw.w=-0.35819220627979464
steps[4].lead_end.position_m.x=0.0337487199498048
steps[4].lead_end.position_m.y=-1.6814710368261898
steps[4].lead_end.position_m.z=0.6755813121882464
steps[4].lead_end.orientation_xyzw.x=-0.4380756534067631
steps[4].lead_end.orientation_xyzw.y=0.6318388061634845
steps[4].lead_end.orientation_xyzw.z=-0.5296864999965105
steps[4].lead_end.orientation_xyzw.w=-0.35819220627979464
steps[5].sequence_number=6
steps[5].type=digital_weld
steps[5].parallel_slot=5
steps[5].duration=0.0
steps[5].velocity_scale=0.3695263157894737
steps[5].tcp_speed_m_s=0.006
steps[5].command=off
steps[5].weld_scenario_id=weld-83668740718636
steps[5].weld_scenario_stage=arc_off
steps[5].path_to_seam_speed_factor=1.0
steps[5].trigger_before_goal=True
steps[5].arc_off_delay_s=0.0
steps[5].settings.current_a=220
steps[5].settings.voltage_tenths=260
steps[5].settings.voltage=26.0
steps[5].settings.material=FE-SOLID
steps[5].settings.diameter_mm=1.2
steps[5].settings.mode=LSM
steps[5].settings.gas=CO2 100%
steps[5].settings.synergic=False
steps[5].settings.correction=0.0
steps[5].settings.hot_start_enabled=True
steps[5].settings.hot_start_percent=5.0
steps[5].settings.hot_start_hold_adjustment=1
steps[5].settings.crater_enabled=False
steps[5].settings.crater_percent=27.27272727272727
steps[5].settings.crater_current_a=60.0
steps[5].settings.crater_voltage_v=25.0
steps[5].settings.crater_seconds=1.0
steps[5].settings.wire_consumable_alpha_mm=0.0
steps[5].settings.hot_start_current_a=231
steps[6].sequence_number=7
steps[6].type=motion
steps[6].parallel_slot=6
steps[6].duration=0.0
steps[6].planning_group=right_manipulator
steps[6].velocity_scale=0.3695263157894737
steps[6].tcp_speed_m_s=0.0
steps[6].interpolation_step=0.005
steps[6].path_kind=weld_end_to_taught_wait_fixed_attitude
steps[6].pose_name=weld_goal_wait
steps[6].pose_label=5 · Weld goal wait pose
steps[6].touch_guard=False
steps[6].continue_after_touch=False
steps[6].weld_scenario_id=weld-83668740718636
steps[6].weld_scenario_stage=goal_wait
steps[6].waypoint_count=1
steps[6].waypoints[0].position_m.x=0.03372981229895555
steps[6].waypoints[0].position_m.y=-1.6805362859592525
steps[6].waypoints[0].position_m.z=0.6799026918517388
steps[6].waypoints[0].orientation_xyzw.x=-0.4380756534067631
steps[6].waypoints[0].orientation_xyzw.y=0.6318388061634845
steps[6].waypoints[0].orientation_xyzw.z=-0.5296864999965105
steps[6].waypoints[0].orientation_xyzw.w=-0.35819220627979464
steps[7].sequence_number=8
steps[7].type=named_pose
steps[7].parallel_slot=7
steps[7].duration=0.0
steps[7].planning_group=right_manipulator
steps[7].velocity_scale=0.3695263157894737
steps[7].tcp_speed_m_s=0.0
steps[7].pose_name=weld_finish
steps[7].pose_label=7 · Weld end pose
steps[7].touch_guard=False
steps[7].continue_after_touch=False
steps[7].weld_scenario_id=weld-83668740718636
steps[7].weld_scenario_stage=finish
steps[7].target_tcp.position_m.x=0.03374943314549039
steps[7].target_tcp.position_m.y=-1.6540034193254145
steps[7].target_tcp.position_m.z=0.715025635008381
steps[7].target_tcp.orientation_xyzw.x=-0.43566855184384345
steps[7].target_tcp.orientation_xyzw.y=0.6334744147875092
steps[7].target_tcp.orientation_xyzw.z=-0.5283694748098694
steps[7].target_tcp.orientation_xyzw.w=-0.3601788123044635
steps[7].joint_names[0]=right_manipulator_joint1
steps[7].joint_names[1]=right_manipulator_joint2
steps[7].joint_names[2]=right_manipulator_joint3
steps[7].joint_names[3]=right_manipulator_joint4
steps[7].joint_names[4]=right_manipulator_joint5
steps[7].joint_names[5]=right_manipulator_joint6
steps[7].joint_positions_rad[0]=5.1848284314425666
steps[7].joint_positions_rad[1]=1.2821876952502465
steps[7].joint_positions_rad[2]=1.93160458707214
steps[7].joint_positions_rad[3]=3.604953654807699
steps[7].joint_positions_rad[4]=1.4520875191012685
steps[7].joint_positions_rad[5]=1.4500105197671158
steps[8].sequence_number=9
steps[8].type=digital_output
steps[8].parallel_slot=8
steps[8].duration=0.0
steps[8].port=0
steps[8].value=True
steps[8].weld_scenario_id=weld-83668740718636
steps[8].weld_scenario_stage=touch_output_on
hicomm_cyclic_period_ms=40.0
arc_wait_recognition=True
arc_wait_main_welding=True
arc_wait_established=True
arc_establishment_timeout_s=5.0

[summary]
rx_samples=253
welding_samples=0
wcr_seen=0
current_a.min=None
current_a.average=None
current_a.max=None
voltage_v.min=None
voltage_v.average=None
voltage_v.max=None
wire_feed_m_min.min=None
wire_feed_m_min.average=None
wire_feed_m_min.max=None

[production_metrics]
arc_started_elapsed_s=None
arc_completed_elapsed_s=None
arc_on_time_s=0.0
main_weld_arc_time_s=0.0
crater_arc_time_s=0.0
weld_motion_start_elapsed_s=0.04868134799471591
weld_motion_complete_elapsed_s=10.104055353993317
weld_motion_duration_s=10.055374005998601
net_weld_arc_time_s=0.0
wire_feed_average_m_min=0.0
wire_consumable_base_mm=0.0
wire_consumable_alpha_mm=0.0
wire_consumable_mm=0.0
wire_consumable_formula=integral(WFS*1000/60*dt)+alpha
weld_motion_start_unix_time=1789621520.6718397
weld_motion_start_wall_time=2026-09-17 14:05:20.671
weld_motion_complete_unix_time=1789621530.727214
weld_motion_complete_wall_time=2026-09-17 14:05:30.727

[arc_off_control]

[teaching_snapshot_yaml]
robot_start:
  planning_group: right_manipulator
  joint_state:
    names:
    - right_manipulator_joint1
    - right_manipulator_joint2
    - right_manipulator_joint3
    - right_manipulator_joint4
    - right_manipulator_joint5
    - right_manipulator_joint6
    positions_rad:
    - 5.272090632984539
    - 1.1319069796756747
    - 2.106417676818249
    - 3.6901007738119302
    - 1.4686233526256796
    - 1.4680081624138712
  tcp_pose_world:
    position_m:
      x: 0.0593687026100857
      y: -1.566580876666292
      z: 0.8404797210507349
    orientation_xyzw:
      x: -0.435964943840794
      y: 0.633785310019272
      z: -0.5278153609885844
      w: -0.36008567487496485
weld_wait:
  planning_group: right_manipulator
  joint_state:
    names:
    - right_manipulator_joint1
    - right_manipulator_joint2
    - right_manipulator_joint3
    - right_manipulator_joint4
    - right_manipulator_joint5
    - right_manipulator_joint6
    positions_rad:
    - 5.116482663123427
    - 1.2840481795877758
    - 1.9530954981207522
    - 3.536391371491936
    - 1.4756325262986592
    - 1.454452938781477
  tcp_pose_world:
    position_m:
      x: -0.024663663255563212
      y: -1.6541218108581124
      z: 0.7151550325816947
    orientation_xyzw:
      x: -0.43569661139275795
      y: 0.6334772972744478
      z: -0.5283290120173573
      w: -0.3601991556340635
weld_start_wait:
  planning_group: right_manipulator
  joint_state:
    names:
    - right_manipulator_joint1
    - right_manipulator_joint2
    - right_manipulator_joint3
    - right_manipulator_joint4
    - right_manipulator_joint5
    - right_manipulator_joint6
    positions_rad:
    - 5.108273735379367
    - 1.325621455784458
    - 1.8904680692942308
    - 3.5291089574911143
    - 1.4563742763499146
    - 1.4457313525275766
  tcp_pose_world:
    position_m:
      x: -0.019758439590067983
      y: -1.682099472193571
      z: 0.6780509572223705
    orientation_xyzw:
      x: -0.43571337465481513
      y: 0.6334892586568713
      z: -0.5283124931240927
      w: -0.36018207051751716
weld_start:
  planning_group: right_manipulator
  joint_state:
    names:
    - right_manipulator_joint1
    - right_manipulator_joint2
    - right_manipulator_joint3
    - right_manipulator_joint4
    - right_manipulator_joint5
    - right_manipulator_joint6
    positions_rad:
    - 5.103991453678262
    - 1.3282962647939986
    - 1.888191886499449
    - 3.517389339136106
    - 1.4570718152465207
    - 1.445059275769187
  tcp_pose_world:
    position_m:
      x: -0.019717402378628873
      y: -1.6834371611427954
      z: 0.6757726671953498
    orientation_xyzw:
      x: -0.43809858236890825
      y: 0.6318420829709531
      z: -0.5296666532055678
      w: -0.35818773121827197
weld_goal_wait:
  planning_group: right_manipulator
  joint_state:
    names:
    - right_manipulator_joint1
    - right_manipulator_joint2
    - right_manipulator_joint3
    - right_manipulator_joint4
    - right_manipulator_joint5
    - right_manipulator_joint6
    positions_rad:
    - 5.16989129352053
    - 1.3221775890208218
    - 1.874254877735883
    - 3.591151556142254
    - 1.4368539713499064
    - 1.4413837420480222
  tcp_pose_world:
    position_m:
      x: 0.03372981229895555
      y: -1.6805362859592525
      z: 0.6799026918517388
    orientation_xyzw:
      x: -0.4356904582094423
      y: 0.6334858954287033
      z: -0.5283323229026556
      w: -0.3601866203711963
weld_end:
  planning_group: right_manipulator
  joint_state:
    names:
    - right_manipulator_joint1
    - right_manipulator_joint2
    - right_manipulator_joint3
    - right_manipulator_joint4
    - right_manipulator_joint5
    - right_manipulator_joint6
    positions_rad:
    - 5.165897750073666
    - 1.327308003036757
    - 1.8708078121504355
    - 3.579616130938522
    - 1.4386494314032803
    - 1.441528800474988
  tcp_pose_world:
    position_m:
      x: 0.0337487199498048
      y: -1.6814710368261898
      z: 0.6755813121882464
    orientation_xyzw:
      x: -0.4380756534067631
      y: 0.6318388061634845
      z: -0.5296864999965105
      w: -0.35819220627979464
weld_finish:
  planning_group: right_manipulator
  joint_state:
    names:
    - right_manipulator_joint1
    - right_manipulator_joint2
    - right_manipulator_joint3
    - right_manipulator_joint4
    - right_manipulator_joint5
    - right_manipulator_joint6
    positions_rad:
    - 5.1848284314425666
    - 1.2821876952502465
    - 1.93160458707214
    - 3.604953654807699
    - 1.4520875191012685
    - 1.4500105197671158
  tcp_pose_world:
    position_m:
      x: 0.03374943314549039
      y: -1.6540034193254145
      z: 0.715025635008381
    orientation_xyzw:
      x: -0.43566855184384345
      y: 0.6334744147875092
      z: -0.5283694748098694
      w: -0.3601788123044635

[touch_snapshot_yaml]
start_floor:
  position_m:
    x: -0.019734270902969808
    y: -1.6821286499203774
    z: 0.6757725866151902
  orientation_xyzw:
    x: -0.43568815629411406
    y: 0.6334923672329417
    z: -0.5283224388297146
    w: -0.3601925203993857
start_wall:
  position_m:
    x: -0.019706925321365504
    y: -1.6834362362836772
    z: 0.6780850182487699
  orientation_xyzw:
    x: -0.43568440422840243
    y: 0.6334763884112903
    z: -0.5283391845264357
    w: -0.3602005987383572
goal_floor:
  position_m:
    x: 0.0334934561254599
    y: -1.6805255998623285
    z: 0.675582122971633
  orientation_xyzw:
    x: -0.4357276922757732
    y: 0.633476006749833
    z: -0.5283074672702418
    w: -0.36019542901432977
goal_wall:
  position_m:
    x: 0.033561766553081074
    y: -1.681476943025914
    z: 0.6797333029762354
  orientation_xyzw:
    x: -0.43576126525704395
    y: 0.6335180228998346
    z: -0.528259841897767
    w: -0.36015076537585083

[samples]
elapsed_s raw0 state arc gas fwd wcr current_a voltage_v wire_feed_m_min set_current_a set_voltage_v error db collision
0.007 0x00 idle 0 0 0 0 0 0.0 0.0 220 26.0 0 0 0
0.046 0x00 idle 0 0 0 0 0 0.0 0.0 220 26.0 0 0 0
0.098 0x00 idle 0 0 0 0 0 0.0 0.0 220 26.0 0 0 0
0.125 0x00 idle 0 0 0 0 0 0.0 0.0 220 26.0 0 0 0
0.162 0x00 idle 0 0 0 0 0 0.0 0.0 220 26.0 0 0 0
0.202 0x00 idle 0 0 0 0 0 0.0 0.0 220 26.0 0 0 0
0.246 0x00 idle 0 0 0 0 0 0.0 0.0 220 26.0 0 0 0
0.287 0x00 idle 0 0 0 0 0 0.0 0.0 220 26.0 0 0 0
0.322 0x00 idle 0 0 0 0 0 0.0 0.0 220 26.0 0 0 0
0.365 0x00 idle 0 0 0 0 0 0.0 0.0 220 26.0 0 0 0
0.406 0x00 idle 0 0 0 0 0 0.0 0.0 220 26.0 0 0 0
0.446 0x00 idle 0 0 0 0 0 0.0 0.0 220 26.0 0 0 0
0.484 0x00 idle 0 0 0 0 0 0.0 0.0 220 26.0 0 0 0
0.522 0x00 idle 0 0 0 0 0 0.0 0.0 220 26.0 0 0 0
0.570 0x00 idle 0 0 0 0 0 0.0 0.0 220 26.0 0 0 0
0.606 0x00 idle 0 0 0 0 0 0.0 0.0 220 26.0 0 0 0
0.645 0x00 idle 0 0 0 0 0 0.0 0.0 220 26.0 0 0 0
0.684 0x00 idle 0 0 0 0 0 0.0 0.0 220 26.0 0 0 0
0.725 0x00 idle 0 0 0 0 0 0.0 0.0 220 26.0 0 0 0
0.763 0x00 idle 0 0 0 0 0 0.0 0.0 220 26.0 0 0 0
0.808 0x00 idle 0 0 0 0 0 0.0 0.0 220 26.0 0 0 0
0.847 0x00 idle 0 0 0 0 0 0.0 0.0 220 26.0 0 0 0
0.886 0x00 idle 0 0 0 0 0 0.0 0.0 220 26.0 0 0 0
0.927 0x00 idle 0 0 0 0 0 0.0 0.0 220 26.0 0 0 0
0.964 0x00 idle 0 0 0 0 0 0.0 0.0 220 26.0 0 0 0
1.001 0x00 idle 0 0 0 0 0 0.0 0.0 220 26.0 0 0 0
1.040 0x00 idle 0 0 0 0 0 0.0 0.0 220 26.0 0 0 0
1.087 0x00 idle 0 0 0 0 0 0.0 0.0 220 26.0 0 0 0
1.122 0x00 idle 0 0 0 0 0 0.0 0.0 220 26.0 0 0 0
1.181 0x00 idle 0 0 0 0 0 0.0 0.0 220 26.0 0 0 0
1.207 0x00 idle 0 0 0 0 0 0.0 0.0 220 26.0 0 0 0
1.245 0x00 idle 0 0 0 0 0 0.0 0.0 220 26.0 0 0 0
1.284 0x00 idle 0 0 0 0 0 0.0 0.0 220 26.0 0 0 0
1.322 0x00 idle 0 0 0 0 0 0.0 0.0 220 26.0 0 0 0
1.366 0x00 idle 0 0 0 0 0 0.0 0.0 220 26.0 0 0 0
1.408 0x00 idle 0 0 0 0 0 0.0 0.0 220 26.0 0 0 0
1.442 0x00 idle 0 0 0 0 0 0.0 0.0 220 26.0 0 0 0
1.485 0x00 idle 0 0 0 0 0 0.0 0.0 220 26.0 0 0 0
1.521 0x00 idle 0 0 0 0 0 0.0 0.0 220 26.0 0 0 0
1.562 0x00 idle 0 0 0 0 0 0.0 0.0 220 26.0 0 0 0
1.603 0x00 idle 0 0 0 0 0 0.0 0.0 220 26.0 0 0 0
1.642 0x00 idle 0 0 0 0 0 0.0 0.0 220 26.0 0 0 0
1.680 0x00 idle 0 0 0 0 0 0.0 0.0 220 26.0 0 0 0
1.724 0x00 idle 0 0 0 0 0 0.0 0.0 220 26.0 0 0 0
1.766 0x00 idle 0 0 0 0 0 0.0 0.0 220 26.0 0 0 0
1.807 0x00 idle 0 0 0 0 0 0.0 0.0 220 26.0 0 0 0
1.848 0x00 idle 0 0 0 0 0 0.0 0.0 220 26.0 0 0 0
1.883 0x00 idle 0 0 0 0 0 0.0 0.0 220 26.0 0 0 0
1.921 0x00 idle 0 0 0 0 0 0.0 0.0 220 26.0 0 0 0
1.962 0x00 idle 0 0 0 0 0 0.0 0.0 220 26.0 0 0 0
2.006 0x00 idle 0 0 0 0 0 0.0 0.0 220 26.0 0 0 0
2.040 0x00 idle 0 0 0 0 0 0.0 0.0 220 26.0 0 0 0
2.084 0x00 idle 0 0 0 0 0 0.0 0.0 220 26.0 0 0 0
2.126 0x00 idle 0 0 0 0 0 0.0 0.0 220 26.0 0 0 0
2.171 0x00 idle 0 0 0 0 0 0.0 0.0 220 26.0 0 0 0
2.209 0x00 idle 0 0 0 0 0 0.0 0.0 220 26.0 0 0 0
2.241 0x00 idle 0 0 0 0 0 0.0 0.0 220 26.0 0 0 0
2.285 0x00 idle 0 0 0 0 0 0.0 0.0 220 26.0 0 0 0
2.323 0x00 idle 0 0 0 0 0 0.0 0.0 220 26.0 0 0 0
2.365 0x00 idle 0 0 0 0 0 0.0 0.0 220 26.0 0 0 0
2.404 0x00 idle 0 0 0 0 0 0.0 0.0 220 26.0 0 0 0
2.442 0x00 idle 0 0 0 0 0 0.0 0.0 220 26.0 0 0 0
2.487 0x00 idle 0 0 0 0 0 0.0 0.0 220 26.0 0 0 0
2.522 0x00 idle 0 0 0 0 0 0.0 0.0 220 26.0 0 0 0
2.569 0x00 idle 0 0 0 0 0 0.0 0.0 220 26.0 0 0 0
2.602 0x00 idle 0 0 0 0 0 0.0 0.0 220 26.0 0 0 0
2.641 0x00 idle 0 0 0 0 0 0.0 0.0 220 26.0 0 0 0
2.681 0x00 idle 0 0 0 0 0 0.0 0.0 220 26.0 0 0 0
2.721 0x00 idle 0 0 0 0 0 0.0 0.0 220 26.0 0 0 0
2.768 0x00 idle 0 0 0 0 0 0.0 0.0 220 26.0 0 0 0
2.802 0x00 idle 0 0 0 0 0 0.0 0.0 220 26.0 0 0 0
2.841 0x00 idle 0 0 0 0 0 0.0 0.0 220 26.0 0 0 0
2.888 0x00 idle 0 0 0 0 0 0.0 0.0 220 26.0 0 0 0
2.921 0x00 idle 0 0 0 0 0 0.0 0.0 220 26.0 0 0 0
2.966 0x00 idle 0 0 0 0 0 0.0 0.0 220 26.0 0 0 0
3.007 0x00 idle 0 0 0 0 0 0.0 0.0 220 26.0 0 0 0
3.040 0x00 idle 0 0 0 0 0 0.0 0.0 220 26.0 0 0 0
3.082 0x00 idle 0 0 0 0 0 0.0 0.0 220 26.0 0 0 0
3.123 0x00 idle 0 0 0 0 0 0.0 0.0 220 26.0 0 0 0
3.171 0x00 idle 0 0 0 0 0 0.0 0.0 220 26.0 0 0 0
3.207 0x00 idle 0 0 0 0 0 0.0 0.0 220 26.0 0 0 0
3.241 0x00 idle 0 0 0 0 0 0.0 0.0 220 26.0 0 0 0
3.286 0x00 idle 0 0 0 0 0 0.0 0.0 220 26.0 0 0 0
3.327 0x00 idle 0 0 0 0 0 0.0 0.0 220 26.0 0 0 0
3.364 0x00 idle 0 0 0 0 0 0.0 0.0 220 26.0 0 0 0
3.401 0x00 idle 0 0 0 0 0 0.0 0.0 220 26.0 0 0 0
3.452 0x00 idle 0 0 0 0 0 0.0 0.0 220 26.0 0 0 0
3.485 0x00 idle 0 0 0 0 0 0.0 0.0 220 26.0 0 0 0
3.529 0x00 idle 0 0 0 0 0 0.0 0.0 220 26.0 0 0 0
3.566 0x00 idle 0 0 0 0 0 0.0 0.0 220 26.0 0 0 0
3.604 0x00 idle 0 0 0 0 0 0.0 0.0 220 26.0 0 0 0
3.641 0x00 idle 0 0 0 0 0 0.0 0.0 220 26.0 0 0 0
3.682 0x00 idle 0 0 0 0 0 0.0 0.0 220 26.0 0 0 0
3.723 0x00 idle 0 0 0 0 0 0.0 0.0 220 26.0 0 0 0
3.760 0x00 idle 0 0 0 0 0 0.0 0.0 220 26.0 0 0 0
3.802 0x00 idle 0 0 0 0 0 0.0 0.0 220 26.0 0 0 0
3.841 0x00 idle 0 0 0 0 0 0.0 0.0 220 26.0 0 0 0
3.883 0x00 idle 0 0 0 0 0 0.0 0.0 220 26.0 0 0 0
3.923 0x00 idle 0 0 0 0 0 0.0 0.0 220 26.0 0 0 0
3.964 0x00 idle 0 0 0 0 0 0.0 0.0 220 26.0 0 0 0
4.002 0x00 idle 0 0 0 0 0 0.0 0.0 220 26.0 0 0 0
4.044 0x00 idle 0 0 0 0 0 0.0 0.0 220 26.0 0 0 0
4.082 0x00 idle 0 0 0 0 0 0.0 0.0 220 26.0 0 0 0
4.125 0x00 idle 0 0 0 0 0 0.0 0.0 220 26.0 0 0 0
4.163 0x00 idle 0 0 0 0 0 0.0 0.0 220 26.0 0 0 0
4.204 0x00 idle 0 0 0 0 0 0.0 0.0 220 26.0 0 0 0
4.240 0x00 idle 0 0 0 0 0 0.0 0.0 220 26.0 0 0 0
4.282 0x00 idle 0 0 0 0 0 0.0 0.0 220 26.0 0 0 0
4.324 0x00 idle 0 0 0 0 0 0.0 0.0 220 26.0 0 0 0
4.361 0x00 idle 0 0 0 0 0 0.0 0.0 220 26.0 0 0 0
4.407 0x00 idle 0 0 0 0 0 0.0 0.0 220 26.0 0 0 0
4.443 0x00 idle 0 0 0 0 0 0.0 0.0 220 26.0 0 0 0
4.483 0x00 idle 0 0 0 0 0 0.0 0.0 220 26.0 0 0 0
4.524 0x00 idle 0 0 0 0 0 0.0 0.0 220 26.0 0 0 0
4.561 0x00 idle 0 0 0 0 0 0.0 0.0 220 26.0 0 0 0
4.605 0x00 idle 0 0 0 0 0 0.0 0.0 220 26.0 0 0 0
4.644 0x00 idle 0 0 0 0 0 0.0 0.0 220 26.0 0 0 0
4.682 0x00 idle 0 0 0 0 0 0.0 0.0 220 26.0 0 0 0
4.724 0x00 idle 0 0 0 0 0 0.0 0.0 220 26.0 0 0 0
4.766 0x00 idle 0 0 0 0 0 0.0 0.0 220 26.0 0 0 0
4.802 0x00 idle 0 0 0 0 0 0.0 0.0 220 26.0 0 0 0
4.840 0x00 idle 0 0 0 0 0 0.0 0.0 220 26.0 0 0 0
4.883 0x00 idle 0 0 0 0 0 0.0 0.0 220 26.0 0 0 0
4.920 0x00 idle 0 0 0 0 0 0.0 0.0 220 26.0 0 0 0
4.961 0x00 idle 0 0 0 0 0 0.0 0.0 220 26.0 0 0 0
5.004 0x00 idle 0 0 0 0 0 0.0 0.0 220 26.0 0 0 0
5.041 0x00 idle 0 0 0 0 0 0.0 0.0 220 26.0 0 0 0
5.080 0x00 idle 0 0 0 0 0 0.0 0.0 220 26.0 0 0 0
5.125 0x00 idle 0 0 0 0 0 0.0 0.0 220 26.0 0 0 0
5.163 0x00 idle 0 0 0 0 0 0.0 0.0 220 26.0 0 0 0
5.206 0x00 idle 0 0 0 0 0 0.0 0.0 220 26.0 0 0 0
5.246 0x00 idle 0 0 0 0 0 0.0 0.0 220 26.0 0 0 0
5.282 0x00 idle 0 0 0 0 0 0.0 0.0 220 26.0 0 0 0
5.320 0x00 idle 0 0 0 0 0 0.0 0.0 220 26.0 0 0 0
5.365 0x00 idle 0 0 0 0 0 0.0 0.0 220 26.0 0 0 0
5.402 0x00 idle 0 0 0 0 0 0.0 0.0 220 26.0 0 0 0
5.444 0x00 idle 0 0 0 0 0 0.0 0.0 220 26.0 0 0 0
5.481 0x00 idle 0 0 0 0 0 0.0 0.0 220 26.0 0 0 0
5.522 0x00 idle 0 0 0 0 0 0.0 0.0 220 26.0 0 0 0
5.564 0x00 idle 0 0 0 0 0 0.0 0.0 220 26.0 0 0 0
5.604 0x00 idle 0 0 0 0 0 0.0 0.0 220 26.0 0 0 0
5.641 0x00 idle 0 0 0 0 0 0.0 0.0 220 26.0 0 0 0
5.683 0x00 idle 0 0 0 0 0 0.0 0.0 220 26.0 0 0 0
5.724 0x00 idle 0 0 0 0 0 0.0 0.0 220 26.0 0 0 0
5.761 0x00 idle 0 0 0 0 0 0.0 0.0 220 26.0 0 0 0
5.805 0x00 idle 0 0 0 0 0 0.0 0.0 220 26.0 0 0 0
5.841 0x00 idle 0 0 0 0 0 0.0 0.0 220 26.0 0 0 0
5.888 0x00 idle 0 0 0 0 0 0.0 0.0 220 26.0 0 0 0
5.925 0x00 idle 0 0 0 0 0 0.0 0.0 220 26.0 0 0 0
5.967 0x00 idle 0 0 0 0 0 0.0 0.0 220 26.0 0 0 0
6.008 0x00 idle 0 0 0 0 0 0.0 0.0 220 26.0 0 0 0
6.045 0x00 idle 0 0 0 0 0 0.0 0.0 220 26.0 0 0 0
6.082 0x00 idle 0 0 0 0 0 0.0 0.0 220 26.0 0 0 0
6.121 0x00 idle 0 0 0 0 0 0.0 0.0 220 26.0 0 0 0
6.163 0x00 idle 0 0 0 0 0 0.0 0.0 220 26.0 0 0 0
6.203 0x00 idle 0 0 0 0 0 0.0 0.0 220 26.0 0 0 0
6.245 0x00 idle 0 0 0 0 0 0.0 0.0 220 26.0 0 0 0
6.285 0x00 idle 0 0 0 0 0 0.0 0.0 220 26.0 0 0 0
6.327 0x00 idle 0 0 0 0 0 0.0 0.0 220 26.0 0 0 0
6.366 0x00 idle 0 0 0 0 0 0.0 0.0 220 26.0 0 0 0
6.411 0x00 idle 0 0 0 0 0 0.0 0.0 220 26.0 0 0 0
6.444 0x00 idle 0 0 0 0 0 0.0 0.0 220 26.0 0 0 0
6.484 0x00 idle 0 0 0 0 0 0.0 0.0 220 26.0 0 0 0
6.523 0x00 idle 0 0 0 0 0 0.0 0.0 220 26.0 0 0 0
6.567 0x00 idle 0 0 0 0 0 0.0 0.0 220 26.0 0 0 0
6.601 0x00 idle 0 0 0 0 0 0.0 0.0 220 26.0 0 0 0
6.645 0x00 idle 0 0 0 0 0 0.0 0.0 220 26.0 0 0 0
6.684 0x00 idle 0 0 0 0 0 0.0 0.0 220 26.0 0 0 0
6.726 0x00 idle 0 0 0 0 0 0.0 0.0 220 26.0 0 0 0
6.761 0x00 idle 0 0 0 0 0 0.0 0.0 220 26.0 0 0 0
6.801 0x00 idle 0 0 0 0 0 0.0 0.0 220 26.0 0 0 0
6.844 0x00 idle 0 0 0 0 0 0.0 0.0 220 26.0 0 0 0
6.884 0x00 idle 0 0 0 0 0 0.0 0.0 220 26.0 0 0 0
6.920 0x00 idle 0 0 0 0 0 0.0 0.0 220 26.0 0 0 0
6.963 0x00 idle 0 0 0 0 0 0.0 0.0 220 26.0 0 0 0
7.001 0x00 idle 0 0 0 0 0 0.0 0.0 220 26.0 0 0 0
7.041 0x00 idle 0 0 0 0 0 0.0 0.0 220 26.0 0 0 0
7.085 0x00 idle 0 0 0 0 0 0.0 0.0 220 26.0 0 0 0
7.121 0x00 idle 0 0 0 0 0 0.0 0.0 220 26.0 0 0 0
7.167 0x00 idle 0 0 0 0 0 0.0 0.0 220 26.0 0 0 0
7.203 0x00 idle 0 0 0 0 0 0.0 0.0 220 26.0 0 0 0
7.245 0x00 idle 0 0 0 0 0 0.0 0.0 220 26.0 0 0 0
7.281 0x00 idle 0 0 0 0 0 0.0 0.0 220 26.0 0 0 0
7.325 0x00 idle 0 0 0 0 0 0.0 0.0 220 26.0 0 0 0
7.365 0x00 idle 0 0 0 0 0 0.0 0.0 220 26.0 0 0 0
7.404 0x00 idle 0 0 0 0 0 0.0 0.0 220 26.0 0 0 0
7.444 0x00 idle 0 0 0 0 0 0.0 0.0 220 26.0 0 0 0
7.486 0x00 idle 0 0 0 0 0 0.0 0.0 220 26.0 0 0 0
7.524 0x00 idle 0 0 0 0 0 0.0 0.0 220 26.0 0 0 0
7.568 0x00 idle 0 0 0 0 0 0.0 0.0 220 26.0 0 0 0
7.605 0x00 idle 0 0 0 0 0 0.0 0.0 220 26.0 0 0 0
7.644 0x00 idle 0 0 0 0 0 0.0 0.0 220 26.0 0 0 0
7.684 0x00 idle 0 0 0 0 0 0.0 0.0 220 26.0 0 0 0
7.720 0x00 idle 0 0 0 0 0 0.0 0.0 220 26.0 0 0 0
7.762 0x00 idle 0 0 0 0 0 0.0 0.0 220 26.0 0 0 0
7.805 0x00 idle 0 0 0 0 0 0.0 0.0 220 26.0 0 0 0
7.846 0x00 idle 0 0 0 0 0 0.0 0.0 220 26.0 0 0 0
7.880 0x00 idle 0 0 0 0 0 0.0 0.0 220 26.0 0 0 0
7.923 0x00 idle 0 0 0 0 0 0.0 0.0 220 26.0 0 0 0
7.963 0x00 idle 0 0 0 0 0 0.0 0.0 220 26.0 0 0 0
8.003 0x00 idle 0 0 0 0 0 0.0 0.0 220 26.0 0 0 0
8.043 0x00 idle 0 0 0 0 0 0.0 0.0 220 26.0 0 0 0
8.084 0x00 idle 0 0 0 0 0 0.0 0.0 220 26.0 0 0 0
8.122 0x00 idle 0 0 0 0 0 0.0 0.0 220 26.0 0 0 0
8.161 0x00 idle 0 0 0 0 0 0.0 0.0 220 26.0 0 0 0
8.202 0x00 idle 0 0 0 0 0 0.0 0.0 220 26.0 0 0 0
8.256 0x00 idle 0 0 0 0 0 0.0 0.0 220 26.0 0 0 0
8.284 0x00 idle 0 0 0 0 0 0.0 0.0 220 26.0 0 0 0
8.325 0x00 idle 0 0 0 0 0 0.0 0.0 220 26.0 0 0 0
8.360 0x00 idle 0 0 0 0 0 0.0 0.0 220 26.0 0 0 0
8.402 0x00 idle 0 0 0 0 0 0.0 0.0 220 26.0 0 0 0
8.446 0x00 idle 0 0 0 0 0 0.0 0.0 220 26.0 0 0 0
8.482 0x00 idle 0 0 0 0 0 0.0 0.0 220 26.0 0 0 0
8.528 0x00 idle 0 0 0 0 0 0.0 0.0 220 26.0 0 0 0
8.565 0x00 idle 0 0 0 0 0 0.0 0.0 220 26.0 0 0 0
8.601 0x00 idle 0 0 0 0 0 0.0 0.0 220 26.0 0 0 0
8.643 0x00 idle 0 0 0 0 0 0.0 0.0 220 26.0 0 0 0
8.688 0x00 idle 0 0 0 0 0 0.0 0.0 220 26.0 0 0 0
8.721 0x00 idle 0 0 0 0 0 0.0 0.0 220 26.0 0 0 0
8.764 0x00 idle 0 0 0 0 0 0.0 0.0 220 26.0 0 0 0
8.807 0x00 idle 0 0 0 0 0 0.0 0.0 220 26.0 0 0 0
8.844 0x00 idle 0 0 0 0 0 0.0 0.0 220 26.0 0 0 0
8.882 0x00 idle 0 0 0 0 0 0.0 0.0 220 26.0 0 0 0
8.922 0x00 idle 0 0 0 0 0 0.0 0.0 220 26.0 0 0 0
8.967 0x00 idle 0 0 0 0 0 0.0 0.0 220 26.0 0 0 0
9.001 0x00 idle 0 0 0 0 0 0.0 0.0 220 26.0 0 0 0
9.049 0x00 idle 0 0 0 0 0 0.0 0.0 220 26.0 0 0 0
9.083 0x00 idle 0 0 0 0 0 0.0 0.0 220 26.0 0 0 0
9.127 0x00 idle 0 0 0 0 0 0.0 0.0 220 26.0 0 0 0
9.170 0x00 idle 0 0 0 0 0 0.0 0.0 220 26.0 0 0 0
9.205 0x00 idle 0 0 0 0 0 0.0 0.0 220 26.0 0 0 0
9.250 0x00 idle 0 0 0 0 0 0.0 0.0 220 26.0 0 0 0
9.282 0x00 idle 0 0 0 0 0 0.0 0.0 220 26.0 0 0 0
9.320 0x00 idle 0 0 0 0 0 0.0 0.0 220 26.0 0 0 0
9.363 0x00 idle 0 0 0 0 0 0.0 0.0 220 26.0 0 0 0
9.407 0x00 idle 0 0 0 0 0 0.0 0.0 220 26.0 0 0 0
9.444 0x00 idle 0 0 0 0 0 0.0 0.0 220 26.0 0 0 0
9.484 0x00 idle 0 0 0 0 0 0.0 0.0 220 26.0 0 0 0
9.528 0x00 idle 0 0 0 0 0 0.0 0.0 220 26.0 0 0 0
9.566 0x00 idle 0 0 0 0 0 0.0 0.0 220 26.0 0 0 0
9.607 0x00 idle 0 0 0 0 0 0.0 0.0 220 26.0 0 0 0
9.643 0x00 idle 0 0 0 0 0 0.0 0.0 220 26.0 0 0 0
9.689 0x00 idle 0 0 0 0 0 0.0 0.0 220 26.0 0 0 0
9.720 0x00 idle 0 0 0 0 0 0.0 0.0 220 26.0 0 0 0
9.761 0x00 idle 0 0 0 0 0 0.0 0.0 220 26.0 0 0 0
9.802 0x00 idle 0 0 0 0 0 0.0 0.0 220 26.0 0 0 0
9.844 0x00 idle 0 0 0 0 0 0.0 0.0 220 26.0 0 0 0
9.882 0x00 idle 0 0 0 0 0 0.0 0.0 220 26.0 0 0 0
9.924 0x00 idle 0 0 0 0 0 0.0 0.0 220 26.0 0 0 0
9.966 0x00 idle 0 0 0 0 0 0.0 0.0 220 26.0 0 0 0
10.002 0x00 idle 0 0 0 0 0 0.0 0.0 220 26.0 0 0 0
10.043 0x00 idle 0 0 0 0 0 0.0 0.0 220 26.0 0 0 0
10.084 0x00 idle 0 0 0 0 0 0.0 0.0 220 26.0 0 0 0

[tcp_trajectory]
elapsed_s x_m y_m z_m qx qy qz qw speed_m_s tf_stamp_s along_mm remaining_mm cross_track_mm progress waypoint phase
0.0057 -0.0197380 -1.6832669 0.6762874 -0.43802236 0.63178966 -0.52973003 -0.35827969 0.000000 1789621520.567952871 -0.016 53.519 0.542 0.00000 -1 ACTUAL_TF
0.0170 -0.0197437 -1.6833568 0.6761427 -0.43802529 0.63178837 -0.52973448 -0.35827180 0.003044 1789621520.623954535 -0.025 53.527 0.379 0.00000 -1 ACTUAL_TF
0.0758 -0.0197415 -1.6834220 0.6760481 -0.43803182 0.63178424 -0.52973954 -0.35826362 0.002746 1789621520.680025339 -0.025 53.527 0.276 0.00000 -1 ACTUAL_TF
0.1304 -0.0197434 -1.6834581 0.6759834 -0.43803767 0.63178422 -0.52973838 -0.35825821 0.002320 1789621520.735947371 -0.027 53.530 0.212 0.00000 -1 ACTUAL_TF
0.1780 -0.0197443 -1.6834635 0.6759717 -0.43803913 0.63178480 -0.52973670 -0.35825788 0.001693 1789621520.791939259 -0.029 53.531 0.201 0.00000 -1 ACTUAL_TF
0.2377 -0.0197602 -1.6834379 0.6759599 -0.43804624 0.63178950 -0.52972536 -0.35825767 0.001359 1789621520.847885847 -0.043 53.546 0.187 0.00000 -1 ACTUAL_TF
0.2961 -0.0197749 -1.6834222 0.6759552 -0.43804458 0.63179593 -0.52971617 -0.35826196 0.001069 1789621520.903934240 -0.058 53.560 0.183 0.00000 -1 ACTUAL_TF
0.3449 -0.0197934 -1.6834026 0.6759494 -0.43804404 0.63180294 -0.52970414 -0.35826803 0.000896 1789621520.959906816 -0.075 53.578 0.180 0.00000 -1 ACTUAL_TF
0.4033 -0.0198084 -1.6833987 0.6759486 -0.43803587 0.63180962 -0.52969713 -0.35827660 0.000710 1789621521.016026974 -0.090 53.593 0.181 0.00000 -1 ACTUAL_TF
0.4675 -0.0198264 -1.6833967 0.6759494 -0.43801982 0.63182009 -0.52968720 -0.35829245 0.000594 1789621521.072029591 -0.108 53.611 0.182 0.00000 -1 ACTUAL_TF
0.5151 -0.0197784 -1.6833805 0.6759504 -0.43801862 0.63182010 -0.52968548 -0.35829643 0.000687 1789621521.127984762 -0.060 53.562 0.187 0.00000 -1 ACTUAL_TF
0.5674 -0.0196955 -1.6833807 0.6759590 -0.43801394 0.63181406 -0.52969348 -0.35830099 0.000928 1789621521.183893919 0.023 53.479 0.195 0.00000 -1 ACTUAL_TF
0.6324 -0.0195666 -1.6833849 0.6759731 -0.43800933 0.63180202 -0.52970761 -0.35830696 0.001344 1789621521.239967585 0.152 53.351 0.206 0.00000 -1 ACTUAL_TF
0.6849 -0.0194332 -1.6833872 0.6759873 -0.43800252 0.63179139 -0.52972168 -0.35831322 0.001660 1789621521.295907736 0.285 53.218 0.219 0.00000 -1 ACTUAL_TF
0.7382 -0.0192361 -1.6833901 0.6759951 -0.43800236 0.63178061 -0.52973510 -0.35831260 0.002218 1789621521.351949692 0.482 53.021 0.226 0.00000 -1 ACTUAL_TF
0.8018 -0.0190641 -1.6833831 0.6759804 -0.43800792 0.63178669 -0.52972890 -0.35830426 0.002477 1789621521.408012867 0.654 52.848 0.212 0.00000 -1 ACTUAL_TF
0.8477 -0.0188364 -1.6833782 0.6759730 -0.43801210 0.63178612 -0.52973086 -0.35829724 0.002957 1789621521.463901758 0.882 52.621 0.205 0.00000 -1 ACTUAL_TF
0.9068 -0.0186183 -1.6833719 0.6759660 -0.43802350 0.63178070 -0.52973537 -0.35828620 0.003238 1789621521.519987822 1.100 52.403 0.199 0.00000 -1 ACTUAL_TF
0.9664 -0.0183763 -1.6833623 0.6759487 -0.43802899 0.63178793 -0.52972744 -0.35827847 0.003567 1789621521.576010466 1.342 52.160 0.183 0.00000 -1 ACTUAL_TF
1.0230 -0.0181197 -1.6833525 0.6759378 -0.43803432 0.63178934 -0.52972568 -0.35827207 0.003873 1789621521.632008314 1.599 51.904 0.173 0.00000 -1 ACTUAL_TF
1.0752 -0.0179147 -1.6833406 0.6759249 -0.43803585 0.63179619 -0.52971747 -0.35827025 0.003814 1789621521.687981606 1.804 51.698 0.162 0.00000 -1 ACTUAL_TF
1.1304 -0.0176274 -1.6833306 0.6759152 -0.43804355 0.63179442 -0.52971931 -0.35826123 0.004211 1789621521.744002104 2.092 51.411 0.153 0.00000 -1 ACTUAL_TF
1.1960 -0.0174111 -1.6833277 0.6759028 -0.43803872 0.63180434 -0.52971026 -0.35826303 0.004110 1789621521.799918175 2.308 51.194 0.141 0.00000 -1 ACTUAL_TF
1.2419 -0.0171118 -1.6833199 0.6758908 -0.43804661 0.63180404 -0.52971124 -0.35825246 0.004486 1789621521.855795860 2.608 50.895 0.129 0.00000 -1 ACTUAL_TF
1.3011 -0.0168407 -1.6833148 0.6758860 -0.43804516 0.63180414 -0.52971397 -0.35825002 0.004586 1789621521.912027359 2.879 50.624 0.125 0.00000 -1 ACTUAL_TF
1.3604 -0.0165122 -1.6833023 0.6758689 -0.43805000 0.63181005 -0.52970738 -0.35824343 0.004981 1789621521.967825890 3.208 50.295 0.109 0.00000 -1 ACTUAL_TF
1.4127 -0.0162665 -1.6832948 0.6758615 -0.43804102 0.63181799 -0.52970061 -0.35825042 0.004801 1789621522.023941994 3.453 50.049 0.102 0.00000 -1 ACTUAL_TF
1.4704 -0.0158959 -1.6832770 0.6758458 -0.43805348 0.63181711 -0.52970022 -0.35823731 0.005351 1789621522.079912663 3.825 49.678 0.089 0.00000 -1 ACTUAL_TF
1.5267 -0.0155478 -1.6832702 0.6758381 -0.43804923 0.63182015 -0.52969596 -0.35824345 0.005613 1789621522.135870457 4.173 49.330 0.082 0.00000 -1 ACTUAL_TF
1.5828 -0.0152491 -1.6832585 0.6758252 -0.43805084 0.63182514 -0.52968606 -0.35824729 0.005527 1789621522.192049503 4.472 49.031 0.070 0.00000 -1 ACTUAL_TF
1.6337 -0.0148414 -1.6832316 0.6758121 -0.43808083 0.63181030 -0.52967936 -0.35824671 0.006062 1789621522.247975349 4.880 48.623 0.063 0.00000 -1 ACTUAL_TF
1.6913 -0.0144863 -1.6832135 0.6757983 -0.43809752 0.63180522 -0.52968135 -0.35823231 0.006152 1789621522.303906679 5.236 48.267 0.054 0.00000 -1 ACTUAL_TF
1.7492 -0.0141006 -1.6832057 0.6757914 -0.43809551 0.63180543 -0.52968478 -0.35822934 0.006374 1789621522.359889269 5.621 47.881 0.046 0.00000 -1 ACTUAL_TF
1.8099 -0.0137692 -1.6831812 0.6757772 -0.43809835 0.63181080 -0.52967881 -0.35822522 0.006226 1789621522.416444063 5.954 47.549 0.045 0.00000 -1 ACTUAL_TF
1.8609 -0.0133658 -1.6831628 0.6757659 -0.43810245 0.63181104 -0.52968041 -0.35821740 0.006547 1789621522.471821547 6.357 47.145 0.044 0.00000 -1 ACTUAL_TF
1.9183 -0.0130254 -1.6831617 0.6757539 -0.43809026 0.63182282 -0.52967484 -0.35821978 0.006400 1789621522.528046131 6.698 46.805 0.030 0.00000 -1 ACTUAL_TF
1.9783 -0.0127119 -1.6831515 0.6757453 -0.43808607 0.63182752 -0.52967233 -0.35822033 0.006163 1789621522.583991051 7.011 46.491 0.028 0.00000 -1 ACTUAL_TF
2.0306 -0.0123294 -1.6831288 0.6757281 -0.43809427 0.63183084 -0.52966808 -0.35821073 0.006372 1789621522.639907837 7.394 46.108 0.041 0.00000 -1 ACTUAL_TF
2.0829 -0.0119978 -1.6831181 0.6757258 -0.43809788 0.63182456 -0.52967781 -0.35820301 0.006231 1789621522.696112871 7.726 45.776 0.040 0.00000 -1 ACTUAL_TF
2.1420 -0.0116577 -1.6830932 0.6757063 -0.43809414 0.63183874 -0.52966252 -0.35820516 0.006193 1789621522.752060890 8.067 45.436 0.061 0.00000 -1 ACTUAL_TF
2.1955 -0.0113476 -1.6830823 0.6756995 -0.43810098 0.63183468 -0.52966653 -0.35819805 0.006000 1789621522.807986736 8.377 45.125 0.064 0.00000 -1 ACTUAL_TF
2.2548 -0.0109889 -1.6830581 0.6756863 -0.43810144 0.63184014 -0.52966029 -0.35819706 0.006125 1789621522.864046812 8.737 44.766 0.080 0.00000 -1 ACTUAL_TF
2.3118 -0.0106995 -1.6830613 0.6756903 -0.43809153 0.63183734 -0.52966646 -0.35820501 0.005842 1789621522.919940472 9.026 44.477 0.067 0.00000 -1 ACTUAL_TF
2.3587 -0.0103154 -1.6830361 0.6756767 -0.43810211 0.63183612 -0.52966520 -0.35819608 0.006153 1789621522.975928068 9.411 44.092 0.083 0.00000 -1 ACTUAL_TF
2.4253 -0.0099571 -1.6830267 0.6756704 -0.43810144 0.63183549 -0.52966507 -0.35819820 0.006223 1789621523.032065630 9.769 43.734 0.085 0.00000 -1 ACTUAL_TF
2.4767 -0.0096467 -1.6830169 0.6756669 -0.43810112 0.63183323 -0.52966691 -0.35819987 0.006026 1789621523.087861776 10.080 43.423 0.086 0.00000 -1 ACTUAL_TF
2.5393 -0.0092914 -1.6830010 0.6756614 -0.43810251 0.63183097 -0.52966581 -0.35820378 0.006120 1789621523.143969774 10.435 43.067 0.091 0.00000 -1 ACTUAL_TF
2.5890 -0.0090049 -1.6829870 0.6756503 -0.43810702 0.63183288 -0.52966044 -0.35820284 0.005826 1789621523.199794292 10.722 42.780 0.101 0.00000 -1 ACTUAL_TF
2.6471 -0.0086239 -1.6829660 0.6756380 -0.43811648 0.63183105 -0.52965938 -0.35819607 0.006119 1789621523.255921125 11.104 42.399 0.114 0.00000 -1 ACTUAL_TF
2.6981 -0.0083578 -1.6829494 0.6756276 -0.43810861 0.63184108 -0.52964757 -0.35820546 0.005703 1789621523.312309742 11.370 42.132 0.126 0.00000 -1 ACTUAL_TF
2.7549 -0.0079829 -1.6829168 0.6756063 -0.43811927 0.63184703 -0.52963802 -0.35819603 0.006019 1789621523.368079424 11.746 41.756 0.153 0.00000 -1 ACTUAL_TF
2.8115 -0.0076572 -1.6828942 0.6755935 -0.43812565 0.63184886 -0.52963506 -0.35818939 0.005967 1789621523.423995733 12.073 41.430 0.168 0.00000 -1 ACTUAL_TF
2.8758 -0.0072955 -1.6828775 0.6755877 -0.43812665 0.63184705 -0.52963806 -0.35818693 0.006118 1789621523.479951382 12.435 41.068 0.174 0.00000 -1 ACTUAL_TF
2.9290 -0.0069450 -1.6828656 0.6755765 -0.43813151 0.63184737 -0.52963777 -0.35818084 0.006163 1789621523.535935402 12.785 40.717 0.182 0.00000 -1 ACTUAL_TF
2.9781 -0.0066480 -1.6828433 0.6755608 -0.43813231 0.63185598 -0.52962802 -0.35817909 0.005900 1789621523.592353821 13.083 40.419 0.200 0.00000 -1 ACTUAL_TF
3.0378 -0.0062792 -1.6828246 0.6755500 -0.43813624 0.63185660 -0.52962693 -0.35817481 0.006125 1789621523.647895575 13.452 40.050 0.211 0.00000 -1 ACTUAL_TF
3.0941 -0.0059776 -1.6827983 0.6755347 -0.43813969 0.63186326 -0.52961838 -0.35817147 0.005914 1789621523.703817606 13.755 39.748 0.231 0.00000 -1 ACTUAL_TF
3.1553 -0.0055992 -1.6827718 0.6755260 -0.43814702 0.63186288 -0.52961717 -0.35816496 0.006101 1789621523.761852741 14.134 39.369 0.245 0.00000 -1 ACTUAL_TF
3.2054 -0.0053346 -1.6827639 0.6755210 -0.43813924 0.63187040 -0.52960983 -0.35817207 0.005742 1789621523.815848112 14.399 39.104 0.247 0.00000 -1 ACTUAL_TF
3.2606 -0.0049883 -1.6827528 0.6755215 -0.43813372 0.63187024 -0.52961148 -0.35817665 0.005875 1789621523.871861219 14.745 38.758 0.244 0.00000 -1 ACTUAL_TF
3.3200 -0.0046658 -1.6827235 0.6754971 -0.43815153 0.63187781 -0.52959961 -0.35815907 0.005853 1789621523.927830219 15.069 38.434 0.273 0.00000 -1 ACTUAL_TF
3.3676 -0.0043065 -1.6827189 0.6755066 -0.43814732 0.63187113 -0.52960793 -0.35816371 0.006022 1789621523.983856201 15.428 38.075 0.260 0.00000 -1 ACTUAL_TF
3.4263 -0.0039517 -1.6827085 0.6755069 -0.43814384 0.63186962 -0.52960989 -0.35816772 0.006115 1789621524.039924860 15.783 37.720 0.257 0.00000 -1 ACTUAL_TF
3.4832 -0.0036258 -1.6826920 0.6754996 -0.43814921 0.63186967 -0.52960914 -0.35816220 0.006026 1789621524.096020222 16.109 37.394 0.264 0.00000 -1 ACTUAL_TF
3.5442 -0.0032534 -1.6826639 0.6754910 -0.43815890 0.63187070 -0.52960499 -0.35815465 0.006222 1789621524.151941061 16.482 37.020 0.279 0.00000 -1 ACTUAL_TF
3.5975 -0.0029815 -1.6826638 0.6754985 -0.43814505 0.63187363 -0.52960477 -0.35816674 0.005788 1789621524.208925962 16.754 36.749 0.266 0.00000 -1 ACTUAL_TF
3.6494 -0.0026471 -1.6826530 0.6754917 -0.43814501 0.63188195 -0.52959499 -0.35816657 0.005865 1789621524.264282942 17.088 36.414 0.270 0.00000 -1 ACTUAL_TF
3.7171 -0.0023404 -1.6826454 0.6754939 -0.43814608 0.63187929 -0.52960008 -0.35816244 0.005762 1789621524.319844484 17.395 36.107 0.265 0.00000 -1 ACTUAL_TF
3.7631 -0.0019859 -1.6826379 0.6755014 -0.43814243 0.63187978 -0.52960122 -0.35816435 0.005933 1789621524.375848293 17.750 35.753 0.255 0.00000 -1 ACTUAL_TF
3.8204 -0.0016135 -1.6826290 0.6755056 -0.43813981 0.63187952 -0.52960315 -0.35816516 0.006150 1789621524.431823969 18.122 35.380 0.247 0.00000 -1 ACTUAL_TF
3.8805 -0.0012881 -1.6826124 0.6755115 -0.43814733 0.63187231 -0.52961010 -0.35815841 0.006050 1789621524.487857580 18.448 35.055 0.244 0.00000 -1 ACTUAL_TF
3.9328 -0.0009385 -1.6826127 0.6755202 -0.43813864 0.63187197 -0.52961517 -0.35816213 0.006100 1789621524.544088602 18.797 34.705 0.229 0.00000 -1 ACTUAL_TF
3.9928 -0.0006486 -1.6826090 0.6755241 -0.43813776 0.63186930 -0.52961819 -0.35816347 0.005829 1789621524.599889517 19.087 34.415 0.220 0.00000 -1 ACTUAL_TF
4.0431 -0.0002887 -1.6826005 0.6755284 -0.43813150 0.63187145 -0.52961525 -0.35817167 0.006000 1789621524.656137943 19.447 34.056 0.213 0.00000 -1 ACTUAL_TF
4.1021 0.0000495 -1.6825949 0.6755347 -0.43814060 0.63185916 -0.52962795 -0.35816345 0.006014 1789621524.712090015 19.785 33.717 0.203 0.00000 -1 ACTUAL_TF
4.1543 0.0003999 -1.6825848 0.6755346 -0.43813173 0.63186447 -0.52962299 -0.35817226 0.006092 1789621524.767948389 20.136 33.367 0.201 0.00000 -1 ACTUAL_TF
4.2157 0.0007162 -1.6825741 0.6755435 -0.43813378 0.63185818 -0.52963059 -0.35816962 0.005962 1789621524.823913574 20.452 33.050 0.192 0.00000 -1 ACTUAL_TF
4.2647 0.0010953 -1.6825612 0.6755479 -0.43813823 0.63185314 -0.52963526 -0.35816615 0.006209 1789621524.879821301 20.831 32.671 0.187 0.00000 -1 ACTUAL_TF
4.3300 0.0014195 -1.6825546 0.6755510 -0.43812817 0.63185947 -0.52962958 -0.35817568 0.006084 1789621524.935822964 21.156 32.347 0.180 0.00000 -1 ACTUAL_TF
4.3775 0.0017223 -1.6825561 0.6755606 -0.43812262 0.63185727 -0.52963423 -0.35817949 0.005881 1789621524.991824865 21.458 32.044 0.164 0.00000 -1 ACTUAL_TF
4.4406 0.0020534 -1.6825483 0.6755636 -0.43811368 0.63186288 -0.52963067 -0.35818579 0.005891 1789621525.047832966 21.789 31.713 0.158 0.00000 -1 ACTUAL_TF
4.4916 0.0023538 -1.6825447 0.6755720 -0.43810683 0.63186281 -0.52963248 -0.35819161 0.005731 1789621525.103949070 22.090 31.413 0.146 0.00000 -1 ACTUAL_TF
4.5434 0.0027208 -1.6825305 0.6755717 -0.43810872 0.63186107 -0.52963513 -0.35818845 0.005980 1789621525.159925461 22.457 31.046 0.146 0.00000 -1 ACTUAL_TF
4.6038 0.0030586 -1.6825284 0.6755857 -0.43811395 0.63184722 -0.52965096 -0.35818309 0.005992 1789621525.216081142 22.794 30.708 0.127 0.00000 -1 ACTUAL_TF
4.6601 0.0033876 -1.6825242 0.6755868 -0.43810622 0.63185368 -0.52964720 -0.35818670 0.005964 1789621525.271868944 23.124 30.379 0.121 0.00000 -1 ACTUAL_TF
4.7174 0.0037071 -1.6825209 0.6755962 -0.43810427 0.63184904 -0.52965389 -0.35818737 0.005887 1789621525.327884436 23.443 30.060 0.108 0.00000 -1 ACTUAL_TF
4.7658 0.0040951 -1.6825060 0.6756055 -0.43810672 0.63184097 -0.52966228 -0.35818621 0.006200 1789621525.383921862 23.831 29.672 0.099 0.00000 -1 ACTUAL_TF
4.8249 0.0045005 -1.6824940 0.6756074 -0.43811557 0.63183179 -0.52967206 -0.35817712 0.006511 1789621525.439963341 24.237 29.266 0.094 0.00000 -1 ACTUAL_TF
4.8824 0.0047650 -1.6824854 0.6756089 -0.43810328 0.63183964 -0.52966485 -0.35818896 0.005978 1789621525.495873928 24.501 29.001 0.092 0.00000 -1 ACTUAL_TF
4.9400 0.0051074 -1.6824845 0.6756194 -0.43809262 0.63183935 -0.52966798 -0.35819788 0.006016 1789621525.551985979 24.843 28.659 0.076 0.00000 -1 ACTUAL_TF
4.9975 0.0054457 -1.6824619 0.6756240 -0.43810651 0.63182639 -0.52967893 -0.35818756 0.006021 1789621525.608210087 25.182 28.320 0.077 0.00000 -1 ACTUAL_TF
5.0548 0.0058213 -1.6824598 0.6756336 -0.43810105 0.63182277 -0.52968709 -0.35818855 0.006236 1789621525.663951874 25.558 27.945 0.061 0.00000 -1 ACTUAL_TF
5.1009 0.0060769 -1.6824532 0.6756282 -0.43809089 0.63183529 -0.52967390 -0.35819840 0.005739 1789621525.719831705 25.813 27.689 0.063 0.00000 -1 ACTUAL_TF
5.1585 0.0064413 -1.6824507 0.6756335 -0.43809467 0.63182677 -0.52967739 -0.35820365 0.005970 1789621525.775812387 26.178 27.325 0.052 0.00000 -1 ACTUAL_TF
5.2156 0.0067818 -1.6824356 0.6756340 -0.43809311 0.63182727 -0.52967242 -0.35821203 0.006004 1789621525.831837654 26.518 26.984 0.052 0.00000 -1 ACTUAL_TF
5.2740 0.0070686 -1.6824317 0.6756274 -0.43808542 0.63183843 -0.52966460 -0.35821330 0.005737 1789621525.887953281 26.805 26.697 0.054 0.00000 -1 ACTUAL_TF
5.3305 0.0074613 -1.6824117 0.6756301 -0.43809019 0.63183480 -0.52967094 -0.35820451 0.006125 1789621525.943886280 27.198 26.304 0.052 0.00000 -1 ACTUAL_TF
5.3880 0.0078035 -1.6823935 0.6756270 -0.43810314 0.63182878 -0.52967757 -0.35818947 0.006110 1789621526.000274420 27.541 25.962 0.057 0.00000 -1 ACTUAL_TF
5.4432 0.0081586 -1.6823755 0.6756234 -0.43810490 0.63183325 -0.52967411 -0.35818455 0.006197 1789621526.055837154 27.897 25.606 0.062 0.00000 -1 ACTUAL_TF
5.4998 0.0084737 -1.6823662 0.6756184 -0.43810597 0.63183692 -0.52967163 -0.35818044 0.006024 1789621526.111939669 28.212 25.291 0.063 0.00000 -1 ACTUAL_TF
5.5557 0.0088424 -1.6823556 0.6756242 -0.43810551 0.63183118 -0.52967886 -0.35818044 0.006193 1789621526.167940617 28.581 24.922 0.056 0.00000 -1 ACTUAL_TF
5.6112 0.0091191 -1.6823384 0.6756107 -0.43810348 0.63184551 -0.52966232 -0.35818209 0.005823 1789621526.223910332 28.858 24.645 0.070 0.00000 -1 ACTUAL_TF
5.6664 0.0094698 -1.6823302 0.6756185 -0.43809661 0.63184259 -0.52966462 -0.35819225 0.005957 1789621526.279861927 29.208 24.294 0.060 0.00000 -1 ACTUAL_TF
5.7237 0.0098324 -1.6823098 0.6756051 -0.43810529 0.63184826 -0.52965509 -0.35818572 0.006113 1789621526.335967541 29.572 23.931 0.074 0.00000 -1 ACTUAL_TF
5.7808 0.0101442 -1.6823003 0.6756072 -0.43810400 0.63184751 -0.52965608 -0.35818718 0.005952 1789621526.391928196 29.884 23.619 0.070 0.00000 -1 ACTUAL_TF
5.8399 0.0104941 -1.6822884 0.6756049 -0.43809975 0.63185182 -0.52965450 -0.35818710 0.006040 1789621526.447975397 30.234 23.269 0.071 0.00000 -1 ACTUAL_TF
5.8893 0.0107968 -1.6822800 0.6756119 -0.43809938 0.63184618 -0.52966302 -0.35818489 0.005851 1789621526.503953457 30.536 22.966 0.062 0.00000 -1 ACTUAL_TF
5.9531 0.0111344 -1.6822652 0.6756086 -0.43809236 0.63185360 -0.52965652 -0.35819002 0.005893 1789621526.560362339 30.874 22.628 0.065 0.00000 -1 ACTUAL_TF
6.0164 0.0114283 -1.6822636 0.6756116 -0.43808419 0.63185647 -0.52965691 -0.35819437 0.005713 1789621526.615883112 31.168 22.334 0.057 0.00000 -1 ACTUAL_TF
6.0581 0.0118378 -1.6822339 0.6756030 -0.43810763 0.63184771 -0.52966191 -0.35817375 0.006200 1789621526.671867371 31.579 21.924 0.071 0.00000 -1 ACTUAL_TF
6.1164 0.0121635 -1.6822211 0.6756017 -0.43811119 0.63184369 -0.52966430 -0.35817294 0.006088 1789621526.727806330 31.904 21.598 0.072 0.00000 -1 ACTUAL_TF
6.1712 0.0124992 -1.6822113 0.6755978 -0.43810118 0.63185346 -0.52965545 -0.35818104 0.006047 1789621526.784229040 32.240 21.262 0.072 0.00000 -1 ACTUAL_TF
6.2294 0.0128543 -1.6822014 0.6756018 -0.43809864 0.63185380 -0.52965597 -0.35818279 0.006147 1789621526.839921951 32.595 20.907 0.066 0.00000 -1 ACTUAL_TF
6.2892 0.0131889 -1.6821790 0.6755992 -0.43811062 0.63184845 -0.52966050 -0.35817088 0.006097 1789621526.895992994 32.931 20.572 0.074 0.00000 -1 ACTUAL_TF
6.3371 0.0135440 -1.6821631 0.6755974 -0.43810874 0.63184810 -0.52966054 -0.35817373 0.006176 1789621526.951904774 33.286 20.216 0.076 0.00000 -1 ACTUAL_TF
6.4049 0.0138182 -1.6821695 0.6756083 -0.43809081 0.63185335 -0.52966078 -0.35818604 0.005764 1789621527.009024143 33.560 19.943 0.056 0.00000 -1 ACTUAL_TF
6.4506 0.0141615 -1.6821560 0.6756046 -0.43808705 0.63185887 -0.52965543 -0.35818883 0.005912 1789621527.063935518 33.904 19.599 0.059 0.00000 -1 ACTUAL_TF
6.5110 0.0144984 -1.6821461 0.6756125 -0.43809447 0.63184669 -0.52966964 -0.35818022 0.005946 1789621527.119896412 34.240 19.262 0.050 0.00000 -1 ACTUAL_TF
6.5588 0.0148492 -1.6821347 0.6756152 -0.43808545 0.63184983 -0.52966654 -0.35819028 0.006040 1789621527.175982952 34.591 18.911 0.046 0.00000 -1 ACTUAL_TF
6.6155 0.0152099 -1.6821226 0.6756125 -0.43808763 0.63185009 -0.52966672 -0.35818689 0.006164 1789621527.231902122 34.952 18.550 0.046 0.00000 -1 ACTUAL_TF
6.6730 0.0155209 -1.6821145 0.6756157 -0.43809003 0.63184581 -0.52967188 -0.35818389 0.005983 1789621527.287857533 35.263 18.239 0.041 0.00000 -1 ACTUAL_TF
6.7291 0.0158484 -1.6821074 0.6756116 -0.43807963 0.63185606 -0.52966469 -0.35818916 0.005928 1789621527.344352245 35.591 17.912 0.040 0.00000 -1 ACTUAL_TF
6.7854 0.0161690 -1.6821029 0.6756159 -0.43808068 0.63185139 -0.52967004 -0.35818820 0.005883 1789621527.399852753 35.912 17.591 0.032 0.00000 -1 ACTUAL_TF
6.8436 0.0165505 -1.6820856 0.6756166 -0.43808407 0.63184776 -0.52967405 -0.35818454 0.006161 1789621527.455909491 36.293 17.209 0.032 0.00000 -1 ACTUAL_TF
6.8997 0.0168812 -1.6820723 0.6756133 -0.43809354 0.63184155 -0.52968018 -0.35817483 0.006088 1789621527.511864662 36.624 16.878 0.034 0.00000 -1 ACTUAL_TF
6.9532 0.0172234 -1.6820577 0.6756147 -0.43808423 0.63184639 -0.52967504 -0.35818529 0.006097 1789621527.567838907 36.967 16.536 0.033 0.00000 -1 ACTUAL_TF
7.0109 0.0175794 -1.6820445 0.6756122 -0.43808267 0.63184916 -0.52967320 -0.35818502 0.006173 1789621527.623933077 37.323 16.179 0.034 0.00000 -1 ACTUAL_TF
7.0665 0.0178885 -1.6820248 0.6756083 -0.43809163 0.63184454 -0.52967482 -0.35817982 0.005980 1789621527.679960251 37.633 15.870 0.042 0.00000 -1 ACTUAL_TF
7.1241 0.0182457 -1.6820246 0.6756111 -0.43808516 0.63184523 -0.52967793 -0.35818192 0.006103 1789621527.735871792 37.990 15.513 0.031 0.00000 -1 ACTUAL_TF
7.1769 0.0185136 -1.6820185 0.6756086 -0.43807493 0.63185239 -0.52967085 -0.35819227 0.005705 1789621527.791957855 38.258 15.245 0.030 0.00000 -1 ACTUAL_TF
7.2376 0.0188867 -1.6820063 0.6756089 -0.43807631 0.63185040 -0.52967447 -0.35818875 0.005997 1789621527.847846270 38.631 14.872 0.028 0.00000 -1 ACTUAL_TF
7.2881 0.0192326 -1.6819920 0.6756185 -0.43808432 0.63183639 -0.52968939 -0.35818159 0.006054 1789621527.903851986 38.977 14.525 0.020 0.00000 -1 ACTUAL_TF
7.3465 0.0195948 -1.6819862 0.6756183 -0.43807680 0.63184068 -0.52968854 -0.35818449 0.006176 1789621527.959901333 39.339 14.163 0.015 0.00000 -1 ACTUAL_TF
7.4014 0.0198711 -1.6819818 0.6756200 -0.43807400 0.63184166 -0.52968906 -0.35818542 0.005795 1789621528.016210318 39.615 13.887 0.011 0.00000 -1 ACTUAL_TF
7.4644 0.0202480 -1.6819781 0.6756278 -0.43807249 0.63183455 -0.52969714 -0.35818786 0.006089 1789621528.071868658 39.992 13.510 0.011 0.00000 -1 ACTUAL_TF
7.5143 0.0206084 -1.6819646 0.6756304 -0.43807258 0.63182885 -0.52970137 -0.35819155 0.006194 1789621528.127895117 40.353 13.150 0.011 0.00000 -1 ACTUAL_TF
7.5734 0.0209038 -1.6819469 0.6756263 -0.43807157 0.63183406 -0.52969337 -0.35819540 0.005918 1789621528.183978081 40.649 12.854 0.004 0.00000 -1 ACTUAL_TF
7.6234 0.0212807 -1.6819359 0.6756261 -0.43807343 0.63183497 -0.52969360 -0.35819121 0.006167 1789621528.239881992 41.026 12.477 0.006 0.00000 -1 ACTUAL_TF
7.6816 0.0215998 -1.6819196 0.6756214 -0.43808383 0.63182976 -0.52969705 -0.35818257 0.006029 1789621528.295879126 41.345 12.157 0.004 0.00000 -1 ACTUAL_TF
7.7396 0.0219473 -1.6819066 0.6756155 -0.43807723 0.63183913 -0.52968971 -0.35818496 0.006080 1789621528.351969719 41.693 11.809 0.008 0.00000 -1 ACTUAL_TF
7.8037 0.0222352 -1.6818998 0.6756106 -0.43807168 0.63184489 -0.52968331 -0.35819105 0.005801 1789621528.407898188 41.981 11.522 0.013 0.00000 -1 ACTUAL_TF
7.8502 0.0226417 -1.6818933 0.6756177 -0.43807894 0.63183504 -0.52969435 -0.35818322 0.006240 1789621528.463863134 42.387 11.115 0.014 0.00000 -1 ACTUAL_TF
7.9090 0.0229973 -1.6818729 0.6756088 -0.43807876 0.63184291 -0.52968565 -0.35818243 0.006275 1789621528.519934416 42.744 10.759 0.013 0.00000 -1 ACTUAL_TF
7.9598 0.0232854 -1.6818526 0.6755985 -0.43807915 0.63185008 -0.52967508 -0.35818494 0.005941 1789621528.575923681 43.032 10.470 0.020 0.00000 -1 ACTUAL_TF
8.0216 0.0236694 -1.6818265 0.6755913 -0.43808778 0.63185045 -0.52967174 -0.35817867 0.006219 1789621528.631961107 43.417 10.086 0.030 0.00000 -1 ACTUAL_TF
8.0774 0.0239875 -1.6818035 0.6755840 -0.43809975 0.63184691 -0.52967123 -0.35817102 0.006068 1789621528.687772274 43.736 9.767 0.042 0.00000 -1 ACTUAL_TF
8.1342 0.0243418 -1.6817989 0.6755821 -0.43809725 0.63184954 -0.52966952 -0.35817198 0.006143 1789621528.743878603 44.090 9.413 0.038 0.00000 -1 ACTUAL_TF
8.1836 0.0246440 -1.6817983 0.6755894 -0.43808690 0.63185005 -0.52967228 -0.35817964 0.005918 1789621528.799921036 44.392 9.111 0.026 0.00000 -1 ACTUAL_TF
8.2499 0.0250093 -1.6817803 0.6755817 -0.43808913 0.63185210 -0.52967147 -0.35817449 0.006105 1789621528.855846405 44.758 8.745 0.033 0.00000 -1 ACTUAL_TF
8.3012 0.0252949 -1.6817650 0.6755792 -0.43808589 0.63185758 -0.52966416 -0.35817960 0.005804 1789621528.911887407 45.044 8.459 0.037 0.00000 -1 ACTUAL_TF
8.3632 0.0256697 -1.6817542 0.6755789 -0.43808387 0.63185838 -0.52966551 -0.35817868 0.006068 1789621528.967988014 45.419 8.084 0.034 0.00000 -1 ACTUAL_TF
8.4131 0.0260476 -1.6817438 0.6755819 -0.43808188 0.63185613 -0.52966885 -0.35818012 0.006278 1789621529.023859501 45.797 7.706 0.029 0.00000 -1 ACTUAL_TF
8.4730 0.0263417 -1.6817290 0.6755773 -0.43808137 0.63186143 -0.52966197 -0.35818158 0.005973 1789621529.079847574 46.091 7.411 0.034 0.00000 -1 ACTUAL_TF
8.5229 0.0267857 -1.6817113 0.6755814 -0.43809551 0.63184675 -0.52967177 -0.35817569 0.006560 1789621529.135876894 46.536 6.967 0.029 0.00000 -1 ACTUAL_TF
8.5841 0.0271366 -1.6816964 0.6755775 -0.43810491 0.63184104 -0.52967142 -0.35817478 0.006470 1789621529.191970110 46.887 6.616 0.033 0.00000 -1 ACTUAL_TF
8.6333 0.0275287 -1.6816850 0.6755785 -0.43810055 0.63184202 -0.52967244 -0.35817688 0.006634 1789621529.247869730 47.279 6.224 0.029 0.00000 -1 ACTUAL_TF
8.6886 0.0278305 -1.6816737 0.6755782 -0.43808908 0.63185045 -0.52966755 -0.35818326 0.006264 1789621529.303793907 47.581 5.922 0.029 0.00000 -1 ACTUAL_TF
8.7492 0.0282258 -1.6816571 0.6755779 -0.43808558 0.63185218 -0.52966849 -0.35818311 0.006501 1789621529.359896421 47.977 5.526 0.029 0.00000 -1 ACTUAL_TF
8.8114 0.0286315 -1.6816519 0.6755882 -0.43809016 0.63183562 -0.52968749 -0.35817861 0.006720 1789621529.416030169 48.382 5.120 0.014 0.00000 -1 ACTUAL_TF
8.8631 0.0289381 -1.6816459 0.6755927 -0.43808444 0.63183586 -0.52968591 -0.35818753 0.006344 1789621529.472126961 48.689 4.814 0.006 0.00000 -1 ACTUAL_TF
8.9151 0.0292827 -1.6816349 0.6755897 -0.43807813 0.63184256 -0.52967873 -0.35819404 0.006295 1789621529.527903318 49.034 4.469 0.008 0.00000 -1 ACTUAL_TF
8.9767 0.0295812 -1.6816238 0.6755861 -0.43807854 0.63184611 -0.52967606 -0.35819122 0.006009 1789621529.583842516 49.332 4.170 0.010 0.00000 -1 ACTUAL_TF
9.0255 0.0299401 -1.6816011 0.6755876 -0.43808056 0.63184079 -0.52968241 -0.35818877 0.006131 1789621529.639888287 49.692 3.811 0.012 0.00000 -1 ACTUAL_TF
9.0907 0.0302084 -1.6815979 0.6755890 -0.43807454 0.63184442 -0.52968064 -0.35819234 0.005729 1789621529.695913315 49.960 3.543 0.006 0.00000 -1 ACTUAL_TF
9.1413 0.0305371 -1.6815889 0.6755916 -0.43808125 0.63183495 -0.52968903 -0.35818842 0.005765 1789621529.752121449 50.289 3.214 0.001 0.00000 -1 ACTUAL_TF
9.1916 0.0308459 -1.6815768 0.6755862 -0.43808429 0.63183821 -0.52968006 -0.35819222 0.005698 1789621529.807906866 50.598 2.905 0.006 0.00000 -1 ACTUAL_TF
9.2522 0.0311186 -1.6815634 0.6755888 -0.43809016 0.63183045 -0.52968794 -0.35818708 0.005448 1789621529.863997221 50.871 2.632 0.005 0.00000 -1 ACTUAL_TF
9.3049 0.0314023 -1.6815507 0.6755892 -0.43808744 0.63183298 -0.52968610 -0.35818865 0.005334 1789621529.920065641 51.155 2.348 0.007 0.00000 -1 ACTUAL_TF
9.3645 0.0316340 -1.6815443 0.6755922 -0.43808776 0.63182908 -0.52969308 -0.35818483 0.004978 1789621529.975933790 51.387 2.116 0.006 0.00000 -1 ACTUAL_TF
9.4253 0.0318674 -1.6815261 0.6755842 -0.43808483 0.63183741 -0.52968647 -0.35818349 0.004739 1789621530.031952143 51.621 1.882 0.015 0.00000 -1 ACTUAL_TF
9.4750 0.0320390 -1.6815164 0.6755773 -0.43808173 0.63184284 -0.52968153 -0.35818499 0.004237 1789621530.088060856 51.792 1.710 0.020 0.00000 -1 ACTUAL_TF
9.5394 0.0322281 -1.6815076 0.6755731 -0.43808029 0.63184734 -0.52967834 -0.35818355 0.003981 1789621530.144016981 51.982 1.521 0.024 0.00000 -1 ACTUAL_TF
9.5903 0.0323889 -1.6815053 0.6755791 -0.43808298 0.63184019 -0.52968741 -0.35817945 0.003648 1789621530.200102806 52.142 1.360 0.017 0.00000 -1 ACTUAL_TF
9.6412 0.0325369 -1.6815008 0.6755840 -0.43807706 0.63184021 -0.52968826 -0.35818540 0.003349 1789621530.255948782 52.291 1.212 0.015 0.00000 -1 ACTUAL_TF
9.7050 0.0326743 -1.6814950 0.6755827 -0.43807645 0.63183953 -0.52968966 -0.35818527 0.003081 1789621530.311985970 52.428 1.075 0.016 0.00000 -1 ACTUAL_TF
9.7605 0.0327841 -1.6814887 0.6755837 -0.43807972 0.63183760 -0.52969080 -0.35818299 0.002748 1789621530.367769718 52.538 0.965 0.018 0.00000 -1 ACTUAL_TF
9.8084 0.0329067 -1.6814855 0.6755792 -0.43807924 0.63183982 -0.52968787 -0.35818401 0.002580 1789621530.423882246 52.661 0.842 0.017 0.00000 -1 ACTUAL_TF
9.8724 0.0330142 -1.6814814 0.6755766 -0.43808101 0.63184202 -0.52968673 -0.35817965 0.002382 1789621530.479907274 52.768 0.734 0.018 0.00000 -1 ACTUAL_TF
9.9206 0.0331390 -1.6814751 0.6755706 -0.43807891 0.63184672 -0.52968112 -0.35818222 0.002337 1789621530.535925150 52.893 0.609 0.022 0.00000 -1 ACTUAL_TF
9.9838 0.0332576 -1.6814764 0.6755772 -0.43807276 0.63184552 -0.52968430 -0.35818716 0.002271 1789621530.592045307 53.012 0.491 0.014 0.00000 -1 ACTUAL_TF
10.0434 0.0333943 -1.6814744 0.6755739 -0.43806857 0.63184890 -0.52968149 -0.35819047 0.002323 1789621530.647989035 53.148 0.354 0.013 0.00000 -1 ACTUAL_TF
10.0969 0.0335078 -1.6814702 0.6755731 -0.43806964 0.63184704 -0.52968189 -0.35819186 0.002235 1789621530.703911781 53.262 0.241 0.013 0.00000 -1 ACTUAL_TF
