WELD FEEDBACK LOG
result=operator stop
started=2026-09-15 17:02:44
ended=2026-09-15 17:02:51
elapsed_seconds=6.904

================ OPERATOR OVERVIEW ================
REQUESTED : 230 A / 26.5 V · FE-SOLID 1.2 mm · LSM · CO2 100%
RX ECHO   : 230 A / 26.5 V · MATCH=YES
CURRENT FB: no positive feedback A
VOLTAGE FB: no positive feedback V
WIRE FEED : no positive feedback m/min
ARC ON    : 0.000 s
NET WELD  : 0.000 s
WIRE USED : 0.000 mm (base 0.000 + alpha 0.000)
WCR       : NOT DETECTED
SAMPLES   : RX 173 / welding 0 / TCP 124
===================================================

[commanded]
current_a=230
voltage_tenths=265
voltage=26.5
material=FE-SOLID
diameter_mm=1.2
mode=LSM
gas=CO2 100%
synergic=False
correction=0.0
hot_start_enabled=True
hot_start_percent=20.0
hot_start_hold_adjustment=0
crater_enabled=False
crater_percent=26.08695652173913
crater_current_a=60.0
crater_voltage_v=25.0
crater_seconds=1.0
wire_consumable_alpha_mm=0.0
hot_start_current_a=276

[rx_setting_echo]
current_a=230
voltage_v=26.5
hot_start_current_a=0
hot_start_hold_adjustment=-15

[rx_welding_setting_echo]

[execution_conditions]
mode=sequence_execute
run_all=True
touch_io_backend=fastech_ethernet
touch_input_port=4
touch_sensing_output_port=0
fastech_ip=192.168.0.3
fastech_poll_target_hz=100.0
hicomm_source_ip=192.168.1.2
hicomm_welder_ip=192.168.1.10
hicomm_port=60000
gui_velocity_percent=36.95263157894737
gui_speed_mode=scale
gui_tcp_speed_mm_s=10.0
gui_interpolation_step_mm=5.0
seam_orientation_mode=Keep reference orientation
weld_fixed_tilt_x_deg=0.0
weld_fixed_tilt_y_deg=0.0
weld_fixed_tilt_z_deg=-0.0
weld_weave_enabled=False
weld_weave_pattern=circle
weld_weave_amplitude_mm=2.7
weld_weave_cycles=4
weld_weave_samples_per_cycle=8
weld_weave_axis=tool_y
weld_lead_in_mm=1.0
weld_lead_out_mm=6.0
weld_safe_approach_mm=31.0
weld_approach_mode=taught_wait
weld_pre_start_lead_mm=0.0
weld_tcp_speed_mm_s=7.0
weld_arc_off_delay_ms=500.0
tcp_tracking.parent_frame=World
tcp_tracking.child_frame=right_manipulator_ee_point
tcp_tracking.timestamp_source=TF_header_stamp
initial_fastech_di0=False
initial_fastech_do0=True
robot_connected.left=True
robot_connected.right=True
robot_connected.head=True
hicomm_connected=True
execution_allowed=True
steps[0].sequence_number=1
steps[0].type=named_pose
steps[0].parallel_slot=1
steps[0].duration=0.0
steps[0].planning_group=right_manipulator
steps[0].velocity_scale=0.3695263157894737
steps[0].tcp_speed_m_s=0.0
steps[0].pose_name=weld_start_wait
steps[0].pose_label=3 · Weld start wait pose
steps[0].touch_guard=False
steps[0].continue_after_touch=False
steps[0].weld_scenario_id=weld-28341135774601
steps[0].weld_scenario_stage=start_wait
steps[0].target_tcp.position_m.x=-0.01881472613828722
steps[0].target_tcp.position_m.y=-1.7186818476848977
steps[0].target_tcp.position_m.z=0.6767997066059179
steps[0].target_tcp.orientation_xyzw.x=-0.2965824561145582
steps[0].target_tcp.orientation_xyzw.y=0.7363380241329462
steps[0].target_tcp.orientation_xyzw.z=-0.5922037412232122
steps[0].target_tcp.orientation_xyzw.w=-0.13834699065131756
steps[0].joint_names[0]=right_manipulator_joint1
steps[0].joint_names[1]=right_manipulator_joint2
steps[0].joint_names[2]=right_manipulator_joint3
steps[0].joint_names[3]=right_manipulator_joint4
steps[0].joint_names[4]=right_manipulator_joint5
steps[0].joint_names[5]=right_manipulator_joint6
steps[0].joint_positions_rad[0]=4.916135184845638
steps[0].joint_positions_rad[1]=1.3033141527036816
steps[0].joint_positions_rad[2]=1.867443177457733
steps[0].joint_positions_rad[3]=3.1915495608980446
steps[0].joint_positions_rad[4]=1.3365794315637523
steps[0].joint_positions_rad[5]=2.007103739237287
steps[1].sequence_number=2
steps[1].type=motion
steps[1].parallel_slot=2
steps[1].duration=0.0
steps[1].planning_group=right_manipulator
steps[1].velocity_scale=0.3695263157894737
steps[1].tcp_speed_m_s=0.0
steps[1].interpolation_step=0.005
steps[1].path_kind=taught_wait_align_weld_attitude
steps[1].touch_guard=False
steps[1].continue_after_touch=False
steps[1].accept_initial_touch=False
steps[1].weld_scenario_id=weld-28341135774601
steps[1].weld_scenario_stage=start_safe
steps[1].waypoint_count=1
steps[1].waypoints[0].position_m.x=-0.01881472613828722
steps[1].waypoints[0].position_m.y=-1.7186818476848977
steps[1].waypoints[0].position_m.z=0.6767997066059179
steps[1].waypoints[0].orientation_xyzw.x=-0.2965236326843988
steps[1].waypoints[0].orientation_xyzw.y=0.7363663542375143
steps[1].waypoints[0].orientation_xyzw.z=-0.5922078774594529
steps[1].waypoints[0].orientation_xyzw.w=-0.13830458228695536
steps[2].sequence_number=3
steps[2].type=motion
steps[2].parallel_slot=3
steps[2].duration=0.0
steps[2].planning_group=right_manipulator
steps[2].velocity_scale=0.3695263157894737
steps[2].tcp_speed_m_s=0.0
steps[2].interpolation_step=0.005
steps[2].path_kind=taught_wait_to_weld_start
steps[2].touch_guard=False
steps[2].continue_after_touch=True
steps[2].accept_initial_touch=False
steps[2].weld_scenario_id=weld-28341135774601
steps[2].weld_scenario_stage=start_contact
steps[2].waypoint_count=1
steps[2].waypoints[0].position_m.x=-0.018784814470552292
steps[2].waypoints[0].position_m.y=-1.7198648082791745
steps[2].waypoints[0].position_m.z=0.6736035772120645
steps[2].waypoints[0].orientation_xyzw.x=-0.2965236326843988
steps[2].waypoints[0].orientation_xyzw.y=0.7363663542375143
steps[2].waypoints[0].orientation_xyzw.z=-0.5922078774594529
steps[2].waypoints[0].orientation_xyzw.w=-0.13830458228695536
steps[3].sequence_number=4
steps[3].type=digital_weld
steps[3].parallel_slot=5
steps[3].duration=0.0
steps[3].command=on
steps[3].weld_scenario_id=weld-28341135774601
steps[3].weld_scenario_stage=arc_on
steps[3].settings.current_a=230
steps[3].settings.voltage_tenths=265
steps[3].settings.voltage=26.5
steps[3].settings.material=FE-SOLID
steps[3].settings.diameter_mm=1.2
steps[3].settings.mode=LSM
steps[3].settings.gas=CO2 100%
steps[3].settings.synergic=False
steps[3].settings.correction=0.0
steps[3].settings.hot_start_enabled=True
steps[3].settings.hot_start_percent=20.0
steps[3].settings.hot_start_hold_adjustment=0
steps[3].settings.crater_enabled=False
steps[3].settings.crater_percent=26.08695652173913
steps[3].settings.crater_current_a=60.0
steps[3].settings.crater_voltage_v=25.0
steps[3].settings.crater_seconds=1.0
steps[3].settings.wire_consumable_alpha_mm=0.0
steps[3].settings.hot_start_current_a=276
steps[4].sequence_number=5
steps[4].type=motion
steps[4].parallel_slot=5
steps[4].duration=0.0
steps[4].planning_group=right_manipulator
steps[4].velocity_scale=0.3695263157894737
steps[4].tcp_speed_m_s=0.007
steps[4].interpolation_step=0.005
steps[4].path_kind=continuous_lead_to_lead_over_taught_goal_fastech_di0_ignored
steps[4].touch_guard=False
steps[4].weld_scenario_id=weld-28341135774601
steps[4].weld_scenario_stage=weld_motion
steps[4].lead_in_mm=1.0
steps[4].lead_out_mm=6.0
steps[4].linear_motion_profile=True
steps[4].waypoint_count=2
steps[4].waypoints[0].position_m.x=-0.018784814470552292
steps[4].waypoints[0].position_m.y=-1.7198648082791745
steps[4].waypoints[0].position_m.z=0.6736035772120645
steps[4].waypoints[0].orientation_xyzw.x=-0.2965236326843988
steps[4].waypoints[0].orientation_xyzw.y=0.7363663542375143
steps[4].waypoints[0].orientation_xyzw.z=-0.5922078774594529
steps[4].waypoints[0].orientation_xyzw.w=-0.13830458228695536
steps[4].waypoints[1].position_m.x=-0.02398632512887223
steps[4].waypoints[1].position_m.y=-1.5563960334542437
steps[4].waypoints[1].position_m.z=0.6763810945095574
steps[4].waypoints[1].orientation_xyzw.x=-0.29608091818106996
steps[4].waypoints[1].orientation_xyzw.y=0.7364212669520126
steps[4].waypoints[1].orientation_xyzw.z=-0.5923920811232232
steps[4].waypoints[1].orientation_xyzw.w=-0.13817173984698802
steps[4].lead_start.position_m.x=-0.018784814470552292
steps[4].lead_start.position_m.y=-1.7198648082791745
steps[4].lead_start.position_m.z=0.6736035772120645
steps[4].lead_start.orientation_xyzw.x=-0.2965236326843988
steps[4].lead_start.orientation_xyzw.y=0.7363663542375143
steps[4].lead_start.orientation_xyzw.z=-0.5922078774594529
steps[4].lead_start.orientation_xyzw.w=-0.13830458228695536
steps[4].usable_seam_start.position_m.x=-0.01881661338688484
steps[4].usable_seam_start.position_m.y=-1.7188654582374079
steps[4].usable_seam_start.position_m.z=0.6736205572868845
steps[4].usable_seam_start.orientation_xyzw.x=-0.2965236326843988
steps[4].usable_seam_start.orientation_xyzw.y=0.7363663542375143
steps[4].usable_seam_start.orientation_xyzw.z=-0.5922078774594529
steps[4].usable_seam_start.orientation_xyzw.w=-0.13830458228695536
steps[4].usable_seam_goal.position_m.x=-0.023795531630876943
steps[4].usable_seam_goal.position_m.y=-1.562392133704844
steps[4].usable_seam_goal.position_m.z=0.6762792140606375
steps[4].usable_seam_goal.orientation_xyzw.x=-0.29608091818106996
steps[4].usable_seam_goal.orientation_xyzw.y=0.7364212669520126
steps[4].usable_seam_goal.orientation_xyzw.z=-0.5923920811232232
steps[4].usable_seam_goal.orientation_xyzw.w=-0.13817173984698802
steps[4].lead_end.position_m.x=-0.02398632512887223
steps[4].lead_end.position_m.y=-1.5563960334542437
steps[4].lead_end.position_m.z=0.6763810945095574
steps[4].lead_end.orientation_xyzw.x=-0.29608091818106996
steps[4].lead_end.orientation_xyzw.y=0.7364212669520126
steps[4].lead_end.orientation_xyzw.z=-0.5923920811232232
steps[4].lead_end.orientation_xyzw.w=-0.13817173984698802
steps[5].sequence_number=6
steps[5].type=digital_weld
steps[5].parallel_slot=5
steps[5].duration=0.0
steps[5].velocity_scale=0.3695263157894737
steps[5].tcp_speed_m_s=0.007
steps[5].command=off
steps[5].weld_scenario_id=weld-28341135774601
steps[5].weld_scenario_stage=arc_off
steps[5].trigger_before_goal=True
steps[5].arc_off_delay_s=0.5
steps[5].settings.current_a=230
steps[5].settings.voltage_tenths=265
steps[5].settings.voltage=26.5
steps[5].settings.material=FE-SOLID
steps[5].settings.diameter_mm=1.2
steps[5].settings.mode=LSM
steps[5].settings.gas=CO2 100%
steps[5].settings.synergic=False
steps[5].settings.correction=0.0
steps[5].settings.hot_start_enabled=True
steps[5].settings.hot_start_percent=20.0
steps[5].settings.hot_start_hold_adjustment=0
steps[5].settings.crater_enabled=False
steps[5].settings.crater_percent=26.08695652173913
steps[5].settings.crater_current_a=60.0
steps[5].settings.crater_voltage_v=25.0
steps[5].settings.crater_seconds=1.0
steps[5].settings.wire_consumable_alpha_mm=0.0
steps[5].settings.hot_start_current_a=276
steps[6].sequence_number=7
steps[6].type=motion
steps[6].parallel_slot=6
steps[6].duration=0.0
steps[6].planning_group=right_manipulator
steps[6].velocity_scale=0.3695263157894737
steps[6].tcp_speed_m_s=0.0
steps[6].interpolation_step=0.005
steps[6].path_kind=weld_end_to_taught_wait_fixed_attitude
steps[6].pose_name=weld_goal_wait
steps[6].pose_label=5 · Weld goal wait pose
steps[6].touch_guard=False
steps[6].continue_after_touch=False
steps[6].weld_scenario_id=weld-28341135774601
steps[6].weld_scenario_stage=goal_wait
steps[6].waypoint_count=1
steps[6].waypoints[0].position_m.x=-0.024393472761968488
steps[6].waypoints[0].position_m.y=-1.5623800604005869
steps[6].waypoints[0].position_m.z=0.6781644953726658
steps[6].waypoints[0].orientation_xyzw.x=-0.29608091818106996
steps[6].waypoints[0].orientation_xyzw.y=0.7364212669520126
steps[6].waypoints[0].orientation_xyzw.z=-0.5923920811232232
steps[6].waypoints[0].orientation_xyzw.w=-0.13817173984698802
steps[7].sequence_number=8
steps[7].type=named_pose
steps[7].parallel_slot=7
steps[7].duration=0.0
steps[7].planning_group=right_manipulator
steps[7].velocity_scale=0.3695263157894737
steps[7].tcp_speed_m_s=0.0
steps[7].pose_name=weld_finish
steps[7].pose_label=7 · Weld end pose
steps[7].touch_guard=False
steps[7].continue_after_touch=False
steps[7].weld_scenario_id=weld-28341135774601
steps[7].weld_scenario_stage=finish
steps[7].target_tcp.position_m.x=-0.02379571009684625
steps[7].target_tcp.position_m.y=-1.5623878040648893
steps[7].target_tcp.position_m.z=0.7064305233154275
steps[7].target_tcp.orientation_xyzw.x=-0.29604742218715546
steps[7].target_tcp.orientation_xyzw.y=0.7364073513012283
steps[7].target_tcp.orientation_xyzw.z=-0.592430035210753
steps[7].target_tcp.orientation_xyzw.w=-0.13815494977030515
steps[7].joint_names[0]=right_manipulator_joint1
steps[7].joint_names[1]=right_manipulator_joint2
steps[7].joint_names[2]=right_manipulator_joint3
steps[7].joint_names[3]=right_manipulator_joint4
steps[7].joint_names[4]=right_manipulator_joint5
steps[7].joint_names[5]=right_manipulator_joint6
steps[7].joint_positions_rad[0]=4.955874341999582
steps[7].joint_positions_rad[1]=1.2898311007368284
steps[7].joint_positions_rad[2]=2.05531401234461
steps[7].joint_positions_rad[3]=3.228972566851947
steps[7].joint_positions_rad[4]=1.510648300943239
steps[7].joint_positions_rad[5]=2.0249153600819003
steps[8].sequence_number=9
steps[8].type=digital_output
steps[8].parallel_slot=8
steps[8].duration=0.0
steps[8].port=0
steps[8].value=True
steps[8].weld_scenario_id=weld-28341135774601
steps[8].weld_scenario_stage=touch_output_on
hicomm_cyclic_period_ms=40.0
arc_wait_recognition=True
arc_wait_main_welding=True
arc_wait_established=True
arc_establishment_timeout_s=5.0

[summary]
rx_samples=173
welding_samples=0
wcr_seen=0
current_a.min=None
current_a.average=None
current_a.max=None
voltage_v.min=None
voltage_v.average=None
voltage_v.max=None
wire_feed_m_min.min=None
wire_feed_m_min.average=None
wire_feed_m_min.max=None

[production_metrics]
arc_started_elapsed_s=None
arc_completed_elapsed_s=None
arc_on_time_s=0.0
main_weld_arc_time_s=0.0
crater_arc_time_s=0.0
weld_motion_start_elapsed_s=0.016893217001779703
weld_motion_complete_elapsed_s=None
weld_motion_duration_s=None
net_weld_arc_time_s=0.0
wire_feed_average_m_min=0.0
wire_consumable_base_mm=0.0
wire_consumable_alpha_mm=0.0
wire_consumable_mm=0.0
wire_consumable_formula=integral(WFS*1000/60*dt)+alpha
weld_motion_start_unix_time=1789459364.2518919
weld_motion_start_wall_time=2026-09-15 17:02:44.251
weld_motion_complete_unix_time=None
weld_motion_complete_wall_time=None

[arc_off_control]

[teaching_snapshot_yaml]
robot_start:
  planning_group: right_manipulator
  joint_state:
    names:
    - right_manipulator_joint1
    - right_manipulator_joint2
    - right_manipulator_joint3
    - right_manipulator_joint4
    - right_manipulator_joint5
    - right_manipulator_joint6
    positions_rad:
    - 5.27240967968313
    - 1.0710261184710546
    - 2.180025851451385
    - 3.6894743983235436
    - 1.4802383302458966
    - 1.475784459638848
  tcp_pose_world:
    position_m:
      x: 0.0409882833240674
      y: -1.5365128539727777
      z: 0.8899872668309907
    orientation_xyzw:
      x: -0.4355837586611503
      y: 0.6337556876271521
      z: -0.5283180348228105
      w: -0.3598618786031996
weld_wait:
  planning_group: right_manipulator
  joint_state:
    names:
    - right_manipulator_joint1
    - right_manipulator_joint2
    - right_manipulator_joint3
    - right_manipulator_joint4
    - right_manipulator_joint5
    - right_manipulator_joint6
    positions_rad:
    - 4.91614264169669
    - 1.2681464447189128
    - 1.8927994005124862
    - 3.1916787242109135
    - 1.3267225397371512
    - 2.0066936124294146
  tcp_pose_world:
    position_m:
      x: -0.018813889844750853
      y: -1.7185972061506336
      z: 0.7064374726701947
    orientation_xyzw:
      x: -0.29655337045138125
      y: 0.7363686421953863
      z: -0.5921878382602483
      w: -0.13831444422728587
weld_start_wait:
  planning_group: right_manipulator
  joint_state:
    names:
    - right_manipulator_joint1
    - right_manipulator_joint2
    - right_manipulator_joint3
    - right_manipulator_joint4
    - right_manipulator_joint5
    - right_manipulator_joint6
    positions_rad:
    - 4.916135184845638
    - 1.3033141527036816
    - 1.867443177457733
    - 3.1915495608980446
    - 1.3365794315637523
    - 2.007103739237287
  tcp_pose_world:
    position_m:
      x: -0.01881472613828722
      y: -1.7186818476848977
      z: 0.6767997066059179
    orientation_xyzw:
      x: -0.2965824561145582
      y: 0.7363380241329462
      z: -0.5922037412232122
      w: -0.13834699065131756
weld_start:
  planning_group: right_manipulator
  joint_state:
    names:
    - right_manipulator_joint1
    - right_manipulator_joint2
    - right_manipulator_joint3
    - right_manipulator_joint4
    - right_manipulator_joint5
    - right_manipulator_joint6
    positions_rad:
    - 4.916070736347258
    - 1.3070654814151672
    - 1.8644701575748228
    - 3.191488840825191
    - 1.337342693532169
    - 2.0072936226230094
  tcp_pose_world:
    position_m:
      x: -0.01881661338688484
      y: -1.7188654582374079
      z: 0.6736205572868845
    orientation_xyzw:
      x: -0.2965236326843988
      y: 0.7363663542375143
      z: -0.5922078774594529
      w: -0.13830458228695536
weld_goal_wait:
  planning_group: right_manipulator
  joint_state:
    names:
    - right_manipulator_joint1
    - right_manipulator_joint2
    - right_manipulator_joint3
    - right_manipulator_joint4
    - right_manipulator_joint5
    - right_manipulator_joint6
    positions_rad:
    - 4.955019999921885
    - 1.3248430137978275
    - 2.0296844158039598
    - 3.2281182247742497
    - 1.5198484572450268
    - 2.0255609103301353
  tcp_pose_world:
    position_m:
      x: -0.024393472761968488
      y: -1.5623800604005869
      z: 0.6781644953726658
    orientation_xyzw:
      x: -0.29605806471311125
      y: 0.7364573448739692
      z: -0.592364694412823
      w: -0.1381458298781174
weld_end:
  planning_group: right_manipulator
  joint_state:
    names:
    - right_manipulator_joint1
    - right_manipulator_joint2
    - right_manipulator_joint3
    - right_manipulator_joint4
    - right_manipulator_joint5
    - right_manipulator_joint6
    positions_rad:
    - 4.9558892557016865
    - 1.3271782065996636
    - 2.027835249901063
    - 3.2289459352410463
    - 1.5203989326423462
    - 2.0257089820867438
  tcp_pose_world:
    position_m:
      x: -0.023795531630876943
      y: -1.562392133704844
      z: 0.6762792140606375
    orientation_xyzw:
      x: -0.29608091818106996
      y: 0.7364212669520126
      z: -0.5923920811232232
      w: -0.13817173984698802
weld_finish:
  planning_group: right_manipulator
  joint_state:
    names:
    - right_manipulator_joint1
    - right_manipulator_joint2
    - right_manipulator_joint3
    - right_manipulator_joint4
    - right_manipulator_joint5
    - right_manipulator_joint6
    positions_rad:
    - 4.955874341999582
    - 1.2898311007368284
    - 2.05531401234461
    - 3.228972566851947
    - 1.510648300943239
    - 2.0249153600819003
  tcp_pose_world:
    position_m:
      x: -0.02379571009684625
      y: -1.5623878040648893
      z: 0.7064305233154275
    orientation_xyzw:
      x: -0.29604742218715546
      y: 0.7364073513012283
      z: -0.592430035210753
      w: -0.13815494977030515

[touch_snapshot_yaml]
{}

[samples]
elapsed_s raw0 state arc gas fwd wcr current_a voltage_v wire_feed_m_min set_current_a set_voltage_v error db collision
0.004 0x00 idle 0 0 0 0 0 0.0 0.0 230 26.5 0 0 0
0.045 0x00 idle 0 0 0 0 0 0.0 0.0 230 26.5 0 0 0
0.084 0x00 idle 0 0 0 0 0 0.0 0.0 230 26.5 0 0 0
0.125 0x00 idle 0 0 0 0 0 0.0 0.0 230 26.5 0 0 0
0.164 0x00 idle 0 0 0 0 0 0.0 0.0 230 26.5 0 0 0
0.204 0x00 idle 0 0 0 0 0 0.0 0.0 230 26.5 0 0 0
0.243 0x00 idle 0 0 0 0 0 0.0 0.0 230 26.5 0 0 0
0.284 0x00 idle 0 0 0 0 0 0.0 0.0 230 26.5 0 0 0
0.325 0x00 idle 0 0 0 0 0 0.0 0.0 230 26.5 0 0 0
0.368 0x00 idle 0 0 0 0 0 0.0 0.0 230 26.5 0 0 0
0.402 0x00 idle 0 0 0 0 0 0.0 0.0 230 26.5 0 0 0
0.442 0x00 idle 0 0 0 0 0 0.0 0.0 230 26.5 0 0 0
0.483 0x00 idle 0 0 0 0 0 0.0 0.0 230 26.5 0 0 0
0.525 0x00 idle 0 0 0 0 0 0.0 0.0 230 26.5 0 0 0
0.567 0x00 idle 0 0 0 0 0 0.0 0.0 230 26.5 0 0 0
0.605 0x00 idle 0 0 0 0 0 0.0 0.0 230 26.5 0 0 0
0.647 0x00 idle 0 0 0 0 0 0.0 0.0 230 26.5 0 0 0
0.685 0x00 idle 0 0 0 0 0 0.0 0.0 230 26.5 0 0 0
0.725 0x00 idle 0 0 0 0 0 0.0 0.0 230 26.5 0 0 0
0.761 0x00 idle 0 0 0 0 0 0.0 0.0 230 26.5 0 0 0
0.802 0x00 idle 0 0 0 0 0 0.0 0.0 230 26.5 0 0 0
0.845 0x00 idle 0 0 0 0 0 0.0 0.0 230 26.5 0 0 0
0.884 0x00 idle 0 0 0 0 0 0.0 0.0 230 26.5 0 0 0
0.927 0x00 idle 0 0 0 0 0 0.0 0.0 230 26.5 0 0 0
0.965 0x00 idle 0 0 0 0 0 0.0 0.0 230 26.5 0 0 0
1.008 0x00 idle 0 0 0 0 0 0.0 0.0 230 26.5 0 0 0
1.046 0x00 idle 0 0 0 0 0 0.0 0.0 230 26.5 0 0 0
1.088 0x00 idle 0 0 0 0 0 0.0 0.0 230 26.5 0 0 0
1.122 0x00 idle 0 0 0 0 0 0.0 0.0 230 26.5 0 0 0
1.167 0x00 idle 0 0 0 0 0 0.0 0.0 230 26.5 0 0 0
1.206 0x00 idle 0 0 0 0 0 0.0 0.0 230 26.5 0 0 0
1.243 0x00 idle 0 0 0 0 0 0.0 0.0 230 26.5 0 0 0
1.287 0x00 idle 0 0 0 0 0 0.0 0.0 230 26.5 0 0 0
1.323 0x00 idle 0 0 0 0 0 0.0 0.0 230 26.5 0 0 0
1.366 0x00 idle 0 0 0 0 0 0.0 0.0 230 26.5 0 0 0
1.405 0x00 idle 0 0 0 0 0 0.0 0.0 230 26.5 0 0 0
1.446 0x00 idle 0 0 0 0 0 0.0 0.0 230 26.5 0 0 0
1.484 0x00 idle 0 0 0 0 0 0.0 0.0 230 26.5 0 0 0
1.524 0x00 idle 0 0 0 0 0 0.0 0.0 230 26.5 0 0 0
1.565 0x00 idle 0 0 0 0 0 0.0 0.0 230 26.5 0 0 0
1.608 0x00 idle 0 0 0 0 0 0.0 0.0 230 26.5 0 0 0
1.649 0x00 idle 0 0 0 0 0 0.0 0.0 230 26.5 0 0 0
1.686 0x00 idle 0 0 0 0 0 0.0 0.0 230 26.5 0 0 0
1.725 0x00 idle 0 0 0 0 0 0.0 0.0 230 26.5 0 0 0
1.770 0x00 idle 0 0 0 0 0 0.0 0.0 230 26.5 0 0 0
1.807 0x00 idle 0 0 0 0 0 0.0 0.0 230 26.5 0 0 0
1.844 0x00 idle 0 0 0 0 0 0.0 0.0 230 26.5 0 0 0
1.887 0x00 idle 0 0 0 0 0 0.0 0.0 230 26.5 0 0 0
1.925 0x00 idle 0 0 0 0 0 0.0 0.0 230 26.5 0 0 0
1.970 0x00 idle 0 0 0 0 0 0.0 0.0 230 26.5 0 0 0
2.005 0x00 idle 0 0 0 0 0 0.0 0.0 230 26.5 0 0 0
2.043 0x00 idle 0 0 0 0 0 0.0 0.0 230 26.5 0 0 0
2.082 0x00 idle 0 0 0 0 0 0.0 0.0 230 26.5 0 0 0
2.129 0x00 idle 0 0 0 0 0 0.0 0.0 230 26.5 0 0 0
2.170 0x00 idle 0 0 0 0 0 0.0 0.0 230 26.5 0 0 0
2.207 0x00 idle 0 0 0 0 0 0.0 0.0 230 26.5 0 0 0
2.243 0x00 idle 0 0 0 0 0 0.0 0.0 230 26.5 0 0 0
2.287 0x00 idle 0 0 0 0 0 0.0 0.0 230 26.5 0 0 0
2.323 0x00 idle 0 0 0 0 0 0.0 0.0 230 26.5 0 0 0
2.361 0x00 idle 0 0 0 0 0 0.0 0.0 230 26.5 0 0 0
2.410 0x00 idle 0 0 0 0 0 0.0 0.0 230 26.5 0 0 0
2.448 0x00 idle 0 0 0 0 0 0.0 0.0 230 26.5 0 0 0
2.489 0x00 idle 0 0 0 0 0 0.0 0.0 230 26.5 0 0 0
2.526 0x00 idle 0 0 0 0 0 0.0 0.0 230 26.5 0 0 0
2.569 0x00 idle 0 0 0 0 0 0.0 0.0 230 26.5 0 0 0
2.606 0x00 idle 0 0 0 0 0 0.0 0.0 230 26.5 0 0 0
2.647 0x00 idle 0 0 0 0 0 0.0 0.0 230 26.5 0 0 0
2.683 0x00 idle 0 0 0 0 0 0.0 0.0 230 26.5 0 0 0
2.725 0x00 idle 0 0 0 0 0 0.0 0.0 230 26.5 0 0 0
2.770 0x00 idle 0 0 0 0 0 0.0 0.0 230 26.5 0 0 0
2.804 0x00 idle 0 0 0 0 0 0.0 0.0 230 26.5 0 0 0
2.848 0x00 idle 0 0 0 0 0 0.0 0.0 230 26.5 0 0 0
2.882 0x00 idle 0 0 0 0 0 0.0 0.0 230 26.5 0 0 0
2.926 0x00 idle 0 0 0 0 0 0.0 0.0 230 26.5 0 0 0
2.962 0x00 idle 0 0 0 0 0 0.0 0.0 230 26.5 0 0 0
3.008 0x00 idle 0 0 0 0 0 0.0 0.0 230 26.5 0 0 0
3.051 0x00 idle 0 0 0 0 0 0.0 0.0 230 26.5 0 0 0
3.087 0x00 idle 0 0 0 0 0 0.0 0.0 230 26.5 0 0 0
3.122 0x00 idle 0 0 0 0 0 0.0 0.0 230 26.5 0 0 0
3.175 0x00 idle 0 0 0 0 0 0.0 0.0 230 26.5 0 0 0
3.208 0x00 idle 0 0 0 0 0 0.0 0.0 230 26.5 0 0 0
3.246 0x00 idle 0 0 0 0 0 0.0 0.0 230 26.5 0 0 0
3.282 0x00 idle 0 0 0 0 0 0.0 0.0 230 26.5 0 0 0
3.328 0x00 idle 0 0 0 0 0 0.0 0.0 230 26.5 0 0 0
3.370 0x00 idle 0 0 0 0 0 0.0 0.0 230 26.5 0 0 0
3.405 0x00 idle 0 0 0 0 0 0.0 0.0 230 26.5 0 0 0
3.446 0x00 idle 0 0 0 0 0 0.0 0.0 230 26.5 0 0 0
3.483 0x00 idle 0 0 0 0 0 0.0 0.0 230 26.5 0 0 0
3.528 0x00 idle 0 0 0 0 0 0.0 0.0 230 26.5 0 0 0
3.562 0x00 idle 0 0 0 0 0 0.0 0.0 230 26.5 0 0 0
3.610 0x00 idle 0 0 0 0 0 0.0 0.0 230 26.5 0 0 0
3.645 0x00 idle 0 0 0 0 0 0.0 0.0 230 26.5 0 0 0
3.684 0x00 idle 0 0 0 0 0 0.0 0.0 230 26.5 0 0 0
3.724 0x00 idle 0 0 0 0 0 0.0 0.0 230 26.5 0 0 0
3.768 0x00 idle 0 0 0 0 0 0.0 0.0 230 26.5 0 0 0
3.804 0x00 idle 0 0 0 0 0 0.0 0.0 230 26.5 0 0 0
3.848 0x00 idle 0 0 0 0 0 0.0 0.0 230 26.5 0 0 0
3.887 0x00 idle 0 0 0 0 0 0.0 0.0 230 26.5 0 0 0
3.927 0x00 idle 0 0 0 0 0 0.0 0.0 230 26.5 0 0 0
3.967 0x00 idle 0 0 0 0 0 0.0 0.0 230 26.5 0 0 0
4.004 0x00 idle 0 0 0 0 0 0.0 0.0 230 26.5 0 0 0
4.047 0x00 idle 0 0 0 0 0 0.0 0.0 230 26.5 0 0 0
4.085 0x00 idle 0 0 0 0 0 0.0 0.0 230 26.5 0 0 0
4.125 0x00 idle 0 0 0 0 0 0.0 0.0 230 26.5 0 0 0
4.165 0x00 idle 0 0 0 0 0 0.0 0.0 230 26.5 0 0 0
4.203 0x00 idle 0 0 0 0 0 0.0 0.0 230 26.5 0 0 0
4.246 0x00 idle 0 0 0 0 0 0.0 0.0 230 26.5 0 0 0
4.289 0x00 idle 0 0 0 0 0 0.0 0.0 230 26.5 0 0 0
4.324 0x00 idle 0 0 0 0 0 0.0 0.0 230 26.5 0 0 0
4.367 0x00 idle 0 0 0 0 0 0.0 0.0 230 26.5 0 0 0
4.404 0x00 idle 0 0 0 0 0 0.0 0.0 230 26.5 0 0 0
4.444 0x00 idle 0 0 0 0 0 0.0 0.0 230 26.5 0 0 0
4.488 0x00 idle 0 0 0 0 0 0.0 0.0 230 26.5 0 0 0
4.526 0x00 idle 0 0 0 0 0 0.0 0.0 230 26.5 0 0 0
4.567 0x00 idle 0 0 0 0 0 0.0 0.0 230 26.5 0 0 0
4.604 0x00 idle 0 0 0 0 0 0.0 0.0 230 26.5 0 0 0
4.644 0x00 idle 0 0 0 0 0 0.0 0.0 230 26.5 0 0 0
4.685 0x00 idle 0 0 0 0 0 0.0 0.0 230 26.5 0 0 0
4.724 0x00 idle 0 0 0 0 0 0.0 0.0 230 26.5 0 0 0
4.771 0x00 idle 0 0 0 0 0 0.0 0.0 230 26.5 0 0 0
4.803 0x00 idle 0 0 0 0 0 0.0 0.0 230 26.5 0 0 0
4.844 0x00 idle 0 0 0 0 0 0.0 0.0 230 26.5 0 0 0
4.888 0x00 idle 0 0 0 0 0 0.0 0.0 230 26.5 0 0 0
4.929 0x00 idle 0 0 0 0 0 0.0 0.0 230 26.5 0 0 0
4.968 0x00 idle 0 0 0 0 0 0.0 0.0 230 26.5 0 0 0
5.006 0x00 idle 0 0 0 0 0 0.0 0.0 230 26.5 0 0 0
5.043 0x00 idle 0 0 0 0 0 0.0 0.0 230 26.5 0 0 0
5.086 0x00 idle 0 0 0 0 0 0.0 0.0 230 26.5 0 0 0
5.126 0x00 idle 0 0 0 0 0 0.0 0.0 230 26.5 0 0 0
5.161 0x00 idle 0 0 0 0 0 0.0 0.0 230 26.5 0 0 0
5.204 0x00 idle 0 0 0 0 0 0.0 0.0 230 26.5 0 0 0
5.248 0x00 idle 0 0 0 0 0 0.0 0.0 230 26.5 0 0 0
5.286 0x00 idle 0 0 0 0 0 0.0 0.0 230 26.5 0 0 0
5.331 0x00 idle 0 0 0 0 0 0.0 0.0 230 26.5 0 0 0
5.370 0x00 idle 0 0 0 0 0 0.0 0.0 230 26.5 0 0 0
5.413 0x00 idle 0 0 0 0 0 0.0 0.0 230 26.5 0 0 0
5.444 0x00 idle 0 0 0 0 0 0.0 0.0 230 26.5 0 0 0
5.489 0x00 idle 0 0 0 0 0 0.0 0.0 230 26.5 0 0 0
5.530 0x00 idle 0 0 0 0 0 0.0 0.0 230 26.5 0 0 0
5.563 0x00 idle 0 0 0 0 0 0.0 0.0 230 26.5 0 0 0
5.606 0x00 idle 0 0 0 0 0 0.0 0.0 230 26.5 0 0 0
5.649 0x00 idle 0 0 0 0 0 0.0 0.0 230 26.5 0 0 0
5.688 0x00 idle 0 0 0 0 0 0.0 0.0 230 26.5 0 0 0
5.730 0x00 idle 0 0 0 0 0 0.0 0.0 230 26.5 0 0 0
5.767 0x00 idle 0 0 0 0 0 0.0 0.0 230 26.5 0 0 0
5.806 0x00 idle 0 0 0 0 0 0.0 0.0 230 26.5 0 0 0
5.854 0x00 idle 0 0 0 0 0 0.0 0.0 230 26.5 0 0 0
5.886 0x00 idle 0 0 0 0 0 0.0 0.0 230 26.5 0 0 0
5.935 0x00 idle 0 0 0 0 0 0.0 0.0 230 26.5 0 0 0
5.970 0x00 idle 0 0 0 0 0 0.0 0.0 230 26.5 0 0 0
6.008 0x00 idle 0 0 0 0 0 0.0 0.0 230 26.5 0 0 0
6.048 0x00 idle 0 0 0 0 0 0.0 0.0 230 26.5 0 0 0
6.089 0x00 idle 0 0 0 0 0 0.0 0.0 230 26.5 0 0 0
6.125 0x00 idle 0 0 0 0 0 0.0 0.0 230 26.5 0 0 0
6.172 0x00 idle 0 0 0 0 0 0.0 0.0 230 26.5 0 0 0
6.205 0x00 idle 0 0 0 0 0 0.0 0.0 230 26.5 0 0 0
6.251 0x00 idle 0 0 0 0 0 0.0 0.0 230 26.5 0 0 0
6.287 0x00 idle 0 0 0 0 0 0.0 0.0 230 26.5 0 0 0
6.327 0x00 idle 0 0 0 0 0 0.0 0.0 230 26.5 0 0 0
6.364 0x00 idle 0 0 0 0 0 0.0 0.0 230 26.5 0 0 0
6.406 0x00 idle 0 0 0 0 0 0.0 0.0 230 26.5 0 0 0
6.444 0x00 idle 0 0 0 0 0 0.0 0.0 230 26.5 0 0 0
6.491 0x00 idle 0 0 0 0 0 0.0 0.0 230 26.5 0 0 0
6.531 0x00 idle 0 0 0 0 0 0.0 0.0 230 26.5 0 0 0
6.574 0x00 idle 0 0 0 0 0 0.0 0.0 230 26.5 0 0 0
6.609 0x00 idle 0 0 0 0 0 0.0 0.0 230 26.5 0 0 0
6.648 0x00 idle 0 0 0 0 0 0.0 0.0 230 26.5 0 0 0
6.686 0x00 idle 0 0 0 0 0 0.0 0.0 230 26.5 0 0 0
6.727 0x00 idle 0 0 0 0 0 0.0 0.0 230 26.5 0 0 0
6.771 0x00 idle 0 0 0 0 0 0.0 0.0 230 26.5 0 0 0
6.807 0x00 idle 0 0 0 0 0 0.0 0.0 230 26.5 0 0 0
6.843 0x00 idle 0 0 0 0 0 0.0 0.0 230 26.5 0 0 0
6.891 0x00 idle 0 0 0 0 0 0.0 0.0 230 26.5 0 0 0

[tcp_trajectory]
elapsed_s x_m y_m z_m qx qy qz qw speed_m_s tf_stamp_s along_mm remaining_mm cross_track_mm progress waypoint phase
0.0029 -0.0191336 -1.7198935 0.6743403 -0.29650989 0.73625422 -0.59231064 -0.13849081 0.000000 1789459364.196898460 -1.005 157.580 0.816 0.00000 -1 ACTUAL_TF
0.0245 -0.0190544 -1.7199329 0.6741514 -0.29650777 0.73626132 -0.59231095 -0.13845626 0.003716 1789459364.253015280 -1.050 157.625 0.612 0.00000 -1 ACTUAL_TF
0.0867 -0.0189911 -1.7199617 0.6739876 -0.29650792 0.73627000 -0.59230644 -0.13842916 0.003554 1789459364.309048414 -1.084 157.659 0.439 0.00000 -1 ACTUAL_TF
0.1346 -0.0189800 -1.7199644 0.6739446 -0.29650921 0.73627319 -0.59230309 -0.13842376 0.002727 1789459364.364949226 -1.087 157.663 0.396 0.00000 -1 ACTUAL_TF
0.1922 -0.0189930 -1.7199014 0.6739226 -0.29651648 0.73628892 -0.59228083 -0.13841972 0.002272 1789459364.421100140 -1.024 157.600 0.382 0.00000 -1 ACTUAL_TF
0.2485 -0.0190069 -1.7198343 0.6738991 -0.29652422 0.73630568 -0.59225712 -0.13841541 0.001979 1789459364.476983070 -0.957 157.532 0.368 0.00000 -1 ACTUAL_TF
0.3052 -0.0190181 -1.7197796 0.6738800 -0.29653053 0.73631932 -0.59223783 -0.13841191 0.001701 1789459364.533077717 -0.903 157.478 0.359 0.00000 -1 ACTUAL_TF
0.3664 -0.0190362 -1.7197152 0.6738596 -0.29653604 0.73633449 -0.59221679 -0.13840939 0.001566 1789459364.589022636 -0.838 157.413 0.353 0.00000 -1 ACTUAL_TF
0.4254 -0.0190493 -1.7196527 0.6738438 -0.29654165 0.73634592 -0.59220039 -0.13840679 0.001448 1789459364.645090103 -0.775 157.351 0.350 0.00000 -1 ACTUAL_TF
0.4761 -0.0190699 -1.7195755 0.6738585 -0.29653695 0.73633781 -0.59221121 -0.13841367 0.001449 1789459364.701054573 -0.698 157.273 0.372 0.00000 -1 ACTUAL_TF
0.5346 -0.0190987 -1.7194713 0.6738424 -0.29653822 0.73635218 -0.59219210 -0.13841632 0.001599 1789459364.757117510 -0.593 157.168 0.380 0.00000 -1 ACTUAL_TF
0.5867 -0.0191410 -1.7193380 0.6738412 -0.29653074 0.73635886 -0.59218488 -0.13842765 0.001870 1789459364.812993050 -0.458 157.033 0.409 0.00000 -1 ACTUAL_TF
0.6447 -0.0191652 -1.7191908 0.6738452 -0.29652665 0.73636042 -0.59218284 -0.13843683 0.002107 1789459364.869087934 -0.310 156.885 0.426 0.00000 -1 ACTUAL_TF
0.7019 -0.0191633 -1.7190267 0.6738526 -0.29653149 0.73635585 -0.59218555 -0.13843922 0.002357 1789459364.924975395 -0.146 156.721 0.423 0.00000 -1 ACTUAL_TF
0.7564 -0.0191440 -1.7188126 0.6738739 -0.29653950 0.73634010 -0.59220068 -0.13844110 0.002806 1789459364.981048107 0.068 156.508 0.412 0.00000 -1 ACTUAL_TF
0.8117 -0.0191291 -1.7186137 0.6738902 -0.29654708 0.73632816 -0.59221135 -0.13844270 0.003037 1789459365.037015915 0.266 156.309 0.404 0.00000 -1 ACTUAL_TF
0.8674 -0.0191285 -1.7183667 0.6739081 -0.29655023 0.73631806 -0.59222118 -0.13844763 0.003452 1789459365.093025684 0.513 156.062 0.407 0.00000 -1 ACTUAL_TF
0.9232 -0.0191128 -1.7181472 0.6739197 -0.29655427 0.73631255 -0.59222691 -0.13844378 0.003596 1789459365.149070740 0.732 155.843 0.396 0.00000 -1 ACTUAL_TF
0.9812 -0.0191069 -1.7178941 0.6739465 -0.29655112 0.73629878 -0.59224474 -0.13844749 0.003881 1789459365.205067873 0.985 155.590 0.404 0.00000 -1 ACTUAL_TF
1.0384 -0.0191044 -1.7176521 0.6739621 -0.29655056 0.73629258 -0.59225252 -0.13844837 0.004017 1789459365.261012793 1.227 155.348 0.406 0.00000 -1 ACTUAL_TF
1.0938 -0.0190904 -1.7173705 0.6739968 -0.29653702 0.73627922 -0.59227756 -0.13844133 0.004334 1789459365.317010880 1.509 155.066 0.417 0.00000 -1 ACTUAL_TF
1.1508 -0.0190695 -1.7170330 0.6740171 -0.29651534 0.73628405 -0.59228845 -0.13841546 0.004847 1789459365.373073101 1.846 154.729 0.414 0.00000 -1 ACTUAL_TF
1.2055 -0.0190692 -1.7167584 0.6740293 -0.29651389 0.73628198 -0.59229158 -0.13841621 0.004865 1789459365.429068327 2.121 154.454 0.416 0.00000 -1 ACTUAL_TF
1.2619 -0.0190681 -1.7164058 0.6740400 -0.29651307 0.73628079 -0.59229431 -0.13841260 0.005296 1789459365.485070705 2.473 154.102 0.415 0.00000 -1 ACTUAL_TF
1.3169 -0.0190611 -1.7161002 0.6740465 -0.29650970 0.73628075 -0.59229789 -0.13840473 0.005345 1789459365.541051388 2.779 153.797 0.410 0.00000 -1 ACTUAL_TF
1.3720 -0.0190508 -1.7156953 0.6740465 -0.29650858 0.73627974 -0.59230157 -0.13839677 0.005914 1789459365.596987009 3.183 153.392 0.395 0.00000 -1 ACTUAL_TF
1.4311 -0.0190726 -1.7153221 0.6740324 -0.29650858 0.73628821 -0.59229132 -0.13839558 0.006141 1789459365.653059483 3.556 153.019 0.380 0.00000 -1 ACTUAL_TF
1.4820 -0.0190885 -1.7148284 0.6739859 -0.29651781 0.73630913 -0.59226273 -0.13838678 0.006958 1789459365.709028482 4.049 152.526 0.329 0.00000 -1 ACTUAL_TF
1.5443 -0.0190947 -1.7143553 0.6739469 -0.29651187 0.73632119 -0.59225362 -0.13837433 0.007413 1789459365.765037060 4.522 152.054 0.284 0.00000 -1 ACTUAL_TF
1.5940 -0.0191001 -1.7139733 0.6739396 -0.29650215 0.73631989 -0.59226150 -0.13836833 0.007237 1789459365.821039915 4.903 151.672 0.268 0.00000 -1 ACTUAL_TF
1.6499 -0.0191013 -1.7135313 0.6739397 -0.29650178 0.73631475 -0.59226803 -0.13836857 0.007436 1789459365.876973152 5.345 151.230 0.256 0.00000 -1 ACTUAL_TF
1.7069 -0.0190965 -1.7131481 0.6739319 -0.29650232 0.73631434 -0.59227006 -0.13836089 0.007256 1789459365.933056355 5.728 150.847 0.235 0.00000 -1 ACTUAL_TF
1.7632 -0.0191069 -1.7126774 0.6739344 -0.29649556 0.73631175 -0.59227724 -0.13835845 0.007598 1789459365.989127636 6.199 150.377 0.229 0.00000 -1 ACTUAL_TF
1.8215 -0.0191138 -1.7122817 0.6739180 -0.29649672 0.73632099 -0.59226644 -0.13835303 0.007436 1789459366.045247316 6.594 149.981 0.205 0.00000 -1 ACTUAL_TF
1.8766 -0.0191217 -1.7118176 0.6738886 -0.29650010 0.73633682 -0.59224775 -0.13834155 0.007707 1789459366.101025820 7.058 149.518 0.169 0.00000 -1 ACTUAL_TF
1.9354 -0.0191208 -1.7114857 0.6738987 -0.29649363 0.73632924 -0.59226012 -0.13834275 0.007174 1789459366.157021523 7.389 149.186 0.168 0.00000 -1 ACTUAL_TF
1.9871 -0.0191204 -1.7110473 0.6738855 -0.29649919 0.73633044 -0.59225697 -0.13833795 0.007366 1789459366.213139296 7.827 148.748 0.143 0.00000 -1 ACTUAL_TF
2.0453 -0.0191235 -1.7106178 0.6738737 -0.29650350 0.73633346 -0.59225202 -0.13833385 0.007464 1789459366.268994570 8.256 148.319 0.121 0.00000 -1 ACTUAL_TF
2.1039 -0.0191165 -1.7102679 0.6738641 -0.29650739 0.73633538 -0.59224931 -0.13832687 0.007101 1789459366.324994564 8.606 147.969 0.101 0.00000 -1 ACTUAL_TF
2.1577 -0.0191222 -1.7098125 0.6738596 -0.29650473 0.73633987 -0.59224654 -0.13832054 0.007409 1789459366.381027222 9.061 147.514 0.087 0.00000 -1 ACTUAL_TF
2.2179 -0.0191268 -1.7094269 0.6738458 -0.29650680 0.73634753 -0.59223802 -0.13831183 0.007252 1789459366.437079191 9.446 147.129 0.066 0.00000 -1 ACTUAL_TF
2.2657 -0.0191289 -1.7089943 0.6738452 -0.29650642 0.73634989 -0.59223685 -0.13830510 0.007392 1789459366.493120432 9.878 146.697 0.057 0.00000 -1 ACTUAL_TF
2.3241 -0.0191383 -1.7086740 0.6738716 -0.29649635 0.73633382 -0.59226041 -0.13831134 0.006897 1789459366.549128056 10.199 146.376 0.078 0.00000 -1 ACTUAL_TF
2.3824 -0.0191483 -1.7082455 0.6738812 -0.29649993 0.73632585 -0.59226767 -0.13831499 0.007125 1789459366.605102301 10.628 145.947 0.080 0.00000 -1 ACTUAL_TF
2.4361 -0.0191638 -1.7078192 0.6738748 -0.29650490 0.73632977 -0.59225974 -0.13831744 0.007271 1789459366.661144018 11.054 145.521 0.067 0.00000 -1 ACTUAL_TF
2.4892 -0.0191700 -1.7074368 0.6738640 -0.29651332 0.73633735 -0.59224723 -0.13831260 0.007145 1789459366.717007875 11.437 145.138 0.050 0.00000 -1 ACTUAL_TF
2.5529 -0.0191811 -1.7070075 0.6738721 -0.29650815 0.73633543 -0.59225224 -0.13831245 0.007296 1789459366.773170710 11.866 144.709 0.052 0.00000 -1 ACTUAL_TF
2.6100 -0.0191888 -1.7066391 0.6738669 -0.29649959 0.73634981 -0.59224195 -0.13829829 0.007082 1789459366.829144001 12.234 144.341 0.042 0.00000 -1 ACTUAL_TF
2.6571 -0.0192020 -1.7062056 0.6738628 -0.29649922 0.73635592 -0.59223553 -0.13829409 0.007282 1789459366.885105610 12.668 143.907 0.032 0.00000 -1 ACTUAL_TF
2.7168 -0.0192124 -1.7058880 0.6738815 -0.29649633 0.73634564 -0.59224808 -0.13830128 0.006804 1789459366.941082716 12.986 143.589 0.044 0.00000 -1 ACTUAL_TF
2.7757 -0.0192230 -1.7054496 0.6738805 -0.29650170 0.73634942 -0.59224112 -0.13829938 0.007104 1789459366.997265339 13.424 143.151 0.038 0.00000 -1 ACTUAL_TF
2.8344 -0.0192382 -1.7051006 0.6738930 -0.29650143 0.73634432 -0.59224671 -0.13830324 0.006851 1789459367.053106308 13.774 142.801 0.042 0.00000 -1 ACTUAL_TF
2.8819 -0.0192567 -1.7046839 0.6739138 -0.29649647 0.73633484 -0.59225950 -0.13830952 0.007025 1789459367.109313488 14.191 142.384 0.053 0.00000 -1 ACTUAL_TF
2.9410 -0.0192676 -1.7042685 0.6739271 -0.29649576 0.73633231 -0.59226294 -0.13830979 0.007157 1789459367.165015459 14.607 141.968 0.060 0.00000 -1 ACTUAL_TF
3.0003 -0.0192768 -1.7038986 0.6739268 -0.29649231 0.73633843 -0.59225912 -0.13830097 0.006990 1789459367.221061707 14.977 141.598 0.054 0.00000 -1 ACTUAL_TF
3.0502 -0.0192756 -1.7035108 0.6739511 -0.29648326 0.73632817 -0.59227704 -0.13829826 0.006979 1789459367.276954889 15.365 141.210 0.076 0.00000 -1 ACTUAL_TF
3.1080 -0.0193002 -1.7031528 0.6739410 -0.29648459 0.73633856 -0.59226276 -0.13830123 0.006805 1789459367.333030939 15.723 140.852 0.056 0.00000 -1 ACTUAL_TF
3.1700 -0.0193099 -1.7027222 0.6739475 -0.29648919 0.73634008 -0.59225884 -0.13830009 0.007071 1789459367.389052153 16.154 140.421 0.056 0.00000 -1 ACTUAL_TF
3.2179 -0.0193279 -1.7023539 0.6739412 -0.29649185 0.73634499 -0.59225083 -0.13830254 0.006927 1789459367.444997549 16.523 140.053 0.042 0.00000 -1 ACTUAL_TF
3.2757 -0.0193454 -1.7019372 0.6739511 -0.29648837 0.73634731 -0.59224955 -0.13830315 0.007078 1789459367.501150846 16.940 139.635 0.044 0.00000 -1 ACTUAL_TF
3.3400 -0.0193600 -1.7015481 0.6739310 -0.29649427 0.73636340 -0.59222866 -0.13829425 0.007039 1789459367.557245255 17.329 139.246 0.018 0.00000 -1 ACTUAL_TF
3.3892 -0.0193633 -1.7011617 0.6739406 -0.29648718 0.73636222 -0.59223467 -0.13829003 0.006991 1789459367.613451958 17.715 138.860 0.025 0.00000 -1 ACTUAL_TF
3.4477 -0.0193830 -1.7007304 0.6739402 -0.29648805 0.73636653 -0.59222888 -0.13828997 0.007220 1789459367.669133425 18.147 138.428 0.016 0.00000 -1 ACTUAL_TF
3.5043 -0.0194001 -1.7003908 0.6739641 -0.29648051 0.73635438 -0.59224591 -0.13829794 0.006878 1789459367.725208282 18.487 138.088 0.030 0.00000 -1 ACTUAL_TF
3.5565 -0.0194140 -1.6999233 0.6739594 -0.29648702 0.73635889 -0.59223779 -0.13829470 0.007327 1789459367.781060934 18.955 137.620 0.018 0.00000 -1 ACTUAL_TF
3.6098 -0.0194255 -1.6996078 0.6739905 -0.29647726 0.73634140 -0.59226229 -0.13830384 0.006827 1789459367.837083340 19.271 137.304 0.043 0.00000 -1 ACTUAL_TF
3.6697 -0.0194326 -1.6991986 0.6740102 -0.29646789 0.73633243 -0.59227894 -0.13830042 0.006977 1789459367.893019199 19.680 136.895 0.056 0.00000 -1 ACTUAL_TF
3.7228 -0.0194376 -1.6988592 0.6740169 -0.29646115 0.73633489 -0.59228081 -0.13829375 0.006702 1789459367.949034452 20.020 136.555 0.058 0.00000 -1 ACTUAL_TF
3.7825 -0.0194528 -1.6984491 0.6740134 -0.29646271 0.73634142 -0.59227219 -0.13829254 0.006886 1789459368.005136728 20.430 136.145 0.048 0.00000 -1 ACTUAL_TF
3.8341 -0.0194651 -1.6980658 0.6740035 -0.29646879 0.73634991 -0.59225898 -0.13829088 0.006875 1789459368.061146498 20.813 135.762 0.032 0.00000 -1 ACTUAL_TF
3.9003 -0.0194929 -1.6975969 0.6739867 -0.29647626 0.73636401 -0.59223748 -0.13829182 0.007336 1789459368.117010832 21.282 135.293 0.005 0.00000 -1 ACTUAL_TF
3.9499 -0.0195021 -1.6971794 0.6739907 -0.29647789 0.73636549 -0.59223499 -0.13829118 0.007371 1789459368.173052549 21.700 134.875 0.005 0.00000 -1 ACTUAL_TF
4.0066 -0.0195166 -1.6968434 0.6740007 -0.29646826 0.73636412 -0.59224133 -0.13829196 0.006965 1789459368.228964329 22.036 134.539 0.006 0.00000 -1 ACTUAL_TF
4.0548 -0.0195299 -1.6964170 0.6740014 -0.29646689 0.73637059 -0.59223508 -0.13828718 0.007158 1789459368.285027981 22.463 134.112 0.001 0.00000 -1 ACTUAL_TF
4.1124 -0.0195315 -1.6960690 0.6740020 -0.29646845 0.73637218 -0.59223317 -0.13828356 0.006874 1789459368.341060162 22.811 133.764 0.012 0.00000 -1 ACTUAL_TF
4.1716 -0.0195516 -1.6956375 0.6740204 -0.29646422 0.73636604 -0.59224170 -0.13828879 0.007129 1789459368.397034883 23.243 133.332 0.007 0.00000 -1 ACTUAL_TF
4.2314 -0.0195644 -1.6952999 0.6740400 -0.29646010 0.73635747 -0.59225370 -0.13829182 0.006804 1789459368.453023672 23.581 132.994 0.019 0.00000 -1 ACTUAL_TF
4.2808 -0.0195777 -1.6948597 0.6740545 -0.29645782 0.73635190 -0.59226195 -0.13829109 0.007118 1789459368.509135246 24.022 132.553 0.026 0.00000 -1 ACTUAL_TF
4.3437 -0.0195878 -1.6945408 0.6740886 -0.29644394 0.73633605 -0.59228768 -0.13829504 0.006695 1789459368.565356255 24.341 132.234 0.055 0.00000 -1 ACTUAL_TF
4.4005 -0.0196027 -1.6941166 0.6740929 -0.29644616 0.73633849 -0.59228368 -0.13829441 0.006973 1789459368.621044397 24.766 131.809 0.052 0.00000 -1 ACTUAL_TF
4.4529 -0.0196187 -1.6936952 0.6740791 -0.29645206 0.73635071 -0.59226588 -0.13829290 0.007135 1789459368.677198410 25.187 131.388 0.031 0.00000 -1 ACTUAL_TF
4.5133 -0.0196279 -1.6933176 0.6740643 -0.29646157 0.73636283 -0.59224708 -0.13828849 0.007024 1789459368.733079910 25.565 131.010 0.010 0.00000 -1 ACTUAL_TF
4.5651 -0.0196416 -1.6928876 0.6740618 -0.29646366 0.73636912 -0.59223935 -0.13828364 0.007215 1789459368.789246559 25.995 130.580 0.002 0.00000 -1 ACTUAL_TF
4.6280 -0.0196596 -1.6925232 0.6740604 -0.29646014 0.73637649 -0.59223208 -0.13828310 0.007012 1789459368.845041990 26.359 130.216 0.009 0.00000 -1 ACTUAL_TF
4.6855 -0.0196818 -1.6920912 0.6740617 -0.29645833 0.73638429 -0.59222358 -0.13828187 0.007222 1789459368.901141882 26.792 129.783 0.019 0.00000 -1 ACTUAL_TF
4.7355 -0.0197010 -1.6917636 0.6740744 -0.29644987 0.73638121 -0.59223056 -0.13828645 0.006817 1789459368.957068443 27.120 129.455 0.023 0.00000 -1 ACTUAL_TF
4.7938 -0.0197191 -1.6913361 0.6740801 -0.29645016 0.73638197 -0.59222910 -0.13828809 0.007065 1789459369.013062954 27.548 129.027 0.028 0.00000 -1 ACTUAL_TF
4.8429 -0.0197287 -1.6909285 0.6740994 -0.29644696 0.73637043 -0.59224410 -0.13829214 0.007130 1789459369.069115877 27.956 128.619 0.024 0.00000 -1 ACTUAL_TF
4.9038 -0.0197516 -1.6905459 0.6740913 -0.29645130 0.73638087 -0.59222943 -0.13829011 0.007046 1789459369.125079155 28.339 128.236 0.035 0.00000 -1 ACTUAL_TF
4.9541 -0.0197604 -1.6901489 0.6741379 -0.29643852 0.73635707 -0.59226368 -0.13829752 0.007075 1789459369.181046009 28.737 127.838 0.042 0.00000 -1 ACTUAL_TF
5.0155 -0.0197664 -1.6897684 0.6741288 -0.29644513 0.73636533 -0.59225210 -0.13828897 0.006991 1789459369.237079382 29.117 127.458 0.028 0.00000 -1 ACTUAL_TF
5.0798 -0.0197808 -1.6893402 0.6741296 -0.29644448 0.73637143 -0.59224527 -0.13828715 0.007188 1789459369.293102264 29.545 127.030 0.026 0.00000 -1 ACTUAL_TF
5.1287 -0.0197876 -1.6890189 0.6741461 -0.29643942 0.73636445 -0.59225608 -0.13828885 0.006752 1789459369.349220991 29.867 126.708 0.028 0.00000 -1 ACTUAL_TF
5.1744 -0.0198002 -1.6886024 0.6741542 -0.29643878 0.73636684 -0.59225339 -0.13828900 0.006960 1789459369.405191898 30.284 126.291 0.028 0.00000 -1 ACTUAL_TF
5.2343 -0.0198148 -1.6881724 0.6741584 -0.29644147 0.73636910 -0.59224923 -0.13828903 0.007184 1789459369.461038828 30.714 125.861 0.027 0.00000 -1 ACTUAL_TF
5.3029 -0.0198217 -1.6878181 0.6741626 -0.29644286 0.73636823 -0.59224957 -0.13828918 0.006926 1789459369.517050028 31.068 125.507 0.022 0.00000 -1 ACTUAL_TF
5.3548 -0.0198253 -1.6873881 0.6741593 -0.29644784 0.73637586 -0.59223908 -0.13828283 0.007127 1789459369.573660135 31.498 125.077 0.008 0.00000 -1 ACTUAL_TF
5.4059 -0.0198277 -1.6870239 0.6741599 -0.29645111 0.73638048 -0.59223306 -0.13827699 0.006959 1789459369.629134417 31.862 124.713 0.003 0.00000 -1 ACTUAL_TF
5.4586 -0.0198252 -1.6866344 0.6741854 -0.29644545 0.73636616 -0.59225334 -0.13827851 0.006946 1789459369.685566425 32.252 124.323 0.024 0.00000 -1 ACTUAL_TF
5.5310 -0.0198398 -1.6862746 0.6741889 -0.29644547 0.73636959 -0.59224869 -0.13828017 0.006805 1789459369.741156101 32.612 123.963 0.020 0.00000 -1 ACTUAL_TF
5.5772 -0.0198357 -1.6858573 0.6742161 -0.29644437 0.73635346 -0.59226899 -0.13828145 0.007008 1789459369.797077417 33.029 123.546 0.047 0.00000 -1 ACTUAL_TF
5.6333 -0.0198569 -1.6854892 0.6742288 -0.29643913 0.73635030 -0.59227452 -0.13828581 0.006877 1789459369.853217125 33.398 123.177 0.047 0.00000 -1 ACTUAL_TF
5.6877 -0.0198706 -1.6850769 0.6742421 -0.29643599 0.73634618 -0.59228121 -0.13828583 0.007007 1789459369.909668446 33.811 122.764 0.052 0.00000 -1 ACTUAL_TF
5.7516 -0.0198863 -1.6846371 0.6742331 -0.29643831 0.73635857 -0.59226597 -0.13828016 0.007281 1789459369.965239048 34.250 122.325 0.037 0.00000 -1 ACTUAL_TF
5.7957 -0.0198981 -1.6842701 0.6742176 -0.29644218 0.73637163 -0.59224920 -0.13827416 0.007071 1789459370.021095753 34.617 121.958 0.021 0.00000 -1 ACTUAL_TF
5.8523 -0.0199078 -1.6838891 0.6742417 -0.29643758 0.73636063 -0.59226401 -0.13827912 0.006996 1789459370.077079058 34.999 121.576 0.035 0.00000 -1 ACTUAL_TF
5.9186 -0.0199234 -1.6835239 0.6742503 -0.29643360 0.73636077 -0.59226560 -0.13828016 0.006853 1789459370.133170843 35.364 121.211 0.034 0.00000 -1 ACTUAL_TF
5.9643 -0.0199302 -1.6830664 0.6742399 -0.29644184 0.73637072 -0.59225083 -0.13827279 0.007253 1789459370.189076900 35.822 120.753 0.028 0.00000 -1 ACTUAL_TF
6.0215 -0.0199466 -1.6827421 0.6742559 -0.29643400 0.73636731 -0.59225781 -0.13827782 0.006821 1789459370.245005369 36.147 120.429 0.029 0.00000 -1 ACTUAL_TF
6.0834 -0.0199606 -1.6823249 0.6742626 -0.29643123 0.73636677 -0.59225973 -0.13827842 0.007009 1789459370.301071405 36.564 120.011 0.028 0.00000 -1 ACTUAL_TF
6.1333 -0.0199667 -1.6819916 0.6742762 -0.29642822 0.73635894 -0.59227067 -0.13827969 0.006692 1789459370.357103109 36.898 119.677 0.037 0.00000 -1 ACTUAL_TF
6.1883 -0.0199848 -1.6815666 0.6742819 -0.29642539 0.73635723 -0.59227339 -0.13828321 0.006964 1789459370.413083315 37.323 119.252 0.033 0.00000 -1 ACTUAL_TF
6.2523 -0.0199900 -1.6811675 0.6743141 -0.29641599 0.73634447 -0.59229370 -0.13828432 0.007017 1789459370.469173431 37.723 118.852 0.059 0.00000 -1 ACTUAL_TF
6.3020 -0.0200052 -1.6807975 0.6743280 -0.29641134 0.73634225 -0.59229885 -0.13828407 0.006898 1789459370.525129795 38.093 118.482 0.065 0.00000 -1 ACTUAL_TF
6.3543 -0.0200122 -1.6803447 0.6743205 -0.29641668 0.73635212 -0.59228552 -0.13827713 0.007256 1789459370.581103325 38.546 118.029 0.055 0.00000 -1 ACTUAL_TF
6.4136 -0.0200237 -1.6800046 0.6743257 -0.29641440 0.73635388 -0.59228417 -0.13827841 0.006902 1789459370.637107134 38.886 117.689 0.054 0.00000 -1 ACTUAL_TF
6.4780 -0.0200365 -1.6795824 0.6743278 -0.29641286 0.73635541 -0.59228359 -0.13827607 0.007094 1789459370.693121672 39.308 117.267 0.050 0.00000 -1 ACTUAL_TF
6.5293 -0.0200387 -1.6792399 0.6743287 -0.29641493 0.73635670 -0.59228208 -0.13827120 0.006795 1789459370.749290228 39.651 116.924 0.052 0.00000 -1 ACTUAL_TF
6.5837 -0.0200667 -1.6787749 0.6743178 -0.29641813 0.73637117 -0.59226241 -0.13827158 0.007250 1789459370.805354118 40.116 116.459 0.030 0.00000 -1 ACTUAL_TF
6.6432 -0.0200797 -1.6783511 0.6743236 -0.29641839 0.73636944 -0.59226476 -0.13827017 0.007358 1789459370.861075878 40.540 116.035 0.030 0.00000 -1 ACTUAL_TF
6.6948 -0.0201014 -1.6779892 0.6743281 -0.29641457 0.73636936 -0.59226589 -0.13827396 0.007067 1789459370.917828321 40.903 115.673 0.021 0.00000 -1 ACTUAL_TF
6.7465 -0.0201134 -1.6775827 0.6743543 -0.29640694 0.73635958 -0.59228125 -0.13827660 0.007164 1789459370.972973108 41.310 115.265 0.036 0.00000 -1 ACTUAL_TF
6.8121 -0.0201241 -1.6772501 0.6743697 -0.29639340 0.73635722 -0.59229167 -0.13827351 0.006796 1789459371.029081106 41.643 114.932 0.045 0.00000 -1 ACTUAL_TF
6.8643 -0.0201350 -1.6768359 0.6743905 -0.29638698 0.73634939 -0.59230411 -0.13827571 0.006980 1789459371.085091591 42.057 114.518 0.059 0.00000 -1 ACTUAL_TF
