WELD FEEDBACK LOG
result=completed
started=2026-09-16 11:39:30
ended=2026-09-16 11:39:37
elapsed_seconds=7.536

================ OPERATOR OVERVIEW ================
REQUESTED : 230 A / 26.5 V · FE-SOLID 1.2 mm · LSM · CO2 100%
RX ECHO   : 100 A / 10.0 V · MATCH=NO
CURRENT FB: no positive feedback A
VOLTAGE FB: no positive feedback V
WIRE FEED : no positive feedback m/min
ARC ON    : 0.000 s
NET WELD  : 0.000 s
WIRE USED : 0.000 mm (base 0.000 + alpha 0.000)
WCR       : NOT DETECTED
SAMPLES   : RX 188 / welding 0 / TCP 136
===================================================

[commanded]
current_a=230
voltage_tenths=265
voltage=26.5
material=FE-SOLID
diameter_mm=1.2
mode=LSM
gas=CO2 100%
synergic=False
correction=0.0
hot_start_enabled=True
hot_start_percent=20.0
hot_start_hold_adjustment=-1
crater_enabled=False
crater_percent=26.08695652173913
crater_current_a=60.0
crater_voltage_v=25.0
crater_seconds=1.0
wire_consumable_alpha_mm=0.0
hot_start_current_a=276

[rx_setting_echo]
current_a=100
voltage_v=10.0
hot_start_current_a=0
hot_start_hold_adjustment=-15

[rx_welding_setting_echo]

[execution_conditions]
mode=sequence_execute
run_all=True
touch_io_backend=fastech_ethernet
touch_input_port=4
touch_sensing_output_port=0
fastech_ip=192.168.0.3
fastech_poll_target_hz=100.0
hicomm_source_ip=192.168.1.2
hicomm_welder_ip=192.168.1.10
hicomm_port=60000
gui_velocity_percent=36.95263157894737
gui_speed_mode=scale
gui_tcp_speed_mm_s=10.0
gui_interpolation_step_mm=5.0
seam_orientation_mode=Wait poses + fixed World-XYZ tilt
weld_fixed_tilt_x_deg=0.0
weld_fixed_tilt_y_deg=0.0
weld_fixed_tilt_z_deg=-0.0
weld_weave_enabled=True
weld_weave_pattern=sine
capping_width_mm=5.9
capping_pitch_mm=5.0
capping_left_dwell_s=0.2
capping_right_dwell_s=0.2
weld_weave_amplitude_mm=1.0
weld_weave_cycles=4
weld_weave_samples_per_cycle=8
weld_weave_axis=tool_x
weld_lead_in_mm=1.0
weld_lead_out_mm=7.0
weld_safe_approach_mm=31.0
weld_approach_mode=taught_wait
weld_pre_start_lead_mm=0.0
weld_tcp_speed_mm_s=6.999999999999999
weld_arc_off_delay_ms=500.0
tcp_tracking.parent_frame=World
tcp_tracking.child_frame=right_manipulator_ee_point
tcp_tracking.timestamp_source=TF_header_stamp
initial_fastech_di0=False
initial_fastech_do0=True
robot_connected.left=True
robot_connected.right=True
robot_connected.head=True
hicomm_connected=True
execution_allowed=True
steps[0].sequence_number=1
steps[0].type=named_pose
steps[0].parallel_slot=1
steps[0].duration=0.0
steps[0].planning_group=right_manipulator
steps[0].velocity_scale=0.3695263157894737
steps[0].tcp_speed_m_s=0.0
steps[0].pose_name=weld_start_wait
steps[0].pose_label=3 · Weld start wait pose
steps[0].touch_guard=False
steps[0].continue_after_touch=False
steps[0].weld_scenario_id=weld-9409460301576
steps[0].weld_scenario_stage=start_wait
steps[0].target_tcp.position_m.x=0.03646068728963492
steps[0].target_tcp.position_m.y=-1.6793469233273077
steps[0].target_tcp.position_m.z=0.674417019979207
steps[0].target_tcp.orientation_xyzw.x=-0.4089518530577377
steps[0].target_tcp.orientation_xyzw.y=0.6647824172284327
steps[0].target_tcp.orientation_xyzw.z=-0.5352696108757291
steps[0].target_tcp.orientation_xyzw.w=-0.32296929157043747
steps[0].joint_names[0]=right_manipulator_joint1
steps[0].joint_names[1]=right_manipulator_joint2
steps[0].joint_names[2]=right_manipulator_joint3
steps[0].joint_names[3]=right_manipulator_joint4
steps[0].joint_names[4]=right_manipulator_joint5
steps[0].joint_names[5]=right_manipulator_joint6
steps[0].joint_positions_rad[0]=5.1496113218195765
steps[0].joint_positions_rad[1]=1.3091994723966476
steps[0].joint_positions_rad[2]=1.881715989845849
steps[0].joint_positions_rad[3]=3.5661181082116182
steps[0].joint_positions_rad[4]=1.395569381815389
steps[0].joint_positions_rad[5]=1.5444073298694105
steps[1].sequence_number=2
steps[1].type=motion
steps[1].parallel_slot=2
steps[1].duration=0.0
steps[1].planning_group=right_manipulator
steps[1].velocity_scale=0.3695263157894737
steps[1].tcp_speed_m_s=0.0
steps[1].interpolation_step=0.005
steps[1].path_kind=taught_wait_align_weld_attitude
steps[1].touch_guard=False
steps[1].continue_after_touch=False
steps[1].accept_initial_touch=False
steps[1].weld_scenario_id=weld-9409460301576
steps[1].weld_scenario_stage=start_safe
steps[1].waypoint_count=1
steps[1].waypoints[0].position_m.x=0.03646068728963492
steps[1].waypoints[0].position_m.y=-1.6793469233273077
steps[1].waypoints[0].position_m.z=0.674417019979207
steps[1].waypoints[0].orientation_xyzw.x=-0.41852144609875075
steps[1].waypoints[0].orientation_xyzw.y=0.6587997264198323
steps[1].waypoints[0].orientation_xyzw.z=-0.5398835902939494
steps[1].waypoints[0].orientation_xyzw.w=-0.31519585745355166
steps[2].sequence_number=3
steps[2].type=motion
steps[2].parallel_slot=3
steps[2].duration=0.0
steps[2].planning_group=right_manipulator
steps[2].velocity_scale=0.3695263157894737
steps[2].tcp_speed_m_s=0.0
steps[2].interpolation_step=0.005
steps[2].path_kind=taught_wait_to_weld_start
steps[2].touch_guard=False
steps[2].continue_after_touch=True
steps[2].accept_initial_touch=False
steps[2].weld_scenario_id=weld-9409460301576
steps[2].weld_scenario_stage=start_contact
steps[2].waypoint_count=1
steps[2].waypoints[0].position_m.x=0.0358505798495611
steps[2].waypoints[0].position_m.y=-1.6838530006671222
steps[2].waypoints[0].position_m.z=0.6729772062023303
steps[2].waypoints[0].orientation_xyzw.x=-0.41852144609875075
steps[2].waypoints[0].orientation_xyzw.y=0.6587997264198323
steps[2].waypoints[0].orientation_xyzw.z=-0.5398835902939494
steps[2].waypoints[0].orientation_xyzw.w=-0.31519585745355166
steps[3].sequence_number=4
steps[3].type=digital_weld
steps[3].parallel_slot=5
steps[3].duration=0.0
steps[3].command=on
steps[3].weld_scenario_id=weld-9409460301576
steps[3].weld_scenario_stage=arc_on
steps[3].settings.current_a=230
steps[3].settings.voltage_tenths=265
steps[3].settings.voltage=26.5
steps[3].settings.material=FE-SOLID
steps[3].settings.diameter_mm=1.2
steps[3].settings.mode=LSM
steps[3].settings.gas=CO2 100%
steps[3].settings.synergic=False
steps[3].settings.correction=0.0
steps[3].settings.hot_start_enabled=True
steps[3].settings.hot_start_percent=20.0
steps[3].settings.hot_start_hold_adjustment=-1
steps[3].settings.crater_enabled=False
steps[3].settings.crater_percent=26.08695652173913
steps[3].settings.crater_current_a=60.0
steps[3].settings.crater_voltage_v=25.0
steps[3].settings.crater_seconds=1.0
steps[3].settings.wire_consumable_alpha_mm=0.0
steps[3].settings.hot_start_current_a=276
steps[4].sequence_number=5
steps[4].type=motion
steps[4].parallel_slot=5
steps[4].duration=0.0
steps[4].planning_group=right_manipulator
steps[4].velocity_scale=0.3695263157894737
steps[4].tcp_speed_m_s=0.006999999999999999
steps[4].interpolation_step=0.005
steps[4].path_kind=continuous_sine_weave_over_sensed_goal_fastech_di0_ignored
steps[4].touch_guard=False
steps[4].weld_scenario_id=weld-9409460301576
steps[4].weld_scenario_stage=weld_motion
steps[4].lead_in_mm=1.0
steps[4].lead_out_mm=7.0
steps[4].linear_motion_profile=True
steps[4].capping_width_mm=5.9
steps[4].capping_pitch_mm=5.0
steps[4].capping_left_dwell_s=0.2
steps[4].capping_right_dwell_s=0.2
steps[4].waypoint_count=35
steps[4].waypoints[0].position_m.x=0.0358505798495611
steps[4].waypoints[0].position_m.y=-1.6838530006671222
steps[4].waypoints[0].position_m.z=0.6729772062023303
steps[4].waypoints[0].orientation_xyzw.x=-0.41852144609875075
steps[4].waypoints[0].orientation_xyzw.y=0.6587997264198323
steps[4].waypoints[0].orientation_xyzw.z=-0.5398835902939494
steps[4].waypoints[0].orientation_xyzw.w=-0.31519585745355166
steps[4].waypoints[1].position_m.x=0.036846960131656545
steps[4].waypoints[1].position_m.y=-1.6837683030431638
steps[4].waypoints[1].position_m.z=0.6729844619550278
steps[4].waypoints[1].orientation_xyzw.x=-0.41852144609875075
steps[4].waypoints[1].orientation_xyzw.y=0.6587997264198323
steps[4].waypoints[1].orientation_xyzw.z=-0.5398835902939494
steps[4].waypoints[1].orientation_xyzw.w=-0.31519585745355166
steps[4].waypoints[2].position_m.x=0.03786977394812198
steps[4].waypoints[2].position_m.y=-1.6841830191685065
steps[4].waypoints[2].position_m.z=0.6734917569878969
steps[4].waypoints[2].orientation_xyzw.x=-0.41851878867355996
steps[4].waypoints[2].orientation_xyzw.y=0.6587997461136369
steps[4].waypoints[2].orientation_xyzw.z=-0.5398858897072795
steps[4].waypoints[2].orientation_xyzw.w=-0.31519540628442383
steps[4].waypoints[3].position_m.x=0.0388699049210514
steps[4].waypoints[3].position_m.y=-1.6843057973982305
steps[4].waypoints[3].position_m.z=0.6737060833723326
steps[4].waypoints[3].orientation_xyzw.x=-0.4185161312431153
steps[4].waypoints[3].orientation_xyzw.y=0.6587997657991713
steps[4].waypoints[3].orientation_xyzw.z=-0.5398881891138324
steps[4].waypoints[3].orientation_xyzw.w=-0.3151949551113392
steps[4].waypoints[4].position_m.x=0.039837957509018994
steps[4].waypoints[4].position_m.y=-1.6840157130966005
steps[4].waypoints[4].position_m.z=0.673506089520804
steps[4].waypoints[4].orientation_xyzw.x=-0.41851347380741705
steps[4].waypoints[4].orientation_xyzw.y=0.6587997854764359
steps[4].waypoints[4].orientation_xyzw.z=-0.5398904885136079
steps[4].waypoints[4].orientation_xyzw.w=-0.315194503934298
steps[4].waypoints[5].position_m.x=0.04078332725345057
steps[4].waypoints[5].position_m.y=-1.6834336908993517
steps[4].waypoints[5].position_m.z=0.6730131270208422
steps[4].waypoints[5].orientation_xyzw.x=-0.4185108163664639
steps[4].waypoints[5].orientation_xyzw.y=0.6587998051454305
steps[4].waypoints[5].orientation_xyzw.z=-0.5398927879066073
steps[4].waypoints[5].orientation_xyzw.w=-0.31519405275329987
steps[4].waypoints[6].position_m.x=0.0417286969978821
steps[4].waypoints[6].position_m.y=-1.6828516687021031
steps[4].waypoints[6].position_m.z=0.6725201645208803
steps[4].waypoints[6].orientation_xyzw.x=-0.4185081589202554
steps[4].waypoints[6].orientation_xyzw.y=0.6587998248061551
steps[4].waypoints[6].orientation_xyzw.z=-0.5398950872928306
steps[4].waypoints[6].orientation_xyzw.w=-0.3151936015683448
steps[4].waypoints[7].position_m.x=0.042696749585849667
steps[4].waypoints[7].position_m.y=-1.6825615844004729
steps[4].waypoints[7].position_m.z=0.6723201706693517
steps[4].waypoints[7].orientation_xyzw.x=-0.4185055014687933
steps[4].waypoints[7].orientation_xyzw.y=0.6587998444586095
steps[4].waypoints[7].orientation_xyzw.z=-0.5398973866722767
steps[4].waypoints[7].orientation_xyzw.w=-0.31519315037943296
steps[4].waypoints[8].position_m.x=0.0436968805587791
steps[4].waypoints[8].position_m.y=-1.6826843626301968
steps[4].waypoints[8].position_m.z=0.6725344970537874
steps[4].waypoints[8].orientation_xyzw.x=-0.41850284401207766
steps[4].waypoints[8].orientation_xyzw.y=0.6587998641027941
steps[4].waypoints[8].orientation_xyzw.z=-0.5398996860449452
steps[4].waypoints[8].orientation_xyzw.w=-0.3151926991865645
steps[4].waypoints[9].position_m.x=0.04471969437524458
steps[4].waypoints[9].position_m.y=-1.6830990787555395
steps[4].waypoints[9].position_m.z=0.6730417920866565
steps[4].waypoints[9].orientation_xyzw.x=-0.4185001865501067
steps[4].waypoints[9].orientation_xyzw.y=0.6587998837387086
steps[4].waypoints[9].orientation_xyzw.z=-0.5399019854108381
steps[4].waypoints[9].orientation_xyzw.w=-0.3151922479897391
steps[4].waypoints[10].position_m.x=0.04574250819171002
steps[4].waypoints[10].position_m.y=-1.6835137948808823
steps[4].waypoints[10].position_m.z=0.6735490871195255
steps[4].waypoints[10].orientation_xyzw.x=-0.4184975290828819
steps[4].waypoints[10].orientation_xyzw.y=0.6587999033663532
steps[4].waypoints[10].orientation_xyzw.z=-0.5399042847699537
steps[4].waypoints[10].orientation_xyzw.w=-0.31519179678895703
steps[4].waypoints[11].position_m.x=0.046742639164639437
steps[4].waypoints[11].position_m.y=-1.6836365731106062
steps[4].waypoints[11].position_m.z=0.6737634135039613
steps[4].waypoints[11].orientation_xyzw.x=-0.41849487161040366
steps[4].waypoints[11].orientation_xyzw.y=0.6587999229857275
steps[4].waypoints[11].orientation_xyzw.z=-0.5399065841222916
steps[4].waypoints[11].orientation_xyzw.w=-0.3151913455842183
steps[4].waypoints[12].position_m.x=0.04771069175260703
steps[4].waypoints[12].position_m.y=-1.6833464888089762
steps[4].waypoints[12].position_m.z=0.6735634196524327
steps[4].waypoints[12].orientation_xyzw.x=-0.41849221413267157
steps[4].waypoints[12].orientation_xyzw.y=0.658799942596832
steps[4].waypoints[12].orientation_xyzw.z=-0.5399088834678525
steps[4].waypoints[12].orientation_xyzw.w=-0.31519089437552283
steps[4].waypoints[13].position_m.x=0.048656061497038605
steps[4].waypoints[13].position_m.y=-1.6827644666117274
steps[4].waypoints[13].position_m.z=0.6730704571524708
steps[4].waypoints[13].orientation_xyzw.x=-0.41848955664968523
steps[4].waypoints[13].orientation_xyzw.y=0.6587999621996665
steps[4].waypoints[13].orientation_xyzw.z=-0.5399111828066365
steps[4].waypoints[13].orientation_xyzw.w=-0.3151904431628705
steps[4].waypoints[14].position_m.x=0.049601431241470186
steps[4].waypoints[14].position_m.y=-1.6821824444144788
steps[4].waypoints[14].position_m.z=0.6725774946525089
steps[4].waypoints[14].orientation_xyzw.x=-0.41848689916144544
steps[4].waypoints[14].orientation_xyzw.y=0.6587999817942309
steps[4].waypoints[14].orientation_xyzw.z=-0.539913482138643
steps[4].waypoints[14].orientation_xyzw.w=-0.31518999194626157
steps[4].waypoints[15].position_m.x=0.05056948382943778
steps[4].waypoints[15].position_m.y=-1.6818923601128488
steps[4].waypoints[15].position_m.z=0.6723775008009804
steps[4].waypoints[15].orientation_xyzw.x=-0.4184842416679525
steps[4].waypoints[15].orientation_xyzw.y=0.6588000013805254
steps[4].waypoints[15].orientation_xyzw.z=-0.5399157814638719
steps[4].waypoints[15].orientation_xyzw.w=-0.31518954072569605
steps[4].waypoints[16].position_m.x=0.05156961480236715
steps[4].waypoints[16].position_m.y=-1.6820151383425728
steps[4].waypoints[16].position_m.z=0.6725918271854161
steps[4].waypoints[16].orientation_xyzw.x=-0.4184815841692058
steps[4].waypoints[16].orientation_xyzw.y=0.6588000209585498
steps[4].waypoints[16].orientation_xyzw.z=-0.5399180807823233
steps[4].waypoints[16].orientation_xyzw.w=-0.31518908950117386
steps[4].waypoints[17].position_m.x=0.05259242861883263
steps[4].waypoints[17].position_m.y=-1.6824298544679155
steps[4].waypoints[17].position_m.z=0.6730991222182852
steps[4].waypoints[17].orientation_xyzw.x=-0.41847892666520575
steps[4].waypoints[17].orientation_xyzw.y=0.6588000405283042
steps[4].waypoints[17].orientation_xyzw.z=-0.5399203800939971
steps[4].waypoints[17].orientation_xyzw.w=-0.315188638272695
steps[4].waypoints[18].position_m.x=0.0536152424352981
steps[4].waypoints[18].position_m.y=-1.682844570593258
steps[4].waypoints[18].position_m.z=0.6736064172511542
steps[4].waypoints[18].orientation_xyzw.x=-0.4184762691559526
steps[4].waypoints[18].orientation_xyzw.y=0.6588000600897886
steps[4].waypoints[18].orientation_xyzw.z=-0.5399226793988934
steps[4].waypoints[18].orientation_xyzw.w=-0.3151881870402596
steps[4].waypoints[19].position_m.x=0.05461537340822747
steps[4].waypoints[19].position_m.y=-1.682967348822982
steps[4].waypoints[19].position_m.z=0.67382074363559
steps[4].waypoints[19].orientation_xyzw.x=-0.41847361164144625
steps[4].waypoints[19].orientation_xyzw.y=0.6588000796430029
steps[4].waypoints[19].orientation_xyzw.z=-0.5399249786970116
steps[4].waypoints[19].orientation_xyzw.w=-0.3151877358038675
steps[4].waypoints[20].position_m.x=0.05558342599619507
steps[4].waypoints[20].position_m.y=-1.682677264521352
steps[4].waypoints[20].position_m.z=0.6736207497840614
steps[4].waypoints[20].orientation_xyzw.x=-0.41847095412168706
steps[4].waypoints[20].orientation_xyzw.y=0.6588000991879472
steps[4].waypoints[20].orientation_xyzw.z=-0.5399272779883519
steps[4].waypoints[20].orientation_xyzw.w=-0.3151872845635189
steps[4].waypoints[21].position_m.x=0.05652879574062664
steps[4].waypoints[21].position_m.y=-1.6820952423241033
steps[4].waypoints[21].position_m.z=0.6731277872840995
steps[4].waypoints[21].orientation_xyzw.x=-0.41846829659667467
steps[4].waypoints[21].orientation_xyzw.y=0.6588001187246216
steps[4].waypoints[21].orientation_xyzw.z=-0.5399295772729146
steps[4].waypoints[21].orientation_xyzw.w=-0.3151868333192137
steps[4].waypoints[22].position_m.x=0.05747416548505822
steps[4].waypoints[22].position_m.y=-1.6815132201268546
steps[4].waypoints[22].position_m.z=0.6726348247841376
steps[4].waypoints[22].orientation_xyzw.x=-0.41846563906640927
steps[4].waypoints[22].orientation_xyzw.y=0.658800138253026
steps[4].waypoints[22].orientation_xyzw.z=-0.5399318765506993
steps[4].waypoints[22].orientation_xyzw.w=-0.3151863820709519
steps[4].waypoints[23].position_m.x=0.05844221807302582
steps[4].waypoints[23].position_m.y=-1.6812231358252245
steps[4].waypoints[23].position_m.z=0.672434830932609
steps[4].waypoints[23].orientation_xyzw.x=-0.4184629815308917
steps[4].waypoints[23].orientation_xyzw.y=0.6588001577731603
steps[4].waypoints[23].orientation_xyzw.z=-0.5399341758217054
steps[4].waypoints[23].orientation_xyzw.w=-0.31518593081873375
steps[4].waypoints[24].position_m.x=0.05944234904595524
steps[4].waypoints[24].position_m.y=-1.6813459140549485
steps[4].waypoints[24].position_m.z=0.6726491573170448
steps[4].waypoints[24].orientation_xyzw.x=-0.4184603239901214
steps[4].waypoints[24].orientation_xyzw.y=0.6588001772850244
steps[4].waypoints[24].orientation_xyzw.z=-0.5399364750859333
steps[4].waypoints[24].orientation_xyzw.w=-0.315185479562559
steps[4].waypoints[25].position_m.x=0.06046516286242067
steps[4].waypoints[25].position_m.y=-1.6817606301802912
steps[4].waypoints[25].position_m.z=0.6731564523499138
steps[4].waypoints[25].orientation_xyzw.x=-0.41845766644409815
steps[4].waypoints[25].orientation_xyzw.y=0.6588001967886187
steps[4].waypoints[25].orientation_xyzw.z=-0.5399387743433833
steps[4].waypoints[25].orientation_xyzw.w=-0.3151850283024277
steps[4].waypoints[26].position_m.x=0.06148797667888615
steps[4].waypoints[26].position_m.y=-1.682175346305634
steps[4].waypoints[26].position_m.z=0.6736637473827829
steps[4].waypoints[26].orientation_xyzw.x=-0.4184550088928223
steps[4].waypoints[26].orientation_xyzw.y=0.6588002162839429
steps[4].waypoints[26].orientation_xyzw.z=-0.5399410735940552
steps[4].waypoints[26].orientation_xyzw.w=-0.31518457703833996
steps[4].waypoints[27].position_m.x=0.06248810765181559
steps[4].waypoints[27].position_m.y=-1.6822981245353579
steps[4].waypoints[27].position_m.z=0.6738780737672186
steps[4].waypoints[27].orientation_xyzw.x=-0.41845235133629527
steps[4].waypoints[27].orientation_xyzw.y=0.6588002357709971
steps[4].waypoints[27].orientation_xyzw.z=-0.5399433728379474
steps[4].waypoints[27].orientation_xyzw.w=-0.31518412577029586
steps[4].waypoints[28].position_m.x=0.06345616023978315
steps[4].waypoints[28].position_m.y=-1.6820080402337276
steps[4].waypoints[28].position_m.z=0.6736780799156901
steps[4].waypoints[28].orientation_xyzw.x=-0.4184496937745153
steps[4].waypoints[28].orientation_xyzw.y=0.6588002552497813
steps[4].waypoints[28].orientation_xyzw.z=-0.5399456720750616
steps[4].waypoints[28].orientation_xyzw.w=-0.31518367449829526
steps[4].waypoints[29].position_m.x=0.06440152998421468
steps[4].waypoints[29].position_m.y=-1.681426018036479
steps[4].waypoints[29].position_m.z=0.6731851174157282
steps[4].waypoints[29].orientation_xyzw.x=-0.4184470362074826
steps[4].waypoints[29].orientation_xyzw.y=0.6588002747202955
steps[4].waypoints[29].orientation_xyzw.z=-0.539947971305398
steps[4].waypoints[29].orientation_xyzw.w=-0.3151832232223381
steps[4].waypoints[30].position_m.x=0.06534689972864625
steps[4].waypoints[30].position_m.y=-1.6808439958392303
steps[4].waypoints[30].position_m.z=0.6726921549157663
steps[4].waypoints[30].orientation_xyzw.x=-0.4184443786351986
steps[4].waypoints[30].orientation_xyzw.y=0.6588002941825395
steps[4].waypoints[30].orientation_xyzw.z=-0.5399502705289547
steps[4].waypoints[30].orientation_xyzw.w=-0.3151827719424247
steps[4].waypoints[31].position_m.x=0.06631495231661387
steps[4].waypoints[31].position_m.y=-1.6805539115376003
steps[4].waypoints[31].position_m.z=0.6724921610642377
steps[4].waypoints[31].orientation_xyzw.x=-0.41844172105766314
steps[4].waypoints[31].orientation_xyzw.y=0.6588003136365136
steps[4].waypoints[31].orientation_xyzw.z=-0.5399525697457322
steps[4].waypoints[31].orientation_xyzw.w=-0.31518232065855495
steps[4].waypoints[32].position_m.x=0.06731508328954328
steps[4].waypoints[32].position_m.y=-1.6806766897673242
steps[4].waypoints[32].position_m.z=0.6727064874486735
steps[4].waypoints[32].orientation_xyzw.x=-0.41843906347487503
steps[4].waypoints[32].orientation_xyzw.y=0.6588003330822176
steps[4].waypoints[32].orientation_xyzw.z=-0.5399548689557319
steps[4].waypoints[32].orientation_xyzw.w=-0.31518186937072873
steps[4].waypoints[33].position_m.x=0.06833789710600871
steps[4].waypoints[33].position_m.y=-1.681091405892667
steps[4].waypoints[33].position_m.z=0.6732137824815425
steps[4].waypoints[33].orientation_xyzw.x=-0.41843640588683406
steps[4].waypoints[33].orientation_xyzw.y=0.6588003525196517
steps[4].waypoints[33].orientation_xyzw.z=-0.5399571681589531
steps[4].waypoints[33].orientation_xyzw.w=-0.31518141807894595
steps[4].waypoints[34].position_m.x=0.07531255908067679
steps[4].waypoints[34].position_m.y=-1.6804985225249578
steps[4].waypoints[34].position_m.z=0.6732645727504252
steps[4].waypoints[34].orientation_xyzw.x=-0.41843640588683406
steps[4].waypoints[34].orientation_xyzw.y=0.6588003525196517
steps[4].waypoints[34].orientation_xyzw.z=-0.5399571681589531
steps[4].waypoints[34].orientation_xyzw.w=-0.31518141807894595
steps[4].lead_start.position_m.x=0.0358505798495611
steps[4].lead_start.position_m.y=-1.6838530006671222
steps[4].lead_start.position_m.z=0.6729772062023303
steps[4].lead_start.orientation_xyzw.x=-0.41852144609875075
steps[4].lead_start.orientation_xyzw.y=0.6587997264198323
steps[4].lead_start.orientation_xyzw.z=-0.5398835902939494
steps[4].lead_start.orientation_xyzw.w=-0.31519585745355166
steps[4].usable_seam_start.position_m.x=0.036846960131656545
steps[4].usable_seam_start.position_m.y=-1.6837683030431638
steps[4].usable_seam_start.position_m.z=0.6729844619550278
steps[4].usable_seam_start.orientation_xyzw.x=-0.41852144609875075
steps[4].usable_seam_start.orientation_xyzw.y=0.6587997264198323
steps[4].usable_seam_start.orientation_xyzw.z=-0.5398835902939494
steps[4].usable_seam_start.orientation_xyzw.w=-0.31519585745355166
steps[4].usable_seam_goal.position_m.x=0.06833789710600871
steps[4].usable_seam_goal.position_m.y=-1.681091405892667
steps[4].usable_seam_goal.position_m.z=0.6732137824815425
steps[4].usable_seam_goal.orientation_xyzw.x=-0.41843640588683406
steps[4].usable_seam_goal.orientation_xyzw.y=0.6588003525196517
steps[4].usable_seam_goal.orientation_xyzw.z=-0.5399571681589531
steps[4].usable_seam_goal.orientation_xyzw.w=-0.31518141807894595
steps[4].lead_end.position_m.x=0.07531255908067679
steps[4].lead_end.position_m.y=-1.6804985225249578
steps[4].lead_end.position_m.z=0.6732645727504252
steps[4].lead_end.orientation_xyzw.x=-0.41843640588683406
steps[4].lead_end.orientation_xyzw.y=0.6588003525196517
steps[4].lead_end.orientation_xyzw.z=-0.5399571681589531
steps[4].lead_end.orientation_xyzw.w=-0.31518141807894595
steps[5].sequence_number=6
steps[5].type=digital_weld
steps[5].parallel_slot=5
steps[5].duration=0.0
steps[5].velocity_scale=0.3695263157894737
steps[5].tcp_speed_m_s=0.006999999999999999
steps[5].command=off
steps[5].weld_scenario_id=weld-9409460301576
steps[5].weld_scenario_stage=arc_off
steps[5].path_to_seam_speed_factor=0.8799298066222389
steps[5].trigger_before_goal=True
steps[5].arc_off_delay_s=0.5
steps[5].settings.current_a=230
steps[5].settings.voltage_tenths=265
steps[5].settings.voltage=26.5
steps[5].settings.material=FE-SOLID
steps[5].settings.diameter_mm=1.2
steps[5].settings.mode=LSM
steps[5].settings.gas=CO2 100%
steps[5].settings.synergic=False
steps[5].settings.correction=0.0
steps[5].settings.hot_start_enabled=True
steps[5].settings.hot_start_percent=20.0
steps[5].settings.hot_start_hold_adjustment=-1
steps[5].settings.crater_enabled=False
steps[5].settings.crater_percent=26.08695652173913
steps[5].settings.crater_current_a=60.0
steps[5].settings.crater_voltage_v=25.0
steps[5].settings.crater_seconds=1.0
steps[5].settings.wire_consumable_alpha_mm=0.0
steps[5].settings.hot_start_current_a=276
steps[6].sequence_number=7
steps[6].type=motion
steps[6].parallel_slot=6
steps[6].duration=0.0
steps[6].planning_group=right_manipulator
steps[6].velocity_scale=0.3695263157894737
steps[6].tcp_speed_m_s=0.0
steps[6].interpolation_step=0.005
steps[6].path_kind=weld_end_to_taught_wait_fixed_attitude
steps[6].pose_name=weld_goal_wait
steps[6].pose_label=5 · Weld goal wait pose
steps[6].touch_guard=False
steps[6].continue_after_touch=False
steps[6].weld_scenario_id=weld-9409460301576
steps[6].weld_scenario_stage=goal_wait
steps[6].waypoint_count=1
steps[6].waypoints[0].position_m.x=0.06802650600792787
steps[6].waypoints[0].position_m.y=-1.6775811340754863
steps[6].waypoints[0].position_m.z=0.6749988857401974
steps[6].waypoints[0].orientation_xyzw.x=-0.41843640588683406
steps[6].waypoints[0].orientation_xyzw.y=0.6588003525196517
steps[6].waypoints[0].orientation_xyzw.z=-0.5399571681589531
steps[6].waypoints[0].orientation_xyzw.w=-0.31518141807894595
steps[7].sequence_number=8
steps[7].type=named_pose
steps[7].parallel_slot=7
steps[7].duration=0.0
steps[7].planning_group=right_manipulator
steps[7].velocity_scale=0.3695263157894737
steps[7].tcp_speed_m_s=0.0
steps[7].pose_name=weld_finish
steps[7].pose_label=7 · Weld end pose
steps[7].touch_guard=False
steps[7].continue_after_touch=False
steps[7].weld_scenario_id=weld-9409460301576
steps[7].weld_scenario_stage=finish
steps[7].target_tcp.position_m.x=0.06798797733801742
steps[7].target_tcp.position_m.y=-1.6434697522598045
steps[7].target_tcp.position_m.z=0.706858520636326
steps[7].target_tcp.orientation_xyzw.x=-0.40891577982432076
steps[7].target_tcp.orientation_xyzw.y=0.664770641451258
steps[7].target_tcp.orientation_xyzw.z=-0.535297108084459
steps[7].target_tcp.orientation_xyzw.w=-0.32299363051237706
steps[7].joint_names[0]=right_manipulator_joint1
steps[7].joint_names[1]=right_manipulator_joint2
steps[7].joint_names[2]=right_manipulator_joint3
steps[7].joint_names[3]=right_manipulator_joint4
steps[7].joint_names[4]=right_manipulator_joint5
steps[7].joint_names[5]=right_manipulator_joint6
steps[7].joint_positions_rad[0]=5.204952341903641
steps[7].joint_positions_rad[1]=1.2719282666248797
steps[7].joint_positions_rad[2]=1.9331498862946583
steps[7].joint_positions_rad[3]=3.619875612711522
steps[7].joint_positions_rad[4]=1.4070400161045238
steps[7].joint_positions_rad[5]=1.5535429045147637
steps[8].sequence_number=9
steps[8].type=digital_output
steps[8].parallel_slot=8
steps[8].duration=0.0
steps[8].port=0
steps[8].value=True
steps[8].weld_scenario_id=weld-9409460301576
steps[8].weld_scenario_stage=touch_output_on
hicomm_cyclic_period_ms=40.0
arc_wait_recognition=True
arc_wait_main_welding=True
arc_wait_established=True
arc_establishment_timeout_s=5.0

[summary]
rx_samples=188
welding_samples=0
wcr_seen=0
current_a.min=None
current_a.average=None
current_a.max=None
voltage_v.min=None
voltage_v.average=None
voltage_v.max=None
wire_feed_m_min.min=None
wire_feed_m_min.average=None
wire_feed_m_min.max=None

[production_metrics]
arc_started_elapsed_s=None
arc_completed_elapsed_s=None
arc_on_time_s=0.0
main_weld_arc_time_s=0.0
crater_arc_time_s=0.0
weld_motion_start_elapsed_s=0.06568068100023083
weld_motion_complete_elapsed_s=7.533681250000882
weld_motion_duration_s=7.468000569000651
net_weld_arc_time_s=0.0
wire_feed_average_m_min=0.0
wire_consumable_base_mm=0.0
wire_consumable_alpha_mm=0.0
wire_consumable_mm=0.0
wire_consumable_formula=integral(WFS*1000/60*dt)+alpha
weld_motion_start_unix_time=1789526370.1912081
weld_motion_start_wall_time=2026-09-16 11:39:30.191
weld_motion_complete_unix_time=1789526377.6592085
weld_motion_complete_wall_time=2026-09-16 11:39:37.659

[arc_off_control]

[teaching_snapshot_yaml]
robot_start:
  planning_group: right_manipulator
  joint_state:
    names:
    - right_manipulator_joint1
    - right_manipulator_joint2
    - right_manipulator_joint3
    - right_manipulator_joint4
    - right_manipulator_joint5
    - right_manipulator_joint6
    positions_rad:
    - 5.272090632984539
    - 1.1319069796756747
    - 2.106417676818249
    - 3.6901007738119302
    - 1.4686233526256796
    - 1.4680081624138712
  tcp_pose_world:
    position_m:
      x: 0.0593687026100857
      y: -1.566580876666292
      z: 0.8404797210507349
    orientation_xyzw:
      x: -0.435964943840794
      y: 0.633785310019272
      z: -0.5278153609885844
      w: -0.36008567487496485
weld_wait:
  planning_group: right_manipulator
  joint_state:
    names:
    - right_manipulator_joint1
    - right_manipulator_joint2
    - right_manipulator_joint3
    - right_manipulator_joint4
    - right_manipulator_joint5
    - right_manipulator_joint6
    positions_rad:
    - 5.162270391745159
    - 1.2839001078311674
    - 1.9253509522004157
    - 3.57737608908771
    - 1.4121090769233806
    - 1.5529732543575958
  tcp_pose_world:
    position_m:
      x: 0.036424554825288225
      y: -1.6556979706260309
      z: 0.6969945192387215
    orientation_xyzw:
      x: -0.40887151131936966
      y: 0.664764445724758
      z: -0.5353485269301721
      w: -0.32297720298089877
weld_start_wait:
  planning_group: right_manipulator
  joint_state:
    names:
    - right_manipulator_joint1
    - right_manipulator_joint2
    - right_manipulator_joint3
    - right_manipulator_joint4
    - right_manipulator_joint5
    - right_manipulator_joint6
    positions_rad:
    - 5.1496113218195765
    - 1.3091994723966476
    - 1.881715989845849
    - 3.5661181082116182
    - 1.395569381815389
    - 1.5444073298694105
  tcp_pose_world:
    position_m:
      x: 0.03646068728963492
      y: -1.6793469233273077
      z: 0.674417019979207
    orientation_xyzw:
      x: -0.4089518530577377
      y: 0.6647824172284327
      z: -0.5352696108757291
      w: -0.32296929157043747
weld_start:
  planning_group: right_manipulator
  joint_state:
    names:
    - right_manipulator_joint1
    - right_manipulator_joint2
    - right_manipulator_joint3
    - right_manipulator_joint4
    - right_manipulator_joint5
    - right_manipulator_joint6
    positions_rad:
    - 5.134164500773081
    - 1.3108661315572219
    - 1.8799839802166392
    - 3.522158255309659
    - 1.396363374417425
    - 1.5423441856939242
  tcp_pose_world:
    position_m:
      x: 0.036846960131656545
      y: -1.6837683030431638
      z: 0.6729844619550278
    orientation_xyzw:
      x: -0.41852144609875075
      y: 0.6587997264198323
      z: -0.5398835902939494
      w: -0.31519585745355166
weld_goal_wait:
  planning_group: right_manipulator
  joint_state:
    names:
    - right_manipulator_joint1
    - right_manipulator_joint2
    - right_manipulator_joint3
    - right_manipulator_joint4
    - right_manipulator_joint5
    - right_manipulator_joint6
    positions_rad:
    - 5.185303006748819
    - 1.3080717568330535
    - 1.871380661129415
    - 3.602428711778195
    - 1.3846910345526877
    - 1.5410165931695214
  tcp_pose_world:
    position_m:
      x: 0.06802650600792787
      y: -1.6775811340754863
      z: 0.6749988857401974
    orientation_xyzw:
      x: -0.408866812683109
      y: 0.6647818136335141
      z: -0.5353433898332236
      w: -0.3229559175961395
weld_end:
  planning_group: right_manipulator
  joint_state:
    names:
    - right_manipulator_joint1
    - right_manipulator_joint2
    - right_manipulator_joint3
    - right_manipulator_joint4
    - right_manipulator_joint5
    - right_manipulator_joint6
    positions_rad:
    - 5.170473212301285
    - 1.3102217792277366
    - 1.8708067793451622
    - 3.5588722395104204
    - 1.3868347805087364
    - 1.5401430565255831
  tcp_pose_world:
    position_m:
      x: 0.06833789710600871
      y: -1.681091405892667
      z: 0.6732137824815425
    orientation_xyzw:
      x: -0.41843640588683406
      y: 0.6588003525196517
      z: -0.5399571681589531
      w: -0.31518141807894595
weld_finish:
  planning_group: right_manipulator
  joint_state:
    names:
    - right_manipulator_joint1
    - right_manipulator_joint2
    - right_manipulator_joint3
    - right_manipulator_joint4
    - right_manipulator_joint5
    - right_manipulator_joint6
    positions_rad:
    - 5.204952341903641
    - 1.2719282666248797
    - 1.9331498862946583
    - 3.619875612711522
    - 1.4070400161045238
    - 1.5535429045147637
  tcp_pose_world:
    position_m:
      x: 0.06798797733801742
      y: -1.6434697522598045
      z: 0.706858520636326
    orientation_xyzw:
      x: -0.40891577982432076
      y: 0.664770641451258
      z: -0.535297108084459
      w: -0.32299363051237706

[touch_snapshot_yaml]
start_floor:
  position_m:
    x: 0.036666277489902366
    y: -1.679452144621707
    z: 0.6729849063851219
  orientation_xyzw:
    x: -0.40880982338925526
    y: 0.6647528966715359
    z: -0.5354172966039532
    w: -0.3229650649289529
start_wall:
  position_m:
    x: 0.03680987889891646
    y: -1.6837708970485428
    z: 0.674533876253729
  orientation_xyzw:
    x: -0.40889664639747414
    y: 0.6647884516820801
    z: -0.5353062104822806
    w: -0.3229661098229072
goal_floor:
  position_m:
    x: 0.06797676116183893
    y: -1.677696588242839
    z: 0.6732125446624011
  orientation_xyzw:
    x: -0.40882601517153955
    y: 0.6647432107971298
    z: -0.5354142625203986
    w: -0.3229695349530981
goal_wall:
  position_m:
    x: 0.06809730881829645
    y: -1.6811112408434536
    z: 0.6749234226611633
  orientation_xyzw:
    x: -0.40889868671944346
    y: 0.6647746458307499
    z: -0.5353203632968513
    w: -0.32296848592307403

[samples]
elapsed_s raw0 state arc gas fwd wcr current_a voltage_v wire_feed_m_min set_current_a set_voltage_v error db collision
0.017 0x00 idle 0 0 0 0 0 0.0 0.0 100 10.0 0 0 0
0.056 0x00 idle 0 0 0 0 0 0.0 0.0 100 10.0 0 0 0
0.101 0x00 idle 0 0 0 0 0 0.0 0.0 100 10.0 0 0 0
0.144 0x00 idle 0 0 0 0 0 0.0 0.0 100 10.0 0 0 0
0.185 0x00 idle 0 0 0 0 0 0.0 0.0 100 10.0 0 0 0
0.217 0x00 idle 0 0 0 0 0 0.0 0.0 100 10.0 0 0 0
0.258 0x00 idle 0 0 0 0 0 0.0 0.0 100 10.0 0 0 0
0.300 0x00 idle 0 0 0 0 0 0.0 0.0 100 10.0 0 0 0
0.339 0x00 idle 0 0 0 0 0 0.0 0.0 100 10.0 0 0 0
0.378 0x00 idle 0 0 0 0 0 0.0 0.0 100 10.0 0 0 0
0.420 0x00 idle 0 0 0 0 0 0.0 0.0 100 10.0 0 0 0
0.460 0x00 idle 0 0 0 0 0 0.0 0.0 100 10.0 0 0 0
0.497 0x00 idle 0 0 0 0 0 0.0 0.0 100 10.0 0 0 0
0.540 0x00 idle 0 0 0 0 0 0.0 0.0 100 10.0 0 0 0
0.581 0x00 idle 0 0 0 0 0 0.0 0.0 100 10.0 0 0 0
0.620 0x00 idle 0 0 0 0 0 0.0 0.0 100 10.0 0 0 0
0.659 0x00 idle 0 0 0 0 0 0.0 0.0 100 10.0 0 0 0
0.700 0x00 idle 0 0 0 0 0 0.0 0.0 100 10.0 0 0 0
0.747 0x00 idle 0 0 0 0 0 0.0 0.0 100 10.0 0 0 0
0.777 0x00 idle 0 0 0 0 0 0.0 0.0 100 10.0 0 0 0
0.819 0x00 idle 0 0 0 0 0 0.0 0.0 100 10.0 0 0 0
0.857 0x00 idle 0 0 0 0 0 0.0 0.0 100 10.0 0 0 0
0.900 0x00 idle 0 0 0 0 0 0.0 0.0 100 10.0 0 0 0
0.939 0x00 idle 0 0 0 0 0 0.0 0.0 100 10.0 0 0 0
0.978 0x00 idle 0 0 0 0 0 0.0 0.0 100 10.0 0 0 0
1.019 0x00 idle 0 0 0 0 0 0.0 0.0 100 10.0 0 0 0
1.057 0x00 idle 0 0 0 0 0 0.0 0.0 100 10.0 0 0 0
1.097 0x00 idle 0 0 0 0 0 0.0 0.0 100 10.0 0 0 0
1.138 0x00 idle 0 0 0 0 0 0.0 0.0 100 10.0 0 0 0
1.178 0x00 idle 0 0 0 0 0 0.0 0.0 100 10.0 0 0 0
1.221 0x00 idle 0 0 0 0 0 0.0 0.0 100 10.0 0 0 0
1.260 0x00 idle 0 0 0 0 0 0.0 0.0 100 10.0 0 0 0
1.303 0x00 idle 0 0 0 0 0 0.0 0.0 100 10.0 0 0 0
1.339 0x00 idle 0 0 0 0 0 0.0 0.0 100 10.0 0 0 0
1.378 0x00 idle 0 0 0 0 0 0.0 0.0 100 10.0 0 0 0
1.418 0x00 idle 0 0 0 0 0 0.0 0.0 100 10.0 0 0 0
1.459 0x00 idle 0 0 0 0 0 0.0 0.0 100 10.0 0 0 0
1.499 0x00 idle 0 0 0 0 0 0.0 0.0 100 10.0 0 0 0
1.540 0x00 idle 0 0 0 0 0 0.0 0.0 100 10.0 0 0 0
1.581 0x00 idle 0 0 0 0 0 0.0 0.0 100 10.0 0 0 0
1.618 0x00 idle 0 0 0 0 0 0.0 0.0 100 10.0 0 0 0
1.658 0x00 idle 0 0 0 0 0 0.0 0.0 100 10.0 0 0 0
1.700 0x00 idle 0 0 0 0 0 0.0 0.0 100 10.0 0 0 0
1.739 0x00 idle 0 0 0 0 0 0.0 0.0 100 10.0 0 0 0
1.781 0x00 idle 0 0 0 0 0 0.0 0.0 100 10.0 0 0 0
1.819 0x00 idle 0 0 0 0 0 0.0 0.0 100 10.0 0 0 0
1.860 0x00 idle 0 0 0 0 0 0.0 0.0 100 10.0 0 0 0
1.897 0x00 idle 0 0 0 0 0 0.0 0.0 100 10.0 0 0 0
1.937 0x00 idle 0 0 0 0 0 0.0 0.0 100 10.0 0 0 0
1.977 0x00 idle 0 0 0 0 0 0.0 0.0 100 10.0 0 0 0
2.019 0x00 idle 0 0 0 0 0 0.0 0.0 100 10.0 0 0 0
2.059 0x00 idle 0 0 0 0 0 0.0 0.0 100 10.0 0 0 0
2.103 0x00 idle 0 0 0 0 0 0.0 0.0 100 10.0 0 0 0
2.142 0x00 idle 0 0 0 0 0 0.0 0.0 100 10.0 0 0 0
2.180 0x00 idle 0 0 0 0 0 0.0 0.0 100 10.0 0 0 0
2.221 0x00 idle 0 0 0 0 0 0.0 0.0 100 10.0 0 0 0
2.262 0x00 idle 0 0 0 0 0 0.0 0.0 100 10.0 0 0 0
2.298 0x00 idle 0 0 0 0 0 0.0 0.0 100 10.0 0 0 0
2.338 0x00 idle 0 0 0 0 0 0.0 0.0 100 10.0 0 0 0
2.381 0x00 idle 0 0 0 0 0 0.0 0.0 100 10.0 0 0 0
2.422 0x00 idle 0 0 0 0 0 0.0 0.0 100 10.0 0 0 0
2.460 0x00 idle 0 0 0 0 0 0.0 0.0 100 10.0 0 0 0
2.503 0x00 idle 0 0 0 0 0 0.0 0.0 100 10.0 0 0 0
2.537 0x00 idle 0 0 0 0 0 0.0 0.0 100 10.0 0 0 0
2.579 0x00 idle 0 0 0 0 0 0.0 0.0 100 10.0 0 0 0
2.619 0x00 idle 0 0 0 0 0 0.0 0.0 100 10.0 0 0 0
2.659 0x00 idle 0 0 0 0 0 0.0 0.0 100 10.0 0 0 0
2.703 0x00 idle 0 0 0 0 0 0.0 0.0 100 10.0 0 0 0
2.738 0x00 idle 0 0 0 0 0 0.0 0.0 100 10.0 0 0 0
2.778 0x00 idle 0 0 0 0 0 0.0 0.0 100 10.0 0 0 0
2.816 0x00 idle 0 0 0 0 0 0.0 0.0 100 10.0 0 0 0
2.856 0x00 idle 0 0 0 0 0 0.0 0.0 100 10.0 0 0 0
2.901 0x00 idle 0 0 0 0 0 0.0 0.0 100 10.0 0 0 0
2.943 0x00 idle 0 0 0 0 0 0.0 0.0 100 10.0 0 0 0
2.978 0x00 idle 0 0 0 0 0 0.0 0.0 100 10.0 0 0 0
3.019 0x00 idle 0 0 0 0 0 0.0 0.0 100 10.0 0 0 0
3.060 0x00 idle 0 0 0 0 0 0.0 0.0 100 10.0 0 0 0
3.100 0x00 idle 0 0 0 0 0 0.0 0.0 100 10.0 0 0 0
3.136 0x00 idle 0 0 0 0 0 0.0 0.0 100 10.0 0 0 0
3.179 0x00 idle 0 0 0 0 0 0.0 0.0 100 10.0 0 0 0
3.218 0x00 idle 0 0 0 0 0 0.0 0.0 100 10.0 0 0 0
3.263 0x00 idle 0 0 0 0 0 0.0 0.0 100 10.0 0 0 0
3.299 0x00 idle 0 0 0 0 0 0.0 0.0 100 10.0 0 0 0
3.338 0x00 idle 0 0 0 0 0 0.0 0.0 100 10.0 0 0 0
3.376 0x00 idle 0 0 0 0 0 0.0 0.0 100 10.0 0 0 0
3.421 0x00 idle 0 0 0 0 0 0.0 0.0 100 10.0 0 0 0
3.459 0x00 idle 0 0 0 0 0 0.0 0.0 100 10.0 0 0 0
3.498 0x00 idle 0 0 0 0 0 0.0 0.0 100 10.0 0 0 0
3.538 0x00 idle 0 0 0 0 0 0.0 0.0 100 10.0 0 0 0
3.581 0x00 idle 0 0 0 0 0 0.0 0.0 100 10.0 0 0 0
3.620 0x00 idle 0 0 0 0 0 0.0 0.0 100 10.0 0 0 0
3.660 0x00 idle 0 0 0 0 0 0.0 0.0 100 10.0 0 0 0
3.696 0x00 idle 0 0 0 0 0 0.0 0.0 100 10.0 0 0 0
3.739 0x00 idle 0 0 0 0 0 0.0 0.0 100 10.0 0 0 0
3.778 0x00 idle 0 0 0 0 0 0.0 0.0 100 10.0 0 0 0
3.823 0x00 idle 0 0 0 0 0 0.0 0.0 100 10.0 0 0 0
3.857 0x00 idle 0 0 0 0 0 0.0 0.0 100 10.0 0 0 0
3.900 0x00 idle 0 0 0 0 0 0.0 0.0 100 10.0 0 0 0
3.937 0x00 idle 0 0 0 0 0 0.0 0.0 100 10.0 0 0 0
3.978 0x00 idle 0 0 0 0 0 0.0 0.0 100 10.0 0 0 0
4.019 0x00 idle 0 0 0 0 0 0.0 0.0 100 10.0 0 0 0
4.066 0x00 idle 0 0 0 0 0 0.0 0.0 100 10.0 0 0 0
4.099 0x00 idle 0 0 0 0 0 0.0 0.0 100 10.0 0 0 0
4.137 0x00 idle 0 0 0 0 0 0.0 0.0 100 10.0 0 0 0
4.177 0x00 idle 0 0 0 0 0 0.0 0.0 100 10.0 0 0 0
4.219 0x00 idle 0 0 0 0 0 0.0 0.0 100 10.0 0 0 0
4.256 0x00 idle 0 0 0 0 0 0.0 0.0 100 10.0 0 0 0
4.301 0x00 idle 0 0 0 0 0 0.0 0.0 100 10.0 0 0 0
4.341 0x00 idle 0 0 0 0 0 0.0 0.0 100 10.0 0 0 0
4.384 0x00 idle 0 0 0 0 0 0.0 0.0 100 10.0 0 0 0
4.420 0x00 idle 0 0 0 0 0 0.0 0.0 100 10.0 0 0 0
4.462 0x00 idle 0 0 0 0 0 0.0 0.0 100 10.0 0 0 0
4.499 0x00 idle 0 0 0 0 0 0.0 0.0 100 10.0 0 0 0
4.540 0x00 idle 0 0 0 0 0 0.0 0.0 100 10.0 0 0 0
4.578 0x00 idle 0 0 0 0 0 0.0 0.0 100 10.0 0 0 0
4.621 0x00 idle 0 0 0 0 0 0.0 0.0 100 10.0 0 0 0
4.660 0x00 idle 0 0 0 0 0 0.0 0.0 100 10.0 0 0 0
4.697 0x00 idle 0 0 0 0 0 0.0 0.0 100 10.0 0 0 0
4.740 0x00 idle 0 0 0 0 0 0.0 0.0 100 10.0 0 0 0
4.777 0x00 idle 0 0 0 0 0 0.0 0.0 100 10.0 0 0 0
4.819 0x00 idle 0 0 0 0 0 0.0 0.0 100 10.0 0 0 0
4.857 0x00 idle 0 0 0 0 0 0.0 0.0 100 10.0 0 0 0
4.900 0x00 idle 0 0 0 0 0 0.0 0.0 100 10.0 0 0 0
4.938 0x00 idle 0 0 0 0 0 0.0 0.0 100 10.0 0 0 0
4.978 0x00 idle 0 0 0 0 0 0.0 0.0 100 10.0 0 0 0
5.018 0x00 idle 0 0 0 0 0 0.0 0.0 100 10.0 0 0 0
5.058 0x00 idle 0 0 0 0 0 0.0 0.0 100 10.0 0 0 0
5.098 0x00 idle 0 0 0 0 0 0.0 0.0 100 10.0 0 0 0
5.138 0x00 idle 0 0 0 0 0 0.0 0.0 100 10.0 0 0 0
5.178 0x00 idle 0 0 0 0 0 0.0 0.0 100 10.0 0 0 0
5.224 0x00 idle 0 0 0 0 0 0.0 0.0 100 10.0 0 0 0
5.258 0x00 idle 0 0 0 0 0 0.0 0.0 100 10.0 0 0 0
5.298 0x00 idle 0 0 0 0 0 0.0 0.0 100 10.0 0 0 0
5.337 0x00 idle 0 0 0 0 0 0.0 0.0 100 10.0 0 0 0
5.377 0x00 idle 0 0 0 0 0 0.0 0.0 100 10.0 0 0 0
5.419 0x00 idle 0 0 0 0 0 0.0 0.0 100 10.0 0 0 0
5.460 0x00 idle 0 0 0 0 0 0.0 0.0 100 10.0 0 0 0
5.501 0x00 idle 0 0 0 0 0 0.0 0.0 100 10.0 0 0 0
5.538 0x00 idle 0 0 0 0 0 0.0 0.0 100 10.0 0 0 0
5.579 0x00 idle 0 0 0 0 0 0.0 0.0 100 10.0 0 0 0
5.619 0x00 idle 0 0 0 0 0 0.0 0.0 100 10.0 0 0 0
5.661 0x00 idle 0 0 0 0 0 0.0 0.0 100 10.0 0 0 0
5.697 0x00 idle 0 0 0 0 0 0.0 0.0 100 10.0 0 0 0
5.739 0x00 idle 0 0 0 0 0 0.0 0.0 100 10.0 0 0 0
5.778 0x00 idle 0 0 0 0 0 0.0 0.0 100 10.0 0 0 0
5.818 0x00 idle 0 0 0 0 0 0.0 0.0 100 10.0 0 0 0
5.856 0x00 idle 0 0 0 0 0 0.0 0.0 100 10.0 0 0 0
5.900 0x00 idle 0 0 0 0 0 0.0 0.0 100 10.0 0 0 0
5.936 0x00 idle 0 0 0 0 0 0.0 0.0 100 10.0 0 0 0
5.977 0x00 idle 0 0 0 0 0 0.0 0.0 100 10.0 0 0 0
6.021 0x00 idle 0 0 0 0 0 0.0 0.0 100 10.0 0 0 0
6.059 0x00 idle 0 0 0 0 0 0.0 0.0 100 10.0 0 0 0
6.099 0x00 idle 0 0 0 0 0 0.0 0.0 100 10.0 0 0 0
6.139 0x00 idle 0 0 0 0 0 0.0 0.0 100 10.0 0 0 0
6.177 0x00 idle 0 0 0 0 0 0.0 0.0 100 10.0 0 0 0
6.217 0x00 idle 0 0 0 0 0 0.0 0.0 100 10.0 0 0 0
6.258 0x00 idle 0 0 0 0 0 0.0 0.0 100 10.0 0 0 0
6.305 0x00 idle 0 0 0 0 0 0.0 0.0 100 10.0 0 0 0
6.342 0x00 idle 0 0 0 0 0 0.0 0.0 100 10.0 0 0 0
6.379 0x00 idle 0 0 0 0 0 0.0 0.0 100 10.0 0 0 0
6.419 0x00 idle 0 0 0 0 0 0.0 0.0 100 10.0 0 0 0
6.458 0x00 idle 0 0 0 0 0 0.0 0.0 100 10.0 0 0 0
6.502 0x00 idle 0 0 0 0 0 0.0 0.0 100 10.0 0 0 0
6.543 0x00 idle 0 0 0 0 0 0.0 0.0 100 10.0 0 0 0
6.585 0x00 idle 0 0 0 0 0 0.0 0.0 100 10.0 0 0 0
6.623 0x00 idle 0 0 0 0 0 0.0 0.0 100 10.0 0 0 0
6.662 0x00 idle 0 0 0 0 0 0.0 0.0 100 10.0 0 0 0
6.700 0x00 idle 0 0 0 0 0 0.0 0.0 100 10.0 0 0 0
6.739 0x00 idle 0 0 0 0 0 0.0 0.0 100 10.0 0 0 0
6.778 0x00 idle 0 0 0 0 0 0.0 0.0 100 10.0 0 0 0
6.818 0x00 idle 0 0 0 0 0 0.0 0.0 100 10.0 0 0 0
6.858 0x00 idle 0 0 0 0 0 0.0 0.0 100 10.0 0 0 0
6.897 0x00 idle 0 0 0 0 0 0.0 0.0 100 10.0 0 0 0
6.940 0x00 idle 0 0 0 0 0 0.0 0.0 100 10.0 0 0 0
6.977 0x00 idle 0 0 0 0 0 0.0 0.0 100 10.0 0 0 0
7.018 0x00 idle 0 0 0 0 0 0.0 0.0 100 10.0 0 0 0
7.057 0x00 idle 0 0 0 0 0 0.0 0.0 100 10.0 0 0 0
7.099 0x00 idle 0 0 0 0 0 0.0 0.0 100 10.0 0 0 0
7.142 0x00 idle 0 0 0 0 0 0.0 0.0 100 10.0 0 0 0
7.182 0x00 idle 0 0 0 0 0 0.0 0.0 100 10.0 0 0 0
7.217 0x00 idle 0 0 0 0 0 0.0 0.0 100 10.0 0 0 0
7.256 0x00 idle 0 0 0 0 0 0.0 0.0 100 10.0 0 0 0
7.303 0x00 idle 0 0 0 0 0 0.0 0.0 100 10.0 0 0 0
7.337 0x00 idle 0 0 0 0 0 0.0 0.0 100 10.0 0 0 0
7.384 0x00 idle 0 0 0 0 0 0.0 0.0 100 10.0 0 0 0
7.418 0x00 idle 0 0 0 0 0 0.0 0.0 100 10.0 0 0 0
7.458 0x00 idle 0 0 0 0 0 0.0 0.0 100 10.0 0 0 0
7.507 0x00 idle 0 0 0 0 0 0.0 0.0 100 10.0 0 0 0

[tcp_trajectory]
elapsed_s x_m y_m z_m qx qy qz qw speed_m_s tf_stamp_s along_mm remaining_mm cross_track_mm progress waypoint phase
0.0041 0.0360552 -1.6832859 0.6735307 -0.41839304 0.65874817 -0.54001562 -0.31524791 0.000000 1789526370.074527740 -0.744 32.349 0.777 0.00000 -1 ACTUAL_TF
0.0163 0.0360011 -1.6836005 0.6734374 -0.41841157 0.65873313 -0.54002048 -0.31524642 0.005948 1789526370.130449533 -0.825 32.431 0.517 0.00000 -1 ACTUAL_TF
0.0878 0.0359561 -1.6837503 0.6733765 -0.41841679 0.65873271 -0.54001788 -0.31524482 0.005061 1789526370.186589479 -0.883 32.489 0.409 0.00000 -1 ACTUAL_TF
0.1278 0.0359356 -1.6838706 0.6733402 -0.41842059 0.65872672 -0.54002224 -0.31524482 0.004227 1789526370.242431879 -0.914 32.520 0.363 0.00000 -1 ACTUAL_TF
0.1957 0.0359239 -1.6839274 0.6733131 -0.41842645 0.65872761 -0.54001850 -0.31524159 0.003301 1789526370.298493624 -0.931 32.536 0.345 0.00000 -1 ACTUAL_TF
0.2412 0.0359156 -1.6839479 0.6732922 -0.41843456 0.65872878 -0.54001195 -0.31523960 0.002474 1789526370.354517937 -0.941 32.546 0.330 0.00000 -1 ACTUAL_TF
0.2976 0.0359106 -1.6839489 0.6732922 -0.41843460 0.65872875 -0.54001076 -0.31524165 0.001759 1789526370.410393000 -0.946 32.551 0.330 0.00000 -1 ACTUAL_TF
0.3547 0.0358935 -1.6839218 0.6732832 -0.41843770 0.65873585 -0.53999864 -0.31524346 0.001410 1789526370.466416597 -0.961 32.566 0.314 0.00000 -1 ACTUAL_TF
0.4043 0.0358717 -1.6838989 0.6732756 -0.41843497 0.65874523 -0.53998558 -0.31524986 0.001161 1789526370.522478342 -0.981 32.586 0.302 0.00000 -1 ACTUAL_TF
0.4644 0.0358554 -1.6838957 0.6732745 -0.41842505 0.65875262 -0.53997863 -0.31525949 0.000901 1789526370.578952551 -0.997 32.602 0.300 0.00000 -1 ACTUAL_TF
0.5203 0.0358559 -1.6838905 0.6732750 -0.41841299 0.65875987 -0.53997243 -0.31527098 0.000659 1789526370.634499550 -0.996 32.601 0.300 0.00000 -1 ACTUAL_TF
0.5799 0.0358891 -1.6838895 0.6732795 -0.41840330 0.65876159 -0.53997309 -0.31527909 0.000641 1789526370.690424919 -0.963 32.568 0.305 0.00000 -1 ACTUAL_TF
0.6312 0.0359898 -1.6838955 0.6732870 -0.41840216 0.65875417 -0.53998114 -0.31528231 0.000990 1789526370.746481419 -0.863 32.468 0.313 0.00000 -1 ACTUAL_TF
0.6902 0.0360921 -1.6838896 0.6732606 -0.41841559 0.65876721 -0.53995763 -0.31527751 0.001260 1789526370.802452803 -0.760 32.366 0.287 0.00000 -1 ACTUAL_TF
0.7425 0.0362483 -1.6838934 0.6732323 -0.41844164 0.65877272 -0.53993193 -0.31527544 0.001732 1789526370.858502150 -0.605 32.211 0.263 0.00000 -1 ACTUAL_TF
0.7999 0.0364237 -1.6838926 0.6731990 -0.41846387 0.65878778 -0.53990294 -0.31526411 0.002171 1789526370.914362431 -0.431 32.036 0.235 0.00000 -1 ACTUAL_TF
0.8585 0.0365913 -1.6838967 0.6731736 -0.41847809 0.65880380 -0.53987966 -0.31525165 0.002426 1789526370.970534563 -0.264 31.870 0.219 0.00000 -1 ACTUAL_TF
0.9081 0.0367890 -1.6838950 0.6731511 -0.41849198 0.65881989 -0.53985420 -0.31524318 0.002765 1789526371.026446581 -0.067 31.673 0.207 0.00000 -1 ACTUAL_TF
0.9664 0.0369634 -1.6838982 0.6731407 -0.41850512 0.65882362 -0.53984172 -0.31523931 0.002873 1789526371.082381248 0.106 31.499 0.209 0.00000 -1 ACTUAL_TF
1.0251 0.0371483 -1.6838886 0.6731160 -0.41851390 0.65884252 -0.53981268 -0.31523787 0.003011 1789526371.138393641 0.291 31.314 0.195 0.00000 -1 ACTUAL_TF
1.0821 0.0373226 -1.6838788 0.6731000 -0.41851839 0.65885418 -0.53979752 -0.31523352 0.003047 1789526371.194409132 0.465 31.140 0.188 0.00000 -1 ACTUAL_TF
1.1392 0.0375709 -1.6838660 0.6730879 -0.41852731 0.65885886 -0.53978946 -0.31522568 0.003466 1789526371.250413895 0.714 30.892 0.187 0.00000 -1 ACTUAL_TF
1.2055 0.0378864 -1.6838428 0.6730867 -0.41853547 0.65885403 -0.53979569 -0.31521428 0.004122 1789526371.306404829 1.030 30.575 0.188 0.00000 -1 ACTUAL_TF
1.2457 0.0381504 -1.6838139 0.6730857 -0.41853282 0.65885400 -0.53979759 -0.31521459 0.004305 1789526371.362508774 1.296 30.310 0.181 0.00000 -1 ACTUAL_TF
1.3028 0.0385358 -1.6837692 0.6730919 -0.41853613 0.65884307 -0.53981249 -0.31520753 0.005094 1789526371.418455601 1.683 29.922 0.173 0.00000 -1 ACTUAL_TF
1.3614 0.0388866 -1.6837312 0.6731065 -0.41853682 0.65882677 -0.53983463 -0.31520279 0.005455 1789526371.474554777 2.036 29.569 0.173 0.00000 -1 ACTUAL_TF
1.4200 0.0392933 -1.6836884 0.6731270 -0.41852734 0.65881104 -0.53985894 -0.31520659 0.006018 1789526371.530394793 2.445 29.160 0.178 0.00000 -1 ACTUAL_TF
1.4684 0.0396642 -1.6836499 0.6731445 -0.41852152 0.65879602 -0.53988147 -0.31520714 0.006210 1789526371.586470842 2.818 28.787 0.184 0.00000 -1 ACTUAL_TF
1.5270 0.0400672 -1.6836161 0.6731643 -0.41850463 0.65878520 -0.53990317 -0.31521499 0.006518 1789526371.642412901 3.223 28.383 0.198 0.00000 -1 ACTUAL_TF
1.5911 0.0403788 -1.6835867 0.6731773 -0.41848726 0.65878170 -0.53991521 -0.31522477 0.006246 1789526371.698243618 3.536 28.070 0.205 0.00000 -1 ACTUAL_TF
1.6375 0.0407731 -1.6835458 0.6731912 -0.41847596 0.65877289 -0.53993272 -0.31522819 0.006496 1789526371.754271269 3.932 27.673 0.210 0.00000 -1 ACTUAL_TF
1.6979 0.0411659 -1.6834942 0.6731949 -0.41847009 0.65876173 -0.53994993 -0.31522983 0.006667 1789526371.810335398 4.328 27.277 0.202 0.00000 -1 ACTUAL_TF
1.7575 0.0414900 -1.6834479 0.6731944 -0.41846362 0.65875231 -0.53996398 -0.31523402 0.006420 1789526371.866350651 4.655 26.950 0.191 0.00000 -1 ACTUAL_TF
1.8102 0.0418568 -1.6833954 0.6731829 -0.41844198 0.65874775 -0.53997553 -0.31525251 0.006474 1789526371.922531843 5.025 26.581 0.170 0.00000 -1 ACTUAL_TF
1.8604 0.0421643 -1.6833096 0.6731250 -0.41844862 0.65874549 -0.53997247 -0.31525366 0.006273 1789526371.978445053 5.338 26.267 0.102 0.00000 -1 ACTUAL_TF
1.9187 0.0426152 -1.6831857 0.6730369 -0.41848000 0.65873410 -0.53997306 -0.31523479 0.006940 1789526372.034447432 5.797 25.808 0.093 0.00000 -1 ACTUAL_TF
1.9731 0.0429217 -1.6831293 0.6730036 -0.41847364 0.65873975 -0.53996899 -0.31523839 0.006539 1789526372.090386629 6.107 25.498 0.125 0.00000 -1 ACTUAL_TF
2.0343 0.0432799 -1.6830695 0.6729724 -0.41846782 0.65875383 -0.53995767 -0.31523609 0.006527 1789526372.146484137 6.469 25.137 0.163 0.00000 -1 ACTUAL_TF
2.0906 0.0436692 -1.6830294 0.6729631 -0.41846408 0.65875474 -0.53996379 -0.31522867 0.006664 1789526372.202536106 6.860 24.745 0.174 0.00000 -1 ACTUAL_TF
2.1496 0.0440222 -1.6829905 0.6729493 -0.41847335 0.65875755 -0.53996495 -0.31520850 0.006572 1789526372.258443117 7.215 24.390 0.189 0.00000 -1 ACTUAL_TF
2.2039 0.0443740 -1.6829488 0.6729060 -0.41846489 0.65879692 -0.53993072 -0.31519610 0.006514 1789526372.314408064 7.569 24.037 0.223 0.00000 -1 ACTUAL_TF
2.2551 0.0446827 -1.6829244 0.6728736 -0.41847556 0.65881491 -0.53991053 -0.31517891 0.006225 1789526372.370497942 7.878 23.727 0.244 0.00000 -1 ACTUAL_TF
2.3193 0.0450212 -1.6828777 0.6728091 -0.41851930 0.65883984 -0.53984774 -0.31517628 0.006220 1789526372.426493406 8.219 23.387 0.305 0.00000 -1 ACTUAL_TF
2.3651 0.0453087 -1.6828750 0.6727953 -0.41854679 0.65886087 -0.53980243 -0.31517339 0.005896 1789526372.482507467 8.505 23.100 0.305 0.00000 -1 ACTUAL_TF
2.4292 0.0456914 -1.6829436 0.6728799 -0.41855437 0.65886925 -0.53978818 -0.31517021 0.006256 1789526372.538572788 8.882 22.724 0.184 0.00000 -1 ACTUAL_TF
2.4807 0.0460236 -1.6829934 0.6729545 -0.41856449 0.65887236 -0.53978025 -0.31516387 0.006224 1789526372.594523907 9.209 22.397 0.097 0.00000 -1 ACTUAL_TF
2.5301 0.0464210 -1.6830723 0.6730626 -0.41856490 0.65886719 -0.53978474 -0.31516644 0.006609 1789526372.650376558 9.599 22.006 0.118 0.00000 -1 ACTUAL_TF
2.5973 0.0467907 -1.6830840 0.6731079 -0.41856042 0.65887513 -0.53977517 -0.31517219 0.006623 1789526372.706367254 9.967 21.639 0.168 0.00000 -1 ACTUAL_TF
2.6430 0.0471496 -1.6830848 0.6731455 -0.41856658 0.65886449 -0.53978994 -0.31516095 0.006567 1789526372.762437344 10.324 21.281 0.210 0.00000 -1 ACTUAL_TF
2.7013 0.0475343 -1.6830515 0.6731598 -0.41856752 0.65885586 -0.53980002 -0.31516047 0.006664 1789526372.818523169 10.711 20.895 0.214 0.00000 -1 ACTUAL_TF
2.7571 0.0478281 -1.6830222 0.6731745 -0.41854936 0.65885159 -0.53981214 -0.31517276 0.006250 1789526372.874479055 11.006 20.599 0.217 0.00000 -1 ACTUAL_TF
2.8145 0.0482086 -1.6829820 0.6732048 -0.41853353 0.65883163 -0.53984281 -0.31518299 0.006433 1789526372.930435181 11.389 20.217 0.226 0.00000 -1 ACTUAL_TF
2.8710 0.0485586 -1.6829311 0.6732284 -0.41853357 0.65880849 -0.53987152 -0.31518212 0.006402 1789526372.986429453 11.742 19.863 0.224 0.00000 -1 ACTUAL_TF
2.9351 0.0489070 -1.6828278 0.6731903 -0.41852342 0.65880504 -0.53987255 -0.31520103 0.006438 1789526373.042462826 12.098 19.508 0.145 0.00000 -1 ACTUAL_TF
2.9861 0.0492043 -1.6826838 0.6730829 -0.41854741 0.65879245 -0.53986761 -0.31520396 0.006372 1789526373.098320007 12.405 19.200 0.035 0.00000 -1 ACTUAL_TF
3.0465 0.0495455 -1.6825107 0.6729474 -0.41856178 0.65877460 -0.53986817 -0.31522121 0.006634 1789526373.154334545 12.759 18.847 0.220 0.00000 -1 ACTUAL_TF
3.0935 0.0498994 -1.6823482 0.6728280 -0.41858232 0.65875504 -0.53987321 -0.31522621 0.006824 1789526373.210376024 13.124 18.481 0.399 0.00000 -1 ACTUAL_TF
3.1500 0.0501591 -1.6822618 0.6727714 -0.41857225 0.65875155 -0.53987535 -0.31524320 0.006274 1789526373.266376257 13.390 18.215 0.486 0.00000 -1 ACTUAL_TF
3.2086 0.0505105 -1.6821865 0.6727331 -0.41856562 0.65873973 -0.53989065 -0.31525051 0.006327 1789526373.322412014 13.746 17.859 0.547 0.00000 -1 ACTUAL_TF
3.2687 0.0507828 -1.6821687 0.6727396 -0.41853982 0.65873044 -0.53991215 -0.31526734 0.005892 1789526373.378366232 14.019 17.586 0.540 0.00000 -1 ACTUAL_TF
3.3191 0.0511443 -1.6821629 0.6727709 -0.41851622 0.65871078 -0.53994815 -0.31527810 0.006066 1789526373.434448242 14.380 17.225 0.502 0.00000 -1 ACTUAL_TF
3.3814 0.0514762 -1.6821411 0.6727525 -0.41852468 0.65871783 -0.53994760 -0.31525307 0.006027 1789526373.490577698 14.712 16.893 0.511 0.00000 -1 ACTUAL_TF
3.4321 0.0518030 -1.6821193 0.6727108 -0.41852388 0.65875351 -0.53991891 -0.31522872 0.005988 1789526373.546550989 15.040 16.566 0.537 0.00000 -1 ACTUAL_TF
3.4893 0.0520706 -1.6821524 0.6727166 -0.41850806 0.65880645 -0.53988269 -0.31520112 0.005635 1789526373.602592468 15.303 16.302 0.496 0.00000 -1 ACTUAL_TF
3.5374 0.0524439 -1.6822764 0.6728522 -0.41847704 0.65884357 -0.53987868 -0.31517157 0.006179 1789526373.658465862 15.666 15.939 0.296 0.00000 -1 ACTUAL_TF
3.5978 0.0528727 -1.6824166 0.6730320 -0.41848211 0.65884342 -0.53988392 -0.31515620 0.006922 1789526373.714576960 16.083 15.523 0.070 0.00000 -1 ACTUAL_TF
3.6582 0.0531753 -1.6825065 0.6731450 -0.41847772 0.65886049 -0.53986549 -0.31515792 0.006647 1789526373.770410776 16.377 15.228 0.133 0.00000 -1 ACTUAL_TF
3.7111 0.0535521 -1.6825807 0.6732532 -0.41848812 0.65886085 -0.53985589 -0.31515979 0.006792 1789526373.826377869 16.747 14.858 0.274 0.00000 -1 ACTUAL_TF
3.7681 0.0538831 -1.6826110 0.6733022 -0.41849744 0.65886262 -0.53985283 -0.31514895 0.006552 1789526373.882433176 17.075 14.531 0.349 0.00000 -1 ACTUAL_TF
3.8283 0.0542640 -1.6826066 0.6733405 -0.41850340 0.65886250 -0.53985116 -0.31514415 0.006634 1789526373.938537598 17.455 14.150 0.392 0.00000 -1 ACTUAL_TF
3.8767 0.0546045 -1.6825796 0.6733516 -0.41850866 0.65885719 -0.53985746 -0.31513747 0.006482 1789526373.994292974 17.797 13.809 0.399 0.00000 -1 ACTUAL_TF
3.9445 0.0549664 -1.6825480 0.6733698 -0.41849180 0.65884840 -0.53987582 -0.31514680 0.006484 1789526374.050353765 18.160 13.445 0.407 0.00000 -1 ACTUAL_TF
3.9951 0.0553290 -1.6825049 0.6733987 -0.41847271 0.65883203 -0.53990329 -0.31515930 0.006500 1789526374.106393099 18.525 13.080 0.415 0.00000 -1 ACTUAL_TF
4.0445 0.0556427 -1.6824583 0.6734224 -0.41845756 0.65881855 -0.53992484 -0.31517066 0.006254 1789526374.162385702 18.842 12.763 0.416 0.00000 -1 ACTUAL_TF
4.1072 0.0559964 -1.6823310 0.6733552 -0.41846399 0.65881116 -0.53992383 -0.31517931 0.006425 1789526374.218333006 19.205 12.401 0.299 0.00000 -1 ACTUAL_TF
4.1567 0.0563096 -1.6821775 0.6732498 -0.41849280 0.65879101 -0.53992549 -0.31518034 0.006445 1789526374.274458885 19.529 12.077 0.139 0.00000 -1 ACTUAL_TF
4.2156 0.0566359 -1.6820285 0.6731330 -0.41849384 0.65877823 -0.53992481 -0.31520684 0.006517 1789526374.330896854 19.866 11.740 0.058 0.00000 -1 ACTUAL_TF
4.2882 0.0568971 -1.6819150 0.6730429 -0.41849791 0.65877062 -0.53992446 -0.31521794 0.006178 1789526374.386343479 20.135 11.470 0.172 0.00000 -1 ACTUAL_TF
4.3359 0.0572991 -1.6818025 0.6729806 -0.41850850 0.65874989 -0.53994252 -0.31521627 0.006580 1789526374.442499399 20.545 11.061 0.273 0.00000 -1 ACTUAL_TF
4.3830 0.0575848 -1.6817470 0.6729575 -0.41849188 0.65874508 -0.53995298 -0.31523045 0.006169 1789526374.498503447 20.834 10.772 0.313 0.00000 -1 ACTUAL_TF
4.4440 0.0579607 -1.6817107 0.6729698 -0.41847604 0.65872404 -0.53998566 -0.31523948 0.006347 1789526374.554400921 21.211 10.394 0.311 0.00000 -1 ACTUAL_TF
4.4931 0.0583124 -1.6817071 0.6729974 -0.41844397 0.65871288 -0.54001533 -0.31525454 0.006330 1789526374.610471725 21.562 10.043 0.276 0.00000 -1 ACTUAL_TF
4.5522 0.0586381 -1.6816827 0.6729825 -0.41844116 0.65872420 -0.54001270 -0.31523914 0.006188 1789526374.666321993 21.889 9.716 0.283 0.00000 -1 ACTUAL_TF
4.6082 0.0590020 -1.6816524 0.6729307 -0.41845067 0.65875943 -0.53998366 -0.31520264 0.006305 1789526374.722364187 22.254 9.352 0.316 0.00000 -1 ACTUAL_TF
4.6645 0.0593065 -1.6816343 0.6728917 -0.41845025 0.65880971 -0.53994122 -0.31517078 0.006058 1789526374.778470755 22.558 9.047 0.341 0.00000 -1 ACTUAL_TF
4.7201 0.0596692 -1.6816541 0.6729093 -0.41844257 0.65885236 -0.53991131 -0.31514307 0.006192 1789526374.834391356 22.918 8.687 0.297 0.00000 -1 ACTUAL_TF
4.7725 0.0599471 -1.6816854 0.6729503 -0.41843923 0.65887790 -0.53988062 -0.31514669 0.005848 1789526374.890400410 23.193 8.413 0.235 0.00000 -1 ACTUAL_TF
4.8327 0.0603333 -1.6817246 0.6730114 -0.41844983 0.65888416 -0.53986476 -0.31514672 0.006198 1789526374.946436882 23.575 8.031 0.152 0.00000 -1 ACTUAL_TF
4.8929 0.0607006 -1.6817462 0.6730667 -0.41846382 0.65887751 -0.53986600 -0.31513990 0.006328 1789526375.002540588 23.939 7.666 0.092 0.00000 -1 ACTUAL_TF
4.9439 0.0610958 -1.6817450 0.6731062 -0.41847449 0.65886772 -0.53987177 -0.31513632 0.006536 1789526375.059097767 24.333 7.272 0.067 0.00000 -1 ACTUAL_TF
5.0040 0.0614822 -1.6817428 0.6731360 -0.41847046 0.65886989 -0.53986602 -0.31514699 0.006679 1789526375.114361763 24.719 6.887 0.074 0.00000 -1 ACTUAL_TF
5.0530 0.0618596 -1.6817141 0.6731527 -0.41848316 0.65885759 -0.53987922 -0.31513323 0.006703 1789526375.170423508 25.097 6.508 0.073 0.00000 -1 ACTUAL_TF
5.1093 0.0622593 -1.6816806 0.6731728 -0.41847627 0.65884885 -0.53989232 -0.31513821 0.006840 1789526375.226499319 25.499 6.107 0.072 0.00000 -1 ACTUAL_TF
5.1701 0.0625568 -1.6816487 0.6731788 -0.41846202 0.65884972 -0.53989516 -0.31515044 0.006386 1789526375.282668352 25.798 5.808 0.066 0.00000 -1 ACTUAL_TF
5.2284 0.0629412 -1.6816088 0.6731918 -0.41844844 0.65884338 -0.53990880 -0.31515836 0.006545 1789526375.338590384 26.184 5.421 0.061 0.00000 -1 ACTUAL_TF
5.2774 0.0633139 -1.6815710 0.6732032 -0.41845569 0.65882551 -0.53993160 -0.31514703 0.006594 1789526375.394447565 26.559 5.047 0.058 0.00000 -1 ACTUAL_TF
5.3361 0.0637013 -1.6815354 0.6732174 -0.41843227 0.65882408 -0.53994514 -0.31515791 0.006708 1789526375.450288534 26.948 4.657 0.062 0.00000 -1 ACTUAL_TF
5.3942 0.0640701 -1.6815054 0.6732349 -0.41840999 0.65881917 -0.53996100 -0.31517058 0.006673 1789526375.506470680 27.318 4.287 0.073 0.00000 -1 ACTUAL_TF
5.4437 0.0644097 -1.6814695 0.6732485 -0.41840621 0.65880663 -0.53998060 -0.31516825 0.006504 1789526375.562418938 27.660 3.946 0.077 0.00000 -1 ACTUAL_TF
5.5038 0.0648063 -1.6814356 0.6732707 -0.41838838 0.65879472 -0.54000587 -0.31517350 0.006685 1789526375.618499279 28.058 3.548 0.094 0.00000 -1 ACTUAL_TF
5.5652 0.0651412 -1.6813972 0.6732846 -0.41837517 0.65878511 -0.54002477 -0.31517875 0.006487 1789526375.674504519 28.395 3.211 0.100 0.00000 -1 ACTUAL_TF
5.6127 0.0655420 -1.6813367 0.6732847 -0.41836460 0.65877187 -0.54004706 -0.31518227 0.006712 1789526375.730515718 28.799 2.806 0.092 0.00000 -1 ACTUAL_TF
5.6723 0.0658835 -1.6812673 0.6732625 -0.41836093 0.65876347 -0.54005904 -0.31518417 0.006569 1789526375.786517143 29.145 2.460 0.074 0.00000 -1 ACTUAL_TF
5.7302 0.0662694 -1.6811769 0.6732218 -0.41836207 0.65875433 -0.54006912 -0.31518448 0.006741 1789526375.842318773 29.537 2.068 0.093 0.00000 -1 ACTUAL_TF
5.7862 0.0666107 -1.6811109 0.6731914 -0.41836491 0.65874336 -0.54008282 -0.31518015 0.006578 1789526375.898608685 29.883 1.723 0.127 0.00000 -1 ACTUAL_TF
5.8432 0.0669908 -1.6810281 0.6731481 -0.41836281 0.65874378 -0.54008480 -0.31517868 0.006711 1789526375.954351902 30.268 1.337 0.186 0.00000 -1 ACTUAL_TF
5.9052 0.0673533 -1.6809653 0.6731163 -0.41835460 0.65875165 -0.54008296 -0.31517628 0.006677 1789526376.010335207 30.634 0.971 0.228 0.00000 -1 ACTUAL_TF
5.9559 0.0676885 -1.6809202 0.6730997 -0.41835129 0.65875421 -0.54008528 -0.31517135 0.006483 1789526376.066467762 30.972 0.633 0.251 0.00000 -1 ACTUAL_TF
6.0048 0.0680677 -1.6808794 0.6730834 -0.41834884 0.65875813 -0.54008390 -0.31516876 0.006588 1789526376.122338772 31.353 0.252 0.267 0.00000 -1 ACTUAL_TF
6.0640 0.0683521 -1.6808542 0.6730723 -0.41833680 0.65876945 -0.54007066 -0.31518378 0.006139 1789526376.178472042 31.639 -0.033 0.275 0.00000 -1 ACTUAL_TF
6.1218 0.0687192 -1.6808183 0.6730567 -0.41835873 0.65876535 -0.54004806 -0.31520196 0.006272 1789526376.234551668 32.007 -0.402 0.288 0.00000 -1 ACTUAL_TF
6.1815 0.0690881 -1.6807881 0.6730459 -0.41836772 0.65876549 -0.54004885 -0.31518840 0.006375 1789526376.290538311 32.377 -0.772 0.295 0.00000 -1 ACTUAL_TF
6.2289 0.0695229 -1.6807252 0.6730212 -0.41838757 0.65877096 -0.54003447 -0.31517524 0.006824 1789526376.346418619 32.816 -1.210 0.332 0.00000 -1 ACTUAL_TF
6.2872 0.0698916 -1.6806905 0.6730106 -0.41839798 0.65877007 -0.54002856 -0.31517343 0.006762 1789526376.402434587 33.186 -1.581 0.343 0.00000 -1 ACTUAL_TF
6.3464 0.0702453 -1.6806641 0.6729846 -0.41839961 0.65878770 -0.53999767 -0.31518733 0.006639 1789526376.458422899 33.540 -1.935 0.359 0.00000 -1 ACTUAL_TF
6.4064 0.0706965 -1.6806215 0.6729627 -0.41842490 0.65878641 -0.53998478 -0.31517853 0.007081 1789526376.514335155 33.993 -2.388 0.380 0.00000 -1 ACTUAL_TF
6.4521 0.0710123 -1.6805797 0.6729339 -0.41843510 0.65880223 -0.53995635 -0.31518064 0.006670 1789526376.570356846 34.311 -2.706 0.412 0.00000 -1 ACTUAL_TF
6.5129 0.0713859 -1.6805632 0.6729276 -0.41844469 0.65880849 -0.53993971 -0.31518332 0.006664 1789526376.626614094 34.685 -3.080 0.409 0.00000 -1 ACTUAL_TF
6.5656 0.0716944 -1.6805314 0.6729143 -0.41846272 0.65881700 -0.53992018 -0.31517505 0.006332 1789526376.682457924 34.995 -3.390 0.424 0.00000 -1 ACTUAL_TF
6.6301 0.0720317 -1.6805286 0.6729240 -0.41845966 0.65882587 -0.53990883 -0.31518003 0.006240 1789526376.738464117 35.331 -3.726 0.402 0.00000 -1 ACTUAL_TF
6.6820 0.0723134 -1.6805130 0.6729310 -0.41847413 0.65882716 -0.53990129 -0.31517103 0.005880 1789526376.794448376 35.613 -4.008 0.393 0.00000 -1 ACTUAL_TF
6.7420 0.0726479 -1.6805015 0.6729446 -0.41848338 0.65882804 -0.53989584 -0.31516623 0.005906 1789526376.850597382 35.948 -4.342 0.374 0.00000 -1 ACTUAL_TF
6.7931 0.0728615 -1.6804917 0.6729546 -0.41847907 0.65883639 -0.53988485 -0.31517332 0.005275 1789526376.906884432 36.162 -4.556 0.362 0.00000 -1 ACTUAL_TF
6.8420 0.0731247 -1.6804852 0.6729712 -0.41848004 0.65883782 -0.53988150 -0.31517479 0.005121 1789526376.962299109 36.424 -4.819 0.341 0.00000 -1 ACTUAL_TF
6.9001 0.0733863 -1.6804805 0.6729892 -0.41848212 0.65884296 -0.53987809 -0.31516714 0.004986 1789526377.018444061 36.686 -5.080 0.318 0.00000 -1 ACTUAL_TF
6.9555 0.0735850 -1.6804789 0.6730118 -0.41848076 0.65884124 -0.53988111 -0.31516736 0.004561 1789526377.074492216 36.884 -5.279 0.292 0.00000 -1 ACTUAL_TF
7.0128 0.0737759 -1.6804712 0.6730240 -0.41848097 0.65883961 -0.53988217 -0.31516867 0.004219 1789526377.130416870 37.075 -5.469 0.278 0.00000 -1 ACTUAL_TF
7.0678 0.0739369 -1.6804631 0.6730355 -0.41848829 0.65883169 -0.53988808 -0.31516538 0.003820 1789526377.186367512 37.236 -5.631 0.267 0.00000 -1 ACTUAL_TF
7.1283 0.0740956 -1.6804497 0.6730362 -0.41849163 0.65883037 -0.53988919 -0.31516180 0.003525 1789526377.242534399 37.395 -5.790 0.267 0.00000 -1 ACTUAL_TF
7.1819 0.0741987 -1.6804395 0.6730392 -0.41848941 0.65883370 -0.53988592 -0.31516340 0.003024 1789526377.298398733 37.499 -5.894 0.266 0.00000 -1 ACTUAL_TF
7.2378 0.0743268 -1.6804325 0.6730449 -0.41848654 0.65883195 -0.53988943 -0.31516486 0.002805 1789526377.354343414 37.627 -6.022 0.260 0.00000 -1 ACTUAL_TF
7.2959 0.0744437 -1.6804220 0.6730463 -0.41848374 0.65883134 -0.53989062 -0.31516779 0.002592 1789526377.410367966 37.744 -6.139 0.260 0.00000 -1 ACTUAL_TF
7.3549 0.0745588 -1.6804148 0.6730525 -0.41848386 0.65882762 -0.53989617 -0.31516591 0.002434 1789526377.466371059 37.860 -6.255 0.254 0.00000 -1 ACTUAL_TF
7.4068 0.0746935 -1.6804080 0.6730596 -0.41847526 0.65882817 -0.53989988 -0.31516982 0.002425 1789526377.522491455 37.995 -6.389 0.246 0.00000 -1 ACTUAL_TF
7.4635 0.0748314 -1.6804005 0.6730669 -0.41847543 0.65882313 -0.53990771 -0.31516672 0.002441 1789526377.578304529 38.133 -6.527 0.239 0.00000 -1 ACTUAL_TF
7.5236 0.0749816 -1.6803882 0.6730674 -0.41847268 0.65882567 -0.53990702 -0.31516624 0.002514 1789526377.634404898 38.283 -6.678 0.239 0.00000 -1 ACTUAL_TF
