WELD FEEDBACK LOG
result=completed
started=2026-09-16 16:01:54
ended=2026-09-16 16:02:04
elapsed_seconds=9.939

================ OPERATOR OVERVIEW ================
REQUESTED : 220 A / 26.0 V · FE-SOLID 1.2 mm · LSM · CO2 100%
RX ECHO   : 220 A / 26.0 V · MATCH=YES
CURRENT FB: no positive feedback A
VOLTAGE FB: no positive feedback V
WIRE FEED : no positive feedback m/min
ARC ON    : 0.000 s
NET WELD  : 0.000 s
WIRE USED : 0.000 mm (base 0.000 + alpha 0.000)
WCR       : NOT DETECTED
SAMPLES   : RX 248 / welding 0 / TCP 179
===================================================

[commanded]
current_a=220
voltage_tenths=260
voltage=26.0
material=FE-SOLID
diameter_mm=1.2
mode=LSM
gas=CO2 100%
synergic=False
correction=0.0
hot_start_enabled=True
hot_start_percent=10.0
hot_start_hold_adjustment=-1
crater_enabled=False
crater_percent=27.27272727272727
crater_current_a=60.0
crater_voltage_v=25.0
crater_seconds=1.0
wire_consumable_alpha_mm=0.0
hot_start_current_a=242

[rx_setting_echo]
current_a=220
voltage_v=26.0
hot_start_current_a=0
hot_start_hold_adjustment=-15

[rx_welding_setting_echo]

[execution_conditions]
mode=sequence_execute
run_all=True
touch_io_backend=fastech_ethernet
touch_input_port=4
touch_sensing_output_port=0
fastech_ip=192.168.0.3
fastech_poll_target_hz=100.0
hicomm_source_ip=192.168.1.2
hicomm_welder_ip=192.168.1.10
hicomm_port=60000
gui_velocity_percent=36.95263157894737
gui_speed_mode=scale
gui_tcp_speed_mm_s=10.0
gui_interpolation_step_mm=5.0
seam_orientation_mode=Wait poses + fixed World-XYZ tilt
weld_fixed_tilt_x_deg=0.0
weld_fixed_tilt_y_deg=0.0
weld_fixed_tilt_z_deg=-0.0
weld_weave_enabled=True
weld_weave_pattern=capping
capping_width_mm=4.0
capping_pitch_mm=4.0
capping_left_dwell_s=0.2
capping_right_dwell_s=0.2
weld_weave_amplitude_mm=4.0
weld_weave_cycles=16
weld_weave_samples_per_cycle=8
weld_weave_axis=tool_x
weld_lead_in_mm=0.0
weld_lead_out_mm=0.0
weld_safe_approach_mm=31.0
weld_approach_mode=taught_wait
weld_pre_start_lead_mm=0.0
weld_tcp_speed_mm_s=6.0
weld_arc_off_delay_ms=0.0
tcp_tracking.parent_frame=World
tcp_tracking.child_frame=right_manipulator_ee_point
tcp_tracking.timestamp_source=TF_header_stamp
initial_fastech_di0=False
initial_fastech_do0=True
robot_connected.left=True
robot_connected.right=True
robot_connected.head=True
hicomm_connected=True
execution_allowed=True
steps[0].sequence_number=1
steps[0].type=named_pose
steps[0].parallel_slot=1
steps[0].duration=0.0
steps[0].planning_group=right_manipulator
steps[0].velocity_scale=0.3695263157894737
steps[0].tcp_speed_m_s=0.0
steps[0].pose_name=weld_start_wait
steps[0].pose_label=3 · Weld start wait pose
steps[0].touch_guard=False
steps[0].continue_after_touch=False
steps[0].weld_scenario_id=weld-4269176376654
steps[0].weld_scenario_stage=start_wait
steps[0].target_tcp.position_m.x=0.18348337765561756
steps[0].target_tcp.position_m.y=-1.6560314012899593
steps[0].target_tcp.position_m.z=0.6861737087515496
steps[0].target_tcp.orientation_xyzw.x=0.475902853006447
steps[0].target_tcp.orientation_xyzw.y=-0.5209443069004668
steps[0].target_tcp.orientation_xyzw.z=0.6996816680009059
steps[0].target_tcp.orientation_xyzw.w=0.11215644017080094
steps[0].joint_names[0]=right_manipulator_joint1
steps[0].joint_names[1]=right_manipulator_joint2
steps[0].joint_names[2]=right_manipulator_joint3
steps[0].joint_names[3]=right_manipulator_joint4
steps[0].joint_names[4]=right_manipulator_joint5
steps[0].joint_names[5]=right_manipulator_joint6
steps[0].joint_positions_rad[0]=4.993213991011365
steps[0].joint_positions_rad[1]=1.4151200468518241
steps[0].joint_positions_rad[2]=1.8104769633184474
steps[0].joint_positions_rad[3]=2.8399944538282815
steps[0].joint_positions_rad[4]=1.6552867102743145
steps[0].joint_positions_rad[5]=1.6938792434209253
steps[1].sequence_number=2
steps[1].type=motion
steps[1].parallel_slot=2
steps[1].duration=0.0
steps[1].planning_group=right_manipulator
steps[1].velocity_scale=0.3695263157894737
steps[1].tcp_speed_m_s=0.0
steps[1].interpolation_step=0.005
steps[1].path_kind=taught_wait_align_weld_attitude
steps[1].touch_guard=False
steps[1].continue_after_touch=False
steps[1].accept_initial_touch=False
steps[1].weld_scenario_id=weld-4269176376654
steps[1].weld_scenario_stage=start_safe
steps[1].waypoint_count=1
steps[1].waypoints[0].position_m.x=0.18348337765561756
steps[1].waypoints[0].position_m.y=-1.6560314012899593
steps[1].waypoints[0].position_m.z=0.6861737087515496
steps[1].waypoints[0].orientation_xyzw.x=0.47392998358119603
steps[1].waypoints[0].orientation_xyzw.y=-0.5227397699184662
steps[1].waypoints[0].orientation_xyzw.z=0.6992526520920735
steps[1].waypoints[0].orientation_xyzw.w=0.11480083688944948
steps[2].sequence_number=3
steps[2].type=motion
steps[2].parallel_slot=3
steps[2].duration=0.0
steps[2].planning_group=right_manipulator
steps[2].velocity_scale=0.3695263157894737
steps[2].tcp_speed_m_s=0.0
steps[2].interpolation_step=0.005
steps[2].path_kind=taught_wait_to_weld_start
steps[2].touch_guard=False
steps[2].continue_after_touch=True
steps[2].accept_initial_touch=False
steps[2].weld_scenario_id=weld-4269176376654
steps[2].weld_scenario_stage=start_contact
steps[2].waypoint_count=1
steps[2].waypoints[0].position_m.x=0.18417346060383577
steps[2].waypoints[0].position_m.y=-1.6568111276452289
steps[2].waypoints[0].position_m.z=0.6846726727109822
steps[2].waypoints[0].orientation_xyzw.x=0.47392998358119603
steps[2].waypoints[0].orientation_xyzw.y=-0.5227397699184662
steps[2].waypoints[0].orientation_xyzw.z=0.6992526520920735
steps[2].waypoints[0].orientation_xyzw.w=0.11480083688944948
steps[3].sequence_number=4
steps[3].type=digital_weld
steps[3].parallel_slot=5
steps[3].duration=0.0
steps[3].command=on
steps[3].weld_scenario_id=weld-4269176376654
steps[3].weld_scenario_stage=arc_on
steps[3].settings.current_a=220
steps[3].settings.voltage_tenths=260
steps[3].settings.voltage=26.0
steps[3].settings.material=FE-SOLID
steps[3].settings.diameter_mm=1.2
steps[3].settings.mode=LSM
steps[3].settings.gas=CO2 100%
steps[3].settings.synergic=False
steps[3].settings.correction=0.0
steps[3].settings.hot_start_enabled=True
steps[3].settings.hot_start_percent=10.0
steps[3].settings.hot_start_hold_adjustment=-1
steps[3].settings.crater_enabled=False
steps[3].settings.crater_percent=27.27272727272727
steps[3].settings.crater_current_a=60.0
steps[3].settings.crater_voltage_v=25.0
steps[3].settings.crater_seconds=1.0
steps[3].settings.wire_consumable_alpha_mm=0.0
steps[3].settings.hot_start_current_a=242
steps[4].sequence_number=5
steps[4].type=motion
steps[4].parallel_slot=5
steps[4].duration=0.0
steps[4].planning_group=right_manipulator
steps[4].velocity_scale=0.3695263157894737
steps[4].tcp_speed_m_s=0.01352674404965675
steps[4].interpolation_step=0.005
steps[4].path_kind=continuous_capping_weave_over_sensed_goal_fastech_di0_ignored
steps[4].touch_guard=False
steps[4].weld_scenario_id=weld-4269176376654
steps[4].weld_scenario_stage=weld_motion
steps[4].lead_in_mm=0.0
steps[4].lead_out_mm=0.0
steps[4].linear_motion_profile=False
steps[4].path_to_seam_speed_factor=0.44356572268788175
steps[4].waypoint_hold_s[0]=0.0
steps[4].waypoint_hold_s[1]=0.2
steps[4].waypoint_hold_s[2]=0.2
steps[4].waypoint_hold_s[3]=0.2
steps[4].waypoint_hold_s[4]=0.2
steps[4].waypoint_hold_s[5]=0.2
steps[4].waypoint_hold_s[6]=0.2
steps[4].waypoint_hold_s[7]=0.2
steps[4].waypoint_hold_s[8]=0.2
steps[4].waypoint_hold_s[9]=0.2
steps[4].waypoint_hold_s[10]=0.2
steps[4].waypoint_hold_s[11]=0.2
steps[4].waypoint_hold_s[12]=0.2
steps[4].waypoint_hold_s[13]=0.2
steps[4].waypoint_hold_s[14]=0.2
steps[4].waypoint_hold_s[15]=0.2
steps[4].waypoint_hold_s[16]=0.2
steps[4].waypoint_hold_s[17]=0.2
steps[4].waypoint_hold_s[18]=0.2
steps[4].waypoint_hold_s[19]=0.0
steps[4].capping_width_mm=4.0
steps[4].capping_pitch_mm=4.0
steps[4].capping_left_dwell_s=0.2
steps[4].capping_right_dwell_s=0.2
steps[4].waypoint_count=20
steps[4].waypoints[0].position_m.x=0.18417346060383577
steps[4].waypoints[0].position_m.y=-1.6568111276452289
steps[4].waypoints[0].position_m.z=0.6846726727109822
steps[4].waypoints[0].orientation_xyzw.x=0.47392998358119603
steps[4].waypoints[0].orientation_xyzw.y=-0.5227397699184662
steps[4].waypoints[0].orientation_xyzw.z=0.6992526520920735
steps[4].waypoints[0].orientation_xyzw.w=0.11480083688944948
steps[4].waypoints[1].position_m.x=0.1858402117955139
steps[4].waypoints[1].position_m.y=-1.657238007061709
steps[4].waypoints[1].position_m.z=0.6860937594523
steps[4].waypoints[1].orientation_xyzw.x=0.47392998358119603
steps[4].waypoints[1].orientation_xyzw.y=-0.5227397699184662
steps[4].waypoints[1].orientation_xyzw.z=0.6992526520920735
steps[4].waypoints[1].orientation_xyzw.w=0.11480083688944948
steps[4].waypoints[2].position_m.x=0.18549828036887783
steps[4].waypoints[2].position_m.y=-1.6537907793107733
steps[4].waypoints[2].position_m.z=0.6832797238941107
steps[4].waypoints[2].orientation_xyzw.x=0.47392998358119603
steps[4].waypoints[2].orientation_xyzw.y=-0.5227397699184662
steps[4].waypoints[2].orientation_xyzw.z=0.6992526520920735
steps[4].waypoints[2].orientation_xyzw.w=0.11480083688944948
steps[4].waypoints[3].position_m.x=0.18883178275223408
steps[4].waypoints[3].position_m.y=-1.6546445381437338
steps[4].waypoints[3].position_m.z=0.6861218973767462
steps[4].waypoints[3].orientation_xyzw.x=0.47392998358119603
steps[4].waypoints[3].orientation_xyzw.y=-0.5227397699184662
steps[4].waypoints[3].orientation_xyzw.z=0.6992526520920735
steps[4].waypoints[3].orientation_xyzw.w=0.11480083688944948
steps[4].waypoints[4].position_m.x=0.188489851325598
steps[4].waypoints[4].position_m.y=-1.6511973103927982
steps[4].waypoints[4].position_m.z=0.683307861818557
steps[4].waypoints[4].orientation_xyzw.x=0.47392998358119603
steps[4].waypoints[4].orientation_xyzw.y=-0.5227397699184662
steps[4].waypoints[4].orientation_xyzw.z=0.6992526520920735
steps[4].waypoints[4].orientation_xyzw.w=0.11480083688944948
steps[4].waypoints[5].position_m.x=0.1918233537089543
steps[4].waypoints[5].position_m.y=-1.6520510692257586
steps[4].waypoints[5].position_m.z=0.6861500353011925
steps[4].waypoints[5].orientation_xyzw.x=0.47392998358119603
steps[4].waypoints[5].orientation_xyzw.y=-0.5227397699184662
steps[4].waypoints[5].orientation_xyzw.z=0.6992526520920735
steps[4].waypoints[5].orientation_xyzw.w=0.11480083688944948
steps[4].waypoints[6].position_m.x=0.1914814222823182
steps[4].waypoints[6].position_m.y=-1.648603841474823
steps[4].waypoints[6].position_m.z=0.6833359997430032
steps[4].waypoints[6].orientation_xyzw.x=0.47392998358119603
steps[4].waypoints[6].orientation_xyzw.y=-0.5227397699184662
steps[4].waypoints[6].orientation_xyzw.z=0.6992526520920735
steps[4].waypoints[6].orientation_xyzw.w=0.11480083688944948
steps[4].waypoints[7].position_m.x=0.1948149246656745
steps[4].waypoints[7].position_m.y=-1.6494576003077834
steps[4].waypoints[7].position_m.z=0.6861781732256387
steps[4].waypoints[7].orientation_xyzw.x=0.47392998358119603
steps[4].waypoints[7].orientation_xyzw.y=-0.5227397699184662
steps[4].waypoints[7].orientation_xyzw.z=0.6992526520920735
steps[4].waypoints[7].orientation_xyzw.w=0.11480083688944948
steps[4].waypoints[8].position_m.x=0.19447299323903838
steps[4].waypoints[8].position_m.y=-1.6460103725568478
steps[4].waypoints[8].position_m.z=0.6833641376674494
steps[4].waypoints[8].orientation_xyzw.x=0.47392998358119603
steps[4].waypoints[8].orientation_xyzw.y=-0.5227397699184662
steps[4].waypoints[8].orientation_xyzw.z=0.6992526520920735
steps[4].waypoints[8].orientation_xyzw.w=0.11480083688944948
steps[4].waypoints[9].position_m.x=0.19780649562239466
steps[4].waypoints[9].position_m.y=-1.6468641313898083
steps[4].waypoints[9].position_m.z=0.6862063111500849
steps[4].waypoints[9].orientation_xyzw.x=0.47392998358119603
steps[4].waypoints[9].orientation_xyzw.y=-0.5227397699184662
steps[4].waypoints[9].orientation_xyzw.z=0.6992526520920735
steps[4].waypoints[9].orientation_xyzw.w=0.11480083688944948
steps[4].waypoints[10].position_m.x=0.19746456419575859
steps[4].waypoints[10].position_m.y=-1.6434169036388724
steps[4].waypoints[10].position_m.z=0.6833922755918957
steps[4].waypoints[10].orientation_xyzw.x=0.47392998358119603
steps[4].waypoints[10].orientation_xyzw.y=-0.5227397699184662
steps[4].waypoints[10].orientation_xyzw.z=0.6992526520920735
steps[4].waypoints[10].orientation_xyzw.w=0.11480083688944948
steps[4].waypoints[11].position_m.x=0.20079806657911486
steps[4].waypoints[11].position_m.y=-1.6442706624718328
steps[4].waypoints[11].position_m.z=0.6862344490745312
steps[4].waypoints[11].orientation_xyzw.x=0.47392998358119603
steps[4].waypoints[11].orientation_xyzw.y=-0.5227397699184662
steps[4].waypoints[11].orientation_xyzw.z=0.6992526520920735
steps[4].waypoints[11].orientation_xyzw.w=0.11480083688944948
steps[4].waypoints[12].position_m.x=0.20045613515247876
steps[4].waypoints[12].position_m.y=-1.6408234347208972
steps[4].waypoints[12].position_m.z=0.683420413516342
steps[4].waypoints[12].orientation_xyzw.x=0.47392998358119603
steps[4].waypoints[12].orientation_xyzw.y=-0.5227397699184662
steps[4].waypoints[12].orientation_xyzw.z=0.6992526520920735
steps[4].waypoints[12].orientation_xyzw.w=0.11480083688944948
steps[4].waypoints[13].position_m.x=0.20378963753583504
steps[4].waypoints[13].position_m.y=-1.6416771935538577
steps[4].waypoints[13].position_m.z=0.6862625869989775
steps[4].waypoints[13].orientation_xyzw.x=0.47392998358119603
steps[4].waypoints[13].orientation_xyzw.y=-0.5227397699184662
steps[4].waypoints[13].orientation_xyzw.z=0.6992526520920735
steps[4].waypoints[13].orientation_xyzw.w=0.11480083688944948
steps[4].waypoints[14].position_m.x=0.20344770610919896
steps[4].waypoints[14].position_m.y=-1.638229965802922
steps[4].waypoints[14].position_m.z=0.6834485514407882
steps[4].waypoints[14].orientation_xyzw.x=0.47392998358119603
steps[4].waypoints[14].orientation_xyzw.y=-0.5227397699184662
steps[4].waypoints[14].orientation_xyzw.z=0.6992526520920735
steps[4].waypoints[14].orientation_xyzw.w=0.11480083688944948
steps[4].waypoints[15].position_m.x=0.20678120849255524
steps[4].waypoints[15].position_m.y=-1.6390837246358825
steps[4].waypoints[15].position_m.z=0.6862907249234237
steps[4].waypoints[15].orientation_xyzw.x=0.47392998358119603
steps[4].waypoints[15].orientation_xyzw.y=-0.5227397699184662
steps[4].waypoints[15].orientation_xyzw.z=0.6992526520920735
steps[4].waypoints[15].orientation_xyzw.w=0.11480083688944948
steps[4].waypoints[16].position_m.x=0.20643927706591916
steps[4].waypoints[16].position_m.y=-1.6356364968849468
steps[4].waypoints[16].position_m.z=0.6834766893652344
steps[4].waypoints[16].orientation_xyzw.x=0.47392998358119603
steps[4].waypoints[16].orientation_xyzw.y=-0.5227397699184662
steps[4].waypoints[16].orientation_xyzw.z=0.6992526520920735
steps[4].waypoints[16].orientation_xyzw.w=0.11480083688944948
steps[4].waypoints[17].position_m.x=0.20977277944927541
steps[4].waypoints[17].position_m.y=-1.6364902557179073
steps[4].waypoints[17].position_m.z=0.6863188628478699
steps[4].waypoints[17].orientation_xyzw.x=0.47392998358119603
steps[4].waypoints[17].orientation_xyzw.y=-0.5227397699184662
steps[4].waypoints[17].orientation_xyzw.z=0.6992526520920735
steps[4].waypoints[17].orientation_xyzw.w=0.11480083688944948
steps[4].waypoints[18].position_m.x=0.20943084802263934
steps[4].waypoints[18].position_m.y=-1.6330430279669716
steps[4].waypoints[18].position_m.z=0.6835048272896806
steps[4].waypoints[18].orientation_xyzw.x=0.47392998358119603
steps[4].waypoints[18].orientation_xyzw.y=-0.5227397699184662
steps[4].waypoints[18].orientation_xyzw.z=0.6992526520920735
steps[4].waypoints[18].orientation_xyzw.w=0.11480083688944948
steps[4].waypoints[19].position_m.x=0.21109759921431748
steps[4].waypoints[19].position_m.y=-1.6334699073834518
steps[4].waypoints[19].position_m.z=0.6849259140309985
steps[4].waypoints[19].orientation_xyzw.x=0.47392998358119603
steps[4].waypoints[19].orientation_xyzw.y=-0.5227397699184662
steps[4].waypoints[19].orientation_xyzw.z=0.6992526520920735
steps[4].waypoints[19].orientation_xyzw.w=0.11480083688944948
steps[4].lead_start.position_m.x=0.18417346060383577
steps[4].lead_start.position_m.y=-1.6568111276452289
steps[4].lead_start.position_m.z=0.6846726727109822
steps[4].lead_start.orientation_xyzw.x=0.47392998358119603
steps[4].lead_start.orientation_xyzw.y=-0.5227397699184662
steps[4].lead_start.orientation_xyzw.z=0.6992526520920735
steps[4].lead_start.orientation_xyzw.w=0.11480083688944948
steps[4].usable_seam_start.position_m.x=0.18417346060383577
steps[4].usable_seam_start.position_m.y=-1.6568111276452289
steps[4].usable_seam_start.position_m.z=0.6846726727109822
steps[4].usable_seam_start.orientation_xyzw.x=0.47392998358119603
steps[4].usable_seam_start.orientation_xyzw.y=-0.5227397699184662
steps[4].usable_seam_start.orientation_xyzw.z=0.6992526520920735
steps[4].usable_seam_start.orientation_xyzw.w=0.11480083688944948
steps[4].usable_seam_goal.position_m.x=0.21109759921431748
steps[4].usable_seam_goal.position_m.y=-1.6334699073834518
steps[4].usable_seam_goal.position_m.z=0.6849259140309985
steps[4].usable_seam_goal.orientation_xyzw.x=0.47392998358119603
steps[4].usable_seam_goal.orientation_xyzw.y=-0.5227397699184662
steps[4].usable_seam_goal.orientation_xyzw.z=0.6992526520920735
steps[4].usable_seam_goal.orientation_xyzw.w=0.11480083688944948
steps[4].lead_end.position_m.x=0.21109759921431748
steps[4].lead_end.position_m.y=-1.6334699073834518
steps[4].lead_end.position_m.z=0.6849259140309985
steps[4].lead_end.orientation_xyzw.x=0.47392998358119603
steps[4].lead_end.orientation_xyzw.y=-0.5227397699184662
steps[4].lead_end.orientation_xyzw.z=0.6992526520920735
steps[4].lead_end.orientation_xyzw.w=0.11480083688944948
steps[5].sequence_number=6
steps[5].type=digital_weld
steps[5].parallel_slot=5
steps[5].duration=0.0
steps[5].velocity_scale=0.3695263157894737
steps[5].tcp_speed_m_s=0.01352674404965675
steps[5].command=off
steps[5].weld_scenario_id=weld-4269176376654
steps[5].weld_scenario_stage=arc_off
steps[5].path_to_seam_speed_factor=0.44356572268788175
steps[5].trigger_before_goal=True
steps[5].arc_off_delay_s=0.0
steps[5].settings.current_a=220
steps[5].settings.voltage_tenths=260
steps[5].settings.voltage=26.0
steps[5].settings.material=FE-SOLID
steps[5].settings.diameter_mm=1.2
steps[5].settings.mode=LSM
steps[5].settings.gas=CO2 100%
steps[5].settings.synergic=False
steps[5].settings.correction=0.0
steps[5].settings.hot_start_enabled=True
steps[5].settings.hot_start_percent=10.0
steps[5].settings.hot_start_hold_adjustment=-1
steps[5].settings.crater_enabled=False
steps[5].settings.crater_percent=27.27272727272727
steps[5].settings.crater_current_a=60.0
steps[5].settings.crater_voltage_v=25.0
steps[5].settings.crater_seconds=1.0
steps[5].settings.wire_consumable_alpha_mm=0.0
steps[5].settings.hot_start_current_a=242
steps[6].sequence_number=7
steps[6].type=motion
steps[6].parallel_slot=6
steps[6].duration=0.0
steps[6].planning_group=right_manipulator
steps[6].velocity_scale=0.3695263157894737
steps[6].tcp_speed_m_s=0.0
steps[6].interpolation_step=0.005
steps[6].path_kind=weld_end_to_taught_wait_fixed_attitude
steps[6].pose_name=weld_goal_wait
steps[6].pose_label=5 · Weld goal wait pose
steps[6].touch_guard=False
steps[6].continue_after_touch=False
steps[6].weld_scenario_id=weld-4269176376654
steps[6].weld_scenario_stage=goal_wait
steps[6].waypoint_count=1
steps[6].waypoints[0].position_m.x=0.21022935355663364
steps[6].waypoints[0].position_m.y=-1.6324880715127206
steps[6].waypoints[0].position_m.z=0.6867404643411368
steps[6].waypoints[0].orientation_xyzw.x=0.47392998358119603
steps[6].waypoints[0].orientation_xyzw.y=-0.5227397699184662
steps[6].waypoints[0].orientation_xyzw.z=0.6992526520920735
steps[6].waypoints[0].orientation_xyzw.w=0.11480083688944948
steps[7].sequence_number=8
steps[7].type=named_pose
steps[7].parallel_slot=7
steps[7].duration=0.0
steps[7].planning_group=right_manipulator
steps[7].velocity_scale=0.3695263157894737
steps[7].tcp_speed_m_s=0.0
steps[7].pose_name=weld_finish
steps[7].pose_label=7 · Weld end pose
steps[7].touch_guard=False
steps[7].continue_after_touch=False
steps[7].weld_scenario_id=weld-4269176376654
steps[7].weld_scenario_stage=finish
steps[7].target_tcp.position_m.x=0.21022592489912634
steps[7].target_tcp.position_m.y=-1.5969600090991618
steps[7].target_tcp.position_m.z=0.7202511144489248
steps[7].target_tcp.orientation_xyzw.x=0.4758798004373522
steps[7].target_tcp.orientation_xyzw.y=-0.5208944907953313
steps[7].target_tcp.orientation_xyzw.z=0.6997303861611069
steps[7].target_tcp.orientation_xyzw.w=0.1121816904740101
steps[7].joint_names[0]=right_manipulator_joint1
steps[7].joint_names[1]=right_manipulator_joint2
steps[7].joint_names[2]=right_manipulator_joint3
steps[7].joint_names[3]=right_manipulator_joint4
steps[7].joint_names[4]=right_manipulator_joint5
steps[7].joint_names[5]=right_manipulator_joint6
steps[7].joint_positions_rad[0]=5.049333186765951
steps[7].joint_positions_rad[1]=1.3820900582740618
steps[7].joint_positions_rad[2]=1.8968470058952431
steps[7].joint_positions_rad[3]=2.8948419901623543
steps[7].joint_positions_rad[4]=1.7084368808876254
steps[7].joint_positions_rad[5]=1.6853094573491592
steps[8].sequence_number=9
steps[8].type=digital_output
steps[8].parallel_slot=8
steps[8].duration=0.0
steps[8].port=0
steps[8].value=True
steps[8].weld_scenario_id=weld-4269176376654
steps[8].weld_scenario_stage=touch_output_on
hicomm_cyclic_period_ms=40.0
arc_wait_recognition=True
arc_wait_main_welding=True
arc_wait_established=True
arc_establishment_timeout_s=5.0

[summary]
rx_samples=248
welding_samples=0
wcr_seen=0
current_a.min=None
current_a.average=None
current_a.max=None
voltage_v.min=None
voltage_v.average=None
voltage_v.max=None
wire_feed_m_min.min=None
wire_feed_m_min.average=None
wire_feed_m_min.max=None

[production_metrics]
arc_started_elapsed_s=None
arc_completed_elapsed_s=None
arc_on_time_s=0.0
main_weld_arc_time_s=0.0
crater_arc_time_s=0.0
weld_motion_start_elapsed_s=0.014073605000703537
weld_motion_complete_elapsed_s=9.93590049300019
weld_motion_duration_s=9.921826887999487
net_weld_arc_time_s=0.0
wire_feed_average_m_min=0.0
wire_consumable_base_mm=0.0
wire_consumable_alpha_mm=0.0
wire_consumable_mm=0.0
wire_consumable_formula=integral(WFS*1000/60*dt)+alpha
weld_motion_start_unix_time=1789542114.1053524
weld_motion_start_wall_time=2026-09-16 16:01:54.105
weld_motion_complete_unix_time=1789542124.02718
weld_motion_complete_wall_time=2026-09-16 16:02:04.027

[arc_off_control]

[teaching_snapshot_yaml]
robot_start:
  planning_group: right_manipulator
  joint_state:
    names:
    - right_manipulator_joint1
    - right_manipulator_joint2
    - right_manipulator_joint3
    - right_manipulator_joint4
    - right_manipulator_joint5
    - right_manipulator_joint6
    positions_rad:
    - 5.272090632984539
    - 1.1319069796756747
    - 2.106417676818249
    - 3.6901007738119302
    - 1.4686233526256796
    - 1.4680081624138712
  tcp_pose_world:
    position_m:
      x: 0.0593687026100857
      y: -1.566580876666292
      z: 0.8404797210507349
    orientation_xyzw:
      x: -0.435964943840794
      y: 0.633785310019272
      z: -0.5278153609885844
      w: -0.36008567487496485
weld_wait:
  planning_group: right_manipulator
  joint_state:
    names:
    - right_manipulator_joint1
    - right_manipulator_joint2
    - right_manipulator_joint3
    - right_manipulator_joint4
    - right_manipulator_joint5
    - right_manipulator_joint6
    positions_rad:
    - 4.99982448946916
    - 1.3845885028507197
    - 1.85644711847485
    - 2.8461988202198394
    - 1.6702886961688943
    - 1.6900785130712186
  tcp_pose_world:
    position_m:
      x: 0.1835538739360255
      y: -1.6375066157837421
      z: 0.7140870440981706
    orientation_xyzw:
      x: 0.47584286949725096
      y: -0.5209662909417571
      z: 0.6997161331574423
      w: 0.11209380112301988
weld_start_wait:
  planning_group: right_manipulator
  joint_state:
    names:
    - right_manipulator_joint1
    - right_manipulator_joint2
    - right_manipulator_joint3
    - right_manipulator_joint4
    - right_manipulator_joint5
    - right_manipulator_joint6
    positions_rad:
    - 4.993213991011365
    - 1.4151200468518241
    - 1.8104769633184474
    - 2.8399944538282815
    - 1.6552867102743145
    - 1.6938792434209253
  tcp_pose_world:
    position_m:
      x: 0.18348337765561756
      y: -1.6560314012899593
      z: 0.6861737087515496
    orientation_xyzw:
      x: 0.475902853006447
      y: -0.5209443069004668
      z: 0.6996816680009059
      w: 0.11215644017080094
weld_start:
  planning_group: right_manipulator
  joint_state:
    names:
    - right_manipulator_joint1
    - right_manipulator_joint2
    - right_manipulator_joint3
    - right_manipulator_joint4
    - right_manipulator_joint5
    - right_manipulator_joint6
    positions_rad:
    - 4.997857663797332
    - 1.4169155935379398
    - 1.8096188215156381
    - 2.852216157185323
    - 1.656484863015276
    - 1.6945974266429369
  tcp_pose_world:
    position_m:
      x: 0.18417346060383577
      y: -1.6568111276452289
      z: 0.6846726727109822
    orientation_xyzw:
      x: 0.47392998358119603
      y: -0.5227397699184662
      z: 0.6992526520920735
      w: 0.11480083688944948
weld_goal_wait:
  planning_group: right_manipulator
  joint_state:
    names:
    - right_manipulator_joint1
    - right_manipulator_joint2
    - right_manipulator_joint3
    - right_manipulator_joint4
    - right_manipulator_joint5
    - right_manipulator_joint6
    positions_rad:
    - 5.0343049687346335
    - 1.4163464325338058
    - 1.8290442561223708
    - 2.880743747983693
    - 1.6753613522552229
    - 1.6921858724417984
  tcp_pose_world:
    position_m:
      x: 0.21022935355663364
      y: -1.6324880715127206
      z: 0.6867404643411368
    orientation_xyzw:
      x: 0.47587500820912576
      y: -0.5209730801306803
      z: 0.6996848131496517
      w: 0.11212131192977169
weld_end:
  planning_group: right_manipulator
  joint_state:
    names:
    - right_manipulator_joint1
    - right_manipulator_joint2
    - right_manipulator_joint3
    - right_manipulator_joint4
    - right_manipulator_joint5
    - right_manipulator_joint6
    positions_rad:
    - 5.039188724808211
    - 1.418482135131255
    - 1.8274576535042248
    - 2.893238765685764
    - 1.676218595975643
    - 1.6933059608527037
  tcp_pose_world:
    position_m:
      x: 0.21109759921431748
      y: -1.6334699073834518
      z: 0.6849259140309985
    orientation_xyzw:
      x: 0.47390203020354227
      y: -0.5227684376737417
      z: 0.699255930023253
      w: 0.11476572078992768
weld_finish:
  planning_group: right_manipulator
  joint_state:
    names:
    - right_manipulator_joint1
    - right_manipulator_joint2
    - right_manipulator_joint3
    - right_manipulator_joint4
    - right_manipulator_joint5
    - right_manipulator_joint6
    positions_rad:
    - 5.049333186765951
    - 1.3820900582740618
    - 1.8968470058952431
    - 2.8948419901623543
    - 1.7084368808876254
    - 1.6853094573491592
  tcp_pose_world:
    position_m:
      x: 0.21022592489912634
      y: -1.5969600090991618
      z: 0.7202511144489248
    orientation_xyzw:
      x: 0.4758798004373522
      y: -0.5208944907953313
      z: 0.6997303861611069
      w: 0.1121816904740101

[touch_snapshot_yaml]
start_floor:
  position_m:
    x: 0.18355605007067483
    y: -1.6556876471632693
    z: 0.6846745458516619
  orientation_xyzw:
    x: 0.47589564787616984
    y: -0.5210280788377932
    z: 0.699632947130656
    w: 0.11210179608013164
start_wall:
  position_m:
    x: 0.18438519754530114
    y: -1.6566278955620306
    z: 0.6858506972298177
  orientation_xyzw:
    x: 0.4759679716807075
    y: -0.5210850574244927
    z: 0.6995409500520489
    w: 0.11210402340390511
goal_floor:
  position_m:
    x: 0.2102921452629869
    y: -1.6327271487694142
    z: 0.684925010468048
  orientation_xyzw:
    x: 0.47577236579129695
    y: -0.5209750186001507
    z: 0.6997666873445373
    w: 0.11203691010902489
goal_wall:
  position_m:
    x: 0.21099738253997513
    y: -1.6335573199151865
    z: 0.6868326569998797
  orientation_xyzw:
    x: 0.4759382581697315
    y: -0.5208749246044764
    z: 0.6997008126103333
    w: 0.11220900213923206

[samples]
elapsed_s raw0 state arc gas fwd wcr current_a voltage_v wire_feed_m_min set_current_a set_voltage_v error db collision
0.031 0x00 idle 0 0 0 0 0 0.0 0.0 220 26.0 0 0 0
0.066 0x00 idle 0 0 0 0 0 0.0 0.0 220 26.0 0 0 0
0.106 0x00 idle 0 0 0 0 0 0.0 0.0 220 26.0 0 0 0
0.146 0x00 idle 0 0 0 0 0 0.0 0.0 220 26.0 0 0 0
0.186 0x00 idle 0 0 0 0 0 0.0 0.0 220 26.0 0 0 0
0.230 0x00 idle 0 0 0 0 0 0.0 0.0 220 26.0 0 0 0
0.266 0x00 idle 0 0 0 0 0 0.0 0.0 220 26.0 0 0 0
0.308 0x00 idle 0 0 0 0 0 0.0 0.0 220 26.0 0 0 0
0.347 0x00 idle 0 0 0 0 0 0.0 0.0 220 26.0 0 0 0
0.385 0x00 idle 0 0 0 0 0 0.0 0.0 220 26.0 0 0 0
0.427 0x00 idle 0 0 0 0 0 0.0 0.0 220 26.0 0 0 0
0.466 0x00 idle 0 0 0 0 0 0.0 0.0 220 26.0 0 0 0
0.508 0x00 idle 0 0 0 0 0 0.0 0.0 220 26.0 0 0 0
0.549 0x00 idle 0 0 0 0 0 0.0 0.0 220 26.0 0 0 0
0.587 0x00 idle 0 0 0 0 0 0.0 0.0 220 26.0 0 0 0
0.624 0x00 idle 0 0 0 0 0 0.0 0.0 220 26.0 0 0 0
0.666 0x00 idle 0 0 0 0 0 0.0 0.0 220 26.0 0 0 0
0.707 0x00 idle 0 0 0 0 0 0.0 0.0 220 26.0 0 0 0
0.745 0x00 idle 0 0 0 0 0 0.0 0.0 220 26.0 0 0 0
0.788 0x00 idle 0 0 0 0 0 0.0 0.0 220 26.0 0 0 0
0.828 0x00 idle 0 0 0 0 0 0.0 0.0 220 26.0 0 0 0
0.868 0x00 idle 0 0 0 0 0 0.0 0.0 220 26.0 0 0 0
0.907 0x00 idle 0 0 0 0 0 0.0 0.0 220 26.0 0 0 0
0.946 0x00 idle 0 0 0 0 0 0.0 0.0 220 26.0 0 0 0
0.988 0x00 idle 0 0 0 0 0 0.0 0.0 220 26.0 0 0 0
1.028 0x00 idle 0 0 0 0 0 0.0 0.0 220 26.0 0 0 0
1.070 0x00 idle 0 0 0 0 0 0.0 0.0 220 26.0 0 0 0
1.106 0x00 idle 0 0 0 0 0 0.0 0.0 220 26.0 0 0 0
1.149 0x00 idle 0 0 0 0 0 0.0 0.0 220 26.0 0 0 0
1.187 0x00 idle 0 0 0 0 0 0.0 0.0 220 26.0 0 0 0
1.225 0x00 idle 0 0 0 0 0 0.0 0.0 220 26.0 0 0 0
1.266 0x00 idle 0 0 0 0 0 0.0 0.0 220 26.0 0 0 0
1.306 0x00 idle 0 0 0 0 0 0.0 0.0 220 26.0 0 0 0
1.348 0x00 idle 0 0 0 0 0 0.0 0.0 220 26.0 0 0 0
1.391 0x00 idle 0 0 0 0 0 0.0 0.0 220 26.0 0 0 0
1.426 0x00 idle 0 0 0 0 0 0.0 0.0 220 26.0 0 0 0
1.468 0x00 idle 0 0 0 0 0 0.0 0.0 220 26.0 0 0 0
1.506 0x00 idle 0 0 0 0 0 0.0 0.0 220 26.0 0 0 0
1.548 0x00 idle 0 0 0 0 0 0.0 0.0 220 26.0 0 0 0
1.587 0x00 idle 0 0 0 0 0 0.0 0.0 220 26.0 0 0 0
1.628 0x00 idle 0 0 0 0 0 0.0 0.0 220 26.0 0 0 0
1.668 0x00 idle 0 0 0 0 0 0.0 0.0 220 26.0 0 0 0
1.713 0x00 idle 0 0 0 0 0 0.0 0.0 220 26.0 0 0 0
1.748 0x00 idle 0 0 0 0 0 0.0 0.0 220 26.0 0 0 0
1.788 0x00 idle 0 0 0 0 0 0.0 0.0 220 26.0 0 0 0
1.828 0x00 idle 0 0 0 0 0 0.0 0.0 220 26.0 0 0 0
1.866 0x00 idle 0 0 0 0 0 0.0 0.0 220 26.0 0 0 0
1.907 0x00 idle 0 0 0 0 0 0.0 0.0 220 26.0 0 0 0
1.946 0x00 idle 0 0 0 0 0 0.0 0.0 220 26.0 0 0 0
1.985 0x00 idle 0 0 0 0 0 0.0 0.0 220 26.0 0 0 0
2.026 0x00 idle 0 0 0 0 0 0.0 0.0 220 26.0 0 0 0
2.066 0x00 idle 0 0 0 0 0 0.0 0.0 220 26.0 0 0 0
2.107 0x00 idle 0 0 0 0 0 0.0 0.0 220 26.0 0 0 0
2.146 0x00 idle 0 0 0 0 0 0.0 0.0 220 26.0 0 0 0
2.190 0x00 idle 0 0 0 0 0 0.0 0.0 220 26.0 0 0 0
2.227 0x00 idle 0 0 0 0 0 0.0 0.0 220 26.0 0 0 0
2.270 0x00 idle 0 0 0 0 0 0.0 0.0 220 26.0 0 0 0
2.308 0x00 idle 0 0 0 0 0 0.0 0.0 220 26.0 0 0 0
2.349 0x00 idle 0 0 0 0 0 0.0 0.0 220 26.0 0 0 0
2.387 0x00 idle 0 0 0 0 0 0.0 0.0 220 26.0 0 0 0
2.428 0x00 idle 0 0 0 0 0 0.0 0.0 220 26.0 0 0 0
2.465 0x00 idle 0 0 0 0 0 0.0 0.0 220 26.0 0 0 0
2.509 0x00 idle 0 0 0 0 0 0.0 0.0 220 26.0 0 0 0
2.554 0x00 idle 0 0 0 0 0 0.0 0.0 220 26.0 0 0 0
2.589 0x00 idle 0 0 0 0 0 0.0 0.0 220 26.0 0 0 0
2.629 0x00 idle 0 0 0 0 0 0.0 0.0 220 26.0 0 0 0
2.667 0x00 idle 0 0 0 0 0 0.0 0.0 220 26.0 0 0 0
2.707 0x00 idle 0 0 0 0 0 0.0 0.0 220 26.0 0 0 0
2.747 0x00 idle 0 0 0 0 0 0.0 0.0 220 26.0 0 0 0
2.791 0x00 idle 0 0 0 0 0 0.0 0.0 220 26.0 0 0 0
2.826 0x00 idle 0 0 0 0 0 0.0 0.0 220 26.0 0 0 0
2.866 0x00 idle 0 0 0 0 0 0.0 0.0 220 26.0 0 0 0
2.905 0x00 idle 0 0 0 0 0 0.0 0.0 220 26.0 0 0 0
2.947 0x00 idle 0 0 0 0 0 0.0 0.0 220 26.0 0 0 0
2.987 0x00 idle 0 0 0 0 0 0.0 0.0 220 26.0 0 0 0
3.028 0x00 idle 0 0 0 0 0 0.0 0.0 220 26.0 0 0 0
3.067 0x00 idle 0 0 0 0 0 0.0 0.0 220 26.0 0 0 0
3.115 0x00 idle 0 0 0 0 0 0.0 0.0 220 26.0 0 0 0
3.150 0x00 idle 0 0 0 0 0 0.0 0.0 220 26.0 0 0 0
3.190 0x00 idle 0 0 0 0 0 0.0 0.0 220 26.0 0 0 0
3.227 0x00 idle 0 0 0 0 0 0.0 0.0 220 26.0 0 0 0
3.268 0x00 idle 0 0 0 0 0 0.0 0.0 220 26.0 0 0 0
3.312 0x00 idle 0 0 0 0 0 0.0 0.0 220 26.0 0 0 0
3.347 0x00 idle 0 0 0 0 0 0.0 0.0 220 26.0 0 0 0
3.391 0x00 idle 0 0 0 0 0 0.0 0.0 220 26.0 0 0 0
3.428 0x00 idle 0 0 0 0 0 0.0 0.0 220 26.0 0 0 0
3.469 0x00 idle 0 0 0 0 0 0.0 0.0 220 26.0 0 0 0
3.508 0x00 idle 0 0 0 0 0 0.0 0.0 220 26.0 0 0 0
3.553 0x00 idle 0 0 0 0 0 0.0 0.0 220 26.0 0 0 0
3.588 0x00 idle 0 0 0 0 0 0.0 0.0 220 26.0 0 0 0
3.627 0x00 idle 0 0 0 0 0 0.0 0.0 220 26.0 0 0 0
3.667 0x00 idle 0 0 0 0 0 0.0 0.0 220 26.0 0 0 0
3.708 0x00 idle 0 0 0 0 0 0.0 0.0 220 26.0 0 0 0
3.749 0x00 idle 0 0 0 0 0 0.0 0.0 220 26.0 0 0 0
3.789 0x00 idle 0 0 0 0 0 0.0 0.0 220 26.0 0 0 0
3.829 0x00 idle 0 0 0 0 0 0.0 0.0 220 26.0 0 0 0
3.867 0x00 idle 0 0 0 0 0 0.0 0.0 220 26.0 0 0 0
3.906 0x00 idle 0 0 0 0 0 0.0 0.0 220 26.0 0 0 0
3.948 0x00 idle 0 0 0 0 0 0.0 0.0 220 26.0 0 0 0
3.991 0x00 idle 0 0 0 0 0 0.0 0.0 220 26.0 0 0 0
4.028 0x00 idle 0 0 0 0 0 0.0 0.0 220 26.0 0 0 0
4.071 0x00 idle 0 0 0 0 0 0.0 0.0 220 26.0 0 0 0
4.110 0x00 idle 0 0 0 0 0 0.0 0.0 220 26.0 0 0 0
4.146 0x00 idle 0 0 0 0 0 0.0 0.0 220 26.0 0 0 0
4.186 0x00 idle 0 0 0 0 0 0.0 0.0 220 26.0 0 0 0
4.228 0x00 idle 0 0 0 0 0 0.0 0.0 220 26.0 0 0 0
4.266 0x00 idle 0 0 0 0 0 0.0 0.0 220 26.0 0 0 0
4.307 0x00 idle 0 0 0 0 0 0.0 0.0 220 26.0 0 0 0
4.347 0x00 idle 0 0 0 0 0 0.0 0.0 220 26.0 0 0 0
4.389 0x00 idle 0 0 0 0 0 0.0 0.0 220 26.0 0 0 0
4.427 0x00 idle 0 0 0 0 0 0.0 0.0 220 26.0 0 0 0
4.471 0x00 idle 0 0 0 0 0 0.0 0.0 220 26.0 0 0 0
4.509 0x00 idle 0 0 0 0 0 0.0 0.0 220 26.0 0 0 0
4.547 0x00 idle 0 0 0 0 0 0.0 0.0 220 26.0 0 0 0
4.588 0x00 idle 0 0 0 0 0 0.0 0.0 220 26.0 0 0 0
4.628 0x00 idle 0 0 0 0 0 0.0 0.0 220 26.0 0 0 0
4.670 0x00 idle 0 0 0 0 0 0.0 0.0 220 26.0 0 0 0
4.706 0x00 idle 0 0 0 0 0 0.0 0.0 220 26.0 0 0 0
4.748 0x00 idle 0 0 0 0 0 0.0 0.0 220 26.0 0 0 0
4.788 0x00 idle 0 0 0 0 0 0.0 0.0 220 26.0 0 0 0
4.827 0x00 idle 0 0 0 0 0 0.0 0.0 220 26.0 0 0 0
4.867 0x00 idle 0 0 0 0 0 0.0 0.0 220 26.0 0 0 0
4.907 0x00 idle 0 0 0 0 0 0.0 0.0 220 26.0 0 0 0
4.949 0x00 idle 0 0 0 0 0 0.0 0.0 220 26.0 0 0 0
4.988 0x00 idle 0 0 0 0 0 0.0 0.0 220 26.0 0 0 0
5.027 0x00 idle 0 0 0 0 0 0.0 0.0 220 26.0 0 0 0
5.067 0x00 idle 0 0 0 0 0 0.0 0.0 220 26.0 0 0 0
5.110 0x00 idle 0 0 0 0 0 0.0 0.0 220 26.0 0 0 0
5.149 0x00 idle 0 0 0 0 0 0.0 0.0 220 26.0 0 0 0
5.189 0x00 idle 0 0 0 0 0 0.0 0.0 220 26.0 0 0 0
5.226 0x00 idle 0 0 0 0 0 0.0 0.0 220 26.0 0 0 0
5.268 0x00 idle 0 0 0 0 0 0.0 0.0 220 26.0 0 0 0
5.306 0x00 idle 0 0 0 0 0 0.0 0.0 220 26.0 0 0 0
5.346 0x00 idle 0 0 0 0 0 0.0 0.0 220 26.0 0 0 0
5.390 0x00 idle 0 0 0 0 0 0.0 0.0 220 26.0 0 0 0
5.427 0x00 idle 0 0 0 0 0 0.0 0.0 220 26.0 0 0 0
5.467 0x00 idle 0 0 0 0 0 0.0 0.0 220 26.0 0 0 0
5.506 0x00 idle 0 0 0 0 0 0.0 0.0 220 26.0 0 0 0
5.547 0x00 idle 0 0 0 0 0 0.0 0.0 220 26.0 0 0 0
5.589 0x00 idle 0 0 0 0 0 0.0 0.0 220 26.0 0 0 0
5.624 0x00 idle 0 0 0 0 0 0.0 0.0 220 26.0 0 0 0
5.669 0x00 idle 0 0 0 0 0 0.0 0.0 220 26.0 0 0 0
5.707 0x00 idle 0 0 0 0 0 0.0 0.0 220 26.0 0 0 0
5.748 0x00 idle 0 0 0 0 0 0.0 0.0 220 26.0 0 0 0
5.791 0x00 idle 0 0 0 0 0 0.0 0.0 220 26.0 0 0 0
5.825 0x00 idle 0 0 0 0 0 0.0 0.0 220 26.0 0 0 0
5.867 0x00 idle 0 0 0 0 0 0.0 0.0 220 26.0 0 0 0
5.909 0x00 idle 0 0 0 0 0 0.0 0.0 220 26.0 0 0 0
5.946 0x00 idle 0 0 0 0 0 0.0 0.0 220 26.0 0 0 0
5.991 0x00 idle 0 0 0 0 0 0.0 0.0 220 26.0 0 0 0
6.025 0x00 idle 0 0 0 0 0 0.0 0.0 220 26.0 0 0 0
6.070 0x00 idle 0 0 0 0 0 0.0 0.0 220 26.0 0 0 0
6.108 0x00 idle 0 0 0 0 0 0.0 0.0 220 26.0 0 0 0
6.147 0x00 idle 0 0 0 0 0 0.0 0.0 220 26.0 0 0 0
6.191 0x00 idle 0 0 0 0 0 0.0 0.0 220 26.0 0 0 0
6.228 0x00 idle 0 0 0 0 0 0.0 0.0 220 26.0 0 0 0
6.268 0x00 idle 0 0 0 0 0 0.0 0.0 220 26.0 0 0 0
6.306 0x00 idle 0 0 0 0 0 0.0 0.0 220 26.0 0 0 0
6.349 0x00 idle 0 0 0 0 0 0.0 0.0 220 26.0 0 0 0
6.389 0x00 idle 0 0 0 0 0 0.0 0.0 220 26.0 0 0 0
6.427 0x00 idle 0 0 0 0 0 0.0 0.0 220 26.0 0 0 0
6.466 0x00 idle 0 0 0 0 0 0.0 0.0 220 26.0 0 0 0
6.510 0x00 idle 0 0 0 0 0 0.0 0.0 220 26.0 0 0 0
6.547 0x00 idle 0 0 0 0 0 0.0 0.0 220 26.0 0 0 0
6.587 0x00 idle 0 0 0 0 0 0.0 0.0 220 26.0 0 0 0
6.628 0x00 idle 0 0 0 0 0 0.0 0.0 220 26.0 0 0 0
6.665 0x00 idle 0 0 0 0 0 0.0 0.0 220 26.0 0 0 0
6.707 0x00 idle 0 0 0 0 0 0.0 0.0 220 26.0 0 0 0
6.748 0x00 idle 0 0 0 0 0 0.0 0.0 220 26.0 0 0 0
6.787 0x00 idle 0 0 0 0 0 0.0 0.0 220 26.0 0 0 0
6.827 0x00 idle 0 0 0 0 0 0.0 0.0 220 26.0 0 0 0
6.868 0x00 idle 0 0 0 0 0 0.0 0.0 220 26.0 0 0 0
6.910 0x00 idle 0 0 0 0 0 0.0 0.0 220 26.0 0 0 0
6.947 0x00 idle 0 0 0 0 0 0.0 0.0 220 26.0 0 0 0
6.992 0x00 idle 0 0 0 0 0 0.0 0.0 220 26.0 0 0 0
7.028 0x00 idle 0 0 0 0 0 0.0 0.0 220 26.0 0 0 0
7.067 0x00 idle 0 0 0 0 0 0.0 0.0 220 26.0 0 0 0
7.108 0x00 idle 0 0 0 0 0 0.0 0.0 220 26.0 0 0 0
7.150 0x00 idle 0 0 0 0 0 0.0 0.0 220 26.0 0 0 0
7.187 0x00 idle 0 0 0 0 0 0.0 0.0 220 26.0 0 0 0
7.227 0x00 idle 0 0 0 0 0 0.0 0.0 220 26.0 0 0 0
7.267 0x00 idle 0 0 0 0 0 0.0 0.0 220 26.0 0 0 0
7.306 0x00 idle 0 0 0 0 0 0.0 0.0 220 26.0 0 0 0
7.348 0x00 idle 0 0 0 0 0 0.0 0.0 220 26.0 0 0 0
7.386 0x00 idle 0 0 0 0 0 0.0 0.0 220 26.0 0 0 0
7.425 0x00 idle 0 0 0 0 0 0.0 0.0 220 26.0 0 0 0
7.467 0x00 idle 0 0 0 0 0 0.0 0.0 220 26.0 0 0 0
7.506 0x00 idle 0 0 0 0 0 0.0 0.0 220 26.0 0 0 0
7.547 0x00 idle 0 0 0 0 0 0.0 0.0 220 26.0 0 0 0
7.589 0x00 idle 0 0 0 0 0 0.0 0.0 220 26.0 0 0 0
7.628 0x00 idle 0 0 0 0 0 0.0 0.0 220 26.0 0 0 0
7.668 0x00 idle 0 0 0 0 0 0.0 0.0 220 26.0 0 0 0
7.706 0x00 idle 0 0 0 0 0 0.0 0.0 220 26.0 0 0 0
7.747 0x00 idle 0 0 0 0 0 0.0 0.0 220 26.0 0 0 0
7.786 0x00 idle 0 0 0 0 0 0.0 0.0 220 26.0 0 0 0
7.827 0x00 idle 0 0 0 0 0 0.0 0.0 220 26.0 0 0 0
7.867 0x00 idle 0 0 0 0 0 0.0 0.0 220 26.0 0 0 0
7.906 0x00 idle 0 0 0 0 0 0.0 0.0 220 26.0 0 0 0
7.946 0x00 idle 0 0 0 0 0 0.0 0.0 220 26.0 0 0 0
7.986 0x00 idle 0 0 0 0 0 0.0 0.0 220 26.0 0 0 0
8.031 0x00 idle 0 0 0 0 0 0.0 0.0 220 26.0 0 0 0
8.068 0x00 idle 0 0 0 0 0 0.0 0.0 220 26.0 0 0 0
8.105 0x00 idle 0 0 0 0 0 0.0 0.0 220 26.0 0 0 0
8.150 0x00 idle 0 0 0 0 0 0.0 0.0 220 26.0 0 0 0
8.191 0x00 idle 0 0 0 0 0 0.0 0.0 220 26.0 0 0 0
8.228 0x00 idle 0 0 0 0 0 0.0 0.0 220 26.0 0 0 0
8.268 0x00 idle 0 0 0 0 0 0.0 0.0 220 26.0 0 0 0
8.310 0x00 idle 0 0 0 0 0 0.0 0.0 220 26.0 0 0 0
8.346 0x00 idle 0 0 0 0 0 0.0 0.0 220 26.0 0 0 0
8.389 0x00 idle 0 0 0 0 0 0.0 0.0 220 26.0 0 0 0
8.427 0x00 idle 0 0 0 0 0 0.0 0.0 220 26.0 0 0 0
8.468 0x00 idle 0 0 0 0 0 0.0 0.0 220 26.0 0 0 0
8.506 0x00 idle 0 0 0 0 0 0.0 0.0 220 26.0 0 0 0
8.546 0x00 idle 0 0 0 0 0 0.0 0.0 220 26.0 0 0 0
8.587 0x00 idle 0 0 0 0 0 0.0 0.0 220 26.0 0 0 0
8.627 0x00 idle 0 0 0 0 0 0.0 0.0 220 26.0 0 0 0
8.668 0x00 idle 0 0 0 0 0 0.0 0.0 220 26.0 0 0 0
8.705 0x00 idle 0 0 0 0 0 0.0 0.0 220 26.0 0 0 0
8.748 0x00 idle 0 0 0 0 0 0.0 0.0 220 26.0 0 0 0
8.788 0x00 idle 0 0 0 0 0 0.0 0.0 220 26.0 0 0 0
8.831 0x00 idle 0 0 0 0 0 0.0 0.0 220 26.0 0 0 0
8.870 0x00 idle 0 0 0 0 0 0.0 0.0 220 26.0 0 0 0
8.907 0x00 idle 0 0 0 0 0 0.0 0.0 220 26.0 0 0 0
8.949 0x00 idle 0 0 0 0 0 0.0 0.0 220 26.0 0 0 0
8.986 0x00 idle 0 0 0 0 0 0.0 0.0 220 26.0 0 0 0
9.027 0x00 idle 0 0 0 0 0 0.0 0.0 220 26.0 0 0 0
9.067 0x00 idle 0 0 0 0 0 0.0 0.0 220 26.0 0 0 0
9.107 0x00 idle 0 0 0 0 0 0.0 0.0 220 26.0 0 0 0
9.153 0x00 idle 0 0 0 0 0 0.0 0.0 220 26.0 0 0 0
9.191 0x00 idle 0 0 0 0 0 0.0 0.0 220 26.0 0 0 0
9.225 0x00 idle 0 0 0 0 0 0.0 0.0 220 26.0 0 0 0
9.272 0x00 idle 0 0 0 0 0 0.0 0.0 220 26.0 0 0 0
9.311 0x00 idle 0 0 0 0 0 0.0 0.0 220 26.0 0 0 0
9.350 0x00 idle 0 0 0 0 0 0.0 0.0 220 26.0 0 0 0
9.392 0x00 idle 0 0 0 0 0 0.0 0.0 220 26.0 0 0 0
9.425 0x00 idle 0 0 0 0 0 0.0 0.0 220 26.0 0 0 0
9.467 0x00 idle 0 0 0 0 0 0.0 0.0 220 26.0 0 0 0
9.508 0x00 idle 0 0 0 0 0 0.0 0.0 220 26.0 0 0 0
9.556 0x00 idle 0 0 0 0 0 0.0 0.0 220 26.0 0 0 0
9.590 0x00 idle 0 0 0 0 0 0.0 0.0 220 26.0 0 0 0
9.627 0x00 idle 0 0 0 0 0 0.0 0.0 220 26.0 0 0 0
9.667 0x00 idle 0 0 0 0 0 0.0 0.0 220 26.0 0 0 0
9.709 0x00 idle 0 0 0 0 0 0.0 0.0 220 26.0 0 0 0
9.748 0x00 idle 0 0 0 0 0 0.0 0.0 220 26.0 0 0 0
9.788 0x00 idle 0 0 0 0 0 0.0 0.0 220 26.0 0 0 0
9.827 0x00 idle 0 0 0 0 0 0.0 0.0 220 26.0 0 0 0
9.867 0x00 idle 0 0 0 0 0 0.0 0.0 220 26.0 0 0 0
9.911 0x00 idle 0 0 0 0 0 0.0 0.0 220 26.0 0 0 0

[tcp_trajectory]
elapsed_s x_m y_m z_m qx qy qz qw speed_m_s tf_stamp_s along_mm remaining_mm cross_track_mm progress waypoint phase
0.0009 0.1838575 -1.6566042 0.6850788 0.47395756 -0.52271309 0.69925855 0.11477257 0.000000 1789542114.057100534 -0.100 35.734 0.545 0.00000 -1 ACTUAL_TF
0.0367 0.1839327 -1.6566977 0.6849538 0.47393993 -0.52271058 0.69926663 0.11480755 0.003044 1789542114.114011049 -0.106 35.740 0.372 0.00000 -1 ACTUAL_TF
0.0831 0.1839922 -1.6567646 0.6848609 0.47392793 -0.52270944 0.69927201 0.11482954 0.002834 1789542114.169082403 -0.105 35.739 0.244 0.00000 -1 ACTUAL_TF
0.1479 0.1840278 -1.6567893 0.6848117 0.47392386 -0.52271061 0.69927282 0.11483608 0.002335 1789542114.225078821 -0.095 35.729 0.179 0.00000 -1 ACTUAL_TF
0.2036 0.1840575 -1.6568113 0.6847814 0.47391821 -0.52271114 0.69927606 0.11483721 0.001890 1789542114.281093597 -0.087 35.721 0.133 0.00000 -1 ACTUAL_TF
0.2519 0.1840748 -1.6568218 0.6847604 0.47391414 -0.52271535 0.69927585 0.11483610 0.001480 1789542114.337118626 -0.081 35.715 0.105 0.00000 -1 ACTUAL_TF
0.3090 0.1840873 -1.6568308 0.6847494 0.47391345 -0.52271634 0.69927579 0.11483484 0.001137 1789542114.393085241 -0.077 35.712 0.088 0.00000 -1 ACTUAL_TF
0.3693 0.1840988 -1.6568307 0.6847390 0.47391478 -0.52271893 0.69927359 0.11483101 0.000879 1789542114.449077129 -0.069 35.703 0.075 0.00000 -1 ACTUAL_TF
0.4264 0.1840966 -1.6567737 0.6847219 0.47392842 -0.52272880 0.69926030 0.11481069 0.000934 1789542114.505062103 -0.033 35.667 0.093 0.00000 -1 ACTUAL_TF
0.4843 0.1841029 -1.6566394 0.6846636 0.47394522 -0.52278882 0.69920450 0.11480782 0.001439 1789542114.561064482 0.059 35.575 0.176 0.00000 -1 ACTUAL_TF
0.5348 0.1844591 -1.6565745 0.6847528 0.47398361 -0.52283278 0.69915078 0.11477633 0.003004 1789542114.617100716 0.371 35.263 0.078 0.00000 -1 ACTUAL_TF
0.5945 0.1849750 -1.6566460 0.6850395 0.47399208 -0.52284193 0.69914394 0.11474136 0.005287 1789542114.673105717 0.716 34.918 0.539 0.00000 -1 ACTUAL_TF
0.6492 0.1852680 -1.6567440 0.6852644 0.47398803 -0.52285031 0.69913916 0.11474899 0.005748 1789542114.729120493 0.875 34.759 0.887 0.00000 -1 ACTUAL_TF
0.7070 0.1854357 -1.6567904 0.6853766 0.47398498 -0.52285932 0.69913514 0.11474505 0.005134 1789542114.785055399 0.972 34.662 1.069 0.00000 -1 ACTUAL_TF
0.7647 0.1855361 -1.6568271 0.6854559 0.47398170 -0.52286355 0.69913312 0.11475164 0.004306 1789542114.841112375 1.025 34.609 1.192 0.00000 -1 ACTUAL_TF
0.8125 0.1855930 -1.6568345 0.6854939 0.47398324 -0.52286525 0.69913102 0.11475031 0.003383 1789542114.897042990 1.063 34.571 1.249 0.00000 -1 ACTUAL_TF
0.8713 0.1856336 -1.6567837 0.6854813 0.47398986 -0.52287928 0.69911631 0.11474866 0.002723 1789542114.953126907 1.127 34.507 1.232 0.00000 -1 ACTUAL_TF
0.9296 0.1857078 -1.6566541 0.6854976 0.47395725 -0.52285259 0.69916022 0.11473744 0.002711 1789542115.009117365 1.268 34.366 1.205 0.00000 -1 ACTUAL_TF
0.9862 0.1857223 -1.6561150 0.6851237 0.47388995 -0.52285660 0.69921068 0.11468969 0.005348 1789542115.066176414 1.629 34.005 0.657 0.00000 -1 ACTUAL_TF
1.0433 0.1856716 -1.6554448 0.6845878 0.47388610 -0.52285039 0.69921904 0.11468293 0.008444 1789542115.121041298 2.026 33.608 0.112 0.00000 -1 ACTUAL_TF
1.1020 0.1856475 -1.6549022 0.6841894 0.47387940 -0.52280790 0.69925176 0.11470476 0.009513 1789542115.177133799 2.361 33.273 0.691 0.00000 -1 ACTUAL_TF
1.1487 0.1855870 -1.6544951 0.6838590 0.47387303 -0.52280989 0.69925313 0.11471369 0.009488 1789542115.233111620 2.579 33.055 1.171 0.00000 -1 ACTUAL_TF
1.2057 0.1855610 -1.6542660 0.6836651 0.47388098 -0.52281019 0.69924684 0.11471781 0.008256 1789542115.289083719 2.708 32.926 1.443 0.00000 -1 ACTUAL_TF
1.2621 0.1855502 -1.6541082 0.6835448 0.47388232 -0.52280177 0.69925168 0.11472121 0.006843 1789542115.345124483 2.803 32.831 1.618 0.00000 -1 ACTUAL_TF
1.3185 0.1855461 -1.6540236 0.6834691 0.47389288 -0.52279947 0.69924548 0.11472576 0.005398 1789542115.401179790 2.855 32.780 1.719 0.00000 -1 ACTUAL_TF
1.3763 0.1855901 -1.6539724 0.6834524 0.47389580 -0.52280060 0.69924068 0.11473787 0.004151 1789542115.457175732 2.921 32.713 1.738 0.00000 -1 ACTUAL_TF
1.4334 0.1858095 -1.6538246 0.6834145 0.47392480 -0.52282134 0.69920748 0.11472592 0.004338 1789542115.513142109 3.183 32.451 1.745 0.00000 -1 ACTUAL_TF
1.4896 0.1862541 -1.6537920 0.6836646 0.47394407 -0.52282630 0.69918317 0.11477185 0.005778 1789542115.569099188 3.543 32.092 1.382 0.00000 -1 ACTUAL_TF
1.5470 0.1868625 -1.6539662 0.6842082 0.47397638 -0.52278053 0.69918677 0.11482492 0.008509 1789542115.625147820 3.892 31.742 0.627 0.00000 -1 ACTUAL_TF
1.6038 0.1875803 -1.6541001 0.6847513 0.47399265 -0.52277753 0.69918060 0.11480903 0.010829 1789542115.681179047 4.350 31.284 0.189 0.00000 -1 ACTUAL_TF
1.6520 0.1880439 -1.6541946 0.6851288 0.47400124 -0.52278882 0.69916632 0.11480913 0.010827 1789542115.737114429 4.642 30.993 0.701 0.00000 -1 ACTUAL_TF
1.7111 0.1883182 -1.6542847 0.6853858 0.47399791 -0.52277724 0.69917758 0.11480699 0.009649 1789542115.793115139 4.792 30.842 1.054 0.00000 -1 ACTUAL_TF
1.7693 0.1885103 -1.6543204 0.6855351 0.47399857 -0.52278502 0.69917226 0.11480125 0.008073 1789542115.849059582 4.914 30.720 1.267 0.00000 -1 ACTUAL_TF
1.8267 0.1885993 -1.6543412 0.6856083 0.47399858 -0.52278720 0.69917155 0.11479561 0.006277 1789542115.905176401 4.969 30.665 1.370 0.00000 -1 ACTUAL_TF
1.8746 0.1886735 -1.6543494 0.6856703 0.47399938 -0.52278448 0.69917316 0.11479488 0.004915 1789542115.961121082 5.020 30.614 1.452 0.00000 -1 ACTUAL_TF
1.9319 0.1887100 -1.6542986 0.6856546 0.47400588 -0.52279858 0.69915897 0.11479031 0.003785 1789542116.017169476 5.080 30.554 1.431 0.00000 -1 ACTUAL_TF
1.9903 0.1887837 -1.6541300 0.6856646 0.47395216 -0.52276498 0.69922157 0.11478384 0.003639 1789542116.073079109 5.247 30.387 1.378 0.00000 -1 ACTUAL_TF
2.0462 0.1887830 -1.6535475 0.6852618 0.47387883 -0.52275921 0.69928162 0.11474701 0.006340 1789542116.129089832 5.625 30.009 0.780 0.00000 -1 ACTUAL_TF
2.1017 0.1887213 -1.6528510 0.6846845 0.47388784 -0.52278506 0.69926066 0.11471978 0.009290 1789542116.185156107 6.030 29.604 0.034 0.00000 -1 ACTUAL_TF
2.1592 0.1886723 -1.6523141 0.6843010 0.47385947 -0.52274262 0.69930710 0.11474729 0.010056 1789542116.241028786 6.342 29.292 0.614 0.00000 -1 ACTUAL_TF
2.2184 0.1886257 -1.6519599 0.6840056 0.47386272 -0.52274273 0.69930409 0.11475167 0.009514 1789542116.297224998 6.537 29.097 1.035 0.00000 -1 ACTUAL_TF
2.2679 0.1885947 -1.6517085 0.6837920 0.47386562 -0.52274732 0.69929854 0.11475263 0.008440 1789542116.353043318 6.677 28.957 1.335 0.00000 -1 ACTUAL_TF
2.3250 0.1885742 -1.6515856 0.6836802 0.47387358 -0.52274469 0.69929355 0.11476214 0.006804 1789542116.409118176 6.741 28.893 1.489 0.00000 -1 ACTUAL_TF
2.3830 0.1885719 -1.6514953 0.6836111 0.47387605 -0.52274428 0.69929200 0.11476327 0.005371 1789542116.465215206 6.798 28.836 1.588 0.00000 -1 ACTUAL_TF
2.4382 0.1886168 -1.6514484 0.6835953 0.47388121 -0.52274888 0.69928460 0.11476606 0.004119 1789542116.521044731 6.862 28.772 1.604 0.00000 -1 ACTUAL_TF
2.4963 0.1888365 -1.6512796 0.6835555 0.47390784 -0.52278291 0.69924210 0.11476008 0.004381 1789542116.577086687 7.139 28.495 1.622 0.00000 -1 ACTUAL_TF
2.5566 0.1893551 -1.6512766 0.6838799 0.47393291 -0.52277171 0.69922551 0.11480867 0.006345 1789542116.633072853 7.535 28.099 1.156 0.00000 -1 ACTUAL_TF
2.6026 0.1900248 -1.6514536 0.6844731 0.47396974 -0.52269088 0.69925552 0.11484181 0.009335 1789542116.688978195 7.929 27.705 0.334 0.00000 -1 ACTUAL_TF
2.6614 0.1906993 -1.6515676 0.6849871 0.47398217 -0.52270317 0.69923977 0.11483051 0.011109 1789542116.745093584 8.368 27.266 0.403 0.00000 -1 ACTUAL_TF
2.7202 0.1910507 -1.6516374 0.6852453 0.47400045 -0.52273068 0.69920484 0.11484253 0.010141 1789542116.801117659 8.589 27.045 0.785 0.00000 -1 ACTUAL_TF
2.7872 0.1913410 -1.6517209 0.6855042 0.47399128 -0.52275044 0.69919836 0.11482986 0.009228 1789542116.857166290 8.756 26.878 1.146 0.00000 -1 ACTUAL_TF
2.8344 0.1914922 -1.6517603 0.6856312 0.47399657 -0.52274952 0.69919523 0.11483130 0.007536 1789542116.913326025 8.845 26.789 1.326 0.00000 -1 ACTUAL_TF
2.8909 0.1915906 -1.6517861 0.6857140 0.47399928 -0.52275893 0.69918630 0.11483163 0.005980 1789542116.969129801 8.903 26.731 1.444 0.00000 -1 ACTUAL_TF
2.9487 0.1916461 -1.6517779 0.6857403 0.47399739 -0.52276718 0.69918188 0.11482874 0.004518 1789542117.025108576 8.951 26.683 1.483 0.00000 -1 ACTUAL_TF
2.9950 0.1916976 -1.6517137 0.6857236 0.47400919 -0.52277815 0.69916722 0.11481940 0.003613 1789542117.081062794 9.031 26.603 1.461 0.00000 -1 ACTUAL_TF
3.0535 0.1917766 -1.6515010 0.6857155 0.47394557 -0.52273638 0.69924361 0.11480695 0.003745 1789542117.137083054 9.230 26.404 1.376 0.00000 -1 ACTUAL_TF
3.1159 0.1917751 -1.6510018 0.6853606 0.47388278 -0.52273596 0.69929251 0.11477028 0.005899 1789542117.193149805 9.554 26.080 0.856 0.00000 -1 ACTUAL_TF
3.1612 0.1917460 -1.6503611 0.6848498 0.47389970 -0.52273839 0.69928180 0.11475458 0.008967 1789542117.244000196 9.948 25.686 0.137 0.00000 -1 ACTUAL_TF
3.2194 0.1916985 -1.6497386 0.6843592 0.47387330 -0.52274766 0.69929646 0.11473204 0.010753 1789542117.297205687 10.316 25.318 0.567 0.00000 -1 ACTUAL_TF
3.2666 0.1916553 -1.6493680 0.6840522 0.47388652 -0.52273868 0.69929255 0.11474219 0.010121 1789542117.353085995 10.524 25.110 1.003 0.00000 -1 ACTUAL_TF
3.3344 0.1916211 -1.6491096 0.6838345 0.47388019 -0.52274077 0.69929520 0.11474263 0.008902 1789542117.409178495 10.666 24.968 1.312 0.00000 -1 ACTUAL_TF
3.3820 0.1916083 -1.6489884 0.6837442 0.47387604 -0.52273103 0.69930435 0.11474841 0.007044 1789542117.465140820 10.735 24.899 1.447 0.00000 -1 ACTUAL_TF
3.4388 0.1916013 -1.6489042 0.6836764 0.47387909 -0.52272838 0.69930330 0.11475427 0.005512 1789542117.521108627 10.784 24.850 1.543 0.00000 -1 ACTUAL_TF
3.5018 0.1916360 -1.6488588 0.6836593 0.47388323 -0.52273203 0.69929645 0.11476233 0.004177 1789542117.577233076 10.840 24.794 1.563 0.00000 -1 ACTUAL_TF
3.5516 0.1917987 -1.6487172 0.6836141 0.47389506 -0.52277800 0.69925155 0.11477765 0.004106 1789542117.633166313 11.056 24.578 1.597 0.00000 -1 ACTUAL_TF
3.6092 0.1922382 -1.6486649 0.6838496 0.47392780 -0.52276572 0.69923555 0.11479586 0.005563 1789542117.689101458 11.424 24.210 1.257 0.00000 -1 ACTUAL_TF
3.6690 0.1929686 -1.6488740 0.6844952 0.47396342 -0.52269763 0.69925279 0.11485386 0.009214 1789542117.745331764 11.843 23.791 0.352 0.00000 -1 ACTUAL_TF
3.7167 0.1936613 -1.6489894 0.6850129 0.47398979 -0.52270448 0.69923278 0.11483565 0.011139 1789542117.801148891 12.295 23.339 0.396 0.00000 -1 ACTUAL_TF
3.7741 0.1940101 -1.6490626 0.6852797 0.47400144 -0.52272877 0.69920403 0.11485203 0.010164 1789542117.857580185 12.512 23.122 0.784 0.00000 -1 ACTUAL_TF
3.8302 0.1943238 -1.6491270 0.6855352 0.47400158 -0.52274000 0.69919781 0.11483820 0.009330 1789542117.913063526 12.709 22.925 1.143 0.00000 -1 ACTUAL_TF
3.8860 0.1944730 -1.6491672 0.6856673 0.47400488 -0.52273905 0.69919573 0.11484160 0.007619 1789542117.969110489 12.796 22.838 1.326 0.00000 -1 ACTUAL_TF
3.9465 0.1945851 -1.6491948 0.6857592 0.47400741 -0.52274514 0.69918986 0.11483917 0.006119 1789542118.025454998 12.863 22.771 1.458 0.00000 -1 ACTUAL_TF
4.0033 0.1946510 -1.6491939 0.6857974 0.47401155 -0.52274441 0.69918855 0.11483340 0.004694 1789542118.081092119 12.914 22.720 1.515 0.00000 -1 ACTUAL_TF
4.0564 0.1946982 -1.6491286 0.6857775 0.47402058 -0.52276170 0.69917040 0.11482785 0.003731 1789542118.137059927 12.992 22.642 1.487 0.00000 -1 ACTUAL_TF
4.1155 0.1947726 -1.6489360 0.6857598 0.47396606 -0.52272673 0.69923525 0.11481724 0.003719 1789542118.193190575 13.175 22.459 1.404 0.00000 -1 ACTUAL_TF
4.1639 0.1947503 -1.6484282 0.6853769 0.47391183 -0.52274981 0.69926091 0.11477975 0.006015 1789542118.249149084 13.488 22.146 0.850 0.00000 -1 ACTUAL_TF
4.2200 0.1947114 -1.6476726 0.6848108 0.47388448 -0.52273951 0.69929134 0.11475418 0.009281 1789542118.305058002 13.949 21.685 0.039 0.00000 -1 ACTUAL_TF
4.2793 0.1946768 -1.6471818 0.6844458 0.47385251 -0.52272780 0.69932317 0.11474553 0.009773 1789542118.361146927 14.242 21.392 0.514 0.00000 -1 ACTUAL_TF
4.3373 0.1946277 -1.6467573 0.6841050 0.47384926 -0.52271487 0.69933290 0.11475858 0.009734 1789542118.417822123 14.480 21.154 1.005 0.00000 -1 ACTUAL_TF
4.3951 0.1946095 -1.6465346 0.6839187 0.47384873 -0.52271998 0.69933068 0.11475103 0.008393 1789542118.473094463 14.611 21.023 1.264 0.00000 -1 ACTUAL_TF
4.4441 0.1945974 -1.6463952 0.6838037 0.47384702 -0.52271877 0.69933266 0.11475158 0.006844 1789542118.529148102 14.693 20.942 1.426 0.00000 -1 ACTUAL_TF
4.5029 0.1945955 -1.6463310 0.6837585 0.47384849 -0.52271258 0.69933550 0.11475638 0.005212 1789542118.585182667 14.733 20.901 1.493 0.00000 -1 ACTUAL_TF
4.5610 0.1946333 -1.6462725 0.6837320 0.47385429 -0.52272222 0.69932195 0.11477109 0.004048 1789542118.641080379 14.800 20.834 1.526 0.00000 -1 ACTUAL_TF
4.6189 0.1948645 -1.6461095 0.6837011 0.47387679 -0.52275725 0.69927983 0.11477524 0.004356 1789542118.697151423 15.081 20.553 1.529 0.00000 -1 ACTUAL_TF
4.6767 0.1953040 -1.6460928 0.6839580 0.47390480 -0.52275414 0.69925682 0.11481399 0.005780 1789542118.753114223 15.426 20.208 1.154 0.00000 -1 ACTUAL_TF
4.7244 0.1959996 -1.6463252 0.6846017 0.47393777 -0.52270502 0.69926070 0.11487791 0.009278 1789542118.809070587 15.804 19.830 0.254 0.00000 -1 ACTUAL_TF
4.7828 0.1966446 -1.6464354 0.6850889 0.47396831 -0.52267848 0.69926474 0.11484800 0.010855 1789542118.865200281 16.222 19.412 0.446 0.00000 -1 ACTUAL_TF
4.8409 0.1970788 -1.6464954 0.6853983 0.47398325 -0.52271565 0.69922787 0.11484169 0.010476 1789542118.921132565 16.513 19.121 0.897 0.00000 -1 ACTUAL_TF
4.8987 0.1972910 -1.6465540 0.6855808 0.47399190 -0.52272845 0.69920999 0.11485657 0.008861 1789542118.977295876 16.636 18.998 1.155 0.00000 -1 ACTUAL_TF
4.9485 0.1974797 -1.6465909 0.6857234 0.47400597 -0.52272911 0.69920087 0.11485103 0.007484 1789542119.033327818 16.756 18.878 1.362 0.00000 -1 ACTUAL_TF
5.0054 0.1975955 -1.6466194 0.6858194 0.47399599 -0.52274296 0.69919999 0.11483453 0.006062 1789542119.089113235 16.825 18.809 1.499 0.00000 -1 ACTUAL_TF
5.0627 0.1976490 -1.6466150 0.6858457 0.47399512 -0.52274649 0.69919855 0.11483085 0.004563 1789542119.145184517 16.869 18.765 1.540 0.00000 -1 ACTUAL_TF
5.1211 0.1976951 -1.6465480 0.6858313 0.47400227 -0.52276005 0.69918417 0.11482712 0.003637 1789542119.201207161 16.947 18.687 1.514 0.00000 -1 ACTUAL_TF
5.1840 0.1977701 -1.6463763 0.6858155 0.47395671 -0.52272648 0.69924208 0.11481537 0.003554 1789542119.257141590 17.116 18.518 1.445 0.00000 -1 ACTUAL_TF
5.2313 0.1977669 -1.6457872 0.6854251 0.47387988 -0.52271263 0.69930976 0.11478341 0.006262 1789542119.313325405 17.497 18.137 0.851 0.00000 -1 ACTUAL_TF
5.2911 0.1977123 -1.6451309 0.6848913 0.47387041 -0.52273973 0.69930076 0.11475387 0.008941 1789542119.369120598 17.882 17.752 0.101 0.00000 -1 ACTUAL_TF
5.3388 0.1976662 -1.6445393 0.6844268 0.47385460 -0.52273180 0.69931825 0.11474872 0.010295 1789542119.425131083 18.231 17.403 0.574 0.00000 -1 ACTUAL_TF
5.4024 0.1976095 -1.6441642 0.6840999 0.47386560 -0.52273821 0.69930486 0.11475572 0.009891 1789542119.481108427 18.432 17.202 1.032 0.00000 -1 ACTUAL_TF
5.4605 0.1975797 -1.6439248 0.6838998 0.47386545 -0.52274279 0.69930170 0.11475471 0.008604 1789542119.537074566 18.565 17.069 1.316 0.00000 -1 ACTUAL_TF
5.5072 0.1975682 -1.6437935 0.6837919 0.47386689 -0.52274080 0.69930174 0.11475758 0.006933 1789542119.593164444 18.641 16.993 1.468 0.00000 -1 ACTUAL_TF
5.5639 0.1975685 -1.6437291 0.6837556 0.47386179 -0.52273521 0.69930934 0.11475781 0.005250 1789542119.649113894 18.683 16.951 1.528 0.00000 -1 ACTUAL_TF
5.6207 0.1976321 -1.6436636 0.6837327 0.47386733 -0.52274522 0.69929752 0.11476133 0.004179 1789542119.705126762 18.774 16.860 1.550 0.00000 -1 ACTUAL_TF
5.6780 0.1978181 -1.6435216 0.6836984 0.47388385 -0.52278180 0.69925736 0.11477122 0.004191 1789542119.761183500 19.008 16.626 1.565 0.00000 -1 ACTUAL_TF
5.7363 0.1984241 -1.6434876 0.6840368 0.47394429 -0.52275488 0.69923406 0.11478624 0.006642 1789542119.817413092 19.490 16.144 1.066 0.00000 -1 ACTUAL_TF
5.7948 0.1989669 -1.6436943 0.6845548 0.47395891 -0.52272307 0.69923470 0.11486677 0.008836 1789542119.873175859 19.769 15.866 0.340 0.00000 -1 ACTUAL_TF
5.8503 0.1996418 -1.6438668 0.6851374 0.47396350 -0.52271360 0.69924001 0.11485862 0.011053 1789542119.929140329 20.170 15.464 0.476 0.00000 -1 ACTUAL_TF
5.9046 0.2000828 -1.6439178 0.6854494 0.47398519 -0.52272405 0.69921772 0.11485722 0.010634 1789542119.985338688 20.472 15.162 0.927 0.00000 -1 ACTUAL_TF
5.9598 0.2003162 -1.6439714 0.6856327 0.47399537 -0.52272404 0.69921089 0.11485689 0.009066 1789542120.041108608 20.614 15.020 1.193 0.00000 -1 ACTUAL_TF
6.0193 0.2004942 -1.6440018 0.6857654 0.47399669 -0.52273801 0.69920171 0.11484378 0.007542 1789542120.097347498 20.730 14.904 1.385 0.00000 -1 ACTUAL_TF
6.0783 0.2005675 -1.6440250 0.6858314 0.47399655 -0.52274390 0.69919667 0.11484816 0.005824 1789542120.153157473 20.770 14.864 1.478 0.00000 -1 ACTUAL_TF
6.1269 0.2006343 -1.6440144 0.6858721 0.47399911 -0.52274275 0.69919636 0.11484475 0.004499 1789542120.209196091 20.828 14.806 1.531 0.00000 -1 ACTUAL_TF
6.1865 0.2006748 -1.6439598 0.6858602 0.47400512 -0.52275375 0.69918447 0.11484226 0.003520 1789542120.265073299 20.894 14.740 1.512 0.00000 -1 ACTUAL_TF
6.2440 0.2007428 -1.6437333 0.6858204 0.47394118 -0.52271793 0.69925607 0.11483323 0.003747 1789542120.321134090 21.094 14.540 1.393 0.00000 -1 ACTUAL_TF
6.3014 0.2007352 -1.6432166 0.6854535 0.47388777 -0.52273003 0.69929035 0.11478983 0.006018 1789542120.377137899 21.424 14.210 0.853 0.00000 -1 ACTUAL_TF
6.3502 0.2007016 -1.6424210 0.6848073 0.47388752 -0.52275055 0.69928211 0.11474760 0.009712 1789542120.433077812 21.915 13.719 0.051 0.00000 -1 ACTUAL_TF
6.4095 0.2006525 -1.6418369 0.6843435 0.47386394 -0.52275395 0.69929836 0.11473046 0.010799 1789542120.489130497 22.257 13.377 0.713 0.00000 -1 ACTUAL_TF
6.4671 0.2006112 -1.6415188 0.6840778 0.47386983 -0.52273714 0.69930370 0.11475018 0.009788 1789542120.545191288 22.433 13.202 1.090 0.00000 -1 ACTUAL_TF
6.5185 0.2005999 -1.6413102 0.6839256 0.47385239 -0.52273291 0.69931987 0.11474291 0.008237 1789542120.601193428 22.560 13.074 1.315 0.00000 -1 ACTUAL_TF
6.5812 0.2005827 -1.6412101 0.6838539 0.47384513 -0.52272289 0.69933083 0.11475174 0.006433 1789542120.657092571 22.612 13.022 1.428 0.00000 -1 ACTUAL_TF
6.6290 0.2005794 -1.6411289 0.6837888 0.47384833 -0.52272417 0.69932728 0.11475435 0.005060 1789542120.713145971 22.662 12.972 1.519 0.00000 -1 ACTUAL_TF
6.6863 0.2006215 -1.6410847 0.6837776 0.47384831 -0.52273590 0.69931656 0.11476630 0.003874 1789542120.769175053 22.722 12.912 1.531 0.00000 -1 ACTUAL_TF
6.7448 0.2009054 -1.6408937 0.6837569 0.47388374 -0.52276313 0.69927360 0.11475779 0.004550 1789542120.825131655 23.062 12.572 1.518 0.00000 -1 ACTUAL_TF
6.8021 0.2013797 -1.6408970 0.6840635 0.47392561 -0.52275564 0.69924495 0.11479356 0.006209 1789542120.881166220 23.420 12.214 1.082 0.00000 -1 ACTUAL_TF
6.8609 0.2021454 -1.6410903 0.6846932 0.47398878 -0.52269116 0.69924353 0.11483499 0.009759 1789542120.937143087 23.877 11.757 0.183 0.00000 -1 ACTUAL_TF
6.9111 0.2027545 -1.6412759 0.6852414 0.47398082 -0.52270170 0.69924017 0.11484028 0.011338 1789542120.993076801 24.219 11.415 0.587 0.00000 -1 ACTUAL_TF
6.9717 0.2030453 -1.6413205 0.6854568 0.47399488 -0.52273870 0.69920041 0.11485593 0.009890 1789542121.049086094 24.411 11.223 0.897 0.00000 -1 ACTUAL_TF
7.0215 0.2033324 -1.6413606 0.6856572 0.47401225 -0.52275122 0.69918120 0.11484422 0.008809 1789542121.105137348 24.603 11.031 1.193 0.00000 -1 ACTUAL_TF
7.0812 0.2034854 -1.6413789 0.6857617 0.47402708 -0.52275193 0.69917181 0.11483695 0.007165 1789542121.161068201 24.708 10.926 1.347 0.00000 -1 ACTUAL_TF
7.1397 0.2035830 -1.6413927 0.6858326 0.47403213 -0.52275130 0.69916896 0.11483632 0.005665 1789542121.217107534 24.773 10.861 1.449 0.00000 -1 ACTUAL_TF
7.1990 0.2036265 -1.6413825 0.6858527 0.47403079 -0.52275894 0.69916363 0.11483954 0.004223 1789542121.274317265 24.813 10.821 1.478 0.00000 -1 ACTUAL_TF
7.2484 0.2036837 -1.6413201 0.6858500 0.47403581 -0.52276177 0.69915919 0.11483300 0.003419 1789542121.329156160 24.897 10.737 1.469 0.00000 -1 ACTUAL_TF
7.3068 0.2037586 -1.6410753 0.6858190 0.47395241 -0.52270710 0.69925782 0.11482556 0.003776 1789542121.385111332 25.114 10.520 1.349 0.00000 -1 ACTUAL_TF
7.3637 0.2037299 -1.6404867 0.6853737 0.47390214 -0.52273536 0.69927907 0.11477498 0.006598 1789542121.441133261 25.474 10.160 0.705 0.00000 -1 ACTUAL_TF
7.4171 0.2036862 -1.6397903 0.6848604 0.47384108 -0.52270945 0.69934133 0.11476568 0.009259 1789542121.497139692 25.894 9.740 0.079 0.00000 -1 ACTUAL_TF
7.4748 0.2036309 -1.6392504 0.6843781 0.47386479 -0.52275142 0.69929841 0.11473817 0.010368 1789542121.553182840 26.202 9.432 0.711 0.00000 -1 ACTUAL_TF
7.5296 0.2035878 -1.6389079 0.6840986 0.47386247 -0.52273659 0.69930795 0.11475720 0.009628 1789542121.609391451 26.392 9.242 1.112 0.00000 -1 ACTUAL_TF
7.5898 0.2035774 -1.6387100 0.6839365 0.47385926 -0.52274885 0.69930352 0.11474154 0.008107 1789542121.665560722 26.513 9.121 1.338 0.00000 -1 ACTUAL_TF
7.6382 0.2035642 -1.6385885 0.6838398 0.47385726 -0.52274852 0.69930482 0.11474343 0.006517 1789542121.721066475 26.581 9.053 1.477 0.00000 -1 ACTUAL_TF
7.6973 0.2035661 -1.6385216 0.6837933 0.47385912 -0.52274397 0.69930681 0.11474434 0.004998 1789542121.777133942 26.626 9.008 1.545 0.00000 -1 ACTUAL_TF
7.7536 0.2036305 -1.6384580 0.6837747 0.47386227 -0.52275854 0.69929148 0.11475836 0.003994 1789542121.833105803 26.717 8.917 1.563 0.00000 -1 ACTUAL_TF
7.8118 0.2039194 -1.6382850 0.6837694 0.47389240 -0.52278984 0.69924670 0.11476422 0.004601 1789542121.889058590 27.048 8.586 1.527 0.00000 -1 ACTUAL_TF
7.8603 0.2044538 -1.6383015 0.6841301 0.47394282 -0.52275497 0.69923528 0.11478445 0.006675 1789542121.945082188 27.444 8.190 1.018 0.00000 -1 ACTUAL_TF
7.9171 0.2051716 -1.6385359 0.6847707 0.47397245 -0.52271095 0.69923483 0.11486526 0.009975 1789542122.001101732 27.837 7.797 0.113 0.00000 -1 ACTUAL_TF
7.9768 0.2057482 -1.6386530 0.6852458 0.47397147 -0.52269174 0.69925486 0.11483481 0.011028 1789542122.057179213 28.199 7.435 0.556 0.00000 -1 ACTUAL_TF
8.0384 0.2060824 -1.6387635 0.6855704 0.47396880 -0.52271496 0.69923418 0.11486605 0.010285 1789542122.113174677 28.382 7.252 0.998 0.00000 -1 ACTUAL_TF
8.0878 0.2063177 -1.6387960 0.6857433 0.47398019 -0.52271898 0.69922429 0.11486093 0.008775 1789542122.169114113 28.540 7.094 1.245 0.00000 -1 ACTUAL_TF
8.1492 0.2064625 -1.6388324 0.6858625 0.47398825 -0.52272626 0.69921271 0.11486505 0.007165 1789542122.225165129 28.626 7.008 1.416 0.00000 -1 ACTUAL_TF
8.2016 0.2065605 -1.6388455 0.6859311 0.47397734 -0.52274384 0.69921060 0.11484292 0.005660 1789542122.281190872 28.692 6.942 1.516 0.00000 -1 ACTUAL_TF
8.2557 0.2066053 -1.6388266 0.6859424 0.47397882 -0.52274858 0.69920657 0.11483977 0.004229 1789542122.337165356 28.738 6.896 1.535 0.00000 -1 ACTUAL_TF
8.3114 0.2066687 -1.6387449 0.6859364 0.47398318 -0.52275748 0.69919805 0.11483312 0.003516 1789542122.393112659 28.840 6.794 1.516 0.00000 -1 ACTUAL_TF
8.3720 0.2067492 -1.6385239 0.6858914 0.47392375 -0.52271244 0.69927445 0.11481821 0.003743 1789542122.449157476 29.045 6.589 1.402 0.00000 -1 ACTUAL_TF
8.4296 0.2067080 -1.6377792 0.6852950 0.47390622 -0.52275444 0.69926362 0.11476533 0.007742 1789542122.505096436 29.497 6.137 0.561 0.00000 -1 ACTUAL_TF
8.4767 0.2066763 -1.6372165 0.6848560 0.47387615 -0.52273795 0.69929709 0.11476064 0.009247 1789542122.561084032 29.839 5.795 0.071 0.00000 -1 ACTUAL_TF
8.5345 0.2066167 -1.6366188 0.6843458 0.47387872 -0.52276201 0.69928077 0.11473991 0.010688 1789542122.617180347 30.182 5.452 0.776 0.00000 -1 ACTUAL_TF
8.5892 0.2065936 -1.6363366 0.6841162 0.47387856 -0.52274840 0.69928947 0.11474952 0.009437 1789542122.673094034 30.347 5.287 1.101 0.00000 -1 ACTUAL_TF
8.6475 0.2065786 -1.6361057 0.6839458 0.47386285 -0.52274797 0.69930190 0.11474062 0.008137 1789542122.729425669 30.486 5.148 1.352 0.00000 -1 ACTUAL_TF
8.7005 0.2065745 -1.6359956 0.6838611 0.47386258 -0.52273914 0.69930802 0.11474467 0.006444 1789542122.785126925 30.555 5.080 1.473 0.00000 -1 ACTUAL_TF
8.7569 0.2065735 -1.6359381 0.6838272 0.47386064 -0.52273466 0.69931160 0.11475129 0.004868 1789542122.841159821 30.591 5.043 1.529 0.00000 -1 ACTUAL_TF
8.8151 0.2066672 -1.6358506 0.6838042 0.47387130 -0.52275168 0.69929062 0.11475761 0.004106 1789542122.897154093 30.719 4.915 1.549 0.00000 -1 ACTUAL_TF
8.8715 0.2068955 -1.6357162 0.6838015 0.47389013 -0.52278196 0.69925268 0.11477303 0.004293 1789542122.953159332 30.980 4.654 1.518 0.00000 -1 ACTUAL_TF
8.9319 0.2074960 -1.6357417 0.6841873 0.47394896 -0.52276729 0.69921688 0.11481507 0.006831 1789542123.009165525 31.419 4.215 0.957 0.00000 -1 ACTUAL_TF
8.9841 0.2081319 -1.6359268 0.6847358 0.47399117 -0.52272104 0.69921478 0.11486410 0.009387 1789542123.065184355 31.783 3.852 0.184 0.00000 -1 ACTUAL_TF
9.0456 0.2087696 -1.6360901 0.6853010 0.47398683 -0.52271293 0.69922484 0.11485777 0.011229 1789542123.121060610 32.161 3.473 0.606 0.00000 -1 ACTUAL_TF
9.0953 0.2091535 -1.6361705 0.6856070 0.47400609 -0.52272841 0.69920017 0.11485796 0.010515 1789542123.177294493 32.401 3.233 1.041 0.00000 -1 ACTUAL_TF
9.1564 0.2093507 -1.6362028 0.6857645 0.47401012 -0.52272924 0.69919700 0.11485691 0.008727 1789542123.233135223 32.530 3.104 1.260 0.00000 -1 ACTUAL_TF
9.2070 0.2094784 -1.6362433 0.6858780 0.47400866 -0.52274132 0.69918849 0.11485971 0.007049 1789542123.289170980 32.601 3.033 1.421 0.00000 -1 ACTUAL_TF
9.2674 0.2095435 -1.6362532 0.6859255 0.47401247 -0.52274675 0.69918198 0.11485891 0.005366 1789542123.345611095 32.644 2.990 1.490 0.00000 -1 ACTUAL_TF
9.3196 0.2095871 -1.6362317 0.6859365 0.47401413 -0.52275520 0.69917420 0.11486100 0.004025 1789542123.401186466 32.691 2.943 1.506 0.00000 -1 ACTUAL_TF
9.3749 0.2096451 -1.6361635 0.6859364 0.47401653 -0.52275869 0.69917057 0.11485727 0.003298 1789542123.457136869 32.779 2.855 1.496 0.00000 -1 ACTUAL_TF
9.4266 0.2097030 -1.6358470 0.6858068 0.47395104 -0.52272685 0.69924232 0.11483567 0.004168 1789542123.513077259 33.029 2.605 1.260 0.00000 -1 ACTUAL_TF
9.4880 0.2096761 -1.6352228 0.6853481 0.47390052 -0.52275209 0.69926643 0.11478244 0.007067 1789542123.569121838 33.415 2.219 0.589 0.00000 -1 ACTUAL_TF
9.5489 0.2096355 -1.6344935 0.6847744 0.47386489 -0.52274749 0.69929847 0.11475529 0.009874 1789542123.625679493 33.858 1.776 0.231 0.00000 -1 ACTUAL_TF
9.5998 0.2096069 -1.6339609 0.6843783 0.47383815 -0.52273617 0.69932722 0.11474203 0.010502 1789542123.681180954 34.182 1.452 0.810 0.00000 -1 ACTUAL_TF
9.6605 0.2095836 -1.6337170 0.6841939 0.47382841 -0.52271561 0.69934687 0.11475617 0.008995 1789542123.737147570 34.323 1.311 1.082 0.00000 -1 ACTUAL_TF
9.7094 0.2095677 -1.6335043 0.6840130 0.47384022 -0.52272157 0.69933505 0.11475233 0.007794 1789542123.793205976 34.449 1.185 1.331 0.00000 -1 ACTUAL_TF
9.7709 0.2095608 -1.6334076 0.6839382 0.47383829 -0.52272004 0.69933755 0.11475205 0.006111 1789542123.849231720 34.507 1.127 1.439 0.00000 -1 ACTUAL_TF
9.8221 0.2095847 -1.6333364 0.6838932 0.47384158 -0.52272975 0.69932667 0.11476054 0.004747 1789542123.905174494 34.571 1.063 1.498 0.00000 -1 ACTUAL_TF
9.8884 0.2097819 -1.6331796 0.6838533 0.47387180 -0.52275354 0.69928944 0.11475422 0.004693 1789542123.961042881 34.823 0.812 1.519 0.00000 -1 ACTUAL_TF
9.9383 0.2102032 -1.6330873 0.6840262 0.47390851 -0.52274385 0.69927002 0.11476509 0.005773 1789542124.017071009 35.203 0.432 1.253 0.00000 -1 ACTUAL_TF
