WELD FEEDBACK LOG
result=operator stop
started=2026-09-15 11:56:14
ended=2026-09-15 11:56:33
elapsed_seconds=18.580

================ OPERATOR OVERVIEW ================
REQUESTED : 150 A / 20.0 V · FE-SOLID 1.2 mm · LSM · CO2 100%
RX ECHO   : 100 A / 10.0 V · MATCH=NO
CURRENT FB: no positive feedback A
VOLTAGE FB: no positive feedback V
WIRE FEED : no positive feedback m/min
ARC ON    : 0.000 s
NET WELD  : 0.000 s
WIRE USED : 0.000 mm (base 0.000 + alpha 0.000)
WCR       : NOT DETECTED
SAMPLES   : RX 464 / welding 0 / TCP 333
===================================================

[commanded]
current_a=150
voltage_tenths=200
voltage=20.0
material=FE-SOLID
diameter_mm=1.2
mode=LSM
gas=CO2 100%
synergic=False
correction=0.0
hot_start_enabled=True
hot_start_percent=20.0
hot_start_hold_adjustment=0
crater_enabled=True
crater_percent=40.0
crater_current_a=60.0
crater_voltage_v=25.0
crater_seconds=1.0
wire_consumable_alpha_mm=0.0
hot_start_current_a=180

[rx_setting_echo]
current_a=100
voltage_v=10.0
hot_start_current_a=0
hot_start_hold_adjustment=-15

[rx_welding_setting_echo]

[execution_conditions]
mode=sequence_execute
run_all=True
touch_io_backend=fastech_ethernet
touch_input_port=4
touch_sensing_output_port=0
fastech_ip=192.168.0.3
fastech_poll_target_hz=100.0
hicomm_source_ip=192.168.1.2
hicomm_welder_ip=192.168.1.10
hicomm_port=60000
gui_velocity_percent=36.95263157894737
gui_speed_mode=scale
gui_tcp_speed_mm_s=10.0
gui_interpolation_step_mm=5.0
seam_orientation_mode=Wait poses + fixed World-XYZ tilt
weld_fixed_tilt_x_deg=0.0
weld_fixed_tilt_y_deg=0.0
weld_fixed_tilt_z_deg=-0.0
weld_weave_enabled=False
weld_weave_pattern=circle
weld_weave_amplitude_mm=2.8
weld_weave_cycles=4
weld_weave_samples_per_cycle=8
weld_weave_axis=tool_x
weld_lead_in_mm=0.0
weld_lead_out_mm=5.0
weld_safe_approach_mm=30.0
weld_approach_mode=taught_wait
weld_pre_start_lead_mm=0.0
weld_tcp_speed_mm_s=3.5
weld_arc_off_delay_ms=500.0
tcp_tracking.parent_frame=World
tcp_tracking.child_frame=right_manipulator_ee_point
tcp_tracking.timestamp_source=TF_header_stamp
initial_fastech_di0=False
initial_fastech_do0=True
robot_connected.left=True
robot_connected.right=True
robot_connected.head=True
hicomm_connected=True
execution_allowed=True
steps[0].sequence_number=1
steps[0].type=named_pose
steps[0].parallel_slot=1
steps[0].duration=0.0
steps[0].planning_group=right_manipulator
steps[0].velocity_scale=0.3695263157894737
steps[0].tcp_speed_m_s=0.0
steps[0].pose_name=weld_start_wait
steps[0].pose_label=3 · Weld start wait pose
steps[0].touch_guard=False
steps[0].continue_after_touch=False
steps[0].weld_scenario_id=weld-9912321450096
steps[0].weld_scenario_stage=start_wait
steps[0].target_tcp.position_m.x=0.04679661342158309
steps[0].target_tcp.position_m.y=-1.7157272494256113
steps[0].target_tcp.position_m.z=0.6808993470560196
steps[0].target_tcp.orientation_xyzw.x=-0.4356040005965647
steps[0].target_tcp.orientation_xyzw.y=0.6337302693138561
steps[0].target_tcp.orientation_xyzw.z=-0.528315255502808
steps[0].target_tcp.orientation_xyzw.w=-0.35988621982879293
steps[0].joint_names[0]=right_manipulator_joint1
steps[0].joint_names[1]=right_manipulator_joint2
steps[0].joint_names[2]=right_manipulator_joint3
steps[0].joint_names[3]=right_manipulator_joint4
steps[0].joint_names[4]=right_manipulator_joint5
steps[0].joint_names[5]=right_manipulator_joint6
steps[0].joint_positions_rad[0]=5.165179096287744
steps[0].joint_positions_rad[1]=1.3192841976545053
steps[0].joint_positions_rad[2]=1.833801860251743
steps[0].joint_positions_rad[3]=3.58926816861935
steps[0].joint_positions_rad[4]=1.3973881876818586
steps[0].joint_positions_rad[5]=1.4228621224567934
steps[1].sequence_number=2
steps[1].type=motion
steps[1].parallel_slot=2
steps[1].duration=0.0
steps[1].planning_group=right_manipulator
steps[1].velocity_scale=0.3695263157894737
steps[1].tcp_speed_m_s=0.0
steps[1].interpolation_step=0.005
steps[1].path_kind=taught_wait_align_weld_attitude
steps[1].touch_guard=False
steps[1].continue_after_touch=False
steps[1].accept_initial_touch=False
steps[1].weld_scenario_id=weld-9912321450096
steps[1].weld_scenario_stage=start_safe
steps[1].waypoint_count=1
steps[1].waypoints[0].position_m.x=0.04679661342158309
steps[1].waypoints[0].position_m.y=-1.7157272494256113
steps[1].waypoints[0].position_m.z=0.6808993470560196
steps[1].waypoints[0].orientation_xyzw.x=-0.43568190743491547
steps[1].waypoints[0].orientation_xyzw.y=0.633759300366467
steps[1].waypoints[0].orientation_xyzw.z=-0.5282185051222237
steps[1].waypoints[0].orientation_xyzw.w=-0.35988280811859236
steps[2].sequence_number=3
steps[2].type=motion
steps[2].parallel_slot=3
steps[2].duration=0.0
steps[2].planning_group=right_manipulator
steps[2].velocity_scale=0.3695263157894737
steps[2].tcp_speed_m_s=0.0
steps[2].interpolation_step=0.005
steps[2].path_kind=taught_wait_to_weld_start
steps[2].touch_guard=False
steps[2].continue_after_touch=True
steps[2].accept_initial_touch=False
steps[2].weld_scenario_id=weld-9912321450096
steps[2].weld_scenario_stage=start_contact
steps[2].waypoint_count=1
steps[2].waypoints[0].position_m.x=0.04639012308157919
steps[2].waypoints[0].position_m.y=-1.7155348989806636
steps[2].waypoints[0].position_m.z=0.6758045566264259
steps[2].waypoints[0].orientation_xyzw.x=-0.43568190743491547
steps[2].waypoints[0].orientation_xyzw.y=0.633759300366467
steps[2].waypoints[0].orientation_xyzw.z=-0.5282185051222237
steps[2].waypoints[0].orientation_xyzw.w=-0.35988280811859236
steps[3].sequence_number=4
steps[3].type=digital_weld
steps[3].parallel_slot=5
steps[3].duration=0.0
steps[3].command=on
steps[3].weld_scenario_id=weld-9912321450096
steps[3].weld_scenario_stage=arc_on
steps[3].settings.current_a=150
steps[3].settings.voltage_tenths=200
steps[3].settings.voltage=20.0
steps[3].settings.material=FE-SOLID
steps[3].settings.diameter_mm=1.2
steps[3].settings.mode=LSM
steps[3].settings.gas=CO2 100%
steps[3].settings.synergic=False
steps[3].settings.correction=0.0
steps[3].settings.hot_start_enabled=True
steps[3].settings.hot_start_percent=20.0
steps[3].settings.hot_start_hold_adjustment=0
steps[3].settings.crater_enabled=True
steps[3].settings.crater_percent=40.0
steps[3].settings.crater_current_a=60.0
steps[3].settings.crater_voltage_v=25.0
steps[3].settings.crater_seconds=1.0
steps[3].settings.wire_consumable_alpha_mm=0.0
steps[3].settings.hot_start_current_a=180
steps[4].sequence_number=5
steps[4].type=motion
steps[4].parallel_slot=5
steps[4].duration=0.0
steps[4].planning_group=right_manipulator
steps[4].velocity_scale=0.3695263157894737
steps[4].tcp_speed_m_s=0.0035
steps[4].interpolation_step=0.005
steps[4].path_kind=continuous_lead_to_lead_over_taught_goal_fastech_di0_ignored
steps[4].touch_guard=False
steps[4].weld_scenario_id=weld-9912321450096
steps[4].weld_scenario_stage=weld_motion
steps[4].lead_in_mm=0.0
steps[4].lead_out_mm=5.0
steps[4].linear_motion_profile=True
steps[4].waypoint_count=2
steps[4].waypoints[0].position_m.x=0.04639012308157919
steps[4].waypoints[0].position_m.y=-1.7155348989806636
steps[4].waypoints[0].position_m.z=0.6758045566264259
steps[4].waypoints[0].orientation_xyzw.x=-0.43568190743491547
steps[4].waypoints[0].orientation_xyzw.y=0.633759300366467
steps[4].waypoints[0].orientation_xyzw.z=-0.5282185051222237
steps[4].waypoints[0].orientation_xyzw.w=-0.35988280811859236
steps[4].waypoints[1].position_m.x=0.040837591964028856
steps[4].waypoints[1].position_m.y=-1.5314296988854754
steps[4].waypoints[1].position_m.z=0.6785510474527979
steps[4].waypoints[1].orientation_xyzw.x=-0.4355976651818463
steps[4].waypoints[1].orientation_xyzw.y=0.6338379374848955
steps[4].waypoints[1].orientation_xyzw.z=-0.5282534141248965
steps[4].waypoints[1].orientation_xyzw.w=-0.35979504382135175
steps[4].lead_start.position_m.x=0.04639012308157919
steps[4].lead_start.position_m.y=-1.7155348989806636
steps[4].lead_start.position_m.z=0.6758045566264259
steps[4].lead_start.orientation_xyzw.x=-0.43568190743491547
steps[4].lead_start.orientation_xyzw.y=0.633759300366467
steps[4].lead_start.orientation_xyzw.z=-0.5282185051222237
steps[4].lead_start.orientation_xyzw.w=-0.35988280811859236
steps[4].usable_seam_start.position_m.x=0.04639012308157919
steps[4].usable_seam_start.position_m.y=-1.7155348989806636
steps[4].usable_seam_start.position_m.z=0.6758045566264259
steps[4].usable_seam_start.orientation_xyzw.x=-0.43568190743491547
steps[4].usable_seam_start.orientation_xyzw.y=0.633759300366467
steps[4].usable_seam_start.orientation_xyzw.z=-0.5282185051222237
steps[4].usable_seam_start.orientation_xyzw.w=-0.35988280811859236
steps[4].usable_seam_goal.position_m.x=0.040988304454498636
steps[4].usable_seam_goal.position_m.y=-1.5364268709187994
steps[4].usable_seam_goal.position_m.z=0.6784764993838666
steps[4].usable_seam_goal.orientation_xyzw.x=-0.4355976651818463
steps[4].usable_seam_goal.orientation_xyzw.y=0.6338379374848955
steps[4].usable_seam_goal.orientation_xyzw.z=-0.5282534141248965
steps[4].usable_seam_goal.orientation_xyzw.w=-0.35979504382135175
steps[4].lead_end.position_m.x=0.040837591964028856
steps[4].lead_end.position_m.y=-1.5314296988854754
steps[4].lead_end.position_m.z=0.6785510474527979
steps[4].lead_end.orientation_xyzw.x=-0.4355976651818463
steps[4].lead_end.orientation_xyzw.y=0.6338379374848955
steps[4].lead_end.orientation_xyzw.z=-0.5282534141248965
steps[4].lead_end.orientation_xyzw.w=-0.35979504382135175
steps[5].sequence_number=6
steps[5].type=digital_weld
steps[5].parallel_slot=5
steps[5].duration=0.0
steps[5].velocity_scale=0.3695263157894737
steps[5].tcp_speed_m_s=0.0035
steps[5].command=off
steps[5].weld_scenario_id=weld-9912321450096
steps[5].weld_scenario_stage=arc_off
steps[5].trigger_before_goal=True
steps[5].arc_off_delay_s=0.5
steps[5].settings.current_a=150
steps[5].settings.voltage_tenths=200
steps[5].settings.voltage=20.0
steps[5].settings.material=FE-SOLID
steps[5].settings.diameter_mm=1.2
steps[5].settings.mode=LSM
steps[5].settings.gas=CO2 100%
steps[5].settings.synergic=False
steps[5].settings.correction=0.0
steps[5].settings.hot_start_enabled=True
steps[5].settings.hot_start_percent=20.0
steps[5].settings.hot_start_hold_adjustment=0
steps[5].settings.crater_enabled=True
steps[5].settings.crater_percent=40.0
steps[5].settings.crater_current_a=60.0
steps[5].settings.crater_voltage_v=25.0
steps[5].settings.crater_seconds=1.0
steps[5].settings.wire_consumable_alpha_mm=0.0
steps[5].settings.hot_start_current_a=180
steps[6].sequence_number=7
steps[6].type=motion
steps[6].parallel_slot=6
steps[6].duration=0.0
steps[6].planning_group=right_manipulator
steps[6].velocity_scale=0.3695263157894737
steps[6].tcp_speed_m_s=0.0
steps[6].interpolation_step=0.005
steps[6].path_kind=weld_end_to_taught_wait_fixed_attitude
steps[6].pose_name=weld_goal_wait
steps[6].pose_label=5 · Weld goal wait pose
steps[6].touch_guard=False
steps[6].continue_after_touch=False
steps[6].weld_scenario_id=weld-9912321450096
steps[6].weld_scenario_stage=goal_wait
steps[6].waypoint_count=1
steps[6].waypoints[0].position_m.x=0.0423937317465059
steps[6].waypoints[0].position_m.y=-1.5371105920713002
steps[6].waypoints[0].position_m.z=0.6833915523748588
steps[6].waypoints[0].orientation_xyzw.x=-0.4355976651818463
steps[6].waypoints[0].orientation_xyzw.y=0.6338379374848955
steps[6].waypoints[0].orientation_xyzw.z=-0.5282534141248965
steps[6].waypoints[0].orientation_xyzw.w=-0.35979504382135175
steps[7].sequence_number=8
steps[7].type=named_pose
steps[7].parallel_slot=7
steps[7].duration=0.0
steps[7].planning_group=right_manipulator
steps[7].velocity_scale=0.3695263157894737
steps[7].tcp_speed_m_s=0.0
steps[7].pose_name=weld_finish
steps[7].pose_label=7 · Weld end pose
steps[7].touch_guard=False
steps[7].continue_after_touch=False
steps[7].weld_scenario_id=weld-9912321450096
steps[7].weld_scenario_stage=finish
steps[7].target_tcp.position_m.x=0.040986944407158665
steps[7].target_tcp.position_m.y=-1.5364893594106015
steps[7].target_tcp.position_m.z=0.8167834972443337
steps[7].target_tcp.orientation_xyzw.x=-0.43559961213469944
steps[7].target_tcp.orientation_xyzw.y=0.6337765362069385
steps[7].target_tcp.orientation_xyzw.z=-0.5282946458701413
steps[7].target_tcp.orientation_xyzw.w=-0.35984030792363536
steps[7].joint_names[0]=right_manipulator_joint1
steps[7].joint_names[1]=right_manipulator_joint2
steps[7].joint_names[2]=right_manipulator_joint3
steps[7].joint_names[3]=right_manipulator_joint4
steps[7].joint_names[4]=right_manipulator_joint5
steps[7].joint_names[5]=right_manipulator_joint6
steps[7].joint_positions_rad[0]=5.272405951257604
steps[7].joint_positions_rad[1]=1.1691705954383358
steps[7].joint_positions_rad[2]=2.1249962880568054
steps[7].joint_positions_rad[3]=3.687834157408164
steps[7].joint_positions_rad[4]=1.5169816974896109
steps[7].joint_positions_rad[5]=1.4982739229381858
steps[8].sequence_number=9
steps[8].type=digital_output
steps[8].parallel_slot=8
steps[8].duration=0.0
steps[8].port=0
steps[8].value=True
steps[8].weld_scenario_id=weld-9912321450096
steps[8].weld_scenario_stage=touch_output_on
hicomm_cyclic_period_ms=40.0
arc_wait_recognition=True
arc_wait_main_welding=True
arc_wait_established=True
arc_establishment_timeout_s=5.0

[summary]
rx_samples=464
welding_samples=0
wcr_seen=0
current_a.min=None
current_a.average=None
current_a.max=None
voltage_v.min=None
voltage_v.average=None
voltage_v.max=None
wire_feed_m_min.min=None
wire_feed_m_min.average=None
wire_feed_m_min.max=None

[production_metrics]
arc_started_elapsed_s=None
arc_completed_elapsed_s=None
arc_on_time_s=0.0
main_weld_arc_time_s=0.0
crater_arc_time_s=0.0
weld_motion_start_elapsed_s=0.020347439000033773
weld_motion_complete_elapsed_s=None
weld_motion_duration_s=None
net_weld_arc_time_s=0.0
wire_feed_average_m_min=0.0
wire_consumable_base_mm=0.0
wire_consumable_alpha_mm=0.0
wire_consumable_mm=0.0
wire_consumable_formula=integral(WFS*1000/60*dt)+alpha
weld_motion_start_unix_time=1789440974.7980516
weld_motion_start_wall_time=2026-09-15 11:56:14.798
weld_motion_complete_unix_time=None
weld_motion_complete_wall_time=None

[arc_off_control]

[teaching_snapshot_yaml]
robot_start:
  planning_group: right_manipulator
  joint_state:
    names:
    - right_manipulator_joint1
    - right_manipulator_joint2
    - right_manipulator_joint3
    - right_manipulator_joint4
    - right_manipulator_joint5
    - right_manipulator_joint6
    positions_rad:
    - 5.27240967968313
    - 1.0710261184710546
    - 2.180025851451385
    - 3.6894743983235436
    - 1.4802383302458966
    - 1.475784459638848
  tcp_pose_world:
    position_m:
      x: 0.0409882833240674
      y: -1.5365128539727777
      z: 0.8899872668309907
    orientation_xyzw:
      x: -0.4355837586611503
      y: 0.6337556876271521
      z: -0.5283180348228105
      w: -0.3598618786031996
weld_wait:
  planning_group: right_manipulator
  joint_state:
    names:
    - right_manipulator_joint1
    - right_manipulator_joint2
    - right_manipulator_joint3
    - right_manipulator_joint4
    - right_manipulator_joint5
    - right_manipulator_joint6
    positions_rad:
    - 5.1648525927381
    - 1.2922420604716771
    - 1.8539296322963983
    - 3.589461780430599
    - 1.391100331190127
    - 1.4199194626103104
  tcp_pose_world:
    position_m:
      x: 0.046493459423684325
      y: -1.7156812209764052
      z: 0.7039206836462237
    orientation_xyzw:
      x: -0.435586797430743
      y: 0.6337639392821951
      z: -0.528318038619688
      w: -0.35984366221817626
weld_start_wait:
  planning_group: right_manipulator
  joint_state:
    names:
    - right_manipulator_joint1
    - right_manipulator_joint2
    - right_manipulator_joint3
    - right_manipulator_joint4
    - right_manipulator_joint5
    - right_manipulator_joint6
    positions_rad:
    - 5.165179096287744
    - 1.3192841976545053
    - 1.833801860251743
    - 3.58926816861935
    - 1.3973881876818586
    - 1.4228621224567934
  tcp_pose_world:
    position_m:
      x: 0.04679661342158309
      y: -1.7157272494256113
      z: 0.6808993470560196
    orientation_xyzw:
      x: -0.4356040005965647
      y: 0.6337302693138561
      z: -0.528315255502808
      w: -0.35988621982879293
weld_start:
  planning_group: right_manipulator
  joint_state:
    names:
    - right_manipulator_joint1
    - right_manipulator_joint2
    - right_manipulator_joint3
    - right_manipulator_joint4
    - right_manipulator_joint5
    - right_manipulator_joint6
    positions_rad:
    - 5.1648525927381
    - 1.3251391573110445
    - 1.8296935347961323
    - 3.588827681775051
    - 1.3987550551113417
    - 1.423484769519654
  tcp_pose_world:
    position_m:
      x: 0.04639012308157919
      y: -1.7155348989806636
      z: 0.6758045566264259
    orientation_xyzw:
      x: -0.43568190743491547
      y: 0.633759300366467
      z: -0.5282185051222237
      w: -0.35988280811859236
weld_goal_wait:
  planning_group: right_manipulator
  joint_state:
    names:
    - right_manipulator_joint1
    - right_manipulator_joint2
    - right_manipulator_joint3
    - right_manipulator_joint4
    - right_manipulator_joint5
    - right_manipulator_joint6
    positions_rad:
    - 5.273689062270805
    - 1.337714737136453
    - 2.0084516982230305
    - 3.688240289474401
    - 1.561243168490619
    - 1.5254147302394014
  tcp_pose_world:
    position_m:
      x: 0.0423937317465059
      y: -1.5371105920713002
      z: 0.6833915523748588
    orientation_xyzw:
      x: -0.43563211053380774
      y: 0.6337733314661355
      z: -0.5282603683300546
      w: -0.35985693246896244
weld_end:
  planning_group: right_manipulator
  joint_state:
    names:
    - right_manipulator_joint1
    - right_manipulator_joint2
    - right_manipulator_joint3
    - right_manipulator_joint4
    - right_manipulator_joint5
    - right_manipulator_joint6
    positions_rad:
    - 5.272428854442979
    - 1.3439683720081772
    - 2.005076141541355
    - 3.686998723774206
    - 1.5637338899001154
    - 1.5268463124833733
  tcp_pose_world:
    position_m:
      x: 0.040988304454498636
      y: -1.5364268709187994
      z: 0.6784764993838666
    orientation_xyzw:
      x: -0.4355976651818463
      y: 0.6338379374848955
      z: -0.5282534141248965
      w: -0.35979504382135175
weld_finish:
  planning_group: right_manipulator
  joint_state:
    names:
    - right_manipulator_joint1
    - right_manipulator_joint2
    - right_manipulator_joint3
    - right_manipulator_joint4
    - right_manipulator_joint5
    - right_manipulator_joint6
    positions_rad:
    - 5.272405951257604
    - 1.1691705954383358
    - 2.1249962880568054
    - 3.687834157408164
    - 1.5169816974896109
    - 1.4982739229381858
  tcp_pose_world:
    position_m:
      x: 0.040986944407158665
      y: -1.5364893594106015
      z: 0.8167834972443337
    orientation_xyzw:
      x: -0.43559961213469944
      y: 0.6337765362069385
      z: -0.5282946458701413
      w: -0.35984030792363536

[touch_snapshot_yaml]
{}

[samples]
elapsed_s raw0 state arc gas fwd wcr current_a voltage_v wire_feed_m_min set_current_a set_voltage_v error db collision
0.043 0x00 idle 0 0 0 0 0 0.0 0.0 100 10.0 0 0 0
0.079 0x00 idle 0 0 0 0 0 0.0 0.0 100 10.0 0 0 0
0.119 0x00 idle 0 0 0 0 0 0.0 0.0 100 10.0 0 0 0
0.158 0x00 idle 0 0 0 0 0 0.0 0.0 100 10.0 0 0 0
0.201 0x00 idle 0 0 0 0 0 0.0 0.0 100 10.0 0 0 0
0.235 0x00 idle 0 0 0 0 0 0.0 0.0 100 10.0 0 0 0
0.274 0x00 idle 0 0 0 0 0 0.0 0.0 100 10.0 0 0 0
0.315 0x00 idle 0 0 0 0 0 0.0 0.0 100 10.0 0 0 0
0.356 0x00 idle 0 0 0 0 0 0.0 0.0 100 10.0 0 0 0
0.402 0x00 idle 0 0 0 0 0 0.0 0.0 100 10.0 0 0 0
0.436 0x00 idle 0 0 0 0 0 0.0 0.0 100 10.0 0 0 0
0.475 0x00 idle 0 0 0 0 0 0.0 0.0 100 10.0 0 0 0
0.515 0x00 idle 0 0 0 0 0 0.0 0.0 100 10.0 0 0 0
0.557 0x00 idle 0 0 0 0 0 0.0 0.0 100 10.0 0 0 0
0.594 0x00 idle 0 0 0 0 0 0.0 0.0 100 10.0 0 0 0
0.639 0x00 idle 0 0 0 0 0 0.0 0.0 100 10.0 0 0 0
0.676 0x00 idle 0 0 0 0 0 0.0 0.0 100 10.0 0 0 0
0.714 0x00 idle 0 0 0 0 0 0.0 0.0 100 10.0 0 0 0
0.761 0x00 idle 0 0 0 0 0 0.0 0.0 100 10.0 0 0 0
0.795 0x00 idle 0 0 0 0 0 0.0 0.0 100 10.0 0 0 0
0.835 0x00 idle 0 0 0 0 0 0.0 0.0 100 10.0 0 0 0
0.877 0x00 idle 0 0 0 0 0 0.0 0.0 100 10.0 0 0 0
0.915 0x00 idle 0 0 0 0 0 0.0 0.0 100 10.0 0 0 0
0.958 0x00 idle 0 0 0 0 0 0.0 0.0 100 10.0 0 0 0
0.998 0x00 idle 0 0 0 0 0 0.0 0.0 100 10.0 0 0 0
1.035 0x00 idle 0 0 0 0 0 0.0 0.0 100 10.0 0 0 0
1.076 0x00 idle 0 0 0 0 0 0.0 0.0 100 10.0 0 0 0
1.116 0x00 idle 0 0 0 0 0 0.0 0.0 100 10.0 0 0 0
1.156 0x00 idle 0 0 0 0 0 0.0 0.0 100 10.0 0 0 0
1.198 0x00 idle 0 0 0 0 0 0.0 0.0 100 10.0 0 0 0
1.236 0x00 idle 0 0 0 0 0 0.0 0.0 100 10.0 0 0 0
1.274 0x00 idle 0 0 0 0 0 0.0 0.0 100 10.0 0 0 0
1.316 0x00 idle 0 0 0 0 0 0.0 0.0 100 10.0 0 0 0
1.355 0x00 idle 0 0 0 0 0 0.0 0.0 100 10.0 0 0 0
1.396 0x00 idle 0 0 0 0 0 0.0 0.0 100 10.0 0 0 0
1.435 0x00 idle 0 0 0 0 0 0.0 0.0 100 10.0 0 0 0
1.477 0x00 idle 0 0 0 0 0 0.0 0.0 100 10.0 0 0 0
1.516 0x00 idle 0 0 0 0 0 0.0 0.0 100 10.0 0 0 0
1.556 0x00 idle 0 0 0 0 0 0.0 0.0 100 10.0 0 0 0
1.595 0x00 idle 0 0 0 0 0 0.0 0.0 100 10.0 0 0 0
1.636 0x00 idle 0 0 0 0 0 0.0 0.0 100 10.0 0 0 0
1.674 0x00 idle 0 0 0 0 0 0.0 0.0 100 10.0 0 0 0
1.715 0x00 idle 0 0 0 0 0 0.0 0.0 100 10.0 0 0 0
1.757 0x00 idle 0 0 0 0 0 0.0 0.0 100 10.0 0 0 0
1.798 0x00 idle 0 0 0 0 0 0.0 0.0 100 10.0 0 0 0
1.838 0x00 idle 0 0 0 0 0 0.0 0.0 100 10.0 0 0 0
1.875 0x00 idle 0 0 0 0 0 0.0 0.0 100 10.0 0 0 0
1.916 0x00 idle 0 0 0 0 0 0.0 0.0 100 10.0 0 0 0
1.957 0x00 idle 0 0 0 0 0 0.0 0.0 100 10.0 0 0 0
1.997 0x00 idle 0 0 0 0 0 0.0 0.0 100 10.0 0 0 0
2.039 0x00 idle 0 0 0 0 0 0.0 0.0 100 10.0 0 0 0
2.077 0x00 idle 0 0 0 0 0 0.0 0.0 100 10.0 0 0 0
2.115 0x00 idle 0 0 0 0 0 0.0 0.0 100 10.0 0 0 0
2.156 0x00 idle 0 0 0 0 0 0.0 0.0 100 10.0 0 0 0
2.204 0x00 idle 0 0 0 0 0 0.0 0.0 100 10.0 0 0 0
2.234 0x00 idle 0 0 0 0 0 0.0 0.0 100 10.0 0 0 0
2.276 0x00 idle 0 0 0 0 0 0.0 0.0 100 10.0 0 0 0
2.315 0x00 idle 0 0 0 0 0 0.0 0.0 100 10.0 0 0 0
2.355 0x00 idle 0 0 0 0 0 0.0 0.0 100 10.0 0 0 0
2.398 0x00 idle 0 0 0 0 0 0.0 0.0 100 10.0 0 0 0
2.436 0x00 idle 0 0 0 0 0 0.0 0.0 100 10.0 0 0 0
2.475 0x00 idle 0 0 0 0 0 0.0 0.0 100 10.0 0 0 0
2.516 0x00 idle 0 0 0 0 0 0.0 0.0 100 10.0 0 0 0
2.558 0x00 idle 0 0 0 0 0 0.0 0.0 100 10.0 0 0 0
2.598 0x00 idle 0 0 0 0 0 0.0 0.0 100 10.0 0 0 0
2.638 0x00 idle 0 0 0 0 0 0.0 0.0 100 10.0 0 0 0
2.676 0x00 idle 0 0 0 0 0 0.0 0.0 100 10.0 0 0 0
2.715 0x00 idle 0 0 0 0 0 0.0 0.0 100 10.0 0 0 0
2.758 0x00 idle 0 0 0 0 0 0.0 0.0 100 10.0 0 0 0
2.796 0x00 idle 0 0 0 0 0 0.0 0.0 100 10.0 0 0 0
2.835 0x00 idle 0 0 0 0 0 0.0 0.0 100 10.0 0 0 0
2.876 0x00 idle 0 0 0 0 0 0.0 0.0 100 10.0 0 0 0
2.915 0x00 idle 0 0 0 0 0 0.0 0.0 100 10.0 0 0 0
2.957 0x00 idle 0 0 0 0 0 0.0 0.0 100 10.0 0 0 0
2.995 0x00 idle 0 0 0 0 0 0.0 0.0 100 10.0 0 0 0
3.036 0x00 idle 0 0 0 0 0 0.0 0.0 100 10.0 0 0 0
3.075 0x00 idle 0 0 0 0 0 0.0 0.0 100 10.0 0 0 0
3.115 0x00 idle 0 0 0 0 0 0.0 0.0 100 10.0 0 0 0
3.155 0x00 idle 0 0 0 0 0 0.0 0.0 100 10.0 0 0 0
3.195 0x00 idle 0 0 0 0 0 0.0 0.0 100 10.0 0 0 0
3.234 0x00 idle 0 0 0 0 0 0.0 0.0 100 10.0 0 0 0
3.276 0x00 idle 0 0 0 0 0 0.0 0.0 100 10.0 0 0 0
3.315 0x00 idle 0 0 0 0 0 0.0 0.0 100 10.0 0 0 0
3.355 0x00 idle 0 0 0 0 0 0.0 0.0 100 10.0 0 0 0
3.399 0x00 idle 0 0 0 0 0 0.0 0.0 100 10.0 0 0 0
3.435 0x00 idle 0 0 0 0 0 0.0 0.0 100 10.0 0 0 0
3.479 0x00 idle 0 0 0 0 0 0.0 0.0 100 10.0 0 0 0
3.514 0x00 idle 0 0 0 0 0 0.0 0.0 100 10.0 0 0 0
3.559 0x00 idle 0 0 0 0 0 0.0 0.0 100 10.0 0 0 0
3.598 0x00 idle 0 0 0 0 0 0.0 0.0 100 10.0 0 0 0
3.635 0x00 idle 0 0 0 0 0 0.0 0.0 100 10.0 0 0 0
3.674 0x00 idle 0 0 0 0 0 0.0 0.0 100 10.0 0 0 0
3.714 0x00 idle 0 0 0 0 0 0.0 0.0 100 10.0 0 0 0
3.754 0x00 idle 0 0 0 0 0 0.0 0.0 100 10.0 0 0 0
3.795 0x00 idle 0 0 0 0 0 0.0 0.0 100 10.0 0 0 0
3.833 0x00 idle 0 0 0 0 0 0.0 0.0 100 10.0 0 0 0
3.876 0x00 idle 0 0 0 0 0 0.0 0.0 100 10.0 0 0 0
3.915 0x00 idle 0 0 0 0 0 0.0 0.0 100 10.0 0 0 0
3.955 0x00 idle 0 0 0 0 0 0.0 0.0 100 10.0 0 0 0
3.996 0x00 idle 0 0 0 0 0 0.0 0.0 100 10.0 0 0 0
4.038 0x00 idle 0 0 0 0 0 0.0 0.0 100 10.0 0 0 0
4.076 0x00 idle 0 0 0 0 0 0.0 0.0 100 10.0 0 0 0
4.115 0x00 idle 0 0 0 0 0 0.0 0.0 100 10.0 0 0 0
4.160 0x00 idle 0 0 0 0 0 0.0 0.0 100 10.0 0 0 0
4.195 0x00 idle 0 0 0 0 0 0.0 0.0 100 10.0 0 0 0
4.236 0x00 idle 0 0 0 0 0 0.0 0.0 100 10.0 0 0 0
4.277 0x00 idle 0 0 0 0 0 0.0 0.0 100 10.0 0 0 0
4.316 0x00 idle 0 0 0 0 0 0.0 0.0 100 10.0 0 0 0
4.359 0x00 idle 0 0 0 0 0 0.0 0.0 100 10.0 0 0 0
4.401 0x00 idle 0 0 0 0 0 0.0 0.0 100 10.0 0 0 0
4.439 0x00 idle 0 0 0 0 0 0.0 0.0 100 10.0 0 0 0
4.475 0x00 idle 0 0 0 0 0 0.0 0.0 100 10.0 0 0 0
4.515 0x00 idle 0 0 0 0 0 0.0 0.0 100 10.0 0 0 0
4.562 0x00 idle 0 0 0 0 0 0.0 0.0 100 10.0 0 0 0
4.596 0x00 idle 0 0 0 0 0 0.0 0.0 100 10.0 0 0 0
4.635 0x00 idle 0 0 0 0 0 0.0 0.0 100 10.0 0 0 0
4.675 0x00 idle 0 0 0 0 0 0.0 0.0 100 10.0 0 0 0
4.716 0x00 idle 0 0 0 0 0 0.0 0.0 100 10.0 0 0 0
4.757 0x00 idle 0 0 0 0 0 0.0 0.0 100 10.0 0 0 0
4.795 0x00 idle 0 0 0 0 0 0.0 0.0 100 10.0 0 0 0
4.835 0x00 idle 0 0 0 0 0 0.0 0.0 100 10.0 0 0 0
4.880 0x00 idle 0 0 0 0 0 0.0 0.0 100 10.0 0 0 0
4.922 0x00 idle 0 0 0 0 0 0.0 0.0 100 10.0 0 0 0
4.960 0x00 idle 0 0 0 0 0 0.0 0.0 100 10.0 0 0 0
4.998 0x00 idle 0 0 0 0 0 0.0 0.0 100 10.0 0 0 0
5.036 0x00 idle 0 0 0 0 0 0.0 0.0 100 10.0 0 0 0
5.076 0x00 idle 0 0 0 0 0 0.0 0.0 100 10.0 0 0 0
5.116 0x00 idle 0 0 0 0 0 0.0 0.0 100 10.0 0 0 0
5.156 0x00 idle 0 0 0 0 0 0.0 0.0 100 10.0 0 0 0
5.196 0x00 idle 0 0 0 0 0 0.0 0.0 100 10.0 0 0 0
5.234 0x00 idle 0 0 0 0 0 0.0 0.0 100 10.0 0 0 0
5.276 0x00 idle 0 0 0 0 0 0.0 0.0 100 10.0 0 0 0
5.314 0x00 idle 0 0 0 0 0 0.0 0.0 100 10.0 0 0 0
5.356 0x00 idle 0 0 0 0 0 0.0 0.0 100 10.0 0 0 0
5.397 0x00 idle 0 0 0 0 0 0.0 0.0 100 10.0 0 0 0
5.437 0x00 idle 0 0 0 0 0 0.0 0.0 100 10.0 0 0 0
5.474 0x00 idle 0 0 0 0 0 0.0 0.0 100 10.0 0 0 0
5.515 0x00 idle 0 0 0 0 0 0.0 0.0 100 10.0 0 0 0
5.559 0x00 idle 0 0 0 0 0 0.0 0.0 100 10.0 0 0 0
5.604 0x00 idle 0 0 0 0 0 0.0 0.0 100 10.0 0 0 0
5.635 0x00 idle 0 0 0 0 0 0.0 0.0 100 10.0 0 0 0
5.675 0x00 idle 0 0 0 0 0 0.0 0.0 100 10.0 0 0 0
5.717 0x00 idle 0 0 0 0 0 0.0 0.0 100 10.0 0 0 0
5.757 0x00 idle 0 0 0 0 0 0.0 0.0 100 10.0 0 0 0
5.795 0x00 idle 0 0 0 0 0 0.0 0.0 100 10.0 0 0 0
5.835 0x00 idle 0 0 0 0 0 0.0 0.0 100 10.0 0 0 0
5.876 0x00 idle 0 0 0 0 0 0.0 0.0 100 10.0 0 0 0
5.916 0x00 idle 0 0 0 0 0 0.0 0.0 100 10.0 0 0 0
5.958 0x00 idle 0 0 0 0 0 0.0 0.0 100 10.0 0 0 0
6.000 0x00 idle 0 0 0 0 0 0.0 0.0 100 10.0 0 0 0
6.035 0x00 idle 0 0 0 0 0 0.0 0.0 100 10.0 0 0 0
6.075 0x00 idle 0 0 0 0 0 0.0 0.0 100 10.0 0 0 0
6.117 0x00 idle 0 0 0 0 0 0.0 0.0 100 10.0 0 0 0
6.157 0x00 idle 0 0 0 0 0 0.0 0.0 100 10.0 0 0 0
6.194 0x00 idle 0 0 0 0 0 0.0 0.0 100 10.0 0 0 0
6.235 0x00 idle 0 0 0 0 0 0.0 0.0 100 10.0 0 0 0
6.279 0x00 idle 0 0 0 0 0 0.0 0.0 100 10.0 0 0 0
6.317 0x00 idle 0 0 0 0 0 0.0 0.0 100 10.0 0 0 0
6.357 0x00 idle 0 0 0 0 0 0.0 0.0 100 10.0 0 0 0
6.397 0x00 idle 0 0 0 0 0 0.0 0.0 100 10.0 0 0 0
6.439 0x00 idle 0 0 0 0 0 0.0 0.0 100 10.0 0 0 0
6.475 0x00 idle 0 0 0 0 0 0.0 0.0 100 10.0 0 0 0
6.517 0x00 idle 0 0 0 0 0 0.0 0.0 100 10.0 0 0 0
6.559 0x00 idle 0 0 0 0 0 0.0 0.0 100 10.0 0 0 0
6.596 0x00 idle 0 0 0 0 0 0.0 0.0 100 10.0 0 0 0
6.633 0x00 idle 0 0 0 0 0 0.0 0.0 100 10.0 0 0 0
6.674 0x00 idle 0 0 0 0 0 0.0 0.0 100 10.0 0 0 0
6.714 0x00 idle 0 0 0 0 0 0.0 0.0 100 10.0 0 0 0
6.756 0x00 idle 0 0 0 0 0 0.0 0.0 100 10.0 0 0 0
6.795 0x00 idle 0 0 0 0 0 0.0 0.0 100 10.0 0 0 0
6.834 0x00 idle 0 0 0 0 0 0.0 0.0 100 10.0 0 0 0
6.874 0x00 idle 0 0 0 0 0 0.0 0.0 100 10.0 0 0 0
6.915 0x00 idle 0 0 0 0 0 0.0 0.0 100 10.0 0 0 0
6.957 0x00 idle 0 0 0 0 0 0.0 0.0 100 10.0 0 0 0
6.995 0x00 idle 0 0 0 0 0 0.0 0.0 100 10.0 0 0 0
7.035 0x00 idle 0 0 0 0 0 0.0 0.0 100 10.0 0 0 0
7.076 0x00 idle 0 0 0 0 0 0.0 0.0 100 10.0 0 0 0
7.122 0x00 idle 0 0 0 0 0 0.0 0.0 100 10.0 0 0 0
7.156 0x00 idle 0 0 0 0 0 0.0 0.0 100 10.0 0 0 0
7.195 0x00 idle 0 0 0 0 0 0.0 0.0 100 10.0 0 0 0
7.241 0x00 idle 0 0 0 0 0 0.0 0.0 100 10.0 0 0 0
7.277 0x00 idle 0 0 0 0 0 0.0 0.0 100 10.0 0 0 0
7.314 0x00 idle 0 0 0 0 0 0.0 0.0 100 10.0 0 0 0
7.356 0x00 idle 0 0 0 0 0 0.0 0.0 100 10.0 0 0 0
7.399 0x00 idle 0 0 0 0 0 0.0 0.0 100 10.0 0 0 0
7.435 0x00 idle 0 0 0 0 0 0.0 0.0 100 10.0 0 0 0
7.476 0x00 idle 0 0 0 0 0 0.0 0.0 100 10.0 0 0 0
7.515 0x00 idle 0 0 0 0 0 0.0 0.0 100 10.0 0 0 0
7.559 0x00 idle 0 0 0 0 0 0.0 0.0 100 10.0 0 0 0
7.595 0x00 idle 0 0 0 0 0 0.0 0.0 100 10.0 0 0 0
7.635 0x00 idle 0 0 0 0 0 0.0 0.0 100 10.0 0 0 0
7.682 0x00 idle 0 0 0 0 0 0.0 0.0 100 10.0 0 0 0
7.715 0x00 idle 0 0 0 0 0 0.0 0.0 100 10.0 0 0 0
7.755 0x00 idle 0 0 0 0 0 0.0 0.0 100 10.0 0 0 0
7.796 0x00 idle 0 0 0 0 0 0.0 0.0 100 10.0 0 0 0
7.835 0x00 idle 0 0 0 0 0 0.0 0.0 100 10.0 0 0 0
7.876 0x00 idle 0 0 0 0 0 0.0 0.0 100 10.0 0 0 0
7.915 0x00 idle 0 0 0 0 0 0.0 0.0 100 10.0 0 0 0
7.955 0x00 idle 0 0 0 0 0 0.0 0.0 100 10.0 0 0 0
7.998 0x00 idle 0 0 0 0 0 0.0 0.0 100 10.0 0 0 0
8.034 0x00 idle 0 0 0 0 0 0.0 0.0 100 10.0 0 0 0
8.076 0x00 idle 0 0 0 0 0 0.0 0.0 100 10.0 0 0 0
8.114 0x00 idle 0 0 0 0 0 0.0 0.0 100 10.0 0 0 0
8.161 0x00 idle 0 0 0 0 0 0.0 0.0 100 10.0 0 0 0
8.200 0x00 idle 0 0 0 0 0 0.0 0.0 100 10.0 0 0 0
8.236 0x00 idle 0 0 0 0 0 0.0 0.0 100 10.0 0 0 0
8.277 0x00 idle 0 0 0 0 0 0.0 0.0 100 10.0 0 0 0
8.315 0x00 idle 0 0 0 0 0 0.0 0.0 100 10.0 0 0 0
8.355 0x00 idle 0 0 0 0 0 0.0 0.0 100 10.0 0 0 0
8.398 0x00 idle 0 0 0 0 0 0.0 0.0 100 10.0 0 0 0
8.437 0x00 idle 0 0 0 0 0 0.0 0.0 100 10.0 0 0 0
8.475 0x00 idle 0 0 0 0 0 0.0 0.0 100 10.0 0 0 0
8.517 0x00 idle 0 0 0 0 0 0.0 0.0 100 10.0 0 0 0
8.558 0x00 idle 0 0 0 0 0 0.0 0.0 100 10.0 0 0 0
8.597 0x00 idle 0 0 0 0 0 0.0 0.0 100 10.0 0 0 0
8.637 0x00 idle 0 0 0 0 0 0.0 0.0 100 10.0 0 0 0
8.677 0x00 idle 0 0 0 0 0 0.0 0.0 100 10.0 0 0 0
8.714 0x00 idle 0 0 0 0 0 0.0 0.0 100 10.0 0 0 0
8.758 0x00 idle 0 0 0 0 0 0.0 0.0 100 10.0 0 0 0
8.799 0x00 idle 0 0 0 0 0 0.0 0.0 100 10.0 0 0 0
8.837 0x00 idle 0 0 0 0 0 0.0 0.0 100 10.0 0 0 0
8.874 0x00 idle 0 0 0 0 0 0.0 0.0 100 10.0 0 0 0
8.916 0x00 idle 0 0 0 0 0 0.0 0.0 100 10.0 0 0 0
8.955 0x00 idle 0 0 0 0 0 0.0 0.0 100 10.0 0 0 0
8.996 0x00 idle 0 0 0 0 0 0.0 0.0 100 10.0 0 0 0
9.036 0x00 idle 0 0 0 0 0 0.0 0.0 100 10.0 0 0 0
9.080 0x00 idle 0 0 0 0 0 0.0 0.0 100 10.0 0 0 0
9.122 0x00 idle 0 0 0 0 0 0.0 0.0 100 10.0 0 0 0
9.156 0x00 idle 0 0 0 0 0 0.0 0.0 100 10.0 0 0 0
9.196 0x00 idle 0 0 0 0 0 0.0 0.0 100 10.0 0 0 0
9.235 0x00 idle 0 0 0 0 0 0.0 0.0 100 10.0 0 0 0
9.277 0x00 idle 0 0 0 0 0 0.0 0.0 100 10.0 0 0 0
9.315 0x00 idle 0 0 0 0 0 0.0 0.0 100 10.0 0 0 0
9.356 0x00 idle 0 0 0 0 0 0.0 0.0 100 10.0 0 0 0
9.401 0x00 idle 0 0 0 0 0 0.0 0.0 100 10.0 0 0 0
9.434 0x00 idle 0 0 0 0 0 0.0 0.0 100 10.0 0 0 0
9.474 0x00 idle 0 0 0 0 0 0.0 0.0 100 10.0 0 0 0
9.514 0x00 idle 0 0 0 0 0 0.0 0.0 100 10.0 0 0 0
9.558 0x00 idle 0 0 0 0 0 0.0 0.0 100 10.0 0 0 0
9.604 0x00 idle 0 0 0 0 0 0.0 0.0 100 10.0 0 0 0
9.634 0x00 idle 0 0 0 0 0 0.0 0.0 100 10.0 0 0 0
9.676 0x00 idle 0 0 0 0 0 0.0 0.0 100 10.0 0 0 0
9.715 0x00 idle 0 0 0 0 0 0.0 0.0 100 10.0 0 0 0
9.757 0x00 idle 0 0 0 0 0 0.0 0.0 100 10.0 0 0 0
9.795 0x00 idle 0 0 0 0 0 0.0 0.0 100 10.0 0 0 0
9.835 0x00 idle 0 0 0 0 0 0.0 0.0 100 10.0 0 0 0
9.875 0x00 idle 0 0 0 0 0 0.0 0.0 100 10.0 0 0 0
9.917 0x00 idle 0 0 0 0 0 0.0 0.0 100 10.0 0 0 0
9.956 0x00 idle 0 0 0 0 0 0.0 0.0 100 10.0 0 0 0
10.001 0x00 idle 0 0 0 0 0 0.0 0.0 100 10.0 0 0 0
10.037 0x00 idle 0 0 0 0 0 0.0 0.0 100 10.0 0 0 0
10.076 0x00 idle 0 0 0 0 0 0.0 0.0 100 10.0 0 0 0
10.117 0x00 idle 0 0 0 0 0 0.0 0.0 100 10.0 0 0 0
10.158 0x00 idle 0 0 0 0 0 0.0 0.0 100 10.0 0 0 0
10.194 0x00 idle 0 0 0 0 0 0.0 0.0 100 10.0 0 0 0
10.235 0x00 idle 0 0 0 0 0 0.0 0.0 100 10.0 0 0 0
10.274 0x00 idle 0 0 0 0 0 0.0 0.0 100 10.0 0 0 0
10.316 0x00 idle 0 0 0 0 0 0.0 0.0 100 10.0 0 0 0
10.356 0x00 idle 0 0 0 0 0 0.0 0.0 100 10.0 0 0 0
10.405 0x00 idle 0 0 0 0 0 0.0 0.0 100 10.0 0 0 0
10.433 0x00 idle 0 0 0 0 0 0.0 0.0 100 10.0 0 0 0
10.481 0x00 idle 0 0 0 0 0 0.0 0.0 100 10.0 0 0 0
10.515 0x00 idle 0 0 0 0 0 0.0 0.0 100 10.0 0 0 0
10.563 0x00 idle 0 0 0 0 0 0.0 0.0 100 10.0 0 0 0
10.603 0x00 idle 0 0 0 0 0 0.0 0.0 100 10.0 0 0 0
10.635 0x00 idle 0 0 0 0 0 0.0 0.0 100 10.0 0 0 0
10.677 0x00 idle 0 0 0 0 0 0.0 0.0 100 10.0 0 0 0
10.716 0x00 idle 0 0 0 0 0 0.0 0.0 100 10.0 0 0 0
10.755 0x00 idle 0 0 0 0 0 0.0 0.0 100 10.0 0 0 0
10.794 0x00 idle 0 0 0 0 0 0.0 0.0 100 10.0 0 0 0
10.837 0x00 idle 0 0 0 0 0 0.0 0.0 100 10.0 0 0 0
10.875 0x00 idle 0 0 0 0 0 0.0 0.0 100 10.0 0 0 0
10.916 0x00 idle 0 0 0 0 0 0.0 0.0 100 10.0 0 0 0
10.956 0x00 idle 0 0 0 0 0 0.0 0.0 100 10.0 0 0 0
10.994 0x00 idle 0 0 0 0 0 0.0 0.0 100 10.0 0 0 0
11.038 0x00 idle 0 0 0 0 0 0.0 0.0 100 10.0 0 0 0
11.075 0x00 idle 0 0 0 0 0 0.0 0.0 100 10.0 0 0 0
11.114 0x00 idle 0 0 0 0 0 0.0 0.0 100 10.0 0 0 0
11.156 0x00 idle 0 0 0 0 0 0.0 0.0 100 10.0 0 0 0
11.196 0x00 idle 0 0 0 0 0 0.0 0.0 100 10.0 0 0 0
11.234 0x00 idle 0 0 0 0 0 0.0 0.0 100 10.0 0 0 0
11.277 0x00 idle 0 0 0 0 0 0.0 0.0 100 10.0 0 0 0
11.318 0x00 idle 0 0 0 0 0 0.0 0.0 100 10.0 0 0 0
11.354 0x00 idle 0 0 0 0 0 0.0 0.0 100 10.0 0 0 0
11.402 0x00 idle 0 0 0 0 0 0.0 0.0 100 10.0 0 0 0
11.435 0x00 idle 0 0 0 0 0 0.0 0.0 100 10.0 0 0 0
11.476 0x00 idle 0 0 0 0 0 0.0 0.0 100 10.0 0 0 0
11.516 0x00 idle 0 0 0 0 0 0.0 0.0 100 10.0 0 0 0
11.556 0x00 idle 0 0 0 0 0 0.0 0.0 100 10.0 0 0 0
11.602 0x00 idle 0 0 0 0 0 0.0 0.0 100 10.0 0 0 0
11.636 0x00 idle 0 0 0 0 0 0.0 0.0 100 10.0 0 0 0
11.679 0x00 idle 0 0 0 0 0 0.0 0.0 100 10.0 0 0 0
11.720 0x00 idle 0 0 0 0 0 0.0 0.0 100 10.0 0 0 0
11.755 0x00 idle 0 0 0 0 0 0.0 0.0 100 10.0 0 0 0
11.797 0x00 idle 0 0 0 0 0 0.0 0.0 100 10.0 0 0 0
11.836 0x00 idle 0 0 0 0 0 0.0 0.0 100 10.0 0 0 0
11.878 0x00 idle 0 0 0 0 0 0.0 0.0 100 10.0 0 0 0
11.922 0x00 idle 0 0 0 0 0 0.0 0.0 100 10.0 0 0 0
11.956 0x00 idle 0 0 0 0 0 0.0 0.0 100 10.0 0 0 0
11.996 0x00 idle 0 0 0 0 0 0.0 0.0 100 10.0 0 0 0
12.035 0x00 idle 0 0 0 0 0 0.0 0.0 100 10.0 0 0 0
12.073 0x00 idle 0 0 0 0 0 0.0 0.0 100 10.0 0 0 0
12.115 0x00 idle 0 0 0 0 0 0.0 0.0 100 10.0 0 0 0
12.160 0x00 idle 0 0 0 0 0 0.0 0.0 100 10.0 0 0 0
12.199 0x00 idle 0 0 0 0 0 0.0 0.0 100 10.0 0 0 0
12.235 0x00 idle 0 0 0 0 0 0.0 0.0 100 10.0 0 0 0
12.274 0x00 idle 0 0 0 0 0 0.0 0.0 100 10.0 0 0 0
12.317 0x00 idle 0 0 0 0 0 0.0 0.0 100 10.0 0 0 0
12.362 0x00 idle 0 0 0 0 0 0.0 0.0 100 10.0 0 0 0
12.399 0x00 idle 0 0 0 0 0 0.0 0.0 100 10.0 0 0 0
12.437 0x00 idle 0 0 0 0 0 0.0 0.0 100 10.0 0 0 0
12.476 0x00 idle 0 0 0 0 0 0.0 0.0 100 10.0 0 0 0
12.515 0x00 idle 0 0 0 0 0 0.0 0.0 100 10.0 0 0 0
12.559 0x00 idle 0 0 0 0 0 0.0 0.0 100 10.0 0 0 0
12.597 0x00 idle 0 0 0 0 0 0.0 0.0 100 10.0 0 0 0
12.637 0x00 idle 0 0 0 0 0 0.0 0.0 100 10.0 0 0 0
12.679 0x00 idle 0 0 0 0 0 0.0 0.0 100 10.0 0 0 0
12.717 0x00 idle 0 0 0 0 0 0.0 0.0 100 10.0 0 0 0
12.757 0x00 idle 0 0 0 0 0 0.0 0.0 100 10.0 0 0 0
12.797 0x00 idle 0 0 0 0 0 0.0 0.0 100 10.0 0 0 0
12.839 0x00 idle 0 0 0 0 0 0.0 0.0 100 10.0 0 0 0
12.879 0x00 idle 0 0 0 0 0 0.0 0.0 100 10.0 0 0 0
12.920 0x00 idle 0 0 0 0 0 0.0 0.0 100 10.0 0 0 0
12.963 0x00 idle 0 0 0 0 0 0.0 0.0 100 10.0 0 0 0
13.000 0x00 idle 0 0 0 0 0 0.0 0.0 100 10.0 0 0 0
13.034 0x00 idle 0 0 0 0 0 0.0 0.0 100 10.0 0 0 0
13.082 0x00 idle 0 0 0 0 0 0.0 0.0 100 10.0 0 0 0
13.117 0x00 idle 0 0 0 0 0 0.0 0.0 100 10.0 0 0 0
13.159 0x00 idle 0 0 0 0 0 0.0 0.0 100 10.0 0 0 0
13.196 0x00 idle 0 0 0 0 0 0.0 0.0 100 10.0 0 0 0
13.238 0x00 idle 0 0 0 0 0 0.0 0.0 100 10.0 0 0 0
13.279 0x00 idle 0 0 0 0 0 0.0 0.0 100 10.0 0 0 0
13.316 0x00 idle 0 0 0 0 0 0.0 0.0 100 10.0 0 0 0
13.356 0x00 idle 0 0 0 0 0 0.0 0.0 100 10.0 0 0 0
13.395 0x00 idle 0 0 0 0 0 0.0 0.0 100 10.0 0 0 0
13.436 0x00 idle 0 0 0 0 0 0.0 0.0 100 10.0 0 0 0
13.480 0x00 idle 0 0 0 0 0 0.0 0.0 100 10.0 0 0 0
13.519 0x00 idle 0 0 0 0 0 0.0 0.0 100 10.0 0 0 0
13.558 0x00 idle 0 0 0 0 0 0.0 0.0 100 10.0 0 0 0
13.596 0x00 idle 0 0 0 0 0 0.0 0.0 100 10.0 0 0 0
13.643 0x00 idle 0 0 0 0 0 0.0 0.0 100 10.0 0 0 0
13.675 0x00 idle 0 0 0 0 0 0.0 0.0 100 10.0 0 0 0
13.714 0x00 idle 0 0 0 0 0 0.0 0.0 100 10.0 0 0 0
13.755 0x00 idle 0 0 0 0 0 0.0 0.0 100 10.0 0 0 0
13.798 0x00 idle 0 0 0 0 0 0.0 0.0 100 10.0 0 0 0
13.844 0x00 idle 0 0 0 0 0 0.0 0.0 100 10.0 0 0 0
13.874 0x00 idle 0 0 0 0 0 0.0 0.0 100 10.0 0 0 0
13.915 0x00 idle 0 0 0 0 0 0.0 0.0 100 10.0 0 0 0
13.959 0x00 idle 0 0 0 0 0 0.0 0.0 100 10.0 0 0 0
14.004 0x00 idle 0 0 0 0 0 0.0 0.0 100 10.0 0 0 0
14.037 0x00 idle 0 0 0 0 0 0.0 0.0 100 10.0 0 0 0
14.076 0x00 idle 0 0 0 0 0 0.0 0.0 100 10.0 0 0 0
14.125 0x00 idle 0 0 0 0 0 0.0 0.0 100 10.0 0 0 0
14.158 0x00 idle 0 0 0 0 0 0.0 0.0 100 10.0 0 0 0
14.199 0x00 idle 0 0 0 0 0 0.0 0.0 100 10.0 0 0 0
14.235 0x00 idle 0 0 0 0 0 0.0 0.0 100 10.0 0 0 0
14.274 0x00 idle 0 0 0 0 0 0.0 0.0 100 10.0 0 0 0
14.315 0x00 idle 0 0 0 0 0 0.0 0.0 100 10.0 0 0 0
14.356 0x00 idle 0 0 0 0 0 0.0 0.0 100 10.0 0 0 0
14.404 0x00 idle 0 0 0 0 0 0.0 0.0 100 10.0 0 0 0
14.434 0x00 idle 0 0 0 0 0 0.0 0.0 100 10.0 0 0 0
14.480 0x00 idle 0 0 0 0 0 0.0 0.0 100 10.0 0 0 0
14.523 0x00 idle 0 0 0 0 0 0.0 0.0 100 10.0 0 0 0
14.555 0x00 idle 0 0 0 0 0 0.0 0.0 100 10.0 0 0 0
14.600 0x00 idle 0 0 0 0 0 0.0 0.0 100 10.0 0 0 0
14.636 0x00 idle 0 0 0 0 0 0.0 0.0 100 10.0 0 0 0
14.682 0x00 idle 0 0 0 0 0 0.0 0.0 100 10.0 0 0 0
14.719 0x00 idle 0 0 0 0 0 0.0 0.0 100 10.0 0 0 0
14.759 0x00 idle 0 0 0 0 0 0.0 0.0 100 10.0 0 0 0
14.796 0x00 idle 0 0 0 0 0 0.0 0.0 100 10.0 0 0 0
14.835 0x00 idle 0 0 0 0 0 0.0 0.0 100 10.0 0 0 0
14.876 0x00 idle 0 0 0 0 0 0.0 0.0 100 10.0 0 0 0
14.920 0x00 idle 0 0 0 0 0 0.0 0.0 100 10.0 0 0 0
14.960 0x00 idle 0 0 0 0 0 0.0 0.0 100 10.0 0 0 0
15.008 0x00 idle 0 0 0 0 0 0.0 0.0 100 10.0 0 0 0
15.043 0x00 idle 0 0 0 0 0 0.0 0.0 100 10.0 0 0 0
15.077 0x00 idle 0 0 0 0 0 0.0 0.0 100 10.0 0 0 0
15.117 0x00 idle 0 0 0 0 0 0.0 0.0 100 10.0 0 0 0
15.158 0x00 idle 0 0 0 0 0 0.0 0.0 100 10.0 0 0 0
15.199 0x00 idle 0 0 0 0 0 0.0 0.0 100 10.0 0 0 0
15.237 0x00 idle 0 0 0 0 0 0.0 0.0 100 10.0 0 0 0
15.275 0x00 idle 0 0 0 0 0 0.0 0.0 100 10.0 0 0 0
15.316 0x00 idle 0 0 0 0 0 0.0 0.0 100 10.0 0 0 0
15.357 0x00 idle 0 0 0 0 0 0.0 0.0 100 10.0 0 0 0
15.398 0x00 idle 0 0 0 0 0 0.0 0.0 100 10.0 0 0 0
15.436 0x00 idle 0 0 0 0 0 0.0 0.0 100 10.0 0 0 0
15.482 0x00 idle 0 0 0 0 0 0.0 0.0 100 10.0 0 0 0
15.518 0x00 idle 0 0 0 0 0 0.0 0.0 100 10.0 0 0 0
15.555 0x00 idle 0 0 0 0 0 0.0 0.0 100 10.0 0 0 0
15.596 0x00 idle 0 0 0 0 0 0.0 0.0 100 10.0 0 0 0
15.635 0x00 idle 0 0 0 0 0 0.0 0.0 100 10.0 0 0 0
15.675 0x00 idle 0 0 0 0 0 0.0 0.0 100 10.0 0 0 0
15.717 0x00 idle 0 0 0 0 0 0.0 0.0 100 10.0 0 0 0
15.759 0x00 idle 0 0 0 0 0 0.0 0.0 100 10.0 0 0 0
15.802 0x00 idle 0 0 0 0 0 0.0 0.0 100 10.0 0 0 0
15.838 0x00 idle 0 0 0 0 0 0.0 0.0 100 10.0 0 0 0
15.875 0x00 idle 0 0 0 0 0 0.0 0.0 100 10.0 0 0 0
15.921 0x00 idle 0 0 0 0 0 0.0 0.0 100 10.0 0 0 0
15.956 0x00 idle 0 0 0 0 0 0.0 0.0 100 10.0 0 0 0
15.998 0x00 idle 0 0 0 0 0 0.0 0.0 100 10.0 0 0 0
16.038 0x00 idle 0 0 0 0 0 0.0 0.0 100 10.0 0 0 0
16.076 0x00 idle 0 0 0 0 0 0.0 0.0 100 10.0 0 0 0
16.116 0x00 idle 0 0 0 0 0 0.0 0.0 100 10.0 0 0 0
16.155 0x00 idle 0 0 0 0 0 0.0 0.0 100 10.0 0 0 0
16.200 0x00 idle 0 0 0 0 0 0.0 0.0 100 10.0 0 0 0
16.236 0x00 idle 0 0 0 0 0 0.0 0.0 100 10.0 0 0 0
16.276 0x00 idle 0 0 0 0 0 0.0 0.0 100 10.0 0 0 0
16.320 0x00 idle 0 0 0 0 0 0.0 0.0 100 10.0 0 0 0
16.358 0x00 idle 0 0 0 0 0 0.0 0.0 100 10.0 0 0 0
16.403 0x00 idle 0 0 0 0 0 0.0 0.0 100 10.0 0 0 0
16.436 0x00 idle 0 0 0 0 0 0.0 0.0 100 10.0 0 0 0
16.475 0x00 idle 0 0 0 0 0 0.0 0.0 100 10.0 0 0 0
16.516 0x00 idle 0 0 0 0 0 0.0 0.0 100 10.0 0 0 0
16.556 0x00 idle 0 0 0 0 0 0.0 0.0 100 10.0 0 0 0
16.596 0x00 idle 0 0 0 0 0 0.0 0.0 100 10.0 0 0 0
16.635 0x00 idle 0 0 0 0 0 0.0 0.0 100 10.0 0 0 0
16.677 0x00 idle 0 0 0 0 0 0.0 0.0 100 10.0 0 0 0
16.714 0x00 idle 0 0 0 0 0 0.0 0.0 100 10.0 0 0 0
16.755 0x00 idle 0 0 0 0 0 0.0 0.0 100 10.0 0 0 0
16.800 0x00 idle 0 0 0 0 0 0.0 0.0 100 10.0 0 0 0
16.837 0x00 idle 0 0 0 0 0 0.0 0.0 100 10.0 0 0 0
16.875 0x00 idle 0 0 0 0 0 0.0 0.0 100 10.0 0 0 0
16.920 0x00 idle 0 0 0 0 0 0.0 0.0 100 10.0 0 0 0
16.956 0x00 idle 0 0 0 0 0 0.0 0.0 100 10.0 0 0 0
16.997 0x00 idle 0 0 0 0 0 0.0 0.0 100 10.0 0 0 0
17.037 0x00 idle 0 0 0 0 0 0.0 0.0 100 10.0 0 0 0
17.082 0x00 idle 0 0 0 0 0 0.0 0.0 100 10.0 0 0 0
17.116 0x00 idle 0 0 0 0 0 0.0 0.0 100 10.0 0 0 0
17.156 0x00 idle 0 0 0 0 0 0.0 0.0 100 10.0 0 0 0
17.197 0x00 idle 0 0 0 0 0 0.0 0.0 100 10.0 0 0 0
17.234 0x00 idle 0 0 0 0 0 0.0 0.0 100 10.0 0 0 0
17.274 0x00 idle 0 0 0 0 0 0.0 0.0 100 10.0 0 0 0
17.314 0x00 idle 0 0 0 0 0 0.0 0.0 100 10.0 0 0 0
17.355 0x00 idle 0 0 0 0 0 0.0 0.0 100 10.0 0 0 0
17.398 0x00 idle 0 0 0 0 0 0.0 0.0 100 10.0 0 0 0
17.435 0x00 idle 0 0 0 0 0 0.0 0.0 100 10.0 0 0 0
17.477 0x00 idle 0 0 0 0 0 0.0 0.0 100 10.0 0 0 0
17.515 0x00 idle 0 0 0 0 0 0.0 0.0 100 10.0 0 0 0
17.556 0x00 idle 0 0 0 0 0 0.0 0.0 100 10.0 0 0 0
17.601 0x00 idle 0 0 0 0 0 0.0 0.0 100 10.0 0 0 0
17.635 0x00 idle 0 0 0 0 0 0.0 0.0 100 10.0 0 0 0
17.675 0x00 idle 0 0 0 0 0 0.0 0.0 100 10.0 0 0 0
17.716 0x00 idle 0 0 0 0 0 0.0 0.0 100 10.0 0 0 0
17.756 0x00 idle 0 0 0 0 0 0.0 0.0 100 10.0 0 0 0
17.797 0x00 idle 0 0 0 0 0 0.0 0.0 100 10.0 0 0 0
17.835 0x00 idle 0 0 0 0 0 0.0 0.0 100 10.0 0 0 0
17.876 0x00 idle 0 0 0 0 0 0.0 0.0 100 10.0 0 0 0
17.914 0x00 idle 0 0 0 0 0 0.0 0.0 100 10.0 0 0 0
17.956 0x00 idle 0 0 0 0 0 0.0 0.0 100 10.0 0 0 0
17.996 0x00 idle 0 0 0 0 0 0.0 0.0 100 10.0 0 0 0
18.037 0x00 idle 0 0 0 0 0 0.0 0.0 100 10.0 0 0 0
18.074 0x00 idle 0 0 0 0 0 0.0 0.0 100 10.0 0 0 0
18.123 0x00 idle 0 0 0 0 0 0.0 0.0 100 10.0 0 0 0
18.156 0x00 idle 0 0 0 0 0 0.0 0.0 100 10.0 0 0 0
18.197 0x00 idle 0 0 0 0 0 0.0 0.0 100 10.0 0 0 0
18.237 0x00 idle 0 0 0 0 0 0.0 0.0 100 10.0 0 0 0
18.274 0x00 idle 0 0 0 0 0 0.0 0.0 100 10.0 0 0 0
18.318 0x00 idle 0 0 0 0 0 0.0 0.0 100 10.0 0 0 0
18.358 0x00 idle 0 0 0 0 0 0.0 0.0 100 10.0 0 0 0
18.395 0x00 idle 0 0 0 0 0 0.0 0.0 100 10.0 0 0 0
18.437 0x00 idle 0 0 0 0 0 0.0 0.0 100 10.0 0 0 0
18.475 0x00 idle 0 0 0 0 0 0.0 0.0 100 10.0 0 0 0
18.515 0x00 idle 0 0 0 0 0 0.0 0.0 100 10.0 0 0 0
18.555 0x00 idle 0 0 0 0 0 0.0 0.0 100 10.0 0 0 0

[tcp_trajectory]
elapsed_s x_m y_m z_m qx qy qz qw speed_m_s tf_stamp_s along_mm remaining_mm cross_track_mm progress waypoint phase
0.0012 0.0468461 -1.7155875 0.6768261 -0.43582238 0.63369164 -0.52827901 -0.35974304 0.000000 1789440974.718021870 -0.051 179.260 1.119 0.00000 -1 ACTUAL_TF
0.0140 0.0467369 -1.7155752 0.6764628 -0.43578419 0.63370611 -0.52826778 -0.35978030 0.006769 1789440974.774098873 -0.041 179.250 0.744 0.00000 -1 ACTUAL_TF
0.0613 0.0466849 -1.7155731 0.6762585 -0.43576277 0.63371185 -0.52826497 -0.35980026 0.005868 1789440974.830059528 -0.040 179.250 0.541 0.00000 -1 ACTUAL_TF
0.1183 0.0466260 -1.7155543 0.6760937 -0.43574936 0.63371787 -0.52825570 -0.35981949 0.005051 1789440974.886040449 -0.022 179.232 0.373 0.00000 -1 ACTUAL_TF
0.1806 0.0466211 -1.7155557 0.6760777 -0.43574513 0.63371750 -0.52825840 -0.35982132 0.003625 1789440974.942136526 -0.024 179.233 0.358 0.00000 -1 ACTUAL_TF
0.2302 0.0465892 -1.7154837 0.6760514 -0.43576749 0.63372737 -0.52823230 -0.35981517 0.002982 1789440974.998170376 0.049 179.161 0.318 0.00000 -1 ACTUAL_TF
0.2942 0.0465663 -1.7154232 0.6760292 -0.43578919 0.63373370 -0.52821200 -0.35980753 0.002451 1789440975.054540873 0.110 179.100 0.286 0.00000 -1 ACTUAL_TF
0.3465 0.0465631 -1.7153996 0.6760387 -0.43579796 0.63373430 -0.52820683 -0.35980346 0.001854 1789440975.110037565 0.133 179.076 0.292 0.00000 -1 ACTUAL_TF
0.3987 0.0465669 -1.7153729 0.6760513 -0.43580796 0.63373408 -0.52820228 -0.35979841 0.001458 1789440975.166062117 0.160 179.049 0.304 0.00000 -1 ACTUAL_TF
0.4581 0.0465698 -1.7153478 0.6760574 -0.43581674 0.63373465 -0.52819710 -0.35979437 0.001160 1789440975.222054720 0.185 179.024 0.311 0.00000 -1 ACTUAL_TF
0.5081 0.0465658 -1.7153029 0.6760533 -0.43582985 0.63373893 -0.52818405 -0.35979011 0.001055 1789440975.278029203 0.230 178.979 0.306 0.00000 -1 ACTUAL_TF
0.5661 0.0465659 -1.7152520 0.6760480 -0.43584389 0.63374381 -0.52816958 -0.35978575 0.001012 1789440975.334015846 0.281 178.928 0.302 0.00000 -1 ACTUAL_TF
0.6246 0.0465627 -1.7151687 0.6760247 -0.43586151 0.63375685 -0.52814618 -0.35977577 0.001172 1789440975.390097857 0.364 178.845 0.282 0.00000 -1 ACTUAL_TF
0.6825 0.0465626 -1.7150986 0.6760287 -0.43585792 0.63375946 -0.52814606 -0.35977570 0.001197 1789440975.445955992 0.434 178.775 0.286 0.00000 -1 ACTUAL_TF
0.7384 0.0465432 -1.7150022 0.6760360 -0.43584044 0.63376565 -0.52815077 -0.35977907 0.001366 1789440975.501962185 0.531 178.678 0.280 0.00000 -1 ACTUAL_TF
0.7870 0.0465256 -1.7148951 0.6760508 -0.43582541 0.63376373 -0.52816004 -0.35978704 0.001541 1789440975.558179379 0.639 178.570 0.283 0.00000 -1 ACTUAL_TF
0.8455 0.0465158 -1.7147871 0.6760588 -0.43581973 0.63376446 -0.52816192 -0.35978989 0.001663 1789440975.614030361 0.747 178.462 0.285 0.00000 -1 ACTUAL_TF
0.9060 0.0465180 -1.7146534 0.6760749 -0.43580921 0.63375852 -0.52817380 -0.35979565 0.001884 1789440975.670150518 0.881 178.328 0.300 0.00000 -1 ACTUAL_TF
0.9567 0.0464955 -1.7145308 0.6760857 -0.43579410 0.63376043 -0.52817925 -0.35980257 0.001991 1789440975.725997925 1.005 178.205 0.299 0.00000 -1 ACTUAL_TF
1.0156 0.0464846 -1.7143852 0.6761061 -0.43577691 0.63375534 -0.52819382 -0.35981098 0.002182 1789440975.782109737 1.151 178.059 0.312 0.00000 -1 ACTUAL_TF
1.0756 0.0464830 -1.7142561 0.6761156 -0.43577344 0.63375075 -0.52819874 -0.35981606 0.002221 1789440975.838055372 1.280 177.929 0.320 0.00000 -1 ACTUAL_TF
1.1267 0.0464722 -1.7140931 0.6761305 -0.43576162 0.63374724 -0.52820823 -0.35982260 0.002432 1789440975.894157171 1.443 177.766 0.329 0.00000 -1 ACTUAL_TF
1.1825 0.0464608 -1.7139154 0.6761432 -0.43575522 0.63374239 -0.52821580 -0.35982780 0.002661 1789440975.950006485 1.621 177.588 0.336 0.00000 -1 ACTUAL_TF
1.2419 0.0464568 -1.7137858 0.6761575 -0.43574165 0.63374017 -0.52822613 -0.35983298 0.002561 1789440976.006029367 1.751 177.458 0.348 0.00000 -1 ACTUAL_TF
1.2924 0.0464557 -1.7136047 0.6761703 -0.43573648 0.63373443 -0.52823436 -0.35983726 0.002766 1789440976.062008142 1.933 177.277 0.359 0.00000 -1 ACTUAL_TF
1.3523 0.0464498 -1.7134693 0.6761869 -0.43572400 0.63372960 -0.52824472 -0.35984567 0.002668 1789440976.117974520 2.068 177.141 0.372 0.00000 -1 ACTUAL_TF
1.4062 0.0464456 -1.7132982 0.6761972 -0.43571487 0.63372856 -0.52825172 -0.35984828 0.002783 1789440976.174194336 2.240 176.970 0.380 0.00000 -1 ACTUAL_TF
1.4697 0.0464468 -1.7131578 0.6762124 -0.43570596 0.63372264 -0.52826343 -0.35985231 0.002707 1789440976.229995966 2.380 176.829 0.394 0.00000 -1 ACTUAL_TF
1.5194 0.0464384 -1.7129710 0.6762241 -0.43569863 0.63371957 -0.52827069 -0.35985593 0.002894 1789440976.286222935 2.567 176.642 0.401 0.00000 -1 ACTUAL_TF
1.5768 0.0464328 -1.7128309 0.6762376 -0.43568312 0.63371960 -0.52828113 -0.35985932 0.002784 1789440976.342032671 2.708 176.502 0.412 0.00000 -1 ACTUAL_TF
1.6346 0.0464313 -1.7126377 0.6762415 -0.43568776 0.63371564 -0.52828037 -0.35986180 0.002983 1789440976.398048401 2.901 176.309 0.414 0.00000 -1 ACTUAL_TF
1.6827 0.0464337 -1.7124542 0.6762577 -0.43567559 0.63371162 -0.52829414 -0.35986340 0.003077 1789440976.453989029 3.084 176.125 0.429 0.00000 -1 ACTUAL_TF
1.7428 0.0464280 -1.7122905 0.6762547 -0.43567643 0.63371603 -0.52828901 -0.35986215 0.003029 1789440976.510077715 3.248 175.961 0.424 0.00000 -1 ACTUAL_TF
1.7972 0.0464333 -1.7120901 0.6762605 -0.43567373 0.63371533 -0.52829427 -0.35985892 0.003195 1789440976.566084146 3.448 175.761 0.430 0.00000 -1 ACTUAL_TF
1.8638 0.0464379 -1.7119335 0.6762668 -0.43566772 0.63371577 -0.52830080 -0.35985583 0.003076 1789440976.622128487 3.605 175.605 0.437 0.00000 -1 ACTUAL_TF
1.9141 0.0464495 -1.7117181 0.6762686 -0.43567194 0.63371430 -0.52830248 -0.35985087 0.003309 1789440976.678123474 3.820 175.390 0.443 0.00000 -1 ACTUAL_TF
1.9640 0.0464454 -1.7115306 0.6762625 -0.43567366 0.63371849 -0.52829862 -0.35984706 0.003320 1789440976.734191179 4.007 175.202 0.435 0.00000 -1 ACTUAL_TF
2.0229 0.0464460 -1.7113352 0.6762715 -0.43566488 0.63371605 -0.52830818 -0.35984794 0.003372 1789440976.790203571 4.203 175.007 0.444 0.00000 -1 ACTUAL_TF
2.0838 0.0464256 -1.7111481 0.6762693 -0.43566587 0.63371459 -0.52830387 -0.35985565 0.003369 1789440976.846175432 4.390 174.819 0.433 0.00000 -1 ACTUAL_TF
2.1362 0.0464214 -1.7109270 0.6762617 -0.43565211 0.63372788 -0.52830722 -0.35984400 0.003545 1789440976.902093887 4.611 174.598 0.424 0.00000 -1 ACTUAL_TF
2.1886 0.0464170 -1.7107198 0.6762658 -0.43565781 0.63371795 -0.52830679 -0.35985521 0.003593 1789440976.958035469 4.818 174.391 0.426 0.00000 -1 ACTUAL_TF
2.2472 0.0464123 -1.7105316 0.6762597 -0.43565143 0.63372462 -0.52830783 -0.35984966 0.003524 1789440977.014055490 5.007 174.203 0.418 0.00000 -1 ACTUAL_TF
2.3044 0.0464048 -1.7103133 0.6762613 -0.43565034 0.63371875 -0.52831130 -0.35985621 0.003639 1789440977.069981098 5.225 173.984 0.416 0.00000 -1 ACTUAL_TF
2.3615 0.0463992 -1.7101026 0.6762458 -0.43566365 0.63372139 -0.52830070 -0.35985100 0.003678 1789440977.126028776 5.436 173.774 0.400 0.00000 -1 ACTUAL_TF
2.4122 0.0463847 -1.7098875 0.6762389 -0.43565702 0.63372390 -0.52830074 -0.35985457 0.003730 1789440977.182030201 5.651 173.559 0.387 0.00000 -1 ACTUAL_TF
2.4701 0.0463657 -1.7096910 0.6762277 -0.43566026 0.63372644 -0.52829312 -0.35985737 0.003669 1789440977.238111019 5.848 173.362 0.369 0.00000 -1 ACTUAL_TF
2.5313 0.0463545 -1.7094691 0.6762215 -0.43565912 0.63372482 -0.52829407 -0.35986019 0.003760 1789440977.294040680 6.070 173.140 0.358 0.00000 -1 ACTUAL_TF
2.5821 0.0463501 -1.7092640 0.6762074 -0.43566316 0.63372652 -0.52829153 -0.35985605 0.003735 1789440977.350015879 6.275 172.935 0.343 0.00000 -1 ACTUAL_TF
2.6466 0.0463374 -1.7090387 0.6762097 -0.43564771 0.63372402 -0.52830365 -0.35986135 0.003822 1789440977.406054497 6.500 172.709 0.340 0.00000 -1 ACTUAL_TF
2.6935 0.0463239 -1.7087977 0.6761970 -0.43564962 0.63372089 -0.52830341 -0.35986492 0.003972 1789440977.461993217 6.741 172.468 0.322 0.00000 -1 ACTUAL_TF
2.7560 0.0463221 -1.7086088 0.6761838 -0.43565015 0.63372107 -0.52830414 -0.35986287 0.003794 1789440977.518026590 6.930 172.280 0.310 0.00000 -1 ACTUAL_TF
2.8037 0.0463052 -1.7083724 0.6761641 -0.43564679 0.63372773 -0.52830084 -0.35986006 0.003930 1789440977.574036598 7.166 172.043 0.285 0.00000 -1 ACTUAL_TF
2.8641 0.0462807 -1.7081692 0.6761491 -0.43564840 0.63372944 -0.52829382 -0.35986541 0.003848 1789440977.630143166 7.370 171.839 0.260 0.00000 -1 ACTUAL_TF
2.9136 0.0462571 -1.7079418 0.6761442 -0.43564119 0.63372544 -0.52829867 -0.35987404 0.003922 1789440977.685985327 7.598 171.612 0.246 0.00000 -1 ACTUAL_TF
2.9709 0.0462493 -1.7077508 0.6761425 -0.43563302 0.63372711 -0.52830267 -0.35987515 0.003768 1789440977.742070436 7.789 171.420 0.241 0.00000 -1 ACTUAL_TF
3.0289 0.0462362 -1.7075306 0.6761452 -0.43562902 0.63371985 -0.52830958 -0.35988261 0.003820 1789440977.798074484 8.010 171.200 0.238 0.00000 -1 ACTUAL_TF
3.0895 0.0462211 -1.7072933 0.6761243 -0.43564167 0.63372314 -0.52829456 -0.35988355 0.003928 1789440977.855157375 8.247 170.963 0.212 0.00000 -1 ACTUAL_TF
3.1468 0.0462192 -1.7071119 0.6761207 -0.43564020 0.63372203 -0.52829817 -0.35988200 0.003741 1789440977.910086155 8.428 170.781 0.208 0.00000 -1 ACTUAL_TF
3.1944 0.0461879 -1.7068783 0.6760980 -0.43564253 0.63373384 -0.52828256 -0.35988130 0.003888 1789440977.966047287 8.662 170.547 0.175 0.00000 -1 ACTUAL_TF
3.2511 0.0461820 -1.7066914 0.6760947 -0.43564163 0.63373515 -0.52828282 -0.35987970 0.003723 1789440978.022106409 8.849 170.360 0.169 0.00000 -1 ACTUAL_TF
3.3130 0.0461648 -1.7064393 0.6760632 -0.43565657 0.63374672 -0.52826199 -0.35987180 0.003972 1789440978.078015089 9.101 170.108 0.132 0.00000 -1 ACTUAL_TF
3.3695 0.0461546 -1.7062616 0.6760595 -0.43565125 0.63374843 -0.52826233 -0.35987474 0.003736 1789440978.133916378 9.279 169.930 0.125 0.00000 -1 ACTUAL_TF
3.4176 0.0461434 -1.7060267 0.6760417 -0.43565757 0.63375612 -0.52825099 -0.35987019 0.003878 1789440978.189944744 9.514 169.696 0.103 0.00000 -1 ACTUAL_TF
3.4768 0.0461481 -1.7058536 0.6760492 -0.43565557 0.63374829 -0.52826046 -0.35987250 0.003643 1789440978.245952368 9.687 169.523 0.112 0.00000 -1 ACTUAL_TF
3.5369 0.0461466 -1.7056401 0.6760430 -0.43565821 0.63374757 -0.52825923 -0.35987238 0.003696 1789440978.301882744 9.900 169.309 0.106 0.00000 -1 ACTUAL_TF
3.5948 0.0461267 -1.7054013 0.6760226 -0.43566389 0.63375538 -0.52824662 -0.35987025 0.003874 1789440978.357946157 10.139 169.070 0.079 0.00000 -1 ACTUAL_TF
3.6443 0.0461167 -1.7052140 0.6760248 -0.43566149 0.63375312 -0.52824891 -0.35987378 0.003715 1789440978.414052486 10.327 168.883 0.076 0.00000 -1 ACTUAL_TF
3.7006 0.0460974 -1.7049839 0.6760121 -0.43566586 0.63375773 -0.52823986 -0.35987365 0.003839 1789440978.470072031 10.557 168.652 0.056 0.00000 -1 ACTUAL_TF
3.7579 0.0460891 -1.7048104 0.6760151 -0.43566236 0.63375531 -0.52824226 -0.35987863 0.003620 1789440978.525940657 10.731 168.479 0.055 0.00000 -1 ACTUAL_TF
3.8148 0.0460839 -1.7045907 0.6760130 -0.43566322 0.63375539 -0.52824192 -0.35987796 0.003712 1789440978.581930161 10.950 168.259 0.051 0.00000 -1 ACTUAL_TF
3.8721 0.0460805 -1.7044173 0.6760106 -0.43565911 0.63375803 -0.52824359 -0.35987583 0.003526 1789440978.638017893 11.124 168.086 0.048 0.00000 -1 ACTUAL_TF
3.9300 0.0460655 -1.7042060 0.6760067 -0.43566249 0.63375812 -0.52823855 -0.35987897 0.003604 1789440978.693991899 11.335 167.874 0.037 0.00000 -1 ACTUAL_TF
3.9777 0.0460485 -1.7039636 0.6759968 -0.43567094 0.63376095 -0.52822883 -0.35987803 0.003826 1789440978.749963284 11.578 167.631 0.021 0.00000 -1 ACTUAL_TF
4.0368 0.0460402 -1.7037758 0.6759974 -0.43566551 0.63376519 -0.52822922 -0.35987655 0.003686 1789440978.805928707 11.766 167.444 0.018 0.00000 -1 ACTUAL_TF
4.0943 0.0460244 -1.7035595 0.6759990 -0.43566178 0.63376239 -0.52823214 -0.35988171 0.003741 1789440978.861977577 11.983 167.227 0.016 0.00000 -1 ACTUAL_TF
4.1569 0.0460058 -1.7033913 0.6760070 -0.43565628 0.63375999 -0.52823263 -0.35989188 0.003527 1789440978.917917252 12.151 167.058 0.028 0.00000 -1 ACTUAL_TF
4.2042 0.0459945 -1.7031772 0.6760047 -0.43565538 0.63376447 -0.52822894 -0.35989051 0.003618 1789440978.973916292 12.366 166.844 0.028 0.00000 -1 ACTUAL_TF
4.2616 0.0459883 -1.7030040 0.6760129 -0.43565017 0.63376169 -0.52823466 -0.35989331 0.003460 1789440979.030007839 12.539 166.670 0.032 0.00000 -1 ACTUAL_TF
4.3198 0.0459845 -1.7027720 0.6760156 -0.43565506 0.63375544 -0.52823658 -0.35989559 0.003665 1789440979.086023569 12.771 166.438 0.029 0.00000 -1 ACTUAL_TF
4.3799 0.0459900 -1.7025837 0.6760192 -0.43564481 0.63376013 -0.52824548 -0.35988666 0.003575 1789440979.142003775 12.959 166.250 0.023 0.00000 -1 ACTUAL_TF
4.4328 0.0459795 -1.7023702 0.6760295 -0.43565182 0.63374562 -0.52824747 -0.35990081 0.003647 1789440979.198115587 13.173 166.036 0.032 0.00000 -1 ACTUAL_TF
4.4853 0.0459886 -1.7021636 0.6760327 -0.43564390 0.63375241 -0.52825391 -0.35988898 0.003661 1789440979.254109621 13.379 165.830 0.029 0.00000 -1 ACTUAL_TF
4.5507 0.0459714 -1.7019713 0.6760297 -0.43564825 0.63375115 -0.52824906 -0.35989304 0.003599 1789440979.310015678 13.572 165.637 0.025 0.00000 -1 ACTUAL_TF
4.5962 0.0459744 -1.7017499 0.6760316 -0.43565182 0.63374930 -0.52825162 -0.35988822 0.003706 1789440979.366001129 13.793 165.416 0.021 0.00000 -1 ACTUAL_TF
4.6541 0.0459829 -1.7015626 0.6760321 -0.43565289 0.63375233 -0.52825191 -0.35988119 0.003599 1789440979.421956778 13.980 165.229 0.024 0.00000 -1 ACTUAL_TF
4.7096 0.0459855 -1.7013353 0.6760310 -0.43565580 0.63375372 -0.52825173 -0.35987549 0.003736 1789440979.478030682 14.207 165.002 0.028 0.00000 -1 ACTUAL_TF
4.7686 0.0459887 -1.7011347 0.6760197 -0.43566831 0.63375725 -0.52824212 -0.35986821 0.003690 1789440979.534120798 14.407 164.802 0.033 0.00000 -1 ACTUAL_TF
4.8279 0.0459902 -1.7009273 0.6760219 -0.43566581 0.63376178 -0.52824170 -0.35986389 0.003695 1789440979.590064287 14.615 164.595 0.041 0.00000 -1 ACTUAL_TF
4.8775 0.0459782 -1.7007466 0.6760279 -0.43566159 0.63376088 -0.52824382 -0.35986746 0.003557 1789440979.646061897 14.796 164.414 0.034 0.00000 -1 ACTUAL_TF
4.9382 0.0459618 -1.7005233 0.6760204 -0.43566337 0.63376903 -0.52823428 -0.35986495 0.003692 1789440979.701982260 15.019 164.190 0.026 0.00000 -1 ACTUAL_TF
4.9978 0.0459578 -1.7003163 0.6760283 -0.43565841 0.63376752 -0.52823966 -0.35986572 0.003692 1789440979.758090973 15.226 163.983 0.027 0.00000 -1 ACTUAL_TF
5.0446 0.0459441 -1.7001215 0.6760321 -0.43565929 0.63376857 -0.52823686 -0.35986692 0.003631 1789440979.814109087 15.422 163.788 0.019 0.00000 -1 ACTUAL_TF
5.1023 0.0459386 -1.6999053 0.6760407 -0.43565989 0.63376587 -0.52823856 -0.35986846 0.003705 1789440979.869899750 15.638 163.572 0.020 0.00000 -1 ACTUAL_TF
5.1575 0.0459374 -1.6997280 0.6760380 -0.43566640 0.63376548 -0.52823456 -0.35986714 0.003542 1789440979.926013231 15.815 163.394 0.024 0.00000 -1 ACTUAL_TF
5.2195 0.0459329 -1.6995213 0.6760511 -0.43566557 0.63375967 -0.52823978 -0.35987071 0.003587 1789440979.982110262 16.022 163.187 0.027 0.00000 -1 ACTUAL_TF
5.2674 0.0459158 -1.6993321 0.6760449 -0.43567206 0.63376302 -0.52823063 -0.35987039 0.003531 1789440980.038029432 16.212 162.998 0.014 0.00000 -1 ACTUAL_TF
5.3315 0.0459110 -1.6991178 0.6760519 -0.43567202 0.63376235 -0.52823074 -0.35987145 0.003620 1789440980.094028711 16.426 162.783 0.016 0.00000 -1 ACTUAL_TF
5.3808 0.0459036 -1.6988790 0.6760528 -0.43568144 0.63375862 -0.52822690 -0.35987225 0.003812 1789440980.150109053 16.665 162.545 0.016 0.00000 -1 ACTUAL_TF
5.4396 0.0458996 -1.6987140 0.6760642 -0.43567525 0.63375682 -0.52823194 -0.35987552 0.003556 1789440980.206041574 16.830 162.379 0.019 0.00000 -1 ACTUAL_TF
5.4988 0.0459047 -1.6985010 0.6760731 -0.43567917 0.63374899 -0.52823637 -0.35987805 0.003633 1789440980.261973619 17.043 162.166 0.032 0.00000 -1 ACTUAL_TF
5.5499 0.0459056 -1.6983328 0.6760865 -0.43567394 0.63374494 -0.52824448 -0.35987963 0.003446 1789440980.318021297 17.211 161.998 0.043 0.00000 -1 ACTUAL_TF
5.6100 0.0459037 -1.6981187 0.6760934 -0.43567014 0.63374684 -0.52824792 -0.35987584 0.003560 1789440980.374036074 17.425 161.784 0.049 0.00000 -1 ACTUAL_TF
5.6575 0.0458894 -1.6979326 0.6760955 -0.43567336 0.63374509 -0.52824480 -0.35987959 0.003491 1789440980.430062771 17.612 161.598 0.041 0.00000 -1 ACTUAL_TF
5.7168 0.0458798 -1.6977097 0.6761035 -0.43566729 0.63374799 -0.52824698 -0.35987864 0.003642 1789440980.485989571 17.835 161.374 0.043 0.00000 -1 ACTUAL_TF
5.7770 0.0458725 -1.6975403 0.6761057 -0.43566189 0.63375137 -0.52824836 -0.35987720 0.003456 1789440980.542064428 18.005 161.205 0.041 0.00000 -1 ACTUAL_TF
5.8375 0.0458620 -1.6973285 0.6761166 -0.43566206 0.63374451 -0.52825174 -0.35988410 0.003558 1789440980.598008871 18.217 160.993 0.046 0.00000 -1 ACTUAL_TF
5.8850 0.0458512 -1.6971066 0.6761131 -0.43566699 0.63375055 -0.52824296 -0.35988039 0.003679 1789440980.654092073 18.439 160.771 0.038 0.00000 -1 ACTUAL_TF
5.9444 0.0458570 -1.6969459 0.6761297 -0.43566233 0.63374032 -0.52825694 -0.35988351 0.003441 1789440980.710101604 18.599 160.610 0.055 0.00000 -1 ACTUAL_TF
6.0006 0.0458370 -1.6967147 0.6761276 -0.43566893 0.63374163 -0.52824772 -0.35988676 0.003652 1789440980.766098261 18.831 160.378 0.045 0.00000 -1 ACTUAL_TF
6.0542 0.0458295 -1.6965322 0.6761328 -0.43566567 0.63374142 -0.52825006 -0.35988763 0.003536 1789440980.822038889 19.014 160.196 0.046 0.00000 -1 ACTUAL_TF
6.1186 0.0458136 -1.6963167 0.6761344 -0.43566856 0.63374145 -0.52824542 -0.35989089 0.003632 1789440980.878090382 19.230 159.980 0.043 0.00000 -1 ACTUAL_TF
6.1685 0.0458054 -1.6961449 0.6761404 -0.43566107 0.63374313 -0.52824825 -0.35989285 0.003464 1789440980.934107780 19.402 159.808 0.047 0.00000 -1 ACTUAL_TF
6.2274 0.0457951 -1.6959275 0.6761352 -0.43566534 0.63374826 -0.52823967 -0.35989124 0.003594 1789440980.989995003 19.619 159.590 0.038 0.00000 -1 ACTUAL_TF
6.2802 0.0457990 -1.6957538 0.6761414 -0.43566249 0.63374668 -0.52824529 -0.35988921 0.003446 1789440981.046066523 19.793 159.417 0.042 0.00000 -1 ACTUAL_TF
6.3395 0.0457907 -1.6955346 0.6761330 -0.43566806 0.63375387 -0.52823565 -0.35988397 0.003588 1789440981.102060080 20.012 159.197 0.030 0.00000 -1 ACTUAL_TF
6.3906 0.0457937 -1.6952961 0.6761229 -0.43567184 0.63376140 -0.52822964 -0.35987496 0.003788 1789440981.158145428 20.250 158.959 0.022 0.00000 -1 ACTUAL_TF
6.4470 0.0457841 -1.6950949 0.6761134 -0.43567916 0.63376512 -0.52822195 -0.35987083 0.003735 1789440981.214039087 20.451 158.758 0.011 0.00000 -1 ACTUAL_TF
6.5076 0.0457780 -1.6948744 0.6761105 -0.43568070 0.63377039 -0.52821718 -0.35986669 0.003796 1789440981.270003796 20.672 158.538 0.011 0.00000 -1 ACTUAL_TF
6.5583 0.0457725 -1.6946997 0.6761140 -0.43567961 0.63376745 -0.52821912 -0.35987033 0.003591 1789440981.326193810 20.847 158.363 0.011 0.00000 -1 ACTUAL_TF
6.6157 0.0457620 -1.6944784 0.6761029 -0.43568203 0.63377654 -0.52821000 -0.35986479 0.003707 1789440981.381947279 21.068 158.141 0.017 0.00000 -1 ACTUAL_TF
6.6720 0.0457648 -1.6943033 0.6761080 -0.43568270 0.63377102 -0.52821587 -0.35986508 0.003533 1789440981.437978029 21.243 157.966 0.020 0.00000 -1 ACTUAL_TF
6.7279 0.0457520 -1.6940673 0.6761034 -0.43567805 0.63377666 -0.52821483 -0.35986230 0.003737 1789440981.494081259 21.479 157.730 0.023 0.00000 -1 ACTUAL_TF
6.7840 0.0457430 -1.6938683 0.6760926 -0.43568808 0.63378003 -0.52820485 -0.35985887 0.003685 1789440981.550093412 21.678 157.531 0.036 0.00000 -1 ACTUAL_TF
6.8427 0.0457276 -1.6936583 0.6760945 -0.43568698 0.63377988 -0.52820285 -0.35986340 0.003707 1789440981.606104612 21.889 157.321 0.037 0.00000 -1 ACTUAL_TF
6.8920 0.0457262 -1.6934596 0.6761014 -0.43568082 0.63378092 -0.52820702 -0.35986290 0.003663 1789440981.661979437 22.087 157.122 0.033 0.00000 -1 ACTUAL_TF
6.9523 0.0457010 -1.6932696 0.6761003 -0.43568420 0.63378301 -0.52819744 -0.35986919 0.003590 1789440981.718009233 22.278 156.931 0.040 0.00000 -1 ACTUAL_TF
7.0119 0.0456972 -1.6930456 0.6760999 -0.43568704 0.63378269 -0.52819714 -0.35986674 0.003712 1789440981.774070501 22.502 156.707 0.043 0.00000 -1 ACTUAL_TF
7.0620 0.0456858 -1.6928757 0.6761234 -0.43567382 0.63377310 -0.52821043 -0.35988015 0.003521 1789440981.829988003 22.672 156.537 0.028 0.00000 -1 ACTUAL_TF
7.1223 0.0456868 -1.6926668 0.6761284 -0.43567366 0.63376953 -0.52821391 -0.35988153 0.003586 1789440981.885905027 22.881 156.328 0.022 0.00000 -1 ACTUAL_TF
7.1743 0.0456851 -1.6924827 0.6761329 -0.43567234 0.63376934 -0.52821706 -0.35987883 0.003495 1789440981.941996813 23.065 156.144 0.018 0.00000 -1 ACTUAL_TF
7.2350 0.0456839 -1.6922828 0.6761457 -0.43567541 0.63375943 -0.52822126 -0.35988642 0.003520 1789440981.997985601 23.265 155.944 0.008 0.00000 -1 ACTUAL_TF
7.2838 0.0456804 -1.6920605 0.6761469 -0.43567476 0.63376300 -0.52822067 -0.35988176 0.003657 1789440982.053879261 23.488 155.722 0.008 0.00000 -1 ACTUAL_TF
7.3426 0.0456710 -1.6918806 0.6761495 -0.43567269 0.63376495 -0.52822085 -0.35988058 0.003524 1789440982.109963179 23.668 155.542 0.010 0.00000 -1 ACTUAL_TF
7.4011 0.0456723 -1.6916559 0.6761627 -0.43566963 0.63375956 -0.52822914 -0.35988160 0.003670 1789440982.166051865 23.892 155.317 0.003 0.00000 -1 ACTUAL_TF
7.4586 0.0456698 -1.6914930 0.6761822 -0.43565784 0.63375242 -0.52824266 -0.35988860 0.003449 1789440982.222023249 24.056 155.154 0.020 0.00000 -1 ACTUAL_TF
7.5079 0.0456681 -1.6912735 0.6761833 -0.43565822 0.63375541 -0.52824173 -0.35988424 0.003590 1789440982.278019667 24.275 154.934 0.019 0.00000 -1 ACTUAL_TF
7.5653 0.0456741 -1.6910989 0.6761905 -0.43566056 0.63375022 -0.52824596 -0.35988433 0.003449 1789440982.334049463 24.450 154.760 0.030 0.00000 -1 ACTUAL_TF
7.6250 0.0456780 -1.6908853 0.6761993 -0.43565482 0.63375020 -0.52825263 -0.35988154 0.003558 1789440982.390123606 24.663 154.546 0.041 0.00000 -1 ACTUAL_TF
7.6775 0.0456739 -1.6907095 0.6762001 -0.43565510 0.63375223 -0.52825070 -0.35988046 0.003433 1789440982.446130514 24.839 154.371 0.041 0.00000 -1 ACTUAL_TF
7.7335 0.0456649 -1.6904713 0.6761848 -0.43566189 0.63376348 -0.52823845 -0.35987041 0.003685 1789440982.502050877 25.077 154.132 0.031 0.00000 -1 ACTUAL_TF
7.7942 0.0456582 -1.6902484 0.6761833 -0.43566402 0.63376804 -0.52823488 -0.35986504 0.003775 1789440982.558007002 25.300 153.909 0.031 0.00000 -1 ACTUAL_TF
7.8524 0.0456544 -1.6900724 0.6761839 -0.43565836 0.63377416 -0.52823488 -0.35986112 0.003584 1789440982.614094257 25.476 153.733 0.032 0.00000 -1 ACTUAL_TF
7.9010 0.0456432 -1.6898519 0.6761790 -0.43566254 0.63378044 -0.52822692 -0.35985668 0.003693 1789440982.670038223 25.697 153.513 0.029 0.00000 -1 ACTUAL_TF
7.9581 0.0456496 -1.6896805 0.6761843 -0.43566158 0.63377911 -0.52823225 -0.35985236 0.003505 1789440982.726002455 25.868 153.342 0.040 0.00000 -1 ACTUAL_TF
8.0190 0.0456428 -1.6894639 0.6761844 -0.43566623 0.63377767 -0.52822979 -0.35985287 0.003613 1789440982.782056570 26.084 153.125 0.040 0.00000 -1 ACTUAL_TF
8.0691 0.0456269 -1.6892646 0.6761899 -0.43566775 0.63377605 -0.52822796 -0.35985657 0.003600 1789440982.838078260 26.284 152.925 0.030 0.00000 -1 ACTUAL_TF
8.1290 0.0456177 -1.6890441 0.6761934 -0.43566814 0.63377744 -0.52822654 -0.35985573 0.003702 1789440982.894091845 26.505 152.705 0.027 0.00000 -1 ACTUAL_TF
8.1815 0.0456051 -1.6888665 0.6761901 -0.43566831 0.63378076 -0.52822113 -0.35985762 0.003546 1789440982.950054407 26.683 152.527 0.023 0.00000 -1 ACTUAL_TF
8.2387 0.0455929 -1.6886594 0.6761996 -0.43566851 0.63377677 -0.52822058 -0.35986522 0.003595 1789440983.006060839 26.890 152.319 0.015 0.00000 -1 ACTUAL_TF
8.2973 0.0455872 -1.6884379 0.6761986 -0.43567299 0.63377667 -0.52821734 -0.35986472 0.003704 1789440983.062001228 27.112 152.098 0.018 0.00000 -1 ACTUAL_TF
8.3465 0.0455911 -1.6882633 0.6761980 -0.43567483 0.63377924 -0.52821643 -0.35985931 0.003527 1789440983.118129015 27.286 151.923 0.027 0.00000 -1 ACTUAL_TF
8.4052 0.0455762 -1.6880450 0.6762035 -0.43567437 0.63377963 -0.52821490 -0.35986143 0.003642 1789440983.174071312 27.505 151.705 0.019 0.00000 -1 ACTUAL_TF
8.4645 0.0455757 -1.6878380 0.6761962 -0.43568491 0.63378067 -0.52820847 -0.35985628 0.003660 1789440983.230056286 27.712 151.498 0.030 0.00000 -1 ACTUAL_TF
8.5225 0.0455645 -1.6876244 0.6762048 -0.43568046 0.63378094 -0.52821113 -0.35985727 0.003711 1789440983.285955191 27.926 151.284 0.023 0.00000 -1 ACTUAL_TF
8.5700 0.0455515 -1.6874595 0.6762174 -0.43567111 0.63377628 -0.52821938 -0.35986469 0.003486 1789440983.341966391 28.091 151.118 0.010 0.00000 -1 ACTUAL_TF
8.6318 0.0455378 -1.6872384 0.6762186 -0.43567187 0.63377712 -0.52821789 -0.35986447 0.003626 1789440983.398027897 28.312 150.897 0.008 0.00000 -1 ACTUAL_TF
8.6911 0.0455385 -1.6870292 0.6762281 -0.43566965 0.63377476 -0.52822280 -0.35986411 0.003662 1789440983.453906059 28.522 150.688 0.008 0.00000 -1 ACTUAL_TF
8.7472 0.0455340 -1.6868548 0.6762333 -0.43566901 0.63377129 -0.52822624 -0.35986595 0.003496 1789440983.510034323 28.696 150.513 0.009 0.00000 -1 ACTUAL_TF
8.8098 0.0455212 -1.6866395 0.6762524 -0.43565784 0.63376696 -0.52823640 -0.35987219 0.003610 1789440983.565933704 28.912 150.297 0.017 0.00000 -1 ACTUAL_TF
8.8552 0.0455122 -1.6864448 0.6762447 -0.43567320 0.63376521 -0.52822581 -0.35987222 0.003570 1789440983.622020483 29.107 150.103 0.006 0.00000 -1 ACTUAL_TF
8.9150 0.0454978 -1.6862355 0.6762569 -0.43566857 0.63375964 -0.52823059 -0.35988061 0.003626 1789440983.677992582 29.317 149.893 0.018 0.00000 -1 ACTUAL_TF
8.9708 0.0454853 -1.6860671 0.6762701 -0.43566428 0.63375441 -0.52823432 -0.35988953 0.003446 1789440983.733974695 29.485 149.724 0.030 0.00000 -1 ACTUAL_TF
9.0208 0.0454747 -1.6858628 0.6762801 -0.43565963 0.63375061 -0.52823840 -0.35989588 0.003509 1789440983.789982796 29.690 149.519 0.039 0.00000 -1 ACTUAL_TF
9.0769 0.0454794 -1.6856926 0.6762881 -0.43566058 0.63374635 -0.52824366 -0.35989451 0.003369 1789440983.846028805 29.860 149.349 0.040 0.00000 -1 ACTUAL_TF
9.1350 0.0454812 -1.6854650 0.6763002 -0.43566197 0.63373754 -0.52825107 -0.35989745 0.003577 1789440983.902125120 30.088 149.122 0.047 0.00000 -1 ACTUAL_TF
9.1920 0.0454829 -1.6852495 0.6763059 -0.43566581 0.63373514 -0.52825149 -0.35989644 0.003661 1789440983.958012819 30.303 148.906 0.050 0.00000 -1 ACTUAL_TF
9.2520 0.0454798 -1.6850550 0.6762947 -0.43567372 0.63374145 -0.52824210 -0.35988953 0.003606 1789440984.014039516 30.497 148.712 0.037 0.00000 -1 ACTUAL_TF
9.3009 0.0454905 -1.6848511 0.6762991 -0.43567717 0.63373999 -0.52824405 -0.35988506 0.003620 1789440984.069953680 30.701 148.508 0.045 0.00000 -1 ACTUAL_TF
9.3597 0.0454786 -1.6846655 0.6762937 -0.43567831 0.63374825 -0.52823485 -0.35988263 0.003531 1789440984.125962973 30.887 148.323 0.035 0.00000 -1 ACTUAL_TF
9.4140 0.0454770 -1.6844466 0.6762866 -0.43568263 0.63375436 -0.52822859 -0.35987583 0.003646 1789440984.181893826 31.105 148.104 0.031 0.00000 -1 ACTUAL_TF
9.4738 0.0454691 -1.6842513 0.6762859 -0.43568504 0.63375531 -0.52822606 -0.35987496 0.003598 1789440984.237981081 31.301 147.909 0.027 0.00000 -1 ACTUAL_TF
9.5317 0.0454634 -1.6840380 0.6762917 -0.43568295 0.63375693 -0.52822720 -0.35987296 0.003659 1789440984.294131994 31.514 147.695 0.029 0.00000 -1 ACTUAL_TF
9.5809 0.0454607 -1.6838470 0.6762871 -0.43568708 0.63375992 -0.52822338 -0.35986830 0.003589 1789440984.349944115 31.705 147.504 0.028 0.00000 -1 ACTUAL_TF
9.6332 0.0454520 -1.6836459 0.6762921 -0.43568136 0.63376152 -0.52822416 -0.35987126 0.003592 1789440984.405890465 31.907 147.303 0.026 0.00000 -1 ACTUAL_TF
9.6921 0.0454394 -1.6834281 0.6762939 -0.43568061 0.63376342 -0.52822352 -0.35986977 0.003681 1789440984.461956263 32.125 147.085 0.020 0.00000 -1 ACTUAL_TF
9.7488 0.0454156 -1.6832345 0.6762870 -0.43569029 0.63376833 -0.52820925 -0.35987034 0.003623 1789440984.517952681 32.319 146.891 0.001 0.00000 -1 ACTUAL_TF
9.8050 0.0454006 -1.6830003 0.6762872 -0.43568578 0.63377197 -0.52820952 -0.35986899 0.003792 1789440984.573991060 32.553 146.656 0.009 0.00000 -1 ACTUAL_TF
9.8620 0.0453927 -1.6828361 0.6762902 -0.43567163 0.63377956 -0.52821448 -0.35986547 0.003535 1789440984.629994154 32.718 146.492 0.011 0.00000 -1 ACTUAL_TF
9.9218 0.0453802 -1.6826210 0.6762941 -0.43568091 0.63377316 -0.52820924 -0.35987321 0.003630 1789440984.685930252 32.933 146.276 0.017 0.00000 -1 ACTUAL_TF
9.9803 0.0453830 -1.6824397 0.6762883 -0.43567316 0.63378473 -0.52821096 -0.35985968 0.003511 1789440984.742044210 33.114 146.095 0.013 0.00000 -1 ACTUAL_TF
10.0309 0.0453766 -1.6822251 0.6762952 -0.43567382 0.63378127 -0.52821224 -0.35986312 0.003609 1789440984.798007965 33.329 145.881 0.011 0.00000 -1 ACTUAL_TF
10.0949 0.0453692 -1.6819976 0.6762896 -0.43567819 0.63378683 -0.52820593 -0.35985730 0.003744 1789440984.854077578 33.556 145.653 0.018 0.00000 -1 ACTUAL_TF
10.1422 0.0453582 -1.6818261 0.6763109 -0.43566755 0.63377945 -0.52821712 -0.35986673 0.003549 1789440984.910057783 33.728 145.481 0.016 0.00000 -1 ACTUAL_TF
10.1934 0.0453609 -1.6815934 0.6763006 -0.43566946 0.63378797 -0.52821418 -0.35985373 0.003735 1789440984.965962648 33.961 145.249 0.012 0.00000 -1 ACTUAL_TF
10.2510 0.0453550 -1.6814258 0.6763179 -0.43566063 0.63378272 -0.52822394 -0.35985933 0.003517 1789440985.021998644 34.129 145.081 0.008 0.00000 -1 ACTUAL_TF
10.3085 0.0453519 -1.6812045 0.6763203 -0.43565777 0.63378589 -0.52822473 -0.35985607 0.003645 1789440985.078077316 34.350 144.859 0.005 0.00000 -1 ACTUAL_TF
10.3648 0.0453660 -1.6810281 0.6763246 -0.43565903 0.63378255 -0.52823068 -0.35985169 0.003501 1789440985.134076834 34.526 144.683 0.017 0.00000 -1 ACTUAL_TF
10.4236 0.0453735 -1.6808180 0.6763325 -0.43565711 0.63377966 -0.52823700 -0.35984981 0.003579 1789440985.190018415 34.736 144.474 0.032 0.00000 -1 ACTUAL_TF
10.4807 0.0453676 -1.6806378 0.6763410 -0.43565105 0.63377795 -0.52824326 -0.35985098 0.003471 1789440985.246066093 34.916 144.293 0.034 0.00000 -1 ACTUAL_TF
10.5369 0.0453529 -1.6804183 0.6763494 -0.43565165 0.63377107 -0.52824636 -0.35985782 0.003609 1789440985.302060843 35.136 144.073 0.030 0.00000 -1 ACTUAL_TF
10.5976 0.0453455 -1.6801963 0.6763540 -0.43565086 0.63377123 -0.52824809 -0.35985596 0.003718 1789440985.358002901 35.358 143.851 0.031 0.00000 -1 ACTUAL_TF
10.6473 0.0453413 -1.6800332 0.6763695 -0.43563883 0.63376676 -0.52825945 -0.35986171 0.003481 1789440985.413953543 35.522 143.688 0.042 0.00000 -1 ACTUAL_TF
10.7059 0.0453291 -1.6798251 0.6763730 -0.43563646 0.63376858 -0.52825796 -0.35986356 0.003552 1789440985.470057726 35.730 143.479 0.039 0.00000 -1 ACTUAL_TF
10.7538 0.0453276 -1.6796450 0.6763699 -0.43563661 0.63377315 -0.52825617 -0.35985798 0.003451 1789440985.526038885 35.910 143.299 0.036 0.00000 -1 ACTUAL_TF
10.8110 0.0453203 -1.6794245 0.6763661 -0.43564215 0.63377659 -0.52824884 -0.35985598 0.003600 1789440985.581945419 36.131 143.079 0.030 0.00000 -1 ACTUAL_TF
10.8684 0.0453103 -1.6792277 0.6763587 -0.43564702 0.63377997 -0.52824148 -0.35985492 0.003575 1789440985.638037920 36.327 142.882 0.020 0.00000 -1 ACTUAL_TF
10.9294 0.0453006 -1.6790179 0.6763589 -0.43564485 0.63378460 -0.52823964 -0.35985209 0.003629 1789440985.693959236 36.537 142.672 0.015 0.00000 -1 ACTUAL_TF
10.9859 0.0452892 -1.6788406 0.6763595 -0.43564499 0.63378618 -0.52823544 -0.35985530 0.003492 1789440985.749995470 36.715 142.494 0.009 0.00000 -1 ACTUAL_TF
11.0434 0.0452839 -1.6786284 0.6763654 -0.43564613 0.63378384 -0.52823579 -0.35985753 0.003581 1789440985.806029797 36.927 142.282 0.012 0.00000 -1 ACTUAL_TF
11.0994 0.0452738 -1.6784067 0.6763608 -0.43565385 0.63378408 -0.52822813 -0.35985900 0.003694 1789440985.862082481 37.149 142.060 0.004 0.00000 -1 ACTUAL_TF
11.1476 0.0452745 -1.6782138 0.6763611 -0.43565973 0.63378262 -0.52822801 -0.35985464 0.003620 1789440985.918065548 37.342 141.867 0.010 0.00000 -1 ACTUAL_TF
11.2076 0.0452714 -1.6780030 0.6763719 -0.43565541 0.63377955 -0.52823270 -0.35985839 0.003666 1789440985.973985672 37.553 141.657 0.015 0.00000 -1 ACTUAL_TF
11.2638 0.0452750 -1.6778232 0.6763676 -0.43566113 0.63377885 -0.52823148 -0.35985448 0.003529 1789440986.030054808 37.732 141.477 0.022 0.00000 -1 ACTUAL_TF
11.3235 0.0452586 -1.6775974 0.6763634 -0.43566348 0.63378551 -0.52822254 -0.35985303 0.003686 1789440986.085949421 37.958 141.251 0.015 0.00000 -1 ACTUAL_TF
11.3791 0.0452468 -1.6774277 0.6763703 -0.43565940 0.63378420 -0.52822421 -0.35985784 0.003492 1789440986.141953707 38.129 141.081 0.007 0.00000 -1 ACTUAL_TF
11.4268 0.0452329 -1.6771960 0.6763584 -0.43566399 0.63379358 -0.52821261 -0.35985279 0.003688 1789440986.198003054 38.360 140.849 0.018 0.00000 -1 ACTUAL_TF
11.4842 0.0452319 -1.6770116 0.6763614 -0.43566089 0.63379555 -0.52821551 -0.35984882 0.003570 1789440986.253995657 38.545 140.665 0.018 0.00000 -1 ACTUAL_TF
11.5499 0.0452245 -1.6767993 0.6763676 -0.43565617 0.63379714 -0.52821648 -0.35985031 0.003638 1789440986.309981346 38.757 140.452 0.015 0.00000 -1 ACTUAL_TF
11.6003 0.0452268 -1.6765932 0.6763767 -0.43565325 0.63379178 -0.52822405 -0.35985215 0.003651 1789440986.366026878 38.963 140.246 0.014 0.00000 -1 ACTUAL_TF
11.6530 0.0452173 -1.6763935 0.6763684 -0.43566481 0.63379498 -0.52821292 -0.35984886 0.003627 1789440986.422042370 39.163 140.046 0.021 0.00000 -1 ACTUAL_TF
11.7150 0.0452160 -1.6761955 0.6763852 -0.43565951 0.63378417 -0.52822470 -0.35985703 0.003604 1789440986.478026152 39.361 139.848 0.014 0.00000 -1 ACTUAL_TF
11.7657 0.0451988 -1.6760061 0.6763864 -0.43566673 0.63378163 -0.52821849 -0.35986189 0.003538 1789440986.534196615 39.551 139.658 0.008 0.00000 -1 ACTUAL_TF
11.8254 0.0451989 -1.6757962 0.6763945 -0.43566497 0.63377683 -0.52822456 -0.35986355 0.003604 1789440986.590089321 39.761 139.448 0.008 0.00000 -1 ACTUAL_TF
11.8818 0.0452042 -1.6756110 0.6763944 -0.43566742 0.63377799 -0.52822372 -0.35985977 0.003519 1789440986.645918369 39.946 139.264 0.019 0.00000 -1 ACTUAL_TF
11.9324 0.0452024 -1.6753986 0.6763978 -0.43567121 0.63377376 -0.52822403 -0.35986219 0.003599 1789440986.702048063 40.158 139.051 0.023 0.00000 -1 ACTUAL_TF
11.9944 0.0452017 -1.6751780 0.6764056 -0.43567261 0.63376774 -0.52822897 -0.35986385 0.003699 1789440986.758147955 40.379 138.831 0.029 0.00000 -1 ACTUAL_TF
12.0527 0.0452150 -1.6750058 0.6764125 -0.43567536 0.63376184 -0.52823499 -0.35986206 0.003516 1789440986.814134836 40.551 138.659 0.047 0.00000 -1 ACTUAL_TF
12.1019 0.0452057 -1.6747913 0.6764215 -0.43567084 0.63375855 -0.52823993 -0.35986608 0.003615 1789440986.870012760 40.765 138.444 0.045 0.00000 -1 ACTUAL_TF
12.1599 0.0451958 -1.6746082 0.6764253 -0.43566894 0.63375957 -0.52823929 -0.35986752 0.003510 1789440986.926158667 40.949 138.261 0.041 0.00000 -1 ACTUAL_TF
12.2105 0.0451885 -1.6743895 0.6764263 -0.43567252 0.63375810 -0.52823817 -0.35986742 0.003631 1789440986.982095480 41.168 138.042 0.040 0.00000 -1 ACTUAL_TF
12.2693 0.0451786 -1.6742159 0.6764341 -0.43566546 0.63375858 -0.52824166 -0.35987000 0.003476 1789440987.038008928 41.342 137.868 0.037 0.00000 -1 ACTUAL_TF
12.3292 0.0451650 -1.6740043 0.6764329 -0.43565935 0.63376545 -0.52823976 -0.35986809 0.003567 1789440987.094072342 41.553 137.656 0.029 0.00000 -1 ACTUAL_TF
12.3808 0.0451538 -1.6738105 0.6764280 -0.43567055 0.63376606 -0.52823071 -0.35986674 0.003533 1789440987.150325060 41.747 137.462 0.022 0.00000 -1 ACTUAL_TF
12.4417 0.0451514 -1.6736118 0.6764301 -0.43566812 0.63376675 -0.52823186 -0.35986677 0.003541 1789440987.206112862 41.946 137.263 0.026 0.00000 -1 ACTUAL_TF
12.4916 0.0451256 -1.6733784 0.6764166 -0.43566870 0.63378133 -0.52821709 -0.35986207 0.003741 1789440987.262034416 42.180 137.029 0.018 0.00000 -1 ACTUAL_TF
12.5511 0.0451185 -1.6731996 0.6764287 -0.43566841 0.63377394 -0.52822270 -0.35986721 0.003578 1789440987.318104744 42.359 136.850 0.009 0.00000 -1 ACTUAL_TF
12.6107 0.0451073 -1.6729870 0.6764277 -0.43566585 0.63377842 -0.52821992 -0.35986650 0.003646 1789440987.374070406 42.572 136.638 0.012 0.00000 -1 ACTUAL_TF
12.6597 0.0450946 -1.6728107 0.6764316 -0.43566228 0.63377770 -0.52822069 -0.35987096 0.003501 1789440987.429964542 42.748 136.461 0.012 0.00000 -1 ACTUAL_TF
12.7220 0.0450959 -1.6726078 0.6764462 -0.43565735 0.63377224 -0.52822902 -0.35987432 0.003538 1789440987.486092806 42.951 136.258 0.001 0.00000 -1 ACTUAL_TF
12.7801 0.0450847 -1.6724105 0.6764386 -0.43566338 0.63377613 -0.52822047 -0.35987271 0.003534 1789440987.542190075 43.149 136.061 0.010 0.00000 -1 ACTUAL_TF
12.8302 0.0450758 -1.6721895 0.6764403 -0.43566479 0.63377896 -0.52821756 -0.35987029 0.003660 1789440987.598147869 43.370 135.839 0.013 0.00000 -1 ACTUAL_TF
12.8876 0.0450735 -1.6720274 0.6764523 -0.43565933 0.63377439 -0.52822544 -0.35987339 0.003433 1789440987.654128790 43.532 135.677 0.005 0.00000 -1 ACTUAL_TF
12.9429 0.0450715 -1.6717899 0.6764422 -0.43566596 0.63378198 -0.52821715 -0.35986416 0.003677 1789440987.710091352 43.770 135.440 0.015 0.00000 -1 ACTUAL_TF
13.0060 0.0450683 -1.6715803 0.6764477 -0.43566432 0.63378293 -0.52821864 -0.35986229 0.003698 1789440987.766086817 43.979 135.230 0.013 0.00000 -1 ACTUAL_TF
13.0633 0.0450711 -1.6714104 0.6764552 -0.43565774 0.63378331 -0.52822464 -0.35986079 0.003499 1789440987.822127342 44.149 135.060 0.014 0.00000 -1 ACTUAL_TF
13.1154 0.0450636 -1.6711759 0.6764488 -0.43566432 0.63378791 -0.52821681 -0.35985620 0.003710 1789440987.877962112 44.383 134.826 0.021 0.00000 -1 ACTUAL_TF
13.1738 0.0450680 -1.6709973 0.6764539 -0.43566001 0.63378933 -0.52822137 -0.35985221 0.003553 1789440987.934026718 44.562 134.647 0.026 0.00000 -1 ACTUAL_TF
13.2229 0.0450570 -1.6707793 0.6764542 -0.43565835 0.63379277 -0.52822103 -0.35984868 0.003658 1789440987.989969492 44.780 134.429 0.025 0.00000 -1 ACTUAL_TF
13.2820 0.0450553 -1.6706016 0.6764647 -0.43565130 0.63379147 -0.52822842 -0.35984866 0.003516 1789440988.045876980 44.958 134.251 0.023 0.00000 -1 ACTUAL_TF
13.3339 0.0450423 -1.6703864 0.6764649 -0.43564946 0.63379509 -0.52822563 -0.35984861 0.003614 1789440988.101994514 45.173 134.036 0.019 0.00000 -1 ACTUAL_TF
13.3873 0.0450365 -1.6702082 0.6764722 -0.43563999 0.63379838 -0.52823116 -0.35984615 0.003485 1789440988.157993317 45.352 133.858 0.016 0.00000 -1 ACTUAL_TF
13.4525 0.0450242 -1.6699981 0.6764821 -0.43563781 0.63379348 -0.52823501 -0.35985178 0.003566 1789440988.214132071 45.562 133.647 0.008 0.00000 -1 ACTUAL_TF
13.5037 0.0450256 -1.6697838 0.6764905 -0.43563382 0.63379122 -0.52824175 -0.35985069 0.003645 1789440988.270137548 45.777 133.433 0.016 0.00000 -1 ACTUAL_TF
13.5533 0.0450129 -1.6696001 0.6764922 -0.43563260 0.63379157 -0.52824234 -0.35985069 0.003538 1789440988.326142550 45.961 133.249 0.009 0.00000 -1 ACTUAL_TF
13.6156 0.0450076 -1.6693952 0.6765082 -0.43562261 0.63378619 -0.52825410 -0.35985498 0.003579 1789440988.382054329 46.166 133.044 0.018 0.00000 -1 ACTUAL_TF
13.6724 0.0450037 -1.6692081 0.6765066 -0.43562827 0.63378784 -0.52824995 -0.35985132 0.003507 1789440988.438161612 46.353 132.856 0.015 0.00000 -1 ACTUAL_TF
13.7239 0.0449938 -1.6689925 0.6765143 -0.43562908 0.63378354 -0.52825195 -0.35985498 0.003613 1789440988.494095564 46.569 132.641 0.017 0.00000 -1 ACTUAL_TF
13.7848 0.0449844 -1.6688212 0.6765232 -0.43562907 0.63377910 -0.52825157 -0.35986336 0.003450 1789440988.550055265 46.740 132.469 0.022 0.00000 -1 ACTUAL_TF
13.8418 0.0450014 -1.6686029 0.6765249 -0.43563478 0.63377627 -0.52825505 -0.35985635 0.003587 1789440988.606116295 46.958 132.251 0.034 0.00000 -1 ACTUAL_TF
13.8916 0.0449884 -1.6683852 0.6765227 -0.43563783 0.63377934 -0.52824768 -0.35985805 0.003681 1789440988.661999941 47.176 132.033 0.025 0.00000 -1 ACTUAL_TF
13.9522 0.0449820 -1.6681979 0.6765167 -0.43564685 0.63378005 -0.52823968 -0.35985762 0.003582 1789440988.717991114 47.363 131.846 0.020 0.00000 -1 ACTUAL_TF
14.0122 0.0449784 -1.6679771 0.6765177 -0.43565128 0.63378216 -0.52823442 -0.35985626 0.003683 1789440988.774323702 47.584 131.625 0.023 0.00000 -1 ACTUAL_TF
14.0600 0.0449752 -1.6677948 0.6765195 -0.43565771 0.63378041 -0.52823162 -0.35985568 0.003556 1789440988.830261946 47.766 131.443 0.025 0.00000 -1 ACTUAL_TF
14.1274 0.0449746 -1.6675821 0.6765231 -0.43565671 0.63378064 -0.52823426 -0.35985260 0.003630 1789440988.886201143 47.979 131.230 0.031 0.00000 -1 ACTUAL_TF
14.1766 0.0449719 -1.6674100 0.6765341 -0.43565416 0.63377335 -0.52824094 -0.35985872 0.003466 1789440988.942148209 48.151 131.058 0.035 0.00000 -1 ACTUAL_TF
14.2306 0.0449688 -1.6671921 0.6765383 -0.43565481 0.63377518 -0.52824090 -0.35985478 0.003594 1789440988.998106480 48.369 130.840 0.039 0.00000 -1 ACTUAL_TF
14.2909 0.0449567 -1.6670060 0.6765358 -0.43565803 0.63377686 -0.52823781 -0.35985243 0.003518 1789440989.053951502 48.556 130.654 0.031 0.00000 -1 ACTUAL_TF
14.3392 0.0449406 -1.6667989 0.6765515 -0.43564556 0.63377429 -0.52824602 -0.35986002 0.003576 1789440989.110074997 48.763 130.446 0.028 0.00000 -1 ACTUAL_TF
14.4124 0.0449369 -1.6665846 0.6765523 -0.43564713 0.63377562 -0.52824412 -0.35985858 0.003637 1789440989.166776180 48.978 130.232 0.029 0.00000 -1 ACTUAL_TF
14.4594 0.0449250 -1.6664063 0.6765661 -0.43564621 0.63376835 -0.52824783 -0.35986704 0.003519 1789440989.222060442 49.156 130.053 0.033 0.00000 -1 ACTUAL_TF
14.5157 0.0449167 -1.6661830 0.6765616 -0.43565243 0.63377198 -0.52823993 -0.35986471 0.003658 1789440989.278180361 49.380 129.830 0.026 0.00000 -1 ACTUAL_TF
14.5645 0.0449159 -1.6660043 0.6765599 -0.43565736 0.63377140 -0.52823800 -0.35986259 0.003521 1789440989.333996296 49.558 129.651 0.026 0.00000 -1 ACTUAL_TF
14.6261 0.0449013 -1.6657932 0.6765627 -0.43565599 0.63377313 -0.52823470 -0.35986606 0.003598 1789440989.389999866 49.770 129.440 0.020 0.00000 -1 ACTUAL_TF
14.6796 0.0449033 -1.6656118 0.6765765 -0.43565483 0.63376600 -0.52824232 -0.35986883 0.003490 1789440989.446221352 49.951 129.258 0.033 0.00000 -1 ACTUAL_TF
14.7391 0.0448989 -1.6653994 0.6765809 -0.43565634 0.63376438 -0.52824223 -0.35987000 0.003586 1789440989.502003193 50.164 129.046 0.035 0.00000 -1 ACTUAL_TF
14.7868 0.0448972 -1.6652160 0.6765903 -0.43565162 0.63376091 -0.52824994 -0.35987049 0.003493 1789440989.558064699 50.347 128.862 0.043 0.00000 -1 ACTUAL_TF
14.8442 0.0448801 -1.6649909 0.6765866 -0.43566203 0.63376154 -0.52823834 -0.35987380 0.003637 1789440989.614875793 50.573 128.637 0.031 0.00000 -1 ACTUAL_TF
14.9052 0.0448802 -1.6647794 0.6765925 -0.43565811 0.63376214 -0.52824369 -0.35986966 0.003697 1789440989.670007229 50.784 128.425 0.037 0.00000 -1 ACTUAL_TF
14.9648 0.0448737 -1.6646093 0.6765970 -0.43565530 0.63376111 -0.52824694 -0.35987009 0.003501 1789440989.725966692 50.954 128.255 0.038 0.00000 -1 ACTUAL_TF
15.0203 0.0448725 -1.6643833 0.6766033 -0.43566083 0.63375603 -0.52824873 -0.35986972 0.003660 1789440989.782042980 51.180 128.029 0.044 0.00000 -1 ACTUAL_TF
15.0692 0.0448546 -1.6642076 0.6766072 -0.43565127 0.63376062 -0.52824970 -0.35987178 0.003506 1789440989.838164568 51.356 127.853 0.039 0.00000 -1 ACTUAL_TF
15.1289 0.0448401 -1.6639747 0.6766081 -0.43565921 0.63375943 -0.52824415 -0.35987242 0.003704 1789440989.894182444 51.590 127.620 0.035 0.00000 -1 ACTUAL_TF
15.1877 0.0448224 -1.6638153 0.6766219 -0.43564951 0.63375737 -0.52824802 -0.35988211 0.003457 1789440989.950091839 51.750 127.460 0.046 0.00000 -1 ACTUAL_TF
15.2356 0.0448058 -1.6635961 0.6766163 -0.43565033 0.63376315 -0.52824128 -0.35988082 0.003597 1789440990.006149292 51.969 127.240 0.041 0.00000 -1 ACTUAL_TF
15.2949 0.0447963 -1.6633877 0.6766242 -0.43564472 0.63376345 -0.52824580 -0.35988046 0.003636 1789440990.062139750 52.178 127.031 0.047 0.00000 -1 ACTUAL_TF
15.3555 0.0447838 -1.6631986 0.6766267 -0.43564971 0.63376050 -0.52824223 -0.35988484 0.003562 1789440990.118092775 52.367 126.842 0.050 0.00000 -1 ACTUAL_TF
15.4041 0.0447773 -1.6629753 0.6766179 -0.43565674 0.63376498 -0.52823449 -0.35987981 0.003692 1789440990.174019814 52.591 126.619 0.040 0.00000 -1 ACTUAL_TF
15.4662 0.0447739 -1.6627873 0.6766131 -0.43565891 0.63377007 -0.52822930 -0.35987583 0.003591 1789440990.230062723 52.779 126.431 0.033 0.00000 -1 ACTUAL_TF
15.5242 0.0447716 -1.6625889 0.6766163 -0.43565769 0.63377096 -0.52823080 -0.35987355 0.003578 1789440990.286046505 52.977 126.232 0.031 0.00000 -1 ACTUAL_TF
15.5721 0.0447526 -1.6624014 0.6766120 -0.43566143 0.63377488 -0.52822194 -0.35987512 0.003515 1789440990.341985941 53.165 126.045 0.038 0.00000 -1 ACTUAL_TF
15.6315 0.0447474 -1.6621806 0.6766044 -0.43566267 0.63378502 -0.52821660 -0.35986360 0.003628 1789440990.398771048 53.386 125.824 0.034 0.00000 -1 ACTUAL_TF
15.6835 0.0447389 -1.6619887 0.6766039 -0.43567020 0.63378317 -0.52821130 -0.35986551 0.003582 1789440990.454065323 53.578 125.632 0.036 0.00000 -1 ACTUAL_TF
15.7435 0.0447469 -1.6617811 0.6766099 -0.43566685 0.63378353 -0.52821634 -0.35986154 0.003619 1789440990.510150433 53.785 125.424 0.022 0.00000 -1 ACTUAL_TF
15.8053 0.0447494 -1.6615623 0.6766142 -0.43565823 0.63378680 -0.52822332 -0.35985597 0.003707 1789440990.566107988 54.004 125.206 0.014 0.00000 -1 ACTUAL_TF
15.8562 0.0447535 -1.6613866 0.6766147 -0.43566472 0.63378366 -0.52822289 -0.35985428 0.003537 1789440990.622045040 54.179 125.030 0.004 0.00000 -1 ACTUAL_TF
15.9170 0.0447494 -1.6611737 0.6766185 -0.43565998 0.63378752 -0.52822441 -0.35985100 0.003618 1789440990.677981853 54.392 124.817 0.003 0.00000 -1 ACTUAL_TF
15.9626 0.0447311 -1.6609796 0.6766100 -0.43566500 0.63379479 -0.52821219 -0.35985006 0.003577 1789440990.734046936 54.586 124.623 0.016 0.00000 -1 ACTUAL_TF
16.0226 0.0447306 -1.6607621 0.6766198 -0.43565933 0.63379154 -0.52822260 -0.35984736 0.003667 1789440990.790212870 54.804 124.405 0.008 0.00000 -1 ACTUAL_TF
16.0839 0.0447247 -1.6605896 0.6766170 -0.43565865 0.63379622 -0.52821808 -0.35984657 0.003491 1789440990.846227169 54.976 124.233 0.011 0.00000 -1 ACTUAL_TF
16.1341 0.0447231 -1.6603856 0.6766317 -0.43565257 0.63379094 -0.52822770 -0.35984911 0.003545 1789440990.901958227 55.181 124.029 0.006 0.00000 -1 ACTUAL_TF
16.1908 0.0447295 -1.6602108 0.6766339 -0.43565375 0.63378997 -0.52823127 -0.35984414 0.003418 1789440990.957976580 55.355 123.854 0.009 0.00000 -1 ACTUAL_TF
16.2473 0.0447270 -1.6599990 0.6766433 -0.43564976 0.63378576 -0.52823798 -0.35984653 0.003525 1789440991.014168262 55.567 123.642 0.016 0.00000 -1 ACTUAL_TF
16.3039 0.0447106 -1.6598096 0.6766433 -0.43565263 0.63378705 -0.52823274 -0.35984849 0.003488 1789440991.070050955 55.757 123.452 0.008 0.00000 -1 ACTUAL_TF
16.3617 0.0447086 -1.6595965 0.6766563 -0.43564441 0.63378262 -0.52824392 -0.35984983 0.003587 1789440991.125969172 55.970 123.239 0.018 0.00000 -1 ACTUAL_TF
16.4122 0.0447079 -1.6593654 0.6766511 -0.43565194 0.63378474 -0.52823831 -0.35984522 0.003735 1789440991.182649374 56.201 123.008 0.015 0.00000 -1 ACTUAL_TF
16.4697 0.0447071 -1.6592014 0.6766662 -0.43564279 0.63377903 -0.52824928 -0.35985023 0.003507 1789440991.237982273 56.365 122.844 0.027 0.00000 -1 ACTUAL_TF
16.5283 0.0447089 -1.6589863 0.6766759 -0.43564501 0.63377356 -0.52825354 -0.35985094 0.003606 1789440991.294093132 56.580 122.629 0.037 0.00000 -1 ACTUAL_TF
16.5873 0.0447185 -1.6588034 0.6766747 -0.43565024 0.63377078 -0.52825555 -0.35984656 0.003504 1789440991.350152254 56.763 122.447 0.046 0.00000 -1 ACTUAL_TF
16.6335 0.0447120 -1.6585966 0.6766904 -0.43564600 0.63376400 -0.52826289 -0.35985286 0.003566 1789440991.406082630 56.970 122.239 0.053 0.00000 -1 ACTUAL_TF
16.6928 0.0446996 -1.6583974 0.6766884 -0.43565128 0.63376613 -0.52825621 -0.35985251 0.003566 1789440991.462074757 57.169 122.040 0.045 0.00000 -1 ACTUAL_TF
16.7521 0.0446865 -1.6581808 0.6766907 -0.43565239 0.63376565 -0.52825453 -0.35985448 0.003658 1789440991.518074751 57.386 121.823 0.040 0.00000 -1 ACTUAL_TF
16.8108 0.0446797 -1.6579669 0.6766941 -0.43564883 0.63376694 -0.52825641 -0.35985375 0.003706 1789440991.574160576 57.600 121.609 0.040 0.00000 -1 ACTUAL_TF
16.8604 0.0446683 -1.6577900 0.6766945 -0.43564473 0.63377200 -0.52825327 -0.35985443 0.003543 1789440991.630236387 57.777 121.432 0.035 0.00000 -1 ACTUAL_TF
16.9213 0.0446576 -1.6575766 0.6766912 -0.43564467 0.63377696 -0.52824833 -0.35985300 0.003627 1789440991.686109304 57.991 121.218 0.027 0.00000 -1 ACTUAL_TF
16.9779 0.0446639 -1.6574014 0.6766871 -0.43564572 0.63378194 -0.52824722 -0.35984459 0.003479 1789440991.742088318 58.166 121.044 0.031 0.00000 -1 ACTUAL_TF
17.0289 0.0446388 -1.6571678 0.6766731 -0.43564708 0.63379685 -0.52823201 -0.35983901 0.003693 1789440991.798234463 58.400 120.810 0.009 0.00000 -1 ACTUAL_TF
17.0881 0.0446316 -1.6569780 0.6766721 -0.43565059 0.63379610 -0.52823009 -0.35983891 0.003606 1789440991.854052067 58.590 120.620 0.010 0.00000 -1 ACTUAL_TF
17.1479 0.0446251 -1.6567620 0.6766707 -0.43565119 0.63380202 -0.52822531 -0.35983477 0.003682 1789440991.910041332 58.806 120.404 0.013 0.00000 -1 ACTUAL_TF
17.1950 0.0446184 -1.6565967 0.6766816 -0.43564677 0.63379741 -0.52822996 -0.35984141 0.003467 1789440991.965977907 58.971 120.238 0.006 0.00000 -1 ACTUAL_TF
17.2529 0.0446184 -1.6563845 0.6766869 -0.43565180 0.63379144 -0.52823047 -0.35984509 0.003561 1789440992.022101402 59.184 120.026 0.012 0.00000 -1 ACTUAL_TF
17.3087 0.0446197 -1.6561669 0.6766878 -0.43565678 0.63378978 -0.52822987 -0.35984286 0.003659 1789440992.078093767 59.401 119.808 0.020 0.00000 -1 ACTUAL_TF
17.3644 0.0446160 -1.6559793 0.6766896 -0.43566475 0.63378628 -0.52822813 -0.35984193 0.003565 1789440992.134187698 59.589 119.621 0.022 0.00000 -1 ACTUAL_TF
17.4217 0.0446079 -1.6557617 0.6766890 -0.43566239 0.63379094 -0.52822430 -0.35984221 0.003664 1789440992.190076113 59.806 119.403 0.022 0.00000 -1 ACTUAL_TF
17.4785 0.0446038 -1.6555803 0.6766925 -0.43567402 0.63378064 -0.52822308 -0.35984805 0.003537 1789440992.246059656 59.988 119.222 0.023 0.00000 -1 ACTUAL_TF
17.5351 0.0445994 -1.6553728 0.6766953 -0.43566591 0.63378828 -0.52822313 -0.35984434 0.003589 1789440992.302027941 60.195 119.014 0.025 0.00000 -1 ACTUAL_TF
17.5982 0.0445905 -1.6552074 0.6767070 -0.43566049 0.63378116 -0.52823001 -0.35985336 0.003401 1789440992.358115435 60.361 118.848 0.020 0.00000 -1 ACTUAL_TF
17.6479 0.0445779 -1.6549867 0.6766986 -0.43566247 0.63379022 -0.52821920 -0.35985087 0.003565 1789440992.414111614 60.582 118.628 0.017 0.00000 -1 ACTUAL_TF
17.7036 0.0445712 -1.6548009 0.6766974 -0.43566343 0.63379140 -0.52821895 -0.35984800 0.003493 1789440992.470049620 60.768 118.442 0.018 0.00000 -1 ACTUAL_TF
17.7599 0.0445563 -1.6545918 0.6767081 -0.43565272 0.63379151 -0.52822432 -0.35985288 0.003569 1789440992.526082993 60.977 118.232 0.007 0.00000 -1 ACTUAL_TF
17.8187 0.0445386 -1.6543895 0.6767217 -0.43564511 0.63378688 -0.52823114 -0.35986025 0.003590 1789440992.581975460 61.180 118.029 0.009 0.00000 -1 ACTUAL_TF
17.8668 0.0445280 -1.6542052 0.6767154 -0.43564752 0.63379164 -0.52822591 -0.35985661 0.003502 1789440992.638032913 61.365 117.845 0.013 0.00000 -1 ACTUAL_TF
17.9225 0.0445242 -1.6540112 0.6767310 -0.43564092 0.63378380 -0.52823655 -0.35986280 0.003495 1789440992.694002151 61.559 117.650 0.014 0.00000 -1 ACTUAL_TF
17.9822 0.0445070 -1.6538259 0.6767337 -0.43564195 0.63378479 -0.52823212 -0.35986632 0.003443 1789440992.750032902 61.745 117.465 0.024 0.00000 -1 ACTUAL_TF
18.0413 0.0445091 -1.6536101 0.6767382 -0.43564003 0.63378476 -0.52823618 -0.35986273 0.003567 1789440992.806018353 61.960 117.249 0.017 0.00000 -1 ACTUAL_TF
18.1006 0.0444978 -1.6534341 0.6767501 -0.43563422 0.63377878 -0.52824248 -0.35987104 0.003444 1789440992.861988783 62.137 117.073 0.027 0.00000 -1 ACTUAL_TF
18.1502 0.0444934 -1.6532222 0.6767597 -0.43563263 0.63377413 -0.52824743 -0.35987390 0.003547 1789440992.918012619 62.349 116.860 0.031 0.00000 -1 ACTUAL_TF
18.2106 0.0444800 -1.6530345 0.6767612 -0.43563707 0.63377123 -0.52824461 -0.35987776 0.003488 1789440992.974183321 62.537 116.672 0.035 0.00000 -1 ACTUAL_TF
18.2584 0.0444826 -1.6528335 0.6767743 -0.43563127 0.63376550 -0.52825470 -0.35988006 0.003523 1789440993.030074358 62.738 116.472 0.038 0.00000 -1 ACTUAL_TF
18.3179 0.0444707 -1.6526075 0.6767778 -0.43563319 0.63376512 -0.52825069 -0.35988428 0.003680 1789440993.086012363 62.964 116.245 0.041 0.00000 -1 ACTUAL_TF
18.3747 0.0444858 -1.6524318 0.6767784 -0.43563597 0.63376274 -0.52825649 -0.35987660 0.003519 1789440993.142094374 63.139 116.070 0.032 0.00000 -1 ACTUAL_TF
18.4339 0.0444893 -1.6522049 0.6767781 -0.43564460 0.63376096 -0.52825372 -0.35987337 0.003680 1789440993.198045969 63.366 115.843 0.030 0.00000 -1 ACTUAL_TF
18.4855 0.0444902 -1.6520304 0.6767773 -0.43563874 0.63376572 -0.52825561 -0.35986929 0.003509 1789440993.254156590 63.540 115.669 0.030 0.00000 -1 ACTUAL_TF
18.5447 0.0444834 -1.6517958 0.6767598 -0.43565015 0.63377515 -0.52824076 -0.35986068 0.003722 1789440993.309942961 63.775 115.435 0.016 0.00000 -1 ACTUAL_TF
