WELD FEEDBACK LOG
result=completed
started=2026-09-16 11:36:29
ended=2026-09-16 11:36:39
elapsed_seconds=10.159

================ OPERATOR OVERVIEW ================
REQUESTED : 230 A / 26.5 V · FE-SOLID 1.2 mm · LSM · CO2 100%
RX ECHO   : 100 A / 10.0 V · MATCH=NO
CURRENT FB: no positive feedback A
VOLTAGE FB: no positive feedback V
WIRE FEED : no positive feedback m/min
ARC ON    : 0.000 s
NET WELD  : 0.000 s
WIRE USED : 0.000 mm (base 0.000 + alpha 0.000)
WCR       : NOT DETECTED
SAMPLES   : RX 253 / welding 0 / TCP 183
===================================================

[commanded]
current_a=230
voltage_tenths=265
voltage=26.5
material=FE-SOLID
diameter_mm=1.2
mode=LSM
gas=CO2 100%
synergic=False
correction=0.0
hot_start_enabled=True
hot_start_percent=20.0
hot_start_hold_adjustment=-1
crater_enabled=False
crater_percent=26.08695652173913
crater_current_a=60.0
crater_voltage_v=25.0
crater_seconds=1.0
wire_consumable_alpha_mm=0.0
hot_start_current_a=276

[rx_setting_echo]
current_a=100
voltage_v=10.0
hot_start_current_a=0
hot_start_hold_adjustment=-15

[rx_welding_setting_echo]

[execution_conditions]
mode=sequence_execute
run_all=True
touch_io_backend=fastech_ethernet
touch_input_port=4
touch_sensing_output_port=0
fastech_ip=192.168.0.3
fastech_poll_target_hz=100.0
hicomm_source_ip=192.168.1.2
hicomm_welder_ip=192.168.1.10
hicomm_port=60000
gui_velocity_percent=36.95263157894737
gui_speed_mode=scale
gui_tcp_speed_mm_s=10.0
gui_interpolation_step_mm=5.0
seam_orientation_mode=Wait poses + fixed World-XYZ tilt
weld_fixed_tilt_x_deg=0.0
weld_fixed_tilt_y_deg=0.0
weld_fixed_tilt_z_deg=-0.0
weld_weave_enabled=True
weld_weave_pattern=sine
capping_width_mm=5.9
capping_pitch_mm=5.0
capping_left_dwell_s=0.2
capping_right_dwell_s=0.2
weld_weave_amplitude_mm=2.7
weld_weave_cycles=4
weld_weave_samples_per_cycle=8
weld_weave_axis=tool_y
weld_lead_in_mm=1.0
weld_lead_out_mm=7.0
weld_safe_approach_mm=31.0
weld_approach_mode=taught_wait
weld_pre_start_lead_mm=0.0
weld_tcp_speed_mm_s=6.999999999999999
weld_arc_off_delay_ms=500.0
tcp_tracking.parent_frame=World
tcp_tracking.child_frame=right_manipulator_ee_point
tcp_tracking.timestamp_source=TF_header_stamp
initial_fastech_di0=False
initial_fastech_do0=True
robot_connected.left=True
robot_connected.right=True
robot_connected.head=True
hicomm_connected=True
execution_allowed=True
steps[0].sequence_number=1
steps[0].type=named_pose
steps[0].parallel_slot=1
steps[0].duration=0.0
steps[0].planning_group=right_manipulator
steps[0].velocity_scale=0.3695263157894737
steps[0].tcp_speed_m_s=0.0
steps[0].pose_name=weld_start_wait
steps[0].pose_label=3 · Weld start wait pose
steps[0].touch_guard=False
steps[0].continue_after_touch=False
steps[0].weld_scenario_id=weld-9238580905860
steps[0].weld_scenario_stage=start_wait
steps[0].target_tcp.position_m.x=0.03646068728963492
steps[0].target_tcp.position_m.y=-1.6793469233273077
steps[0].target_tcp.position_m.z=0.674417019979207
steps[0].target_tcp.orientation_xyzw.x=-0.4089518530577377
steps[0].target_tcp.orientation_xyzw.y=0.6647824172284327
steps[0].target_tcp.orientation_xyzw.z=-0.5352696108757291
steps[0].target_tcp.orientation_xyzw.w=-0.32296929157043747
steps[0].joint_names[0]=right_manipulator_joint1
steps[0].joint_names[1]=right_manipulator_joint2
steps[0].joint_names[2]=right_manipulator_joint3
steps[0].joint_names[3]=right_manipulator_joint4
steps[0].joint_names[4]=right_manipulator_joint5
steps[0].joint_names[5]=right_manipulator_joint6
steps[0].joint_positions_rad[0]=5.1496113218195765
steps[0].joint_positions_rad[1]=1.3091994723966476
steps[0].joint_positions_rad[2]=1.881715989845849
steps[0].joint_positions_rad[3]=3.5661181082116182
steps[0].joint_positions_rad[4]=1.395569381815389
steps[0].joint_positions_rad[5]=1.5444073298694105
steps[1].sequence_number=2
steps[1].type=motion
steps[1].parallel_slot=2
steps[1].duration=0.0
steps[1].planning_group=right_manipulator
steps[1].velocity_scale=0.3695263157894737
steps[1].tcp_speed_m_s=0.0
steps[1].interpolation_step=0.005
steps[1].path_kind=taught_wait_align_weld_attitude
steps[1].touch_guard=False
steps[1].continue_after_touch=False
steps[1].accept_initial_touch=False
steps[1].weld_scenario_id=weld-9238580905860
steps[1].weld_scenario_stage=start_safe
steps[1].waypoint_count=1
steps[1].waypoints[0].position_m.x=0.03646068728963492
steps[1].waypoints[0].position_m.y=-1.6793469233273077
steps[1].waypoints[0].position_m.z=0.674417019979207
steps[1].waypoints[0].orientation_xyzw.x=-0.408897680755199
steps[1].waypoints[0].orientation_xyzw.y=0.6648271744601588
steps[1].waypoints[0].orientation_xyzw.z=-0.535267728437428
steps[1].waypoints[0].orientation_xyzw.w=-0.32294887159700153
steps[2].sequence_number=3
steps[2].type=motion
steps[2].parallel_slot=3
steps[2].duration=0.0
steps[2].planning_group=right_manipulator
steps[2].velocity_scale=0.3695263157894737
steps[2].tcp_speed_m_s=0.0
steps[2].interpolation_step=0.005
steps[2].path_kind=taught_wait_to_weld_start
steps[2].touch_guard=False
steps[2].continue_after_touch=True
steps[2].accept_initial_touch=False
steps[2].weld_scenario_id=weld-9238580905860
steps[2].weld_scenario_stage=start_contact
steps[2].waypoint_count=1
steps[2].waypoints[0].position_m.x=0.03537976352411753
steps[2].waypoints[0].position_m.y=-1.6814615280262992
steps[2].waypoints[0].position_m.z=0.672323594514783
steps[2].waypoints[0].orientation_xyzw.x=-0.408897680755199
steps[2].waypoints[0].orientation_xyzw.y=0.6648271744601588
steps[2].waypoints[0].orientation_xyzw.z=-0.535267728437428
steps[2].waypoints[0].orientation_xyzw.w=-0.32294887159700153
steps[3].sequence_number=4
steps[3].type=digital_weld
steps[3].parallel_slot=5
steps[3].duration=0.0
steps[3].command=on
steps[3].weld_scenario_id=weld-9238580905860
steps[3].weld_scenario_stage=arc_on
steps[3].settings.current_a=230
steps[3].settings.voltage_tenths=265
steps[3].settings.voltage=26.5
steps[3].settings.material=FE-SOLID
steps[3].settings.diameter_mm=1.2
steps[3].settings.mode=LSM
steps[3].settings.gas=CO2 100%
steps[3].settings.synergic=False
steps[3].settings.correction=0.0
steps[3].settings.hot_start_enabled=True
steps[3].settings.hot_start_percent=20.0
steps[3].settings.hot_start_hold_adjustment=-1
steps[3].settings.crater_enabled=False
steps[3].settings.crater_percent=26.08695652173913
steps[3].settings.crater_current_a=60.0
steps[3].settings.crater_voltage_v=25.0
steps[3].settings.crater_seconds=1.0
steps[3].settings.wire_consumable_alpha_mm=0.0
steps[3].settings.hot_start_current_a=276
steps[4].sequence_number=5
steps[4].type=motion
steps[4].parallel_slot=5
steps[4].duration=0.0
steps[4].planning_group=right_manipulator
steps[4].velocity_scale=0.3695263157894737
steps[4].tcp_speed_m_s=0.006999999999999999
steps[4].interpolation_step=0.005
steps[4].path_kind=continuous_sine_weave_over_taught_goal_fastech_di0_ignored
steps[4].touch_guard=False
steps[4].weld_scenario_id=weld-9238580905860
steps[4].weld_scenario_stage=weld_motion
steps[4].lead_in_mm=1.0
steps[4].lead_out_mm=7.0
steps[4].linear_motion_profile=True
steps[4].capping_width_mm=5.9
steps[4].capping_pitch_mm=5.0
steps[4].capping_left_dwell_s=0.2
steps[4].capping_right_dwell_s=0.2
steps[4].waypoint_count=35
steps[4].waypoints[0].position_m.x=0.03537976352411753
steps[4].waypoints[0].position_m.y=-1.6814615280262992
steps[4].waypoints[0].position_m.z=0.672323594514783
steps[4].waypoints[0].orientation_xyzw.x=-0.408897680755199
steps[4].waypoints[0].orientation_xyzw.y=0.6648271744601588
steps[4].waypoints[0].orientation_xyzw.z=-0.535267728437428
steps[4].waypoints[0].orientation_xyzw.w=-0.32294887159700153
steps[4].waypoints[1].position_m.x=0.036379422551576224
steps[4].waypoints[1].position_m.y=-1.681438083342502
steps[4].waypoints[1].position_m.z=0.6723350912805015
steps[4].waypoints[1].orientation_xyzw.x=-0.40889768075519906
steps[4].waypoints[1].orientation_xyzw.y=0.6648271744601589
steps[4].waypoints[1].orientation_xyzw.z=-0.5352677284374281
steps[4].waypoints[1].orientation_xyzw.w=-0.3229488715970016
steps[4].waypoints[2].position_m.x=0.03737903922169351
steps[4].waypoints[2].position_m.y=-1.680935333849974
steps[4].waypoints[2].position_m.z=0.6704985166347246
steps[4].waypoints[2].orientation_xyzw.x=-0.40889731890153835
steps[4].waypoints[2].orientation_xyzw.y=0.6648255971589616
steps[4].waypoints[2].orientation_xyzw.z=-0.5352695781185572
steps[4].waypoints[2].orientation_xyzw.w=-0.3229495110665837
steps[4].waypoints[3].position_m.x=0.03837279488111426
steps[4].waypoints[3].position_m.y=-1.6807135121943106
steps[4].waypoints[3].position_m.z=0.6697444443955061
steps[4].waypoints[3].orientation_xyzw.x=-0.40889695704524076
steps[4].waypoints[3].orientation_xyzw.y=0.6648240198534768
steps[4].waypoints[3].orientation_xyzw.z=-0.5352714277962346
steps[4].waypoints[3].orientation_xyzw.w=-0.32295015053408316
steps[4].waypoints[4].position_m.x=0.03935826078715308
steps[4].waypoints[4].position_m.y=-1.6808889434356629
steps[4].waypoints[4].position_m.z=0.670521271871272
steps[4].waypoints[4].orientation_xyzw.x=-0.4088965951863061
steps[4].waypoints[4].orientation_xyzw.y=0.6648224425437045
steps[4].waypoints[4].orientation_xyzw.z=-0.5352732774704597
steps[4].waypoints[4].orientation_xyzw.w=-0.3229507899994999
steps[4].waypoints[5].position_m.x=0.04033786422222734
steps[4].waypoints[5].position_m.y=-1.6813452472746537
steps[4].waypoints[5].position_m.z=0.6723806160797059
steps[4].waypoints[5].orientation_xyzw.x=-0.4088962333247344
steps[4].waypoints[5].orientation_xyzw.y=0.6648208652296443
steps[4].waypoints[5].orientation_xyzw.z=-0.5352751271412335
steps[4].waypoints[5].orientation_xyzw.w=-0.322951429462834
steps[4].waypoints[6].position_m.x=0.04131746692716812
steps[4].waypoints[6].position_m.y=-1.6818015234938581
steps[4].waypoints[6].position_m.z=0.6742399674507988
steps[4].waypoints[6].orientation_xyzw.x=-0.4088958714605256
steps[4].waypoints[6].orientation_xyzw.y=0.6648192879112961
steps[4].waypoints[6].orientation_xyzw.z=-0.5352769768085558
steps[4].waypoints[6].orientation_xyzw.w=-0.3229520689240857
steps[4].waypoints[7].position_m.x=0.042302931498210974
steps[4].waypoints[7].position_m.y=-1.681976904234443
steps[4].waypoints[7].position_m.z=0.6750168080229649
steps[4].waypoints[7].orientation_xyzw.x=-0.40889550959367976
steps[4].waypoints[7].orientation_xyzw.y=0.6648177105886605
steps[4].waypoints[7].orientation_xyzw.z=-0.5352788264724261
steps[4].waypoints[7].orientation_xyzw.w=-0.32295270838325457
steps[4].waypoints[8].position_m.x=0.04329668703236061
steps[4].waypoints[8].position_m.y=-1.6817550778399732
steps[4].waypoints[8].position_m.z=0.6742627370126644
steps[4].waypoints[8].orientation_xyzw.x=-0.40889514772419694
steps[4].waypoints[8].orientation_xyzw.y=0.6648161332617373
steps[4].waypoints[8].orientation_xyzw.z=-0.5352806761328444
steps[4].waypoints[8].orientation_xyzw.w=-0.32295334784034074
steps[4].waypoints[9].position_m.x=0.04429630589287846
steps[4].waypoints[9].position_m.y=-1.6812524112068055
steps[4].waypoints[9].position_m.z=0.6724261408789103
steps[4].waypoints[9].orientation_xyzw.x=-0.40889478585207695
steps[4].waypoints[9].orientation_xyzw.y=0.6648145559305262
steps[4].waypoints[9].orientation_xyzw.z=-0.5352825257898112
steps[4].waypoints[9].orientation_xyzw.w=-0.32295398729534436
steps[4].waypoints[10].position_m.x=0.045295925483528884
steps[4].waypoints[10].position_m.y=-1.6807497721937725
steps[4].waypoints[10].position_m.z=0.6705895375832883
steps[4].waypoints[10].orientation_xyzw.x=-0.40889442397732007
steps[4].waypoints[10].orientation_xyzw.y=0.6648129785950276
steps[4].waypoints[10].orientation_xyzw.z=-0.5352843754433261
steps[4].waypoints[10].orientation_xyzw.w=-0.3229546267482653
steps[4].waypoints[11].position_m.x=0.046289682352672744
steps[4].waypoints[11].position_m.y=-1.6805279963007063
steps[4].waypoints[11].position_m.z=0.6698354534780347
steps[4].waypoints[11].orientation_xyzw.x=-0.4088940620999261
steps[4].waypoints[11].orientation_xyzw.y=0.6648114012552417
steps[4].waypoints[11].orientation_xyzw.z=-0.5352862250933887
steps[4].waypoints[11].orientation_xyzw.w=-0.3229552661991035
steps[4].waypoints[12].position_m.x=0.04727514704898662
steps[4].waypoints[12].position_m.y=-1.6807033817801569
steps[4].waypoints[12].position_m.z=0.6706122928214187
steps[4].waypoints[12].orientation_xyzw.x=-0.4088937002198952
steps[4].waypoints[12].orientation_xyzw.y=0.6648098239111682
steps[4].waypoints[12].orientation_xyzw.z=-0.5352880747399996
steps[4].waypoints[12].orientation_xyzw.w=-0.3229559056478589
steps[4].waypoints[13].position_m.x=0.04825474756352958
steps[4].waypoints[13].position_m.y=-1.6811595751389572
steps[4].waypoints[13].position_m.z=0.6724716656781146
steps[4].waypoints[13].orientation_xyzw.x=-0.4088933383372272
steps[4].waypoints[13].orientation_xyzw.y=0.6648082465628069
steps[4].waypoints[13].orientation_xyzw.z=-0.5352899243831586
steps[4].waypoints[13].orientation_xyzw.w=-0.32295654509453176
steps[4].waypoints[14].position_m.x=0.04923434734794089
steps[4].waypoints[14].position_m.y=-1.6816157408772754
steps[4].waypoints[14].position_m.z=0.6743310456958868
steps[4].waypoints[14].orientation_xyzw.x=-0.4088929764519222
steps[4].waypoints[14].orientation_xyzw.y=0.6648066692101583
steps[4].waypoints[14].orientation_xyzw.z=-0.5352917740228655
steps[4].waypoints[14].orientation_xyzw.w=-0.32295718453912176
steps[4].waypoints[15].position_m.x=0.05021981070926219
steps[4].waypoints[15].position_m.y=-1.681791075854687
steps[4].waypoints[15].position_m.z=0.6751078981327764
steps[4].waypoints[15].orientation_xyzw.x=-0.4088926145639803
steps[4].waypoints[15].orientation_xyzw.y=0.6648050918532223
steps[4].waypoints[15].orientation_xyzw.z=-0.5352936236591203
steps[4].waypoints[15].orientation_xyzw.w=-0.32295782398162903
steps[4].waypoints[16].position_m.x=0.05121356745313532
steps[4].waypoints[16].position_m.y=-1.6815692952226953
steps[4].waypoints[16].position_m.z=0.6743538152561692
steps[4].waypoints[16].orientation_xyzw.x=-0.40889225267340146
steps[4].waypoints[16].orientation_xyzw.y=0.6648035144919989
steps[4].waypoints[16].orientation_xyzw.z=-0.5352954732919231
steps[4].waypoints[16].orientation_xyzw.w=-0.3229584634220536
steps[4].waypoints[17].position_m.x=0.052213189234180696
steps[4].waypoints[17].position_m.y=-1.681066739071109
steps[4].waypoints[17].position_m.z=0.672517190477319
steps[4].waypoints[17].orientation_xyzw.x=-0.4088918907801855
steps[4].waypoints[17].orientation_xyzw.y=0.664801937126488
steps[4].waypoints[17].orientation_xyzw.z=-0.5352973229212737
steps[4].waypoints[17].orientation_xyzw.w=-0.3229591028603953
steps[4].waypoints[18].position_m.x=0.053212811745356775
steps[4].waypoints[18].position_m.y=-1.680564210540353
steps[4].waypoints[18].position_m.z=0.6706805585381842
steps[4].waypoints[18].orientation_xyzw.x=-0.4088915288843326
steps[4].waypoints[18].orientation_xyzw.y=0.66480035975669
steps[4].waypoints[18].orientation_xyzw.z=-0.5352991725471721
steps[4].waypoints[18].orientation_xyzw.w=-0.3229597422966543
steps[4].waypoints[19].position_m.x=0.054206569824220674
steps[4].waypoints[19].position_m.y=-1.6803424804110363
steps[4].waypoints[19].position_m.z=0.6699264625695183
steps[4].waypoints[19].orientation_xyzw.x=-0.4088911669858429
steps[4].waypoints[19].orientation_xyzw.y=0.6647987823826045
steps[4].waypoints[19].orientation_xyzw.z=-0.5353010221696183
steps[4].waypoints[19].orientation_xyzw.w=-0.3229603817308304
steps[4].waypoints[20].position_m.x=0.05519203331081259
steps[4].waypoints[20].position_m.y=-1.6805178201274331
steps[4].waypoints[20].position_m.z=0.6707033137778974
steps[4].waypoints[20].orientation_xyzw.x=-0.4088908050847161
steps[4].waypoints[20].orientation_xyzw.y=0.6647972050042318
steps[4].waypoints[20].orientation_xyzw.z=-0.5353028717886124
steps[4].waypoints[20].orientation_xyzw.w=-0.3229610211629238
steps[4].waypoints[21].position_m.x=0.056171630904831814
steps[4].waypoints[21].position_m.y=-1.6809739030032607
steps[4].waypoints[21].position_m.z=0.6725627152765233
steps[4].waypoints[21].orientation_xyzw.x=-0.40889044318095236
steps[4].waypoints[21].orientation_xyzw.y=0.6647956276215718
steps[4].waypoints[21].orientation_xyzw.z=-0.5353047214041541
steps[4].waypoints[21].orientation_xyzw.w=-0.3229616605929344
steps[4].waypoints[22].position_m.x=0.05715122776872129
steps[4].waypoints[22].position_m.y=-1.6814299582579106
steps[4].waypoints[22].position_m.z=0.6744221239346424
steps[4].waypoints[22].orientation_xyzw.x=-0.4088900812745517
steps[4].waypoints[22].orientation_xyzw.y=0.6647940502346246
steps[4].waypoints[22].orientation_xyzw.z=-0.5353065710162437
steps[4].waypoints[22].orientation_xyzw.w=-0.3229623000208622
steps[4].waypoints[23].position_m.x=0.05813668992032425
steps[4].waypoints[23].position_m.y=-1.6816052474709968
steps[4].waypoints[23].position_m.z=0.6751989882336329
steps[4].waypoints[23].orientation_xyzw.x=-0.40888971936551405
steps[4].waypoints[23].orientation_xyzw.y=0.6647924728433903
steps[4].waypoints[23].orientation_xyzw.z=-0.5353084206248807
steps[4].waypoints[23].orientation_xyzw.w=-0.322962939446707
steps[4].waypoints[24].position_m.x=0.059130447873917635
steps[4].waypoints[24].position_m.y=-1.6813835126026349
steps[4].waypoints[24].position_m.z=0.6744448934933419
steps[4].waypoints[24].orientation_xyzw.x=-0.4088893574538396
steps[4].waypoints[24].orientation_xyzw.y=0.6647908954478686
steps[4].waypoints[24].orientation_xyzw.z=-0.5353102702300654
steps[4].waypoints[24].orientation_xyzw.w=-0.322963578870469
steps[4].waypoints[25].position_m.x=0.06013007257548294
steps[4].waypoints[25].position_m.y=-1.6808810669354126
steps[4].waypoints[25].position_m.z=0.6726082400757276
steps[4].waypoints[25].orientation_xyzw.x=-0.4088889955395281
steps[4].waypoints[25].orientation_xyzw.y=0.6647893180480599
steps[4].waypoints[25].orientation_xyzw.z=-0.5353121198317978
steps[4].waypoints[25].orientation_xyzw.w=-0.3229642182921482
steps[4].waypoints[26].position_m.x=0.061129698007177054
steps[4].waypoints[26].position_m.y=-1.6803786488897154
steps[4].waypoints[26].position_m.z=0.670771579499412
steps[4].waypoints[26].orientation_xyzw.x=-0.4088886336225797
steps[4].waypoints[26].orientation_xyzw.y=0.6647877406439638
steps[4].waypoints[26].orientation_xyzw.z=-0.5353139694300778
steps[4].waypoints[26].orientation_xyzw.w=-0.32296485771174455
steps[4].waypoints[27].position_m.x=0.062123457295757745
steps[4].waypoints[27].position_m.y=-1.6801569645252998
steps[4].waypoints[27].position_m.z=0.670017471669957
steps[4].waypoints[27].orientation_xyzw.x=-0.40888827170299447
steps[4].waypoints[27].orientation_xyzw.y=0.6647861632355813
steps[4].waypoints[27].orientation_xyzw.z=-0.5353158190249049
steps[4].waypoints[27].orientation_xyzw.w=-0.3229654971292578
steps[4].waypoints[28].position_m.x=0.06310891957263094
steps[4].waypoints[28].position_m.y=-1.6803322584774907
steps[4].waypoints[28].position_m.z=0.6707943347407085
steps[4].waypoints[28].orientation_xyzw.x=-0.40888790978077233
steps[4].waypoints[28].orientation_xyzw.y=0.6647845858229113
steps[4].waypoints[28].orientation_xyzw.z=-0.5353176686162796
steps[4].waypoints[28].orientation_xyzw.w=-0.3229661365446883
steps[4].waypoints[29].position_m.x=0.06408851424613406
steps[4].waypoints[29].position_m.y=-1.6807882308675643
steps[4].waypoints[29].position_m.z=0.672653764874932
steps[4].waypoints[29].orientation_xyzw.x=-0.40888754785591325
steps[4].waypoints[29].orientation_xyzw.y=0.6647830084059542
steps[4].waypoints[29].orientation_xyzw.z=-0.5353195182042022
steps[4].waypoints[29].orientation_xyzw.w=-0.32296677595803597
steps[4].waypoints[30].position_m.x=0.06506810818950928
steps[4].waypoints[30].position_m.y=-1.6812441756357648
steps[4].waypoints[30].position_m.z=0.6745132021670657
steps[4].waypoints[30].orientation_xyzw.x=-0.4088871859284173
steps[4].waypoints[30].orientation_xyzw.y=0.6647814309847103
steps[4].waypoints[30].orientation_xyzw.z=-0.5353213677886718
steps[4].waypoints[30].orientation_xyzw.w=-0.3229674153693005
steps[4].waypoints[31].position_m.x=0.0660535691313969
steps[4].waypoints[31].position_m.y=-1.6814194190833736
steps[4].waypoints[31].position_m.z=0.6752900783255338
steps[4].waypoints[31].orientation_xyzw.x=-0.4088868239982845
steps[4].waypoints[31].orientation_xyzw.y=0.6647798535591796
steps[4].waypoints[31].orientation_xyzw.z=-0.5353232173696887
steps[4].waypoints[31].orientation_xyzw.w=-0.3229680547784821
steps[4].waypoints[32].position_m.x=0.06704732829470747
steps[4].waypoints[32].position_m.y=-1.6811977299797938
steps[4].waypoints[32].position_m.z=0.674535971724182
steps[4].waypoints[32].orientation_xyzw.x=-0.4088864620655149
steps[4].waypoints[32].orientation_xyzw.y=0.6647782761293618
steps[4].waypoints[32].orientation_xyzw.z=-0.5353250669472531
steps[4].waypoints[32].orientation_xyzw.w=-0.3229686941855809
steps[4].waypoints[33].position_m.x=0.06804695591678517
steps[4].waypoints[33].position_m.y=-1.680695394799716
steps[4].waypoints[33].position_m.z=0.6726992896741364
steps[4].waypoints[33].orientation_xyzw.x=-0.40888610013010823
steps[4].waypoints[33].orientation_xyzw.y=0.6647766986952567
steps[4].waypoints[33].orientation_xyzw.z=-0.5353269165213653
steps[4].waypoints[33].orientation_xyzw.w=-0.3229693335905968
steps[4].waypoints[34].position_m.x=0.07504456910899603
steps[4].waypoints[34].position_m.y=-1.6805312820131353
steps[4].waypoints[34].position_m.z=0.672779767034166
steps[4].waypoints[34].orientation_xyzw.x=-0.40888610013010823
steps[4].waypoints[34].orientation_xyzw.y=0.6647766986952567
steps[4].waypoints[34].orientation_xyzw.z=-0.5353269165213653
steps[4].waypoints[34].orientation_xyzw.w=-0.3229693335905968
steps[4].lead_start.position_m.x=0.03537976352411753
steps[4].lead_start.position_m.y=-1.6814615280262992
steps[4].lead_start.position_m.z=0.672323594514783
steps[4].lead_start.orientation_xyzw.x=-0.408897680755199
steps[4].lead_start.orientation_xyzw.y=0.6648271744601588
steps[4].lead_start.orientation_xyzw.z=-0.535267728437428
steps[4].lead_start.orientation_xyzw.w=-0.32294887159700153
steps[4].usable_seam_start.position_m.x=0.036379422551576224
steps[4].usable_seam_start.position_m.y=-1.681438083342502
steps[4].usable_seam_start.position_m.z=0.6723350912805015
steps[4].usable_seam_start.orientation_xyzw.x=-0.408897680755199
steps[4].usable_seam_start.orientation_xyzw.y=0.6648271744601588
steps[4].usable_seam_start.orientation_xyzw.z=-0.535267728437428
steps[4].usable_seam_start.orientation_xyzw.w=-0.32294887159700153
steps[4].usable_seam_goal.position_m.x=0.06804695591678517
steps[4].usable_seam_goal.position_m.y=-1.680695394799716
steps[4].usable_seam_goal.position_m.z=0.6726992896741364
steps[4].usable_seam_goal.orientation_xyzw.x=-0.40888610013010823
steps[4].usable_seam_goal.orientation_xyzw.y=0.6647766986952567
steps[4].usable_seam_goal.orientation_xyzw.z=-0.5353269165213653
steps[4].usable_seam_goal.orientation_xyzw.w=-0.3229693335905968
steps[4].lead_end.position_m.x=0.07504456910899603
steps[4].lead_end.position_m.y=-1.6805312820131353
steps[4].lead_end.position_m.z=0.672779767034166
steps[4].lead_end.orientation_xyzw.x=-0.40888610013010823
steps[4].lead_end.orientation_xyzw.y=0.6647766986952567
steps[4].lead_end.orientation_xyzw.z=-0.5353269165213653
steps[4].lead_end.orientation_xyzw.w=-0.3229693335905968
steps[5].sequence_number=6
steps[5].type=digital_weld
steps[5].parallel_slot=5
steps[5].duration=0.0
steps[5].velocity_scale=0.3695263157894737
steps[5].tcp_speed_m_s=0.006999999999999999
steps[5].command=off
steps[5].weld_scenario_id=weld-9238580905860
steps[5].weld_scenario_stage=arc_off
steps[5].path_to_seam_speed_factor=0.5793206725546471
steps[5].trigger_before_goal=True
steps[5].arc_off_delay_s=0.5
steps[5].settings.current_a=230
steps[5].settings.voltage_tenths=265
steps[5].settings.voltage=26.5
steps[5].settings.material=FE-SOLID
steps[5].settings.diameter_mm=1.2
steps[5].settings.mode=LSM
steps[5].settings.gas=CO2 100%
steps[5].settings.synergic=False
steps[5].settings.correction=0.0
steps[5].settings.hot_start_enabled=True
steps[5].settings.hot_start_percent=20.0
steps[5].settings.hot_start_hold_adjustment=-1
steps[5].settings.crater_enabled=False
steps[5].settings.crater_percent=26.08695652173913
steps[5].settings.crater_current_a=60.0
steps[5].settings.crater_voltage_v=25.0
steps[5].settings.crater_seconds=1.0
steps[5].settings.wire_consumable_alpha_mm=0.0
steps[5].settings.hot_start_current_a=276
steps[6].sequence_number=7
steps[6].type=motion
steps[6].parallel_slot=6
steps[6].duration=0.0
steps[6].planning_group=right_manipulator
steps[6].velocity_scale=0.3695263157894737
steps[6].tcp_speed_m_s=0.0
steps[6].interpolation_step=0.005
steps[6].path_kind=weld_end_to_taught_wait_fixed_attitude
steps[6].pose_name=weld_goal_wait
steps[6].pose_label=5 · Weld goal wait pose
steps[6].touch_guard=False
steps[6].continue_after_touch=False
steps[6].weld_scenario_id=weld-9238580905860
steps[6].weld_scenario_stage=goal_wait
steps[6].waypoint_count=1
steps[6].waypoints[0].position_m.x=0.06802650600792787
steps[6].waypoints[0].position_m.y=-1.6775811340754863
steps[6].waypoints[0].position_m.z=0.6749988857401974
steps[6].waypoints[0].orientation_xyzw.x=-0.40888610013010823
steps[6].waypoints[0].orientation_xyzw.y=0.6647766986952567
steps[6].waypoints[0].orientation_xyzw.z=-0.5353269165213653
steps[6].waypoints[0].orientation_xyzw.w=-0.3229693335905968
steps[7].sequence_number=8
steps[7].type=named_pose
steps[7].parallel_slot=7
steps[7].duration=0.0
steps[7].planning_group=right_manipulator
steps[7].velocity_scale=0.3695263157894737
steps[7].tcp_speed_m_s=0.0
steps[7].pose_name=weld_finish
steps[7].pose_label=7 · Weld end pose
steps[7].touch_guard=False
steps[7].continue_after_touch=False
steps[7].weld_scenario_id=weld-9238580905860
steps[7].weld_scenario_stage=finish
steps[7].target_tcp.position_m.x=0.06798797733801742
steps[7].target_tcp.position_m.y=-1.6434697522598045
steps[7].target_tcp.position_m.z=0.706858520636326
steps[7].target_tcp.orientation_xyzw.x=-0.40891577982432076
steps[7].target_tcp.orientation_xyzw.y=0.664770641451258
steps[7].target_tcp.orientation_xyzw.z=-0.535297108084459
steps[7].target_tcp.orientation_xyzw.w=-0.32299363051237706
steps[7].joint_names[0]=right_manipulator_joint1
steps[7].joint_names[1]=right_manipulator_joint2
steps[7].joint_names[2]=right_manipulator_joint3
steps[7].joint_names[3]=right_manipulator_joint4
steps[7].joint_names[4]=right_manipulator_joint5
steps[7].joint_names[5]=right_manipulator_joint6
steps[7].joint_positions_rad[0]=5.204952341903641
steps[7].joint_positions_rad[1]=1.2719282666248797
steps[7].joint_positions_rad[2]=1.9331498862946583
steps[7].joint_positions_rad[3]=3.619875612711522
steps[7].joint_positions_rad[4]=1.4070400161045238
steps[7].joint_positions_rad[5]=1.5535429045147637
steps[8].sequence_number=9
steps[8].type=digital_output
steps[8].parallel_slot=8
steps[8].duration=0.0
steps[8].port=0
steps[8].value=True
steps[8].weld_scenario_id=weld-9238580905860
steps[8].weld_scenario_stage=touch_output_on
hicomm_cyclic_period_ms=40.0
arc_wait_recognition=True
arc_wait_main_welding=True
arc_wait_established=True
arc_establishment_timeout_s=5.0

[summary]
rx_samples=253
welding_samples=0
wcr_seen=0
current_a.min=None
current_a.average=None
current_a.max=None
voltage_v.min=None
voltage_v.average=None
voltage_v.max=None
wire_feed_m_min.min=None
wire_feed_m_min.average=None
wire_feed_m_min.max=None

[production_metrics]
arc_started_elapsed_s=None
arc_completed_elapsed_s=None
arc_on_time_s=0.0
main_weld_arc_time_s=0.0
crater_arc_time_s=0.0
weld_motion_start_elapsed_s=0.01610351800081844
weld_motion_complete_elapsed_s=10.155809153000519
weld_motion_duration_s=10.1397056349997
net_weld_arc_time_s=0.0
wire_feed_average_m_min=0.0
wire_consumable_base_mm=0.0
wire_consumable_alpha_mm=0.0
wire_consumable_mm=0.0
wire_consumable_formula=integral(WFS*1000/60*dt)+alpha
weld_motion_start_unix_time=1789526189.825095
weld_motion_start_wall_time=2026-09-16 11:36:29.825
weld_motion_complete_unix_time=1789526199.9647996
weld_motion_complete_wall_time=2026-09-16 11:36:39.964

[arc_off_control]

[teaching_snapshot_yaml]
robot_start:
  planning_group: right_manipulator
  joint_state:
    names:
    - right_manipulator_joint1
    - right_manipulator_joint2
    - right_manipulator_joint3
    - right_manipulator_joint4
    - right_manipulator_joint5
    - right_manipulator_joint6
    positions_rad:
    - 5.272090632984539
    - 1.1319069796756747
    - 2.106417676818249
    - 3.6901007738119302
    - 1.4686233526256796
    - 1.4680081624138712
  tcp_pose_world:
    position_m:
      x: 0.0593687026100857
      y: -1.566580876666292
      z: 0.8404797210507349
    orientation_xyzw:
      x: -0.435964943840794
      y: 0.633785310019272
      z: -0.5278153609885844
      w: -0.36008567487496485
weld_wait:
  planning_group: right_manipulator
  joint_state:
    names:
    - right_manipulator_joint1
    - right_manipulator_joint2
    - right_manipulator_joint3
    - right_manipulator_joint4
    - right_manipulator_joint5
    - right_manipulator_joint6
    positions_rad:
    - 5.162270391745159
    - 1.2839001078311674
    - 1.9253509522004157
    - 3.57737608908771
    - 1.4121090769233806
    - 1.5529732543575958
  tcp_pose_world:
    position_m:
      x: 0.036424554825288225
      y: -1.6556979706260309
      z: 0.6969945192387215
    orientation_xyzw:
      x: -0.40887151131936966
      y: 0.664764445724758
      z: -0.5353485269301721
      w: -0.32297720298089877
weld_start_wait:
  planning_group: right_manipulator
  joint_state:
    names:
    - right_manipulator_joint1
    - right_manipulator_joint2
    - right_manipulator_joint3
    - right_manipulator_joint4
    - right_manipulator_joint5
    - right_manipulator_joint6
    positions_rad:
    - 5.1496113218195765
    - 1.3091994723966476
    - 1.881715989845849
    - 3.5661181082116182
    - 1.395569381815389
    - 1.5444073298694105
  tcp_pose_world:
    position_m:
      x: 0.03646068728963492
      y: -1.6793469233273077
      z: 0.674417019979207
    orientation_xyzw:
      x: -0.4089518530577377
      y: 0.6647824172284327
      z: -0.5352696108757291
      w: -0.32296929157043747
weld_start:
  planning_group: right_manipulator
  joint_state:
    names:
    - right_manipulator_joint1
    - right_manipulator_joint2
    - right_manipulator_joint3
    - right_manipulator_joint4
    - right_manipulator_joint5
    - right_manipulator_joint6
    positions_rad:
    - 5.148442194101031
    - 1.3115383936240097
    - 1.8777747777486407
    - 3.565134602821052
    - 1.3940999826839378
    - 1.5438035912502894
  tcp_pose_world:
    position_m:
      x: 0.036379422551576224
      y: -1.681438083342502
      z: 0.6723350912805015
    orientation_xyzw:
      x: -0.408897680755199
      y: 0.6648271744601588
      z: -0.535267728437428
      w: -0.32294887159700153
weld_goal_wait:
  planning_group: right_manipulator
  joint_state:
    names:
    - right_manipulator_joint1
    - right_manipulator_joint2
    - right_manipulator_joint3
    - right_manipulator_joint4
    - right_manipulator_joint5
    - right_manipulator_joint6
    positions_rad:
    - 5.185303006748819
    - 1.3080717568330535
    - 1.871380661129415
    - 3.602428711778195
    - 1.3846910345526877
    - 1.5410165931695214
  tcp_pose_world:
    position_m:
      x: 0.06802650600792787
      y: -1.6775811340754863
      z: 0.6749988857401974
    orientation_xyzw:
      x: -0.408866812683109
      y: 0.6647818136335141
      z: -0.5353433898332236
      w: -0.3229559175961395
weld_end:
  planning_group: right_manipulator
  joint_state:
    names:
    - right_manipulator_joint1
    - right_manipulator_joint2
    - right_manipulator_joint3
    - right_manipulator_joint4
    - right_manipulator_joint5
    - right_manipulator_joint6
    positions_rad:
    - 5.183613497353273
    - 1.3106612815189922
    - 1.866182570155744
    - 3.6009780879324285
    - 1.3823597033344324
    - 1.539721764247525
  tcp_pose_world:
    position_m:
      x: 0.06804695591678517
      y: -1.680695394799716
      z: 0.6726992896741364
    orientation_xyzw:
      x: -0.40888610013010823
      y: 0.6647766986952567
      z: -0.5353269165213653
      w: -0.3229693335905968
weld_finish:
  planning_group: right_manipulator
  joint_state:
    names:
    - right_manipulator_joint1
    - right_manipulator_joint2
    - right_manipulator_joint3
    - right_manipulator_joint4
    - right_manipulator_joint5
    - right_manipulator_joint6
    positions_rad:
    - 5.204952341903641
    - 1.2719282666248797
    - 1.9331498862946583
    - 3.619875612711522
    - 1.4070400161045238
    - 1.5535429045147637
  tcp_pose_world:
    position_m:
      x: 0.06798797733801742
      y: -1.6434697522598045
      z: 0.706858520636326
    orientation_xyzw:
      x: -0.40891577982432076
      y: 0.664770641451258
      z: -0.535297108084459
      w: -0.32299363051237706

[touch_snapshot_yaml]
{}

[samples]
elapsed_s raw0 state arc gas fwd wcr current_a voltage_v wire_feed_m_min set_current_a set_voltage_v error db collision
0.026 0x00 idle 0 0 0 0 0 0.0 0.0 100 10.0 0 0 0
0.067 0x00 idle 0 0 0 0 0 0.0 0.0 100 10.0 0 0 0
0.106 0x00 idle 0 0 0 0 0 0.0 0.0 100 10.0 0 0 0
0.146 0x00 idle 0 0 0 0 0 0.0 0.0 100 10.0 0 0 0
0.185 0x00 idle 0 0 0 0 0 0.0 0.0 100 10.0 0 0 0
0.227 0x00 idle 0 0 0 0 0 0.0 0.0 100 10.0 0 0 0
0.267 0x00 idle 0 0 0 0 0 0.0 0.0 100 10.0 0 0 0
0.310 0x00 idle 0 0 0 0 0 0.0 0.0 100 10.0 0 0 0
0.345 0x00 idle 0 0 0 0 0 0.0 0.0 100 10.0 0 0 0
0.387 0x00 idle 0 0 0 0 0 0.0 0.0 100 10.0 0 0 0
0.426 0x00 idle 0 0 0 0 0 0.0 0.0 100 10.0 0 0 0
0.471 0x00 idle 0 0 0 0 0 0.0 0.0 100 10.0 0 0 0
0.506 0x00 idle 0 0 0 0 0 0.0 0.0 100 10.0 0 0 0
0.546 0x00 idle 0 0 0 0 0 0.0 0.0 100 10.0 0 0 0
0.586 0x00 idle 0 0 0 0 0 0.0 0.0 100 10.0 0 0 0
0.626 0x00 idle 0 0 0 0 0 0.0 0.0 100 10.0 0 0 0
0.671 0x00 idle 0 0 0 0 0 0.0 0.0 100 10.0 0 0 0
0.713 0x00 idle 0 0 0 0 0 0.0 0.0 100 10.0 0 0 0
0.747 0x00 idle 0 0 0 0 0 0.0 0.0 100 10.0 0 0 0
0.786 0x00 idle 0 0 0 0 0 0.0 0.0 100 10.0 0 0 0
0.828 0x00 idle 0 0 0 0 0 0.0 0.0 100 10.0 0 0 0
0.868 0x00 idle 0 0 0 0 0 0.0 0.0 100 10.0 0 0 0
0.907 0x00 idle 0 0 0 0 0 0.0 0.0 100 10.0 0 0 0
0.946 0x00 idle 0 0 0 0 0 0.0 0.0 100 10.0 0 0 0
0.988 0x00 idle 0 0 0 0 0 0.0 0.0 100 10.0 0 0 0
1.029 0x00 idle 0 0 0 0 0 0.0 0.0 100 10.0 0 0 0
1.068 0x00 idle 0 0 0 0 0 0.0 0.0 100 10.0 0 0 0
1.110 0x00 idle 0 0 0 0 0 0.0 0.0 100 10.0 0 0 0
1.150 0x00 idle 0 0 0 0 0 0.0 0.0 100 10.0 0 0 0
1.188 0x00 idle 0 0 0 0 0 0.0 0.0 100 10.0 0 0 0
1.235 0x00 idle 0 0 0 0 0 0.0 0.0 100 10.0 0 0 0
1.266 0x00 idle 0 0 0 0 0 0.0 0.0 100 10.0 0 0 0
1.306 0x00 idle 0 0 0 0 0 0.0 0.0 100 10.0 0 0 0
1.351 0x00 idle 0 0 0 0 0 0.0 0.0 100 10.0 0 0 0
1.386 0x00 idle 0 0 0 0 0 0.0 0.0 100 10.0 0 0 0
1.429 0x00 idle 0 0 0 0 0 0.0 0.0 100 10.0 0 0 0
1.466 0x00 idle 0 0 0 0 0 0.0 0.0 100 10.0 0 0 0
1.507 0x00 idle 0 0 0 0 0 0.0 0.0 100 10.0 0 0 0
1.545 0x00 idle 0 0 0 0 0 0.0 0.0 100 10.0 0 0 0
1.586 0x00 idle 0 0 0 0 0 0.0 0.0 100 10.0 0 0 0
1.629 0x00 idle 0 0 0 0 0 0.0 0.0 100 10.0 0 0 0
1.673 0x00 idle 0 0 0 0 0 0.0 0.0 100 10.0 0 0 0
1.709 0x00 idle 0 0 0 0 0 0.0 0.0 100 10.0 0 0 0
1.747 0x00 idle 0 0 0 0 0 0.0 0.0 100 10.0 0 0 0
1.791 0x00 idle 0 0 0 0 0 0.0 0.0 100 10.0 0 0 0
1.828 0x00 idle 0 0 0 0 0 0.0 0.0 100 10.0 0 0 0
1.868 0x00 idle 0 0 0 0 0 0.0 0.0 100 10.0 0 0 0
1.910 0x00 idle 0 0 0 0 0 0.0 0.0 100 10.0 0 0 0
1.948 0x00 idle 0 0 0 0 0 0.0 0.0 100 10.0 0 0 0
1.985 0x00 idle 0 0 0 0 0 0.0 0.0 100 10.0 0 0 0
2.027 0x00 idle 0 0 0 0 0 0.0 0.0 100 10.0 0 0 0
2.065 0x00 idle 0 0 0 0 0 0.0 0.0 100 10.0 0 0 0
2.115 0x00 idle 0 0 0 0 0 0.0 0.0 100 10.0 0 0 0
2.145 0x00 idle 0 0 0 0 0 0.0 0.0 100 10.0 0 0 0
2.187 0x00 idle 0 0 0 0 0 0.0 0.0 100 10.0 0 0 0
2.231 0x00 idle 0 0 0 0 0 0.0 0.0 100 10.0 0 0 0
2.269 0x00 idle 0 0 0 0 0 0.0 0.0 100 10.0 0 0 0
2.306 0x00 idle 0 0 0 0 0 0.0 0.0 100 10.0 0 0 0
2.350 0x00 idle 0 0 0 0 0 0.0 0.0 100 10.0 0 0 0
2.385 0x00 idle 0 0 0 0 0 0.0 0.0 100 10.0 0 0 0
2.427 0x00 idle 0 0 0 0 0 0.0 0.0 100 10.0 0 0 0
2.473 0x00 idle 0 0 0 0 0 0.0 0.0 100 10.0 0 0 0
2.508 0x00 idle 0 0 0 0 0 0.0 0.0 100 10.0 0 0 0
2.551 0x00 idle 0 0 0 0 0 0.0 0.0 100 10.0 0 0 0
2.585 0x00 idle 0 0 0 0 0 0.0 0.0 100 10.0 0 0 0
2.635 0x00 idle 0 0 0 0 0 0.0 0.0 100 10.0 0 0 0
2.665 0x00 idle 0 0 0 0 0 0.0 0.0 100 10.0 0 0 0
2.713 0x00 idle 0 0 0 0 0 0.0 0.0 100 10.0 0 0 0
2.746 0x00 idle 0 0 0 0 0 0.0 0.0 100 10.0 0 0 0
2.786 0x00 idle 0 0 0 0 0 0.0 0.0 100 10.0 0 0 0
2.828 0x00 idle 0 0 0 0 0 0.0 0.0 100 10.0 0 0 0
2.867 0x00 idle 0 0 0 0 0 0.0 0.0 100 10.0 0 0 0
2.911 0x00 idle 0 0 0 0 0 0.0 0.0 100 10.0 0 0 0
2.953 0x00 idle 0 0 0 0 0 0.0 0.0 100 10.0 0 0 0
2.988 0x00 idle 0 0 0 0 0 0.0 0.0 100 10.0 0 0 0
3.027 0x00 idle 0 0 0 0 0 0.0 0.0 100 10.0 0 0 0
3.071 0x00 idle 0 0 0 0 0 0.0 0.0 100 10.0 0 0 0
3.110 0x00 idle 0 0 0 0 0 0.0 0.0 100 10.0 0 0 0
3.145 0x00 idle 0 0 0 0 0 0.0 0.0 100 10.0 0 0 0
3.190 0x00 idle 0 0 0 0 0 0.0 0.0 100 10.0 0 0 0
3.229 0x00 idle 0 0 0 0 0 0.0 0.0 100 10.0 0 0 0
3.267 0x00 idle 0 0 0 0 0 0.0 0.0 100 10.0 0 0 0
3.307 0x00 idle 0 0 0 0 0 0.0 0.0 100 10.0 0 0 0
3.350 0x00 idle 0 0 0 0 0 0.0 0.0 100 10.0 0 0 0
3.389 0x00 idle 0 0 0 0 0 0.0 0.0 100 10.0 0 0 0
3.429 0x00 idle 0 0 0 0 0 0.0 0.0 100 10.0 0 0 0
3.473 0x00 idle 0 0 0 0 0 0.0 0.0 100 10.0 0 0 0
3.506 0x00 idle 0 0 0 0 0 0.0 0.0 100 10.0 0 0 0
3.550 0x00 idle 0 0 0 0 0 0.0 0.0 100 10.0 0 0 0
3.588 0x00 idle 0 0 0 0 0 0.0 0.0 100 10.0 0 0 0
3.630 0x00 idle 0 0 0 0 0 0.0 0.0 100 10.0 0 0 0
3.665 0x00 idle 0 0 0 0 0 0.0 0.0 100 10.0 0 0 0
3.709 0x00 idle 0 0 0 0 0 0.0 0.0 100 10.0 0 0 0
3.746 0x00 idle 0 0 0 0 0 0.0 0.0 100 10.0 0 0 0
3.795 0x00 idle 0 0 0 0 0 0.0 0.0 100 10.0 0 0 0
3.825 0x00 idle 0 0 0 0 0 0.0 0.0 100 10.0 0 0 0
3.867 0x00 idle 0 0 0 0 0 0.0 0.0 100 10.0 0 0 0
3.910 0x00 idle 0 0 0 0 0 0.0 0.0 100 10.0 0 0 0
3.948 0x00 idle 0 0 0 0 0 0.0 0.0 100 10.0 0 0 0
3.994 0x00 idle 0 0 0 0 0 0.0 0.0 100 10.0 0 0 0
4.029 0x00 idle 0 0 0 0 0 0.0 0.0 100 10.0 0 0 0
4.069 0x00 idle 0 0 0 0 0 0.0 0.0 100 10.0 0 0 0
4.109 0x00 idle 0 0 0 0 0 0.0 0.0 100 10.0 0 0 0
4.149 0x00 idle 0 0 0 0 0 0.0 0.0 100 10.0 0 0 0
4.187 0x00 idle 0 0 0 0 0 0.0 0.0 100 10.0 0 0 0
4.230 0x00 idle 0 0 0 0 0 0.0 0.0 100 10.0 0 0 0
4.270 0x00 idle 0 0 0 0 0 0.0 0.0 100 10.0 0 0 0
4.309 0x00 idle 0 0 0 0 0 0.0 0.0 100 10.0 0 0 0
4.355 0x00 idle 0 0 0 0 0 0.0 0.0 100 10.0 0 0 0
4.390 0x00 idle 0 0 0 0 0 0.0 0.0 100 10.0 0 0 0
4.430 0x00 idle 0 0 0 0 0 0.0 0.0 100 10.0 0 0 0
4.471 0x00 idle 0 0 0 0 0 0.0 0.0 100 10.0 0 0 0
4.507 0x00 idle 0 0 0 0 0 0.0 0.0 100 10.0 0 0 0
4.550 0x00 idle 0 0 0 0 0 0.0 0.0 100 10.0 0 0 0
4.585 0x00 idle 0 0 0 0 0 0.0 0.0 100 10.0 0 0 0
4.630 0x00 idle 0 0 0 0 0 0.0 0.0 100 10.0 0 0 0
4.669 0x00 idle 0 0 0 0 0 0.0 0.0 100 10.0 0 0 0
4.708 0x00 idle 0 0 0 0 0 0.0 0.0 100 10.0 0 0 0
4.745 0x00 idle 0 0 0 0 0 0.0 0.0 100 10.0 0 0 0
4.785 0x00 idle 0 0 0 0 0 0.0 0.0 100 10.0 0 0 0
4.832 0x00 idle 0 0 0 0 0 0.0 0.0 100 10.0 0 0 0
4.870 0x00 idle 0 0 0 0 0 0.0 0.0 100 10.0 0 0 0
4.910 0x00 idle 0 0 0 0 0 0.0 0.0 100 10.0 0 0 0
4.955 0x00 idle 0 0 0 0 0 0.0 0.0 100 10.0 0 0 0
4.986 0x00 idle 0 0 0 0 0 0.0 0.0 100 10.0 0 0 0
5.031 0x00 idle 0 0 0 0 0 0.0 0.0 100 10.0 0 0 0
5.069 0x00 idle 0 0 0 0 0 0.0 0.0 100 10.0 0 0 0
5.107 0x00 idle 0 0 0 0 0 0.0 0.0 100 10.0 0 0 0
5.145 0x00 idle 0 0 0 0 0 0.0 0.0 100 10.0 0 0 0
5.187 0x00 idle 0 0 0 0 0 0.0 0.0 100 10.0 0 0 0
5.232 0x00 idle 0 0 0 0 0 0.0 0.0 100 10.0 0 0 0
5.270 0x00 idle 0 0 0 0 0 0.0 0.0 100 10.0 0 0 0
5.310 0x00 idle 0 0 0 0 0 0.0 0.0 100 10.0 0 0 0
5.353 0x00 idle 0 0 0 0 0 0.0 0.0 100 10.0 0 0 0
5.391 0x00 idle 0 0 0 0 0 0.0 0.0 100 10.0 0 0 0
5.427 0x00 idle 0 0 0 0 0 0.0 0.0 100 10.0 0 0 0
5.472 0x00 idle 0 0 0 0 0 0.0 0.0 100 10.0 0 0 0
5.511 0x00 idle 0 0 0 0 0 0.0 0.0 100 10.0 0 0 0
5.549 0x00 idle 0 0 0 0 0 0.0 0.0 100 10.0 0 0 0
5.587 0x00 idle 0 0 0 0 0 0.0 0.0 100 10.0 0 0 0
5.627 0x00 idle 0 0 0 0 0 0.0 0.0 100 10.0 0 0 0
5.670 0x00 idle 0 0 0 0 0 0.0 0.0 100 10.0 0 0 0
5.710 0x00 idle 0 0 0 0 0 0.0 0.0 100 10.0 0 0 0
5.746 0x00 idle 0 0 0 0 0 0.0 0.0 100 10.0 0 0 0
5.788 0x00 idle 0 0 0 0 0 0.0 0.0 100 10.0 0 0 0
5.829 0x00 idle 0 0 0 0 0 0.0 0.0 100 10.0 0 0 0
5.868 0x00 idle 0 0 0 0 0 0.0 0.0 100 10.0 0 0 0
5.908 0x00 idle 0 0 0 0 0 0.0 0.0 100 10.0 0 0 0
5.945 0x00 idle 0 0 0 0 0 0.0 0.0 100 10.0 0 0 0
5.985 0x00 idle 0 0 0 0 0 0.0 0.0 100 10.0 0 0 0
6.030 0x00 idle 0 0 0 0 0 0.0 0.0 100 10.0 0 0 0
6.066 0x00 idle 0 0 0 0 0 0.0 0.0 100 10.0 0 0 0
6.107 0x00 idle 0 0 0 0 0 0.0 0.0 100 10.0 0 0 0
6.145 0x00 idle 0 0 0 0 0 0.0 0.0 100 10.0 0 0 0
6.189 0x00 idle 0 0 0 0 0 0.0 0.0 100 10.0 0 0 0
6.237 0x00 idle 0 0 0 0 0 0.0 0.0 100 10.0 0 0 0
6.268 0x00 idle 0 0 0 0 0 0.0 0.0 100 10.0 0 0 0
6.306 0x00 idle 0 0 0 0 0 0.0 0.0 100 10.0 0 0 0
6.346 0x00 idle 0 0 0 0 0 0.0 0.0 100 10.0 0 0 0
6.385 0x00 idle 0 0 0 0 0 0.0 0.0 100 10.0 0 0 0
6.425 0x00 idle 0 0 0 0 0 0.0 0.0 100 10.0 0 0 0
6.468 0x00 idle 0 0 0 0 0 0.0 0.0 100 10.0 0 0 0
6.507 0x00 idle 0 0 0 0 0 0.0 0.0 100 10.0 0 0 0
6.547 0x00 idle 0 0 0 0 0 0.0 0.0 100 10.0 0 0 0
6.587 0x00 idle 0 0 0 0 0 0.0 0.0 100 10.0 0 0 0
6.632 0x00 idle 0 0 0 0 0 0.0 0.0 100 10.0 0 0 0
6.669 0x00 idle 0 0 0 0 0 0.0 0.0 100 10.0 0 0 0
6.720 0x00 idle 0 0 0 0 0 0.0 0.0 100 10.0 0 0 0
6.756 0x00 idle 0 0 0 0 0 0.0 0.0 100 10.0 0 0 0
6.795 0x00 idle 0 0 0 0 0 0.0 0.0 100 10.0 0 0 0
6.831 0x00 idle 0 0 0 0 0 0.0 0.0 100 10.0 0 0 0
6.867 0x00 idle 0 0 0 0 0 0.0 0.0 100 10.0 0 0 0
6.907 0x00 idle 0 0 0 0 0 0.0 0.0 100 10.0 0 0 0
6.947 0x00 idle 0 0 0 0 0 0.0 0.0 100 10.0 0 0 0
6.988 0x00 idle 0 0 0 0 0 0.0 0.0 100 10.0 0 0 0
7.028 0x00 idle 0 0 0 0 0 0.0 0.0 100 10.0 0 0 0
7.067 0x00 idle 0 0 0 0 0 0.0 0.0 100 10.0 0 0 0
7.107 0x00 idle 0 0 0 0 0 0.0 0.0 100 10.0 0 0 0
7.148 0x00 idle 0 0 0 0 0 0.0 0.0 100 10.0 0 0 0
7.187 0x00 idle 0 0 0 0 0 0.0 0.0 100 10.0 0 0 0
7.231 0x00 idle 0 0 0 0 0 0.0 0.0 100 10.0 0 0 0
7.271 0x00 idle 0 0 0 0 0 0.0 0.0 100 10.0 0 0 0
7.307 0x00 idle 0 0 0 0 0 0.0 0.0 100 10.0 0 0 0
7.346 0x00 idle 0 0 0 0 0 0.0 0.0 100 10.0 0 0 0
7.388 0x00 idle 0 0 0 0 0 0.0 0.0 100 10.0 0 0 0
7.428 0x00 idle 0 0 0 0 0 0.0 0.0 100 10.0 0 0 0
7.468 0x00 idle 0 0 0 0 0 0.0 0.0 100 10.0 0 0 0
7.507 0x00 idle 0 0 0 0 0 0.0 0.0 100 10.0 0 0 0
7.550 0x00 idle 0 0 0 0 0 0.0 0.0 100 10.0 0 0 0
7.587 0x00 idle 0 0 0 0 0 0.0 0.0 100 10.0 0 0 0
7.632 0x00 idle 0 0 0 0 0 0.0 0.0 100 10.0 0 0 0
7.671 0x00 idle 0 0 0 0 0 0.0 0.0 100 10.0 0 0 0
7.716 0x00 idle 0 0 0 0 0 0.0 0.0 100 10.0 0 0 0
7.750 0x00 idle 0 0 0 0 0 0.0 0.0 100 10.0 0 0 0
7.793 0x00 idle 0 0 0 0 0 0.0 0.0 100 10.0 0 0 0
7.829 0x00 idle 0 0 0 0 0 0.0 0.0 100 10.0 0 0 0
7.872 0x00 idle 0 0 0 0 0 0.0 0.0 100 10.0 0 0 0
7.906 0x00 idle 0 0 0 0 0 0.0 0.0 100 10.0 0 0 0
7.953 0x00 idle 0 0 0 0 0 0.0 0.0 100 10.0 0 0 0
7.986 0x00 idle 0 0 0 0 0 0.0 0.0 100 10.0 0 0 0
8.031 0x00 idle 0 0 0 0 0 0.0 0.0 100 10.0 0 0 0
8.069 0x00 idle 0 0 0 0 0 0.0 0.0 100 10.0 0 0 0
8.108 0x00 idle 0 0 0 0 0 0.0 0.0 100 10.0 0 0 0
8.146 0x00 idle 0 0 0 0 0 0.0 0.0 100 10.0 0 0 0
8.190 0x00 idle 0 0 0 0 0 0.0 0.0 100 10.0 0 0 0
8.228 0x00 idle 0 0 0 0 0 0.0 0.0 100 10.0 0 0 0
8.268 0x00 idle 0 0 0 0 0 0.0 0.0 100 10.0 0 0 0
8.311 0x00 idle 0 0 0 0 0 0.0 0.0 100 10.0 0 0 0
8.346 0x00 idle 0 0 0 0 0 0.0 0.0 100 10.0 0 0 0
8.385 0x00 idle 0 0 0 0 0 0.0 0.0 100 10.0 0 0 0
8.433 0x00 idle 0 0 0 0 0 0.0 0.0 100 10.0 0 0 0
8.465 0x00 idle 0 0 0 0 0 0.0 0.0 100 10.0 0 0 0
8.506 0x00 idle 0 0 0 0 0 0.0 0.0 100 10.0 0 0 0
8.552 0x00 idle 0 0 0 0 0 0.0 0.0 100 10.0 0 0 0
8.591 0x00 idle 0 0 0 0 0 0.0 0.0 100 10.0 0 0 0
8.629 0x00 idle 0 0 0 0 0 0.0 0.0 100 10.0 0 0 0
8.666 0x00 idle 0 0 0 0 0 0.0 0.0 100 10.0 0 0 0
8.710 0x00 idle 0 0 0 0 0 0.0 0.0 100 10.0 0 0 0
8.752 0x00 idle 0 0 0 0 0 0.0 0.0 100 10.0 0 0 0
8.790 0x00 idle 0 0 0 0 0 0.0 0.0 100 10.0 0 0 0
8.830 0x00 idle 0 0 0 0 0 0.0 0.0 100 10.0 0 0 0
8.872 0x00 idle 0 0 0 0 0 0.0 0.0 100 10.0 0 0 0
8.911 0x00 idle 0 0 0 0 0 0.0 0.0 100 10.0 0 0 0
8.948 0x00 idle 0 0 0 0 0 0.0 0.0 100 10.0 0 0 0
8.986 0x00 idle 0 0 0 0 0 0.0 0.0 100 10.0 0 0 0
9.031 0x00 idle 0 0 0 0 0 0.0 0.0 100 10.0 0 0 0
9.068 0x00 idle 0 0 0 0 0 0.0 0.0 100 10.0 0 0 0
9.106 0x00 idle 0 0 0 0 0 0.0 0.0 100 10.0 0 0 0
9.150 0x00 idle 0 0 0 0 0 0.0 0.0 100 10.0 0 0 0
9.187 0x00 idle 0 0 0 0 0 0.0 0.0 100 10.0 0 0 0
9.227 0x00 idle 0 0 0 0 0 0.0 0.0 100 10.0 0 0 0
9.270 0x00 idle 0 0 0 0 0 0.0 0.0 100 10.0 0 0 0
9.308 0x00 idle 0 0 0 0 0 0.0 0.0 100 10.0 0 0 0
9.354 0x00 idle 0 0 0 0 0 0.0 0.0 100 10.0 0 0 0
9.388 0x00 idle 0 0 0 0 0 0.0 0.0 100 10.0 0 0 0
9.429 0x00 idle 0 0 0 0 0 0.0 0.0 100 10.0 0 0 0
9.471 0x00 idle 0 0 0 0 0 0.0 0.0 100 10.0 0 0 0
9.510 0x00 idle 0 0 0 0 0 0.0 0.0 100 10.0 0 0 0
9.545 0x00 idle 0 0 0 0 0 0.0 0.0 100 10.0 0 0 0
9.588 0x00 idle 0 0 0 0 0 0.0 0.0 100 10.0 0 0 0
9.625 0x00 idle 0 0 0 0 0 0.0 0.0 100 10.0 0 0 0
9.665 0x00 idle 0 0 0 0 0 0.0 0.0 100 10.0 0 0 0
9.710 0x00 idle 0 0 0 0 0 0.0 0.0 100 10.0 0 0 0
9.748 0x00 idle 0 0 0 0 0 0.0 0.0 100 10.0 0 0 0
9.788 0x00 idle 0 0 0 0 0 0.0 0.0 100 10.0 0 0 0
9.825 0x00 idle 0 0 0 0 0 0.0 0.0 100 10.0 0 0 0
9.866 0x00 idle 0 0 0 0 0 0.0 0.0 100 10.0 0 0 0
9.907 0x00 idle 0 0 0 0 0 0.0 0.0 100 10.0 0 0 0
9.948 0x00 idle 0 0 0 0 0 0.0 0.0 100 10.0 0 0 0
9.988 0x00 idle 0 0 0 0 0 0.0 0.0 100 10.0 0 0 0
10.028 0x00 idle 0 0 0 0 0 0.0 0.0 100 10.0 0 0 0
10.067 0x00 idle 0 0 0 0 0 0.0 0.0 100 10.0 0 0 0
10.107 0x00 idle 0 0 0 0 0 0.0 0.0 100 10.0 0 0 0

[tcp_trajectory]
elapsed_s x_m y_m z_m qx qy qz qw speed_m_s tf_stamp_s along_mm remaining_mm cross_track_mm progress waypoint phase
0.0021 0.0356540 -1.6811496 0.6729207 -0.40885858 0.66482470 -0.53531747 -0.32292101 0.000000 1789526189.770482063 -0.712 32.390 0.668 0.00000 -1 ACTUAL_TF
0.0343 0.0355480 -1.6812709 0.6726780 -0.40888637 0.66482542 -0.53529019 -0.32292958 0.005202 1789526189.826473713 -0.823 32.502 0.399 0.00000 -1 ACTUAL_TF
0.0852 0.0354749 -1.6813593 0.6725480 -0.40888905 0.66482270 -0.53528342 -0.32294302 0.004571 1789526189.882433176 -0.900 32.578 0.245 0.00000 -1 ACTUAL_TF
0.1411 0.0354475 -1.6814023 0.6724927 -0.40889232 0.66482018 -0.53528149 -0.32294726 0.003603 1789526189.938431263 -0.929 32.607 0.178 0.00000 -1 ACTUAL_TF
0.1869 0.0354355 -1.6814028 0.6724751 -0.40889711 0.66482136 -0.53527503 -0.32294945 0.002649 1789526189.988688231 -0.941 32.620 0.161 0.00000 -1 ACTUAL_TF
0.2437 0.0353991 -1.6813518 0.6724572 -0.40890067 0.66483683 -0.53524967 -0.32295515 0.002218 1789526190.042386532 -0.977 32.655 0.172 0.00000 -1 ACTUAL_TF
0.3048 0.0353595 -1.6813016 0.6724409 -0.40890115 0.66485276 -0.53522429 -0.32296380 0.001906 1789526190.098378181 -1.015 32.694 0.199 0.00000 -1 ACTUAL_TF
0.3512 0.0353473 -1.6812754 0.6724336 -0.40889974 0.66486099 -0.53521170 -0.32296952 0.001494 1789526190.154369831 -1.027 32.705 0.217 0.00000 -1 ACTUAL_TF
0.4093 0.0353624 -1.6812642 0.6724326 -0.40889856 0.66486275 -0.53520893 -0.32297197 0.001147 1789526190.210366726 -1.011 32.690 0.226 0.00000 -1 ACTUAL_TF
0.4707 0.0354067 -1.6812650 0.6724382 -0.40889268 0.66486085 -0.53521349 -0.32297577 0.001042 1789526190.266381264 -0.967 32.646 0.227 0.00000 -1 ACTUAL_TF
0.5192 0.0354802 -1.6812937 0.6724540 -0.40888382 0.66485063 -0.53523228 -0.32297689 0.001160 1789526190.322394848 -0.894 32.573 0.210 0.00000 -1 ACTUAL_TF
0.5759 0.0355881 -1.6813248 0.6724322 -0.40887431 0.66483937 -0.53525230 -0.32297893 0.001426 1789526190.378374100 -0.787 32.466 0.169 0.00000 -1 ACTUAL_TF
0.6342 0.0356512 -1.6812872 0.6722892 -0.40888345 0.66484692 -0.53523469 -0.32298099 0.001859 1789526190.434348345 -0.725 32.403 0.172 0.00000 -1 ACTUAL_TF
0.6915 0.0357685 -1.6812473 0.6721151 -0.40890076 0.66484803 -0.53522283 -0.32297645 0.002446 1789526190.490392447 -0.609 32.287 0.296 0.00000 -1 ACTUAL_TF
0.7505 0.0358736 -1.6812130 0.6719566 -0.40890749 0.66485299 -0.53520951 -0.32297979 0.002748 1789526190.546349764 -0.505 32.183 0.442 0.00000 -1 ACTUAL_TF
0.8067 0.0360108 -1.6811653 0.6717589 -0.40892108 0.66485727 -0.53519361 -0.32298012 0.003237 1789526190.602375984 -0.369 32.047 0.637 0.00000 -1 ACTUAL_TF
0.8637 0.0361546 -1.6811290 0.6715667 -0.40892995 0.66485920 -0.53518278 -0.32298286 0.003566 1789526190.658405781 -0.226 31.905 0.828 0.00000 -1 ACTUAL_TF
0.9120 0.0362889 -1.6810794 0.6713930 -0.40894909 0.66485896 -0.53517125 -0.32297824 0.003703 1789526190.714369774 -0.093 31.771 1.008 0.00000 -1 ACTUAL_TF
0.9721 0.0364609 -1.6810673 0.6712207 -0.40895272 0.66485392 -0.53517342 -0.32298042 0.003896 1789526190.770445824 0.077 31.601 1.175 0.00000 -1 ACTUAL_TF
1.0235 0.0365942 -1.6810344 0.6710697 -0.40896309 0.66485265 -0.53516736 -0.32297993 0.003821 1789526190.826419115 0.210 31.469 1.329 0.00000 -1 ACTUAL_TF
1.0811 0.0367888 -1.6810093 0.6709203 -0.40897062 0.66484505 -0.53517141 -0.32297934 0.003996 1789526190.882418871 0.403 31.275 1.480 0.00000 -1 ACTUAL_TF
1.1383 0.0369240 -1.6809851 0.6708116 -0.40896755 0.66484552 -0.53516959 -0.32298528 0.003736 1789526190.938415051 0.537 31.141 1.592 0.00000 -1 ACTUAL_TF
1.1946 0.0371240 -1.6809497 0.6706565 -0.40896940 0.66484378 -0.53516700 -0.32299080 0.003984 1789526190.994405031 0.736 30.942 1.752 0.00000 -1 ACTUAL_TF
1.2478 0.0373726 -1.6809093 0.6705278 -0.40897985 0.66483301 -0.53517555 -0.32298556 0.004305 1789526191.050389290 0.984 30.694 1.888 0.00000 -1 ACTUAL_TF
1.3068 0.0376958 -1.6808916 0.6704060 -0.40896574 0.66482104 -0.53519364 -0.32299812 0.004863 1789526191.106464148 1.307 30.372 2.011 0.00000 -1 ACTUAL_TF
1.3706 0.0380254 -1.6809004 0.6703394 -0.40893066 0.66480907 -0.53522199 -0.32302019 0.005207 1789526191.162438869 1.635 30.043 2.075 0.00000 -1 ACTUAL_TF
1.4211 0.0383741 -1.6809107 0.6703520 -0.40891722 0.66477936 -0.53526805 -0.32302202 0.005515 1789526191.218437195 1.984 29.695 2.063 0.00000 -1 ACTUAL_TF
1.4735 0.0386869 -1.6808778 0.6703595 -0.40891049 0.66477383 -0.53528149 -0.32301964 0.005546 1789526191.274437904 2.297 29.381 2.065 0.00000 -1 ACTUAL_TF
1.5272 0.0388602 -1.6807822 0.6702911 -0.40892782 0.66482297 -0.53522044 -0.32299774 0.005004 1789526191.330433846 2.472 29.206 2.157 0.00000 -1 ACTUAL_TF
1.5848 0.0390695 -1.6806949 0.6702608 -0.40894914 0.66486645 -0.53516863 -0.32296709 0.004727 1789526191.386477232 2.683 28.996 2.212 0.00000 -1 ACTUAL_TF
1.6452 0.0392603 -1.6806937 0.6703983 -0.40894542 0.66489139 -0.53515713 -0.32293952 0.004571 1789526191.442404270 2.875 28.803 2.083 0.00000 -1 ACTUAL_TF
1.7047 0.0394577 -1.6807607 0.6706893 -0.40893127 0.66490388 -0.53515788 -0.32293048 0.005115 1789526191.498474836 3.074 28.604 1.787 0.00000 -1 ACTUAL_TF
1.7541 0.0396145 -1.6808416 0.6710063 -0.40893492 0.66491049 -0.53514584 -0.32293218 0.005527 1789526191.554395676 3.233 28.446 1.462 0.00000 -1 ACTUAL_TF
1.8117 0.0398501 -1.6809870 0.6714971 -0.40892793 0.66488678 -0.53517872 -0.32293537 0.006885 1789526191.610441923 3.470 28.208 0.953 0.00000 -1 ACTUAL_TF
1.8702 0.0400633 -1.6810990 0.6719175 -0.40892478 0.66488153 -0.53519029 -0.32293098 0.007412 1789526191.666520596 3.686 27.993 0.525 0.00000 -1 ACTUAL_TF
1.9272 0.0402263 -1.6811858 0.6722374 -0.40892169 0.66488687 -0.53518535 -0.32293210 0.007167 1789526191.722525597 3.850 27.828 0.215 0.00000 -1 ACTUAL_TF
1.9756 0.0404610 -1.6813038 0.6726445 -0.40891221 0.66487708 -0.53520354 -0.32293413 0.007616 1789526191.778439522 4.087 27.591 0.265 0.00000 -1 ACTUAL_TF
2.0331 0.0406574 -1.6813836 0.6729377 -0.40891010 0.66487433 -0.53520690 -0.32293689 0.007271 1789526191.834385157 4.285 27.394 0.555 0.00000 -1 ACTUAL_TF
2.0943 0.0409417 -1.6814637 0.6733001 -0.40891462 0.66487017 -0.53520516 -0.32294262 0.007588 1789526191.890528679 4.571 27.107 0.922 0.00000 -1 ACTUAL_TF
2.1432 0.0412318 -1.6815444 0.6736110 -0.40891080 0.66485489 -0.53523047 -0.32293696 0.007632 1789526191.946497679 4.863 26.815 1.240 0.00000 -1 ACTUAL_TF
2.2045 0.0415926 -1.6816313 0.6739397 -0.40891498 0.66484574 -0.53523888 -0.32293655 0.007997 1789526192.002522469 5.225 26.453 1.577 0.00000 -1 ACTUAL_TF
2.2611 0.0419500 -1.6816840 0.6741777 -0.40891111 0.66484636 -0.53524541 -0.32292935 0.007920 1789526192.058407307 5.584 26.094 1.818 0.00000 -1 ACTUAL_TF
2.3170 0.0421700 -1.6816624 0.6742371 -0.40891741 0.66485798 -0.53522326 -0.32293418 0.006771 1789526192.114402056 5.805 25.873 1.870 0.00000 -1 ACTUAL_TF
2.3755 0.0424528 -1.6816520 0.6742521 -0.40892942 0.66485360 -0.53521959 -0.32293407 0.006255 1789526192.170493603 6.088 25.590 1.881 0.00000 -1 ACTUAL_TF
2.4230 0.0426826 -1.6816831 0.6742658 -0.40890563 0.66485210 -0.53523251 -0.32294585 0.005625 1789526192.226409674 6.317 25.361 1.899 0.00000 -1 ACTUAL_TF
2.4816 0.0429883 -1.6817678 0.6743180 -0.40886777 0.66482349 -0.53529123 -0.32295537 0.005658 1789526192.282454014 6.622 25.057 1.968 0.00000 -1 ACTUAL_TF
2.5437 0.0432602 -1.6818606 0.6743386 -0.40883867 0.66478939 -0.53535401 -0.32295834 0.005508 1789526192.338320971 6.892 24.787 2.011 0.00000 -1 ACTUAL_TF
2.5944 0.0434964 -1.6818365 0.6741342 -0.40884242 0.66478399 -0.53535635 -0.32296083 0.005531 1789526192.394417048 7.126 24.552 1.808 0.00000 -1 ACTUAL_TF
2.6554 0.0436450 -1.6817398 0.6738265 -0.40886863 0.66479923 -0.53531699 -0.32296152 0.005772 1789526192.450471401 7.273 24.405 1.485 0.00000 -1 ACTUAL_TF
2.7035 0.0438128 -1.6816017 0.6734122 -0.40890939 0.66481294 -0.53526748 -0.32296376 0.006548 1789526192.506444454 7.439 24.239 1.048 0.00000 -1 ACTUAL_TF
2.7645 0.0440247 -1.6815150 0.6730470 -0.40893621 0.66479338 -0.53526388 -0.32297604 0.006885 1789526192.562614441 7.649 24.029 0.675 0.00000 -1 ACTUAL_TF
2.8199 0.0441691 -1.6814219 0.6727548 -0.40894924 0.66479230 -0.53524797 -0.32298813 0.006638 1789526192.618539572 7.792 23.886 0.370 0.00000 -1 ACTUAL_TF
2.8814 0.0443672 -1.6813340 0.6724121 -0.40895785 0.66478675 -0.53524030 -0.32300135 0.006822 1789526192.674480677 7.988 23.690 0.085 0.00000 -1 ACTUAL_TF
2.9304 0.0445628 -1.6812465 0.6721268 -0.40896038 0.66478275 -0.53524615 -0.32299668 0.006687 1789526192.730460167 8.183 23.496 0.302 0.00000 -1 ACTUAL_TF
2.9935 0.0447988 -1.6811169 0.6717817 -0.40897159 0.66478147 -0.53524346 -0.32298960 0.007020 1789526192.786604881 8.418 23.261 0.662 0.00000 -1 ACTUAL_TF
3.0491 0.0450001 -1.6810451 0.6714962 -0.40897605 0.66477831 -0.53524009 -0.32299603 0.006828 1789526192.842481136 8.617 23.061 0.957 0.00000 -1 ACTUAL_TF
3.0985 0.0452573 -1.6809401 0.6711237 -0.40897198 0.66477564 -0.53524534 -0.32299797 0.007272 1789526192.898433685 8.873 22.806 1.345 0.00000 -1 ACTUAL_TF
3.1566 0.0454797 -1.6808297 0.6708168 -0.40897251 0.66478621 -0.53523874 -0.32298649 0.007206 1789526192.954392433 9.094 22.584 1.670 0.00000 -1 ACTUAL_TF
3.2158 0.0457483 -1.6807555 0.6705571 -0.40897559 0.66478024 -0.53524294 -0.32298793 0.007084 1789526193.010413170 9.361 22.317 1.942 0.00000 -1 ACTUAL_TF
3.2650 0.0460213 -1.6807251 0.6704051 -0.40896621 0.66477326 -0.53525728 -0.32299039 0.006638 1789526193.066497564 9.633 22.045 2.098 0.00000 -1 ACTUAL_TF
3.3253 0.0462450 -1.6806991 0.6703600 -0.40896182 0.66476290 -0.53527257 -0.32299193 0.005880 1789526193.122384310 9.857 21.821 2.149 0.00000 -1 ACTUAL_TF
3.3816 0.0464941 -1.6807009 0.6703762 -0.40893846 0.66474871 -0.53530057 -0.32300431 0.005450 1789526193.178503513 10.106 21.572 2.135 0.00000 -1 ACTUAL_TF
3.4317 0.0466453 -1.6806556 0.6703783 -0.40893180 0.66475042 -0.53529917 -0.32301154 0.004663 1789526193.234400988 10.258 21.420 2.144 0.00000 -1 ACTUAL_TF
3.4905 0.0468289 -1.6805730 0.6703611 -0.40893941 0.66479674 -0.53524717 -0.32299276 0.004344 1789526193.290491819 10.443 21.235 2.184 0.00000 -1 ACTUAL_TF
3.5490 0.0469925 -1.6805720 0.6705025 -0.40892121 0.66482476 -0.53523436 -0.32297935 0.004201 1789526193.346448660 10.609 21.070 2.050 0.00000 -1 ACTUAL_TF
3.6074 0.0472435 -1.6806487 0.6708343 -0.40888957 0.66484830 -0.53524597 -0.32295171 0.005208 1789526193.402426720 10.862 20.817 1.711 0.00000 -1 ACTUAL_TF
3.6563 0.0474934 -1.6807486 0.6712228 -0.40886809 0.66486285 -0.53525308 -0.32293718 0.006179 1789526193.458383560 11.114 20.565 1.312 0.00000 -1 ACTUAL_TF
3.7182 0.0477239 -1.6808332 0.6715417 -0.40887946 0.66485730 -0.53525312 -0.32293413 0.006478 1789526193.514460802 11.346 20.333 0.984 0.00000 -1 ACTUAL_TF
3.7772 0.0479997 -1.6809397 0.6719437 -0.40886115 0.66486333 -0.53526501 -0.32292521 0.007207 1789526193.570491076 11.623 20.055 0.572 0.00000 -1 ACTUAL_TF
3.8229 0.0482339 -1.6810226 0.6722687 -0.40887069 0.66486192 -0.53526505 -0.32291594 0.007240 1789526193.626397133 11.859 19.819 0.245 0.00000 -1 ACTUAL_TF
3.8904 0.0484942 -1.6811287 0.6726707 -0.40887104 0.66486230 -0.53526765 -0.32291042 0.007694 1789526193.682435989 12.122 19.557 0.198 0.00000 -1 ACTUAL_TF
3.9408 0.0486844 -1.6812010 0.6729810 -0.40887925 0.66487231 -0.53524926 -0.32290989 0.007374 1789526193.738440275 12.314 19.365 0.507 0.00000 -1 ACTUAL_TF
3.9993 0.0489313 -1.6812854 0.6733686 -0.40888143 0.66488204 -0.53523935 -0.32290352 0.007666 1789526193.794398546 12.563 19.115 0.900 0.00000 -1 ACTUAL_TF
4.0584 0.0491601 -1.6813897 0.6737283 -0.40887932 0.66486295 -0.53525935 -0.32291235 0.007717 1789526193.850417852 12.793 18.885 1.271 0.00000 -1 ACTUAL_TF
4.1053 0.0494069 -1.6814794 0.6740640 -0.40887364 0.66486126 -0.53526399 -0.32291533 0.007686 1789526193.906405687 13.042 18.636 1.617 0.00000 -1 ACTUAL_TF
4.1613 0.0496860 -1.6815214 0.6743089 -0.40889090 0.66485591 -0.53525856 -0.32291350 0.007384 1789526193.962340355 13.323 18.356 1.863 0.00000 -1 ACTUAL_TF
4.2213 0.0499038 -1.6815438 0.6744417 -0.40889498 0.66484883 -0.53526416 -0.32291362 0.006536 1789526194.018526077 13.541 18.137 1.996 0.00000 -1 ACTUAL_TF
4.2814 0.0501474 -1.6815233 0.6744814 -0.40890498 0.66485572 -0.53524972 -0.32291071 0.005903 1789526194.074494362 13.786 17.892 2.029 0.00000 -1 ACTUAL_TF
4.3316 0.0503627 -1.6815351 0.6744951 -0.40889233 0.66485125 -0.53526023 -0.32291850 0.005290 1789526194.130460739 14.001 17.677 2.044 0.00000 -1 ACTUAL_TF
4.3928 0.0506933 -1.6816297 0.6745524 -0.40885101 0.66482003 -0.53532459 -0.32292842 0.005575 1789526194.186318874 14.330 17.348 2.119 0.00000 -1 ACTUAL_TF
4.4403 0.0510156 -1.6817182 0.6745852 -0.40881922 0.66478247 -0.53539399 -0.32293094 0.005699 1789526194.242393494 14.650 17.028 2.173 0.00000 -1 ACTUAL_TF
4.5060 0.0513120 -1.6817131 0.6743877 -0.40880697 0.66477389 -0.53540788 -0.32294108 0.005895 1789526194.298460245 14.945 16.734 1.982 0.00000 -1 ACTUAL_TF
4.5566 0.0515258 -1.6816123 0.6740884 -0.40884087 0.66477917 -0.53537999 -0.32293352 0.006173 1789526194.354389906 15.157 16.521 1.665 0.00000 -1 ACTUAL_TF
4.6174 0.0517377 -1.6814977 0.6737217 -0.40886906 0.66479376 -0.53533885 -0.32293600 0.006673 1789526194.410346985 15.368 16.311 1.281 0.00000 -1 ACTUAL_TF
4.6652 0.0519233 -1.6813819 0.6733591 -0.40889210 0.66480824 -0.53529735 -0.32294582 0.006937 1789526194.466404676 15.552 16.127 0.900 0.00000 -1 ACTUAL_TF
4.7235 0.0520897 -1.6813112 0.6731025 -0.40890094 0.66480544 -0.53528492 -0.32296100 0.006538 1789526194.522417545 15.717 15.962 0.634 0.00000 -1 ACTUAL_TF
4.7825 0.0523089 -1.6812012 0.6727446 -0.40892991 0.66479239 -0.53527326 -0.32297050 0.006898 1789526194.578478336 15.934 15.744 0.264 0.00000 -1 ACTUAL_TF
4.8320 0.0524607 -1.6811291 0.6724284 -0.40894105 0.66478163 -0.53526855 -0.32298636 0.006748 1789526194.634441137 16.084 15.594 0.114 0.00000 -1 ACTUAL_TF
4.8925 0.0526438 -1.6809978 0.6720398 -0.40895904 0.66477226 -0.53525581 -0.32300397 0.007130 1789526194.690439701 16.266 15.413 0.486 0.00000 -1 ACTUAL_TF
4.9537 0.0528355 -1.6808904 0.6717018 -0.40895101 0.66478198 -0.53526578 -0.32297760 0.007150 1789526194.746449947 16.456 15.222 0.838 0.00000 -1 ACTUAL_TF
5.0046 0.0530224 -1.6807631 0.6713185 -0.40897159 0.66478580 -0.53524676 -0.32297520 0.007384 1789526194.802590370 16.641 15.037 1.241 0.00000 -1 ACTUAL_TF
5.0611 0.0531855 -1.6807068 0.6710658 -0.40896690 0.66478180 -0.53524900 -0.32298567 0.006811 1789526194.858476400 16.803 14.875 1.501 0.00000 -1 ACTUAL_TF
5.1177 0.0534161 -1.6806101 0.6707843 -0.40897513 0.66477860 -0.53524793 -0.32298360 0.006786 1789526194.914442778 17.032 14.646 1.798 0.00000 -1 ACTUAL_TF
5.1668 0.0536286 -1.6805673 0.6705964 -0.40895822 0.66477791 -0.53525782 -0.32299005 0.006288 1789526194.970416069 17.244 14.435 1.992 0.00000 -1 ACTUAL_TF
5.2256 0.0538530 -1.6805310 0.6704946 -0.40895304 0.66477290 -0.53526707 -0.32299157 0.005732 1789526195.026596069 17.468 14.211 2.101 0.00000 -1 ACTUAL_TF
5.2859 0.0541445 -1.6805310 0.6705084 -0.40892782 0.66475606 -0.53530140 -0.32300129 0.005579 1789526195.082470894 17.759 13.919 2.089 0.00000 -1 ACTUAL_TF
5.3380 0.0543928 -1.6804835 0.6705165 -0.40892304 0.66475034 -0.53531167 -0.32300209 0.005262 1789526195.138414145 18.009 13.670 2.094 0.00000 -1 ACTUAL_TF
5.3978 0.0546549 -1.6803790 0.6704927 -0.40893396 0.66479453 -0.53526186 -0.32297986 0.005200 1789526195.194423437 18.273 13.405 2.147 0.00000 -1 ACTUAL_TF
5.4563 0.0549085 -1.6803749 0.6706119 -0.40891862 0.66481437 -0.53525881 -0.32296351 0.005140 1789526195.250474215 18.528 13.150 2.036 0.00000 -1 ACTUAL_TF
5.5178 0.0552210 -1.6804380 0.6708739 -0.40889360 0.66482775 -0.53527498 -0.32294084 0.005806 1789526195.306535482 18.842 12.837 1.768 0.00000 -1 ACTUAL_TF
5.5634 0.0554976 -1.6805406 0.6712271 -0.40888146 0.66482558 -0.53528565 -0.32294297 0.006528 1789526195.362572193 19.120 12.558 1.402 0.00000 -1 ACTUAL_TF
5.6204 0.0557105 -1.6806318 0.6715304 -0.40885536 0.66483765 -0.53529663 -0.32293298 0.006623 1789526195.418326139 19.334 12.344 1.086 0.00000 -1 ACTUAL_TF
5.6784 0.0559370 -1.6807233 0.6719042 -0.40886038 0.66483594 -0.53529457 -0.32293356 0.007015 1789526195.474645138 19.563 12.116 0.704 0.00000 -1 ACTUAL_TF
5.7349 0.0561303 -1.6808508 0.6722834 -0.40884261 0.66482648 -0.53532032 -0.32293286 0.007289 1789526195.530671120 19.757 11.921 0.305 0.00000 -1 ACTUAL_TF
5.7825 0.0563105 -1.6809585 0.6727194 -0.40883306 0.66482453 -0.53532356 -0.32294358 0.007706 1789526195.586439848 19.940 11.738 0.156 0.00000 -1 ACTUAL_TF
5.8406 0.0564539 -1.6810355 0.6730312 -0.40883724 0.66482578 -0.53531753 -0.32294572 0.007280 1789526195.642378569 20.085 11.593 0.470 0.00000 -1 ACTUAL_TF
5.8999 0.0566557 -1.6811242 0.6734316 -0.40883824 0.66482086 -0.53532250 -0.32294633 0.007544 1789526195.698392868 20.289 11.389 0.878 0.00000 -1 ACTUAL_TF
5.9571 0.0568229 -1.6811908 0.6737073 -0.40883936 0.66482472 -0.53531709 -0.32294594 0.007045 1789526195.754395723 20.458 11.220 1.161 0.00000 -1 ACTUAL_TF
6.0194 0.0570613 -1.6812824 0.6740366 -0.40883670 0.66482462 -0.53532066 -0.32294360 0.007162 1789526195.810446024 20.698 10.980 1.500 0.00000 -1 ACTUAL_TF
6.0724 0.0573127 -1.6813362 0.6742747 -0.40884307 0.66482667 -0.53531439 -0.32294171 0.006879 1789526195.866775274 20.951 10.728 1.743 0.00000 -1 ACTUAL_TF
6.1227 0.0575855 -1.6813473 0.6744163 -0.40886263 0.66481638 -0.53531599 -0.32293548 0.006471 1789526195.922507048 21.225 10.453 1.882 0.00000 -1 ACTUAL_TF
6.1776 0.0579244 -1.6813170 0.6744540 -0.40888497 0.66482520 -0.53529579 -0.32292250 0.006365 1789526195.978467464 21.565 10.114 1.910 0.00000 -1 ACTUAL_TF
6.2422 0.0582255 -1.6813130 0.6744583 -0.40888251 0.66482493 -0.53529454 -0.32292826 0.006070 1789526196.034419060 21.866 9.812 1.912 0.00000 -1 ACTUAL_TF
6.2889 0.0586153 -1.6813787 0.6745030 -0.40885409 0.66479711 -0.53534348 -0.32294039 0.006380 1789526196.090436459 22.255 9.424 1.967 0.00000 -1 ACTUAL_TF
6.3453 0.0589225 -1.6814662 0.6745546 -0.40881168 0.66477225 -0.53539940 -0.32295254 0.006201 1789526196.146361589 22.560 9.118 2.038 0.00000 -1 ACTUAL_TF
6.4054 0.0592788 -1.6815249 0.6745296 -0.40878235 0.66474215 -0.53545582 -0.32295809 0.006278 1789526196.202429771 22.915 8.764 2.029 0.00000 -1 ACTUAL_TF
6.4650 0.0595003 -1.6814954 0.6743587 -0.40878089 0.66473898 -0.53545779 -0.32296320 0.005905 1789526196.258303881 23.135 8.543 1.857 0.00000 -1 ACTUAL_TF
6.5142 0.0597099 -1.6813970 0.6740367 -0.40880728 0.66474865 -0.53542626 -0.32296217 0.006251 1789526196.314505577 23.343 8.335 1.520 0.00000 -1 ACTUAL_TF
6.5787 0.0598764 -1.6812751 0.6736440 -0.40884288 0.66476780 -0.53537577 -0.32296138 0.006758 1789526196.370372295 23.508 8.171 1.109 0.00000 -1 ACTUAL_TF
6.6283 0.0600196 -1.6811585 0.6732832 -0.40888400 0.66477826 -0.53533405 -0.32295696 0.006897 1789526196.426505089 23.650 8.029 0.730 0.00000 -1 ACTUAL_TF
6.6869 0.0601883 -1.6810553 0.6729108 -0.40891463 0.66477398 -0.53531080 -0.32296551 0.007091 1789526196.482399464 23.816 7.862 0.349 0.00000 -1 ACTUAL_TF
6.7501 0.0603064 -1.6809712 0.6726198 -0.40892761 0.66476296 -0.53530278 -0.32298505 0.006704 1789526196.538443804 23.933 7.745 0.095 0.00000 -1 ACTUAL_TF
6.7977 0.0604690 -1.6808440 0.6722295 -0.40895579 0.66474585 -0.53529355 -0.32299990 0.007061 1789526196.594374657 24.094 7.584 0.384 0.00000 -1 ACTUAL_TF
6.8585 0.0606073 -1.6807753 0.6719462 -0.40895466 0.66474446 -0.53529110 -0.32300825 0.006670 1789526196.650431871 24.231 7.448 0.674 0.00000 -1 ACTUAL_TF
6.9041 0.0607997 -1.6806756 0.6716151 -0.40892836 0.66476131 -0.53529946 -0.32299301 0.006790 1789526196.706396341 24.422 7.257 1.019 0.00000 -1 ACTUAL_TF
6.9608 0.0609976 -1.6805880 0.6713255 -0.40893384 0.66475552 -0.53529534 -0.32300481 0.006688 1789526196.762441635 24.618 7.060 1.321 0.00000 -1 ACTUAL_TF
7.0166 0.0612232 -1.6805125 0.6710930 -0.40894587 0.66474856 -0.53529698 -0.32300120 0.006462 1789526196.818485022 24.843 6.836 1.566 0.00000 -1 ACTUAL_TF
7.0726 0.0615330 -1.6804607 0.6708742 -0.40893919 0.66474498 -0.53530482 -0.32300404 0.006566 1789526196.874707937 25.151 6.527 1.793 0.00000 -1 ACTUAL_TF
7.1299 0.0618319 -1.6803992 0.6707772 -0.40893553 0.66473749 -0.53531447 -0.32300809 0.006321 1789526196.930407763 25.450 6.228 1.903 0.00000 -1 ACTUAL_TF
7.1858 0.0622309 -1.6804136 0.6707862 -0.40890953 0.66470713 -0.53536884 -0.32301336 0.006565 1789526196.986370325 25.849 5.829 1.893 0.00000 -1 ACTUAL_TF
7.2455 0.0624761 -1.6803976 0.6707997 -0.40888930 0.66470249 -0.53538581 -0.32302040 0.005912 1789526197.042467594 26.094 5.584 1.885 0.00000 -1 ACTUAL_TF
7.3037 0.0627146 -1.6802998 0.6707406 -0.40889460 0.66475005 -0.53533284 -0.32300360 0.005557 1789526197.098380804 26.335 5.344 1.967 0.00000 -1 ACTUAL_TF
7.3598 0.0629096 -1.6802306 0.6707384 -0.40890645 0.66477781 -0.53530290 -0.32298110 0.004998 1789526197.154414892 26.531 5.147 1.990 0.00000 -1 ACTUAL_TF
7.4177 0.0631575 -1.6802367 0.6708940 -0.40889918 0.66480856 -0.53529079 -0.32294705 0.005066 1789526197.210445166 26.781 4.898 1.841 0.00000 -1 ACTUAL_TF
7.4651 0.0633669 -1.6803296 0.6711867 -0.40886700 0.66481747 -0.53531220 -0.32293398 0.005540 1789526197.266364336 26.991 4.687 1.534 0.00000 -1 ACTUAL_TF
7.5239 0.0635471 -1.6804140 0.6715238 -0.40888039 0.66481587 -0.53529709 -0.32294538 0.005974 1789526197.322405815 27.173 4.505 1.188 0.00000 -1 ACTUAL_TF
7.5814 0.0637324 -1.6805270 0.6719227 -0.40886187 0.66482707 -0.53530331 -0.32293544 0.006613 1789526197.378441572 27.360 4.318 0.775 0.00000 -1 ACTUAL_TF
7.6320 0.0638930 -1.6806276 0.6722784 -0.40885902 0.66483329 -0.53530038 -0.32293111 0.006789 1789526197.434407711 27.523 4.156 0.408 0.00000 -1 ACTUAL_TF
7.6930 0.0640942 -1.6807357 0.6726879 -0.40886187 0.66483315 -0.53530008 -0.32292828 0.007258 1789526197.490544796 27.726 3.953 0.062 0.00000 -1 ACTUAL_TF
7.7488 0.0642570 -1.6808066 0.6730001 -0.40886459 0.66483271 -0.53529678 -0.32293121 0.007010 1789526197.546394825 27.890 3.788 0.345 0.00000 -1 ACTUAL_TF
7.8026 0.0644680 -1.6808795 0.6733314 -0.40886341 0.66483980 -0.53529015 -0.32292909 0.007026 1789526197.602947474 28.104 3.575 0.681 0.00000 -1 ACTUAL_TF
7.8618 0.0646824 -1.6809428 0.6736050 -0.40887051 0.66483362 -0.53529276 -0.32292851 0.006831 1789526197.658349514 28.320 3.359 0.959 0.00000 -1 ACTUAL_TF
7.9217 0.0649736 -1.6810409 0.6739440 -0.40886458 0.66482693 -0.53530249 -0.32293366 0.007231 1789526197.714395761 28.612 3.066 1.309 0.00000 -1 ACTUAL_TF
7.9739 0.0653585 -1.6811016 0.6742412 -0.40887548 0.66481020 -0.53531801 -0.32292857 0.007690 1789526197.770324469 28.999 2.679 1.610 0.00000 -1 ACTUAL_TF
8.0338 0.0656646 -1.6811217 0.6744123 -0.40888380 0.66481418 -0.53530790 -0.32292662 0.007257 1789526197.826559782 29.306 2.372 1.779 0.00000 -1 ACTUAL_TF
8.0795 0.0659671 -1.6811077 0.6744891 -0.40889311 0.66482505 -0.53528409 -0.32293191 0.006757 1789526197.882448435 29.610 2.068 1.850 0.00000 -1 ACTUAL_TF
8.1372 0.0661895 -1.6811117 0.6745198 -0.40888373 0.66482640 -0.53527831 -0.32295058 0.005932 1789526197.938502312 29.833 1.846 1.879 0.00000 -1 ACTUAL_TF
8.1925 0.0665151 -1.6811320 0.6745379 -0.40887375 0.66481532 -0.53529748 -0.32295427 0.005906 1789526197.994388819 30.158 1.520 1.899 0.00000 -1 ACTUAL_TF
8.2541 0.0668029 -1.6812003 0.6745799 -0.40884734 0.66479027 -0.53534706 -0.32295709 0.005729 1789526198.050570011 30.444 1.234 1.954 0.00000 -1 ACTUAL_TF
8.3123 0.0672012 -1.6813151 0.6746203 -0.40880808 0.66474432 -0.53543575 -0.32295433 0.006247 1789526198.106431484 30.840 0.838 2.022 0.00000 -1 ACTUAL_TF
8.3698 0.0674406 -1.6813045 0.6744635 -0.40880531 0.66473463 -0.53544916 -0.32295554 0.005901 1789526198.162666559 31.078 0.600 1.868 0.00000 -1 ACTUAL_TF
8.4178 0.0676521 -1.6812018 0.6741239 -0.40883010 0.66474647 -0.53541486 -0.32295668 0.006353 1789526198.218428850 31.288 0.390 1.513 0.00000 -1 ACTUAL_TF
8.4738 0.0678574 -1.6810690 0.6737609 -0.40886430 0.66476246 -0.53536939 -0.32295586 0.006792 1789526198.274420023 31.492 0.186 1.126 0.00000 -1 ACTUAL_TF
8.5314 0.0680478 -1.6810060 0.6735211 -0.40887076 0.66476788 -0.53535306 -0.32296357 0.006430 1789526198.330389261 31.681 -0.003 0.879 0.00000 -1 ACTUAL_TF
8.5951 0.0683184 -1.6809181 0.6732781 -0.40888463 0.66476854 -0.53534038 -0.32296567 0.006502 1789526198.386490107 31.951 -0.273 0.620 0.00000 -1 ACTUAL_TF
8.6422 0.0685872 -1.6808803 0.6731497 -0.40888732 0.66475640 -0.53535401 -0.32296466 0.006162 1789526198.442438602 32.219 -0.541 0.486 0.00000 -1 ACTUAL_TF
8.7008 0.0688924 -1.6808433 0.6730378 -0.40886995 0.66474998 -0.53536760 -0.32297736 0.006064 1789526198.498485327 32.524 -0.846 0.369 0.00000 -1 ACTUAL_TF
8.7533 0.0691985 -1.6808306 0.6729833 -0.40885762 0.66473205 -0.53539777 -0.32297984 0.005914 1789526198.554427385 32.830 -1.151 0.316 0.00000 -1 ACTUAL_TF
8.8133 0.0695778 -1.6808124 0.6729580 -0.40883528 0.66471103 -0.53543643 -0.32298727 0.006178 1789526198.610436916 33.209 -1.531 0.285 0.00000 -1 ACTUAL_TF
8.8738 0.0699047 -1.6808132 0.6729541 -0.40880901 0.66470454 -0.53546280 -0.32299018 0.006079 1789526198.666362762 33.536 -1.857 0.284 0.00000 -1 ACTUAL_TF
8.9248 0.0702955 -1.6807942 0.6729363 -0.40878821 0.66472055 -0.53546630 -0.32297776 0.006350 1789526198.722436905 33.927 -2.248 0.260 0.00000 -1 ACTUAL_TF
8.9785 0.0706681 -1.6807705 0.6729186 -0.40877257 0.66474173 -0.53545674 -0.32296980 0.006446 1789526198.778473377 34.299 -2.621 0.233 0.00000 -1 ACTUAL_TF
9.0409 0.0709841 -1.6807374 0.6728998 -0.40878734 0.66474619 -0.53543504 -0.32297790 0.006220 1789526198.834412098 34.616 -2.937 0.200 0.00000 -1 ACTUAL_TF
9.0991 0.0713389 -1.6807017 0.6728818 -0.40880173 0.66474977 -0.53541708 -0.32298211 0.006267 1789526198.890395403 34.971 -3.293 0.167 0.00000 -1 ACTUAL_TF
9.1464 0.0716580 -1.6806752 0.6728692 -0.40882068 0.66474635 -0.53541549 -0.32296779 0.006102 1789526198.946431875 35.291 -3.612 0.144 0.00000 -1 ACTUAL_TF
9.2109 0.0719633 -1.6806408 0.6728491 -0.40883536 0.66475214 -0.53539651 -0.32296876 0.005918 1789526199.002533436 35.596 -3.918 0.111 0.00000 -1 ACTUAL_TF
9.2611 0.0721729 -1.6806367 0.6728404 -0.40883015 0.66476039 -0.53538283 -0.32298104 0.005269 1789526199.058407068 35.806 -4.128 0.101 0.00000 -1 ACTUAL_TF
9.3184 0.0724480 -1.6806183 0.6728215 -0.40884409 0.66476563 -0.53536893 -0.32297566 0.005171 1789526199.114323616 36.081 -4.403 0.076 0.00000 -1 ACTUAL_TF
9.3682 0.0726631 -1.6806053 0.6728153 -0.40885100 0.66476474 -0.53536375 -0.32297733 0.004773 1789526199.170404196 36.296 -4.618 0.065 0.00000 -1 ACTUAL_TF
9.4303 0.0729148 -1.6805911 0.6728099 -0.40885999 0.66476149 -0.53536230 -0.32297505 0.004687 1789526199.226585388 36.548 -4.870 0.055 0.00000 -1 ACTUAL_TF
9.4811 0.0731379 -1.6805673 0.6727945 -0.40887094 0.66476629 -0.53535177 -0.32296876 0.004489 1789526199.282424688 36.772 -5.093 0.038 0.00000 -1 ACTUAL_TF
9.5429 0.0733069 -1.6805519 0.6727847 -0.40888312 0.66476583 -0.53534602 -0.32296381 0.004054 1789526199.338421345 36.941 -5.263 0.032 0.00000 -1 ACTUAL_TF
9.6024 0.0734885 -1.6805374 0.6727761 -0.40889007 0.66476735 -0.53533997 -0.32296191 0.003816 1789526199.394353867 37.123 -5.444 0.034 0.00000 -1 ACTUAL_TF
9.6508 0.0736281 -1.6805339 0.6727678 -0.40889382 0.66477084 -0.53533546 -0.32295746 0.003417 1789526199.450622082 37.262 -5.584 0.031 0.00000 -1 ACTUAL_TF
9.7102 0.0737869 -1.6805283 0.6727673 -0.40889306 0.66477004 -0.53533446 -0.32296172 0.003247 1789526199.506394386 37.421 -5.743 0.033 0.00000 -1 ACTUAL_TF
9.7677 0.0738891 -1.6805235 0.6727633 -0.40889101 0.66477369 -0.53532754 -0.32296829 0.002820 1789526199.562461138 37.523 -5.845 0.035 0.00000 -1 ACTUAL_TF
9.8235 0.0740335 -1.6805174 0.6727567 -0.40889290 0.66477681 -0.53532247 -0.32296786 0.002751 1789526199.618379831 37.668 -5.989 0.039 0.00000 -1 ACTUAL_TF
9.8825 0.0741944 -1.6805092 0.6727532 -0.40889621 0.66477629 -0.53532367 -0.32296275 0.002788 1789526199.674448729 37.829 -6.150 0.045 0.00000 -1 ACTUAL_TF
9.9326 0.0743311 -1.6804996 0.6727504 -0.40890300 0.66477331 -0.53532304 -0.32296132 0.002686 1789526199.730365276 37.965 -6.287 0.053 0.00000 -1 ACTUAL_TF
9.9900 0.0744867 -1.6804954 0.6727433 -0.40890306 0.66477779 -0.53531778 -0.32296077 0.002714 1789526199.786423445 38.121 -6.443 0.057 0.00000 -1 ACTUAL_TF
10.0496 0.0746430 -1.6804932 0.6727427 -0.40890709 0.66477421 -0.53531922 -0.32296065 0.002736 1789526199.842533588 38.277 -6.599 0.057 0.00000 -1 ACTUAL_TF
10.0989 0.0747992 -1.6804856 0.6727425 -0.40890667 0.66477310 -0.53531924 -0.32296341 0.002753 1789526199.898513317 38.434 -6.755 0.062 0.00000 -1 ACTUAL_TF
10.1579 0.0748909 -1.6804837 0.6727385 -0.40890612 0.66477591 -0.53531520 -0.32296505 0.002419 1789526199.954494476 38.525 -6.847 0.065 0.00000 -1 ACTUAL_TF
