WELD FEEDBACK LOG
result=completed
started=2026-09-15 15:10:43
ended=2026-09-15 15:10:59
elapsed_seconds=15.658

================ OPERATOR OVERVIEW ================
REQUESTED : 150 A / 20.0 V · FE-SOLID 1.2 mm · LSM · CO2 100%
RX ECHO   : 100 A / 10.0 V · MATCH=NO
CURRENT FB: no positive feedback A
VOLTAGE FB: no positive feedback V
WIRE FEED : no positive feedback m/min
ARC ON    : 0.000 s
NET WELD  : 0.000 s
WIRE USED : 0.000 mm (base 0.000 + alpha 0.000)
WCR       : NOT DETECTED
SAMPLES   : RX 391 / welding 0 / TCP 280
===================================================

[commanded]
current_a=150
voltage_tenths=200
voltage=20.0
material=FE-SOLID
diameter_mm=1.2
mode=LSM
gas=CO2 100%
synergic=False
correction=0.0
hot_start_enabled=True
hot_start_percent=20.0
hot_start_hold_adjustment=0
crater_enabled=True
crater_percent=40.0
crater_current_a=60.0
crater_voltage_v=25.0
crater_seconds=1.0
wire_consumable_alpha_mm=0.0
hot_start_current_a=180

[rx_setting_echo]
current_a=100
voltage_v=10.0
hot_start_current_a=0
hot_start_hold_adjustment=-15

[rx_welding_setting_echo]

[execution_conditions]
mode=sequence_execute
run_all=True
touch_io_backend=fastech_ethernet
touch_input_port=4
touch_sensing_output_port=0
fastech_ip=192.168.0.3
fastech_poll_target_hz=100.0
hicomm_source_ip=192.168.1.2
hicomm_welder_ip=192.168.1.10
hicomm_port=60000
gui_velocity_percent=36.95263157894737
gui_speed_mode=scale
gui_tcp_speed_mm_s=10.0
gui_interpolation_step_mm=5.0
seam_orientation_mode=Wait poses + fixed World-XYZ tilt
weld_fixed_tilt_x_deg=0.0
weld_fixed_tilt_y_deg=10.0
weld_fixed_tilt_z_deg=-0.0
weld_weave_enabled=False
weld_weave_pattern=circle
weld_weave_amplitude_mm=2.8
weld_weave_cycles=4
weld_weave_samples_per_cycle=8
weld_weave_axis=tool_x
weld_lead_in_mm=0.0
weld_lead_out_mm=5.0
weld_safe_approach_mm=30.0
weld_approach_mode=taught_wait
weld_pre_start_lead_mm=0.0
weld_tcp_speed_mm_s=3.5
weld_arc_off_delay_ms=500.0
tcp_tracking.parent_frame=World
tcp_tracking.child_frame=right_manipulator_ee_point
tcp_tracking.timestamp_source=TF_header_stamp
initial_fastech_di0=False
initial_fastech_do0=True
robot_connected.left=True
robot_connected.right=True
robot_connected.head=True
hicomm_connected=True
execution_allowed=True
steps[0].sequence_number=1
steps[0].type=named_pose
steps[0].parallel_slot=1
steps[0].duration=0.0
steps[0].planning_group=right_manipulator
steps[0].velocity_scale=0.3695263157894737
steps[0].tcp_speed_m_s=0.0
steps[0].pose_name=weld_start_wait
steps[0].pose_label=3 · Weld start wait pose
steps[0].touch_guard=False
steps[0].continue_after_touch=False
steps[0].weld_scenario_id=weld-21617628337295
steps[0].weld_scenario_stage=start_wait
steps[0].target_tcp.position_m.x=-0.07775103617901089
steps[0].target_tcp.position_m.y=-1.6617243259079035
steps[0].target_tcp.position_m.z=0.6761813628806548
steps[0].target_tcp.orientation_xyzw.x=-0.435562782516215
steps[0].target_tcp.orientation_xyzw.y=0.633738347985189
steps[0].target_tcp.orientation_xyzw.z=-0.5283475082026756
steps[0].target_tcp.orientation_xyzw.w=-0.3598745327968616
steps[0].joint_names[0]=right_manipulator_joint1
steps[0].joint_names[1]=right_manipulator_joint2
steps[0].joint_names[2]=right_manipulator_joint3
steps[0].joint_names[3]=right_manipulator_joint4
steps[0].joint_names[4]=right_manipulator_joint5
steps[0].joint_names[5]=right_manipulator_joint6
steps[0].joint_positions_rad[0]=5.04754833620338
steps[0].joint_positions_rad[1]=1.331723157315993
steps[0].joint_positions_rad[2]=1.9263722744784613
steps[0].joint_positions_rad[3]=3.4676775543101472
steps[0].joint_positions_rad[4]=1.4973627223712151
steps[0].joint_positions_rad[5]=1.4557781277399005
steps[1].sequence_number=2
steps[1].type=motion
steps[1].parallel_slot=2
steps[1].duration=0.0
steps[1].planning_group=right_manipulator
steps[1].velocity_scale=0.3695263157894737
steps[1].tcp_speed_m_s=0.0
steps[1].interpolation_step=0.005
steps[1].path_kind=taught_wait_align_weld_attitude
steps[1].touch_guard=False
steps[1].continue_after_touch=False
steps[1].accept_initial_touch=False
steps[1].weld_scenario_id=weld-21617628337295
steps[1].weld_scenario_stage=start_safe
steps[1].waypoint_count=1
steps[1].waypoints[0].position_m.x=-0.07775103617901089
steps[1].waypoints[0].position_m.y=-1.6617243259079035
steps[1].waypoints[0].position_m.z=0.6761813628806548
steps[1].waypoints[0].orientation_xyzw.x=-0.436031171005527
steps[1].waypoints[0].orientation_xyzw.y=0.634010105424095
steps[1].waypoints[0].orientation_xyzw.z=-0.52770805552214
steps[1].waypoints[0].orientation_xyzw.w=-0.35976688600914747
steps[2].sequence_number=3
steps[2].type=motion
steps[2].parallel_slot=3
steps[2].duration=0.0
steps[2].planning_group=right_manipulator
steps[2].velocity_scale=0.3695263157894737
steps[2].tcp_speed_m_s=0.0
steps[2].interpolation_step=0.005
steps[2].path_kind=taught_wait_to_weld_start
steps[2].touch_guard=False
steps[2].continue_after_touch=True
steps[2].accept_initial_touch=False
steps[2].weld_scenario_id=weld-21617628337295
steps[2].weld_scenario_stage=start_contact
steps[2].waypoint_count=1
steps[2].waypoints[0].position_m.x=-0.0864143908198165
steps[2].waypoints[0].position_m.y=-1.6648690796896908
steps[2].waypoints[0].position_m.z=0.6747525772817742
steps[2].waypoints[0].orientation_xyzw.x=-0.436031171005527
steps[2].waypoints[0].orientation_xyzw.y=0.634010105424095
steps[2].waypoints[0].orientation_xyzw.z=-0.52770805552214
steps[2].waypoints[0].orientation_xyzw.w=-0.35976688600914747
steps[3].sequence_number=4
steps[3].type=digital_weld
steps[3].parallel_slot=5
steps[3].duration=0.0
steps[3].command=on
steps[3].weld_scenario_id=weld-21617628337295
steps[3].weld_scenario_stage=arc_on
steps[3].settings.current_a=150
steps[3].settings.voltage_tenths=200
steps[3].settings.voltage=20.0
steps[3].settings.material=FE-SOLID
steps[3].settings.diameter_mm=1.2
steps[3].settings.mode=LSM
steps[3].settings.gas=CO2 100%
steps[3].settings.synergic=False
steps[3].settings.correction=0.0
steps[3].settings.hot_start_enabled=True
steps[3].settings.hot_start_percent=20.0
steps[3].settings.hot_start_hold_adjustment=0
steps[3].settings.crater_enabled=True
steps[3].settings.crater_percent=40.0
steps[3].settings.crater_current_a=60.0
steps[3].settings.crater_voltage_v=25.0
steps[3].settings.crater_seconds=1.0
steps[3].settings.wire_consumable_alpha_mm=0.0
steps[3].settings.hot_start_current_a=180
steps[4].sequence_number=5
steps[4].type=motion
steps[4].parallel_slot=5
steps[4].duration=0.0
steps[4].planning_group=right_manipulator
steps[4].velocity_scale=0.3695263157894737
steps[4].tcp_speed_m_s=0.0035
steps[4].interpolation_step=0.005
steps[4].path_kind=continuous_lead_to_lead_over_taught_goal_fastech_di0_ignored
steps[4].touch_guard=False
steps[4].weld_scenario_id=weld-21617628337295
steps[4].weld_scenario_stage=weld_motion
steps[4].lead_in_mm=0.0
steps[4].lead_out_mm=5.0
steps[4].linear_motion_profile=True
steps[4].waypoint_count=2
steps[4].waypoints[0].position_m.x=-0.0864143908198165
steps[4].waypoints[0].position_m.y=-1.6648690796896908
steps[4].waypoints[0].position_m.z=0.6747525772817742
steps[4].waypoints[0].orientation_xyzw.x=-0.436031171005527
steps[4].waypoints[0].orientation_xyzw.y=0.634010105424095
steps[4].waypoints[0].orientation_xyzw.z=-0.52770805552214
steps[4].waypoints[0].orientation_xyzw.w=-0.35976688600914747
steps[4].waypoints[1].position_m.x=-0.03584814346270664
steps[4].waypoints[1].position_m.y=-1.6638647403223026
steps[4].waypoints[1].position_m.z=0.6753880742943562
steps[4].waypoints[1].orientation_xyzw.x=-0.43604452410309325
steps[4].waypoints[1].orientation_xyzw.y=0.6339649739325802
steps[4].waypoints[1].orientation_xyzw.z=-0.5277266038040582
steps[4].waypoints[1].orientation_xyzw.w=-0.3598030245339865
steps[4].lead_start.position_m.x=-0.0864143908198165
steps[4].lead_start.position_m.y=-1.6648690796896908
steps[4].lead_start.position_m.z=0.6747525772817742
steps[4].lead_start.orientation_xyzw.x=-0.436031171005527
steps[4].lead_start.orientation_xyzw.y=0.634010105424095
steps[4].lead_start.orientation_xyzw.z=-0.52770805552214
steps[4].lead_start.orientation_xyzw.w=-0.35976688600914747
steps[4].usable_seam_start.position_m.x=-0.0864143908198165
steps[4].usable_seam_start.position_m.y=-1.6648690796896908
steps[4].usable_seam_start.position_m.z=0.6747525772817742
steps[4].usable_seam_start.orientation_xyzw.x=-0.436031171005527
steps[4].usable_seam_start.orientation_xyzw.y=0.634010105424095
steps[4].usable_seam_start.orientation_xyzw.z=-0.52770805552214
steps[4].usable_seam_start.orientation_xyzw.w=-0.35976688600914747
steps[4].usable_seam_goal.position_m.x=-0.040846762939445086
steps[4].usable_seam_goal.position_m.y=-1.6639640221671195
steps[4].usable_seam_goal.position_m.z=0.6753252535807275
steps[4].usable_seam_goal.orientation_xyzw.x=-0.43604452410309325
steps[4].usable_seam_goal.orientation_xyzw.y=0.6339649739325802
steps[4].usable_seam_goal.orientation_xyzw.z=-0.5277266038040582
steps[4].usable_seam_goal.orientation_xyzw.w=-0.3598030245339865
steps[4].lead_end.position_m.x=-0.03584814346270664
steps[4].lead_end.position_m.y=-1.6638647403223026
steps[4].lead_end.position_m.z=0.6753880742943562
steps[4].lead_end.orientation_xyzw.x=-0.43604452410309325
steps[4].lead_end.orientation_xyzw.y=0.6339649739325802
steps[4].lead_end.orientation_xyzw.z=-0.5277266038040582
steps[4].lead_end.orientation_xyzw.w=-0.3598030245339865
steps[5].sequence_number=6
steps[5].type=digital_weld
steps[5].parallel_slot=5
steps[5].duration=0.0
steps[5].velocity_scale=0.3695263157894737
steps[5].tcp_speed_m_s=0.0035
steps[5].command=off
steps[5].weld_scenario_id=weld-21617628337295
steps[5].weld_scenario_stage=arc_off
steps[5].trigger_before_goal=True
steps[5].arc_off_delay_s=0.5
steps[5].settings.current_a=150
steps[5].settings.voltage_tenths=200
steps[5].settings.voltage=20.0
steps[5].settings.material=FE-SOLID
steps[5].settings.diameter_mm=1.2
steps[5].settings.mode=LSM
steps[5].settings.gas=CO2 100%
steps[5].settings.synergic=False
steps[5].settings.correction=0.0
steps[5].settings.hot_start_enabled=True
steps[5].settings.hot_start_percent=20.0
steps[5].settings.hot_start_hold_adjustment=0
steps[5].settings.crater_enabled=True
steps[5].settings.crater_percent=40.0
steps[5].settings.crater_current_a=60.0
steps[5].settings.crater_voltage_v=25.0
steps[5].settings.crater_seconds=1.0
steps[5].settings.wire_consumable_alpha_mm=0.0
steps[5].settings.hot_start_current_a=180
steps[6].sequence_number=7
steps[6].type=motion
steps[6].parallel_slot=6
steps[6].duration=0.0
steps[6].planning_group=right_manipulator
steps[6].velocity_scale=0.3695263157894737
steps[6].tcp_speed_m_s=0.0
steps[6].interpolation_step=0.005
steps[6].path_kind=weld_end_to_taught_wait_fixed_attitude
steps[6].pose_name=weld_goal_wait
steps[6].pose_label=5 · Weld goal wait pose
steps[6].touch_guard=False
steps[6].continue_after_touch=False
steps[6].weld_scenario_id=weld-21617628337295
steps[6].weld_scenario_stage=goal_wait
steps[6].waypoint_count=1
steps[6].waypoints[0].position_m.x=-0.04085131232185893
steps[6].waypoints[0].position_m.y=-1.6599857821931372
steps[6].waypoints[0].position_m.z=0.6784419899418042
steps[6].waypoints[0].orientation_xyzw.x=-0.43604452410309325
steps[6].waypoints[0].orientation_xyzw.y=0.6339649739325802
steps[6].waypoints[0].orientation_xyzw.z=-0.5277266038040582
steps[6].waypoints[0].orientation_xyzw.w=-0.3598030245339865
steps[7].sequence_number=8
steps[7].type=named_pose
steps[7].parallel_slot=7
steps[7].duration=0.0
steps[7].planning_group=right_manipulator
steps[7].velocity_scale=0.3695263157894737
steps[7].tcp_speed_m_s=0.0
steps[7].pose_name=weld_finish
steps[7].pose_label=7 · Weld end pose
steps[7].touch_guard=False
steps[7].continue_after_touch=False
steps[7].weld_scenario_id=weld-21617628337295
steps[7].weld_scenario_stage=finish
steps[7].target_tcp.position_m.x=-0.040860656840255555
steps[7].target_tcp.position_m.y=-1.646332206555384
steps[7].target_tcp.position_m.z=0.7015599721028767
steps[7].target_tcp.orientation_xyzw.x=-0.4360502492781596
steps[7].target_tcp.orientation_xyzw.y=0.6339895329308384
steps[7].target_tcp.orientation_xyzw.z=-0.5277023855255164
steps[7].target_tcp.orientation_xyzw.w=-0.359788332981034
steps[7].joint_names[0]=right_manipulator_joint1
steps[7].joint_names[1]=right_manipulator_joint2
steps[7].joint_names[2]=right_manipulator_joint3
steps[7].joint_names[3]=right_manipulator_joint4
steps[7].joint_names[4]=right_manipulator_joint5
steps[7].joint_names[5]=right_manipulator_joint6
steps[7].joint_positions_rad[0]=5.100535654516032
steps[7].joint_positions_rad[1]=1.3010396799746995
steps[7].joint_positions_rad[2]=1.9543901938846944
steps[7].joint_positions_rad[3]=3.5200036097241334
steps[7].joint_positions_rad[4]=1.4912495692469927
steps[7].joint_positions_rad[5]=1.4598105531044439
steps[8].sequence_number=9
steps[8].type=digital_output
steps[8].parallel_slot=8
steps[8].duration=0.0
steps[8].port=0
steps[8].value=True
steps[8].weld_scenario_id=weld-21617628337295
steps[8].weld_scenario_stage=touch_output_on
hicomm_cyclic_period_ms=40.0
arc_wait_recognition=True
arc_wait_main_welding=True
arc_wait_established=True
arc_establishment_timeout_s=5.0

[summary]
rx_samples=391
welding_samples=0
wcr_seen=0
current_a.min=None
current_a.average=None
current_a.max=None
voltage_v.min=None
voltage_v.average=None
voltage_v.max=None
wire_feed_m_min.min=None
wire_feed_m_min.average=None
wire_feed_m_min.max=None

[production_metrics]
arc_started_elapsed_s=None
arc_completed_elapsed_s=None
arc_on_time_s=0.0
main_weld_arc_time_s=0.0
crater_arc_time_s=0.0
weld_motion_start_elapsed_s=0.0368193850008538
weld_motion_complete_elapsed_s=15.646975168001518
weld_motion_duration_s=15.610155783000664
net_weld_arc_time_s=0.0
wire_feed_average_m_min=0.0
wire_consumable_base_mm=0.0
wire_consumable_alpha_mm=0.0
wire_consumable_mm=0.0
wire_consumable_formula=integral(WFS*1000/60*dt)+alpha
weld_motion_start_unix_time=1789452643.8371737
weld_motion_start_wall_time=2026-09-15 15:10:43.837
weld_motion_complete_unix_time=1789452659.447329
weld_motion_complete_wall_time=2026-09-15 15:10:59.447

[arc_off_control]

[teaching_snapshot_yaml]
robot_start:
  planning_group: right_manipulator
  joint_state:
    names:
    - right_manipulator_joint1
    - right_manipulator_joint2
    - right_manipulator_joint3
    - right_manipulator_joint4
    - right_manipulator_joint5
    - right_manipulator_joint6
    positions_rad:
    - 5.27240967968313
    - 1.0710261184710546
    - 2.180025851451385
    - 3.6894743983235436
    - 1.4802383302458966
    - 1.475784459638848
  tcp_pose_world:
    position_m:
      x: 0.0409882833240674
      y: -1.5365128539727777
      z: 0.8899872668309907
    orientation_xyzw:
      x: -0.4355837586611503
      y: 0.6337556876271521
      z: -0.5283180348228105
      w: -0.3598618786031996
weld_wait:
  planning_group: right_manipulator
  joint_state:
    names:
    - right_manipulator_joint1
    - right_manipulator_joint2
    - right_manipulator_joint3
    - right_manipulator_joint4
    - right_manipulator_joint5
    - right_manipulator_joint6
    positions_rad:
    - 5.046557640277871
    - 1.3028470342484817
    - 1.9663507166563492
    - 3.466530797144759
    - 1.506342502092799
    - 1.458568987404249
  tcp_pose_world:
    position_m:
      x: -0.08393940323984483
      y: -1.646284334640465
      z: 0.701455567330054
    orientation_xyzw:
      x: -0.43601795917308434
      y: 0.6340370774382504
      z: -0.5276998965553592
      w: -0.35974733200895864
weld_start_wait:
  planning_group: right_manipulator
  joint_state:
    names:
    - right_manipulator_joint1
    - right_manipulator_joint2
    - right_manipulator_joint3
    - right_manipulator_joint4
    - right_manipulator_joint5
    - right_manipulator_joint6
    positions_rad:
    - 5.04754833620338
    - 1.331723157315993
    - 1.9263722744784613
    - 3.4676775543101472
    - 1.4973627223712151
    - 1.4557781277399005
  tcp_pose_world:
    position_m:
      x: -0.07775103617901089
      y: -1.6617243259079035
      z: 0.6761813628806548
    orientation_xyzw:
      x: -0.435562782516215
      y: 0.633738347985189
      z: -0.5283475082026756
      w: -0.3598745327968616
weld_start:
  planning_group: right_manipulator
  joint_state:
    names:
    - right_manipulator_joint1
    - right_manipulator_joint2
    - right_manipulator_joint3
    - right_manipulator_joint4
    - right_manipulator_joint5
    - right_manipulator_joint6
    positions_rad:
    - 5.035436279565699
    - 1.3324749676917222
    - 1.9242497350896681
    - 3.455842200109726
    - 1.4949743995056322
    - 1.4533024531905627
  tcp_pose_world:
    position_m:
      x: -0.0864143908198165
      y: -1.6648690796896908
      z: 0.6747525772817742
    orientation_xyzw:
      x: -0.436031171005527
      y: 0.634010105424095
      z: -0.52770805552214
      w: -0.35976688600914747
weld_goal_wait:
  planning_group: right_manipulator
  joint_state:
    names:
    - right_manipulator_joint1
    - right_manipulator_joint2
    - right_manipulator_joint3
    - right_manipulator_joint4
    - right_manipulator_joint5
    - right_manipulator_joint6
    positions_rad:
    - 5.093772823243885
    - 1.3271173533687552
    - 1.9200806895612035
    - 3.5135752714849
    - 1.483879670404362
    - 1.4561768029550852
  tcp_pose_world:
    position_m:
      x: -0.04085131232185893
      y: -1.6599857821931372
      z: 0.6784419899418042
    orientation_xyzw:
      x: -0.43602466221397157
      y: 0.6340018122735684
      z: -0.5277255938990925
      w: -0.3597636634220762
weld_end:
  planning_group: right_manipulator
  joint_state:
    names:
    - right_manipulator_joint1
    - right_manipulator_joint2
    - right_manipulator_joint3
    - right_manipulator_joint4
    - right_manipulator_joint5
    - right_manipulator_joint6
    positions_rad:
    - 5.0918782504444025
    - 1.330405558366676
    - 1.913257537690366
    - 3.5118250420165
    - 1.4807091771266228
    - 1.4546087337052467
  tcp_pose_world:
    position_m:
      x: -0.040846762939445086
      y: -1.6639640221671195
      z: 0.6753252535807275
    orientation_xyzw:
      x: -0.43604452410309325
      y: 0.6339649739325802
      z: -0.5277266038040582
      w: -0.3598030245339865
weld_finish:
  planning_group: right_manipulator
  joint_state:
    names:
    - right_manipulator_joint1
    - right_manipulator_joint2
    - right_manipulator_joint3
    - right_manipulator_joint4
    - right_manipulator_joint5
    - right_manipulator_joint6
    positions_rad:
    - 5.100535654516032
    - 1.3010396799746995
    - 1.9543901938846944
    - 3.5200036097241334
    - 1.4912495692469927
    - 1.4598105531044439
  tcp_pose_world:
    position_m:
      x: -0.040860656840255555
      y: -1.646332206555384
      z: 0.7015599721028767
    orientation_xyzw:
      x: -0.4360502492781596
      y: 0.6339895329308384
      z: -0.5277023855255164
      w: -0.359788332981034

[touch_snapshot_yaml]
{}

[samples]
elapsed_s raw0 state arc gas fwd wcr current_a voltage_v wire_feed_m_min set_current_a set_voltage_v error db collision
0.024 0x00 idle 0 0 0 0 0 0.0 0.0 100 10.0 0 0 0
0.071 0x00 idle 0 0 0 0 0 0.0 0.0 100 10.0 0 0 0
0.109 0x00 idle 0 0 0 0 0 0.0 0.0 100 10.0 0 0 0
0.148 0x00 idle 0 0 0 0 0 0.0 0.0 100 10.0 0 0 0
0.184 0x00 idle 0 0 0 0 0 0.0 0.0 100 10.0 0 0 0
0.224 0x00 idle 0 0 0 0 0 0.0 0.0 100 10.0 0 0 0
0.267 0x00 idle 0 0 0 0 0 0.0 0.0 100 10.0 0 0 0
0.309 0x00 idle 0 0 0 0 0 0.0 0.0 100 10.0 0 0 0
0.352 0x00 idle 0 0 0 0 0 0.0 0.0 100 10.0 0 0 0
0.384 0x00 idle 0 0 0 0 0 0.0 0.0 100 10.0 0 0 0
0.429 0x00 idle 0 0 0 0 0 0.0 0.0 100 10.0 0 0 0
0.463 0x00 idle 0 0 0 0 0 0.0 0.0 100 10.0 0 0 0
0.507 0x00 idle 0 0 0 0 0 0.0 0.0 100 10.0 0 0 0
0.546 0x00 idle 0 0 0 0 0 0.0 0.0 100 10.0 0 0 0
0.594 0x00 idle 0 0 0 0 0 0.0 0.0 100 10.0 0 0 0
0.621 0x00 idle 0 0 0 0 0 0.0 0.0 100 10.0 0 0 0
0.666 0x00 idle 0 0 0 0 0 0.0 0.0 100 10.0 0 0 0
0.705 0x00 idle 0 0 0 0 0 0.0 0.0 100 10.0 0 0 0
0.745 0x00 idle 0 0 0 0 0 0.0 0.0 100 10.0 0 0 0
0.782 0x00 idle 0 0 0 0 0 0.0 0.0 100 10.0 0 0 0
0.825 0x00 idle 0 0 0 0 0 0.0 0.0 100 10.0 0 0 0
0.865 0x00 idle 0 0 0 0 0 0.0 0.0 100 10.0 0 0 0
0.903 0x00 idle 0 0 0 0 0 0.0 0.0 100 10.0 0 0 0
0.942 0x00 idle 0 0 0 0 0 0.0 0.0 100 10.0 0 0 0
0.984 0x00 idle 0 0 0 0 0 0.0 0.0 100 10.0 0 0 0
1.026 0x00 idle 0 0 0 0 0 0.0 0.0 100 10.0 0 0 0
1.064 0x00 idle 0 0 0 0 0 0.0 0.0 100 10.0 0 0 0
1.107 0x00 idle 0 0 0 0 0 0.0 0.0 100 10.0 0 0 0
1.145 0x00 idle 0 0 0 0 0 0.0 0.0 100 10.0 0 0 0
1.188 0x00 idle 0 0 0 0 0 0.0 0.0 100 10.0 0 0 0
1.226 0x00 idle 0 0 0 0 0 0.0 0.0 100 10.0 0 0 0
1.266 0x00 idle 0 0 0 0 0 0.0 0.0 100 10.0 0 0 0
1.309 0x00 idle 0 0 0 0 0 0.0 0.0 100 10.0 0 0 0
1.349 0x00 idle 0 0 0 0 0 0.0 0.0 100 10.0 0 0 0
1.389 0x00 idle 0 0 0 0 0 0.0 0.0 100 10.0 0 0 0
1.430 0x00 idle 0 0 0 0 0 0.0 0.0 100 10.0 0 0 0
1.464 0x00 idle 0 0 0 0 0 0.0 0.0 100 10.0 0 0 0
1.509 0x00 idle 0 0 0 0 0 0.0 0.0 100 10.0 0 0 0
1.551 0x00 idle 0 0 0 0 0 0.0 0.0 100 10.0 0 0 0
1.588 0x00 idle 0 0 0 0 0 0.0 0.0 100 10.0 0 0 0
1.623 0x00 idle 0 0 0 0 0 0.0 0.0 100 10.0 0 0 0
1.664 0x00 idle 0 0 0 0 0 0.0 0.0 100 10.0 0 0 0
1.704 0x00 idle 0 0 0 0 0 0.0 0.0 100 10.0 0 0 0
1.744 0x00 idle 0 0 0 0 0 0.0 0.0 100 10.0 0 0 0
1.788 0x00 idle 0 0 0 0 0 0.0 0.0 100 10.0 0 0 0
1.828 0x00 idle 0 0 0 0 0 0.0 0.0 100 10.0 0 0 0
1.866 0x00 idle 0 0 0 0 0 0.0 0.0 100 10.0 0 0 0
1.907 0x00 idle 0 0 0 0 0 0.0 0.0 100 10.0 0 0 0
1.946 0x00 idle 0 0 0 0 0 0.0 0.0 100 10.0 0 0 0
1.983 0x00 idle 0 0 0 0 0 0.0 0.0 100 10.0 0 0 0
2.027 0x00 idle 0 0 0 0 0 0.0 0.0 100 10.0 0 0 0
2.066 0x00 idle 0 0 0 0 0 0.0 0.0 100 10.0 0 0 0
2.110 0x00 idle 0 0 0 0 0 0.0 0.0 100 10.0 0 0 0
2.149 0x00 idle 0 0 0 0 0 0.0 0.0 100 10.0 0 0 0
2.191 0x00 idle 0 0 0 0 0 0.0 0.0 100 10.0 0 0 0
2.227 0x00 idle 0 0 0 0 0 0.0 0.0 100 10.0 0 0 0
2.265 0x00 idle 0 0 0 0 0 0.0 0.0 100 10.0 0 0 0
2.310 0x00 idle 0 0 0 0 0 0.0 0.0 100 10.0 0 0 0
2.344 0x00 idle 0 0 0 0 0 0.0 0.0 100 10.0 0 0 0
2.383 0x00 idle 0 0 0 0 0 0.0 0.0 100 10.0 0 0 0
2.433 0x00 idle 0 0 0 0 0 0.0 0.0 100 10.0 0 0 0
2.462 0x00 idle 0 0 0 0 0 0.0 0.0 100 10.0 0 0 0
2.510 0x00 idle 0 0 0 0 0 0.0 0.0 100 10.0 0 0 0
2.545 0x00 idle 0 0 0 0 0 0.0 0.0 100 10.0 0 0 0
2.586 0x00 idle 0 0 0 0 0 0.0 0.0 100 10.0 0 0 0
2.625 0x00 idle 0 0 0 0 0 0.0 0.0 100 10.0 0 0 0
2.670 0x00 idle 0 0 0 0 0 0.0 0.0 100 10.0 0 0 0
2.706 0x00 idle 0 0 0 0 0 0.0 0.0 100 10.0 0 0 0
2.752 0x00 idle 0 0 0 0 0 0.0 0.0 100 10.0 0 0 0
2.788 0x00 idle 0 0 0 0 0 0.0 0.0 100 10.0 0 0 0
2.824 0x00 idle 0 0 0 0 0 0.0 0.0 100 10.0 0 0 0
2.867 0x00 idle 0 0 0 0 0 0.0 0.0 100 10.0 0 0 0
2.903 0x00 idle 0 0 0 0 0 0.0 0.0 100 10.0 0 0 0
2.946 0x00 idle 0 0 0 0 0 0.0 0.0 100 10.0 0 0 0
2.987 0x00 idle 0 0 0 0 0 0.0 0.0 100 10.0 0 0 0
3.023 0x00 idle 0 0 0 0 0 0.0 0.0 100 10.0 0 0 0
3.062 0x00 idle 0 0 0 0 0 0.0 0.0 100 10.0 0 0 0
3.109 0x00 idle 0 0 0 0 0 0.0 0.0 100 10.0 0 0 0
3.143 0x00 idle 0 0 0 0 0 0.0 0.0 100 10.0 0 0 0
3.181 0x00 idle 0 0 0 0 0 0.0 0.0 100 10.0 0 0 0
3.224 0x00 idle 0 0 0 0 0 0.0 0.0 100 10.0 0 0 0
3.266 0x00 idle 0 0 0 0 0 0.0 0.0 100 10.0 0 0 0
3.304 0x00 idle 0 0 0 0 0 0.0 0.0 100 10.0 0 0 0
3.344 0x00 idle 0 0 0 0 0 0.0 0.0 100 10.0 0 0 0
3.391 0x00 idle 0 0 0 0 0 0.0 0.0 100 10.0 0 0 0
3.422 0x00 idle 0 0 0 0 0 0.0 0.0 100 10.0 0 0 0
3.467 0x00 idle 0 0 0 0 0 0.0 0.0 100 10.0 0 0 0
3.508 0x00 idle 0 0 0 0 0 0.0 0.0 100 10.0 0 0 0
3.543 0x00 idle 0 0 0 0 0 0.0 0.0 100 10.0 0 0 0
3.587 0x00 idle 0 0 0 0 0 0.0 0.0 100 10.0 0 0 0
3.623 0x00 idle 0 0 0 0 0 0.0 0.0 100 10.0 0 0 0
3.669 0x00 idle 0 0 0 0 0 0.0 0.0 100 10.0 0 0 0
3.705 0x00 idle 0 0 0 0 0 0.0 0.0 100 10.0 0 0 0
3.746 0x00 idle 0 0 0 0 0 0.0 0.0 100 10.0 0 0 0
3.784 0x00 idle 0 0 0 0 0 0.0 0.0 100 10.0 0 0 0
3.827 0x00 idle 0 0 0 0 0 0.0 0.0 100 10.0 0 0 0
3.863 0x00 idle 0 0 0 0 0 0.0 0.0 100 10.0 0 0 0
3.914 0x00 idle 0 0 0 0 0 0.0 0.0 100 10.0 0 0 0
3.947 0x00 idle 0 0 0 0 0 0.0 0.0 100 10.0 0 0 0
3.984 0x00 idle 0 0 0 0 0 0.0 0.0 100 10.0 0 0 0
4.026 0x00 idle 0 0 0 0 0 0.0 0.0 100 10.0 0 0 0
4.064 0x00 idle 0 0 0 0 0 0.0 0.0 100 10.0 0 0 0
4.105 0x00 idle 0 0 0 0 0 0.0 0.0 100 10.0 0 0 0
4.145 0x00 idle 0 0 0 0 0 0.0 0.0 100 10.0 0 0 0
4.186 0x00 idle 0 0 0 0 0 0.0 0.0 100 10.0 0 0 0
4.225 0x00 idle 0 0 0 0 0 0.0 0.0 100 10.0 0 0 0
4.263 0x00 idle 0 0 0 0 0 0.0 0.0 100 10.0 0 0 0
4.304 0x00 idle 0 0 0 0 0 0.0 0.0 100 10.0 0 0 0
4.350 0x00 idle 0 0 0 0 0 0.0 0.0 100 10.0 0 0 0
4.386 0x00 idle 0 0 0 0 0 0.0 0.0 100 10.0 0 0 0
4.423 0x00 idle 0 0 0 0 0 0.0 0.0 100 10.0 0 0 0
4.465 0x00 idle 0 0 0 0 0 0.0 0.0 100 10.0 0 0 0
4.506 0x00 idle 0 0 0 0 0 0.0 0.0 100 10.0 0 0 0
4.546 0x00 idle 0 0 0 0 0 0.0 0.0 100 10.0 0 0 0
4.584 0x00 idle 0 0 0 0 0 0.0 0.0 100 10.0 0 0 0
4.626 0x00 idle 0 0 0 0 0 0.0 0.0 100 10.0 0 0 0
4.665 0x00 idle 0 0 0 0 0 0.0 0.0 100 10.0 0 0 0
4.711 0x00 idle 0 0 0 0 0 0.0 0.0 100 10.0 0 0 0
4.743 0x00 idle 0 0 0 0 0 0.0 0.0 100 10.0 0 0 0
4.792 0x00 idle 0 0 0 0 0 0.0 0.0 100 10.0 0 0 0
4.828 0x00 idle 0 0 0 0 0 0.0 0.0 100 10.0 0 0 0
4.864 0x00 idle 0 0 0 0 0 0.0 0.0 100 10.0 0 0 0
4.906 0x00 idle 0 0 0 0 0 0.0 0.0 100 10.0 0 0 0
4.945 0x00 idle 0 0 0 0 0 0.0 0.0 100 10.0 0 0 0
4.984 0x00 idle 0 0 0 0 0 0.0 0.0 100 10.0 0 0 0
5.025 0x00 idle 0 0 0 0 0 0.0 0.0 100 10.0 0 0 0
5.066 0x00 idle 0 0 0 0 0 0.0 0.0 100 10.0 0 0 0
5.107 0x00 idle 0 0 0 0 0 0.0 0.0 100 10.0 0 0 0
5.147 0x00 idle 0 0 0 0 0 0.0 0.0 100 10.0 0 0 0
5.194 0x00 idle 0 0 0 0 0 0.0 0.0 100 10.0 0 0 0
5.227 0x00 idle 0 0 0 0 0 0.0 0.0 100 10.0 0 0 0
5.264 0x00 idle 0 0 0 0 0 0.0 0.0 100 10.0 0 0 0
5.309 0x00 idle 0 0 0 0 0 0.0 0.0 100 10.0 0 0 0
5.345 0x00 idle 0 0 0 0 0 0.0 0.0 100 10.0 0 0 0
5.397 0x00 idle 0 0 0 0 0 0.0 0.0 100 10.0 0 0 0
5.423 0x00 idle 0 0 0 0 0 0.0 0.0 100 10.0 0 0 0
5.468 0x00 idle 0 0 0 0 0 0.0 0.0 100 10.0 0 0 0
5.505 0x00 idle 0 0 0 0 0 0.0 0.0 100 10.0 0 0 0
5.545 0x00 idle 0 0 0 0 0 0.0 0.0 100 10.0 0 0 0
5.584 0x00 idle 0 0 0 0 0 0.0 0.0 100 10.0 0 0 0
5.621 0x00 idle 0 0 0 0 0 0.0 0.0 100 10.0 0 0 0
5.664 0x00 idle 0 0 0 0 0 0.0 0.0 100 10.0 0 0 0
5.708 0x00 idle 0 0 0 0 0 0.0 0.0 100 10.0 0 0 0
5.746 0x00 idle 0 0 0 0 0 0.0 0.0 100 10.0 0 0 0
5.794 0x00 idle 0 0 0 0 0 0.0 0.0 100 10.0 0 0 0
5.824 0x00 idle 0 0 0 0 0 0.0 0.0 100 10.0 0 0 0
5.868 0x00 idle 0 0 0 0 0 0.0 0.0 100 10.0 0 0 0
5.902 0x00 idle 0 0 0 0 0 0.0 0.0 100 10.0 0 0 0
5.945 0x00 idle 0 0 0 0 0 0.0 0.0 100 10.0 0 0 0
5.984 0x00 idle 0 0 0 0 0 0.0 0.0 100 10.0 0 0 0
6.028 0x00 idle 0 0 0 0 0 0.0 0.0 100 10.0 0 0 0
6.062 0x00 idle 0 0 0 0 0 0.0 0.0 100 10.0 0 0 0
6.103 0x00 idle 0 0 0 0 0 0.0 0.0 100 10.0 0 0 0
6.148 0x00 idle 0 0 0 0 0 0.0 0.0 100 10.0 0 0 0
6.185 0x00 idle 0 0 0 0 0 0.0 0.0 100 10.0 0 0 0
6.227 0x00 idle 0 0 0 0 0 0.0 0.0 100 10.0 0 0 0
6.269 0x00 idle 0 0 0 0 0 0.0 0.0 100 10.0 0 0 0
6.308 0x00 idle 0 0 0 0 0 0.0 0.0 100 10.0 0 0 0
6.344 0x00 idle 0 0 0 0 0 0.0 0.0 100 10.0 0 0 0
6.389 0x00 idle 0 0 0 0 0 0.0 0.0 100 10.0 0 0 0
6.424 0x00 idle 0 0 0 0 0 0.0 0.0 100 10.0 0 0 0
6.462 0x00 idle 0 0 0 0 0 0.0 0.0 100 10.0 0 0 0
6.505 0x00 idle 0 0 0 0 0 0.0 0.0 100 10.0 0 0 0
6.546 0x00 idle 0 0 0 0 0 0.0 0.0 100 10.0 0 0 0
6.589 0x00 idle 0 0 0 0 0 0.0 0.0 100 10.0 0 0 0
6.627 0x00 idle 0 0 0 0 0 0.0 0.0 100 10.0 0 0 0
6.666 0x00 idle 0 0 0 0 0 0.0 0.0 100 10.0 0 0 0
6.709 0x00 idle 0 0 0 0 0 0.0 0.0 100 10.0 0 0 0
6.748 0x00 idle 0 0 0 0 0 0.0 0.0 100 10.0 0 0 0
6.788 0x00 idle 0 0 0 0 0 0.0 0.0 100 10.0 0 0 0
6.827 0x00 idle 0 0 0 0 0 0.0 0.0 100 10.0 0 0 0
6.871 0x00 idle 0 0 0 0 0 0.0 0.0 100 10.0 0 0 0
6.911 0x00 idle 0 0 0 0 0 0.0 0.0 100 10.0 0 0 0
6.944 0x00 idle 0 0 0 0 0 0.0 0.0 100 10.0 0 0 0
6.982 0x00 idle 0 0 0 0 0 0.0 0.0 100 10.0 0 0 0
7.022 0x00 idle 0 0 0 0 0 0.0 0.0 100 10.0 0 0 0
7.061 0x00 idle 0 0 0 0 0 0.0 0.0 100 10.0 0 0 0
7.103 0x00 idle 0 0 0 0 0 0.0 0.0 100 10.0 0 0 0
7.143 0x00 idle 0 0 0 0 0 0.0 0.0 100 10.0 0 0 0
7.187 0x00 idle 0 0 0 0 0 0.0 0.0 100 10.0 0 0 0
7.227 0x00 idle 0 0 0 0 0 0.0 0.0 100 10.0 0 0 0
7.266 0x00 idle 0 0 0 0 0 0.0 0.0 100 10.0 0 0 0
7.307 0x00 idle 0 0 0 0 0 0.0 0.0 100 10.0 0 0 0
7.351 0x00 idle 0 0 0 0 0 0.0 0.0 100 10.0 0 0 0
7.387 0x00 idle 0 0 0 0 0 0.0 0.0 100 10.0 0 0 0
7.426 0x00 idle 0 0 0 0 0 0.0 0.0 100 10.0 0 0 0
7.464 0x00 idle 0 0 0 0 0 0.0 0.0 100 10.0 0 0 0
7.504 0x00 idle 0 0 0 0 0 0.0 0.0 100 10.0 0 0 0
7.547 0x00 idle 0 0 0 0 0 0.0 0.0 100 10.0 0 0 0
7.582 0x00 idle 0 0 0 0 0 0.0 0.0 100 10.0 0 0 0
7.621 0x00 idle 0 0 0 0 0 0.0 0.0 100 10.0 0 0 0
7.664 0x00 idle 0 0 0 0 0 0.0 0.0 100 10.0 0 0 0
7.703 0x00 idle 0 0 0 0 0 0.0 0.0 100 10.0 0 0 0
7.744 0x00 idle 0 0 0 0 0 0.0 0.0 100 10.0 0 0 0
7.784 0x00 idle 0 0 0 0 0 0.0 0.0 100 10.0 0 0 0
7.824 0x00 idle 0 0 0 0 0 0.0 0.0 100 10.0 0 0 0
7.864 0x00 idle 0 0 0 0 0 0.0 0.0 100 10.0 0 0 0
7.909 0x00 idle 0 0 0 0 0 0.0 0.0 100 10.0 0 0 0
7.942 0x00 idle 0 0 0 0 0 0.0 0.0 100 10.0 0 0 0
7.982 0x00 idle 0 0 0 0 0 0.0 0.0 100 10.0 0 0 0
8.026 0x00 idle 0 0 0 0 0 0.0 0.0 100 10.0 0 0 0
8.062 0x00 idle 0 0 0 0 0 0.0 0.0 100 10.0 0 0 0
8.105 0x00 idle 0 0 0 0 0 0.0 0.0 100 10.0 0 0 0
8.151 0x00 idle 0 0 0 0 0 0.0 0.0 100 10.0 0 0 0
8.181 0x00 idle 0 0 0 0 0 0.0 0.0 100 10.0 0 0 0
8.221 0x00 idle 0 0 0 0 0 0.0 0.0 100 10.0 0 0 0
8.263 0x00 idle 0 0 0 0 0 0.0 0.0 100 10.0 0 0 0
8.303 0x00 idle 0 0 0 0 0 0.0 0.0 100 10.0 0 0 0
8.348 0x00 idle 0 0 0 0 0 0.0 0.0 100 10.0 0 0 0
8.384 0x00 idle 0 0 0 0 0 0.0 0.0 100 10.0 0 0 0
8.426 0x00 idle 0 0 0 0 0 0.0 0.0 100 10.0 0 0 0
8.464 0x00 idle 0 0 0 0 0 0.0 0.0 100 10.0 0 0 0
8.507 0x00 idle 0 0 0 0 0 0.0 0.0 100 10.0 0 0 0
8.547 0x00 idle 0 0 0 0 0 0.0 0.0 100 10.0 0 0 0
8.586 0x00 idle 0 0 0 0 0 0.0 0.0 100 10.0 0 0 0
8.626 0x00 idle 0 0 0 0 0 0.0 0.0 100 10.0 0 0 0
8.669 0x00 idle 0 0 0 0 0 0.0 0.0 100 10.0 0 0 0
8.713 0x00 idle 0 0 0 0 0 0.0 0.0 100 10.0 0 0 0
8.749 0x00 idle 0 0 0 0 0 0.0 0.0 100 10.0 0 0 0
8.785 0x00 idle 0 0 0 0 0 0.0 0.0 100 10.0 0 0 0
8.825 0x00 idle 0 0 0 0 0 0.0 0.0 100 10.0 0 0 0
8.874 0x00 idle 0 0 0 0 0 0.0 0.0 100 10.0 0 0 0
8.911 0x00 idle 0 0 0 0 0 0.0 0.0 100 10.0 0 0 0
8.944 0x00 idle 0 0 0 0 0 0.0 0.0 100 10.0 0 0 0
8.981 0x00 idle 0 0 0 0 0 0.0 0.0 100 10.0 0 0 0
9.023 0x00 idle 0 0 0 0 0 0.0 0.0 100 10.0 0 0 0
9.067 0x00 idle 0 0 0 0 0 0.0 0.0 100 10.0 0 0 0
9.105 0x00 idle 0 0 0 0 0 0.0 0.0 100 10.0 0 0 0
9.147 0x00 idle 0 0 0 0 0 0.0 0.0 100 10.0 0 0 0
9.181 0x00 idle 0 0 0 0 0 0.0 0.0 100 10.0 0 0 0
9.223 0x00 idle 0 0 0 0 0 0.0 0.0 100 10.0 0 0 0
9.263 0x00 idle 0 0 0 0 0 0.0 0.0 100 10.0 0 0 0
9.304 0x00 idle 0 0 0 0 0 0.0 0.0 100 10.0 0 0 0
9.349 0x00 idle 0 0 0 0 0 0.0 0.0 100 10.0 0 0 0
9.390 0x00 idle 0 0 0 0 0 0.0 0.0 100 10.0 0 0 0
9.425 0x00 idle 0 0 0 0 0 0.0 0.0 100 10.0 0 0 0
9.465 0x00 idle 0 0 0 0 0 0.0 0.0 100 10.0 0 0 0
9.506 0x00 idle 0 0 0 0 0 0.0 0.0 100 10.0 0 0 0
9.542 0x00 idle 0 0 0 0 0 0.0 0.0 100 10.0 0 0 0
9.585 0x00 idle 0 0 0 0 0 0.0 0.0 100 10.0 0 0 0
9.626 0x00 idle 0 0 0 0 0 0.0 0.0 100 10.0 0 0 0
9.666 0x00 idle 0 0 0 0 0 0.0 0.0 100 10.0 0 0 0
9.705 0x00 idle 0 0 0 0 0 0.0 0.0 100 10.0 0 0 0
9.746 0x00 idle 0 0 0 0 0 0.0 0.0 100 10.0 0 0 0
9.788 0x00 idle 0 0 0 0 0 0.0 0.0 100 10.0 0 0 0
9.823 0x00 idle 0 0 0 0 0 0.0 0.0 100 10.0 0 0 0
9.868 0x00 idle 0 0 0 0 0 0.0 0.0 100 10.0 0 0 0
9.905 0x00 idle 0 0 0 0 0 0.0 0.0 100 10.0 0 0 0
9.945 0x00 idle 0 0 0 0 0 0.0 0.0 100 10.0 0 0 0
9.986 0x00 idle 0 0 0 0 0 0.0 0.0 100 10.0 0 0 0
10.021 0x00 idle 0 0 0 0 0 0.0 0.0 100 10.0 0 0 0
10.062 0x00 idle 0 0 0 0 0 0.0 0.0 100 10.0 0 0 0
10.103 0x00 idle 0 0 0 0 0 0.0 0.0 100 10.0 0 0 0
10.145 0x00 idle 0 0 0 0 0 0.0 0.0 100 10.0 0 0 0
10.182 0x00 idle 0 0 0 0 0 0.0 0.0 100 10.0 0 0 0
10.223 0x00 idle 0 0 0 0 0 0.0 0.0 100 10.0 0 0 0
10.266 0x00 idle 0 0 0 0 0 0.0 0.0 100 10.0 0 0 0
10.302 0x00 idle 0 0 0 0 0 0.0 0.0 100 10.0 0 0 0
10.346 0x00 idle 0 0 0 0 0 0.0 0.0 100 10.0 0 0 0
10.393 0x00 idle 0 0 0 0 0 0.0 0.0 100 10.0 0 0 0
10.427 0x00 idle 0 0 0 0 0 0.0 0.0 100 10.0 0 0 0
10.461 0x00 idle 0 0 0 0 0 0.0 0.0 100 10.0 0 0 0
10.504 0x00 idle 0 0 0 0 0 0.0 0.0 100 10.0 0 0 0
10.543 0x00 idle 0 0 0 0 0 0.0 0.0 100 10.0 0 0 0
10.594 0x00 idle 0 0 0 0 0 0.0 0.0 100 10.0 0 0 0
10.622 0x00 idle 0 0 0 0 0 0.0 0.0 100 10.0 0 0 0
10.671 0x00 idle 0 0 0 0 0 0.0 0.0 100 10.0 0 0 0
10.707 0x00 idle 0 0 0 0 0 0.0 0.0 100 10.0 0 0 0
10.744 0x00 idle 0 0 0 0 0 0.0 0.0 100 10.0 0 0 0
10.783 0x00 idle 0 0 0 0 0 0.0 0.0 100 10.0 0 0 0
10.821 0x00 idle 0 0 0 0 0 0.0 0.0 100 10.0 0 0 0
10.867 0x00 idle 0 0 0 0 0 0.0 0.0 100 10.0 0 0 0
10.904 0x00 idle 0 0 0 0 0 0.0 0.0 100 10.0 0 0 0
10.947 0x00 idle 0 0 0 0 0 0.0 0.0 100 10.0 0 0 0
10.991 0x00 idle 0 0 0 0 0 0.0 0.0 100 10.0 0 0 0
11.022 0x00 idle 0 0 0 0 0 0.0 0.0 100 10.0 0 0 0
11.064 0x00 idle 0 0 0 0 0 0.0 0.0 100 10.0 0 0 0
11.102 0x00 idle 0 0 0 0 0 0.0 0.0 100 10.0 0 0 0
11.147 0x00 idle 0 0 0 0 0 0.0 0.0 100 10.0 0 0 0
11.183 0x00 idle 0 0 0 0 0 0.0 0.0 100 10.0 0 0 0
11.230 0x00 idle 0 0 0 0 0 0.0 0.0 100 10.0 0 0 0
11.266 0x00 idle 0 0 0 0 0 0.0 0.0 100 10.0 0 0 0
11.304 0x00 idle 0 0 0 0 0 0.0 0.0 100 10.0 0 0 0
11.346 0x00 idle 0 0 0 0 0 0.0 0.0 100 10.0 0 0 0
11.386 0x00 idle 0 0 0 0 0 0.0 0.0 100 10.0 0 0 0
11.424 0x00 idle 0 0 0 0 0 0.0 0.0 100 10.0 0 0 0
11.465 0x00 idle 0 0 0 0 0 0.0 0.0 100 10.0 0 0 0
11.506 0x00 idle 0 0 0 0 0 0.0 0.0 100 10.0 0 0 0
11.545 0x00 idle 0 0 0 0 0 0.0 0.0 100 10.0 0 0 0
11.585 0x00 idle 0 0 0 0 0 0.0 0.0 100 10.0 0 0 0
11.624 0x00 idle 0 0 0 0 0 0.0 0.0 100 10.0 0 0 0
11.672 0x00 idle 0 0 0 0 0 0.0 0.0 100 10.0 0 0 0
11.707 0x00 idle 0 0 0 0 0 0.0 0.0 100 10.0 0 0 0
11.744 0x00 idle 0 0 0 0 0 0.0 0.0 100 10.0 0 0 0
11.784 0x00 idle 0 0 0 0 0 0.0 0.0 100 10.0 0 0 0
11.829 0x00 idle 0 0 0 0 0 0.0 0.0 100 10.0 0 0 0
11.865 0x00 idle 0 0 0 0 0 0.0 0.0 100 10.0 0 0 0
11.910 0x00 idle 0 0 0 0 0 0.0 0.0 100 10.0 0 0 0
11.946 0x00 idle 0 0 0 0 0 0.0 0.0 100 10.0 0 0 0
11.988 0x00 idle 0 0 0 0 0 0.0 0.0 100 10.0 0 0 0
12.027 0x00 idle 0 0 0 0 0 0.0 0.0 100 10.0 0 0 0
12.064 0x00 idle 0 0 0 0 0 0.0 0.0 100 10.0 0 0 0
12.117 0x00 idle 0 0 0 0 0 0.0 0.0 100 10.0 0 0 0
12.149 0x00 idle 0 0 0 0 0 0.0 0.0 100 10.0 0 0 0
12.184 0x00 idle 0 0 0 0 0 0.0 0.0 100 10.0 0 0 0
12.224 0x00 idle 0 0 0 0 0 0.0 0.0 100 10.0 0 0 0
12.265 0x00 idle 0 0 0 0 0 0.0 0.0 100 10.0 0 0 0
12.304 0x00 idle 0 0 0 0 0 0.0 0.0 100 10.0 0 0 0
12.346 0x00 idle 0 0 0 0 0 0.0 0.0 100 10.0 0 0 0
12.385 0x00 idle 0 0 0 0 0 0.0 0.0 100 10.0 0 0 0
12.428 0x00 idle 0 0 0 0 0 0.0 0.0 100 10.0 0 0 0
12.463 0x00 idle 0 0 0 0 0 0.0 0.0 100 10.0 0 0 0
12.505 0x00 idle 0 0 0 0 0 0.0 0.0 100 10.0 0 0 0
12.544 0x00 idle 0 0 0 0 0 0.0 0.0 100 10.0 0 0 0
12.585 0x00 idle 0 0 0 0 0 0.0 0.0 100 10.0 0 0 0
12.627 0x00 idle 0 0 0 0 0 0.0 0.0 100 10.0 0 0 0
12.664 0x00 idle 0 0 0 0 0 0.0 0.0 100 10.0 0 0 0
12.703 0x00 idle 0 0 0 0 0 0.0 0.0 100 10.0 0 0 0
12.749 0x00 idle 0 0 0 0 0 0.0 0.0 100 10.0 0 0 0
12.782 0x00 idle 0 0 0 0 0 0.0 0.0 100 10.0 0 0 0
12.826 0x00 idle 0 0 0 0 0 0.0 0.0 100 10.0 0 0 0
12.863 0x00 idle 0 0 0 0 0 0.0 0.0 100 10.0 0 0 0
12.911 0x00 idle 0 0 0 0 0 0.0 0.0 100 10.0 0 0 0
12.943 0x00 idle 0 0 0 0 0 0.0 0.0 100 10.0 0 0 0
12.984 0x00 idle 0 0 0 0 0 0.0 0.0 100 10.0 0 0 0
13.025 0x00 idle 0 0 0 0 0 0.0 0.0 100 10.0 0 0 0
13.064 0x00 idle 0 0 0 0 0 0.0 0.0 100 10.0 0 0 0
13.104 0x00 idle 0 0 0 0 0 0.0 0.0 100 10.0 0 0 0
13.148 0x00 idle 0 0 0 0 0 0.0 0.0 100 10.0 0 0 0
13.189 0x00 idle 0 0 0 0 0 0.0 0.0 100 10.0 0 0 0
13.226 0x00 idle 0 0 0 0 0 0.0 0.0 100 10.0 0 0 0
13.269 0x00 idle 0 0 0 0 0 0.0 0.0 100 10.0 0 0 0
13.307 0x00 idle 0 0 0 0 0 0.0 0.0 100 10.0 0 0 0
13.346 0x00 idle 0 0 0 0 0 0.0 0.0 100 10.0 0 0 0
13.386 0x00 idle 0 0 0 0 0 0.0 0.0 100 10.0 0 0 0
13.423 0x00 idle 0 0 0 0 0 0.0 0.0 100 10.0 0 0 0
13.468 0x00 idle 0 0 0 0 0 0.0 0.0 100 10.0 0 0 0
13.501 0x00 idle 0 0 0 0 0 0.0 0.0 100 10.0 0 0 0
13.549 0x00 idle 0 0 0 0 0 0.0 0.0 100 10.0 0 0 0
13.583 0x00 idle 0 0 0 0 0 0.0 0.0 100 10.0 0 0 0
13.621 0x00 idle 0 0 0 0 0 0.0 0.0 100 10.0 0 0 0
13.661 0x00 idle 0 0 0 0 0 0.0 0.0 100 10.0 0 0 0
13.703 0x00 idle 0 0 0 0 0 0.0 0.0 100 10.0 0 0 0
13.744 0x00 idle 0 0 0 0 0 0.0 0.0 100 10.0 0 0 0
13.785 0x00 idle 0 0 0 0 0 0.0 0.0 100 10.0 0 0 0
13.827 0x00 idle 0 0 0 0 0 0.0 0.0 100 10.0 0 0 0
13.865 0x00 idle 0 0 0 0 0 0.0 0.0 100 10.0 0 0 0
13.909 0x00 idle 0 0 0 0 0 0.0 0.0 100 10.0 0 0 0
13.950 0x00 idle 0 0 0 0 0 0.0 0.0 100 10.0 0 0 0
13.986 0x00 idle 0 0 0 0 0 0.0 0.0 100 10.0 0 0 0
14.032 0x00 idle 0 0 0 0 0 0.0 0.0 100 10.0 0 0 0
14.064 0x00 idle 0 0 0 0 0 0.0 0.0 100 10.0 0 0 0
14.108 0x00 idle 0 0 0 0 0 0.0 0.0 100 10.0 0 0 0
14.146 0x00 idle 0 0 0 0 0 0.0 0.0 100 10.0 0 0 0
14.183 0x00 idle 0 0 0 0 0 0.0 0.0 100 10.0 0 0 0
14.222 0x00 idle 0 0 0 0 0 0.0 0.0 100 10.0 0 0 0
14.263 0x00 idle 0 0 0 0 0 0.0 0.0 100 10.0 0 0 0
14.301 0x00 idle 0 0 0 0 0 0.0 0.0 100 10.0 0 0 0
14.343 0x00 idle 0 0 0 0 0 0.0 0.0 100 10.0 0 0 0
14.392 0x00 idle 0 0 0 0 0 0.0 0.0 100 10.0 0 0 0
14.425 0x00 idle 0 0 0 0 0 0.0 0.0 100 10.0 0 0 0
14.464 0x00 idle 0 0 0 0 0 0.0 0.0 100 10.0 0 0 0
14.502 0x00 idle 0 0 0 0 0 0.0 0.0 100 10.0 0 0 0
14.549 0x00 idle 0 0 0 0 0 0.0 0.0 100 10.0 0 0 0
14.583 0x00 idle 0 0 0 0 0 0.0 0.0 100 10.0 0 0 0
14.622 0x00 idle 0 0 0 0 0 0.0 0.0 100 10.0 0 0 0
14.669 0x00 idle 0 0 0 0 0 0.0 0.0 100 10.0 0 0 0
14.706 0x00 idle 0 0 0 0 0 0.0 0.0 100 10.0 0 0 0
14.743 0x00 idle 0 0 0 0 0 0.0 0.0 100 10.0 0 0 0
14.784 0x00 idle 0 0 0 0 0 0.0 0.0 100 10.0 0 0 0
14.822 0x00 idle 0 0 0 0 0 0.0 0.0 100 10.0 0 0 0
14.863 0x00 idle 0 0 0 0 0 0.0 0.0 100 10.0 0 0 0
14.901 0x00 idle 0 0 0 0 0 0.0 0.0 100 10.0 0 0 0
14.951 0x00 idle 0 0 0 0 0 0.0 0.0 100 10.0 0 0 0
14.985 0x00 idle 0 0 0 0 0 0.0 0.0 100 10.0 0 0 0
15.023 0x00 idle 0 0 0 0 0 0.0 0.0 100 10.0 0 0 0
15.065 0x00 idle 0 0 0 0 0 0.0 0.0 100 10.0 0 0 0
15.103 0x00 idle 0 0 0 0 0 0.0 0.0 100 10.0 0 0 0
15.147 0x00 idle 0 0 0 0 0 0.0 0.0 100 10.0 0 0 0
15.185 0x00 idle 0 0 0 0 0 0.0 0.0 100 10.0 0 0 0
15.224 0x00 idle 0 0 0 0 0 0.0 0.0 100 10.0 0 0 0
15.268 0x00 idle 0 0 0 0 0 0.0 0.0 100 10.0 0 0 0
15.305 0x00 idle 0 0 0 0 0 0.0 0.0 100 10.0 0 0 0
15.347 0x00 idle 0 0 0 0 0 0.0 0.0 100 10.0 0 0 0
15.390 0x00 idle 0 0 0 0 0 0.0 0.0 100 10.0 0 0 0
15.425 0x00 idle 0 0 0 0 0 0.0 0.0 100 10.0 0 0 0
15.465 0x00 idle 0 0 0 0 0 0.0 0.0 100 10.0 0 0 0
15.503 0x00 idle 0 0 0 0 0 0.0 0.0 100 10.0 0 0 0
15.545 0x00 idle 0 0 0 0 0 0.0 0.0 100 10.0 0 0 0
15.585 0x00 idle 0 0 0 0 0 0.0 0.0 100 10.0 0 0 0
15.637 0x00 idle 0 0 0 0 0 0.0 0.0 100 10.0 0 0 0

[tcp_trajectory]
elapsed_s x_m y_m z_m qx qy qz qw speed_m_s tf_stamp_s along_mm remaining_mm cross_track_mm progress waypoint phase
0.0019 -0.0857670 -1.6649155 0.6751403 -0.43585062 0.63401447 -0.52789981 -0.35969663 0.000000 1789452643.774082422 0.651 44.929 0.384 0.00000 -1 ACTUAL_TF
0.0409 -0.0859475 -1.6649645 0.6751043 -0.43586287 0.63401230 -0.52788779 -0.35970327 0.003404 1789452643.830032110 0.469 45.111 0.361 0.00000 -1 ACTUAL_TF
0.0997 -0.0860630 -1.6649992 0.6750723 -0.43587304 0.63401055 -0.52788110 -0.35970385 0.003051 1789452643.886053801 0.353 45.228 0.344 0.00000 -1 ACTUAL_TF
0.1537 -0.0861142 -1.6650075 0.6750541 -0.43587867 0.63401189 -0.52787379 -0.35970540 0.002430 1789452643.942088127 0.301 45.279 0.331 0.00000 -1 ACTUAL_TF
0.2025 -0.0861278 -1.6650073 0.6750547 -0.43586978 0.63401758 -0.52786800 -0.35971464 0.001779 1789452643.994400740 0.288 45.293 0.331 0.00000 -1 ACTUAL_TF
0.2535 -0.0861412 -1.6649972 0.6750533 -0.43585966 0.63402658 -0.52785704 -0.35972711 0.001343 1789452644.046072483 0.274 45.306 0.326 0.00000 -1 ACTUAL_TF
0.3165 -0.0861258 -1.6649873 0.6750531 -0.43585607 0.63402969 -0.52785177 -0.35973372 0.001038 1789452644.102238417 0.290 45.290 0.322 0.00000 -1 ACTUAL_TF
0.3747 -0.0860966 -1.6649756 0.6750528 -0.43585690 0.63402984 -0.52784904 -0.35973645 0.000896 1789452644.158154011 0.319 45.261 0.317 0.00000 -1 ACTUAL_TF
0.4265 -0.0860662 -1.6649684 0.6750535 -0.43585800 0.63402851 -0.52784863 -0.35973808 0.000794 1789452644.214105606 0.350 45.230 0.315 0.00000 -1 ACTUAL_TF
0.4858 -0.0860279 -1.6649595 0.6750544 -0.43585802 0.63402775 -0.52784867 -0.35973932 0.000767 1789452644.270057440 0.388 45.192 0.313 0.00000 -1 ACTUAL_TF
0.5331 -0.0859872 -1.6649491 0.6750555 -0.43585600 0.63402818 -0.52784722 -0.35974313 0.000762 1789452644.326024055 0.429 45.151 0.310 0.00000 -1 ACTUAL_TF
0.5939 -0.0859221 -1.6649418 0.6750557 -0.43586066 0.63402417 -0.52784887 -0.35974213 0.000884 1789452644.382010221 0.494 45.086 0.308 0.00000 -1 ACTUAL_TF
0.6527 -0.0858497 -1.6649375 0.6750555 -0.43585952 0.63402376 -0.52784699 -0.35974699 0.001001 1789452644.438963890 0.567 45.013 0.306 0.00000 -1 ACTUAL_TF
0.7000 -0.0857655 -1.6649373 0.6750528 -0.43586095 0.63402324 -0.52784563 -0.35974819 0.001159 1789452644.494138718 0.651 44.929 0.303 0.00000 -1 ACTUAL_TF
0.7606 -0.0856486 -1.6649327 0.6750416 -0.43586804 0.63402581 -0.52783951 -0.35974403 0.001442 1789452644.550043583 0.768 44.812 0.290 0.00000 -1 ACTUAL_TF
0.8214 -0.0855574 -1.6649236 0.6750229 -0.43587151 0.63403818 -0.52782276 -0.35974262 0.001510 1789452644.606067419 0.859 44.721 0.269 0.00000 -1 ACTUAL_TF
0.8731 -0.0854223 -1.6649288 0.6750205 -0.43587107 0.63403685 -0.52782204 -0.35974655 0.001782 1789452644.662064075 0.994 44.586 0.268 0.00000 -1 ACTUAL_TF
0.9230 -0.0852958 -1.6649217 0.6750165 -0.43587622 0.63403469 -0.52782039 -0.35974653 0.001927 1789452644.717972279 1.121 44.460 0.261 0.00000 -1 ACTUAL_TF
0.9792 -0.0851262 -1.6649169 0.6750063 -0.43588654 0.63403314 -0.52781751 -0.35974098 0.002258 1789452644.774068356 1.290 44.290 0.249 0.00000 -1 ACTUAL_TF
1.0404 -0.0849470 -1.6649131 0.6749958 -0.43589686 0.63403155 -0.52781464 -0.35973551 0.002543 1789452644.830043316 1.469 44.111 0.236 0.00000 -1 ACTUAL_TF
1.1096 -0.0848197 -1.6649075 0.6749848 -0.43589956 0.63403668 -0.52780545 -0.35973666 0.002465 1789452644.886070490 1.596 43.984 0.223 0.00000 -1 ACTUAL_TF
1.1546 -0.0846405 -1.6649025 0.6749797 -0.43590721 0.63403231 -0.52780540 -0.35973518 0.002688 1789452644.941989899 1.776 43.805 0.216 0.00000 -1 ACTUAL_TF
1.2085 -0.0845116 -1.6648960 0.6749688 -0.43590914 0.63403798 -0.52779547 -0.35973742 0.002575 1789452644.998016119 1.904 43.676 0.203 0.00000 -1 ACTUAL_TF
1.2674 -0.0843392 -1.6648890 0.6749590 -0.43591627 0.63403829 -0.52779025 -0.35973587 0.002728 1789452645.054009199 2.077 43.503 0.190 0.00000 -1 ACTUAL_TF
1.3211 -0.0841859 -1.6648828 0.6749526 -0.43592537 0.63403476 -0.52778969 -0.35973191 0.002732 1789452645.110065222 2.230 43.350 0.182 0.00000 -1 ACTUAL_TF
1.3876 -0.0840043 -1.6648742 0.6749428 -0.43593501 0.63403345 -0.52778577 -0.35972829 0.002885 1789452645.166231394 2.412 43.169 0.168 0.00000 -1 ACTUAL_TF
1.4356 -0.0838244 -1.6648692 0.6749362 -0.43593761 0.63403364 -0.52778090 -0.35973193 0.002987 1789452645.222073555 2.592 42.989 0.160 0.00000 -1 ACTUAL_TF
1.4869 -0.0836618 -1.6648657 0.6749327 -0.43594530 0.63402810 -0.52778276 -0.35972965 0.002963 1789452645.278048515 2.754 42.826 0.154 0.00000 -1 ACTUAL_TF
1.5510 -0.0834773 -1.6648526 0.6749185 -0.43595382 0.63403158 -0.52777297 -0.35972756 0.003066 1789452645.334138393 2.939 42.641 0.136 0.00000 -1 ACTUAL_TF
1.6028 -0.0833386 -1.6648459 0.6749127 -0.43595299 0.63403439 -0.52776596 -0.35973390 0.002890 1789452645.390148878 3.077 42.503 0.127 0.00000 -1 ACTUAL_TF
1.6669 -0.0831456 -1.6648389 0.6749061 -0.43595914 0.63403219 -0.52776308 -0.35973454 0.003058 1789452645.446177721 3.270 42.310 0.118 0.00000 -1 ACTUAL_TF
1.7126 -0.0829776 -1.6648267 0.6748970 -0.43596896 0.63403072 -0.52775910 -0.35973106 0.003032 1789452645.502953291 3.438 42.142 0.104 0.00000 -1 ACTUAL_TF
1.7698 -0.0827840 -1.6648197 0.6748906 -0.43596743 0.63403330 -0.52775120 -0.35973997 0.003177 1789452645.558074474 3.632 41.948 0.095 0.00000 -1 ACTUAL_TF
1.8245 -0.0825900 -1.6648116 0.6748839 -0.43598030 0.63402684 -0.52775269 -0.35973357 0.003264 1789452645.614109278 3.826 41.754 0.085 0.00000 -1 ACTUAL_TF
1.8860 -0.0823822 -1.6647994 0.6748743 -0.43598919 0.63402549 -0.52774781 -0.35973234 0.003402 1789452645.670102835 4.034 41.546 0.072 0.00000 -1 ACTUAL_TF
1.9328 -0.0821842 -1.6647940 0.6748692 -0.43599141 0.63402426 -0.52774417 -0.35973715 0.003441 1789452645.726206064 4.232 41.348 0.064 0.00000 -1 ACTUAL_TF
1.9935 -0.0820361 -1.6647859 0.6748619 -0.43598790 0.63403006 -0.52773367 -0.35974660 0.003206 1789452645.782050371 4.380 41.200 0.054 0.00000 -1 ACTUAL_TF
2.0560 -0.0818510 -1.6647800 0.6748537 -0.43598661 0.63403408 -0.52772466 -0.35975430 0.003237 1789452645.838048220 4.565 41.015 0.044 0.00000 -1 ACTUAL_TF
2.1065 -0.0816665 -1.6647703 0.6748439 -0.43599632 0.63403262 -0.52772084 -0.35975069 0.003259 1789452645.893953085 4.750 40.831 0.032 0.00000 -1 ACTUAL_TF
2.1667 -0.0814605 -1.6647605 0.6748378 -0.43599608 0.63403410 -0.52771352 -0.35975911 0.003381 1789452645.950222731 4.956 40.624 0.025 0.00000 -1 ACTUAL_TF
2.2201 -0.0812729 -1.6647545 0.6748362 -0.43600260 0.63402742 -0.52771588 -0.35975953 0.003373 1789452646.006184816 5.143 40.437 0.023 0.00000 -1 ACTUAL_TF
2.2720 -0.0810497 -1.6647447 0.6748260 -0.43601033 0.63402669 -0.52771056 -0.35975924 0.003559 1789452646.062220573 5.367 40.214 0.019 0.00000 -1 ACTUAL_TF
2.3304 -0.0808637 -1.6647207 0.6748063 -0.43602309 0.63403293 -0.52769620 -0.35975384 0.003503 1789452646.118154287 5.553 40.027 0.041 0.00000 -1 ACTUAL_TF
2.3882 -0.0806140 -1.6647095 0.6748010 -0.43603603 0.63402424 -0.52769865 -0.35974987 0.003793 1789452646.174067259 5.803 39.778 0.051 0.00000 -1 ACTUAL_TF
2.4384 -0.0804144 -1.6646996 0.6747913 -0.43603799 0.63402741 -0.52768972 -0.35975501 0.003726 1789452646.230143070 6.002 39.578 0.062 0.00000 -1 ACTUAL_TF
2.5000 -0.0802211 -1.6646927 0.6747863 -0.43604335 0.63402422 -0.52768820 -0.35975636 0.003647 1789452646.286015511 6.196 39.385 0.069 0.00000 -1 ACTUAL_TF
2.5563 -0.0800108 -1.6646832 0.6747798 -0.43604753 0.63402298 -0.52768386 -0.35975986 0.003679 1789452646.342098951 6.406 39.174 0.079 0.00000 -1 ACTUAL_TF
2.6063 -0.0798108 -1.6646712 0.6747700 -0.43606198 0.63401832 -0.52768290 -0.35975196 0.003651 1789452646.398043394 6.606 38.974 0.094 0.00000 -1 ACTUAL_TF
2.6622 -0.0795937 -1.6646586 0.6747604 -0.43606860 0.63401824 -0.52767672 -0.35975314 0.003711 1789452646.454554558 6.823 38.757 0.108 0.00000 -1 ACTUAL_TF
2.7214 -0.0794336 -1.6646534 0.6747557 -0.43606696 0.63401999 -0.52767097 -0.35976048 0.003463 1789452646.510106802 6.983 38.597 0.114 0.00000 -1 ACTUAL_TF
2.7770 -0.0792052 -1.6646450 0.6747534 -0.43607602 0.63401408 -0.52767160 -0.35975898 0.003639 1789452646.566549301 7.212 38.369 0.121 0.00000 -1 ACTUAL_TF
2.8384 -0.0790421 -1.6646430 0.6747482 -0.43607512 0.63401542 -0.52766678 -0.35976480 0.003431 1789452646.621984005 7.375 38.206 0.126 0.00000 -1 ACTUAL_TF
2.8899 -0.0788432 -1.6646367 0.6747429 -0.43607480 0.63401874 -0.52766013 -0.35976907 0.003467 1789452646.678019047 7.574 38.007 0.133 0.00000 -1 ACTUAL_TF
2.9434 -0.0786376 -1.6646323 0.6747422 -0.43607695 0.63401615 -0.52765845 -0.35977352 0.003526 1789452646.734141588 7.779 37.801 0.136 0.00000 -1 ACTUAL_TF
3.0070 -0.0784545 -1.6646211 0.6747360 -0.43608537 0.63401267 -0.52765844 -0.35976944 0.003453 1789452646.790051460 7.962 37.618 0.147 0.00000 -1 ACTUAL_TF
3.0573 -0.0782576 -1.6646137 0.6747325 -0.43608908 0.63401197 -0.52765443 -0.35977205 0.003472 1789452646.846075773 8.159 37.421 0.154 0.00000 -1 ACTUAL_TF
3.1172 -0.0780754 -1.6646129 0.6747332 -0.43609009 0.63400917 -0.52765559 -0.35977407 0.003410 1789452646.901915789 8.341 37.239 0.154 0.00000 -1 ACTUAL_TF
3.1660 -0.0778849 -1.6646102 0.6747328 -0.43608537 0.63401110 -0.52765138 -0.35978257 0.003405 1789452646.958074570 8.532 37.048 0.155 0.00000 -1 ACTUAL_TF
3.2278 -0.0777441 -1.6646064 0.6747296 -0.43608045 0.63401672 -0.52764237 -0.35979185 0.003135 1789452647.014333010 8.673 36.907 0.160 0.00000 -1 ACTUAL_TF
3.2875 -0.0775365 -1.6646015 0.6747272 -0.43608433 0.63401449 -0.52764182 -0.35979187 0.003310 1789452647.070160627 8.880 36.700 0.165 0.00000 -1 ACTUAL_TF
3.3370 -0.0773239 -1.6645952 0.6747297 -0.43608765 0.63401114 -0.52764234 -0.35979298 0.003449 1789452647.126535416 9.093 36.487 0.166 0.00000 -1 ACTUAL_TF
3.3916 -0.0771385 -1.6645805 0.6747235 -0.43609747 0.63400959 -0.52763983 -0.35978751 0.003420 1789452647.182063341 9.279 36.302 0.179 0.00000 -1 ACTUAL_TF
3.4540 -0.0769114 -1.6645797 0.6747304 -0.43609740 0.63400393 -0.52764353 -0.35979214 0.003609 1789452647.238172293 9.506 36.074 0.174 0.00000 -1 ACTUAL_TF
3.5040 -0.0767331 -1.6645721 0.6747287 -0.43610254 0.63400125 -0.52764358 -0.35979056 0.003485 1789452647.294016361 9.684 35.896 0.179 0.00000 -1 ACTUAL_TF
3.5654 -0.0765060 -1.6645684 0.6747339 -0.43610776 0.63399373 -0.52764878 -0.35978985 0.003657 1789452647.349996567 9.911 35.669 0.177 0.00000 -1 ACTUAL_TF
3.6170 -0.0763513 -1.6645665 0.6747368 -0.43610254 0.63399654 -0.52764461 -0.35979733 0.003390 1789452647.405943871 10.066 35.514 0.175 0.00000 -1 ACTUAL_TF
3.6677 -0.0761500 -1.6645633 0.6747404 -0.43610147 0.63399780 -0.52764280 -0.35979907 0.003451 1789452647.461957455 10.268 35.313 0.174 0.00000 -1 ACTUAL_TF
3.7264 -0.0759670 -1.6645586 0.6747427 -0.43610659 0.63399668 -0.52764192 -0.35979614 0.003395 1789452647.518042326 10.451 35.130 0.175 0.00000 -1 ACTUAL_TF
3.7857 -0.0757503 -1.6645599 0.6747491 -0.43610502 0.63399518 -0.52764201 -0.35980056 0.003535 1789452647.574207067 10.667 34.913 0.168 0.00000 -1 ACTUAL_TF
3.8454 -0.0755236 -1.6645549 0.6747540 -0.43611481 0.63398774 -0.52764703 -0.35979443 0.003688 1789452647.630254507 10.894 34.686 0.167 0.00000 -1 ACTUAL_TF
3.9004 -0.0753425 -1.6645615 0.6747653 -0.43611199 0.63398321 -0.52765187 -0.35979873 0.003553 1789452647.686323881 11.075 34.505 0.154 0.00000 -1 ACTUAL_TF
3.9613 -0.0751419 -1.6645572 0.6747672 -0.43611134 0.63398567 -0.52764866 -0.35979988 0.003565 1789452647.742154360 11.276 34.305 0.155 0.00000 -1 ACTUAL_TF
4.0073 -0.0749868 -1.6645606 0.6747777 -0.43610488 0.63398509 -0.52764922 -0.35980791 0.003331 1789452647.797979116 11.431 34.149 0.144 0.00000 -1 ACTUAL_TF
4.0627 -0.0747889 -1.6645587 0.6747781 -0.43610469 0.63398576 -0.52764675 -0.35981060 0.003390 1789452647.854083776 11.629 33.951 0.144 0.00000 -1 ACTUAL_TF
4.1234 -0.0746063 -1.6645592 0.6747864 -0.43610240 0.63398382 -0.52764940 -0.35981290 0.003355 1789452647.909976244 11.811 33.769 0.137 0.00000 -1 ACTUAL_TF
4.1843 -0.0743873 -1.6645538 0.6747900 -0.43610930 0.63397966 -0.52765115 -0.35980930 0.003520 1789452647.966078997 12.030 33.550 0.137 0.00000 -1 ACTUAL_TF
4.2330 -0.0742048 -1.6645511 0.6747922 -0.43611083 0.63397808 -0.52765277 -0.35980786 0.003441 1789452648.022105694 12.213 33.367 0.137 0.00000 -1 ACTUAL_TF
4.2841 -0.0739951 -1.6645516 0.6748034 -0.43610720 0.63397675 -0.52765764 -0.35980746 0.003535 1789452648.078053236 12.423 33.157 0.127 0.00000 -1 ACTUAL_TF
4.3448 -0.0737628 -1.6645496 0.6748035 -0.43604547 0.63401977 -0.52769007 -0.35975891 0.003718 1789452648.134109735 12.655 32.925 0.128 0.00000 -1 ACTUAL_TF
4.3998 -0.0735938 -1.6645482 0.6748110 -0.43604400 0.63401859 -0.52768878 -0.35976466 0.003510 1789452648.189995766 12.824 32.756 0.122 0.00000 -1 ACTUAL_TF
4.4586 -0.0733862 -1.6645447 0.6748164 -0.43604777 0.63401509 -0.52768895 -0.35976600 0.003569 1789452648.246049881 13.032 32.548 0.120 0.00000 -1 ACTUAL_TF
4.5174 -0.0732234 -1.6645394 0.6748139 -0.43605006 0.63402036 -0.52768024 -0.35976671 0.003366 1789452648.302382946 13.195 32.386 0.125 0.00000 -1 ACTUAL_TF
4.5674 -0.0730171 -1.6645432 0.6748317 -0.43604749 0.63401238 -0.52768665 -0.35977450 0.003474 1789452648.357973576 13.401 32.179 0.107 0.00000 -1 ACTUAL_TF
4.6301 -0.0728241 -1.6645429 0.6748400 -0.43605323 0.63400510 -0.52769162 -0.35977307 0.003466 1789452648.414016247 13.594 31.986 0.101 0.00000 -1 ACTUAL_TF
4.6778 -0.0725978 -1.6645411 0.6748461 -0.43606076 0.63400058 -0.52769302 -0.35976987 0.003639 1789452648.470026731 13.820 31.760 0.096 0.00000 -1 ACTUAL_TF
4.7339 -0.0724172 -1.6645325 0.6748506 -0.43606447 0.63399880 -0.52769103 -0.35977142 0.003515 1789452648.526069641 14.001 31.579 0.097 0.00000 -1 ACTUAL_TF
4.8040 -0.0722185 -1.6645325 0.6748609 -0.43606173 0.63399530 -0.52769371 -0.35977699 0.003524 1789452648.582219124 14.200 31.380 0.089 0.00000 -1 ACTUAL_TF
4.8530 -0.0720353 -1.6645326 0.6748677 -0.43605557 0.63399714 -0.52769098 -0.35978522 0.003450 1789452648.638173580 14.383 31.197 0.083 0.00000 -1 ACTUAL_TF
4.8999 -0.0718566 -1.6645327 0.6748747 -0.43605597 0.63399476 -0.52769120 -0.35978858 0.003375 1789452648.694009542 14.562 31.018 0.077 0.00000 -1 ACTUAL_TF
4.9599 -0.0716513 -1.6645276 0.6748783 -0.43605705 0.63399456 -0.52768944 -0.35979022 0.003461 1789452648.750111580 14.767 30.813 0.077 0.00000 -1 ACTUAL_TF
5.0208 -0.0714569 -1.6645294 0.6748896 -0.43606237 0.63398480 -0.52769904 -0.35978690 0.003468 1789452648.806019783 14.962 30.618 0.066 0.00000 -1 ACTUAL_TF
5.0721 -0.0712674 -1.6645289 0.6748981 -0.43605318 0.63398988 -0.52769451 -0.35979572 0.003444 1789452648.862014055 15.151 30.429 0.060 0.00000 -1 ACTUAL_TF
5.1250 -0.0710891 -1.6645270 0.6749052 -0.43605606 0.63398605 -0.52769756 -0.35979450 0.003364 1789452648.918147564 15.330 30.250 0.055 0.00000 -1 ACTUAL_TF
5.1880 -0.0709011 -1.6645307 0.6749130 -0.43605109 0.63398582 -0.52769767 -0.35980078 0.003363 1789452648.974170446 15.518 30.062 0.046 0.00000 -1 ACTUAL_TF
5.2415 -0.0706791 -1.6645330 0.6749253 -0.43605457 0.63397837 -0.52770478 -0.35979925 0.003546 1789452649.030120134 15.740 29.840 0.034 0.00000 -1 ACTUAL_TF
5.3007 -0.0705248 -1.6645344 0.6749293 -0.43604686 0.63398155 -0.52770291 -0.35980574 0.003310 1789452649.086083174 15.894 29.686 0.030 0.00000 -1 ACTUAL_TF
5.3527 -0.0703022 -1.6645302 0.6749342 -0.43605057 0.63397809 -0.52770457 -0.35980492 0.003509 1789452649.142132282 16.117 29.463 0.028 0.00000 -1 ACTUAL_TF
5.4069 -0.0701063 -1.6645327 0.6749487 -0.43605224 0.63397060 -0.52771220 -0.35980489 0.003508 1789452649.198166132 16.313 29.267 0.015 0.00000 -1 ACTUAL_TF
5.4733 -0.0698824 -1.6645388 0.6749668 -0.43605296 0.63396220 -0.52772270 -0.35980342 0.003658 1789452649.254216433 16.537 29.044 0.007 0.00000 -1 ACTUAL_TF
5.5183 -0.0696953 -1.6645448 0.6749854 -0.43605565 0.63395587 -0.52773004 -0.35980054 0.003573 1789452649.309977531 16.724 28.856 0.024 0.00000 -1 ACTUAL_TF
5.5806 -0.0695121 -1.6645592 0.6750063 -0.43604400 0.63395886 -0.52772937 -0.35981036 0.003490 1789452649.366057873 16.907 28.673 0.049 0.00000 -1 ACTUAL_TF
5.6321 -0.0693487 -1.6645595 0.6750099 -0.43604084 0.63396200 -0.52772583 -0.35981386 0.003315 1789452649.422311306 17.070 28.510 0.052 0.00000 -1 ACTUAL_TF
5.6903 -0.0691192 -1.6645631 0.6750219 -0.43604424 0.63395455 -0.52773323 -0.35981202 0.003556 1789452649.478094578 17.300 28.280 0.064 0.00000 -1 ACTUAL_TF
5.7427 -0.0689093 -1.6645535 0.6750211 -0.43604840 0.63395366 -0.52773146 -0.35981114 0.003617 1789452649.534035206 17.510 28.070 0.058 0.00000 -1 ACTUAL_TF
5.8046 -0.0687496 -1.6645493 0.6750139 -0.43604537 0.63396095 -0.52772267 -0.35981485 0.003386 1789452649.590155363 17.670 27.911 0.050 0.00000 -1 ACTUAL_TF
5.8586 -0.0685298 -1.6645439 0.6750175 -0.43604743 0.63395711 -0.52772624 -0.35981389 0.003548 1789452649.646181107 17.889 27.691 0.050 0.00000 -1 ACTUAL_TF
5.9104 -0.0683297 -1.6645360 0.6750165 -0.43605815 0.63395233 -0.52772895 -0.35980535 0.003560 1789452649.701985359 18.090 27.491 0.045 0.00000 -1 ACTUAL_TF
5.9737 -0.0681328 -1.6645239 0.6750029 -0.43606256 0.63396005 -0.52771784 -0.35980270 0.003550 1789452649.758060217 18.287 27.294 0.027 0.00000 -1 ACTUAL_TF
6.0214 -0.0679558 -1.6645179 0.6750022 -0.43606294 0.63396201 -0.52771425 -0.35980405 0.003435 1789452649.814008474 18.464 27.117 0.024 0.00000 -1 ACTUAL_TF
6.0778 -0.0677638 -1.6645066 0.6749953 -0.43606277 0.63396701 -0.52770782 -0.35980487 0.003432 1789452649.870179653 18.656 26.925 0.012 0.00000 -1 ACTUAL_TF
6.1373 -0.0676145 -1.6645014 0.6749903 -0.43605691 0.63397468 -0.52769876 -0.35981176 0.003205 1789452649.926051140 18.805 26.775 0.006 0.00000 -1 ACTUAL_TF
6.1970 -0.0673976 -1.6644946 0.6749907 -0.43606006 0.63397308 -0.52769987 -0.35980913 0.003405 1789452649.982084513 19.022 26.558 0.003 0.00000 -1 ACTUAL_TF
6.2602 -0.0671751 -1.6644829 0.6749832 -0.43607004 0.63397130 -0.52770005 -0.35979990 0.003573 1789452650.038324594 19.245 26.336 0.012 0.00000 -1 ACTUAL_TF
6.3111 -0.0669965 -1.6644774 0.6749791 -0.43606803 0.63397496 -0.52769788 -0.35979907 0.003460 1789452650.094199657 19.423 26.157 0.018 0.00000 -1 ACTUAL_TF
6.3604 -0.0667922 -1.6644673 0.6749711 -0.43604958 0.63399522 -0.52769598 -0.35978850 0.003522 1789452650.150044203 19.628 25.953 0.031 0.00000 -1 ACTUAL_TF
6.4178 -0.0665893 -1.6644607 0.6749684 -0.43601347 0.63401969 -0.52772297 -0.35974956 0.003547 1789452650.206341028 19.830 25.750 0.036 0.00000 -1 ACTUAL_TF
6.4787 -0.0663808 -1.6644476 0.6749562 -0.43602298 0.63402257 -0.52771517 -0.35974441 0.003609 1789452650.262082815 20.039 25.541 0.054 0.00000 -1 ACTUAL_TF
6.5280 -0.0662182 -1.6644410 0.6749529 -0.43602134 0.63402585 -0.52770881 -0.35974994 0.003400 1789452650.317982197 20.202 25.379 0.060 0.00000 -1 ACTUAL_TF
6.5867 -0.0659757 -1.6644352 0.6749560 -0.43603341 0.63401538 -0.52771606 -0.35974314 0.003676 1789452650.374155045 20.444 25.136 0.060 0.00000 -1 ACTUAL_TF
6.6468 -0.0657954 -1.6644302 0.6749535 -0.43603657 0.63401415 -0.52771447 -0.35974380 0.003542 1789452650.430033445 20.625 24.956 0.065 0.00000 -1 ACTUAL_TF
6.7067 -0.0656012 -1.6644189 0.6749413 -0.43604024 0.63402386 -0.52770023 -0.35974313 0.003520 1789452650.486234665 20.819 24.761 0.082 0.00000 -1 ACTUAL_TF
6.7562 -0.0654083 -1.6644184 0.6749483 -0.43603610 0.63402130 -0.52770095 -0.35975160 0.003500 1789452650.542124510 21.012 24.569 0.076 0.00000 -1 ACTUAL_TF
6.8073 -0.0652408 -1.6644116 0.6749478 -0.43603979 0.63402129 -0.52769809 -0.35975135 0.003351 1789452650.597945213 21.179 24.401 0.080 0.00000 -1 ACTUAL_TF
6.8699 -0.0650370 -1.6644108 0.6749491 -0.43604066 0.63402284 -0.52769436 -0.35975303 0.003434 1789452650.654101133 21.383 24.197 0.080 0.00000 -1 ACTUAL_TF
6.9213 -0.0648662 -1.6644105 0.6749545 -0.43604247 0.63401833 -0.52769738 -0.35975436 0.003320 1789452650.710071802 21.554 24.026 0.075 0.00000 -1 ACTUAL_TF
6.9781 -0.0646669 -1.6644065 0.6749579 -0.43603955 0.63402084 -0.52769226 -0.35976099 0.003394 1789452650.765993595 21.753 23.827 0.075 0.00000 -1 ACTUAL_TF
7.0380 -0.0644873 -1.6644021 0.6749602 -0.43604181 0.63402162 -0.52768905 -0.35976158 0.003335 1789452650.822164297 21.933 23.647 0.075 0.00000 -1 ACTUAL_TF
7.0880 -0.0642674 -1.6644024 0.6749695 -0.43604308 0.63401557 -0.52769344 -0.35976427 0.003507 1789452650.878499269 22.153 23.427 0.067 0.00000 -1 ACTUAL_TF
7.1428 -0.0640576 -1.6644033 0.6749804 -0.43604352 0.63401159 -0.52769601 -0.35976697 0.003581 1789452650.934473276 22.363 23.217 0.057 0.00000 -1 ACTUAL_TF
7.2070 -0.0638824 -1.6644003 0.6749825 -0.43604791 0.63400835 -0.52769720 -0.35976560 0.003454 1789452650.989971161 22.538 23.042 0.057 0.00000 -1 ACTUAL_TF
7.2558 -0.0636776 -1.6643892 0.6749804 -0.43605026 0.63401003 -0.52769311 -0.35976580 0.003515 1789452651.046072483 22.743 22.837 0.064 0.00000 -1 ACTUAL_TF
7.3218 -0.0635263 -1.6643960 0.6749901 -0.43603943 0.63401257 -0.52769059 -0.35977816 0.003273 1789452651.102081060 22.894 22.686 0.053 0.00000 -1 ACTUAL_TF
7.3751 -0.0632941 -1.6643882 0.6749885 -0.43604987 0.63400757 -0.52769216 -0.35977201 0.003534 1789452651.158142805 23.126 22.454 0.059 0.00000 -1 ACTUAL_TF
7.4222 -0.0631203 -1.6643770 0.6749850 -0.43605393 0.63401004 -0.52768606 -0.35977169 0.003406 1789452651.214240789 23.300 22.280 0.067 0.00000 -1 ACTUAL_TF
7.4835 -0.0628969 -1.6643801 0.6749987 -0.43605534 0.63400255 -0.52769267 -0.35977349 0.003587 1789452651.270064354 23.524 22.056 0.054 0.00000 -1 ACTUAL_TF
7.5410 -0.0627114 -1.6643756 0.6750025 -0.43605904 0.63399814 -0.52769643 -0.35977124 0.003505 1789452651.326054335 23.709 21.871 0.053 0.00000 -1 ACTUAL_TF
7.5918 -0.0624999 -1.6643703 0.6750011 -0.43606244 0.63399788 -0.52769388 -0.35977132 0.003588 1789452651.381992102 23.921 21.659 0.057 0.00000 -1 ACTUAL_TF
7.6529 -0.0622960 -1.6643687 0.6750041 -0.43605919 0.63400067 -0.52769062 -0.35977512 0.003601 1789452651.438186646 24.125 21.455 0.056 0.00000 -1 ACTUAL_TF
7.7052 -0.0621108 -1.6643686 0.6750069 -0.43606342 0.63399908 -0.52769232 -0.35977032 0.003509 1789452651.494392395 24.310 21.270 0.054 0.00000 -1 ACTUAL_TF
7.7668 -0.0618933 -1.6643690 0.6750163 -0.43606448 0.63399320 -0.52769685 -0.35977275 0.003630 1789452651.550033331 24.528 21.053 0.046 0.00000 -1 ACTUAL_TF
7.8160 -0.0617290 -1.6643654 0.6750237 -0.43605917 0.63399471 -0.52769507 -0.35977913 0.003421 1789452651.606102467 24.692 20.888 0.041 0.00000 -1 ACTUAL_TF
7.8756 -0.0615224 -1.6643656 0.6750300 -0.43605784 0.63399055 -0.52769938 -0.35978176 0.003504 1789452651.661999702 24.899 20.682 0.037 0.00000 -1 ACTUAL_TF
7.9268 -0.0613290 -1.6643592 0.6750322 -0.43606700 0.63398395 -0.52770349 -0.35977625 0.003482 1789452651.718412876 25.092 20.488 0.038 0.00000 -1 ACTUAL_TF
7.9840 -0.0611342 -1.6643620 0.6750380 -0.43606181 0.63398823 -0.52769978 -0.35978042 0.003488 1789452651.774089575 25.287 20.293 0.033 0.00000 -1 ACTUAL_TF
8.0390 -0.0609714 -1.6643619 0.6750400 -0.43605658 0.63399135 -0.52769695 -0.35978543 0.003314 1789452651.830081463 25.450 20.131 0.032 0.00000 -1 ACTUAL_TF
8.0992 -0.0607716 -1.6643600 0.6750447 -0.43605608 0.63399100 -0.52769707 -0.35978646 0.003390 1789452651.886104584 25.649 19.931 0.030 0.00000 -1 ACTUAL_TF
8.1645 -0.0605695 -1.6643600 0.6750544 -0.43605350 0.63398766 -0.52770079 -0.35979004 0.003457 1789452651.942072630 25.852 19.729 0.023 0.00000 -1 ACTUAL_TF
8.2040 -0.0604156 -1.6643590 0.6750585 -0.43604790 0.63398950 -0.52769771 -0.35979810 0.003246 1789452651.997983694 26.006 19.575 0.022 0.00000 -1 ACTUAL_TF
8.2638 -0.0601920 -1.6643527 0.6750650 -0.43605051 0.63398541 -0.52770087 -0.35979751 0.003465 1789452652.054285526 26.229 19.351 0.018 0.00000 -1 ACTUAL_TF
8.3236 -0.0600110 -1.6643489 0.6750688 -0.43605423 0.63398106 -0.52770493 -0.35979471 0.003401 1789452652.109971046 26.410 19.170 0.016 0.00000 -1 ACTUAL_TF
8.3823 -0.0598012 -1.6643411 0.6750658 -0.43605368 0.63398486 -0.52769964 -0.35979642 0.003504 1789452652.166052818 26.620 18.960 0.021 0.00000 -1 ACTUAL_TF
8.4335 -0.0596122 -1.6643360 0.6750696 -0.43605951 0.63397907 -0.52770490 -0.35979186 0.003464 1789452652.222141266 26.809 18.771 0.020 0.00000 -1 ACTUAL_TF
8.4955 -0.0593954 -1.6643317 0.6750778 -0.43606025 0.63397483 -0.52770875 -0.35979278 0.003586 1789452652.278185368 27.026 18.554 0.014 0.00000 -1 ACTUAL_TF
8.5505 -0.0591807 -1.6643208 0.6750751 -0.43606569 0.63397460 -0.52770552 -0.35979134 0.003661 1789452652.334231853 27.241 18.339 0.021 0.00000 -1 ACTUAL_TF
8.6029 -0.0590081 -1.6643167 0.6750792 -0.43606375 0.63397393 -0.52770593 -0.35979426 0.003490 1789452652.390125513 27.414 18.166 0.020 0.00000 -1 ACTUAL_TF
8.6636 -0.0587869 -1.6643106 0.6750809 -0.43606692 0.63397092 -0.52770803 -0.35979265 0.003626 1789452652.446242571 27.635 17.945 0.021 0.00000 -1 ACTUAL_TF
8.7154 -0.0586124 -1.6643030 0.6750801 -0.43606684 0.63397335 -0.52770459 -0.35979352 0.003473 1789452652.502282619 27.810 17.771 0.026 0.00000 -1 ACTUAL_TF
8.7665 -0.0584091 -1.6643021 0.6750847 -0.43606373 0.63397469 -0.52770345 -0.35979658 0.003522 1789452652.558206320 28.013 17.567 0.023 0.00000 -1 ACTUAL_TF
8.8228 -0.0582211 -1.6643004 0.6750879 -0.43606920 0.63396935 -0.52770896 -0.35979129 0.003476 1789452652.614037752 28.201 17.379 0.021 0.00000 -1 ACTUAL_TF
8.8862 -0.0580312 -1.6642946 0.6750965 -0.43606526 0.63397119 -0.52770676 -0.35979603 0.003455 1789452652.669900417 28.391 17.189 0.017 0.00000 -1 ACTUAL_TF
8.9367 -0.0578651 -1.6642987 0.6751061 -0.43606015 0.63397000 -0.52770797 -0.35980256 0.003308 1789452652.726028204 28.557 17.023 0.006 0.00000 -1 ACTUAL_TF
8.9919 -0.0576336 -1.6643025 0.6751190 -0.43606076 0.63396612 -0.52771311 -0.35980111 0.003558 1789452652.782038212 28.789 16.791 0.007 0.00000 -1 ACTUAL_TF
9.0542 -0.0573949 -1.6643159 0.6751450 -0.43606058 0.63395868 -0.52772407 -0.35979837 0.003777 1789452652.838104248 29.027 16.553 0.036 0.00000 -1 ACTUAL_TF
9.1076 -0.0572394 -1.6643237 0.6751605 -0.43605130 0.63396051 -0.52772474 -0.35980541 0.003481 1789452652.894185305 29.183 16.397 0.054 0.00000 -1 ACTUAL_TF
9.1617 -0.0570396 -1.6643207 0.6751603 -0.43605119 0.63396143 -0.52772367 -0.35980550 0.003512 1789452652.949959755 29.383 16.197 0.052 0.00000 -1 ACTUAL_TF
9.2206 -0.0568768 -1.6643136 0.6751567 -0.43605103 0.63396401 -0.52772026 -0.35980614 0.003326 1789452653.006286144 29.546 16.035 0.045 0.00000 -1 ACTUAL_TF
9.2721 -0.0566830 -1.6643111 0.6751584 -0.43604592 0.63396665 -0.52771769 -0.35981145 0.003371 1789452653.062066078 29.739 15.841 0.046 0.00000 -1 ACTUAL_TF
9.3348 -0.0565076 -1.6643016 0.6751516 -0.43604721 0.63396812 -0.52771482 -0.35981151 0.003304 1789452653.117924452 29.915 15.665 0.035 0.00000 -1 ACTUAL_TF
9.3922 -0.0563057 -1.6642952 0.6751488 -0.43604757 0.63396857 -0.52771360 -0.35981206 0.003395 1789452653.173944950 30.117 15.463 0.030 0.00000 -1 ACTUAL_TF
9.4478 -0.0561392 -1.6642854 0.6751436 -0.43604712 0.63397268 -0.52770818 -0.35981332 0.003267 1789452653.230087519 30.283 15.297 0.021 0.00000 -1 ACTUAL_TF
9.4962 -0.0559135 -1.6642691 0.6751383 -0.43605397 0.63397131 -0.52770690 -0.35980931 0.003501 1789452653.286053419 30.509 15.071 0.006 0.00000 -1 ACTUAL_TF
9.5494 -0.0556899 -1.6642531 0.6751327 -0.43606104 0.63396999 -0.52770559 -0.35980500 0.003654 1789452653.341947556 30.733 14.847 0.008 0.00000 -1 ACTUAL_TF
9.6124 -0.0555036 -1.6642445 0.6751289 -0.43606791 0.63396485 -0.52770816 -0.35980195 0.003555 1789452653.398035765 30.919 14.661 0.016 0.00000 -1 ACTUAL_TF
9.6637 -0.0552853 -1.6642368 0.6751294 -0.43606927 0.63396158 -0.52771209 -0.35980031 0.003662 1789452653.453881979 31.138 14.442 0.020 0.00000 -1 ACTUAL_TF
9.7194 -0.0551097 -1.6642290 0.6751254 -0.43606920 0.63396403 -0.52770884 -0.35980085 0.003501 1789452653.510138988 31.313 14.267 0.028 0.00000 -1 ACTUAL_TF
9.7795 -0.0549018 -1.6642231 0.6751254 -0.43606923 0.63396475 -0.52770760 -0.35980135 0.003564 1789452653.566166639 31.521 14.059 0.031 0.00000 -1 ACTUAL_TF
9.8317 -0.0547328 -1.6642157 0.6751251 -0.43606797 0.63396499 -0.52770681 -0.35980360 0.003401 1789452653.622227669 31.691 13.890 0.035 0.00000 -1 ACTUAL_TF
9.8891 -0.0545243 -1.6642082 0.6751238 -0.43606880 0.63396368 -0.52770732 -0.35980416 0.003499 1789452653.678172112 31.899 13.681 0.040 0.00000 -1 ACTUAL_TF
9.9395 -0.0543435 -1.6641983 0.6751266 -0.43607222 0.63396088 -0.52770928 -0.35980209 0.003420 1789452653.734171152 32.080 13.500 0.045 0.00000 -1 ACTUAL_TF
9.9969 -0.0541356 -1.6641983 0.6751276 -0.43606532 0.63396478 -0.52770753 -0.35980613 0.003510 1789452653.790019751 32.288 13.292 0.043 0.00000 -1 ACTUAL_TF
10.0540 -0.0539374 -1.6641955 0.6751341 -0.43606262 0.63396446 -0.52770828 -0.35980887 0.003517 1789452653.846158266 32.486 13.094 0.039 0.00000 -1 ACTUAL_TF
10.1097 -0.0537519 -1.6641999 0.6751433 -0.43606370 0.63395638 -0.52771831 -0.35980709 0.003459 1789452653.902058125 32.672 12.909 0.028 0.00000 -1 ACTUAL_TF
10.1736 -0.0535375 -1.6641847 0.6751358 -0.43606747 0.63396172 -0.52771219 -0.35980209 0.003573 1789452653.958109856 32.886 12.694 0.043 0.00000 -1 ACTUAL_TF
10.2218 -0.0533723 -1.6641879 0.6751453 -0.43605841 0.63396317 -0.52771406 -0.35980777 0.003388 1789452654.014040232 33.051 12.529 0.034 0.00000 -1 ACTUAL_TF
10.2808 -0.0531735 -1.6641917 0.6751574 -0.43605046 0.63396365 -0.52771701 -0.35981224 0.003439 1789452654.070049524 33.250 12.330 0.022 0.00000 -1 ACTUAL_TF
10.3411 -0.0529843 -1.6641869 0.6751572 -0.43605461 0.63396219 -0.52772153 -0.35980314 0.003419 1789452654.126194477 33.440 12.141 0.024 0.00000 -1 ACTUAL_TF
10.3937 -0.0527780 -1.6641944 0.6751681 -0.43604586 0.63396647 -0.52772582 -0.35979992 0.003504 1789452654.182003975 33.646 11.935 0.010 0.00000 -1 ACTUAL_TF
10.4519 -0.0525727 -1.6641932 0.6751685 -0.43597603 0.63401498 -0.52775074 -0.35976251 0.003551 1789452654.238084078 33.851 11.729 0.010 0.00000 -1 ACTUAL_TF
10.5002 -0.0523901 -1.6641979 0.6751823 -0.43597640 0.63400888 -0.52775762 -0.35976273 0.003466 1789452654.294149399 34.034 11.547 0.005 0.00000 -1 ACTUAL_TF
10.5636 -0.0521735 -1.6641876 0.6751754 -0.43598461 0.63401301 -0.52775072 -0.35975561 0.003591 1789452654.350018740 34.250 11.330 0.008 0.00000 -1 ACTUAL_TF
10.6250 -0.0520088 -1.6641881 0.6751822 -0.43597945 0.63401176 -0.52775182 -0.35976246 0.003396 1789452654.406094551 34.415 11.165 0.004 0.00000 -1 ACTUAL_TF
10.6736 -0.0517625 -1.6641698 0.6751796 -0.43599305 0.63400597 -0.52775356 -0.35975362 0.003700 1789452654.462110281 34.662 10.919 0.014 0.00000 -1 ACTUAL_TF
10.7229 -0.0515788 -1.6641662 0.6751811 -0.43599768 0.63400557 -0.52775286 -0.35974974 0.003576 1789452654.518032551 34.845 10.735 0.014 0.00000 -1 ACTUAL_TF
10.7812 -0.0513712 -1.6641577 0.6751799 -0.43599732 0.63400782 -0.52774849 -0.35975262 0.003616 1789452654.573994637 35.053 10.527 0.020 0.00000 -1 ACTUAL_TF
10.8398 -0.0511950 -1.6641530 0.6751784 -0.43600122 0.63400793 -0.52774703 -0.35974983 0.003477 1789452654.629903793 35.229 10.351 0.024 0.00000 -1 ACTUAL_TF
10.9019 -0.0509916 -1.6641476 0.6751802 -0.43600044 0.63400775 -0.52774581 -0.35975289 0.003522 1789452654.686043024 35.433 10.148 0.025 0.00000 -1 ACTUAL_TF
10.9548 -0.0507877 -1.6641357 0.6751759 -0.43600376 0.63401054 -0.52774026 -0.35975210 0.003559 1789452654.742086172 35.637 9.943 0.035 0.00000 -1 ACTUAL_TF
11.0053 -0.0506042 -1.6641342 0.6751791 -0.43600425 0.63400849 -0.52774174 -0.35975295 0.003478 1789452654.797894001 35.820 9.760 0.033 0.00000 -1 ACTUAL_TF
11.0657 -0.0503822 -1.6641231 0.6751743 -0.43601309 0.63400765 -0.52773994 -0.35974636 0.003620 1789452654.854128122 36.042 9.538 0.043 0.00000 -1 ACTUAL_TF
11.1165 -0.0502263 -1.6641213 0.6751747 -0.43600811 0.63401221 -0.52773475 -0.35975197 0.003373 1789452654.909922361 36.198 9.382 0.044 0.00000 -1 ACTUAL_TF
11.1747 -0.0500256 -1.6641169 0.6751761 -0.43600712 0.63401516 -0.52773069 -0.35975392 0.003436 1789452654.965959311 36.399 9.181 0.045 0.00000 -1 ACTUAL_TF
11.2336 -0.0498421 -1.6641170 0.6751789 -0.43601087 0.63401111 -0.52773450 -0.35975093 0.003385 1789452655.022112131 36.582 8.998 0.042 0.00000 -1 ACTUAL_TF
11.2938 -0.0496431 -1.6641143 0.6751866 -0.43600953 0.63401153 -0.52773356 -0.35975320 0.003439 1789452655.078008413 36.782 8.799 0.037 0.00000 -1 ACTUAL_TF
11.3436 -0.0494659 -1.6641132 0.6751881 -0.43600950 0.63401130 -0.52773335 -0.35975395 0.003356 1789452655.134026289 36.959 8.621 0.036 0.00000 -1 ACTUAL_TF
11.4088 -0.0492716 -1.6641090 0.6751808 -0.43601006 0.63402077 -0.52772255 -0.35975241 0.003375 1789452655.190893173 37.153 8.427 0.045 0.00000 -1 ACTUAL_TF
11.4581 -0.0490321 -1.6641096 0.6751909 -0.43601406 0.63401168 -0.52773176 -0.35975009 0.003669 1789452655.245916605 37.393 8.188 0.036 0.00000 -1 ACTUAL_TF
11.5118 -0.0488739 -1.6641077 0.6751930 -0.43600826 0.63401521 -0.52772777 -0.35975673 0.003412 1789452655.302198172 37.551 8.029 0.035 0.00000 -1 ACTUAL_TF
11.5724 -0.0486552 -1.6640989 0.6751908 -0.43601551 0.63401572 -0.52772534 -0.35975062 0.003563 1789452655.358138323 37.770 7.811 0.042 0.00000 -1 ACTUAL_TF
11.6233 -0.0484800 -1.6640988 0.6751992 -0.43601427 0.63401042 -0.52773075 -0.35975353 0.003433 1789452655.414171934 37.945 7.635 0.034 0.00000 -1 ACTUAL_TF
11.6914 -0.0482831 -1.6641044 0.6752079 -0.43600468 0.63401195 -0.52773036 -0.35976302 0.003460 1789452655.470126390 38.142 7.439 0.025 0.00000 -1 ACTUAL_TF
11.7435 -0.0480910 -1.6640903 0.6752021 -0.43601553 0.63401165 -0.52772772 -0.35975427 0.003456 1789452655.526018381 38.334 7.246 0.037 0.00000 -1 ACTUAL_TF
11.7894 -0.0478766 -1.6640926 0.6752072 -0.43601529 0.63400998 -0.52772981 -0.35975445 0.003569 1789452655.582003355 38.548 7.032 0.032 0.00000 -1 ACTUAL_TF
11.8494 -0.0476698 -1.6640901 0.6752100 -0.43601449 0.63400854 -0.52773077 -0.35975654 0.003606 1789452655.638035536 38.755 6.825 0.031 0.00000 -1 ACTUAL_TF
11.9069 -0.0474961 -1.6640792 0.6752080 -0.43601486 0.63401204 -0.52772516 -0.35975816 0.003456 1789452655.694028616 38.929 6.651 0.038 0.00000 -1 ACTUAL_TF
11.9579 -0.0472736 -1.6640693 0.6752077 -0.43602036 0.63401210 -0.52772321 -0.35975425 0.003613 1789452655.750006676 39.152 6.429 0.043 0.00000 -1 ACTUAL_TF
12.0135 -0.0470915 -1.6640662 0.6752094 -0.43602022 0.63401185 -0.52772290 -0.35975530 0.003504 1789452655.806051016 39.334 6.246 0.043 0.00000 -1 ACTUAL_TF
12.0751 -0.0468829 -1.6640634 0.6752102 -0.43602111 0.63401370 -0.52772052 -0.35975445 0.003569 1789452655.862133026 39.542 6.038 0.044 0.00000 -1 ACTUAL_TF
12.1325 -0.0467171 -1.6640561 0.6752093 -0.43602270 0.63401535 -0.52771753 -0.35975402 0.003386 1789452655.918229103 39.708 5.872 0.049 0.00000 -1 ACTUAL_TF
12.1828 -0.0464871 -1.6640588 0.6752156 -0.43602393 0.63401122 -0.52772233 -0.35975277 0.003604 1789452655.974170685 39.938 5.642 0.042 0.00000 -1 ACTUAL_TF
12.2467 -0.0463256 -1.6640528 0.6752130 -0.43602025 0.63401770 -0.52771473 -0.35975695 0.003391 1789452656.030006409 40.100 5.481 0.048 0.00000 -1 ACTUAL_TF
12.2996 -0.0461039 -1.6640426 0.6752110 -0.43602744 0.63401817 -0.52771238 -0.35975085 0.003559 1789452656.086198092 40.322 5.259 0.055 0.00000 -1 ACTUAL_TF
12.3548 -0.0458839 -1.6640436 0.6752179 -0.43602660 0.63401533 -0.52771572 -0.35975199 0.003670 1789452656.142217875 40.542 5.039 0.049 0.00000 -1 ACTUAL_TF
12.4196 -0.0457248 -1.6640417 0.6752216 -0.43602023 0.63401784 -0.52771311 -0.35975911 0.003423 1789452656.198149681 40.701 4.880 0.046 0.00000 -1 ACTUAL_TF
12.4694 -0.0455118 -1.6640484 0.6752330 -0.43601950 0.63401087 -0.52772176 -0.35975958 0.003542 1789452656.254024267 40.914 4.667 0.035 0.00000 -1 ACTUAL_TF
12.5202 -0.0453363 -1.6640441 0.6752366 -0.43601888 0.63400954 -0.52772257 -0.35976148 0.003420 1789452656.310026884 41.089 4.491 0.033 0.00000 -1 ACTUAL_TF
12.5822 -0.0451143 -1.6640410 0.6752422 -0.43602132 0.63400596 -0.52772593 -0.35975991 0.003583 1789452656.366020918 41.311 4.269 0.030 0.00000 -1 ACTUAL_TF
12.6351 -0.0449442 -1.6640332 0.6752397 -0.43601986 0.63401092 -0.52771966 -0.35976213 0.003419 1789452656.422129393 41.482 4.099 0.036 0.00000 -1 ACTUAL_TF
12.6857 -0.0447016 -1.6640252 0.6752437 -0.43602790 0.63400489 -0.52772456 -0.35975584 0.003692 1789452656.478224277 41.724 3.856 0.036 0.00000 -1 ACTUAL_TF
12.7439 -0.0445302 -1.6640303 0.6752545 -0.43602331 0.63400211 -0.52772886 -0.35975999 0.003506 1789452656.534135103 41.896 3.685 0.025 0.00000 -1 ACTUAL_TF
12.8081 -0.0443127 -1.6640241 0.6752592 -0.43602793 0.63399561 -0.52773459 -0.35975743 0.003622 1789452656.590053558 42.113 3.467 0.024 0.00000 -1 ACTUAL_TF
12.8581 -0.0441284 -1.6640260 0.6752650 -0.43601738 0.63400075 -0.52773034 -0.35976740 0.003524 1789452656.645994186 42.298 3.283 0.019 0.00000 -1 ACTUAL_TF
12.9118 -0.0439465 -1.6640294 0.6752757 -0.43601636 0.63399564 -0.52773668 -0.35976834 0.003440 1789452656.702170849 42.479 3.101 0.011 0.00000 -1 ACTUAL_TF
12.9753 -0.0437500 -1.6640214 0.6752757 -0.43601256 0.63400186 -0.52772792 -0.35977484 0.003461 1789452656.758198738 42.676 2.904 0.013 0.00000 -1 ACTUAL_TF
13.0215 -0.0435637 -1.6640186 0.6752821 -0.43601604 0.63399789 -0.52773187 -0.35977182 0.003422 1789452656.814157009 42.862 2.718 0.009 0.00000 -1 ACTUAL_TF
13.0791 -0.0433355 -1.6640110 0.6752897 -0.43601950 0.63399208 -0.52773694 -0.35977044 0.003620 1789452656.870120049 43.091 2.489 0.005 0.00000 -1 ACTUAL_TF
13.1385 -0.0431436 -1.6640117 0.6752956 -0.43602042 0.63398697 -0.52774270 -0.35976986 0.003563 1789452656.926074028 43.283 2.298 0.002 0.00000 -1 ACTUAL_TF
13.1989 -0.0429303 -1.6640044 0.6752970 -0.43601695 0.63399142 -0.52773745 -0.35977393 0.003638 1789452656.982071877 43.496 2.084 0.002 0.00000 -1 ACTUAL_TF
13.2502 -0.0427382 -1.6640081 0.6753055 -0.43601854 0.63398606 -0.52774414 -0.35977164 0.003575 1789452657.038141727 43.688 1.892 0.008 0.00000 -1 ACTUAL_TF
13.3046 -0.0425313 -1.6640024 0.6753086 -0.43601204 0.63399111 -0.52773869 -0.35977861 0.003614 1789452657.094025612 43.895 1.685 0.007 0.00000 -1 ACTUAL_TF
13.3647 -0.0423228 -1.6640044 0.6753124 -0.43600642 0.63399152 -0.52773928 -0.35978382 0.003648 1789452657.149978876 44.104 1.477 0.012 0.00000 -1 ACTUAL_TF
13.4175 -0.0421252 -1.6639970 0.6753173 -0.43601090 0.63398816 -0.52774193 -0.35978043 0.003611 1789452657.206086636 44.301 1.279 0.011 0.00000 -1 ACTUAL_TF
13.4681 -0.0419116 -1.6639936 0.6753201 -0.43600882 0.63398745 -0.52774113 -0.35978539 0.003674 1789452657.261974812 44.515 1.065 0.012 0.00000 -1 ACTUAL_TF
13.5306 -0.0417147 -1.6640005 0.6753281 -0.43600549 0.63398536 -0.52774527 -0.35978703 0.003624 1789452657.318218946 44.712 0.868 0.024 0.00000 -1 ACTUAL_TF
13.5808 -0.0414938 -1.6639936 0.6753276 -0.43600466 0.63398672 -0.52774325 -0.35978859 0.003725 1789452657.374016762 44.933 0.647 0.020 0.00000 -1 ACTUAL_TF
13.6411 -0.0412913 -1.6639930 0.6753332 -0.43600893 0.63398228 -0.52774830 -0.35978385 0.003692 1789452657.430032015 45.135 0.445 0.024 0.00000 -1 ACTUAL_TF
13.6988 -0.0410710 -1.6639873 0.6753339 -0.43600720 0.63398580 -0.52774447 -0.35978535 0.003763 1789452657.486142635 45.356 0.225 0.022 0.00000 -1 ACTUAL_TF
13.7568 -0.0408399 -1.6639850 0.6753377 -0.43600765 0.63398202 -0.52774864 -0.35978534 0.003872 1789452657.542185068 45.587 -0.007 0.024 0.00000 -1 ACTUAL_TF
13.8068 -0.0406316 -1.6639762 0.6753392 -0.43601570 0.63397637 -0.52775331 -0.35977869 0.003827 1789452657.598203897 45.795 -0.215 0.020 0.00000 -1 ACTUAL_TF
13.8642 -0.0404139 -1.6639769 0.6753475 -0.43601383 0.63397579 -0.52775360 -0.35978158 0.003845 1789452657.654221773 46.013 -0.433 0.027 0.00000 -1 ACTUAL_TF
13.9285 -0.0402484 -1.6639722 0.6753496 -0.43601019 0.63397798 -0.52775126 -0.35978556 0.003582 1789452657.710048676 46.179 -0.598 0.026 0.00000 -1 ACTUAL_TF
13.9764 -0.0400389 -1.6639681 0.6753472 -0.43601083 0.63398012 -0.52774900 -0.35978431 0.003629 1789452657.766092062 46.388 -0.808 0.023 0.00000 -1 ACTUAL_TF
14.0360 -0.0398663 -1.6639679 0.6753516 -0.43600765 0.63398220 -0.52774772 -0.35978638 0.003465 1789452657.822067022 46.561 -0.980 0.027 0.00000 -1 ACTUAL_TF
14.0881 -0.0396716 -1.6639626 0.6753549 -0.43600443 0.63398242 -0.52774742 -0.35979034 0.003469 1789452657.878103018 46.755 -1.175 0.026 0.00000 -1 ACTUAL_TF
14.1438 -0.0394831 -1.6639587 0.6753613 -0.43601040 0.63397406 -0.52775591 -0.35978538 0.003438 1789452657.934124708 46.944 -1.364 0.029 0.00000 -1 ACTUAL_TF
14.2010 -0.0392864 -1.6639604 0.6753684 -0.43600689 0.63397331 -0.52775804 -0.35978784 0.003464 1789452657.989969254 47.141 -1.561 0.036 0.00000 -1 ACTUAL_TF
14.2598 -0.0391105 -1.6639530 0.6753671 -0.43601146 0.63397307 -0.52775602 -0.35978568 0.003366 1789452658.046098948 47.317 -1.737 0.031 0.00000 -1 ACTUAL_TF
14.3162 -0.0389063 -1.6639459 0.6753686 -0.43601344 0.63397133 -0.52775734 -0.35978441 0.003449 1789452658.102165937 47.521 -1.941 0.028 0.00000 -1 ACTUAL_TF
14.3668 -0.0387164 -1.6639421 0.6753747 -0.43601228 0.63397047 -0.52775855 -0.35978555 0.003430 1789452658.158332109 47.711 -2.131 0.030 0.00000 -1 ACTUAL_TF
14.4263 -0.0385842 -1.6639454 0.6753832 -0.43600232 0.63397147 -0.52775914 -0.35979499 0.003113 1789452658.214143038 47.843 -2.263 0.040 0.00000 -1 ACTUAL_TF
14.4840 -0.0383967 -1.6639366 0.6753801 -0.43600519 0.63397368 -0.52775605 -0.35979216 0.003187 1789452658.270027161 48.031 -2.451 0.032 0.00000 -1 ACTUAL_TF
14.5347 -0.0382537 -1.6639311 0.6753791 -0.43600625 0.63397604 -0.52775330 -0.35979074 0.002997 1789452658.326044083 48.174 -2.594 0.028 0.00000 -1 ACTUAL_TF
14.6020 -0.0380699 -1.6639304 0.6753854 -0.43600129 0.63397476 -0.52775558 -0.35979568 0.003082 1789452658.382096529 48.358 -2.778 0.033 0.00000 -1 ACTUAL_TF
14.6493 -0.0379148 -1.6639258 0.6753843 -0.43600687 0.63397119 -0.52775743 -0.35979248 0.002990 1789452658.438031435 48.513 -2.933 0.030 0.00000 -1 ACTUAL_TF
14.7005 -0.0377451 -1.6639214 0.6753861 -0.43600762 0.63397070 -0.52775797 -0.35979164 0.003001 1789452658.494138241 48.683 -3.102 0.029 0.00000 -1 ACTUAL_TF
14.7588 -0.0375788 -1.6639156 0.6753881 -0.43601085 0.63396858 -0.52775987 -0.35978867 0.002995 1789452658.549969196 48.849 -3.269 0.027 0.00000 -1 ACTUAL_TF
14.8147 -0.0374622 -1.6639160 0.6753920 -0.43600750 0.63396984 -0.52775947 -0.35979112 0.002720 1789452658.606044054 48.966 -3.385 0.031 0.00000 -1 ACTUAL_TF
14.8733 -0.0373220 -1.6639082 0.6753916 -0.43601124 0.63396753 -0.52776099 -0.35978841 0.002656 1789452658.662053108 49.106 -3.526 0.026 0.00000 -1 ACTUAL_TF
14.9316 -0.0372063 -1.6639113 0.6753968 -0.43601034 0.63396593 -0.52776391 -0.35978805 0.002481 1789452658.718000650 49.222 -3.641 0.032 0.00000 -1 ACTUAL_TF
14.9842 -0.0370987 -1.6639028 0.6753905 -0.43600863 0.63397312 -0.52775561 -0.35978964 0.002315 1789452658.774034739 49.329 -3.749 0.022 0.00000 -1 ACTUAL_TF
15.0418 -0.0369961 -1.6638992 0.6753887 -0.43601505 0.63397094 -0.52775597 -0.35978517 0.002171 1789452658.829992533 49.432 -3.852 0.019 0.00000 -1 ACTUAL_TF
15.1020 -0.0368975 -1.6638983 0.6753930 -0.43601301 0.63397151 -0.52775596 -0.35978663 0.002048 1789452658.886057138 49.531 -3.950 0.022 0.00000 -1 ACTUAL_TF
15.1526 -0.0368176 -1.6638989 0.6753931 -0.43601056 0.63397095 -0.52775707 -0.35978898 0.001861 1789452658.942162275 49.610 -4.030 0.023 0.00000 -1 ACTUAL_TF
15.2143 -0.0367089 -1.6638964 0.6753957 -0.43601400 0.63396937 -0.52775881 -0.35978503 0.001885 1789452658.998139620 49.719 -4.139 0.024 0.00000 -1 ACTUAL_TF
15.2682 -0.0366016 -1.6638952 0.6753916 -0.43601476 0.63397240 -0.52775601 -0.35978288 0.001895 1789452659.054111004 49.826 -4.246 0.020 0.00000 -1 ACTUAL_TF
15.3147 -0.0365206 -1.6638915 0.6753903 -0.43601339 0.63397542 -0.52775275 -0.35978399 0.001762 1789452659.110010147 49.907 -4.327 0.017 0.00000 -1 ACTUAL_TF
15.3760 -0.0364095 -1.6638873 0.6753900 -0.43601330 0.63397594 -0.52775208 -0.35978418 0.001828 1789452659.166081429 50.019 -4.438 0.015 0.00000 -1 ACTUAL_TF
15.4353 -0.0363084 -1.6638795 0.6753888 -0.43601673 0.63397561 -0.52775148 -0.35978149 0.001823 1789452659.222073555 50.120 -4.540 0.009 0.00000 -1 ACTUAL_TF
15.4868 -0.0361933 -1.6638806 0.6753926 -0.43601556 0.63397547 -0.52775115 -0.35978363 0.001892 1789452659.278167963 50.235 -4.655 0.013 0.00000 -1 ACTUAL_TF
15.5481 -0.0361002 -1.6638783 0.6753942 -0.43601266 0.63397649 -0.52775034 -0.35978653 0.001825 1789452659.334046841 50.328 -4.748 0.013 0.00000 -1 ACTUAL_TF
15.6238 -0.0359751 -1.6638747 0.6753967 -0.43601701 0.63397412 -0.52775280 -0.35978184 0.001948 1789452659.390017748 50.453 -4.873 0.013 0.00000 -1 ACTUAL_TF
