WELD FEEDBACK LOG
result=completed
started=2026-09-16 16:03:11
ended=2026-09-16 16:03:25
elapsed_seconds=14.180

================ OPERATOR OVERVIEW ================
REQUESTED : 220 A / 26.0 V · FE-SOLID 1.2 mm · LSM · CO2 100%
RX ECHO   : 220 A / 26.0 V · MATCH=YES
CURRENT FB: avg 223.51 · min 1.00 · max 241.00 A
VOLTAGE FB: avg 25.04 · min 3.00 · max 55.50 V
WIRE FEED : avg 10.20 · min 10.20 · max 10.20 m/min
ARC ON    : 11.719 s
NET WELD  : 9.985 s
WIRE USED : 1863.235 mm (base 1863.235 + alpha 0.000)
WCR       : DETECTED
SAMPLES   : RX 354 / welding 276 / TCP 195
===================================================

[commanded]
current_a=220
voltage_tenths=260
voltage=26.0
material=FE-SOLID
diameter_mm=1.2
mode=LSM
gas=CO2 100%
synergic=False
correction=0.0
hot_start_enabled=True
hot_start_percent=10.0
hot_start_hold_adjustment=-1
crater_enabled=False
crater_percent=27.27272727272727
crater_current_a=60.0
crater_voltage_v=25.0
crater_seconds=1.0
wire_consumable_alpha_mm=0.0
hot_start_current_a=242

[rx_setting_echo]
current_a=220
voltage_v=26.0
hot_start_current_a=0
hot_start_hold_adjustment=-15

[rx_welding_setting_echo]
current_a=220
voltage_v=26.0
hot_start_current_a=0
hot_start_hold_adjustment=-15

[execution_conditions]
mode=sequence_execute
run_all=True
touch_io_backend=fastech_ethernet
touch_input_port=4
touch_sensing_output_port=0
fastech_ip=192.168.0.3
fastech_poll_target_hz=100.0
hicomm_source_ip=192.168.1.2
hicomm_welder_ip=192.168.1.10
hicomm_port=60000
gui_velocity_percent=36.95263157894737
gui_speed_mode=scale
gui_tcp_speed_mm_s=10.0
gui_interpolation_step_mm=5.0
seam_orientation_mode=Wait poses + fixed World-XYZ tilt
weld_fixed_tilt_x_deg=0.0
weld_fixed_tilt_y_deg=0.0
weld_fixed_tilt_z_deg=-0.0
weld_weave_enabled=True
weld_weave_pattern=capping
capping_width_mm=4.0
capping_pitch_mm=4.0
capping_left_dwell_s=0.2
capping_right_dwell_s=0.2
weld_weave_amplitude_mm=4.0
weld_weave_cycles=16
weld_weave_samples_per_cycle=8
weld_weave_axis=tool_x
weld_lead_in_mm=0.0
weld_lead_out_mm=0.0
weld_safe_approach_mm=31.0
weld_approach_mode=taught_wait
weld_pre_start_lead_mm=0.0
weld_tcp_speed_mm_s=6.0
weld_arc_off_delay_ms=0.0
tcp_tracking.parent_frame=World
tcp_tracking.child_frame=right_manipulator_ee_point
tcp_tracking.timestamp_source=TF_header_stamp
initial_fastech_di0=False
initial_fastech_do0=True
robot_connected.left=True
robot_connected.right=True
robot_connected.head=True
hicomm_connected=True
execution_allowed=True
steps[0].sequence_number=1
steps[0].type=named_pose
steps[0].parallel_slot=1
steps[0].duration=0.0
steps[0].planning_group=right_manipulator
steps[0].velocity_scale=0.3695263157894737
steps[0].tcp_speed_m_s=0.0
steps[0].pose_name=weld_start_wait
steps[0].pose_label=3 · Weld start wait pose
steps[0].touch_guard=False
steps[0].continue_after_touch=False
steps[0].weld_scenario_id=weld-4346275474129
steps[0].weld_scenario_stage=start_wait
steps[0].target_tcp.position_m.x=0.18348337765561756
steps[0].target_tcp.position_m.y=-1.6560314012899593
steps[0].target_tcp.position_m.z=0.6861737087515496
steps[0].target_tcp.orientation_xyzw.x=0.475902853006447
steps[0].target_tcp.orientation_xyzw.y=-0.5209443069004668
steps[0].target_tcp.orientation_xyzw.z=0.6996816680009059
steps[0].target_tcp.orientation_xyzw.w=0.11215644017080094
steps[0].joint_names[0]=right_manipulator_joint1
steps[0].joint_names[1]=right_manipulator_joint2
steps[0].joint_names[2]=right_manipulator_joint3
steps[0].joint_names[3]=right_manipulator_joint4
steps[0].joint_names[4]=right_manipulator_joint5
steps[0].joint_names[5]=right_manipulator_joint6
steps[0].joint_positions_rad[0]=4.993213991011365
steps[0].joint_positions_rad[1]=1.4151200468518241
steps[0].joint_positions_rad[2]=1.8104769633184474
steps[0].joint_positions_rad[3]=2.8399944538282815
steps[0].joint_positions_rad[4]=1.6552867102743145
steps[0].joint_positions_rad[5]=1.6938792434209253
steps[1].sequence_number=2
steps[1].type=motion
steps[1].parallel_slot=2
steps[1].duration=0.0
steps[1].planning_group=right_manipulator
steps[1].velocity_scale=0.3695263157894737
steps[1].tcp_speed_m_s=0.0
steps[1].interpolation_step=0.005
steps[1].path_kind=taught_wait_align_weld_attitude
steps[1].touch_guard=False
steps[1].continue_after_touch=False
steps[1].accept_initial_touch=False
steps[1].weld_scenario_id=weld-4346275474129
steps[1].weld_scenario_stage=start_safe
steps[1].waypoint_count=1
steps[1].waypoints[0].position_m.x=0.18348337765561756
steps[1].waypoints[0].position_m.y=-1.6560314012899593
steps[1].waypoints[0].position_m.z=0.6861737087515496
steps[1].waypoints[0].orientation_xyzw.x=0.47392998358119603
steps[1].waypoints[0].orientation_xyzw.y=-0.5227397699184662
steps[1].waypoints[0].orientation_xyzw.z=0.6992526520920735
steps[1].waypoints[0].orientation_xyzw.w=0.11480083688944948
steps[2].sequence_number=3
steps[2].type=motion
steps[2].parallel_slot=3
steps[2].duration=0.0
steps[2].planning_group=right_manipulator
steps[2].velocity_scale=0.3695263157894737
steps[2].tcp_speed_m_s=0.0
steps[2].interpolation_step=0.005
steps[2].path_kind=taught_wait_to_weld_start
steps[2].touch_guard=False
steps[2].continue_after_touch=True
steps[2].accept_initial_touch=False
steps[2].weld_scenario_id=weld-4346275474129
steps[2].weld_scenario_stage=start_contact
steps[2].waypoint_count=1
steps[2].waypoints[0].position_m.x=0.18417346060383577
steps[2].waypoints[0].position_m.y=-1.6568111276452289
steps[2].waypoints[0].position_m.z=0.6846726727109822
steps[2].waypoints[0].orientation_xyzw.x=0.47392998358119603
steps[2].waypoints[0].orientation_xyzw.y=-0.5227397699184662
steps[2].waypoints[0].orientation_xyzw.z=0.6992526520920735
steps[2].waypoints[0].orientation_xyzw.w=0.11480083688944948
steps[3].sequence_number=4
steps[3].type=digital_output
steps[3].parallel_slot=4
steps[3].duration=0.0
steps[3].port=0
steps[3].value=False
steps[3].weld_scenario_id=weld-4346275474129
steps[3].weld_scenario_stage=touch_output_off
steps[4].sequence_number=5
steps[4].type=digital_weld
steps[4].parallel_slot=5
steps[4].duration=0.0
steps[4].command=on
steps[4].weld_scenario_id=weld-4346275474129
steps[4].weld_scenario_stage=arc_on
steps[4].settings.current_a=220
steps[4].settings.voltage_tenths=260
steps[4].settings.voltage=26.0
steps[4].settings.material=FE-SOLID
steps[4].settings.diameter_mm=1.2
steps[4].settings.mode=LSM
steps[4].settings.gas=CO2 100%
steps[4].settings.synergic=False
steps[4].settings.correction=0.0
steps[4].settings.hot_start_enabled=True
steps[4].settings.hot_start_percent=10.0
steps[4].settings.hot_start_hold_adjustment=-1
steps[4].settings.crater_enabled=False
steps[4].settings.crater_percent=27.27272727272727
steps[4].settings.crater_current_a=60.0
steps[4].settings.crater_voltage_v=25.0
steps[4].settings.crater_seconds=1.0
steps[4].settings.wire_consumable_alpha_mm=0.0
steps[4].settings.hot_start_current_a=242
steps[5].sequence_number=6
steps[5].type=motion
steps[5].parallel_slot=5
steps[5].duration=0.0
steps[5].planning_group=right_manipulator
steps[5].velocity_scale=0.3695263157894737
steps[5].tcp_speed_m_s=0.01352674404965675
steps[5].interpolation_step=0.005
steps[5].path_kind=continuous_capping_weave_over_sensed_goal_fastech_di0_ignored
steps[5].touch_guard=False
steps[5].weld_scenario_id=weld-4346275474129
steps[5].weld_scenario_stage=weld_motion
steps[5].lead_in_mm=0.0
steps[5].lead_out_mm=0.0
steps[5].linear_motion_profile=False
steps[5].path_to_seam_speed_factor=0.44356572268788175
steps[5].waypoint_hold_s[0]=0.0
steps[5].waypoint_hold_s[1]=0.2
steps[5].waypoint_hold_s[2]=0.2
steps[5].waypoint_hold_s[3]=0.2
steps[5].waypoint_hold_s[4]=0.2
steps[5].waypoint_hold_s[5]=0.2
steps[5].waypoint_hold_s[6]=0.2
steps[5].waypoint_hold_s[7]=0.2
steps[5].waypoint_hold_s[8]=0.2
steps[5].waypoint_hold_s[9]=0.2
steps[5].waypoint_hold_s[10]=0.2
steps[5].waypoint_hold_s[11]=0.2
steps[5].waypoint_hold_s[12]=0.2
steps[5].waypoint_hold_s[13]=0.2
steps[5].waypoint_hold_s[14]=0.2
steps[5].waypoint_hold_s[15]=0.2
steps[5].waypoint_hold_s[16]=0.2
steps[5].waypoint_hold_s[17]=0.2
steps[5].waypoint_hold_s[18]=0.2
steps[5].waypoint_hold_s[19]=0.0
steps[5].capping_width_mm=4.0
steps[5].capping_pitch_mm=4.0
steps[5].capping_left_dwell_s=0.2
steps[5].capping_right_dwell_s=0.2
steps[5].waypoint_count=20
steps[5].waypoints[0].position_m.x=0.18417346060383577
steps[5].waypoints[0].position_m.y=-1.6568111276452289
steps[5].waypoints[0].position_m.z=0.6846726727109822
steps[5].waypoints[0].orientation_xyzw.x=0.47392998358119603
steps[5].waypoints[0].orientation_xyzw.y=-0.5227397699184662
steps[5].waypoints[0].orientation_xyzw.z=0.6992526520920735
steps[5].waypoints[0].orientation_xyzw.w=0.11480083688944948
steps[5].waypoints[1].position_m.x=0.1858402117955139
steps[5].waypoints[1].position_m.y=-1.657238007061709
steps[5].waypoints[1].position_m.z=0.6860937594523
steps[5].waypoints[1].orientation_xyzw.x=0.47392998358119603
steps[5].waypoints[1].orientation_xyzw.y=-0.5227397699184662
steps[5].waypoints[1].orientation_xyzw.z=0.6992526520920735
steps[5].waypoints[1].orientation_xyzw.w=0.11480083688944948
steps[5].waypoints[2].position_m.x=0.18549828036887783
steps[5].waypoints[2].position_m.y=-1.6537907793107733
steps[5].waypoints[2].position_m.z=0.6832797238941107
steps[5].waypoints[2].orientation_xyzw.x=0.47392998358119603
steps[5].waypoints[2].orientation_xyzw.y=-0.5227397699184662
steps[5].waypoints[2].orientation_xyzw.z=0.6992526520920735
steps[5].waypoints[2].orientation_xyzw.w=0.11480083688944948
steps[5].waypoints[3].position_m.x=0.18883178275223408
steps[5].waypoints[3].position_m.y=-1.6546445381437338
steps[5].waypoints[3].position_m.z=0.6861218973767462
steps[5].waypoints[3].orientation_xyzw.x=0.47392998358119603
steps[5].waypoints[3].orientation_xyzw.y=-0.5227397699184662
steps[5].waypoints[3].orientation_xyzw.z=0.6992526520920735
steps[5].waypoints[3].orientation_xyzw.w=0.11480083688944948
steps[5].waypoints[4].position_m.x=0.188489851325598
steps[5].waypoints[4].position_m.y=-1.6511973103927982
steps[5].waypoints[4].position_m.z=0.683307861818557
steps[5].waypoints[4].orientation_xyzw.x=0.47392998358119603
steps[5].waypoints[4].orientation_xyzw.y=-0.5227397699184662
steps[5].waypoints[4].orientation_xyzw.z=0.6992526520920735
steps[5].waypoints[4].orientation_xyzw.w=0.11480083688944948
steps[5].waypoints[5].position_m.x=0.1918233537089543
steps[5].waypoints[5].position_m.y=-1.6520510692257586
steps[5].waypoints[5].position_m.z=0.6861500353011925
steps[5].waypoints[5].orientation_xyzw.x=0.47392998358119603
steps[5].waypoints[5].orientation_xyzw.y=-0.5227397699184662
steps[5].waypoints[5].orientation_xyzw.z=0.6992526520920735
steps[5].waypoints[5].orientation_xyzw.w=0.11480083688944948
steps[5].waypoints[6].position_m.x=0.1914814222823182
steps[5].waypoints[6].position_m.y=-1.648603841474823
steps[5].waypoints[6].position_m.z=0.6833359997430032
steps[5].waypoints[6].orientation_xyzw.x=0.47392998358119603
steps[5].waypoints[6].orientation_xyzw.y=-0.5227397699184662
steps[5].waypoints[6].orientation_xyzw.z=0.6992526520920735
steps[5].waypoints[6].orientation_xyzw.w=0.11480083688944948
steps[5].waypoints[7].position_m.x=0.1948149246656745
steps[5].waypoints[7].position_m.y=-1.6494576003077834
steps[5].waypoints[7].position_m.z=0.6861781732256387
steps[5].waypoints[7].orientation_xyzw.x=0.47392998358119603
steps[5].waypoints[7].orientation_xyzw.y=-0.5227397699184662
steps[5].waypoints[7].orientation_xyzw.z=0.6992526520920735
steps[5].waypoints[7].orientation_xyzw.w=0.11480083688944948
steps[5].waypoints[8].position_m.x=0.19447299323903838
steps[5].waypoints[8].position_m.y=-1.6460103725568478
steps[5].waypoints[8].position_m.z=0.6833641376674494
steps[5].waypoints[8].orientation_xyzw.x=0.47392998358119603
steps[5].waypoints[8].orientation_xyzw.y=-0.5227397699184662
steps[5].waypoints[8].orientation_xyzw.z=0.6992526520920735
steps[5].waypoints[8].orientation_xyzw.w=0.11480083688944948
steps[5].waypoints[9].position_m.x=0.19780649562239466
steps[5].waypoints[9].position_m.y=-1.6468641313898083
steps[5].waypoints[9].position_m.z=0.6862063111500849
steps[5].waypoints[9].orientation_xyzw.x=0.47392998358119603
steps[5].waypoints[9].orientation_xyzw.y=-0.5227397699184662
steps[5].waypoints[9].orientation_xyzw.z=0.6992526520920735
steps[5].waypoints[9].orientation_xyzw.w=0.11480083688944948
steps[5].waypoints[10].position_m.x=0.19746456419575859
steps[5].waypoints[10].position_m.y=-1.6434169036388724
steps[5].waypoints[10].position_m.z=0.6833922755918957
steps[5].waypoints[10].orientation_xyzw.x=0.47392998358119603
steps[5].waypoints[10].orientation_xyzw.y=-0.5227397699184662
steps[5].waypoints[10].orientation_xyzw.z=0.6992526520920735
steps[5].waypoints[10].orientation_xyzw.w=0.11480083688944948
steps[5].waypoints[11].position_m.x=0.20079806657911486
steps[5].waypoints[11].position_m.y=-1.6442706624718328
steps[5].waypoints[11].position_m.z=0.6862344490745312
steps[5].waypoints[11].orientation_xyzw.x=0.47392998358119603
steps[5].waypoints[11].orientation_xyzw.y=-0.5227397699184662
steps[5].waypoints[11].orientation_xyzw.z=0.6992526520920735
steps[5].waypoints[11].orientation_xyzw.w=0.11480083688944948
steps[5].waypoints[12].position_m.x=0.20045613515247876
steps[5].waypoints[12].position_m.y=-1.6408234347208972
steps[5].waypoints[12].position_m.z=0.683420413516342
steps[5].waypoints[12].orientation_xyzw.x=0.47392998358119603
steps[5].waypoints[12].orientation_xyzw.y=-0.5227397699184662
steps[5].waypoints[12].orientation_xyzw.z=0.6992526520920735
steps[5].waypoints[12].orientation_xyzw.w=0.11480083688944948
steps[5].waypoints[13].position_m.x=0.20378963753583504
steps[5].waypoints[13].position_m.y=-1.6416771935538577
steps[5].waypoints[13].position_m.z=0.6862625869989775
steps[5].waypoints[13].orientation_xyzw.x=0.47392998358119603
steps[5].waypoints[13].orientation_xyzw.y=-0.5227397699184662
steps[5].waypoints[13].orientation_xyzw.z=0.6992526520920735
steps[5].waypoints[13].orientation_xyzw.w=0.11480083688944948
steps[5].waypoints[14].position_m.x=0.20344770610919896
steps[5].waypoints[14].position_m.y=-1.638229965802922
steps[5].waypoints[14].position_m.z=0.6834485514407882
steps[5].waypoints[14].orientation_xyzw.x=0.47392998358119603
steps[5].waypoints[14].orientation_xyzw.y=-0.5227397699184662
steps[5].waypoints[14].orientation_xyzw.z=0.6992526520920735
steps[5].waypoints[14].orientation_xyzw.w=0.11480083688944948
steps[5].waypoints[15].position_m.x=0.20678120849255524
steps[5].waypoints[15].position_m.y=-1.6390837246358825
steps[5].waypoints[15].position_m.z=0.6862907249234237
steps[5].waypoints[15].orientation_xyzw.x=0.47392998358119603
steps[5].waypoints[15].orientation_xyzw.y=-0.5227397699184662
steps[5].waypoints[15].orientation_xyzw.z=0.6992526520920735
steps[5].waypoints[15].orientation_xyzw.w=0.11480083688944948
steps[5].waypoints[16].position_m.x=0.20643927706591916
steps[5].waypoints[16].position_m.y=-1.6356364968849468
steps[5].waypoints[16].position_m.z=0.6834766893652344
steps[5].waypoints[16].orientation_xyzw.x=0.47392998358119603
steps[5].waypoints[16].orientation_xyzw.y=-0.5227397699184662
steps[5].waypoints[16].orientation_xyzw.z=0.6992526520920735
steps[5].waypoints[16].orientation_xyzw.w=0.11480083688944948
steps[5].waypoints[17].position_m.x=0.20977277944927541
steps[5].waypoints[17].position_m.y=-1.6364902557179073
steps[5].waypoints[17].position_m.z=0.6863188628478699
steps[5].waypoints[17].orientation_xyzw.x=0.47392998358119603
steps[5].waypoints[17].orientation_xyzw.y=-0.5227397699184662
steps[5].waypoints[17].orientation_xyzw.z=0.6992526520920735
steps[5].waypoints[17].orientation_xyzw.w=0.11480083688944948
steps[5].waypoints[18].position_m.x=0.20943084802263934
steps[5].waypoints[18].position_m.y=-1.6330430279669716
steps[5].waypoints[18].position_m.z=0.6835048272896806
steps[5].waypoints[18].orientation_xyzw.x=0.47392998358119603
steps[5].waypoints[18].orientation_xyzw.y=-0.5227397699184662
steps[5].waypoints[18].orientation_xyzw.z=0.6992526520920735
steps[5].waypoints[18].orientation_xyzw.w=0.11480083688944948
steps[5].waypoints[19].position_m.x=0.21109759921431748
steps[5].waypoints[19].position_m.y=-1.6334699073834518
steps[5].waypoints[19].position_m.z=0.6849259140309985
steps[5].waypoints[19].orientation_xyzw.x=0.47392998358119603
steps[5].waypoints[19].orientation_xyzw.y=-0.5227397699184662
steps[5].waypoints[19].orientation_xyzw.z=0.6992526520920735
steps[5].waypoints[19].orientation_xyzw.w=0.11480083688944948
steps[5].lead_start.position_m.x=0.18417346060383577
steps[5].lead_start.position_m.y=-1.6568111276452289
steps[5].lead_start.position_m.z=0.6846726727109822
steps[5].lead_start.orientation_xyzw.x=0.47392998358119603
steps[5].lead_start.orientation_xyzw.y=-0.5227397699184662
steps[5].lead_start.orientation_xyzw.z=0.6992526520920735
steps[5].lead_start.orientation_xyzw.w=0.11480083688944948
steps[5].usable_seam_start.position_m.x=0.18417346060383577
steps[5].usable_seam_start.position_m.y=-1.6568111276452289
steps[5].usable_seam_start.position_m.z=0.6846726727109822
steps[5].usable_seam_start.orientation_xyzw.x=0.47392998358119603
steps[5].usable_seam_start.orientation_xyzw.y=-0.5227397699184662
steps[5].usable_seam_start.orientation_xyzw.z=0.6992526520920735
steps[5].usable_seam_start.orientation_xyzw.w=0.11480083688944948
steps[5].usable_seam_goal.position_m.x=0.21109759921431748
steps[5].usable_seam_goal.position_m.y=-1.6334699073834518
steps[5].usable_seam_goal.position_m.z=0.6849259140309985
steps[5].usable_seam_goal.orientation_xyzw.x=0.47392998358119603
steps[5].usable_seam_goal.orientation_xyzw.y=-0.5227397699184662
steps[5].usable_seam_goal.orientation_xyzw.z=0.6992526520920735
steps[5].usable_seam_goal.orientation_xyzw.w=0.11480083688944948
steps[5].lead_end.position_m.x=0.21109759921431748
steps[5].lead_end.position_m.y=-1.6334699073834518
steps[5].lead_end.position_m.z=0.6849259140309985
steps[5].lead_end.orientation_xyzw.x=0.47392998358119603
steps[5].lead_end.orientation_xyzw.y=-0.5227397699184662
steps[5].lead_end.orientation_xyzw.z=0.6992526520920735
steps[5].lead_end.orientation_xyzw.w=0.11480083688944948
steps[6].sequence_number=7
steps[6].type=digital_weld
steps[6].parallel_slot=5
steps[6].duration=0.0
steps[6].velocity_scale=0.3695263157894737
steps[6].tcp_speed_m_s=0.01352674404965675
steps[6].command=off
steps[6].weld_scenario_id=weld-4346275474129
steps[6].weld_scenario_stage=arc_off
steps[6].path_to_seam_speed_factor=0.44356572268788175
steps[6].trigger_before_goal=True
steps[6].arc_off_delay_s=0.0
steps[6].settings.current_a=220
steps[6].settings.voltage_tenths=260
steps[6].settings.voltage=26.0
steps[6].settings.material=FE-SOLID
steps[6].settings.diameter_mm=1.2
steps[6].settings.mode=LSM
steps[6].settings.gas=CO2 100%
steps[6].settings.synergic=False
steps[6].settings.correction=0.0
steps[6].settings.hot_start_enabled=True
steps[6].settings.hot_start_percent=10.0
steps[6].settings.hot_start_hold_adjustment=-1
steps[6].settings.crater_enabled=False
steps[6].settings.crater_percent=27.27272727272727
steps[6].settings.crater_current_a=60.0
steps[6].settings.crater_voltage_v=25.0
steps[6].settings.crater_seconds=1.0
steps[6].settings.wire_consumable_alpha_mm=0.0
steps[6].settings.hot_start_current_a=242
steps[7].sequence_number=8
steps[7].type=motion
steps[7].parallel_slot=6
steps[7].duration=0.0
steps[7].planning_group=right_manipulator
steps[7].velocity_scale=0.3695263157894737
steps[7].tcp_speed_m_s=0.0
steps[7].interpolation_step=0.005
steps[7].path_kind=weld_end_to_taught_wait_fixed_attitude
steps[7].pose_name=weld_goal_wait
steps[7].pose_label=5 · Weld goal wait pose
steps[7].touch_guard=False
steps[7].continue_after_touch=False
steps[7].weld_scenario_id=weld-4346275474129
steps[7].weld_scenario_stage=goal_wait
steps[7].waypoint_count=1
steps[7].waypoints[0].position_m.x=0.21022935355663364
steps[7].waypoints[0].position_m.y=-1.6324880715127206
steps[7].waypoints[0].position_m.z=0.6867404643411368
steps[7].waypoints[0].orientation_xyzw.x=0.47392998358119603
steps[7].waypoints[0].orientation_xyzw.y=-0.5227397699184662
steps[7].waypoints[0].orientation_xyzw.z=0.6992526520920735
steps[7].waypoints[0].orientation_xyzw.w=0.11480083688944948
steps[8].sequence_number=9
steps[8].type=named_pose
steps[8].parallel_slot=7
steps[8].duration=0.0
steps[8].planning_group=right_manipulator
steps[8].velocity_scale=0.3695263157894737
steps[8].tcp_speed_m_s=0.0
steps[8].pose_name=weld_finish
steps[8].pose_label=7 · Weld end pose
steps[8].touch_guard=False
steps[8].continue_after_touch=False
steps[8].weld_scenario_id=weld-4346275474129
steps[8].weld_scenario_stage=finish
steps[8].target_tcp.position_m.x=0.21022592489912634
steps[8].target_tcp.position_m.y=-1.5969600090991618
steps[8].target_tcp.position_m.z=0.7202511144489248
steps[8].target_tcp.orientation_xyzw.x=0.4758798004373522
steps[8].target_tcp.orientation_xyzw.y=-0.5208944907953313
steps[8].target_tcp.orientation_xyzw.z=0.6997303861611069
steps[8].target_tcp.orientation_xyzw.w=0.1121816904740101
steps[8].joint_names[0]=right_manipulator_joint1
steps[8].joint_names[1]=right_manipulator_joint2
steps[8].joint_names[2]=right_manipulator_joint3
steps[8].joint_names[3]=right_manipulator_joint4
steps[8].joint_names[4]=right_manipulator_joint5
steps[8].joint_names[5]=right_manipulator_joint6
steps[8].joint_positions_rad[0]=5.049333186765951
steps[8].joint_positions_rad[1]=1.3820900582740618
steps[8].joint_positions_rad[2]=1.8968470058952431
steps[8].joint_positions_rad[3]=2.8948419901623543
steps[8].joint_positions_rad[4]=1.7084368808876254
steps[8].joint_positions_rad[5]=1.6853094573491592
steps[9].sequence_number=10
steps[9].type=digital_output
steps[9].parallel_slot=8
steps[9].duration=0.0
steps[9].port=0
steps[9].value=True
steps[9].weld_scenario_id=weld-4346275474129
steps[9].weld_scenario_stage=touch_output_on
hicomm_cyclic_period_ms=40.0
arc_wait_recognition=True
arc_wait_main_welding=True
arc_wait_established=True
arc_establishment_timeout_s=5.0

[summary]
rx_samples=354
welding_samples=276
wcr_seen=1
current_a.min=1.0
current_a.average=223.50943396226415
current_a.max=241.0
voltage_v.min=3.0
voltage_v.average=25.03854545454542
voltage_v.max=55.5
wire_feed_m_min.min=10.2
wire_feed_m_min.average=10.199999999999974
wire_feed_m_min.max=10.2

[production_metrics]
arc_started_elapsed_s=0.1005214460001298
arc_completed_elapsed_s=11.819033147000482
arc_on_time_s=11.718511701000352
main_weld_arc_time_s=10.841745159999846
crater_arc_time_s=0.0
weld_motion_start_elapsed_s=0.8602089289997821
weld_motion_complete_elapsed_s=10.844887432999712
weld_motion_duration_s=9.98467850399993
net_weld_arc_time_s=9.98467850399993
wire_feed_average_m_min=9.539958975887632
wire_consumable_base_mm=1863.2353481000428
wire_consumable_alpha_mm=0.0
wire_consumable_mm=1863.2353481000428
wire_consumable_formula=integral(WFS*1000/60*dt)+alpha
weld_motion_start_unix_time=1789542192.1990497
weld_motion_start_wall_time=2026-09-16 16:03:12.199
weld_motion_complete_unix_time=1789542202.1837287
weld_motion_complete_wall_time=2026-09-16 16:03:22.183

[arc_off_control]
arc_established_elapsed_s=0.8590061810000407
fallback=weld_motion_completed_before_trigger
delay_s=0.0
command_elapsed_s=10.851852263000183
sequence_clear_elapsed_s=14.178814933000467
extinction_current_threshold_a=10.0
feedback_current_extinguished_elapsed_s=11.30020002099991
feedback_extinction_delay_s=0.44834775799972704
wcr_clear_elapsed_s=11.819033147000482
wcr_clear_delay_s=0.9671808840002996

[teaching_snapshot_yaml]
robot_start:
  planning_group: right_manipulator
  joint_state:
    names:
    - right_manipulator_joint1
    - right_manipulator_joint2
    - right_manipulator_joint3
    - right_manipulator_joint4
    - right_manipulator_joint5
    - right_manipulator_joint6
    positions_rad:
    - 5.272090632984539
    - 1.1319069796756747
    - 2.106417676818249
    - 3.6901007738119302
    - 1.4686233526256796
    - 1.4680081624138712
  tcp_pose_world:
    position_m:
      x: 0.0593687026100857
      y: -1.566580876666292
      z: 0.8404797210507349
    orientation_xyzw:
      x: -0.435964943840794
      y: 0.633785310019272
      z: -0.5278153609885844
      w: -0.36008567487496485
weld_wait:
  planning_group: right_manipulator
  joint_state:
    names:
    - right_manipulator_joint1
    - right_manipulator_joint2
    - right_manipulator_joint3
    - right_manipulator_joint4
    - right_manipulator_joint5
    - right_manipulator_joint6
    positions_rad:
    - 4.99982448946916
    - 1.3845885028507197
    - 1.85644711847485
    - 2.8461988202198394
    - 1.6702886961688943
    - 1.6900785130712186
  tcp_pose_world:
    position_m:
      x: 0.1835538739360255
      y: -1.6375066157837421
      z: 0.7140870440981706
    orientation_xyzw:
      x: 0.47584286949725096
      y: -0.5209662909417571
      z: 0.6997161331574423
      w: 0.11209380112301988
weld_start_wait:
  planning_group: right_manipulator
  joint_state:
    names:
    - right_manipulator_joint1
    - right_manipulator_joint2
    - right_manipulator_joint3
    - right_manipulator_joint4
    - right_manipulator_joint5
    - right_manipulator_joint6
    positions_rad:
    - 4.993213991011365
    - 1.4151200468518241
    - 1.8104769633184474
    - 2.8399944538282815
    - 1.6552867102743145
    - 1.6938792434209253
  tcp_pose_world:
    position_m:
      x: 0.18348337765561756
      y: -1.6560314012899593
      z: 0.6861737087515496
    orientation_xyzw:
      x: 0.475902853006447
      y: -0.5209443069004668
      z: 0.6996816680009059
      w: 0.11215644017080094
weld_start:
  planning_group: right_manipulator
  joint_state:
    names:
    - right_manipulator_joint1
    - right_manipulator_joint2
    - right_manipulator_joint3
    - right_manipulator_joint4
    - right_manipulator_joint5
    - right_manipulator_joint6
    positions_rad:
    - 4.99785765171626
    - 1.4169155904922568
    - 1.809618756718103
    - 2.8522161684859695
    - 1.6564848037120286
    - 1.6945974480374522
  tcp_pose_world:
    position_m:
      x: 0.18417346060383577
      y: -1.6568111276452289
      z: 0.6846726727109822
    orientation_xyzw:
      x: 0.47392998358119603
      y: -0.5227397699184662
      z: 0.6992526520920735
      w: 0.11480083688944948
weld_goal_wait:
  planning_group: right_manipulator
  joint_state:
    names:
    - right_manipulator_joint1
    - right_manipulator_joint2
    - right_manipulator_joint3
    - right_manipulator_joint4
    - right_manipulator_joint5
    - right_manipulator_joint6
    positions_rad:
    - 5.0343049687346335
    - 1.4163464325338058
    - 1.8290442561223708
    - 2.880743747983693
    - 1.6753613522552229
    - 1.6921858724417984
  tcp_pose_world:
    position_m:
      x: 0.21022935355663364
      y: -1.6324880715127206
      z: 0.6867404643411368
    orientation_xyzw:
      x: 0.47587500820912576
      y: -0.5209730801306803
      z: 0.6996848131496517
      w: 0.11212131192977169
weld_end:
  planning_group: right_manipulator
  joint_state:
    names:
    - right_manipulator_joint1
    - right_manipulator_joint2
    - right_manipulator_joint3
    - right_manipulator_joint4
    - right_manipulator_joint5
    - right_manipulator_joint6
    positions_rad:
    - 5.039188722838791
    - 1.4184821324060826
    - 1.8274576502081923
    - 2.8932387660878773
    - 1.6762185915216925
    - 1.693305965589938
  tcp_pose_world:
    position_m:
      x: 0.21109759921431748
      y: -1.6334699073834518
      z: 0.6849259140309985
    orientation_xyzw:
      x: 0.47390203020354227
      y: -0.5227684376737417
      z: 0.699255930023253
      w: 0.11476572078992768
weld_finish:
  planning_group: right_manipulator
  joint_state:
    names:
    - right_manipulator_joint1
    - right_manipulator_joint2
    - right_manipulator_joint3
    - right_manipulator_joint4
    - right_manipulator_joint5
    - right_manipulator_joint6
    positions_rad:
    - 5.049333186765951
    - 1.3820900582740618
    - 1.8968470058952431
    - 2.8948419901623543
    - 1.7084368808876254
    - 1.6853094573491592
  tcp_pose_world:
    position_m:
      x: 0.21022592489912634
      y: -1.5969600090991618
      z: 0.7202511144489248
    orientation_xyzw:
      x: 0.4758798004373522
      y: -0.5208944907953313
      z: 0.6997303861611069
      w: 0.1121816904740101

[touch_snapshot_yaml]
start_floor:
  position_m:
    x: 0.18355605007067483
    y: -1.6556876471632693
    z: 0.6846745458516619
  orientation_xyzw:
    x: 0.47589564787616984
    y: -0.5210280788377932
    z: 0.699632947130656
    w: 0.11210179608013164
start_wall:
  position_m:
    x: 0.18438519754530114
    y: -1.6566278955620306
    z: 0.6858506972298177
  orientation_xyzw:
    x: 0.4759679716807075
    y: -0.5210850574244927
    z: 0.6995409500520489
    w: 0.11210402340390511
goal_floor:
  position_m:
    x: 0.2102921452629869
    y: -1.6327271487694142
    z: 0.684925010468048
  orientation_xyzw:
    x: 0.47577236579129695
    y: -0.5209750186001507
    z: 0.6997666873445373
    w: 0.11203691010902489
goal_wall:
  position_m:
    x: 0.21099738253997513
    y: -1.6335573199151865
    z: 0.6868326569998797
  orientation_xyzw:
    x: 0.4759382581697315
    y: -0.5208749246044764
    z: 0.6997008126103333
    w: 0.11220900213923206

[samples]
elapsed_s raw0 state arc gas fwd wcr current_a voltage_v wire_feed_m_min set_current_a set_voltage_v error db collision
0.021 0x00 idle 0 0 0 0 0 0.0 0.0 220 26.0 0 0 0
0.059 0x00 idle 0 0 0 0 0 0.0 0.0 220 26.0 0 0 0
0.101 0x09 main_weld 1 1 0 0 0 0.0 0.0 220 26.0 0 0 0
0.141 0x09 main_weld 1 1 0 0 0 0.0 0.0 220 26.0 0 0 0
0.179 0x09 main_weld 1 1 0 0 0 0.0 0.0 220 26.0 0 0 0
0.220 0x09 main_weld 1 1 0 0 0 0.0 0.0 220 26.0 0 0 0
0.259 0x09 main_weld 1 1 0 0 0 0.0 0.0 220 26.0 0 0 0
0.298 0x09 main_weld 1 1 0 0 0 0.0 0.0 220 26.0 0 0 0
0.339 0x09 main_weld 1 1 0 0 0 0.0 0.0 220 26.0 0 0 0
0.379 0x09 main_weld 1 1 0 0 0 0.0 0.0 220 26.0 0 0 0
0.421 0x09 main_weld 1 1 0 0 0 0.0 0.0 220 26.0 0 0 0
0.459 0x09 main_weld 1 1 0 0 0 0.0 0.0 220 26.0 0 0 0
0.498 0x09 main_weld 1 1 0 0 0 0.0 0.0 220 26.0 0 0 0
0.542 0x09 main_weld 1 1 0 0 0 0.0 0.0 220 26.0 0 0 0
0.577 0x09 main_weld 1 1 0 0 0 0.0 0.0 220 26.0 0 0 0
0.620 0x09 main_weld 1 1 0 0 0 0.0 0.0 220 26.0 0 0 0
0.661 0x09 main_weld 1 1 0 0 0 0.0 0.0 220 26.0 0 0 0
0.702 0x09 main_weld 1 1 0 0 0 0.0 0.0 220 26.0 0 0 0
0.745 0x09 main_weld 1 1 0 0 0 0.0 0.0 220 26.0 0 0 0
0.780 0x09 main_weld 1 1 0 0 0 0.0 0.0 220 26.0 0 0 0
0.823 0x09 main_weld 1 1 0 0 0 0.0 0.0 220 26.0 0 0 0
0.859 0x2B main_weld 1 1 1 1 1 0.0 10.2 220 26.0 0 0 0
0.913 0x2B main_weld 1 1 1 1 1 3.1 10.2 220 26.0 0 0 0
0.946 0x2B main_weld 1 1 1 1 66 3.1 10.2 220 26.0 0 0 0
0.992 0x2B main_weld 1 1 1 1 66 13.0 10.2 220 26.0 0 0 0
1.016 0x2B main_weld 1 1 1 1 66 13.0 10.2 220 26.0 0 0 0
1.057 0x2B main_weld 1 1 1 1 66 13.0 10.2 220 26.0 0 0 0
1.098 0x2B main_weld 1 1 1 1 210 13.0 10.2 220 26.0 0 0 0
1.144 0x2B main_weld 1 1 1 1 210 13.0 10.2 220 26.0 0 0 0
1.177 0x2B main_weld 1 1 1 1 210 25.2 10.2 220 26.0 0 0 0
1.222 0x2B main_weld 1 1 1 1 210 25.2 10.2 220 26.0 0 0 0
1.261 0x2B main_weld 1 1 1 1 210 25.5 10.2 220 26.0 0 0 0
1.299 0x2B main_weld 1 1 1 1 236 25.5 10.2 220 26.0 0 0 0
1.338 0x2B main_weld 1 1 1 1 236 25.5 10.2 220 26.0 0 0 0
1.380 0x2B main_weld 1 1 1 1 236 25.5 10.2 220 26.0 0 0 0
1.419 0x2B main_weld 1 1 1 1 236 25.5 10.2 220 26.0 0 0 0
1.458 0x2B main_weld 1 1 1 1 230 25.5 10.2 220 26.0 0 0 0
1.499 0x2B main_weld 1 1 1 1 230 25.5 10.2 220 26.0 0 0 0
1.541 0x2B main_weld 1 1 1 1 230 25.5 10.2 220 26.0 0 0 0
1.579 0x2B main_weld 1 1 1 1 230 25.5 10.2 220 26.0 0 0 0
1.618 0x2B main_weld 1 1 1 1 230 25.3 10.2 220 26.0 0 0 0
1.658 0x2B main_weld 1 1 1 1 226 25.3 10.2 220 26.0 0 0 0
1.701 0x2B main_weld 1 1 1 1 226 25.3 10.2 220 26.0 0 0 0
1.739 0x2B main_weld 1 1 1 1 226 25.3 10.2 220 26.0 0 0 0
1.781 0x2B main_weld 1 1 1 1 226 25.3 10.2 220 26.0 0 0 0
1.825 0x2B main_weld 1 1 1 1 229 25.1 10.2 220 26.0 0 0 0
1.861 0x2B main_weld 1 1 1 1 229 25.1 10.2 220 26.0 0 0 0
1.899 0x2B main_weld 1 1 1 1 229 25.1 10.2 220 26.0 0 0 0
1.943 0x2B main_weld 1 1 1 1 230 25.1 10.2 220 26.0 0 0 0
1.983 0x2B main_weld 1 1 1 1 230 25.5 10.2 220 26.0 0 0 0
2.017 0x2B main_weld 1 1 1 1 230 25.5 10.2 220 26.0 0 0 0
2.060 0x2B main_weld 1 1 1 1 230 25.5 10.2 220 26.0 0 0 0
2.105 0x2B main_weld 1 1 1 1 232 25.5 10.2 220 26.0 0 0 0
2.140 0x2B main_weld 1 1 1 1 232 25.5 10.2 220 26.0 0 0 0
2.179 0x2B main_weld 1 1 1 1 232 25.2 10.2 220 26.0 0 0 0
2.220 0x2B main_weld 1 1 1 1 232 25.2 10.2 220 26.0 0 0 0
2.259 0x2B main_weld 1 1 1 1 232 25.2 10.2 220 26.0 0 0 0
2.297 0x2B main_weld 1 1 1 1 234 25.2 10.2 220 26.0 0 0 0
2.344 0x2B main_weld 1 1 1 1 234 24.9 10.2 220 26.0 0 0 0
2.383 0x2B main_weld 1 1 1 1 234 24.9 10.2 220 26.0 0 0 0
2.420 0x2B main_weld 1 1 1 1 234 24.9 10.2 220 26.0 0 0 0
2.459 0x2B main_weld 1 1 1 1 231 24.9 10.2 220 26.0 0 0 0
2.507 0x2B main_weld 1 1 1 1 231 24.9 10.2 220 26.0 0 0 0
2.540 0x2B main_weld 1 1 1 1 231 25.2 10.2 220 26.0 0 0 0
2.580 0x2B main_weld 1 1 1 1 231 25.2 10.2 220 26.0 0 0 0
2.619 0x2B main_weld 1 1 1 1 231 25.2 10.2 220 26.0 0 0 0
2.664 0x2B main_weld 1 1 1 1 226 25.2 10.2 220 26.0 0 0 0
2.700 0x2B main_weld 1 1 1 1 226 25.3 10.2 220 26.0 0 0 0
2.739 0x2B main_weld 1 1 1 1 226 25.3 10.2 220 26.0 0 0 0
2.780 0x2B main_weld 1 1 1 1 226 25.1 10.2 220 26.0 0 0 0
2.820 0x2B main_weld 1 1 1 1 241 25.1 10.2 220 26.0 0 0 0
2.861 0x2B main_weld 1 1 1 1 241 25.1 10.2 220 26.0 0 0 0
2.898 0x2B main_weld 1 1 1 1 241 25.1 10.2 220 26.0 0 0 0
2.939 0x2B main_weld 1 1 1 1 241 25.1 10.2 220 26.0 0 0 0
2.980 0x2B main_weld 1 1 1 1 241 25.2 10.2 220 26.0 0 0 0
3.021 0x2B main_weld 1 1 1 1 232 25.2 10.2 220 26.0 0 0 0
3.060 0x2B main_weld 1 1 1 1 232 25.2 10.2 220 26.0 0 0 0
3.103 0x2B main_weld 1 1 1 1 232 25.2 10.2 220 26.0 0 0 0
3.138 0x2B main_weld 1 1 1 1 232 24.9 10.2 220 26.0 0 0 0
3.178 0x2B main_weld 1 1 1 1 235 24.9 10.2 220 26.0 0 0 0
3.221 0x2B main_weld 1 1 1 1 235 24.9 10.2 220 26.0 0 0 0
3.259 0x2B main_weld 1 1 1 1 235 24.9 10.2 220 26.0 0 0 0
3.300 0x2B main_weld 1 1 1 1 235 24.9 10.2 220 26.0 0 0 0
3.340 0x2B main_weld 1 1 1 1 235 25.3 10.2 220 26.0 0 0 0
3.379 0x2B main_weld 1 1 1 1 240 25.3 10.2 220 26.0 0 0 0
3.419 0x2B main_weld 1 1 1 1 240 25.3 10.2 220 26.0 0 0 0
3.461 0x2B main_weld 1 1 1 1 232 25.3 10.2 220 26.0 0 0 0
3.507 0x2B main_weld 1 1 1 1 232 25.4 10.2 220 26.0 0 0 0
3.540 0x2B main_weld 1 1 1 1 232 25.4 10.2 220 26.0 0 0 0
3.581 0x2B main_weld 1 1 1 1 232 25.4 10.2 220 26.0 0 0 0
3.620 0x2B main_weld 1 1 1 1 231 25.4 10.2 220 26.0 0 0 0
3.662 0x2B main_weld 1 1 1 1 231 25.4 10.2 220 26.0 0 0 0
3.699 0x2B main_weld 1 1 1 1 231 25.0 10.2 220 26.0 0 0 0
3.745 0x2B main_weld 1 1 1 1 231 25.0 10.2 220 26.0 0 0 0
3.778 0x2B main_weld 1 1 1 1 231 25.0 10.2 220 26.0 0 0 0
3.820 0x2B main_weld 1 1 1 1 235 25.0 10.2 220 26.0 0 0 0
3.858 0x2B main_weld 1 1 1 1 235 25.3 10.2 220 26.0 0 0 0
3.900 0x2B main_weld 1 1 1 1 235 25.3 10.2 220 26.0 0 0 0
3.937 0x2B main_weld 1 1 1 1 235 25.3 10.2 220 26.0 0 0 0
3.980 0x2B main_weld 1 1 1 1 232 25.2 10.2 220 26.0 0 0 0
4.017 0x2B main_weld 1 1 1 1 232 25.2 10.2 220 26.0 0 0 0
4.062 0x2B main_weld 1 1 1 1 232 25.2 10.2 220 26.0 0 0 0
4.100 0x2B main_weld 1 1 1 1 232 25.2 10.2 220 26.0 0 0 0
4.140 0x2B main_weld 1 1 1 1 232 25.2 10.2 220 26.0 0 0 0
4.180 0x2B main_weld 1 1 1 1 234 25.2 10.2 220 26.0 0 0 0
4.221 0x2B main_weld 1 1 1 1 234 25.2 10.2 220 26.0 0 0 0
4.263 0x2B main_weld 1 1 1 1 234 25.2 10.2 220 26.0 0 0 0
4.299 0x2B main_weld 1 1 1 1 234 25.2 10.2 220 26.0 0 0 0
4.345 0x2B main_weld 1 1 1 1 238 25.1 10.2 220 26.0 0 0 0
4.381 0x2B main_weld 1 1 1 1 238 25.1 10.2 220 26.0 0 0 0
4.420 0x2B main_weld 1 1 1 1 238 25.1 10.2 220 26.0 0 0 0
4.461 0x2B main_weld 1 1 1 1 238 25.1 10.2 220 26.0 0 0 0
4.500 0x2B main_weld 1 1 1 1 238 25.3 10.2 220 26.0 0 0 0
4.540 0x2B main_weld 1 1 1 1 232 25.3 10.2 220 26.0 0 0 0
4.579 0x2B main_weld 1 1 1 1 232 25.3 10.2 220 26.0 0 0 0
4.620 0x2B main_weld 1 1 1 1 232 25.3 10.2 220 26.0 0 0 0
4.661 0x2B main_weld 1 1 1 1 232 25.3 10.2 220 26.0 0 0 0
4.699 0x2B main_weld 1 1 1 1 230 25.3 10.2 220 26.0 0 0 0
4.739 0x2B main_weld 1 1 1 1 230 25.3 10.2 220 26.0 0 0 0
4.779 0x2B main_weld 1 1 1 1 230 25.3 10.2 220 26.0 0 0 0
4.819 0x2B main_weld 1 1 1 1 230 25.3 10.2 220 26.0 0 0 0
4.860 0x2B main_weld 1 1 1 1 230 25.1 10.2 220 26.0 0 0 0
4.906 0x2B main_weld 1 1 1 1 226 25.1 10.2 220 26.0 0 0 0
4.941 0x2B main_weld 1 1 1 1 226 25.1 10.2 220 26.0 0 0 0
4.989 0x2B main_weld 1 1 1 1 232 25.1 10.2 220 26.0 0 0 0
5.021 0x2B main_weld 1 1 1 1 232 25.1 10.2 220 26.0 0 0 0
5.058 0x2B main_weld 1 1 1 1 232 25.2 10.2 220 26.0 0 0 0
5.102 0x2B main_weld 1 1 1 1 232 25.2 10.2 220 26.0 0 0 0
5.140 0x2B main_weld 1 1 1 1 232 25.2 10.2 220 26.0 0 0 0
5.185 0x2B main_weld 1 1 1 1 229 25.2 10.2 220 26.0 0 0 0
5.219 0x2B main_weld 1 1 1 1 229 24.9 10.2 220 26.0 0 0 0
5.258 0x2B main_weld 1 1 1 1 229 24.9 10.2 220 26.0 0 0 0
5.300 0x2B main_weld 1 1 1 1 229 24.9 10.2 220 26.0 0 0 0
5.341 0x2B main_weld 1 1 1 1 232 24.9 10.2 220 26.0 0 0 0
5.380 0x2B main_weld 1 1 1 1 232 24.9 10.2 220 26.0 0 0 0
5.417 0x2B main_weld 1 1 1 1 232 25.0 10.2 220 26.0 0 0 0
5.460 0x2B main_weld 1 1 1 1 232 25.0 10.2 220 26.0 0 0 0
5.501 0x2B main_weld 1 1 1 1 232 25.4 10.2 220 26.0 0 0 0
5.542 0x2B main_weld 1 1 1 1 234 25.4 10.2 220 26.0 0 0 0
5.582 0x2B main_weld 1 1 1 1 234 25.4 10.2 220 26.0 0 0 0
5.620 0x2B main_weld 1 1 1 1 234 25.4 10.2 220 26.0 0 0 0
5.659 0x2B main_weld 1 1 1 1 234 25.6 10.2 220 26.0 0 0 0
5.698 0x2B main_weld 1 1 1 1 232 25.6 10.2 220 26.0 0 0 0
5.744 0x2B main_weld 1 1 1 1 232 25.6 10.2 220 26.0 0 0 0
5.782 0x2B main_weld 1 1 1 1 232 25.6 10.2 220 26.0 0 0 0
5.821 0x2B main_weld 1 1 1 1 232 25.6 10.2 220 26.0 0 0 0
5.859 0x2B main_weld 1 1 1 1 232 25.5 10.2 220 26.0 0 0 0
5.898 0x2B main_weld 1 1 1 1 235 25.5 10.2 220 26.0 0 0 0
5.940 0x2B main_weld 1 1 1 1 235 25.5 10.2 220 26.0 0 0 0
5.980 0x2B main_weld 1 1 1 1 235 25.5 10.2 220 26.0 0 0 0
6.024 0x2B main_weld 1 1 1 1 235 24.9 10.2 220 26.0 0 0 0
6.061 0x2B main_weld 1 1 1 1 235 24.9 10.2 220 26.0 0 0 0
6.101 0x2B main_weld 1 1 1 1 235 24.9 10.2 220 26.0 0 0 0
6.140 0x2B main_weld 1 1 1 1 230 24.9 10.2 220 26.0 0 0 0
6.182 0x2B main_weld 1 1 1 1 230 24.9 10.2 220 26.0 0 0 0
6.222 0x2B main_weld 1 1 1 1 230 25.0 10.2 220 26.0 0 0 0
6.260 0x2B main_weld 1 1 1 1 230 25.0 10.2 220 26.0 0 0 0
6.306 0x2B main_weld 1 1 1 1 230 25.0 10.2 220 26.0 0 0 0
6.340 0x2B main_weld 1 1 1 1 231 25.0 10.2 220 26.0 0 0 0
6.382 0x2B main_weld 1 1 1 1 231 25.0 10.2 220 26.0 0 0 0
6.420 0x2B main_weld 1 1 1 1 231 25.0 10.2 220 26.0 0 0 0
6.458 0x2B main_weld 1 1 1 1 231 25.0 10.2 220 26.0 0 0 0
6.502 0x2B main_weld 1 1 1 1 232 25.0 10.2 220 26.0 0 0 0
6.540 0x2B main_weld 1 1 1 1 232 25.0 10.2 220 26.0 0 0 0
6.586 0x2B main_weld 1 1 1 1 232 25.2 10.2 220 26.0 0 0 0
6.618 0x2B main_weld 1 1 1 1 232 25.2 10.2 220 26.0 0 0 0
6.660 0x2B main_weld 1 1 1 1 232 25.2 10.2 220 26.0 0 0 0
6.702 0x2B main_weld 1 1 1 1 238 25.2 10.2 220 26.0 0 0 0
6.741 0x2B main_weld 1 1 1 1 238 25.3 10.2 220 26.0 0 0 0
6.783 0x2B main_weld 1 1 1 1 238 25.3 10.2 220 26.0 0 0 0
6.823 0x2B main_weld 1 1 1 1 238 25.3 10.2 220 26.0 0 0 0
6.868 0x2B main_weld 1 1 1 1 228 25.3 10.2 220 26.0 0 0 0
6.900 0x2B main_weld 1 1 1 1 228 25.3 10.2 220 26.0 0 0 0
6.939 0x2B main_weld 1 1 1 1 228 25.2 10.2 220 26.0 0 0 0
6.982 0x2B main_weld 1 1 1 1 228 25.2 10.2 220 26.0 0 0 0
7.022 0x2B main_weld 1 1 1 1 228 25.4 10.2 220 26.0 0 0 0
7.065 0x2B main_weld 1 1 1 1 231 25.4 10.2 220 26.0 0 0 0
7.108 0x2B main_weld 1 1 1 1 231 25.4 10.2 220 26.0 0 0 0
7.152 0x2B main_weld 1 1 1 1 231 25.4 10.2 220 26.0 0 0 0
7.182 0x2B main_weld 1 1 1 1 231 25.2 10.2 220 26.0 0 0 0
7.223 0x2B main_weld 1 1 1 1 231 25.2 10.2 220 26.0 0 0 0
7.264 0x2B main_weld 1 1 1 1 231 25.2 10.2 220 26.0 0 0 0
7.315 0x2B main_weld 1 1 1 1 231 25.2 10.2 220 26.0 0 0 0
7.338 0x2B main_weld 1 1 1 1 231 25.2 10.2 220 26.0 0 0 0
7.384 0x2B main_weld 1 1 1 1 231 24.9 10.2 220 26.0 0 0 0
7.424 0x2B main_weld 1 1 1 1 234 24.9 10.2 220 26.0 0 0 0
7.462 0x2B main_weld 1 1 1 1 234 24.9 10.2 220 26.0 0 0 0
7.500 0x2B main_weld 1 1 1 1 234 24.9 10.2 220 26.0 0 0 0
7.540 0x2B main_weld 1 1 1 1 234 24.9 10.2 220 26.0 0 0 0
7.581 0x2B main_weld 1 1 1 1 237 24.9 10.2 220 26.0 0 0 0
7.619 0x2B main_weld 1 1 1 1 237 24.9 10.2 220 26.0 0 0 0
7.658 0x2B main_weld 1 1 1 1 237 25.2 10.2 220 26.0 0 0 0
7.698 0x2B main_weld 1 1 1 1 237 25.2 10.2 220 26.0 0 0 0
7.740 0x2B main_weld 1 1 1 1 237 24.9 10.2 220 26.0 0 0 0
7.778 0x2B main_weld 1 1 1 1 237 24.9 10.2 220 26.0 0 0 0
7.820 0x2B main_weld 1 1 1 1 237 24.9 10.2 220 26.0 0 0 0
7.860 0x2B main_weld 1 1 1 1 231 24.9 10.2 220 26.0 0 0 0
7.900 0x2B main_weld 1 1 1 1 231 24.9 10.2 220 26.0 0 0 0
7.939 0x2B main_weld 1 1 1 1 231 25.0 10.2 220 26.0 0 0 0
7.982 0x2B main_weld 1 1 1 1 231 25.0 10.2 220 26.0 0 0 0
8.019 0x2B main_weld 1 1 1 1 231 25.0 10.2 220 26.0 0 0 0
8.060 0x2B main_weld 1 1 1 1 231 25.0 10.2 220 26.0 0 0 0
8.100 0x2B main_weld 1 1 1 1 231 25.1 10.2 220 26.0 0 0 0
8.141 0x2B main_weld 1 1 1 1 231 25.1 10.2 220 26.0 0 0 0
8.180 0x2B main_weld 1 1 1 1 231 25.2 10.2 220 26.0 0 0 0
8.221 0x2B main_weld 1 1 1 1 236 25.2 10.2 220 26.0 0 0 0
8.264 0x2B main_weld 1 1 1 1 236 25.2 10.2 220 26.0 0 0 0
8.301 0x2B main_weld 1 1 1 1 236 25.2 10.2 220 26.0 0 0 0
8.345 0x2B main_weld 1 1 1 1 236 25.2 10.2 220 26.0 0 0 0
8.379 0x2B main_weld 1 1 1 1 236 25.0 10.2 220 26.0 0 0 0
8.422 0x2B main_weld 1 1 1 1 232 25.0 10.2 220 26.0 0 0 0
8.460 0x2B main_weld 1 1 1 1 232 25.0 10.2 220 26.0 0 0 0
8.503 0x2B main_weld 1 1 1 1 232 25.0 10.2 220 26.0 0 0 0
8.540 0x2B main_weld 1 1 1 1 232 25.2 10.2 220 26.0 0 0 0
8.584 0x2B main_weld 1 1 1 1 237 25.2 10.2 220 26.0 0 0 0
8.621 0x2B main_weld 1 1 1 1 237 25.2 10.2 220 26.0 0 0 0
8.660 0x2B main_weld 1 1 1 1 237 25.2 10.2 220 26.0 0 0 0
8.699 0x2B main_weld 1 1 1 1 237 25.2 10.2 220 26.0 0 0 0
8.740 0x2B main_weld 1 1 1 1 237 25.0 10.2 220 26.0 0 0 0
8.781 0x2B main_weld 1 1 1 1 231 25.0 10.2 220 26.0 0 0 0
8.818 0x2B main_weld 1 1 1 1 231 25.0 10.2 220 26.0 0 0 0
8.858 0x2B main_weld 1 1 1 1 231 25.0 10.2 220 26.0 0 0 0
8.898 0x2B main_weld 1 1 1 1 231 25.2 10.2 220 26.0 0 0 0
8.942 0x2B main_weld 1 1 1 1 238 25.2 10.2 220 26.0 0 0 0
8.988 0x2B main_weld 1 1 1 1 238 25.2 10.2 220 26.0 0 0 0
9.022 0x2B main_weld 1 1 1 1 238 25.2 10.2 220 26.0 0 0 0
9.059 0x2B main_weld 1 1 1 1 238 25.2 10.2 220 26.0 0 0 0
9.104 0x2B main_weld 1 1 1 1 238 25.3 10.2 220 26.0 0 0 0
9.140 0x2B main_weld 1 1 1 1 229 25.3 10.2 220 26.0 0 0 0
9.181 0x2B main_weld 1 1 1 1 229 25.3 10.2 220 26.0 0 0 0
9.224 0x2B main_weld 1 1 1 1 235 25.3 10.2 220 26.0 0 0 0
9.265 0x2B main_weld 1 1 1 1 235 25.2 10.2 220 26.0 0 0 0
9.301 0x2B main_weld 1 1 1 1 235 25.2 10.2 220 26.0 0 0 0
9.340 0x2B main_weld 1 1 1 1 235 25.2 10.2 220 26.0 0 0 0
9.379 0x2B main_weld 1 1 1 1 230 25.2 10.2 220 26.0 0 0 0
9.419 0x2B main_weld 1 1 1 1 230 25.2 10.2 220 26.0 0 0 0
9.462 0x2B main_weld 1 1 1 1 230 24.9 10.2 220 26.0 0 0 0
9.511 0x2B main_weld 1 1 1 1 230 24.9 10.2 220 26.0 0 0 0
9.545 0x2B main_weld 1 1 1 1 230 24.9 10.2 220 26.0 0 0 0
9.585 0x2B main_weld 1 1 1 1 235 24.9 10.2 220 26.0 0 0 0
9.616 0x2B main_weld 1 1 1 1 235 24.9 10.2 220 26.0 0 0 0
9.661 0x2B main_weld 1 1 1 1 235 24.9 10.2 220 26.0 0 0 0
9.698 0x2B main_weld 1 1 1 1 235 24.9 10.2 220 26.0 0 0 0
9.742 0x2B main_weld 1 1 1 1 234 25.2 10.2 220 26.0 0 0 0
9.779 0x2B main_weld 1 1 1 1 234 25.2 10.2 220 26.0 0 0 0
9.829 0x2B main_weld 1 1 1 1 234 25.2 10.2 220 26.0 0 0 0
9.859 0x2B main_weld 1 1 1 1 234 25.2 10.2 220 26.0 0 0 0
9.899 0x2B main_weld 1 1 1 1 234 25.3 10.2 220 26.0 0 0 0
9.941 0x2B main_weld 1 1 1 1 234 25.3 10.2 220 26.0 0 0 0
9.981 0x2B main_weld 1 1 1 1 234 25.3 10.2 220 26.0 0 0 0
10.020 0x2B main_weld 1 1 1 1 234 25.3 10.2 220 26.0 0 0 0
10.059 0x2B main_weld 1 1 1 1 234 25.3 10.2 220 26.0 0 0 0
10.102 0x2B main_weld 1 1 1 1 237 25.2 10.2 220 26.0 0 0 0
10.138 0x2B main_weld 1 1 1 1 237 25.2 10.2 220 26.0 0 0 0
10.180 0x2B main_weld 1 1 1 1 237 25.2 10.2 220 26.0 0 0 0
10.219 0x2B main_weld 1 1 1 1 237 25.2 10.2 220 26.0 0 0 0
10.258 0x2B main_weld 1 1 1 1 237 25.4 10.2 220 26.0 0 0 0
10.299 0x2B main_weld 1 1 1 1 232 25.4 10.2 220 26.0 0 0 0
10.340 0x2B main_weld 1 1 1 1 232 25.4 10.2 220 26.0 0 0 0
10.378 0x2B main_weld 1 1 1 1 229 25.4 10.2 220 26.0 0 0 0
10.420 0x2B main_weld 1 1 1 1 229 25.4 10.2 220 26.0 0 0 0
10.460 0x2B main_weld 1 1 1 1 229 25.0 10.2 220 26.0 0 0 0
10.499 0x2B main_weld 1 1 1 1 229 25.0 10.2 220 26.0 0 0 0
10.540 0x2B main_weld 1 1 1 1 229 25.0 10.2 220 26.0 0 0 0
10.585 0x2B main_weld 1 1 1 1 229 25.0 10.2 220 26.0 0 0 0
10.617 0x2B main_weld 1 1 1 1 229 25.2 10.2 220 26.0 0 0 0
10.661 0x2B main_weld 1 1 1 1 232 25.2 10.2 220 26.0 0 0 0
10.705 0x2B main_weld 1 1 1 1 232 25.2 10.2 220 26.0 0 0 0
10.742 0x2B main_weld 1 1 1 1 235 25.2 10.2 220 26.0 0 0 0
10.781 0x2B main_weld 1 1 1 1 235 25.2 10.2 220 26.0 0 0 0
10.820 0x2B main_weld 1 1 1 1 235 24.9 10.2 220 26.0 0 0 0
10.859 0x2B main_weld 1 1 1 1 235 24.9 10.2 220 26.0 0 0 0
10.899 0x2B main_weld 1 1 1 1 235 24.9 10.2 220 26.0 0 0 0
10.942 0x28 idle 0 1 0 1 232 24.9 10.2 220 26.0 0 0 0
10.978 0x28 idle 0 1 0 1 232 25.2 10.2 220 26.0 0 0 0
11.018 0x28 idle 0 1 0 1 232 25.2 10.2 220 26.0 0 0 0
11.058 0x28 idle 0 1 0 1 232 22.6 10.2 220 26.0 0 0 0
11.100 0x28 idle 0 1 0 1 174 22.6 10.2 220 26.0 0 0 0
11.139 0x28 idle 0 1 0 1 174 22.6 10.2 220 26.0 0 0 0
11.180 0x28 idle 0 1 0 1 174 22.6 10.2 220 26.0 0 0 0
11.222 0x28 idle 0 1 0 1 174 22.6 10.2 220 26.0 0 0 0
11.261 0x28 idle 0 1 0 1 174 55.5 10.2 220 26.0 0 0 0
11.300 0x28 idle 0 1 0 1 4 55.5 10.2 220 26.0 0 0 0
11.339 0x28 idle 0 1 0 1 4 55.5 10.2 220 26.0 0 0 0
11.380 0x28 idle 0 1 0 1 4 55.5 10.2 220 26.0 0 0 0
11.419 0x28 idle 0 1 0 1 4 48.0 10.2 220 26.0 0 0 0
11.459 0x28 idle 0 1 0 1 0 48.0 10.2 220 26.0 0 0 0
11.508 0x28 idle 0 1 0 1 0 48.0 10.2 220 26.0 0 0 0
11.539 0x28 idle 0 1 0 1 0 48.0 10.2 220 26.0 0 0 0
11.583 0x28 idle 0 1 0 1 0 48.0 10.2 220 26.0 0 0 0
11.619 0x28 idle 0 1 0 1 0 3.2 10.2 220 26.0 0 0 0
11.659 0x28 idle 0 1 0 1 0 3.2 10.2 220 26.0 0 0 0
11.699 0x28 idle 0 1 0 1 0 3.0 10.2 220 26.0 0 0 0
11.738 0x28 idle 0 1 0 1 0 3.0 10.2 220 26.0 0 0 0
11.780 0x28 idle 0 1 0 1 0 3.0 10.2 220 26.0 0 0 0
11.819 0x08 idle 0 1 0 0 0 3.0 10.2 220 26.0 0 0 0
11.859 0x08 idle 0 1 0 0 0 3.0 0.0 220 26.0 0 0 0
11.899 0x08 idle 0 1 0 0 0 0.0 0.0 220 26.0 0 0 0
11.939 0x08 idle 0 1 0 0 0 0.0 0.0 220 26.0 0 0 0
11.981 0x08 idle 0 1 0 0 0 0.0 0.0 220 26.0 0 0 0
12.018 0x08 idle 0 1 0 0 0 0.0 0.0 220 26.0 0 0 0
12.062 0x08 idle 0 1 0 0 0 0.0 0.0 220 26.0 0 0 0
12.102 0x08 idle 0 1 0 0 0 0.0 0.0 220 26.0 0 0 0
12.138 0x08 idle 0 1 0 0 0 0.0 0.0 220 26.0 0 0 0
12.179 0x08 idle 0 1 0 0 0 0.0 0.0 220 26.0 0 0 0
12.219 0x08 idle 0 1 0 0 0 0.0 0.0 220 26.0 0 0 0
12.259 0x08 idle 0 1 0 0 0 0.0 0.0 220 26.0 0 0 0
12.298 0x08 idle 0 1 0 0 0 0.0 0.0 220 26.0 0 0 0
12.343 0x08 idle 0 1 0 0 0 0.0 0.0 220 26.0 0 0 0
12.379 0x08 idle 0 1 0 0 0 0.0 0.0 220 26.0 0 0 0
12.420 0x08 idle 0 1 0 0 0 0.0 0.0 220 26.0 0 0 0
12.458 0x08 idle 0 1 0 0 0 0.0 0.0 220 26.0 0 0 0
12.499 0x08 idle 0 1 0 0 0 0.0 0.0 220 26.0 0 0 0
12.540 0x08 idle 0 1 0 0 0 0.0 0.0 220 26.0 0 0 0
12.579 0x08 idle 0 1 0 0 0 0.0 0.0 220 26.0 0 0 0
12.626 0x08 idle 0 1 0 0 0 0.0 0.0 220 26.0 0 0 0
12.661 0x08 idle 0 1 0 0 0 0.0 0.0 220 26.0 0 0 0
12.702 0x08 idle 0 1 0 0 0 0.0 0.0 220 26.0 0 0 0
12.739 0x08 idle 0 1 0 0 0 0.0 0.0 220 26.0 0 0 0
12.783 0x08 idle 0 1 0 0 0 0.0 0.0 220 26.0 0 0 0
12.820 0x08 idle 0 1 0 0 0 0.0 0.0 220 26.0 0 0 0
12.859 0x08 idle 0 1 0 0 0 0.0 0.0 220 26.0 0 0 0
12.904 0x08 idle 0 1 0 0 0 0.0 0.0 220 26.0 0 0 0
12.940 0x08 idle 0 1 0 0 0 0.0 0.0 220 26.0 0 0 0
12.981 0x08 idle 0 1 0 0 0 0.0 0.0 220 26.0 0 0 0
13.018 0x08 idle 0 1 0 0 0 0.0 0.0 220 26.0 0 0 0
13.058 0x08 idle 0 1 0 0 0 0.0 0.0 220 26.0 0 0 0
13.099 0x08 idle 0 1 0 0 0 0.0 0.0 220 26.0 0 0 0
13.139 0x08 idle 0 1 0 0 0 0.0 0.0 220 26.0 0 0 0
13.188 0x08 idle 0 1 0 0 0 0.0 0.0 220 26.0 0 0 0
13.220 0x08 idle 0 1 0 0 0 0.0 0.0 220 26.0 0 0 0
13.259 0x08 idle 0 1 0 0 0 0.0 0.0 220 26.0 0 0 0
13.300 0x08 idle 0 1 0 0 0 0.0 0.0 220 26.0 0 0 0
13.338 0x08 idle 0 1 0 0 0 0.0 0.0 220 26.0 0 0 0
13.380 0x08 idle 0 1 0 0 0 0.0 0.0 220 26.0 0 0 0
13.419 0x08 idle 0 1 0 0 0 0.0 0.0 220 26.0 0 0 0
13.464 0x08 idle 0 1 0 0 0 0.0 0.0 220 26.0 0 0 0
13.502 0x08 idle 0 1 0 0 0 0.0 0.0 220 26.0 0 0 0
13.539 0x08 idle 0 1 0 0 0 0.0 0.0 220 26.0 0 0 0
13.578 0x08 idle 0 1 0 0 0 0.0 0.0 220 26.0 0 0 0
13.618 0x08 idle 0 1 0 0 0 0.0 0.0 220 26.0 0 0 0
13.658 0x08 idle 0 1 0 0 0 0.0 0.0 220 26.0 0 0 0
13.699 0x08 idle 0 1 0 0 0 0.0 0.0 220 26.0 0 0 0
13.738 0x08 idle 0 1 0 0 0 0.0 0.0 220 26.0 0 0 0
13.780 0x08 idle 0 1 0 0 0 0.0 0.0 220 26.0 0 0 0
13.820 0x08 idle 0 1 0 0 0 0.0 0.0 220 26.0 0 0 0
13.861 0x08 idle 0 1 0 0 0 0.0 0.0 220 26.0 0 0 0
13.900 0x08 idle 0 1 0 0 0 0.0 0.0 220 26.0 0 0 0
13.939 0x08 idle 0 1 0 0 0 0.0 0.0 220 26.0 0 0 0
13.980 0x08 idle 0 1 0 0 0 0.0 0.0 220 26.0 0 0 0
14.021 0x08 idle 0 1 0 0 0 0.0 0.0 220 26.0 0 0 0
14.059 0x08 idle 0 1 0 0 0 0.0 0.0 220 26.0 0 0 0
14.099 0x08 idle 0 1 0 0 0 0.0 0.0 220 26.0 0 0 0
14.137 0x08 idle 0 1 0 0 0 0.0 0.0 220 26.0 0 0 0

[tcp_trajectory]
elapsed_s x_m y_m z_m qx qy qz qw speed_m_s tf_stamp_s along_mm remaining_mm cross_track_mm progress waypoint phase
0.0011 0.1839026 -1.6566939 0.6851871 0.47392242 -0.52269058 0.69930298 0.11474950 0.000000 1789542191.305193901 -0.124 35.758 0.580 0.00000 -1 ACTUAL_TF
0.0271 0.1839640 -1.6567827 0.6850824 0.47390238 -0.52269390 0.69930714 0.11479177 0.002688 1789542191.361128092 -0.137 35.771 0.440 0.00000 -1 ACTUAL_TF
0.0840 0.1840214 -1.6568573 0.6850138 0.47388849 -0.52268917 0.69931534 0.11482065 0.002505 1789542191.417171955 -0.143 35.777 0.348 0.00000 -1 ACTUAL_TF
0.1420 0.1840693 -1.6568975 0.6849741 0.47388560 -0.52268435 0.69931893 0.11483263 0.002151 1789542191.473111153 -0.133 35.767 0.302 0.00000 -1 ACTUAL_TF
0.1998 0.1840851 -1.6569122 0.6849425 0.47388373 -0.52268671 0.69931724 0.11483991 0.001711 1789542191.529052973 -0.131 35.765 0.271 0.00000 -1 ACTUAL_TF
0.2572 0.1841067 -1.6569248 0.6849259 0.47388474 -0.52268451 0.69931783 0.11484219 0.001358 1789542191.585114241 -0.123 35.757 0.258 0.00000 -1 ACTUAL_TF
0.3135 0.1841169 -1.6569271 0.6849136 0.47388641 -0.52268505 0.69931625 0.11484247 0.001037 1789542191.641119957 -0.117 35.751 0.247 0.00000 -1 ACTUAL_TF
0.3710 0.1841204 -1.6569248 0.6848971 0.47388721 -0.52268802 0.69931335 0.11484333 0.000817 1789542191.697086334 -0.113 35.747 0.231 0.00000 -1 ACTUAL_TF
0.4269 0.1841286 -1.6569264 0.6848934 0.47388860 -0.52268680 0.69931345 0.11484247 0.000621 1789542191.753105402 -0.108 35.742 0.229 0.00000 -1 ACTUAL_TF
0.4827 0.1841350 -1.6569254 0.6848847 0.47388991 -0.52268761 0.69931200 0.11484221 0.000493 1789542191.809115887 -0.102 35.736 0.221 0.00000 -1 ACTUAL_TF
0.5372 0.1841372 -1.6569169 0.6848737 0.47389297 -0.52269011 0.69930852 0.11483949 0.000420 1789542191.865451097 -0.095 35.729 0.209 0.00000 -1 ACTUAL_TF
0.5938 0.1841416 -1.6569157 0.6848704 0.47389394 -0.52268922 0.69930873 0.11483819 0.000325 1789542191.921176434 -0.091 35.725 0.207 0.00000 -1 ACTUAL_TF
0.6521 0.1841432 -1.6569114 0.6848638 0.47389552 -0.52269146 0.69930610 0.11483753 0.000270 1789542191.977065325 -0.087 35.721 0.200 0.00000 -1 ACTUAL_TF
0.7132 0.1841477 -1.6569104 0.6848606 0.47389647 -0.52269053 0.69930636 0.11483625 0.000219 1789542192.033048630 -0.083 35.717 0.197 0.00000 -1 ACTUAL_TF
0.7600 0.1841508 -1.6569051 0.6848541 0.47389895 -0.52269184 0.69930405 0.11483411 0.000201 1789542192.089114904 -0.077 35.711 0.190 0.00000 -1 ACTUAL_TF
0.8182 0.1841515 -1.6569084 0.6848488 0.47390021 -0.52269255 0.69930265 0.11483421 0.000175 1789542192.145179272 -0.079 35.713 0.186 0.00000 -1 ACTUAL_TF
0.8829 0.1841679 -1.6569140 0.6848409 0.47390433 -0.52268910 0.69930294 0.11483110 0.000224 1789542192.201155663 -0.070 35.704 0.184 0.00000 -1 ACTUAL_TF
0.9412 0.1841669 -1.6569107 0.6848362 0.47390493 -0.52269033 0.69930172 0.11483050 0.000188 1789542192.257171154 -0.069 35.703 0.179 0.00000 -1 ACTUAL_TF
0.9869 0.1841700 -1.6569054 0.6848298 0.47390738 -0.52269160 0.69929946 0.11482838 0.000179 1789542192.313099384 -0.063 35.697 0.172 0.00000 -1 ACTUAL_TF
1.0423 0.1841763 -1.6568999 0.6848250 0.47390906 -0.52269189 0.69929840 0.11482658 0.000177 1789542192.369056463 -0.055 35.689 0.168 0.00000 -1 ACTUAL_TF
1.1012 0.1841753 -1.6568968 0.6848204 0.47390963 -0.52269308 0.69929721 0.11482601 0.000154 1789542192.425113440 -0.054 35.688 0.162 0.00000 -1 ACTUAL_TF
1.1493 0.1841787 -1.6568919 0.6848157 0.47391120 -0.52269343 0.69929620 0.11482411 0.000149 1789542192.481229305 -0.048 35.682 0.157 0.00000 -1 ACTUAL_TF
1.2078 0.1841786 -1.6568920 0.6848107 0.47391212 -0.52269438 0.69929490 0.11482388 0.000131 1789542192.537084341 -0.048 35.682 0.153 0.00000 -1 ACTUAL_TF
1.2651 0.1841820 -1.6568871 0.6848059 0.47391369 -0.52269473 0.69929389 0.11482198 0.000132 1789542192.593089342 -0.042 35.676 0.148 0.00000 -1 ACTUAL_TF
1.3173 0.1841864 -1.6568939 0.6848033 0.47390559 -0.52270465 0.69928932 0.11483811 0.000139 1789542192.649048328 -0.043 35.678 0.149 0.00000 -1 ACTUAL_TF
1.3728 0.1844384 -1.6567292 0.6846923 0.47397005 -0.52278904 0.69918538 0.11482079 0.001814 1789542192.705096483 0.254 35.380 0.113 0.00000 -1 ACTUAL_TF
1.4297 0.1848934 -1.6566870 0.6848909 0.47399065 -0.52283870 0.69914303 0.11476749 0.003940 1789542192.761085510 0.627 35.007 0.434 0.00000 -1 ACTUAL_TF
1.4859 0.1852385 -1.6567341 0.6851241 0.47400474 -0.52282778 0.69914553 0.11474383 0.005002 1789542192.817110777 0.858 34.776 0.779 0.00000 -1 ACTUAL_TF
1.5418 0.1854215 -1.6568180 0.6853209 0.47398845 -0.52284328 0.69914316 0.11475494 0.005011 1789542192.873058558 0.943 34.691 1.043 0.00000 -1 ACTUAL_TF
1.5988 0.1855557 -1.6568432 0.6854246 0.47399166 -0.52284357 0.69914203 0.11474726 0.004427 1789542192.929041624 1.029 34.605 1.191 0.00000 -1 ACTUAL_TF
1.6546 0.1856360 -1.6568722 0.6855040 0.47399123 -0.52284262 0.69914273 0.11474909 0.003722 1789542192.985124350 1.071 34.563 1.299 0.00000 -1 ACTUAL_TF
1.7125 0.1856620 -1.6568546 0.6855142 0.47399066 -0.52285080 0.69913643 0.11475253 0.002783 1789542193.041119576 1.102 34.532 1.308 0.00000 -1 ACTUAL_TF
1.7701 0.1857266 -1.6567582 0.6855282 0.47398110 -0.52284600 0.69914785 0.11474435 0.002575 1789542193.097092867 1.214 34.420 1.293 0.00000 -1 ACTUAL_TF
1.8222 0.1857787 -1.6564951 0.6854375 0.47391211 -0.52281430 0.69922164 0.11472406 0.003317 1789542193.153166771 1.425 34.209 1.109 0.00000 -1 ACTUAL_TF
1.8805 0.1857235 -1.6557807 0.6848669 0.47389962 -0.52282597 0.69922427 0.11470649 0.007236 1789542193.209083796 1.848 33.787 0.298 0.00000 -1 ACTUAL_TF
1.9374 0.1856536 -1.6550506 0.6842789 0.47389557 -0.52282220 0.69922973 0.11470710 0.010108 1789542193.265007496 2.269 33.365 0.546 0.00000 -1 ACTUAL_TF
1.9995 0.1856153 -1.6546332 0.6839370 0.47390859 -0.52282832 0.69921656 0.11470575 0.009967 1789542193.321133852 2.511 33.123 1.029 0.00000 -1 ACTUAL_TF
2.0462 0.1855752 -1.6543128 0.6836667 0.47391218 -0.52282507 0.69921508 0.11471472 0.009234 1789542193.377095222 2.688 32.946 1.411 0.00000 -1 ACTUAL_TF
2.1053 0.1855615 -1.6541622 0.6835581 0.47390538 -0.52281503 0.69922637 0.11471975 0.007460 1789542193.433134079 2.776 32.858 1.575 0.00000 -1 ACTUAL_TF
2.1608 0.1855480 -1.6540459 0.6834551 0.47391504 -0.52281092 0.69922140 0.11472884 0.006058 1789542193.489124298 2.841 32.793 1.716 0.00000 -1 ACTUAL_TF
2.2179 0.1855622 -1.6539901 0.6834262 0.47391596 -0.52280377 0.69922529 0.11473395 0.004586 1789542193.545094728 2.888 32.746 1.760 0.00000 -1 ACTUAL_TF
2.2717 0.1857052 -1.6538807 0.6833965 0.47393295 -0.52282210 0.69920035 0.11473222 0.004188 1789542193.601080179 3.068 32.566 1.775 0.00000 -1 ACTUAL_TF
2.3263 0.1860328 -1.6537470 0.6834553 0.47395934 -0.52283334 0.69917394 0.11473293 0.004853 1789542193.657096624 3.403 32.231 1.657 0.00000 -1 ACTUAL_TF
2.3873 0.1866774 -1.6538836 0.6840086 0.47399022 -0.52277793 0.69918491 0.11479097 0.008010 1789542193.713044167 3.805 31.829 0.897 0.00000 -1 ACTUAL_TF
2.4379 0.1874196 -1.6540817 0.6846258 0.47398554 -0.52275590 0.69920336 0.11479824 0.010885 1789542193.769056320 4.240 31.394 0.100 0.00000 -1 ACTUAL_TF
2.4963 0.1878622 -1.6541517 0.6849583 0.47400849 -0.52277540 0.69917154 0.11480849 0.010605 1789542193.825134277 4.531 31.103 0.479 0.00000 -1 ACTUAL_TF
2.5601 0.1882446 -1.6542682 0.6853144 0.47399628 -0.52276372 0.69918905 0.11480545 0.010294 1789542193.881078959 4.746 30.888 0.962 0.00000 -1 ACTUAL_TF
2.6061 0.1884585 -1.6543341 0.6855069 0.47399155 -0.52275913 0.69919563 0.11480579 0.008787 1789542193.937103271 4.866 30.768 1.231 0.00000 -1 ACTUAL_TF
2.6680 0.1885977 -1.6543614 0.6856183 0.47399100 -0.52276502 0.69919236 0.11480117 0.007117 1789542193.993066072 4.954 30.680 1.387 0.00000 -1 ACTUAL_TF
2.7268 0.1886737 -1.6543776 0.6856779 0.47399150 -0.52276447 0.69919333 0.11479570 0.005507 1789542194.049039125 5.001 30.633 1.473 0.00000 -1 ACTUAL_TF
2.7725 0.1887317 -1.6543514 0.6856944 0.47399462 -0.52276952 0.69918828 0.11479056 0.004207 1789542194.105109453 5.063 30.571 1.497 0.00000 -1 ACTUAL_TF
2.8296 0.1887992 -1.6542444 0.6857176 0.47397371 -0.52275671 0.69921296 0.11478494 0.003634 1789542194.161058903 5.184 30.450 1.485 0.00000 -1 ACTUAL_TF
2.8883 0.1888295 -1.6538996 0.6855328 0.47391618 -0.52274569 0.69926481 0.11475680 0.004644 1789542194.217105150 5.431 30.203 1.182 0.00000 -1 ACTUAL_TF
2.9476 0.1887466 -1.6531297 0.6849164 0.47389457 -0.52276323 0.69926806 0.11474637 0.008552 1789542194.273123503 5.869 29.766 0.294 0.00000 -1 ACTUAL_TF
2.9944 0.1886987 -1.6525480 0.6844515 0.47388390 -0.52276575 0.69927531 0.11473470 0.009990 1789542194.329035282 6.210 29.424 0.369 0.00000 -1 ACTUAL_TF
3.0537 0.1886357 -1.6520877 0.6841104 0.47387071 -0.52273652 0.69930128 0.11476410 0.010068 1789542194.385262728 6.461 29.173 0.887 0.00000 -1 ACTUAL_TF
3.1100 0.1886009 -1.6518020 0.6838464 0.47388067 -0.52275953 0.69927933 0.11475190 0.009146 1789542194.441102743 6.621 29.014 1.243 0.00000 -1 ACTUAL_TF
3.1698 0.1885756 -1.6516115 0.6836831 0.47388912 -0.52275496 0.69927528 0.11476255 0.007752 1789542194.497127533 6.725 28.909 1.473 0.00000 -1 ACTUAL_TF
3.2263 0.1885663 -1.6515187 0.6836025 0.47389385 -0.52275774 0.69927003 0.11476231 0.006086 1789542194.553183079 6.778 28.856 1.584 0.00000 -1 ACTUAL_TF
3.2807 0.1885784 -1.6514599 0.6835689 0.47389296 -0.52275786 0.69926960 0.11476804 0.004630 1789542194.609129667 6.826 28.808 1.634 0.00000 -1 ACTUAL_TF
3.3413 0.1887127 -1.6513519 0.6835374 0.47390469 -0.52278683 0.69923869 0.11477600 0.004179 1789542194.665132284 6.998 28.636 1.652 0.00000 -1 ACTUAL_TF
3.3978 0.1890554 -1.6512387 0.6836274 0.47392668 -0.52280157 0.69921015 0.11479195 0.004919 1789542194.721091270 7.331 28.303 1.493 0.00000 -1 ACTUAL_TF
3.4452 0.1897426 -1.6513828 0.6842085 0.47396391 -0.52273916 0.69922283 0.11484517 0.008295 1789542194.777446508 7.760 27.874 0.690 0.00000 -1 ACTUAL_TF
3.5064 0.1904031 -1.6515595 0.6847846 0.47396221 -0.52268750 0.69926348 0.11483984 0.010628 1789542194.833084822 8.148 27.486 0.125 0.00000 -1 ACTUAL_TF
3.5637 0.1909625 -1.6516038 0.6851481 0.47399741 -0.52271006 0.69922434 0.11483022 0.011017 1789542194.889144897 8.544 27.090 0.659 0.00000 -1 ACTUAL_TF
3.6156 0.1912562 -1.6517044 0.6854348 0.47397449 -0.52272271 0.69923249 0.11481756 0.009977 1789542194.945114374 8.702 26.932 1.049 0.00000 -1 ACTUAL_TF
3.6779 0.1914666 -1.6517849 0.6856350 0.47397703 -0.52272860 0.69922365 0.11483414 0.008598 1789542195.001152515 8.810 26.824 1.330 0.00000 -1 ACTUAL_TF
3.7264 0.1915976 -1.6518079 0.6857345 0.47398428 -0.52273614 0.69921370 0.11483044 0.006909 1789542195.057054996 8.894 26.740 1.473 0.00000 -1 ACTUAL_TF
3.7868 0.1916532 -1.6518271 0.6857812 0.47398031 -0.52273966 0.69921346 0.11483229 0.005238 1789542195.113181353 8.924 26.710 1.542 0.00000 -1 ACTUAL_TF
3.8435 0.1917036 -1.6517784 0.6857750 0.47398571 -0.52275128 0.69920248 0.11482394 0.004041 1789542195.169559002 8.994 26.640 1.535 0.00000 -1 ACTUAL_TF
3.9009 0.1917699 -1.6516930 0.6857968 0.47397376 -0.52273980 0.69922036 0.11481669 0.003425 1789542195.225075483 9.100 26.534 1.534 0.00000 -1 ACTUAL_TF
3.9568 0.1918098 -1.6513073 0.6856328 0.47387516 -0.52269641 0.69932283 0.11479708 0.004631 1789542195.281629562 9.382 26.252 1.229 0.00000 -1 ACTUAL_TF
4.0028 0.1917539 -1.6505807 0.6850217 0.47389097 -0.52274535 0.69928242 0.11475515 0.008387 1789542195.337080240 9.811 25.823 0.380 0.00000 -1 ACTUAL_TF
4.0605 0.1917058 -1.6499206 0.6844977 0.47387936 -0.52274042 0.69929553 0.11474568 0.010393 1789542195.393090725 10.203 25.431 0.368 0.00000 -1 ACTUAL_TF
4.1193 0.1916579 -1.6494987 0.6841477 0.47389921 -0.52273357 0.69928458 0.11476167 0.010224 1789542195.449060202 10.441 25.193 0.864 0.00000 -1 ACTUAL_TF
4.1758 0.1916191 -1.6491717 0.6838736 0.47389051 -0.52274909 0.69928146 0.11474585 0.009449 1789542195.505141735 10.624 25.010 1.251 0.00000 -1 ACTUAL_TF
4.2328 0.1915956 -1.6489894 0.6837128 0.47389743 -0.52275354 0.69927316 0.11474758 0.007923 1789542195.561132193 10.725 24.909 1.474 0.00000 -1 ACTUAL_TF
4.2948 0.1915908 -1.6489143 0.6836616 0.47389340 -0.52274291 0.69928290 0.11475329 0.006034 1789542195.617071152 10.770 24.864 1.553 0.00000 -1 ACTUAL_TF
4.3447 0.1916090 -1.6488508 0.6836316 0.47389073 -0.52274474 0.69928235 0.11475938 0.004612 1789542195.673210382 10.825 24.809 1.600 0.00000 -1 ACTUAL_TF
4.4032 0.1917195 -1.6487646 0.6836040 0.47389788 -0.52277256 0.69925447 0.11477295 0.003994 1789542195.729137421 10.965 24.669 1.615 0.00000 -1 ACTUAL_TF
4.4617 0.1921409 -1.6486388 0.6837484 0.47393138 -0.52278371 0.69922107 0.11478735 0.005277 1789542195.785116673 11.367 24.268 1.387 0.00000 -1 ACTUAL_TF
4.5081 0.1926638 -1.6487893 0.6842116 0.47395709 -0.52275495 0.69921401 0.11485518 0.007520 1789542195.841134787 11.666 23.968 0.739 0.00000 -1 ACTUAL_TF
4.5636 0.1934365 -1.6489908 0.6848756 0.47395610 -0.52271101 0.69924794 0.11485266 0.010833 1789542195.897075176 12.123 23.511 0.197 0.00000 -1 ACTUAL_TF
4.6199 0.1939786 -1.6490567 0.6852577 0.47399732 -0.52270555 0.69922614 0.11484010 0.011148 1789542195.953167439 12.492 23.142 0.751 0.00000 -1 ACTUAL_TF
4.6780 0.1942849 -1.6491287 0.6855121 0.47399076 -0.52271371 0.69922609 0.11483039 0.009978 1789542196.009008408 12.678 22.956 1.110 0.00000 -1 ACTUAL_TF
4.7385 0.1944917 -1.6491811 0.6856925 0.47399556 -0.52271658 0.69921982 0.11483572 0.008479 1789542196.065064669 12.801 22.833 1.360 0.00000 -1 ACTUAL_TF
4.7942 0.1945960 -1.6492184 0.6857912 0.47399273 -0.52271661 0.69922142 0.11483745 0.006729 1789542196.121176958 12.856 22.778 1.498 0.00000 -1 ACTUAL_TF
4.8520 0.1946686 -1.6492256 0.6858348 0.47399148 -0.52272492 0.69921702 0.11483160 0.005166 1789542196.177113533 12.907 22.727 1.566 0.00000 -1 ACTUAL_TF
4.9122 0.1947021 -1.6491860 0.6858253 0.47399213 -0.52274084 0.69920581 0.11482466 0.003899 1789542196.233142138 12.958 22.676 1.554 0.00000 -1 ACTUAL_TF
4.9621 0.1947748 -1.6490696 0.6858435 0.47396917 -0.52272635 0.69923307 0.11481941 0.003465 1789542196.289586544 13.089 22.545 1.536 0.00000 -1 ACTUAL_TF
5.0163 0.1947956 -1.6486670 0.6855940 0.47391073 -0.52271915 0.69928354 0.11478605 0.004984 1789542196.345163107 13.367 22.267 1.153 0.00000 -1 ACTUAL_TF
5.0738 0.1947201 -1.6478658 0.6849524 0.47389749 -0.52275537 0.69927096 0.11475245 0.009003 1789542196.401156425 13.830 21.804 0.235 0.00000 -1 ACTUAL_TF
5.1313 0.1946758 -1.6472658 0.6844933 0.47386594 -0.52273562 0.69930698 0.11475315 0.010355 1789542196.457183123 14.186 21.448 0.435 0.00000 -1 ACTUAL_TF
5.1876 0.1946259 -1.6468460 0.6841432 0.47387877 -0.52272995 0.69930073 0.11476410 0.010190 1789542196.513158798 14.421 21.213 0.930 0.00000 -1 ACTUAL_TF
5.2420 0.1946097 -1.6465713 0.6839286 0.47386324 -0.52272955 0.69931325 0.11475379 0.009006 1789542196.569045067 14.587 21.047 1.237 0.00000 -1 ACTUAL_TF
5.2972 0.1945905 -1.6464149 0.6838022 0.47386258 -0.52273419 0.69931082 0.11475013 0.007386 1789542196.625102997 14.674 20.960 1.419 0.00000 -1 ACTUAL_TF
5.3533 0.1945813 -1.6463276 0.6837304 0.47386324 -0.52272824 0.69931356 0.11475782 0.005776 1789542196.681255102 14.724 20.910 1.521 0.00000 -1 ACTUAL_TF
5.4090 0.1946020 -1.6462795 0.6837113 0.47386536 -0.52272971 0.69931007 0.11476368 0.004341 1789542196.737340689 14.771 20.863 1.551 0.00000 -1 ACTUAL_TF
5.4627 0.1947740 -1.6461365 0.6836680 0.47388823 -0.52275957 0.69927300 0.11475910 0.004263 1789542196.793158293 14.995 20.640 1.579 0.00000 -1 ACTUAL_TF
5.5193 0.1950967 -1.6460558 0.6837764 0.47390417 -0.52277505 0.69924582 0.11478838 0.004863 1789542196.849038601 15.292 20.342 1.398 0.00000 -1 ACTUAL_TF
5.5742 0.1958091 -1.6462529 0.6844164 0.47394172 -0.52270087 0.69926526 0.11485272 0.008636 1789542196.905088425 15.706 19.928 0.512 0.00000 -1 ACTUAL_TF
5.6300 0.1965288 -1.6464054 0.6849846 0.47395204 -0.52269611 0.69926364 0.11484166 0.011026 1789542196.961082935 16.154 19.480 0.304 0.00000 -1 ACTUAL_TF
5.6862 0.1969584 -1.6464794 0.6853135 0.47397387 -0.52270113 0.69924550 0.11483919 0.010645 1789542197.017067671 16.432 19.202 0.773 0.00000 -1 ACTUAL_TF
5.7461 0.1972579 -1.6465771 0.6855803 0.47397794 -0.52271711 0.69922687 0.11486307 0.009663 1789542197.073073864 16.596 19.038 1.152 0.00000 -1 ACTUAL_TF
5.8041 0.1974429 -1.6466041 0.6857165 0.47398874 -0.52271497 0.69922238 0.11485555 0.008001 1789542197.129135132 16.719 18.915 1.347 0.00000 -1 ACTUAL_TF
5.8556 0.1975840 -1.6466475 0.6858401 0.47397665 -0.52272400 0.69922706 0.11483586 0.006626 1789542197.185488701 16.798 18.836 1.523 0.00000 -1 ACTUAL_TF
5.9145 0.1976527 -1.6466574 0.6858923 0.47397728 -0.52272129 0.69922883 0.11483479 0.005106 1789542197.241172314 16.844 18.790 1.597 0.00000 -1 ACTUAL_TF
5.9633 0.1976991 -1.6466067 0.6858812 0.47398462 -0.52273304 0.69921584 0.11483013 0.003947 1789542197.297153234 16.912 18.722 1.583 0.00000 -1 ACTUAL_TF
6.0241 0.1977625 -1.6464836 0.6859095 0.47394423 -0.52270873 0.69926125 0.11483100 0.003520 1789542197.353147507 17.041 18.593 1.565 0.00000 -1 ACTUAL_TF
6.0848 0.1977839 -1.6460361 0.6856301 0.47387149 -0.52269755 0.69932464 0.11479599 0.005292 1789542197.409160614 17.348 18.286 1.138 0.00000 -1 ACTUAL_TF
6.1347 0.1977009 -1.6452458 0.6849900 0.47386446 -0.52272710 0.69931082 0.11477469 0.009179 1789542197.465082645 17.799 17.835 0.227 0.00000 -1 ACTUAL_TF
6.1919 0.1976634 -1.6446841 0.6845152 0.47387672 -0.52274727 0.69929093 0.11475338 0.010370 1789542197.521087170 18.135 17.499 0.434 0.00000 -1 ACTUAL_TF
6.2505 0.1975953 -1.6442019 0.6840988 0.47388834 -0.52275829 0.69927421 0.11475710 0.010689 1789542197.577123404 18.396 17.238 1.019 0.00000 -1 ACTUAL_TF
6.3093 0.1975713 -1.6439807 0.6839242 0.47387469 -0.52276100 0.69928187 0.11475448 0.009000 1789542197.633042097 18.522 17.112 1.272 0.00000 -1 ACTUAL_TF
6.3568 0.1975509 -1.6438160 0.6837907 0.47387847 -0.52275623 0.69928169 0.11476163 0.007429 1789542197.689636946 18.613 17.021 1.464 0.00000 -1 ACTUAL_TF
6.4148 0.1975521 -1.6437399 0.6837395 0.47387405 -0.52274971 0.69928972 0.11476070 0.005696 1789542197.745120525 18.664 16.970 1.541 0.00000 -1 ACTUAL_TF
6.4706 0.1975700 -1.6436804 0.6837068 0.47387436 -0.52275830 0.69928188 0.11476804 0.004364 1789542197.801097155 18.716 16.918 1.588 0.00000 -1 ACTUAL_TF
6.5291 0.1977494 -1.6435386 0.6836662 0.47389310 -0.52279255 0.69924276 0.11477305 0.004298 1789542197.857151031 18.944 16.690 1.610 0.00000 -1 ACTUAL_TF
6.5904 0.1981818 -1.6434609 0.6838423 0.47393014 -0.52277521 0.69922990 0.11477741 0.005545 1789542197.913118124 19.323 16.311 1.329 0.00000 -1 ACTUAL_TF
6.6379 0.1988553 -1.6436577 0.6844534 0.47395595 -0.52273211 0.69922984 0.11486747 0.008868 1789542197.969105721 19.707 15.927 0.482 0.00000 -1 ACTUAL_TF
6.6940 0.1994896 -1.6438146 0.6849908 0.47395662 -0.52270433 0.69925400 0.11484399 0.010739 1789542198.025116682 20.088 15.546 0.276 0.00000 -1 ACTUAL_TF
6.7526 0.1999998 -1.6439136 0.6853985 0.47397690 -0.52270549 0.69923881 0.11484751 0.011056 1789542198.081109047 20.411 15.223 0.851 0.00000 -1 ACTUAL_TF
6.8080 0.2002662 -1.6439771 0.6856071 0.47398200 -0.52270954 0.69923085 0.11485648 0.009582 1789542198.137140036 20.572 15.062 1.155 0.00000 -1 ACTUAL_TF
6.8679 0.2004535 -1.6440195 0.6857705 0.47397312 -0.52272062 0.69922932 0.11485206 0.008060 1789542198.193080902 20.687 14.947 1.379 0.00000 -1 ACTUAL_TF
6.9179 0.2005772 -1.6440575 0.6858739 0.47397804 -0.52271740 0.69922821 0.11485314 0.006528 1789542198.249158859 20.757 14.877 1.529 0.00000 -1 ACTUAL_TF
6.9792 0.2006311 -1.6440571 0.6859055 0.47398077 -0.52272154 0.69922366 0.11485077 0.004905 1789542198.305074215 20.798 14.836 1.576 0.00000 -1 ACTUAL_TF
7.0368 0.2006755 -1.6439954 0.6858905 0.47398934 -0.52273751 0.69920670 0.11484595 0.003848 1789542198.361160994 20.872 14.762 1.553 0.00000 -1 ACTUAL_TF
7.0958 0.2007389 -1.6438641 0.6858993 0.47395784 -0.52271577 0.69924536 0.11483950 0.003476 1789542198.417165279 21.006 14.628 1.517 0.00000 -1 ACTUAL_TF
7.1507 0.2007544 -1.6433091 0.6855188 0.47389625 -0.52272587 0.69928802 0.11478795 0.006040 1789542198.473141432 21.378 14.256 0.957 0.00000 -1 ACTUAL_TF
7.2049 0.2006997 -1.6426770 0.6850212 0.47389077 -0.52273395 0.69928723 0.11477862 0.008553 1789542198.529073000 21.747 13.887 0.243 0.00000 -1 ACTUAL_TF
7.2594 0.2006479 -1.6420349 0.6844997 0.47386614 -0.52274638 0.69929844 0.11475538 0.010421 1789542198.585154057 22.125 13.509 0.498 0.00000 -1 ACTUAL_TF
7.3175 0.2005923 -1.6415690 0.6840917 0.47388994 -0.52275634 0.69927439 0.11475831 0.010611 1789542198.641396523 22.385 13.249 1.062 0.00000 -1 ACTUAL_TF
7.3680 0.2005800 -1.6413573 0.6839388 0.47386994 -0.52275230 0.69929283 0.11474684 0.008836 1789542198.697084904 22.514 13.120 1.290 0.00000 -1 ACTUAL_TF
7.4268 0.2005665 -1.6412135 0.6838308 0.47386272 -0.52274348 0.69930334 0.11475283 0.007151 1789542198.753126860 22.597 13.037 1.450 0.00000 -1 ACTUAL_TF
7.4863 0.2005612 -1.6411359 0.6837733 0.47385997 -0.52273907 0.69930831 0.11475403 0.005520 1789542198.809550524 22.643 12.991 1.535 0.00000 -1 ACTUAL_TF
7.5370 0.2005969 -1.6410722 0.6837463 0.47386414 -0.52274819 0.69929757 0.11476066 0.004285 1789542198.865111589 22.712 12.922 1.572 0.00000 -1 ACTUAL_TF
7.5897 0.2007440 -1.6409548 0.6837116 0.47387688 -0.52278057 0.69926299 0.11477125 0.004023 1789542198.921206713 22.900 12.734 1.591 0.00000 -1 ACTUAL_TF
7.6485 0.2011969 -1.6408767 0.6839146 0.47391556 -0.52279084 0.69922422 0.11480101 0.005512 1789542198.977117300 23.295 12.340 1.282 0.00000 -1 ACTUAL_TF
7.7040 0.2018378 -1.6410247 0.6844402 0.47395989 -0.52273133 0.69923101 0.11484760 0.008372 1789542199.033077002 23.686 11.949 0.537 0.00000 -1 ACTUAL_TF
7.7596 0.2025514 -1.6412378 0.6850833 0.47396036 -0.52271788 0.69924130 0.11484423 0.011138 1789542199.089014530 24.090 11.544 0.362 0.00000 -1 ACTUAL_TF
7.8158 0.2029991 -1.6413373 0.6854459 0.47398217 -0.52272765 0.69921649 0.11486079 0.010923 1789542199.145113945 24.365 11.269 0.877 0.00000 -1 ACTUAL_TF
7.8742 0.2032796 -1.6413687 0.6856387 0.47399698 -0.52273107 0.69920662 0.11484423 0.009477 1789542199.201100111 24.558 11.076 1.159 0.00000 -1 ACTUAL_TF
7.9311 0.2034851 -1.6414080 0.6857936 0.47400741 -0.52272799 0.69920263 0.11483950 0.008027 1789542199.257177830 24.689 10.945 1.385 0.00000 -1 ACTUAL_TF
7.9819 0.2035653 -1.6414197 0.6858482 0.47401353 -0.52273720 0.69919115 0.11484216 0.006143 1789542199.313137293 24.742 10.892 1.466 0.00000 -1 ACTUAL_TF
8.0417 0.2036300 -1.6414244 0.6858925 0.47401344 -0.52273682 0.69919155 0.11484183 0.004721 1789542199.369134903 24.788 10.846 1.530 0.00000 -1 ACTUAL_TF
8.0979 0.2036734 -1.6413737 0.6858814 0.47402100 -0.52274843 0.69917854 0.11483702 0.003667 1789542199.425108910 24.854 10.780 1.515 0.00000 -1 ACTUAL_TF
8.1560 0.2037478 -1.6412211 0.6859191 0.47395619 -0.52270042 0.69925808 0.11483873 0.003497 1789542199.481212616 25.011 10.623 1.493 0.00000 -1 ACTUAL_TF
8.2115 0.2037560 -1.6407330 0.6855770 0.47390350 -0.52271110 0.69929328 0.11479323 0.005647 1789542199.537108898 25.334 10.300 0.993 0.00000 -1 ACTUAL_TF
8.2608 0.2036906 -1.6399603 0.6849695 0.47387684 -0.52273097 0.69930112 0.11476504 0.009227 1789542199.593139410 25.786 9.848 0.125 0.00000 -1 ACTUAL_TF
8.3205 0.2036274 -1.6393450 0.6844423 0.47386859 -0.52274952 0.69929522 0.11475058 0.010811 1789542199.649171591 26.138 9.496 0.616 0.00000 -1 ACTUAL_TF
8.3736 0.2035787 -1.6389768 0.6841192 0.47388244 -0.52277430 0.69926839 0.11474397 0.010205 1789542199.705158472 26.340 9.294 1.064 0.00000 -1 ACTUAL_TF
8.4375 0.2035627 -1.6387403 0.6839423 0.47387262 -0.52276453 0.69928201 0.11474605 0.008729 1789542199.761128902 26.482 9.152 1.324 0.00000 -1 ACTUAL_TF
8.4862 0.2035496 -1.6385981 0.6838281 0.47387247 -0.52276581 0.69928167 0.11474291 0.007202 1789542199.811386108 26.564 9.070 1.487 0.00000 -1 ACTUAL_TF
8.5341 0.2035446 -1.6385308 0.6837774 0.47387007 -0.52275964 0.69928705 0.11474816 0.005512 1789542199.865138531 26.604 9.030 1.561 0.00000 -1 ACTUAL_TF
8.5920 0.2035871 -1.6384684 0.6837524 0.47387633 -0.52276125 0.69928104 0.11475156 0.004285 1789542199.921156645 26.677 8.957 1.593 0.00000 -1 ACTUAL_TF
8.6521 0.2037212 -1.6383581 0.6837192 0.47388733 -0.52279334 0.69924754 0.11476408 0.003946 1789542199.977197170 26.850 8.784 1.614 0.00000 -1 ACTUAL_TF
8.7071 0.2041856 -1.6382643 0.6839075 0.47392528 -0.52279672 0.69921530 0.11478845 0.005496 1789542200.033141613 27.264 8.370 1.319 0.00000 -1 ACTUAL_TF
8.7579 0.2048072 -1.6383794 0.6843771 0.47397713 -0.52273990 0.69921752 0.11481958 0.008066 1789542200.089141369 27.661 7.973 0.641 0.00000 -1 ACTUAL_TF
8.8139 0.2055366 -1.6386193 0.6850914 0.47395906 -0.52271343 0.69924596 0.11484153 0.011262 1789542200.145161629 28.061 7.574 0.331 0.00000 -1 ACTUAL_TF
8.8720 0.2059722 -1.6387589 0.6855057 0.47396083 -0.52267713 0.69926847 0.11486235 0.011191 1789542200.201145649 28.301 7.333 0.899 0.00000 -1 ACTUAL_TF
8.9317 0.2062702 -1.6387943 0.6857210 0.47396793 -0.52269762 0.69924940 0.11485588 0.009813 1789542200.257122517 28.505 7.129 1.207 0.00000 -1 ACTUAL_TF
8.9855 0.2064629 -1.6388632 0.6858982 0.47396917 -0.52269067 0.69925193 0.11486701 0.008318 1789542200.313162804 28.606 7.028 1.458 0.00000 -1 ACTUAL_TF
9.0413 0.2065355 -1.6388614 0.6859360 0.47397370 -0.52271017 0.69923489 0.11486331 0.006262 1789542200.369056940 28.663 6.971 1.517 0.00000 -1 ACTUAL_TF
9.1017 0.2066097 -1.6388645 0.6859828 0.47395932 -0.52272833 0.69923509 0.11483876 0.004853 1789542200.425174713 28.717 6.917 1.586 0.00000 -1 ACTUAL_TF
9.1491 0.2066529 -1.6388179 0.6859730 0.47396721 -0.52273787 0.69922304 0.11483614 0.003741 1789542200.481151819 28.780 6.854 1.574 0.00000 -1 ACTUAL_TF
9.2091 0.2067366 -1.6386718 0.6860007 0.47391965 -0.52270003 0.69928397 0.11483372 0.003532 1789542200.537234306 28.939 6.695 1.553 0.00000 -1 ACTUAL_TF
9.2701 0.2067468 -1.6381726 0.6856248 0.47389458 -0.52273154 0.69928629 0.11477954 0.005822 1789542200.593203068 29.271 6.363 1.024 0.00000 -1 ACTUAL_TF
9.3175 0.2066811 -1.6373706 0.6849559 0.47390595 -0.52276256 0.69925997 0.11475168 0.009660 1789542200.649418592 29.742 5.892 0.090 0.00000 -1 ACTUAL_TF
9.3754 0.2066328 -1.6368582 0.6845377 0.47388184 -0.52276873 0.69927342 0.11474120 0.010336 1789542200.705076933 30.038 5.596 0.504 0.00000 -1 ACTUAL_TF
9.4397 0.2065788 -1.6364032 0.6841403 0.47390195 -0.52277932 0.69925095 0.11474680 0.010478 1789542200.761200905 30.293 5.341 1.055 0.00000 -1 ACTUAL_TF
9.4896 0.2065624 -1.6361527 0.6839606 0.47387935 -0.52276651 0.69927618 0.11474479 0.008987 1789542200.817232847 30.443 5.191 1.324 0.00000 -1 ACTUAL_TF
9.5430 0.2065608 -1.6360243 0.6838651 0.47387649 -0.52275610 0.69928563 0.11474640 0.007147 1789542200.873284101 30.525 5.109 1.461 0.00000 -1 ACTUAL_TF
9.6029 0.2065539 -1.6359379 0.6838022 0.47387528 -0.52275028 0.69929026 0.11474969 0.005579 1789542200.929066420 30.576 5.058 1.555 0.00000 -1 ACTUAL_TF
9.6626 0.2065824 -1.6358948 0.6837876 0.47387601 -0.52275167 0.69928744 0.11475757 0.004193 1789542200.985136271 30.626 5.008 1.576 0.00000 -1 ACTUAL_TF
9.7133 0.2067782 -1.6357433 0.6837472 0.47389993 -0.52278149 0.69924878 0.11475851 0.004279 1789542201.041108847 30.873 4.761 1.596 0.00000 -1 ACTUAL_TF
9.7729 0.2071469 -1.6356791 0.6839158 0.47392341 -0.52278779 0.69922288 0.11479062 0.005194 1789542201.097114563 31.195 4.439 1.342 0.00000 -1 ACTUAL_TF
9.8343 0.2078692 -1.6358447 0.6845001 0.47397915 -0.52274186 0.69920971 0.11484987 0.008613 1789542201.154000521 31.636 3.998 0.510 0.00000 -1 ACTUAL_TF
9.8817 0.2086291 -1.6360376 0.6851753 0.47398276 -0.52271058 0.69923335 0.11483345 0.011659 1789542201.209128380 32.089 3.545 0.424 0.00000 -1 ACTUAL_TF
9.9385 0.2090113 -1.6361624 0.6855222 0.47398177 -0.52270524 0.69923418 0.11485675 0.011010 1789542201.265065432 32.298 3.336 0.911 0.00000 -1 ACTUAL_TF
9.9889 0.2092931 -1.6362139 0.6857390 0.47399323 -0.52271804 0.69921599 0.11486196 0.009628 1789542201.321144581 32.479 3.155 1.222 0.00000 -1 ACTUAL_TF
10.0474 0.2094453 -1.6362564 0.6858683 0.47399295 -0.52271837 0.69921646 0.11485875 0.007834 1789542201.377131939 32.567 3.067 1.406 0.00000 -1 ACTUAL_TF
10.1021 0.2095447 -1.6362711 0.6859484 0.47399575 -0.52272357 0.69921049 0.11485982 0.006173 1789542201.433077335 32.633 3.001 1.516 0.00000 -1 ACTUAL_TF
10.1621 0.2095988 -1.6362819 0.6859940 0.47399563 -0.52272135 0.69921209 0.11486077 0.004704 1789542201.489128351 32.667 2.967 1.579 0.00000 -1 ACTUAL_TF
10.2179 0.2096380 -1.6362229 0.6859755 0.47400368 -0.52273797 0.69919419 0.11486081 0.003685 1789542201.545081139 32.735 2.899 1.552 0.00000 -1 ACTUAL_TF
10.2740 0.2097042 -1.6360966 0.6860028 0.47395822 -0.52270389 0.69925034 0.11486166 0.003358 1789542201.601072788 32.868 2.766 1.533 0.00000 -1 ACTUAL_TF
10.3295 0.2097050 -1.6355263 0.6856039 0.47389647 -0.52271878 0.69928926 0.11481177 0.006076 1789542201.657111645 33.240 2.394 0.946 0.00000 -1 ACTUAL_TF
10.3877 0.2096426 -1.6347394 0.6849779 0.47386696 -0.52274218 0.69929801 0.11477373 0.009620 1789542201.713427305 33.704 1.931 0.066 0.00000 -1 ACTUAL_TF
10.4478 0.2096183 -1.6342076 0.6845647 0.47385269 -0.52273951 0.69931306 0.11475310 0.010363 1789542201.769133806 34.031 1.604 0.540 0.00000 -1 ACTUAL_TF
10.4920 0.2095822 -1.6338031 0.6842508 0.47383591 -0.52273197 0.69933047 0.11475067 0.010008 1789542201.825046539 34.266 1.368 0.996 0.00000 -1 ACTUAL_TF
10.5673 0.2095512 -1.6335689 0.6840459 0.47385519 -0.52273438 0.69931411 0.11475979 0.008678 1789542201.881159544 34.394 1.240 1.280 0.00000 -1 ACTUAL_TF
10.6068 0.2095447 -1.6334192 0.6839281 0.47385146 -0.52273736 0.69931545 0.11475344 0.007095 1789542201.937157154 34.487 1.147 1.447 0.00000 -1 ACTUAL_TF
10.6655 0.2095404 -1.6333478 0.6838707 0.47385397 -0.52273771 0.69931303 0.11475621 0.005459 1789542201.993136168 34.530 1.104 1.528 0.00000 -1 ACTUAL_TF
10.7177 0.2096556 -1.6332531 0.6838458 0.47386241 -0.52275916 0.69928936 0.11476784 0.004629 1789542202.049302340 34.679 0.955 1.543 0.00000 -1 ACTUAL_TF
10.7756 0.2099632 -1.6330700 0.6838443 0.47390507 -0.52277490 0.69925102 0.11475363 0.005165 1789542202.105086803 35.031 0.603 1.501 0.00000 -1 ACTUAL_TF
10.8309 0.2103932 -1.6330932 0.6841350 0.47393446 -0.52273886 0.69925426 0.11477673 0.006398 1789542202.161103249 35.343 0.291 1.086 0.00000 -1 ACTUAL_TF
