WELD FEEDBACK LOG
result=failed: ARC OFF while waiting for ARC/Torch recognition
started=2026-09-16 18:52:11
ended=2026-09-16 18:52:11
elapsed_seconds=0.060

================ OPERATOR OVERVIEW ================
REQUESTED : 220 A / 26.0 V · FE-SOLID 1.2 mm · LSM · CO2 100%
RX ECHO   : 220 A / 26.0 V · MATCH=YES
CURRENT FB: no positive feedback A
VOLTAGE FB: no positive feedback V
WIRE FEED : no positive feedback m/min
ARC ON    : 0.000 s
NET WELD  : 0.000 s
WIRE USED : 0.000 mm (base 0.000 + alpha 0.000)
WCR       : NOT DETECTED
SAMPLES   : RX 1 / welding 0 / TCP 2
===================================================

[commanded]
current_a=220
voltage_tenths=260
voltage=26.0
material=FE-SOLID
diameter_mm=1.2
mode=LSM
gas=CO2 100%
synergic=False
correction=0.0
hot_start_enabled=True
hot_start_percent=10.0
hot_start_hold_adjustment=1
crater_enabled=False
crater_percent=27.27272727272727
crater_current_a=60.0
crater_voltage_v=25.0
crater_seconds=1.0
wire_consumable_alpha_mm=0.0
hot_start_current_a=242

[rx_setting_echo]
current_a=220
voltage_v=26.0
hot_start_current_a=0
hot_start_hold_adjustment=-15

[rx_welding_setting_echo]

[execution_conditions]
mode=sequence_execute
run_all=True
touch_io_backend=fastech_ethernet
touch_input_port=4
touch_sensing_output_port=0
fastech_ip=192.168.0.3
fastech_poll_target_hz=100.0
hicomm_source_ip=192.168.1.2
hicomm_welder_ip=192.168.1.10
hicomm_port=60000
gui_velocity_percent=36.95263157894737
gui_speed_mode=scale
gui_tcp_speed_mm_s=10.0
gui_interpolation_step_mm=5.0
seam_orientation_mode=Wait poses + fixed World-XYZ tilt
weld_fixed_tilt_x_deg=0.0
weld_fixed_tilt_y_deg=0.0
weld_fixed_tilt_z_deg=-0.0
weld_weave_enabled=False
weld_weave_pattern=circle
weld_weave_pitch_mm=8.0
weld_weave_left_dwell_s=0.2
weld_weave_right_dwell_s=0.2
weld_weave_amplitude_mm=2.7
weld_weave_cycles=0
weld_weave_samples_per_cycle=12
weld_weave_axis=tool_y
weld_lead_in_mm=0.0
weld_lead_out_mm=0.0
weld_safe_approach_mm=30.0
weld_approach_mode=taught_wait
weld_pre_start_lead_mm=0.0
weld_tcp_speed_mm_s=7.0
weld_arc_off_delay_ms=0.0
tcp_tracking.parent_frame=World
tcp_tracking.child_frame=right_manipulator_ee_point
tcp_tracking.timestamp_source=TF_header_stamp
initial_fastech_di0=False
initial_fastech_do0=True
robot_connected.left=True
robot_connected.right=True
robot_connected.head=True
hicomm_connected=True
execution_allowed=True
steps[0].sequence_number=1
steps[0].type=named_pose
steps[0].parallel_slot=1
steps[0].duration=0.0
steps[0].planning_group=right_manipulator
steps[0].velocity_scale=0.3695263157894737
steps[0].tcp_speed_m_s=0.0
steps[0].pose_name=weld_start_wait
steps[0].pose_label=3 · Weld start wait pose
steps[0].touch_guard=False
steps[0].continue_after_touch=False
steps[0].weld_scenario_id=weld-14490225398521
steps[0].weld_scenario_stage=start_wait
steps[0].target_tcp.position_m.x=0.032073581832525566
steps[0].target_tcp.position_m.y=-1.729121002241439
steps[0].target_tcp.position_m.z=0.6817535179513674
steps[0].target_tcp.orientation_xyzw.x=-0.42172560337350007
steps[0].target_tcp.orientation_xyzw.y=0.6844089359091741
steps[0].target_tcp.orientation_xyzw.z=-0.5093207867135461
steps[0].target_tcp.orientation_xyzw.w=-0.30712254903934333
steps[0].joint_names[0]=right_manipulator_joint1
steps[0].joint_names[1]=right_manipulator_joint2
steps[0].joint_names[2]=right_manipulator_joint3
steps[0].joint_names[3]=right_manipulator_joint4
steps[0].joint_names[4]=right_manipulator_joint5
steps[0].joint_names[5]=right_manipulator_joint6
steps[0].joint_positions_rad[0]=5.111201082049582
steps[0].joint_positions_rad[1]=1.2632370404074063
steps[0].joint_positions_rad[2]=1.842102134421193
steps[0].joint_positions_rad[3]=3.5352637890863963
steps[0].joint_positions_rad[4]=1.2404057603821568
steps[0].joint_positions_rad[5]=1.5085866147853542
steps[1].sequence_number=2
steps[1].type=motion
steps[1].parallel_slot=2
steps[1].duration=0.0
steps[1].planning_group=right_manipulator
steps[1].velocity_scale=0.3695263157894737
steps[1].tcp_speed_m_s=0.0
steps[1].interpolation_step=0.005
steps[1].path_kind=taught_wait_align_weld_attitude
steps[1].touch_guard=False
steps[1].continue_after_touch=False
steps[1].accept_initial_touch=False
steps[1].weld_scenario_id=weld-14490225398521
steps[1].weld_scenario_stage=start_safe
steps[1].waypoint_count=1
steps[1].waypoints[0].position_m.x=0.032073581832525566
steps[1].waypoints[0].position_m.y=-1.729121002241439
steps[1].waypoints[0].position_m.z=0.6817535179513674
steps[1].waypoints[0].orientation_xyzw.x=-0.42173564361378546
steps[1].waypoints[0].orientation_xyzw.y=0.6844026080525742
steps[1].waypoints[0].orientation_xyzw.z=-0.5093132989684371
steps[1].waypoints[0].orientation_xyzw.w=-0.30713528043907307
steps[2].sequence_number=3
steps[2].type=motion
steps[2].parallel_slot=3
steps[2].duration=0.0
steps[2].planning_group=right_manipulator
steps[2].velocity_scale=0.3695263157894737
steps[2].tcp_speed_m_s=0.0
steps[2].interpolation_step=0.005
steps[2].path_kind=taught_wait_to_weld_start
steps[2].touch_guard=False
steps[2].continue_after_touch=True
steps[2].accept_initial_touch=False
steps[2].weld_scenario_id=weld-14490225398521
steps[2].weld_scenario_stage=start_contact
steps[2].waypoint_count=1
steps[2].waypoints[0].position_m.x=0.03207818248865679
steps[2].waypoints[0].position_m.y=-1.7291552271648472
steps[2].waypoints[0].position_m.z=0.6793700790402557
steps[2].waypoints[0].orientation_xyzw.x=-0.42173564361378546
steps[2].waypoints[0].orientation_xyzw.y=0.6844026080525742
steps[2].waypoints[0].orientation_xyzw.z=-0.5093132989684371
steps[2].waypoints[0].orientation_xyzw.w=-0.30713528043907307
steps[3].sequence_number=4
steps[3].type=digital_output
steps[3].parallel_slot=4
steps[3].duration=0.0
steps[3].port=0
steps[3].value=False
steps[3].weld_scenario_id=weld-14490225398521
steps[3].weld_scenario_stage=touch_output_off
steps[4].sequence_number=5
steps[4].type=digital_weld
steps[4].parallel_slot=5
steps[4].duration=0.0
steps[4].command=on
steps[4].weld_scenario_id=weld-14490225398521
steps[4].weld_scenario_stage=arc_on
steps[4].settings.current_a=220
steps[4].settings.voltage_tenths=260
steps[4].settings.voltage=26.0
steps[4].settings.material=FE-SOLID
steps[4].settings.diameter_mm=1.2
steps[4].settings.mode=LSM
steps[4].settings.gas=CO2 100%
steps[4].settings.synergic=False
steps[4].settings.correction=0.0
steps[4].settings.hot_start_enabled=True
steps[4].settings.hot_start_percent=10.0
steps[4].settings.hot_start_hold_adjustment=1
steps[4].settings.crater_enabled=False
steps[4].settings.crater_percent=27.27272727272727
steps[4].settings.crater_current_a=60.0
steps[4].settings.crater_voltage_v=25.0
steps[4].settings.crater_seconds=1.0
steps[4].settings.wire_consumable_alpha_mm=0.0
steps[4].settings.hot_start_current_a=242
steps[5].sequence_number=6
steps[5].type=motion
steps[5].parallel_slot=5
steps[5].duration=0.0
steps[5].planning_group=right_manipulator
steps[5].velocity_scale=0.3695263157894737
steps[5].tcp_speed_m_s=0.007
steps[5].interpolation_step=0.005
steps[5].path_kind=continuous_taught_start_to_taught_goal_weld_fastech_di0_ignored
steps[5].touch_guard=False
steps[5].weld_scenario_id=weld-14490225398521
steps[5].weld_scenario_stage=weld_motion
steps[5].lead_in_mm=0.0
steps[5].lead_out_mm=0.0
steps[5].linear_motion_profile=True
steps[5].weld_weave_amplitude_mm=2.7
steps[5].weld_weave_pitch_mm=8.0
steps[5].weld_weave_cycles=0
steps[5].weld_weave_actual_pitch_mm=0.0
steps[5].weld_weave_left_dwell_s=0.2
steps[5].weld_weave_right_dwell_s=0.2
steps[5].weld_weave_axis=tool_y
steps[5].waypoint_count=2
steps[5].waypoints[0].position_m.x=0.03207818248865679
steps[5].waypoints[0].position_m.y=-1.7291552271648472
steps[5].waypoints[0].position_m.z=0.6793700790402557
steps[5].waypoints[0].orientation_xyzw.x=-0.42173564361378546
steps[5].waypoints[0].orientation_xyzw.y=0.6844026080525742
steps[5].waypoints[0].orientation_xyzw.z=-0.5093132989684371
steps[5].waypoints[0].orientation_xyzw.w=-0.30713528043907307
steps[5].waypoints[1].position_m.x=0.0299674282215604
steps[5].waypoints[1].position_m.y=-1.5758438540703708
steps[5].waypoints[1].position_m.z=0.6817481624239208
steps[5].waypoints[1].orientation_xyzw.x=-0.4217254450609645
steps[5].waypoints[1].orientation_xyzw.y=0.6844098294169885
steps[5].waypoints[1].orientation_xyzw.z=-0.5093177523988244
steps[5].waypoints[1].orientation_xyzw.w=-0.307125807246721
steps[5].lead_start.position_m.x=0.03207818248865679
steps[5].lead_start.position_m.y=-1.7291552271648472
steps[5].lead_start.position_m.z=0.6793700790402557
steps[5].lead_start.orientation_xyzw.x=-0.42173564361378546
steps[5].lead_start.orientation_xyzw.y=0.6844026080525742
steps[5].lead_start.orientation_xyzw.z=-0.5093132989684371
steps[5].lead_start.orientation_xyzw.w=-0.30713528043907307
steps[5].usable_seam_start.position_m.x=0.03207818248865679
steps[5].usable_seam_start.position_m.y=-1.7291552271648472
steps[5].usable_seam_start.position_m.z=0.6793700790402557
steps[5].usable_seam_start.orientation_xyzw.x=-0.42173564361378546
steps[5].usable_seam_start.orientation_xyzw.y=0.6844026080525742
steps[5].usable_seam_start.orientation_xyzw.z=-0.5093132989684371
steps[5].usable_seam_start.orientation_xyzw.w=-0.30713528043907307
steps[5].usable_seam_goal.position_m.x=0.0299674282215604
steps[5].usable_seam_goal.position_m.y=-1.5758438540703708
steps[5].usable_seam_goal.position_m.z=0.6817481624239208
steps[5].usable_seam_goal.orientation_xyzw.x=-0.4217254450609645
steps[5].usable_seam_goal.orientation_xyzw.y=0.6844098294169885
steps[5].usable_seam_goal.orientation_xyzw.z=-0.5093177523988244
steps[5].usable_seam_goal.orientation_xyzw.w=-0.307125807246721
steps[5].lead_end.position_m.x=0.0299674282215604
steps[5].lead_end.position_m.y=-1.5758438540703708
steps[5].lead_end.position_m.z=0.6817481624239208
steps[5].lead_end.orientation_xyzw.x=-0.4217254450609645
steps[5].lead_end.orientation_xyzw.y=0.6844098294169885
steps[5].lead_end.orientation_xyzw.z=-0.5093177523988244
steps[5].lead_end.orientation_xyzw.w=-0.307125807246721
steps[6].sequence_number=7
steps[6].type=digital_weld
steps[6].parallel_slot=5
steps[6].duration=0.0
steps[6].velocity_scale=0.3695263157894737
steps[6].tcp_speed_m_s=0.007
steps[6].command=off
steps[6].weld_scenario_id=weld-14490225398521
steps[6].weld_scenario_stage=arc_off
steps[6].path_to_seam_speed_factor=1.0000000000000002
steps[6].trigger_before_goal=True
steps[6].arc_off_delay_s=0.0
steps[6].settings.current_a=220
steps[6].settings.voltage_tenths=260
steps[6].settings.voltage=26.0
steps[6].settings.material=FE-SOLID
steps[6].settings.diameter_mm=1.2
steps[6].settings.mode=LSM
steps[6].settings.gas=CO2 100%
steps[6].settings.synergic=False
steps[6].settings.correction=0.0
steps[6].settings.hot_start_enabled=True
steps[6].settings.hot_start_percent=10.0
steps[6].settings.hot_start_hold_adjustment=1
steps[6].settings.crater_enabled=False
steps[6].settings.crater_percent=27.27272727272727
steps[6].settings.crater_current_a=60.0
steps[6].settings.crater_voltage_v=25.0
steps[6].settings.crater_seconds=1.0
steps[6].settings.wire_consumable_alpha_mm=0.0
steps[6].settings.hot_start_current_a=242
steps[7].sequence_number=8
steps[7].type=motion
steps[7].parallel_slot=6
steps[7].duration=0.0
steps[7].planning_group=right_manipulator
steps[7].velocity_scale=0.3695263157894737
steps[7].tcp_speed_m_s=0.0
steps[7].interpolation_step=0.005
steps[7].path_kind=weld_end_to_taught_wait_fixed_attitude
steps[7].pose_name=weld_goal_wait
steps[7].pose_label=5 · Weld goal wait pose
steps[7].touch_guard=False
steps[7].continue_after_touch=False
steps[7].weld_scenario_id=weld-14490225398521
steps[7].weld_scenario_stage=goal_wait
steps[7].waypoint_count=1
steps[7].waypoints[0].position_m.x=0.030039958564281655
steps[7].waypoints[0].position_m.y=-1.5759794251007748
steps[7].waypoints[0].position_m.z=0.6831899620939363
steps[7].waypoints[0].orientation_xyzw.x=-0.4217254450609645
steps[7].waypoints[0].orientation_xyzw.y=0.6844098294169885
steps[7].waypoints[0].orientation_xyzw.z=-0.5093177523988244
steps[7].waypoints[0].orientation_xyzw.w=-0.307125807246721
steps[8].sequence_number=9
steps[8].type=named_pose
steps[8].parallel_slot=7
steps[8].duration=0.0
steps[8].planning_group=right_manipulator
steps[8].velocity_scale=0.3695263157894737
steps[8].tcp_speed_m_s=0.0
steps[8].pose_name=weld_finish
steps[8].pose_label=7 · Weld end pose
steps[8].touch_guard=False
steps[8].continue_after_touch=False
steps[8].weld_scenario_id=weld-14490225398521
steps[8].weld_scenario_stage=finish
steps[8].target_tcp.position_m.x=0.029973365338979374
steps[8].target_tcp.position_m.y=-1.5758159150432376
steps[8].target_tcp.position_m.z=0.7415710857152424
steps[8].target_tcp.orientation_xyzw.x=-0.4217284788299951
steps[8].target_tcp.orientation_xyzw.y=0.6844299122012442
steps[8].target_tcp.orientation_xyzw.z=-0.5093059832229276
steps[8].target_tcp.orientation_xyzw.w=-0.30709640323726134
steps[8].joint_names[0]=right_manipulator_joint1
steps[8].joint_names[1]=right_manipulator_joint2
steps[8].joint_names[2]=right_manipulator_joint3
steps[8].joint_names[3]=right_manipulator_joint4
steps[8].joint_names[4]=right_manipulator_joint5
steps[8].joint_names[5]=right_manipulator_joint6
steps[8].joint_positions_rad[0]=5.189821325854247
steps[8].joint_positions_rad[1]=1.1966948979365228
steps[8].joint_positions_rad[2]=2.0505032781514907
steps[8].joint_positions_rad[3]=3.597374830977551
steps[8].joint_positions_rad[4]=1.36841339449596
steps[8].joint_positions_rad[5]=1.5717037989363412
steps[9].sequence_number=10
steps[9].type=digital_output
steps[9].parallel_slot=8
steps[9].duration=0.0
steps[9].port=0
steps[9].value=True
steps[9].weld_scenario_id=weld-14490225398521
steps[9].weld_scenario_stage=touch_output_on
hicomm_cyclic_period_ms=40.0
arc_wait_recognition=True
arc_wait_main_welding=True
arc_wait_established=True
arc_establishment_timeout_s=5.0

[summary]
rx_samples=1
welding_samples=0
wcr_seen=0
current_a.min=None
current_a.average=None
current_a.max=None
voltage_v.min=None
voltage_v.average=None
voltage_v.max=None
wire_feed_m_min.min=None
wire_feed_m_min.average=None
wire_feed_m_min.max=None

[production_metrics]
arc_started_elapsed_s=None
arc_completed_elapsed_s=None
arc_on_time_s=0.0
main_weld_arc_time_s=0.0
crater_arc_time_s=0.0
weld_motion_start_elapsed_s=None
weld_motion_complete_elapsed_s=None
weld_motion_duration_s=None
net_weld_arc_time_s=0.0
wire_feed_average_m_min=0.0
wire_consumable_base_mm=0.0
wire_consumable_alpha_mm=0.0
wire_consumable_mm=0.0
wire_consumable_formula=integral(WFS*1000/60*dt)+alpha
weld_motion_start_unix_time=None
weld_motion_start_wall_time=None
weld_motion_complete_unix_time=None
weld_motion_complete_wall_time=None

[arc_off_control]

[teaching_snapshot_yaml]
robot_start:
  planning_group: right_manipulator
  joint_state:
    names:
    - right_manipulator_joint1
    - right_manipulator_joint2
    - right_manipulator_joint3
    - right_manipulator_joint4
    - right_manipulator_joint5
    - right_manipulator_joint6
    positions_rad:
    - 5.27240967968313
    - 1.0710261184710546
    - 2.180025851451385
    - 3.6894743983235436
    - 1.4802383302458966
    - 1.475784459638848
  tcp_pose_world:
    position_m:
      x: 0.0409882833240674
      y: -1.5365128539727777
      z: 0.8899872668309907
    orientation_xyzw:
      x: -0.4355837586611503
      y: 0.6337556876271521
      z: -0.5283180348228105
      w: -0.3598618786031996
weld_wait:
  planning_group: right_manipulator
  joint_state:
    names:
    - right_manipulator_joint1
    - right_manipulator_joint2
    - right_manipulator_joint3
    - right_manipulator_joint4
    - right_manipulator_joint5
    - right_manipulator_joint6
    positions_rad:
    - 5.111201082049582
    - 1.2219904009184224
    - 1.8699643920617108
    - 3.5370483733328584
    - 1.2280996924590641
    - 1.5031986404259603
  tcp_pose_world:
    position_m:
      x: 0.03211587813862865
      y: -1.7292014051809739
      z: 0.7168392775681303
    orientation_xyzw:
      x: -0.4217018846382817
      y: 0.6844048116959963
      z: -0.5093506844611415
      w: -0.3071147252393735
weld_start_wait:
  planning_group: right_manipulator
  joint_state:
    names:
    - right_manipulator_joint1
    - right_manipulator_joint2
    - right_manipulator_joint3
    - right_manipulator_joint4
    - right_manipulator_joint5
    - right_manipulator_joint6
    positions_rad:
    - 5.111201082049582
    - 1.2632370404074063
    - 1.842102134421193
    - 3.5352637890863963
    - 1.2404057603821568
    - 1.5085866147853542
  tcp_pose_world:
    position_m:
      x: 0.032073581832525566
      y: -1.729121002241439
      z: 0.6817535179513674
    orientation_xyzw:
      x: -0.42172560337350007
      y: 0.6844089359091741
      z: -0.5093207867135461
      w: -0.30712254903934333
weld_start:
  planning_group: right_manipulator
  joint_state:
    names:
    - right_manipulator_joint1
    - right_manipulator_joint2
    - right_manipulator_joint3
    - right_manipulator_joint4
    - right_manipulator_joint5
    - right_manipulator_joint6
    positions_rad:
    - 5.111201082049582
    - 1.2660353569228069
    - 1.840108625187214
    - 3.5351687142354806
    - 1.241146119165199
    - 1.5088751682894643
  tcp_pose_world:
    position_m:
      x: 0.03207818248865679
      y: -1.7291552271648472
      z: 0.6793700790402557
    orientation_xyzw:
      x: -0.42173564361378546
      y: 0.6844026080525742
      z: -0.5093132989684371
      w: -0.30713528043907307
weld_goal_wait:
  planning_group: right_manipulator
  joint_state:
    names:
    - right_manipulator_joint1
    - right_manipulator_joint2
    - right_manipulator_joint3
    - right_manipulator_joint4
    - right_manipulator_joint5
    - right_manipulator_joint6
    positions_rad:
    - 5.1898250542797735
    - 1.269748735588759
    - 2.0016778148323593
    - 3.595313011661612
    - 1.3904092408872515
    - 1.5825669661808288
  tcp_pose_world:
    position_m:
      x: 0.030039958564281655
      y: -1.5759794251007748
      z: 0.6831899620939363
    orientation_xyzw:
      x: -0.4216890236952919
      y: 0.6843741469696353
      z: -0.5093915786416539
      w: -0.307132892838685
weld_end:
  planning_group: right_manipulator
  joint_state:
    names:
    - right_manipulator_joint1
    - right_manipulator_joint2
    - right_manipulator_joint3
    - right_manipulator_joint4
    - right_manipulator_joint5
    - right_manipulator_joint6
    positions_rad:
    - 5.1898250542797735
    - 1.2714612813277344
    - 2.0005919108978794
    - 3.5952903747923464
    - 1.3908041876769102
    - 1.5827833480193978
  tcp_pose_world:
    position_m:
      x: 0.0299674282215604
      y: -1.5758438540703708
      z: 0.6817481624239208
    orientation_xyzw:
      x: -0.4217254450609645
      y: 0.6844098294169885
      z: -0.5093177523988244
      w: -0.307125807246721
weld_finish:
  planning_group: right_manipulator
  joint_state:
    names:
    - right_manipulator_joint1
    - right_manipulator_joint2
    - right_manipulator_joint3
    - right_manipulator_joint4
    - right_manipulator_joint5
    - right_manipulator_joint6
    positions_rad:
    - 5.189821325854247
    - 1.1966948979365228
    - 2.0505032781514907
    - 3.597374830977551
    - 1.36841339449596
    - 1.5717037989363412
  tcp_pose_world:
    position_m:
      x: 0.029973365338979374
      y: -1.5758159150432376
      z: 0.7415710857152424
    orientation_xyzw:
      x: -0.4217284788299951
      y: 0.6844299122012442
      z: -0.5093059832229276
      w: -0.30709640323726134

[touch_snapshot_yaml]
{}

[samples]
elapsed_s raw0 state arc gas fwd wcr current_a voltage_v wire_feed_m_min set_current_a set_voltage_v error db collision
0.032 0x00 idle 0 0 0 0 0 0.0 0.0 220 26.0 0 0 0

[tcp_trajectory]
elapsed_s x_m y_m z_m qx qy qz qw speed_m_s tf_stamp_s along_mm remaining_mm cross_track_mm progress waypoint phase
0.0059 0.0323420 -1.7291199 0.6799560 -0.42179672 0.68433705 -0.50937595 -0.30709358 0.000000 1789552331.632949829 0.041 153.304 0.642 0.00000 -1 ACTUAL_TF
0.0479 0.0322834 -1.7291246 0.6797365 -0.42178231 0.68434490 -0.50936811 -0.30710889 0.004059 1789552331.688932896 0.033 153.311 0.420 0.00000 -1 ACTUAL_TF
