WELD FEEDBACK LOG
result=operator stop
started=2026-09-15 17:01:40
ended=2026-09-15 17:01:54
elapsed_seconds=14.352

================ OPERATOR OVERVIEW ================
REQUESTED : 230 A / 26.5 V · FE-SOLID 1.2 mm · LSM · CO2 100%
RX ECHO   : 230 A / 26.5 V · MATCH=YES
CURRENT FB: no positive feedback A
VOLTAGE FB: no positive feedback V
WIRE FEED : no positive feedback m/min
ARC ON    : 0.000 s
NET WELD  : 0.000 s
WIRE USED : 0.000 mm (base 0.000 + alpha 0.000)
WCR       : NOT DETECTED
SAMPLES   : RX 359 / welding 0 / TCP 257
===================================================

[commanded]
current_a=230
voltage_tenths=265
voltage=26.5
material=FE-SOLID
diameter_mm=1.2
mode=LSM
gas=CO2 100%
synergic=False
correction=0.0
hot_start_enabled=True
hot_start_percent=20.0
hot_start_hold_adjustment=0
crater_enabled=False
crater_percent=26.08695652173913
crater_current_a=60.0
crater_voltage_v=25.0
crater_seconds=1.0
wire_consumable_alpha_mm=0.0
hot_start_current_a=276

[rx_setting_echo]
current_a=230
voltage_v=26.5
hot_start_current_a=0
hot_start_hold_adjustment=-15

[rx_welding_setting_echo]

[execution_conditions]
mode=sequence_execute
run_all=True
touch_io_backend=fastech_ethernet
touch_input_port=4
touch_sensing_output_port=0
fastech_ip=192.168.0.3
fastech_poll_target_hz=100.0
hicomm_source_ip=192.168.1.2
hicomm_welder_ip=192.168.1.10
hicomm_port=60000
gui_velocity_percent=36.95263157894737
gui_speed_mode=scale
gui_tcp_speed_mm_s=10.0
gui_interpolation_step_mm=5.0
seam_orientation_mode=Keep reference orientation
weld_fixed_tilt_x_deg=0.0
weld_fixed_tilt_y_deg=0.0
weld_fixed_tilt_z_deg=-0.0
weld_weave_enabled=False
weld_weave_pattern=circle
weld_weave_amplitude_mm=2.7
weld_weave_cycles=4
weld_weave_samples_per_cycle=8
weld_weave_axis=tool_y
weld_lead_in_mm=1.0
weld_lead_out_mm=6.0
weld_safe_approach_mm=31.0
weld_approach_mode=taught_wait
weld_pre_start_lead_mm=0.0
weld_tcp_speed_mm_s=7.0
weld_arc_off_delay_ms=500.0
tcp_tracking.parent_frame=World
tcp_tracking.child_frame=right_manipulator_ee_point
tcp_tracking.timestamp_source=TF_header_stamp
initial_fastech_di0=False
initial_fastech_do0=True
robot_connected.left=True
robot_connected.right=True
robot_connected.head=True
hicomm_connected=True
execution_allowed=True
steps[0].sequence_number=1
steps[0].type=named_pose
steps[0].parallel_slot=1
steps[0].duration=0.0
steps[0].planning_group=right_manipulator
steps[0].velocity_scale=0.3695263157894737
steps[0].tcp_speed_m_s=0.0
steps[0].pose_name=weld_start_wait
steps[0].pose_label=3 · Weld start wait pose
steps[0].touch_guard=False
steps[0].continue_after_touch=False
steps[0].weld_scenario_id=weld-28278923271245
steps[0].weld_scenario_stage=start_wait
steps[0].target_tcp.position_m.x=-0.01881472613828722
steps[0].target_tcp.position_m.y=-1.7186818476848977
steps[0].target_tcp.position_m.z=0.6767997066059179
steps[0].target_tcp.orientation_xyzw.x=-0.2965824561145582
steps[0].target_tcp.orientation_xyzw.y=0.7363380241329462
steps[0].target_tcp.orientation_xyzw.z=-0.5922037412232122
steps[0].target_tcp.orientation_xyzw.w=-0.13834699065131756
steps[0].joint_names[0]=right_manipulator_joint1
steps[0].joint_names[1]=right_manipulator_joint2
steps[0].joint_names[2]=right_manipulator_joint3
steps[0].joint_names[3]=right_manipulator_joint4
steps[0].joint_names[4]=right_manipulator_joint5
steps[0].joint_names[5]=right_manipulator_joint6
steps[0].joint_positions_rad[0]=4.916135184845638
steps[0].joint_positions_rad[1]=1.3033141527036816
steps[0].joint_positions_rad[2]=1.867443177457733
steps[0].joint_positions_rad[3]=3.1915495608980446
steps[0].joint_positions_rad[4]=1.3365794315637523
steps[0].joint_positions_rad[5]=2.007103739237287
steps[1].sequence_number=2
steps[1].type=motion
steps[1].parallel_slot=2
steps[1].duration=0.0
steps[1].planning_group=right_manipulator
steps[1].velocity_scale=0.3695263157894737
steps[1].tcp_speed_m_s=0.0
steps[1].interpolation_step=0.005
steps[1].path_kind=taught_wait_align_weld_attitude
steps[1].touch_guard=False
steps[1].continue_after_touch=False
steps[1].accept_initial_touch=False
steps[1].weld_scenario_id=weld-28278923271245
steps[1].weld_scenario_stage=start_safe
steps[1].waypoint_count=1
steps[1].waypoints[0].position_m.x=-0.01881472613828722
steps[1].waypoints[0].position_m.y=-1.7186818476848977
steps[1].waypoints[0].position_m.z=0.6767997066059179
steps[1].waypoints[0].orientation_xyzw.x=-0.2965236326843988
steps[1].waypoints[0].orientation_xyzw.y=0.7363663542375143
steps[1].waypoints[0].orientation_xyzw.z=-0.5922078774594529
steps[1].waypoints[0].orientation_xyzw.w=-0.13830458228695536
steps[2].sequence_number=3
steps[2].type=motion
steps[2].parallel_slot=3
steps[2].duration=0.0
steps[2].planning_group=right_manipulator
steps[2].velocity_scale=0.3695263157894737
steps[2].tcp_speed_m_s=0.0
steps[2].interpolation_step=0.005
steps[2].path_kind=taught_wait_to_weld_start
steps[2].touch_guard=False
steps[2].continue_after_touch=True
steps[2].accept_initial_touch=False
steps[2].weld_scenario_id=weld-28278923271245
steps[2].weld_scenario_stage=start_contact
steps[2].waypoint_count=1
steps[2].waypoints[0].position_m.x=-0.018784814470552292
steps[2].waypoints[0].position_m.y=-1.7198648082791745
steps[2].waypoints[0].position_m.z=0.6736035772120645
steps[2].waypoints[0].orientation_xyzw.x=-0.2965236326843988
steps[2].waypoints[0].orientation_xyzw.y=0.7363663542375143
steps[2].waypoints[0].orientation_xyzw.z=-0.5922078774594529
steps[2].waypoints[0].orientation_xyzw.w=-0.13830458228695536
steps[3].sequence_number=4
steps[3].type=digital_output
steps[3].parallel_slot=4
steps[3].duration=0.0
steps[3].port=0
steps[3].value=False
steps[3].weld_scenario_id=weld-28278923271245
steps[3].weld_scenario_stage=touch_output_off
steps[4].sequence_number=5
steps[4].type=digital_weld
steps[4].parallel_slot=5
steps[4].duration=0.0
steps[4].command=on
steps[4].weld_scenario_id=weld-28278923271245
steps[4].weld_scenario_stage=arc_on
steps[4].settings.current_a=230
steps[4].settings.voltage_tenths=265
steps[4].settings.voltage=26.5
steps[4].settings.material=FE-SOLID
steps[4].settings.diameter_mm=1.2
steps[4].settings.mode=LSM
steps[4].settings.gas=CO2 100%
steps[4].settings.synergic=False
steps[4].settings.correction=0.0
steps[4].settings.hot_start_enabled=True
steps[4].settings.hot_start_percent=20.0
steps[4].settings.hot_start_hold_adjustment=0
steps[4].settings.crater_enabled=False
steps[4].settings.crater_percent=26.08695652173913
steps[4].settings.crater_current_a=60.0
steps[4].settings.crater_voltage_v=25.0
steps[4].settings.crater_seconds=1.0
steps[4].settings.wire_consumable_alpha_mm=0.0
steps[4].settings.hot_start_current_a=276
steps[5].sequence_number=6
steps[5].type=motion
steps[5].parallel_slot=5
steps[5].duration=0.0
steps[5].planning_group=right_manipulator
steps[5].velocity_scale=0.3695263157894737
steps[5].tcp_speed_m_s=0.007
steps[5].interpolation_step=0.005
steps[5].path_kind=continuous_lead_to_lead_over_taught_goal_fastech_di0_ignored
steps[5].touch_guard=False
steps[5].weld_scenario_id=weld-28278923271245
steps[5].weld_scenario_stage=weld_motion
steps[5].lead_in_mm=1.0
steps[5].lead_out_mm=6.0
steps[5].linear_motion_profile=True
steps[5].waypoint_count=2
steps[5].waypoints[0].position_m.x=-0.018784814470552292
steps[5].waypoints[0].position_m.y=-1.7198648082791745
steps[5].waypoints[0].position_m.z=0.6736035772120645
steps[5].waypoints[0].orientation_xyzw.x=-0.2965236326843988
steps[5].waypoints[0].orientation_xyzw.y=0.7363663542375143
steps[5].waypoints[0].orientation_xyzw.z=-0.5922078774594529
steps[5].waypoints[0].orientation_xyzw.w=-0.13830458228695536
steps[5].waypoints[1].position_m.x=-0.02398632512887223
steps[5].waypoints[1].position_m.y=-1.5563960334542437
steps[5].waypoints[1].position_m.z=0.6763810945095574
steps[5].waypoints[1].orientation_xyzw.x=-0.29608091818106996
steps[5].waypoints[1].orientation_xyzw.y=0.7364212669520126
steps[5].waypoints[1].orientation_xyzw.z=-0.5923920811232232
steps[5].waypoints[1].orientation_xyzw.w=-0.13817173984698802
steps[5].lead_start.position_m.x=-0.018784814470552292
steps[5].lead_start.position_m.y=-1.7198648082791745
steps[5].lead_start.position_m.z=0.6736035772120645
steps[5].lead_start.orientation_xyzw.x=-0.2965236326843988
steps[5].lead_start.orientation_xyzw.y=0.7363663542375143
steps[5].lead_start.orientation_xyzw.z=-0.5922078774594529
steps[5].lead_start.orientation_xyzw.w=-0.13830458228695536
steps[5].usable_seam_start.position_m.x=-0.01881661338688484
steps[5].usable_seam_start.position_m.y=-1.7188654582374079
steps[5].usable_seam_start.position_m.z=0.6736205572868845
steps[5].usable_seam_start.orientation_xyzw.x=-0.2965236326843988
steps[5].usable_seam_start.orientation_xyzw.y=0.7363663542375143
steps[5].usable_seam_start.orientation_xyzw.z=-0.5922078774594529
steps[5].usable_seam_start.orientation_xyzw.w=-0.13830458228695536
steps[5].usable_seam_goal.position_m.x=-0.023795531630876943
steps[5].usable_seam_goal.position_m.y=-1.562392133704844
steps[5].usable_seam_goal.position_m.z=0.6762792140606375
steps[5].usable_seam_goal.orientation_xyzw.x=-0.29608091818106996
steps[5].usable_seam_goal.orientation_xyzw.y=0.7364212669520126
steps[5].usable_seam_goal.orientation_xyzw.z=-0.5923920811232232
steps[5].usable_seam_goal.orientation_xyzw.w=-0.13817173984698802
steps[5].lead_end.position_m.x=-0.02398632512887223
steps[5].lead_end.position_m.y=-1.5563960334542437
steps[5].lead_end.position_m.z=0.6763810945095574
steps[5].lead_end.orientation_xyzw.x=-0.29608091818106996
steps[5].lead_end.orientation_xyzw.y=0.7364212669520126
steps[5].lead_end.orientation_xyzw.z=-0.5923920811232232
steps[5].lead_end.orientation_xyzw.w=-0.13817173984698802
steps[6].sequence_number=7
steps[6].type=digital_weld
steps[6].parallel_slot=5
steps[6].duration=0.0
steps[6].velocity_scale=0.3695263157894737
steps[6].tcp_speed_m_s=0.007
steps[6].command=off
steps[6].weld_scenario_id=weld-28278923271245
steps[6].weld_scenario_stage=arc_off
steps[6].trigger_before_goal=True
steps[6].arc_off_delay_s=0.5
steps[6].settings.current_a=230
steps[6].settings.voltage_tenths=265
steps[6].settings.voltage=26.5
steps[6].settings.material=FE-SOLID
steps[6].settings.diameter_mm=1.2
steps[6].settings.mode=LSM
steps[6].settings.gas=CO2 100%
steps[6].settings.synergic=False
steps[6].settings.correction=0.0
steps[6].settings.hot_start_enabled=True
steps[6].settings.hot_start_percent=20.0
steps[6].settings.hot_start_hold_adjustment=0
steps[6].settings.crater_enabled=False
steps[6].settings.crater_percent=26.08695652173913
steps[6].settings.crater_current_a=60.0
steps[6].settings.crater_voltage_v=25.0
steps[6].settings.crater_seconds=1.0
steps[6].settings.wire_consumable_alpha_mm=0.0
steps[6].settings.hot_start_current_a=276
steps[7].sequence_number=8
steps[7].type=motion
steps[7].parallel_slot=6
steps[7].duration=0.0
steps[7].planning_group=right_manipulator
steps[7].velocity_scale=0.3695263157894737
steps[7].tcp_speed_m_s=0.0
steps[7].interpolation_step=0.005
steps[7].path_kind=weld_end_to_taught_wait_fixed_attitude
steps[7].pose_name=weld_goal_wait
steps[7].pose_label=5 · Weld goal wait pose
steps[7].touch_guard=False
steps[7].continue_after_touch=False
steps[7].weld_scenario_id=weld-28278923271245
steps[7].weld_scenario_stage=goal_wait
steps[7].waypoint_count=1
steps[7].waypoints[0].position_m.x=-0.024393472761968488
steps[7].waypoints[0].position_m.y=-1.5623800604005869
steps[7].waypoints[0].position_m.z=0.6781644953726658
steps[7].waypoints[0].orientation_xyzw.x=-0.29608091818106996
steps[7].waypoints[0].orientation_xyzw.y=0.7364212669520126
steps[7].waypoints[0].orientation_xyzw.z=-0.5923920811232232
steps[7].waypoints[0].orientation_xyzw.w=-0.13817173984698802
steps[8].sequence_number=9
steps[8].type=named_pose
steps[8].parallel_slot=7
steps[8].duration=0.0
steps[8].planning_group=right_manipulator
steps[8].velocity_scale=0.3695263157894737
steps[8].tcp_speed_m_s=0.0
steps[8].pose_name=weld_finish
steps[8].pose_label=7 · Weld end pose
steps[8].touch_guard=False
steps[8].continue_after_touch=False
steps[8].weld_scenario_id=weld-28278923271245
steps[8].weld_scenario_stage=finish
steps[8].target_tcp.position_m.x=-0.02379571009684625
steps[8].target_tcp.position_m.y=-1.5623878040648893
steps[8].target_tcp.position_m.z=0.7064305233154275
steps[8].target_tcp.orientation_xyzw.x=-0.29604742218715546
steps[8].target_tcp.orientation_xyzw.y=0.7364073513012283
steps[8].target_tcp.orientation_xyzw.z=-0.592430035210753
steps[8].target_tcp.orientation_xyzw.w=-0.13815494977030515
steps[8].joint_names[0]=right_manipulator_joint1
steps[8].joint_names[1]=right_manipulator_joint2
steps[8].joint_names[2]=right_manipulator_joint3
steps[8].joint_names[3]=right_manipulator_joint4
steps[8].joint_names[4]=right_manipulator_joint5
steps[8].joint_names[5]=right_manipulator_joint6
steps[8].joint_positions_rad[0]=4.955874341999582
steps[8].joint_positions_rad[1]=1.2898311007368284
steps[8].joint_positions_rad[2]=2.05531401234461
steps[8].joint_positions_rad[3]=3.228972566851947
steps[8].joint_positions_rad[4]=1.510648300943239
steps[8].joint_positions_rad[5]=2.0249153600819003
steps[9].sequence_number=10
steps[9].type=digital_output
steps[9].parallel_slot=8
steps[9].duration=0.0
steps[9].port=0
steps[9].value=True
steps[9].weld_scenario_id=weld-28278923271245
steps[9].weld_scenario_stage=touch_output_on
hicomm_cyclic_period_ms=40.0
arc_wait_recognition=True
arc_wait_main_welding=True
arc_wait_established=True
arc_establishment_timeout_s=5.0

[summary]
rx_samples=359
welding_samples=0
wcr_seen=0
current_a.min=None
current_a.average=None
current_a.max=None
voltage_v.min=None
voltage_v.average=None
voltage_v.max=None
wire_feed_m_min.min=None
wire_feed_m_min.average=None
wire_feed_m_min.max=None

[production_metrics]
arc_started_elapsed_s=None
arc_completed_elapsed_s=None
arc_on_time_s=0.0
main_weld_arc_time_s=0.0
crater_arc_time_s=0.0
weld_motion_start_elapsed_s=0.02537497999946936
weld_motion_complete_elapsed_s=None
weld_motion_duration_s=None
net_weld_arc_time_s=0.0
wire_feed_average_m_min=0.0
wire_consumable_base_mm=0.0
wire_consumable_alpha_mm=0.0
wire_consumable_mm=0.0
wire_consumable_formula=integral(WFS*1000/60*dt)+alpha
weld_motion_start_unix_time=1789459300.175445
weld_motion_start_wall_time=2026-09-15 17:01:40.175
weld_motion_complete_unix_time=None
weld_motion_complete_wall_time=None

[arc_off_control]

[teaching_snapshot_yaml]
robot_start:
  planning_group: right_manipulator
  joint_state:
    names:
    - right_manipulator_joint1
    - right_manipulator_joint2
    - right_manipulator_joint3
    - right_manipulator_joint4
    - right_manipulator_joint5
    - right_manipulator_joint6
    positions_rad:
    - 5.27240967968313
    - 1.0710261184710546
    - 2.180025851451385
    - 3.6894743983235436
    - 1.4802383302458966
    - 1.475784459638848
  tcp_pose_world:
    position_m:
      x: 0.0409882833240674
      y: -1.5365128539727777
      z: 0.8899872668309907
    orientation_xyzw:
      x: -0.4355837586611503
      y: 0.6337556876271521
      z: -0.5283180348228105
      w: -0.3598618786031996
weld_wait:
  planning_group: right_manipulator
  joint_state:
    names:
    - right_manipulator_joint1
    - right_manipulator_joint2
    - right_manipulator_joint3
    - right_manipulator_joint4
    - right_manipulator_joint5
    - right_manipulator_joint6
    positions_rad:
    - 4.91614264169669
    - 1.2681464447189128
    - 1.8927994005124862
    - 3.1916787242109135
    - 1.3267225397371512
    - 2.0066936124294146
  tcp_pose_world:
    position_m:
      x: -0.018813889844750853
      y: -1.7185972061506336
      z: 0.7064374726701947
    orientation_xyzw:
      x: -0.29655337045138125
      y: 0.7363686421953863
      z: -0.5921878382602483
      w: -0.13831444422728587
weld_start_wait:
  planning_group: right_manipulator
  joint_state:
    names:
    - right_manipulator_joint1
    - right_manipulator_joint2
    - right_manipulator_joint3
    - right_manipulator_joint4
    - right_manipulator_joint5
    - right_manipulator_joint6
    positions_rad:
    - 4.916135184845638
    - 1.3033141527036816
    - 1.867443177457733
    - 3.1915495608980446
    - 1.3365794315637523
    - 2.007103739237287
  tcp_pose_world:
    position_m:
      x: -0.01881472613828722
      y: -1.7186818476848977
      z: 0.6767997066059179
    orientation_xyzw:
      x: -0.2965824561145582
      y: 0.7363380241329462
      z: -0.5922037412232122
      w: -0.13834699065131756
weld_start:
  planning_group: right_manipulator
  joint_state:
    names:
    - right_manipulator_joint1
    - right_manipulator_joint2
    - right_manipulator_joint3
    - right_manipulator_joint4
    - right_manipulator_joint5
    - right_manipulator_joint6
    positions_rad:
    - 4.916070736347258
    - 1.3070654814151672
    - 1.8644701575748228
    - 3.191488840825191
    - 1.337342693532169
    - 2.0072936226230094
  tcp_pose_world:
    position_m:
      x: -0.01881661338688484
      y: -1.7188654582374079
      z: 0.6736205572868845
    orientation_xyzw:
      x: -0.2965236326843988
      y: 0.7363663542375143
      z: -0.5922078774594529
      w: -0.13830458228695536
weld_goal_wait:
  planning_group: right_manipulator
  joint_state:
    names:
    - right_manipulator_joint1
    - right_manipulator_joint2
    - right_manipulator_joint3
    - right_manipulator_joint4
    - right_manipulator_joint5
    - right_manipulator_joint6
    positions_rad:
    - 4.955019999921885
    - 1.3248430137978275
    - 2.0296844158039598
    - 3.2281182247742497
    - 1.5198484572450268
    - 2.0255609103301353
  tcp_pose_world:
    position_m:
      x: -0.024393472761968488
      y: -1.5623800604005869
      z: 0.6781644953726658
    orientation_xyzw:
      x: -0.29605806471311125
      y: 0.7364573448739692
      z: -0.592364694412823
      w: -0.1381458298781174
weld_end:
  planning_group: right_manipulator
  joint_state:
    names:
    - right_manipulator_joint1
    - right_manipulator_joint2
    - right_manipulator_joint3
    - right_manipulator_joint4
    - right_manipulator_joint5
    - right_manipulator_joint6
    positions_rad:
    - 4.9558892557016865
    - 1.3271782065996636
    - 2.027835249901063
    - 3.2289459352410463
    - 1.5203989326423462
    - 2.0257089820867438
  tcp_pose_world:
    position_m:
      x: -0.023795531630876943
      y: -1.562392133704844
      z: 0.6762792140606375
    orientation_xyzw:
      x: -0.29608091818106996
      y: 0.7364212669520126
      z: -0.5923920811232232
      w: -0.13817173984698802
weld_finish:
  planning_group: right_manipulator
  joint_state:
    names:
    - right_manipulator_joint1
    - right_manipulator_joint2
    - right_manipulator_joint3
    - right_manipulator_joint4
    - right_manipulator_joint5
    - right_manipulator_joint6
    positions_rad:
    - 4.955874341999582
    - 1.2898311007368284
    - 2.05531401234461
    - 3.228972566851947
    - 1.510648300943239
    - 2.0249153600819003
  tcp_pose_world:
    position_m:
      x: -0.02379571009684625
      y: -1.5623878040648893
      z: 0.7064305233154275
    orientation_xyzw:
      x: -0.29604742218715546
      y: 0.7364073513012283
      z: -0.592430035210753
      w: -0.13815494977030515

[touch_snapshot_yaml]
{}

[samples]
elapsed_s raw0 state arc gas fwd wcr current_a voltage_v wire_feed_m_min set_current_a set_voltage_v error db collision
0.007 0x00 idle 0 0 0 0 0 0.0 0.0 230 26.5 0 0 0
0.050 0x00 idle 0 0 0 0 0 0.0 0.0 230 26.5 0 0 0
0.089 0x00 idle 0 0 0 0 0 0.0 0.0 230 26.5 0 0 0
0.131 0x00 idle 0 0 0 0 0 0.0 0.0 230 26.5 0 0 0
0.173 0x00 idle 0 0 0 0 0 0.0 0.0 230 26.5 0 0 0
0.212 0x00 idle 0 0 0 0 0 0.0 0.0 230 26.5 0 0 0
0.247 0x00 idle 0 0 0 0 0 0.0 0.0 230 26.5 0 0 0
0.288 0x00 idle 0 0 0 0 0 0.0 0.0 230 26.5 0 0 0
0.330 0x00 idle 0 0 0 0 0 0.0 0.0 230 26.5 0 0 0
0.370 0x00 idle 0 0 0 0 0 0.0 0.0 230 26.5 0 0 0
0.409 0x00 idle 0 0 0 0 0 0.0 0.0 230 26.5 0 0 0
0.451 0x00 idle 0 0 0 0 0 0.0 0.0 230 26.5 0 0 0
0.490 0x00 idle 0 0 0 0 0 0.0 0.0 230 26.5 0 0 0
0.530 0x00 idle 0 0 0 0 0 0.0 0.0 230 26.5 0 0 0
0.571 0x00 idle 0 0 0 0 0 0.0 0.0 230 26.5 0 0 0
0.608 0x00 idle 0 0 0 0 0 0.0 0.0 230 26.5 0 0 0
0.648 0x00 idle 0 0 0 0 0 0.0 0.0 230 26.5 0 0 0
0.688 0x00 idle 0 0 0 0 0 0.0 0.0 230 26.5 0 0 0
0.730 0x00 idle 0 0 0 0 0 0.0 0.0 230 26.5 0 0 0
0.768 0x00 idle 0 0 0 0 0 0.0 0.0 230 26.5 0 0 0
0.811 0x00 idle 0 0 0 0 0 0.0 0.0 230 26.5 0 0 0
0.850 0x00 idle 0 0 0 0 0 0.0 0.0 230 26.5 0 0 0
0.888 0x00 idle 0 0 0 0 0 0.0 0.0 230 26.5 0 0 0
0.931 0x00 idle 0 0 0 0 0 0.0 0.0 230 26.5 0 0 0
0.968 0x00 idle 0 0 0 0 0 0.0 0.0 230 26.5 0 0 0
1.007 0x00 idle 0 0 0 0 0 0.0 0.0 230 26.5 0 0 0
1.055 0x00 idle 0 0 0 0 0 0.0 0.0 230 26.5 0 0 0
1.086 0x00 idle 0 0 0 0 0 0.0 0.0 230 26.5 0 0 0
1.130 0x00 idle 0 0 0 0 0 0.0 0.0 230 26.5 0 0 0
1.170 0x00 idle 0 0 0 0 0 0.0 0.0 230 26.5 0 0 0
1.209 0x00 idle 0 0 0 0 0 0.0 0.0 230 26.5 0 0 0
1.247 0x00 idle 0 0 0 0 0 0.0 0.0 230 26.5 0 0 0
1.289 0x00 idle 0 0 0 0 0 0.0 0.0 230 26.5 0 0 0
1.330 0x00 idle 0 0 0 0 0 0.0 0.0 230 26.5 0 0 0
1.368 0x00 idle 0 0 0 0 0 0.0 0.0 230 26.5 0 0 0
1.412 0x00 idle 0 0 0 0 0 0.0 0.0 230 26.5 0 0 0
1.450 0x00 idle 0 0 0 0 0 0.0 0.0 230 26.5 0 0 0
1.490 0x00 idle 0 0 0 0 0 0.0 0.0 230 26.5 0 0 0
1.529 0x00 idle 0 0 0 0 0 0.0 0.0 230 26.5 0 0 0
1.569 0x00 idle 0 0 0 0 0 0.0 0.0 230 26.5 0 0 0
1.620 0x00 idle 0 0 0 0 0 0.0 0.0 230 26.5 0 0 0
1.648 0x00 idle 0 0 0 0 0 0.0 0.0 230 26.5 0 0 0
1.687 0x00 idle 0 0 0 0 0 0.0 0.0 230 26.5 0 0 0
1.729 0x00 idle 0 0 0 0 0 0.0 0.0 230 26.5 0 0 0
1.768 0x00 idle 0 0 0 0 0 0.0 0.0 230 26.5 0 0 0
1.807 0x00 idle 0 0 0 0 0 0.0 0.0 230 26.5 0 0 0
1.850 0x00 idle 0 0 0 0 0 0.0 0.0 230 26.5 0 0 0
1.889 0x00 idle 0 0 0 0 0 0.0 0.0 230 26.5 0 0 0
1.931 0x00 idle 0 0 0 0 0 0.0 0.0 230 26.5 0 0 0
1.971 0x00 idle 0 0 0 0 0 0.0 0.0 230 26.5 0 0 0
2.007 0x00 idle 0 0 0 0 0 0.0 0.0 230 26.5 0 0 0
2.047 0x00 idle 0 0 0 0 0 0.0 0.0 230 26.5 0 0 0
2.089 0x00 idle 0 0 0 0 0 0.0 0.0 230 26.5 0 0 0
2.132 0x00 idle 0 0 0 0 0 0.0 0.0 230 26.5 0 0 0
2.190 0x00 idle 0 0 0 0 0 0.0 0.0 230 26.5 0 0 0
2.213 0x00 idle 0 0 0 0 0 0.0 0.0 230 26.5 0 0 0
2.254 0x00 idle 0 0 0 0 0 0.0 0.0 230 26.5 0 0 0
2.290 0x00 idle 0 0 0 0 0 0.0 0.0 230 26.5 0 0 0
2.331 0x00 idle 0 0 0 0 0 0.0 0.0 230 26.5 0 0 0
2.370 0x00 idle 0 0 0 0 0 0.0 0.0 230 26.5 0 0 0
2.408 0x00 idle 0 0 0 0 0 0.0 0.0 230 26.5 0 0 0
2.448 0x00 idle 0 0 0 0 0 0.0 0.0 230 26.5 0 0 0
2.490 0x00 idle 0 0 0 0 0 0.0 0.0 230 26.5 0 0 0
2.534 0x00 idle 0 0 0 0 0 0.0 0.0 230 26.5 0 0 0
2.570 0x00 idle 0 0 0 0 0 0.0 0.0 230 26.5 0 0 0
2.609 0x00 idle 0 0 0 0 0 0.0 0.0 230 26.5 0 0 0
2.646 0x00 idle 0 0 0 0 0 0.0 0.0 230 26.5 0 0 0
2.694 0x00 idle 0 0 0 0 0 0.0 0.0 230 26.5 0 0 0
2.730 0x00 idle 0 0 0 0 0 0.0 0.0 230 26.5 0 0 0
2.769 0x00 idle 0 0 0 0 0 0.0 0.0 230 26.5 0 0 0
2.812 0x00 idle 0 0 0 0 0 0.0 0.0 230 26.5 0 0 0
2.851 0x00 idle 0 0 0 0 0 0.0 0.0 230 26.5 0 0 0
2.890 0x00 idle 0 0 0 0 0 0.0 0.0 230 26.5 0 0 0
2.929 0x00 idle 0 0 0 0 0 0.0 0.0 230 26.5 0 0 0
2.974 0x00 idle 0 0 0 0 0 0.0 0.0 230 26.5 0 0 0
3.010 0x00 idle 0 0 0 0 0 0.0 0.0 230 26.5 0 0 0
3.052 0x00 idle 0 0 0 0 0 0.0 0.0 230 26.5 0 0 0
3.089 0x00 idle 0 0 0 0 0 0.0 0.0 230 26.5 0 0 0
3.129 0x00 idle 0 0 0 0 0 0.0 0.0 230 26.5 0 0 0
3.174 0x00 idle 0 0 0 0 0 0.0 0.0 230 26.5 0 0 0
3.211 0x00 idle 0 0 0 0 0 0.0 0.0 230 26.5 0 0 0
3.249 0x00 idle 0 0 0 0 0 0.0 0.0 230 26.5 0 0 0
3.301 0x00 idle 0 0 0 0 0 0.0 0.0 230 26.5 0 0 0
3.337 0x00 idle 0 0 0 0 0 0.0 0.0 230 26.5 0 0 0
3.371 0x00 idle 0 0 0 0 0 0.0 0.0 230 26.5 0 0 0
3.414 0x00 idle 0 0 0 0 0 0.0 0.0 230 26.5 0 0 0
3.452 0x00 idle 0 0 0 0 0 0.0 0.0 230 26.5 0 0 0
3.488 0x00 idle 0 0 0 0 0 0.0 0.0 230 26.5 0 0 0
3.535 0x00 idle 0 0 0 0 0 0.0 0.0 230 26.5 0 0 0
3.567 0x00 idle 0 0 0 0 0 0.0 0.0 230 26.5 0 0 0
3.609 0x00 idle 0 0 0 0 0 0.0 0.0 230 26.5 0 0 0
3.654 0x00 idle 0 0 0 0 0 0.0 0.0 230 26.5 0 0 0
3.693 0x00 idle 0 0 0 0 0 0.0 0.0 230 26.5 0 0 0
3.732 0x00 idle 0 0 0 0 0 0.0 0.0 230 26.5 0 0 0
3.772 0x00 idle 0 0 0 0 0 0.0 0.0 230 26.5 0 0 0
3.807 0x00 idle 0 0 0 0 0 0.0 0.0 230 26.5 0 0 0
3.852 0x00 idle 0 0 0 0 0 0.0 0.0 230 26.5 0 0 0
3.891 0x00 idle 0 0 0 0 0 0.0 0.0 230 26.5 0 0 0
3.930 0x00 idle 0 0 0 0 0 0.0 0.0 230 26.5 0 0 0
3.973 0x00 idle 0 0 0 0 0 0.0 0.0 230 26.5 0 0 0
4.010 0x00 idle 0 0 0 0 0 0.0 0.0 230 26.5 0 0 0
4.049 0x00 idle 0 0 0 0 0 0.0 0.0 230 26.5 0 0 0
4.091 0x00 idle 0 0 0 0 0 0.0 0.0 230 26.5 0 0 0
4.131 0x00 idle 0 0 0 0 0 0.0 0.0 230 26.5 0 0 0
4.169 0x00 idle 0 0 0 0 0 0.0 0.0 230 26.5 0 0 0
4.215 0x00 idle 0 0 0 0 0 0.0 0.0 230 26.5 0 0 0
4.253 0x00 idle 0 0 0 0 0 0.0 0.0 230 26.5 0 0 0
4.293 0x00 idle 0 0 0 0 0 0.0 0.0 230 26.5 0 0 0
4.329 0x00 idle 0 0 0 0 0 0.0 0.0 230 26.5 0 0 0
4.373 0x00 idle 0 0 0 0 0 0.0 0.0 230 26.5 0 0 0
4.420 0x00 idle 0 0 0 0 0 0.0 0.0 230 26.5 0 0 0
4.447 0x00 idle 0 0 0 0 0 0.0 0.0 230 26.5 0 0 0
4.492 0x00 idle 0 0 0 0 0 0.0 0.0 230 26.5 0 0 0
4.539 0x00 idle 0 0 0 0 0 0.0 0.0 230 26.5 0 0 0
4.569 0x00 idle 0 0 0 0 0 0.0 0.0 230 26.5 0 0 0
4.609 0x00 idle 0 0 0 0 0 0.0 0.0 230 26.5 0 0 0
4.648 0x00 idle 0 0 0 0 0 0.0 0.0 230 26.5 0 0 0
4.697 0x00 idle 0 0 0 0 0 0.0 0.0 230 26.5 0 0 0
4.732 0x00 idle 0 0 0 0 0 0.0 0.0 230 26.5 0 0 0
4.771 0x00 idle 0 0 0 0 0 0.0 0.0 230 26.5 0 0 0
4.809 0x00 idle 0 0 0 0 0 0.0 0.0 230 26.5 0 0 0
4.849 0x00 idle 0 0 0 0 0 0.0 0.0 230 26.5 0 0 0
4.888 0x00 idle 0 0 0 0 0 0.0 0.0 230 26.5 0 0 0
4.939 0x00 idle 0 0 0 0 0 0.0 0.0 230 26.5 0 0 0
4.970 0x00 idle 0 0 0 0 0 0.0 0.0 230 26.5 0 0 0
5.013 0x00 idle 0 0 0 0 0 0.0 0.0 230 26.5 0 0 0
5.051 0x00 idle 0 0 0 0 0 0.0 0.0 230 26.5 0 0 0
5.096 0x00 idle 0 0 0 0 0 0.0 0.0 230 26.5 0 0 0
5.130 0x00 idle 0 0 0 0 0 0.0 0.0 230 26.5 0 0 0
5.171 0x00 idle 0 0 0 0 0 0.0 0.0 230 26.5 0 0 0
5.210 0x00 idle 0 0 0 0 0 0.0 0.0 230 26.5 0 0 0
5.251 0x00 idle 0 0 0 0 0 0.0 0.0 230 26.5 0 0 0
5.287 0x00 idle 0 0 0 0 0 0.0 0.0 230 26.5 0 0 0
5.329 0x00 idle 0 0 0 0 0 0.0 0.0 230 26.5 0 0 0
5.370 0x00 idle 0 0 0 0 0 0.0 0.0 230 26.5 0 0 0
5.411 0x00 idle 0 0 0 0 0 0.0 0.0 230 26.5 0 0 0
5.454 0x00 idle 0 0 0 0 0 0.0 0.0 230 26.5 0 0 0
5.490 0x00 idle 0 0 0 0 0 0.0 0.0 230 26.5 0 0 0
5.531 0x00 idle 0 0 0 0 0 0.0 0.0 230 26.5 0 0 0
5.569 0x00 idle 0 0 0 0 0 0.0 0.0 230 26.5 0 0 0
5.610 0x00 idle 0 0 0 0 0 0.0 0.0 230 26.5 0 0 0
5.650 0x00 idle 0 0 0 0 0 0.0 0.0 230 26.5 0 0 0
5.693 0x00 idle 0 0 0 0 0 0.0 0.0 230 26.5 0 0 0
5.739 0x00 idle 0 0 0 0 0 0.0 0.0 230 26.5 0 0 0
5.766 0x00 idle 0 0 0 0 0 0.0 0.0 230 26.5 0 0 0
5.815 0x00 idle 0 0 0 0 0 0.0 0.0 230 26.5 0 0 0
5.852 0x00 idle 0 0 0 0 0 0.0 0.0 230 26.5 0 0 0
5.894 0x00 idle 0 0 0 0 0 0.0 0.0 230 26.5 0 0 0
5.930 0x00 idle 0 0 0 0 0 0.0 0.0 230 26.5 0 0 0
5.974 0x00 idle 0 0 0 0 0 0.0 0.0 230 26.5 0 0 0
6.017 0x00 idle 0 0 0 0 0 0.0 0.0 230 26.5 0 0 0
6.056 0x00 idle 0 0 0 0 0 0.0 0.0 230 26.5 0 0 0
6.088 0x00 idle 0 0 0 0 0 0.0 0.0 230 26.5 0 0 0
6.129 0x00 idle 0 0 0 0 0 0.0 0.0 230 26.5 0 0 0
6.172 0x00 idle 0 0 0 0 0 0.0 0.0 230 26.5 0 0 0
6.210 0x00 idle 0 0 0 0 0 0.0 0.0 230 26.5 0 0 0
6.253 0x00 idle 0 0 0 0 0 0.0 0.0 230 26.5 0 0 0
6.291 0x00 idle 0 0 0 0 0 0.0 0.0 230 26.5 0 0 0
6.337 0x00 idle 0 0 0 0 0 0.0 0.0 230 26.5 0 0 0
6.375 0x00 idle 0 0 0 0 0 0.0 0.0 230 26.5 0 0 0
6.410 0x00 idle 0 0 0 0 0 0.0 0.0 230 26.5 0 0 0
6.452 0x00 idle 0 0 0 0 0 0.0 0.0 230 26.5 0 0 0
6.492 0x00 idle 0 0 0 0 0 0.0 0.0 230 26.5 0 0 0
6.533 0x00 idle 0 0 0 0 0 0.0 0.0 230 26.5 0 0 0
6.573 0x00 idle 0 0 0 0 0 0.0 0.0 230 26.5 0 0 0
6.612 0x00 idle 0 0 0 0 0 0.0 0.0 230 26.5 0 0 0
6.649 0x00 idle 0 0 0 0 0 0.0 0.0 230 26.5 0 0 0
6.691 0x00 idle 0 0 0 0 0 0.0 0.0 230 26.5 0 0 0
6.731 0x00 idle 0 0 0 0 0 0.0 0.0 230 26.5 0 0 0
6.770 0x00 idle 0 0 0 0 0 0.0 0.0 230 26.5 0 0 0
6.810 0x00 idle 0 0 0 0 0 0.0 0.0 230 26.5 0 0 0
6.851 0x00 idle 0 0 0 0 0 0.0 0.0 230 26.5 0 0 0
6.890 0x00 idle 0 0 0 0 0 0.0 0.0 230 26.5 0 0 0
6.932 0x00 idle 0 0 0 0 0 0.0 0.0 230 26.5 0 0 0
6.973 0x00 idle 0 0 0 0 0 0.0 0.0 230 26.5 0 0 0
7.009 0x00 idle 0 0 0 0 0 0.0 0.0 230 26.5 0 0 0
7.051 0x00 idle 0 0 0 0 0 0.0 0.0 230 26.5 0 0 0
7.087 0x00 idle 0 0 0 0 0 0.0 0.0 230 26.5 0 0 0
7.127 0x00 idle 0 0 0 0 0 0.0 0.0 230 26.5 0 0 0
7.175 0x00 idle 0 0 0 0 0 0.0 0.0 230 26.5 0 0 0
7.207 0x00 idle 0 0 0 0 0 0.0 0.0 230 26.5 0 0 0
7.249 0x00 idle 0 0 0 0 0 0.0 0.0 230 26.5 0 0 0
7.289 0x00 idle 0 0 0 0 0 0.0 0.0 230 26.5 0 0 0
7.335 0x00 idle 0 0 0 0 0 0.0 0.0 230 26.5 0 0 0
7.372 0x00 idle 0 0 0 0 0 0.0 0.0 230 26.5 0 0 0
7.411 0x00 idle 0 0 0 0 0 0.0 0.0 230 26.5 0 0 0
7.446 0x00 idle 0 0 0 0 0 0.0 0.0 230 26.5 0 0 0
7.494 0x00 idle 0 0 0 0 0 0.0 0.0 230 26.5 0 0 0
7.530 0x00 idle 0 0 0 0 0 0.0 0.0 230 26.5 0 0 0
7.571 0x00 idle 0 0 0 0 0 0.0 0.0 230 26.5 0 0 0
7.610 0x00 idle 0 0 0 0 0 0.0 0.0 230 26.5 0 0 0
7.654 0x00 idle 0 0 0 0 0 0.0 0.0 230 26.5 0 0 0
7.694 0x00 idle 0 0 0 0 0 0.0 0.0 230 26.5 0 0 0
7.734 0x00 idle 0 0 0 0 0 0.0 0.0 230 26.5 0 0 0
7.769 0x00 idle 0 0 0 0 0 0.0 0.0 230 26.5 0 0 0
7.808 0x00 idle 0 0 0 0 0 0.0 0.0 230 26.5 0 0 0
7.855 0x00 idle 0 0 0 0 0 0.0 0.0 230 26.5 0 0 0
7.892 0x00 idle 0 0 0 0 0 0.0 0.0 230 26.5 0 0 0
7.932 0x00 idle 0 0 0 0 0 0.0 0.0 230 26.5 0 0 0
7.971 0x00 idle 0 0 0 0 0 0.0 0.0 230 26.5 0 0 0
8.012 0x00 idle 0 0 0 0 0 0.0 0.0 230 26.5 0 0 0
8.053 0x00 idle 0 0 0 0 0 0.0 0.0 230 26.5 0 0 0
8.091 0x00 idle 0 0 0 0 0 0.0 0.0 230 26.5 0 0 0
8.130 0x00 idle 0 0 0 0 0 0.0 0.0 230 26.5 0 0 0
8.176 0x00 idle 0 0 0 0 0 0.0 0.0 230 26.5 0 0 0
8.209 0x00 idle 0 0 0 0 0 0.0 0.0 230 26.5 0 0 0
8.254 0x00 idle 0 0 0 0 0 0.0 0.0 230 26.5 0 0 0
8.296 0x00 idle 0 0 0 0 0 0.0 0.0 230 26.5 0 0 0
8.332 0x00 idle 0 0 0 0 0 0.0 0.0 230 26.5 0 0 0
8.368 0x00 idle 0 0 0 0 0 0.0 0.0 230 26.5 0 0 0
8.410 0x00 idle 0 0 0 0 0 0.0 0.0 230 26.5 0 0 0
8.450 0x00 idle 0 0 0 0 0 0.0 0.0 230 26.5 0 0 0
8.492 0x00 idle 0 0 0 0 0 0.0 0.0 230 26.5 0 0 0
8.528 0x00 idle 0 0 0 0 0 0.0 0.0 230 26.5 0 0 0
8.570 0x00 idle 0 0 0 0 0 0.0 0.0 230 26.5 0 0 0
8.608 0x00 idle 0 0 0 0 0 0.0 0.0 230 26.5 0 0 0
8.648 0x00 idle 0 0 0 0 0 0.0 0.0 230 26.5 0 0 0
8.689 0x00 idle 0 0 0 0 0 0.0 0.0 230 26.5 0 0 0
8.730 0x00 idle 0 0 0 0 0 0.0 0.0 230 26.5 0 0 0
8.776 0x00 idle 0 0 0 0 0 0.0 0.0 230 26.5 0 0 0
8.812 0x00 idle 0 0 0 0 0 0.0 0.0 230 26.5 0 0 0
8.850 0x00 idle 0 0 0 0 0 0.0 0.0 230 26.5 0 0 0
8.890 0x00 idle 0 0 0 0 0 0.0 0.0 230 26.5 0 0 0
8.929 0x00 idle 0 0 0 0 0 0.0 0.0 230 26.5 0 0 0
8.968 0x00 idle 0 0 0 0 0 0.0 0.0 230 26.5 0 0 0
9.010 0x00 idle 0 0 0 0 0 0.0 0.0 230 26.5 0 0 0
9.047 0x00 idle 0 0 0 0 0 0.0 0.0 230 26.5 0 0 0
9.091 0x00 idle 0 0 0 0 0 0.0 0.0 230 26.5 0 0 0
9.134 0x00 idle 0 0 0 0 0 0.0 0.0 230 26.5 0 0 0
9.168 0x00 idle 0 0 0 0 0 0.0 0.0 230 26.5 0 0 0
9.210 0x00 idle 0 0 0 0 0 0.0 0.0 230 26.5 0 0 0
9.254 0x00 idle 0 0 0 0 0 0.0 0.0 230 26.5 0 0 0
9.289 0x00 idle 0 0 0 0 0 0.0 0.0 230 26.5 0 0 0
9.331 0x00 idle 0 0 0 0 0 0.0 0.0 230 26.5 0 0 0
9.372 0x00 idle 0 0 0 0 0 0.0 0.0 230 26.5 0 0 0
9.409 0x00 idle 0 0 0 0 0 0.0 0.0 230 26.5 0 0 0
9.449 0x00 idle 0 0 0 0 0 0.0 0.0 230 26.5 0 0 0
9.487 0x00 idle 0 0 0 0 0 0.0 0.0 230 26.5 0 0 0
9.539 0x00 idle 0 0 0 0 0 0.0 0.0 230 26.5 0 0 0
9.568 0x00 idle 0 0 0 0 0 0.0 0.0 230 26.5 0 0 0
9.612 0x00 idle 0 0 0 0 0 0.0 0.0 230 26.5 0 0 0
9.654 0x00 idle 0 0 0 0 0 0.0 0.0 230 26.5 0 0 0
9.691 0x00 idle 0 0 0 0 0 0.0 0.0 230 26.5 0 0 0
9.742 0x00 idle 0 0 0 0 0 0.0 0.0 230 26.5 0 0 0
9.769 0x00 idle 0 0 0 0 0 0.0 0.0 230 26.5 0 0 0
9.809 0x00 idle 0 0 0 0 0 0.0 0.0 230 26.5 0 0 0
9.853 0x00 idle 0 0 0 0 0 0.0 0.0 230 26.5 0 0 0
9.890 0x00 idle 0 0 0 0 0 0.0 0.0 230 26.5 0 0 0
9.929 0x00 idle 0 0 0 0 0 0.0 0.0 230 26.5 0 0 0
9.983 0x00 idle 0 0 0 0 0 0.0 0.0 230 26.5 0 0 0
10.013 0x00 idle 0 0 0 0 0 0.0 0.0 230 26.5 0 0 0
10.051 0x00 idle 0 0 0 0 0 0.0 0.0 230 26.5 0 0 0
10.091 0x00 idle 0 0 0 0 0 0.0 0.0 230 26.5 0 0 0
10.133 0x00 idle 0 0 0 0 0 0.0 0.0 230 26.5 0 0 0
10.168 0x00 idle 0 0 0 0 0 0.0 0.0 230 26.5 0 0 0
10.216 0x00 idle 0 0 0 0 0 0.0 0.0 230 26.5 0 0 0
10.249 0x00 idle 0 0 0 0 0 0.0 0.0 230 26.5 0 0 0
10.292 0x00 idle 0 0 0 0 0 0.0 0.0 230 26.5 0 0 0
10.330 0x00 idle 0 0 0 0 0 0.0 0.0 230 26.5 0 0 0
10.371 0x00 idle 0 0 0 0 0 0.0 0.0 230 26.5 0 0 0
10.413 0x00 idle 0 0 0 0 0 0.0 0.0 230 26.5 0 0 0
10.446 0x00 idle 0 0 0 0 0 0.0 0.0 230 26.5 0 0 0
10.490 0x00 idle 0 0 0 0 0 0.0 0.0 230 26.5 0 0 0
10.539 0x00 idle 0 0 0 0 0 0.0 0.0 230 26.5 0 0 0
10.574 0x00 idle 0 0 0 0 0 0.0 0.0 230 26.5 0 0 0
10.609 0x00 idle 0 0 0 0 0 0.0 0.0 230 26.5 0 0 0
10.651 0x00 idle 0 0 0 0 0 0.0 0.0 230 26.5 0 0 0
10.692 0x00 idle 0 0 0 0 0 0.0 0.0 230 26.5 0 0 0
10.734 0x00 idle 0 0 0 0 0 0.0 0.0 230 26.5 0 0 0
10.771 0x00 idle 0 0 0 0 0 0.0 0.0 230 26.5 0 0 0
10.812 0x00 idle 0 0 0 0 0 0.0 0.0 230 26.5 0 0 0
10.858 0x00 idle 0 0 0 0 0 0.0 0.0 230 26.5 0 0 0
10.890 0x00 idle 0 0 0 0 0 0.0 0.0 230 26.5 0 0 0
10.935 0x00 idle 0 0 0 0 0 0.0 0.0 230 26.5 0 0 0
10.972 0x00 idle 0 0 0 0 0 0.0 0.0 230 26.5 0 0 0
11.007 0x00 idle 0 0 0 0 0 0.0 0.0 230 26.5 0 0 0
11.048 0x00 idle 0 0 0 0 0 0.0 0.0 230 26.5 0 0 0
11.089 0x00 idle 0 0 0 0 0 0.0 0.0 230 26.5 0 0 0
11.129 0x00 idle 0 0 0 0 0 0.0 0.0 230 26.5 0 0 0
11.171 0x00 idle 0 0 0 0 0 0.0 0.0 230 26.5 0 0 0
11.209 0x00 idle 0 0 0 0 0 0.0 0.0 230 26.5 0 0 0
11.254 0x00 idle 0 0 0 0 0 0.0 0.0 230 26.5 0 0 0
11.288 0x00 idle 0 0 0 0 0 0.0 0.0 230 26.5 0 0 0
11.328 0x00 idle 0 0 0 0 0 0.0 0.0 230 26.5 0 0 0
11.370 0x00 idle 0 0 0 0 0 0.0 0.0 230 26.5 0 0 0
11.411 0x00 idle 0 0 0 0 0 0.0 0.0 230 26.5 0 0 0
11.446 0x00 idle 0 0 0 0 0 0.0 0.0 230 26.5 0 0 0
11.488 0x00 idle 0 0 0 0 0 0.0 0.0 230 26.5 0 0 0
11.529 0x00 idle 0 0 0 0 0 0.0 0.0 230 26.5 0 0 0
11.566 0x00 idle 0 0 0 0 0 0.0 0.0 230 26.5 0 0 0
11.613 0x00 idle 0 0 0 0 0 0.0 0.0 230 26.5 0 0 0
11.650 0x00 idle 0 0 0 0 0 0.0 0.0 230 26.5 0 0 0
11.696 0x00 idle 0 0 0 0 0 0.0 0.0 230 26.5 0 0 0
11.730 0x00 idle 0 0 0 0 0 0.0 0.0 230 26.5 0 0 0
11.772 0x00 idle 0 0 0 0 0 0.0 0.0 230 26.5 0 0 0
11.812 0x00 idle 0 0 0 0 0 0.0 0.0 230 26.5 0 0 0
11.853 0x00 idle 0 0 0 0 0 0.0 0.0 230 26.5 0 0 0
11.891 0x00 idle 0 0 0 0 0 0.0 0.0 230 26.5 0 0 0
11.932 0x00 idle 0 0 0 0 0 0.0 0.0 230 26.5 0 0 0
11.980 0x00 idle 0 0 0 0 0 0.0 0.0 230 26.5 0 0 0
12.011 0x00 idle 0 0 0 0 0 0.0 0.0 230 26.5 0 0 0
12.054 0x00 idle 0 0 0 0 0 0.0 0.0 230 26.5 0 0 0
12.091 0x00 idle 0 0 0 0 0 0.0 0.0 230 26.5 0 0 0
12.138 0x00 idle 0 0 0 0 0 0.0 0.0 230 26.5 0 0 0
12.171 0x00 idle 0 0 0 0 0 0.0 0.0 230 26.5 0 0 0
12.209 0x00 idle 0 0 0 0 0 0.0 0.0 230 26.5 0 0 0
12.253 0x00 idle 0 0 0 0 0 0.0 0.0 230 26.5 0 0 0
12.293 0x00 idle 0 0 0 0 0 0.0 0.0 230 26.5 0 0 0
12.332 0x00 idle 0 0 0 0 0 0.0 0.0 230 26.5 0 0 0
12.372 0x00 idle 0 0 0 0 0 0.0 0.0 230 26.5 0 0 0
12.412 0x00 idle 0 0 0 0 0 0.0 0.0 230 26.5 0 0 0
12.453 0x00 idle 0 0 0 0 0 0.0 0.0 230 26.5 0 0 0
12.491 0x00 idle 0 0 0 0 0 0.0 0.0 230 26.5 0 0 0
12.535 0x00 idle 0 0 0 0 0 0.0 0.0 230 26.5 0 0 0
12.569 0x00 idle 0 0 0 0 0 0.0 0.0 230 26.5 0 0 0
12.608 0x00 idle 0 0 0 0 0 0.0 0.0 230 26.5 0 0 0
12.649 0x00 idle 0 0 0 0 0 0.0 0.0 230 26.5 0 0 0
12.691 0x00 idle 0 0 0 0 0 0.0 0.0 230 26.5 0 0 0
12.734 0x00 idle 0 0 0 0 0 0.0 0.0 230 26.5 0 0 0
12.769 0x00 idle 0 0 0 0 0 0.0 0.0 230 26.5 0 0 0
12.807 0x00 idle 0 0 0 0 0 0.0 0.0 230 26.5 0 0 0
12.851 0x00 idle 0 0 0 0 0 0.0 0.0 230 26.5 0 0 0
12.890 0x00 idle 0 0 0 0 0 0.0 0.0 230 26.5 0 0 0
12.934 0x00 idle 0 0 0 0 0 0.0 0.0 230 26.5 0 0 0
12.973 0x00 idle 0 0 0 0 0 0.0 0.0 230 26.5 0 0 0
13.013 0x00 idle 0 0 0 0 0 0.0 0.0 230 26.5 0 0 0
13.050 0x00 idle 0 0 0 0 0 0.0 0.0 230 26.5 0 0 0
13.089 0x00 idle 0 0 0 0 0 0.0 0.0 230 26.5 0 0 0
13.132 0x00 idle 0 0 0 0 0 0.0 0.0 230 26.5 0 0 0
13.171 0x00 idle 0 0 0 0 0 0.0 0.0 230 26.5 0 0 0
13.209 0x00 idle 0 0 0 0 0 0.0 0.0 230 26.5 0 0 0
13.248 0x00 idle 0 0 0 0 0 0.0 0.0 230 26.5 0 0 0
13.291 0x00 idle 0 0 0 0 0 0.0 0.0 230 26.5 0 0 0
13.330 0x00 idle 0 0 0 0 0 0.0 0.0 230 26.5 0 0 0
13.369 0x00 idle 0 0 0 0 0 0.0 0.0 230 26.5 0 0 0
13.411 0x00 idle 0 0 0 0 0 0.0 0.0 230 26.5 0 0 0
13.448 0x00 idle 0 0 0 0 0 0.0 0.0 230 26.5 0 0 0
13.492 0x00 idle 0 0 0 0 0 0.0 0.0 230 26.5 0 0 0
13.531 0x00 idle 0 0 0 0 0 0.0 0.0 230 26.5 0 0 0
13.568 0x00 idle 0 0 0 0 0 0.0 0.0 230 26.5 0 0 0
13.614 0x00 idle 0 0 0 0 0 0.0 0.0 230 26.5 0 0 0
13.654 0x00 idle 0 0 0 0 0 0.0 0.0 230 26.5 0 0 0
13.694 0x00 idle 0 0 0 0 0 0.0 0.0 230 26.5 0 0 0
13.729 0x00 idle 0 0 0 0 0 0.0 0.0 230 26.5 0 0 0
13.770 0x00 idle 0 0 0 0 0 0.0 0.0 230 26.5 0 0 0
13.809 0x00 idle 0 0 0 0 0 0.0 0.0 230 26.5 0 0 0
13.857 0x00 idle 0 0 0 0 0 0.0 0.0 230 26.5 0 0 0
13.893 0x00 idle 0 0 0 0 0 0.0 0.0 230 26.5 0 0 0
13.937 0x00 idle 0 0 0 0 0 0.0 0.0 230 26.5 0 0 0
13.969 0x00 idle 0 0 0 0 0 0.0 0.0 230 26.5 0 0 0
14.007 0x00 idle 0 0 0 0 0 0.0 0.0 230 26.5 0 0 0
14.051 0x00 idle 0 0 0 0 0 0.0 0.0 230 26.5 0 0 0
14.090 0x00 idle 0 0 0 0 0 0.0 0.0 230 26.5 0 0 0
14.132 0x00 idle 0 0 0 0 0 0.0 0.0 230 26.5 0 0 0
14.168 0x00 idle 0 0 0 0 0 0.0 0.0 230 26.5 0 0 0
14.209 0x00 idle 0 0 0 0 0 0.0 0.0 230 26.5 0 0 0
14.248 0x00 idle 0 0 0 0 0 0.0 0.0 230 26.5 0 0 0
14.292 0x00 idle 0 0 0 0 0 0.0 0.0 230 26.5 0 0 0
14.331 0x00 idle 0 0 0 0 0 0.0 0.0 230 26.5 0 0 0

[tcp_trajectory]
elapsed_s x_m y_m z_m qx qy qz qw speed_m_s tf_stamp_s along_mm remaining_mm cross_track_mm progress waypoint phase
0.0015 -0.0190482 -1.7197349 0.6740118 -0.29667230 0.73633566 -0.59212892 -0.13848713 0.000000 1789459300.133023977 -0.855 157.430 0.482 0.00000 -1 ACTUAL_TF
0.0482 -0.0189981 -1.7197831 0.6738050 -0.29664740 0.73634198 -0.59214090 -0.13845564 0.003896 1789459300.189038038 -0.908 157.483 0.290 0.00000 -1 ACTUAL_TF
0.1037 -0.0189798 -1.7198027 0.6737094 -0.29663029 0.73634760 -0.59214604 -0.13844044 0.003259 1789459300.245046377 -0.930 157.505 0.219 0.00000 -1 ACTUAL_TF
0.1595 -0.0189737 -1.7198072 0.6736773 -0.29663034 0.73634758 -0.59214654 -0.13843831 0.002458 1789459300.301035166 -0.935 157.510 0.201 0.00000 -1 ACTUAL_TF
0.2183 -0.0189824 -1.7197653 0.6736626 -0.29663518 0.73635805 -0.59213172 -0.13843562 0.001963 1789459300.357013464 -0.893 157.468 0.203 0.00000 -1 ACTUAL_TF
0.2778 -0.0189945 -1.7197065 0.6736420 -0.29664196 0.73637271 -0.59211097 -0.13843185 0.001714 1789459300.412986517 -0.834 157.410 0.208 0.00000 -1 ACTUAL_TF
0.3331 -0.0190080 -1.7196435 0.6736198 -0.29665061 0.73638789 -0.59208845 -0.13842891 0.001565 1789459300.468979359 -0.771 157.347 0.216 0.00000 -1 ACTUAL_TF
0.3900 -0.0190217 -1.7195881 0.6736036 -0.29665617 0.73639928 -0.59207159 -0.13842846 0.001414 1789459300.524967194 -0.716 157.291 0.228 0.00000 -1 ACTUAL_TF
0.4363 -0.0190395 -1.7195230 0.6735988 -0.29665752 0.73640368 -0.59206464 -0.13843194 0.001352 1789459300.581003189 -0.650 157.226 0.244 0.00000 -1 ACTUAL_TF
0.4949 -0.0190565 -1.7194623 0.6736130 -0.29665256 0.73639574 -0.59207548 -0.13843845 0.001291 1789459300.637134790 -0.589 157.164 0.259 0.00000 -1 ACTUAL_TF
0.5508 -0.0190878 -1.7193584 0.6736191 -0.29664659 0.73639555 -0.59207661 -0.13844740 0.001487 1789459300.693068266 -0.484 157.059 0.287 0.00000 -1 ACTUAL_TF
0.6070 -0.0191061 -1.7192457 0.6736252 -0.29664241 0.73639468 -0.59207793 -0.13845536 0.001654 1789459300.749003410 -0.371 156.946 0.302 0.00000 -1 ACTUAL_TF
0.6630 -0.0191109 -1.7190875 0.6736340 -0.29664273 0.73639074 -0.59208125 -0.13846140 0.002006 1789459300.805068970 -0.212 156.787 0.302 0.00000 -1 ACTUAL_TF
0.7206 -0.0190954 -1.7189066 0.6736577 -0.29664791 0.73637358 -0.59209931 -0.13846436 0.002384 1789459300.861101627 -0.032 156.607 0.282 0.00000 -1 ACTUAL_TF
0.7790 -0.0190891 -1.7187074 0.6736550 -0.29666051 0.73637464 -0.59209236 -0.13846142 0.002738 1789459300.917052031 0.167 156.408 0.269 0.00000 -1 ACTUAL_TF
0.8365 -0.0191021 -1.7184861 0.6736767 -0.29665895 0.73636269 -0.59210563 -0.13847155 0.003112 1789459300.972937822 0.389 156.186 0.278 0.00000 -1 ACTUAL_TF
0.8940 -0.0190890 -1.7183027 0.6737068 -0.29666122 0.73634177 -0.59212921 -0.13847717 0.003176 1789459301.028993130 0.573 156.003 0.266 0.00000 -1 ACTUAL_TF
0.9399 -0.0190911 -1.7180493 0.6737248 -0.29666565 0.73633110 -0.59213876 -0.13848353 0.003584 1789459301.085015535 0.826 155.749 0.264 0.00000 -1 ACTUAL_TF
1.0058 -0.0191066 -1.7178172 0.6737349 -0.29666613 0.73632829 -0.59214107 -0.13848759 0.003757 1789459301.140964270 1.059 155.516 0.274 0.00000 -1 ACTUAL_TF
1.0558 -0.0190849 -1.7175443 0.6737730 -0.29666616 0.73630449 -0.59216962 -0.13849198 0.004107 1789459301.197111130 1.331 155.244 0.261 0.00000 -1 ACTUAL_TF
1.1107 -0.0190871 -1.7173028 0.6737950 -0.29666538 0.73629344 -0.59218350 -0.13849302 0.004175 1789459301.253052950 1.573 155.002 0.266 0.00000 -1 ACTUAL_TF
1.1681 -0.0190922 -1.7169960 0.6738157 -0.29666544 0.73628456 -0.59219383 -0.13849600 0.004573 1789459301.308965206 1.880 154.695 0.271 0.00000 -1 ACTUAL_TF
1.2251 -0.0191010 -1.7166601 0.6738378 -0.29666165 0.73627710 -0.59220378 -0.13850117 0.004991 1789459301.365379095 2.217 154.358 0.279 0.00000 -1 ACTUAL_TF
1.2831 -0.0190706 -1.7163845 0.6738586 -0.29658878 0.73630757 -0.59221723 -0.13843777 0.004992 1789459301.421072960 2.491 154.084 0.263 0.00000 -1 ACTUAL_TF
1.3419 -0.0190805 -1.7160171 0.6738755 -0.29658662 0.73630202 -0.59222456 -0.13844055 0.005465 1789459301.477069855 2.859 153.716 0.269 0.00000 -1 ACTUAL_TF
1.3901 -0.0190871 -1.7156782 0.6738846 -0.29659029 0.73629659 -0.59222863 -0.13844418 0.005644 1789459301.533033371 3.198 153.377 0.269 0.00000 -1 ACTUAL_TF
1.4488 -0.0191005 -1.7152683 0.6738895 -0.29659755 0.73629219 -0.59222910 -0.13844995 0.006150 1789459301.588973045 3.608 152.967 0.268 0.00000 -1 ACTUAL_TF
1.5057 -0.0191145 -1.7148756 0.6738671 -0.29661182 0.73630360 -0.59220802 -0.13844891 0.006409 1789459301.645099640 4.001 152.574 0.247 0.00000 -1 ACTUAL_TF
1.5669 -0.0191239 -1.7144452 0.6738762 -0.29661221 0.73629204 -0.59222027 -0.13845717 0.006794 1789459301.701072454 4.431 152.144 0.246 0.00000 -1 ACTUAL_TF
1.6220 -0.0190874 -1.7140692 0.6738896 -0.29652482 0.73632448 -0.59224163 -0.13838044 0.006781 1789459301.757062435 4.806 151.769 0.222 0.00000 -1 ACTUAL_TF
1.6690 -0.0190899 -1.7136254 0.6738882 -0.29652407 0.73631831 -0.59225010 -0.13837864 0.007130 1789459301.812925577 5.250 151.325 0.208 0.00000 -1 ACTUAL_TF
1.7247 -0.0191062 -1.7131232 0.6738721 -0.29653432 0.73632012 -0.59224264 -0.13837894 0.007682 1789459301.868973970 5.752 150.823 0.187 0.00000 -1 ACTUAL_TF
1.7801 -0.0191166 -1.7127849 0.6738917 -0.29652016 0.73630565 -0.59226643 -0.13838448 0.007194 1789459301.924969435 6.091 150.484 0.199 0.00000 -1 ACTUAL_TF
1.8358 -0.0191195 -1.7123385 0.6738852 -0.29651809 0.73630747 -0.59226639 -0.13837940 0.007425 1789459301.981015444 6.537 150.038 0.181 0.00000 -1 ACTUAL_TF
1.8956 -0.0191363 -1.7119342 0.6738578 -0.29652235 0.73632420 -0.59224475 -0.13837388 0.007368 1789459302.037074804 6.941 149.634 0.155 0.00000 -1 ACTUAL_TF
1.9543 -0.0191333 -1.7115072 0.6738564 -0.29651794 0.73632570 -0.59224703 -0.13836556 0.007448 1789459302.093016386 7.368 149.208 0.138 0.00000 -1 ACTUAL_TF
2.0107 -0.0191272 -1.7111641 0.6738618 -0.29651111 0.73632575 -0.59225270 -0.13835570 0.007051 1789459302.149029493 7.710 148.865 0.128 0.00000 -1 ACTUAL_TF
2.0705 -0.0191277 -1.7107117 0.6738515 -0.29651738 0.73633285 -0.59224298 -0.13834604 0.007364 1789459302.204948664 8.162 148.413 0.106 0.00000 -1 ACTUAL_TF
2.1212 -0.0191317 -1.7102828 0.6738495 -0.29651972 0.73633417 -0.59224073 -0.13834365 0.007449 1789459302.261023760 8.591 147.984 0.093 0.00000 -1 ACTUAL_TF
2.1826 -0.0191350 -1.7099440 0.6738537 -0.29651757 0.73632980 -0.59224723 -0.13834372 0.007031 1789459302.316987038 8.930 147.645 0.089 0.00000 -1 ACTUAL_TF
2.2367 -0.0191307 -1.7095192 0.6738574 -0.29651638 0.73632629 -0.59225367 -0.13833734 0.007199 1789459302.372956991 9.354 147.221 0.080 0.00000 -1 ACTUAL_TF
2.2919 -0.0191422 -1.7091435 0.6738617 -0.29650820 0.73632934 -0.59225567 -0.13833005 0.007047 1789459302.429124832 9.730 146.845 0.078 0.00000 -1 ACTUAL_TF
2.3450 -0.0191426 -1.7087196 0.6738602 -0.29650176 0.73633292 -0.59225649 -0.13832130 0.007206 1789459302.485078096 10.154 146.421 0.067 0.00000 -1 ACTUAL_TF
2.4034 -0.0191492 -1.7083840 0.6738906 -0.29649462 0.73631562 -0.59228057 -0.13832560 0.006850 1789459302.541050673 10.490 146.085 0.092 0.00000 -1 ACTUAL_TF
2.4630 -0.0191643 -1.7079262 0.6738790 -0.29650473 0.73632248 -0.59226719 -0.13832472 0.007250 1789459302.597048759 10.948 145.628 0.073 0.00000 -1 ACTUAL_TF
2.5116 -0.0191740 -1.7075930 0.6738884 -0.29650316 0.73631908 -0.59227120 -0.13832898 0.006863 1789459302.652994156 11.281 145.294 0.076 0.00000 -1 ACTUAL_TF
2.5727 -0.0191852 -1.7071126 0.6738642 -0.29651594 0.73633607 -0.59224527 -0.13832219 0.007368 1789459302.709281683 11.761 144.814 0.044 0.00000 -1 ACTUAL_TF
2.6248 -0.0191875 -1.7067338 0.6738830 -0.29651010 0.73632698 -0.59225931 -0.13832297 0.007196 1789459302.765111446 12.140 144.435 0.058 0.00000 -1 ACTUAL_TF
2.6856 -0.0192080 -1.7063452 0.6738700 -0.29650454 0.73634390 -0.59224314 -0.13831407 0.007122 1789459302.821128607 12.529 144.046 0.037 0.00000 -1 ACTUAL_TF
2.7350 -0.0192189 -1.7059281 0.6738760 -0.29649658 0.73634805 -0.59224376 -0.13830641 0.007223 1789459302.877070427 12.946 143.629 0.037 0.00000 -1 ACTUAL_TF
2.8013 -0.0192287 -1.7055635 0.6738858 -0.29649974 0.73634653 -0.59224372 -0.13830787 0.007008 1789459302.933147669 13.311 143.264 0.041 0.00000 -1 ACTUAL_TF
2.8521 -0.0192507 -1.7051462 0.6738998 -0.29649699 0.73633866 -0.59225333 -0.13831453 0.007147 1789459302.989127874 13.729 142.846 0.046 0.00000 -1 ACTUAL_TF
2.9027 -0.0192588 -1.7047919 0.6739114 -0.29649721 0.73633457 -0.59225797 -0.13831596 0.006905 1789459303.045037508 14.083 142.492 0.052 0.00000 -1 ACTUAL_TF
2.9736 -0.0192668 -1.7043920 0.6739187 -0.29649723 0.73633057 -0.59226261 -0.13831735 0.006971 1789459303.101173162 14.483 142.092 0.053 0.00000 -1 ACTUAL_TF
3.0218 -0.0192796 -1.7040297 0.6739275 -0.29650004 0.73632793 -0.59226405 -0.13831921 0.006827 1789459303.157061338 14.846 141.729 0.056 0.00000 -1 ACTUAL_TF
3.0731 -0.0192957 -1.7036097 0.6739392 -0.29648972 0.73632934 -0.59226813 -0.13831637 0.007029 1789459303.213105917 15.266 141.309 0.060 0.00000 -1 ACTUAL_TF
3.1377 -0.0192978 -1.7032045 0.6739568 -0.29648154 0.73632488 -0.59227896 -0.13831124 0.007096 1789459303.269028902 15.672 140.903 0.072 0.00000 -1 ACTUAL_TF
3.1881 -0.0193114 -1.7028244 0.6739369 -0.29649254 0.73634255 -0.59225310 -0.13830434 0.007006 1789459303.325084925 16.052 140.523 0.047 0.00000 -1 ACTUAL_TF
3.2480 -0.0193314 -1.7023936 0.6739355 -0.29649214 0.73634738 -0.59224651 -0.13830773 0.007212 1789459303.381154060 16.483 140.092 0.036 0.00000 -1 ACTUAL_TF
3.2960 -0.0193432 -1.7020608 0.6739422 -0.29649334 0.73634665 -0.59224630 -0.13830990 0.006832 1789459303.437153578 16.816 139.759 0.037 0.00000 -1 ACTUAL_TF
3.3592 -0.0193597 -1.7016300 0.6739477 -0.29649337 0.73634886 -0.59224339 -0.13831052 0.007096 1789459303.493059158 17.247 139.328 0.035 0.00000 -1 ACTUAL_TF
3.4126 -0.0193755 -1.7012622 0.6739377 -0.29649818 0.73635907 -0.59222927 -0.13830629 0.006931 1789459303.549327612 17.615 138.960 0.018 0.00000 -1 ACTUAL_TF
3.4623 -0.0193903 -1.7008374 0.6739446 -0.29648816 0.73636031 -0.59223330 -0.13830399 0.007140 1789459303.605067253 18.040 138.535 0.018 0.00000 -1 ACTUAL_TF
3.5213 -0.0193946 -1.7004759 0.6739495 -0.29648771 0.73636150 -0.59223362 -0.13829723 0.006935 1789459303.661061049 18.402 138.174 0.018 0.00000 -1 ACTUAL_TF
3.5850 -0.0194083 -1.7000686 0.6739789 -0.29647775 0.73634655 -0.59225569 -0.13830363 0.007043 1789459303.717076540 18.810 137.766 0.040 0.00000 -1 ACTUAL_TF
3.6344 -0.0194264 -1.6996534 0.6739955 -0.29647587 0.73633578 -0.59226848 -0.13831022 0.007150 1789459303.773286343 19.225 137.350 0.049 0.00000 -1 ACTUAL_TF
3.6928 -0.0194275 -1.6993237 0.6740085 -0.29647295 0.73632798 -0.59227986 -0.13830933 0.006777 1789459303.829141140 19.555 137.020 0.057 0.00000 -1 ACTUAL_TF
3.7462 -0.0194435 -1.6989027 0.6740160 -0.29646648 0.73633027 -0.59228101 -0.13830605 0.007001 1789459303.885147810 19.976 136.599 0.057 0.00000 -1 ACTUAL_TF
3.8049 -0.0194614 -1.6985372 0.6740108 -0.29646291 0.73633890 -0.59227290 -0.13830247 0.006865 1789459303.941046238 20.342 136.233 0.045 0.00000 -1 ACTUAL_TF
3.8603 -0.0194784 -1.6981049 0.6739991 -0.29646732 0.73635174 -0.59225536 -0.13829980 0.007116 1789459303.997223616 20.775 135.801 0.026 0.00000 -1 ACTUAL_TF
3.9190 -0.0194877 -1.6977308 0.6739985 -0.29647052 0.73635641 -0.59224836 -0.13829801 0.006987 1789459304.053208351 21.149 135.426 0.019 0.00000 -1 ACTUAL_TF
3.9756 -0.0195031 -1.6973177 0.6740086 -0.29646672 0.73635264 -0.59225405 -0.13830187 0.007101 1789459304.109324694 21.562 135.013 0.022 0.00000 -1 ACTUAL_TF
4.0266 -0.0195074 -1.6969731 0.6740072 -0.29646904 0.73635769 -0.59224770 -0.13829719 0.006826 1789459304.165062666 21.907 134.668 0.016 0.00000 -1 ACTUAL_TF
4.0802 -0.0195162 -1.6965482 0.6740112 -0.29646567 0.73636239 -0.59224478 -0.13829192 0.007054 1789459304.221075058 22.332 134.244 0.016 0.00000 -1 ACTUAL_TF
4.1405 -0.0195404 -1.6960841 0.6739991 -0.29646948 0.73637549 -0.59222727 -0.13828903 0.007429 1789459304.277067423 22.796 133.779 0.009 0.00000 -1 ACTUAL_TF
4.1923 -0.0195505 -1.6957588 0.6740273 -0.29646246 0.73636058 -0.59224756 -0.13829654 0.006949 1789459304.333106279 23.122 133.453 0.014 0.00000 -1 ACTUAL_TF
4.2506 -0.0195655 -1.6953071 0.6740324 -0.29646533 0.73636284 -0.59224389 -0.13829406 0.007284 1789459304.389141560 23.574 133.001 0.012 0.00000 -1 ACTUAL_TF
4.3063 -0.0195776 -1.6949867 0.6740688 -0.29645481 0.73634319 -0.59227171 -0.13830209 0.006821 1789459304.445354223 23.895 132.680 0.043 0.00000 -1 ACTUAL_TF
4.3671 -0.0195892 -1.6945760 0.6740918 -0.29644815 0.73633184 -0.59228872 -0.13830399 0.006988 1789459304.501138687 24.306 132.269 0.058 0.00000 -1 ACTUAL_TF
4.4196 -0.0195925 -1.6942345 0.6741028 -0.29644646 0.73632976 -0.59229294 -0.13830060 0.006721 1789459304.557154894 24.648 131.927 0.064 0.00000 -1 ACTUAL_TF
4.4730 -0.0196095 -1.6938177 0.6740909 -0.29644914 0.73634202 -0.59227720 -0.13829697 0.006942 1789459304.613113165 25.065 131.510 0.045 0.00000 -1 ACTUAL_TF
4.5377 -0.0196294 -1.6933544 0.6740700 -0.29645914 0.73636261 -0.59224791 -0.13829133 0.007341 1789459304.669233799 25.528 131.047 0.016 0.00000 -1 ACTUAL_TF
4.5930 -0.0196409 -1.6929835 0.6740672 -0.29645927 0.73636724 -0.59224292 -0.13828778 0.007125 1789459304.725271702 25.899 130.676 0.007 0.00000 -1 ACTUAL_TF
4.6432 -0.0196562 -1.6925598 0.6740680 -0.29645641 0.73637299 -0.59223791 -0.13828479 0.007262 1789459304.781216860 26.323 130.252 0.003 0.00000 -1 ACTUAL_TF
4.7052 -0.0196774 -1.6922248 0.6740839 -0.29644947 0.73636930 -0.59224460 -0.13829065 0.006887 1789459304.837115049 26.659 129.916 0.017 0.00000 -1 ACTUAL_TF
4.7563 -0.0197019 -1.6917924 0.6740673 -0.29645290 0.73638621 -0.59222209 -0.13828968 0.007145 1789459304.893068552 27.091 129.484 0.027 0.00000 -1 ACTUAL_TF
4.8072 -0.0197098 -1.6914587 0.6740849 -0.29645102 0.73637923 -0.59223139 -0.13829105 0.006787 1789459304.949203491 27.425 129.150 0.021 0.00000 -1 ACTUAL_TF
4.8731 -0.0197309 -1.6910166 0.6740950 -0.29644939 0.73637830 -0.59223299 -0.13829263 0.007130 1789459305.005022526 27.868 128.707 0.028 0.00000 -1 ACTUAL_TF
4.9235 -0.0197456 -1.6906399 0.6740997 -0.29644935 0.73637796 -0.59223354 -0.13829211 0.007007 1789459305.061129570 28.245 128.330 0.031 0.00000 -1 ACTUAL_TF
4.9779 -0.0197540 -1.6902341 0.6741321 -0.29644333 0.73636262 -0.59225466 -0.13829628 0.007086 1789459305.117156982 28.651 127.924 0.036 0.00000 -1 ACTUAL_TF
5.0448 -0.0197578 -1.6898479 0.6741593 -0.29643435 0.73634975 -0.59227487 -0.13829753 0.007037 1789459305.173064470 29.038 127.537 0.049 0.00000 -1 ACTUAL_TF
5.0914 -0.0197774 -1.6894907 0.6741649 -0.29643170 0.73635178 -0.59227345 -0.13829846 0.006842 1789459305.229087591 29.396 127.180 0.052 0.00000 -1 ACTUAL_TF
5.1444 -0.0197828 -1.6890564 0.6741480 -0.29644260 0.73636695 -0.59225134 -0.13828897 0.007117 1789459305.285092115 29.829 126.746 0.027 0.00000 -1 ACTUAL_TF
5.2062 -0.0197960 -1.6886948 0.6741543 -0.29644150 0.73636831 -0.59225020 -0.13828902 0.006921 1789459305.341099739 30.191 126.384 0.029 0.00000 -1 ACTUAL_TF
5.2548 -0.0198080 -1.6882671 0.6741681 -0.29643918 0.73636512 -0.59225481 -0.13829125 0.007136 1789459305.397154808 30.619 125.956 0.033 0.00000 -1 ACTUAL_TF
5.3124 -0.0198148 -1.6879059 0.6741612 -0.29644631 0.73637063 -0.59224494 -0.13828887 0.006934 1789459305.453066587 30.980 125.595 0.020 0.00000 -1 ACTUAL_TF
5.3708 -0.0198186 -1.6875046 0.6741700 -0.29644830 0.73636834 -0.59224686 -0.13828857 0.007000 1789459305.509163380 31.382 125.193 0.017 0.00000 -1 ACTUAL_TF
5.4345 -0.0198314 -1.6871251 0.6741540 -0.29645178 0.73638404 -0.59222681 -0.13828340 0.006933 1789459305.565251112 31.761 124.814 0.008 0.00000 -1 ACTUAL_TF
5.4854 -0.0198293 -1.6867244 0.6741837 -0.29644456 0.73637035 -0.59224781 -0.13828183 0.007009 1789459305.621172190 32.162 124.413 0.020 0.00000 -1 ACTUAL_TF
5.5435 -0.0198363 -1.6862969 0.6741973 -0.29643993 0.73636441 -0.59225751 -0.13828188 0.007205 1789459305.677013636 32.590 123.985 0.029 0.00000 -1 ACTUAL_TF
5.5933 -0.0198471 -1.6859446 0.6742104 -0.29643902 0.73635817 -0.59226523 -0.13828394 0.006927 1789459305.733187675 32.942 123.633 0.035 0.00000 -1 ACTUAL_TF
5.6530 -0.0198543 -1.6855143 0.6742305 -0.29643775 0.73634839 -0.59227758 -0.13828584 0.007157 1789459305.789191008 33.373 123.202 0.049 0.00000 -1 ACTUAL_TF
5.7127 -0.0198575 -1.6851861 0.6742454 -0.29643709 0.73633963 -0.59228860 -0.13828669 0.006768 1789459305.845242739 33.701 122.874 0.061 0.00000 -1 ACTUAL_TF
5.7600 -0.0198809 -1.6847410 0.6742303 -0.29643986 0.73635677 -0.59226674 -0.13828316 0.007130 1789459305.901168108 34.146 122.429 0.037 0.00000 -1 ACTUAL_TF
5.8203 -0.0199029 -1.6843753 0.6742183 -0.29643671 0.73637269 -0.59224962 -0.13827847 0.006956 1789459305.957121134 34.512 122.063 0.016 0.00000 -1 ACTUAL_TF
5.8739 -0.0199076 -1.6839694 0.6742397 -0.29643155 0.73636322 -0.59226408 -0.13827804 0.007053 1789459306.012958288 34.919 121.656 0.033 0.00000 -1 ACTUAL_TF
5.9403 -0.0199201 -1.6836004 0.6742533 -0.29642986 0.73636107 -0.59226721 -0.13827964 0.006905 1789459306.069269657 35.288 121.287 0.038 0.00000 -1 ACTUAL_TF
5.9893 -0.0199337 -1.6831855 0.6742576 -0.29642880 0.73636107 -0.59226745 -0.13828091 0.007067 1789459306.125042677 35.703 120.872 0.036 0.00000 -1 ACTUAL_TF
6.0433 -0.0199463 -1.6827534 0.6742565 -0.29643349 0.73636625 -0.59225881 -0.13828027 0.007260 1789459306.181103468 36.135 120.440 0.030 0.00000 -1 ACTUAL_TF
6.0998 -0.0199508 -1.6824226 0.6742618 -0.29643183 0.73636661 -0.59225977 -0.13827778 0.006855 1789459306.237082958 36.466 120.109 0.034 0.00000 -1 ACTUAL_TF
6.1584 -0.0199618 -1.6820085 0.6742802 -0.29642547 0.73636133 -0.59226980 -0.13827662 0.007019 1789459306.293118715 36.881 119.695 0.043 0.00000 -1 ACTUAL_TF
6.2100 -0.0199850 -1.6816437 0.6742772 -0.29642104 0.73636901 -0.59226266 -0.13827575 0.006876 1789459306.349001408 37.246 119.329 0.029 0.00000 -1 ACTUAL_TF
6.2672 -0.0199950 -1.6811997 0.6743010 -0.29641602 0.73635563 -0.59228081 -0.13828004 0.007183 1789459306.405302763 37.690 118.885 0.045 0.00000 -1 ACTUAL_TF
6.3224 -0.0200089 -1.6808748 0.6743304 -0.29640690 0.73634033 -0.59230234 -0.13828883 0.006776 1789459306.461320877 38.016 118.559 0.066 0.00000 -1 ACTUAL_TF
6.3845 -0.0200181 -1.6804507 0.6743285 -0.29641107 0.73634446 -0.59229574 -0.13828617 0.007018 1789459306.517277241 38.440 118.135 0.059 0.00000 -1 ACTUAL_TF
6.4335 -0.0200199 -1.6800900 0.6743107 -0.29641866 0.73635854 -0.59227651 -0.13827732 0.006858 1789459306.572969437 38.800 117.775 0.044 0.00000 -1 ACTUAL_TF
6.4924 -0.0200284 -1.6796702 0.6743214 -0.29641226 0.73636071 -0.59227822 -0.13827212 0.007046 1789459306.629097700 39.220 117.355 0.050 0.00000 -1 ACTUAL_TF
6.5412 -0.0200492 -1.6792592 0.6743277 -0.29640778 0.73635963 -0.59228133 -0.13827417 0.007136 1789459306.685106039 39.632 116.943 0.044 0.00000 -1 ACTUAL_TF
6.5974 -0.0200642 -1.6788836 0.6743323 -0.29641010 0.73636205 -0.59227685 -0.13827551 0.007012 1789459306.741040230 40.008 116.567 0.041 0.00000 -1 ACTUAL_TF
6.6552 -0.0200782 -1.6784251 0.6743271 -0.29641855 0.73636695 -0.59226704 -0.13827331 0.007362 1789459306.797119379 40.466 116.109 0.032 0.00000 -1 ACTUAL_TF
6.7184 -0.0200971 -1.6780925 0.6743442 -0.29640857 0.73636063 -0.59227861 -0.13827878 0.006942 1789459306.853089094 40.799 115.776 0.035 0.00000 -1 ACTUAL_TF
6.7666 -0.0201130 -1.6776785 0.6743647 -0.29639974 0.73635132 -0.59229364 -0.13828293 0.007083 1789459306.909049273 41.214 115.361 0.047 0.00000 -1 ACTUAL_TF
6.8283 -0.0201173 -1.6773447 0.6743732 -0.29639290 0.73635375 -0.59229558 -0.13827633 0.006748 1789459306.965028763 41.548 115.027 0.051 0.00000 -1 ACTUAL_TF
6.8901 -0.0201378 -1.6769248 0.6743878 -0.29638797 0.73635030 -0.59230160 -0.13827953 0.006974 1789459307.021099806 41.968 114.607 0.056 0.00000 -1 ACTUAL_TF
6.9414 -0.0201537 -1.6764856 0.6743865 -0.29639561 0.73634937 -0.59229832 -0.13828215 0.007228 1789459307.077285767 42.408 114.167 0.047 0.00000 -1 ACTUAL_TF
6.9909 -0.0201742 -1.6761086 0.6743894 -0.29639681 0.73635223 -0.59229354 -0.13828484 0.007093 1789459307.132998466 42.785 113.790 0.042 0.00000 -1 ACTUAL_TF
7.0476 -0.0201946 -1.6756769 0.6743796 -0.29639864 0.73636600 -0.59227655 -0.13828033 0.007281 1789459307.189004898 43.217 113.358 0.025 0.00000 -1 ACTUAL_TF
7.1083 -0.0202078 -1.6753479 0.6743881 -0.29638958 0.73636681 -0.59228003 -0.13828050 0.006858 1789459307.245096207 43.547 113.029 0.029 0.00000 -1 ACTUAL_TF
7.1573 -0.0202280 -1.6749036 0.6743702 -0.29639436 0.73638686 -0.59225478 -0.13827163 0.007187 1789459307.301049948 43.991 112.584 0.013 0.00000 -1 ACTUAL_TF
7.2174 -0.0202298 -1.6745805 0.6743871 -0.29639378 0.73637685 -0.59226707 -0.13827357 0.006763 1789459307.357083797 44.314 112.261 0.015 0.00000 -1 ACTUAL_TF
7.2826 -0.0202463 -1.6741154 0.6743837 -0.29639916 0.73638414 -0.59225609 -0.13827027 0.007224 1789459307.413169146 44.779 111.796 0.006 0.00000 -1 ACTUAL_TF
7.3342 -0.0202578 -1.6737322 0.6743757 -0.29640150 0.73639399 -0.59224377 -0.13826557 0.007117 1789459307.469004631 45.163 111.413 0.013 0.00000 -1 ACTUAL_TF
7.3837 -0.0202637 -1.6733194 0.6743980 -0.29639703 0.73638296 -0.59225949 -0.13826653 0.007200 1789459307.524930477 45.576 110.999 0.004 0.00000 -1 ACTUAL_TF
7.4419 -0.0202675 -1.6729304 0.6744237 -0.29638902 0.73637206 -0.59227693 -0.13826706 0.007128 1789459307.580953836 45.965 110.610 0.025 0.00000 -1 ACTUAL_TF
7.4928 -0.0202875 -1.6725713 0.6744396 -0.29638528 0.73636698 -0.59228354 -0.13827385 0.006913 1789459307.637083292 46.325 110.250 0.033 0.00000 -1 ACTUAL_TF
7.5539 -0.0203057 -1.6721363 0.6744396 -0.29638895 0.73637126 -0.59227654 -0.13827316 0.007169 1789459307.693134546 46.760 109.815 0.025 0.00000 -1 ACTUAL_TF
7.6160 -0.0203157 -1.6717844 0.6744506 -0.29638730 0.73636408 -0.59228576 -0.13827539 0.006905 1789459307.749147892 47.112 109.463 0.030 0.00000 -1 ACTUAL_TF
7.6665 -0.0203373 -1.6713510 0.6744515 -0.29638294 0.73637162 -0.59227863 -0.13827515 0.007156 1789459307.805192232 47.546 109.029 0.025 0.00000 -1 ACTUAL_TF
7.7199 -0.0203425 -1.6709796 0.6744374 -0.29638804 0.73638534 -0.59226134 -0.13826519 0.007004 1789459307.861115217 47.917 108.658 0.004 0.00000 -1 ACTUAL_TF
7.7882 -0.0203451 -1.6705922 0.6744512 -0.29638384 0.73638037 -0.59227023 -0.13826258 0.006972 1789459307.917316914 48.305 108.270 0.013 0.00000 -1 ACTUAL_TF
7.8378 -0.0203656 -1.6702160 0.6744413 -0.29639226 0.73638908 -0.59225481 -0.13826420 0.006910 1789459307.973038197 48.681 107.894 0.006 0.00000 -1 ACTUAL_TF
7.8937 -0.0203852 -1.6697970 0.6744450 -0.29639789 0.73638636 -0.59225379 -0.13827097 0.007079 1789459308.029166460 49.100 107.475 0.012 0.00000 -1 ACTUAL_TF
7.9424 -0.0204080 -1.6693806 0.6744536 -0.29640282 0.73637769 -0.59225988 -0.13828054 0.007186 1789459308.085260868 49.517 107.058 0.018 0.00000 -1 ACTUAL_TF
8.0016 -0.0204244 -1.6690052 0.6744589 -0.29640904 0.73637605 -0.59225795 -0.13828418 0.007046 1789459308.141180277 49.893 106.682 0.023 0.00000 -1 ACTUAL_TF
8.0535 -0.0204234 -1.6685978 0.6744869 -0.29635233 0.73638724 -0.59228060 -0.13824912 0.007123 1789459308.197098255 50.301 106.274 0.014 0.00000 -1 ACTUAL_TF
8.1133 -0.0204306 -1.6682505 0.6744948 -0.29634879 0.73638702 -0.59228336 -0.13824607 0.006847 1789459308.253121376 50.648 105.927 0.015 0.00000 -1 ACTUAL_TF
8.1708 -0.0204459 -1.6678400 0.6745147 -0.29635439 0.73637186 -0.59229672 -0.13825754 0.007000 1789459308.309028625 51.059 105.516 0.028 0.00000 -1 ACTUAL_TF
8.2231 -0.0204680 -1.6674742 0.6745208 -0.29636247 0.73637065 -0.59229211 -0.13826643 0.006865 1789459308.364980459 51.426 105.149 0.031 0.00000 -1 ACTUAL_TF
8.2908 -0.0204829 -1.6670526 0.6745354 -0.29636944 0.73635742 -0.59230247 -0.13827760 0.007064 1789459308.421039820 51.848 104.727 0.039 0.00000 -1 ACTUAL_TF
8.3399 -0.0204950 -1.6666832 0.6745240 -0.29638443 0.73636221 -0.59228828 -0.13828075 0.006927 1789459308.477017403 52.217 104.358 0.025 0.00000 -1 ACTUAL_TF
8.3919 -0.0205158 -1.6662386 0.6745102 -0.29639914 0.73637200 -0.59226807 -0.13828361 0.007235 1789459308.533009529 52.662 103.913 0.025 0.00000 -1 ACTUAL_TF
8.4512 -0.0205078 -1.6658221 0.6745263 -0.29633636 0.73640046 -0.59227583 -0.13823337 0.007296 1789459308.589049339 53.078 103.497 0.006 0.00000 -1 ACTUAL_TF
8.5036 -0.0205061 -1.6654854 0.6745304 -0.29634918 0.73639746 -0.59227285 -0.13823464 0.006874 1789459308.646242619 53.415 103.161 0.009 0.00000 -1 ACTUAL_TF
8.5606 -0.0205294 -1.6650659 0.6745326 -0.29635824 0.73639836 -0.59226505 -0.13824386 0.007104 1789459308.701228380 53.835 102.741 0.002 0.00000 -1 ACTUAL_TF
8.6209 -0.0205416 -1.6646990 0.6745319 -0.29637094 0.73639650 -0.59225977 -0.13824913 0.006943 1789459308.757128239 54.202 102.374 0.009 0.00000 -1 ACTUAL_TF
8.6685 -0.0205498 -1.6642401 0.6745302 -0.29638569 0.73639634 -0.59225215 -0.13825100 0.007315 1789459308.813216209 54.660 101.915 0.019 0.00000 -1 ACTUAL_TF
8.7313 -0.0205533 -1.6639171 0.6745573 -0.29636644 0.73638872 -0.59227212 -0.13824735 0.006862 1789459308.869055748 54.984 101.591 0.012 0.00000 -1 ACTUAL_TF
8.7834 -0.0205580 -1.6635123 0.6745764 -0.29635878 0.73638015 -0.59228714 -0.13824506 0.006969 1789459308.925194979 55.389 101.186 0.025 0.00000 -1 ACTUAL_TF
8.8457 -0.0205693 -1.6631058 0.6746049 -0.29636283 0.73636305 -0.59230376 -0.13825621 0.007064 1789459308.981138468 55.796 100.779 0.043 0.00000 -1 ACTUAL_TF
8.8940 -0.0205764 -1.6627598 0.6746104 -0.29636605 0.73636266 -0.59230236 -0.13825741 0.006799 1789459309.037143946 56.142 100.433 0.045 0.00000 -1 ACTUAL_TF
8.9511 -0.0205940 -1.6623306 0.6746144 -0.29635231 0.73637389 -0.59229757 -0.13824757 0.007062 1789459309.093104124 56.572 100.004 0.040 0.00000 -1 ACTUAL_TF
9.0156 -0.0206117 -1.6619287 0.6745928 -0.29636541 0.73638680 -0.59227493 -0.13824773 0.007103 1789459309.149068832 56.973 99.602 0.017 0.00000 -1 ACTUAL_TF
9.0632 -0.0206317 -1.6614926 0.6745908 -0.29637569 0.73638836 -0.59226674 -0.13825249 0.007307 1789459309.205173254 57.410 99.165 0.011 0.00000 -1 ACTUAL_TF
9.1236 -0.0206448 -1.6611568 0.6746008 -0.29637677 0.73638257 -0.59227161 -0.13826012 0.006918 1789459309.261080503 57.746 98.829 0.008 0.00000 -1 ACTUAL_TF
9.1832 -0.0206624 -1.6607351 0.6746000 -0.29638234 0.73638480 -0.59226516 -0.13826392 0.007100 1789459309.317176819 58.168 98.407 0.009 0.00000 -1 ACTUAL_TF
9.2433 -0.0206537 -1.6603882 0.6746018 -0.29636211 0.73639877 -0.59226374 -0.13823894 0.006779 1789459309.374725819 58.514 98.061 0.027 0.00000 -1 ACTUAL_TF
9.2913 -0.0206652 -1.6599909 0.6746246 -0.29635598 0.73638948 -0.59227753 -0.13824251 0.006945 1789459309.429034948 58.912 97.663 0.025 0.00000 -1 ACTUAL_TF
9.3428 -0.0206938 -1.6595451 0.6746396 -0.29635757 0.73638336 -0.59228173 -0.13825372 0.007251 1789459309.485156298 59.359 97.216 0.015 0.00000 -1 ACTUAL_TF
9.4079 -0.0207080 -1.6591675 0.6746324 -0.29635443 0.73639287 -0.59227332 -0.13824584 0.007083 1789459309.541640759 59.737 96.839 0.009 0.00000 -1 ACTUAL_TF
9.4546 -0.0207164 -1.6587721 0.6746621 -0.29634549 0.73637482 -0.59229872 -0.13825228 0.007102 1789459309.597138643 60.132 96.443 0.024 0.00000 -1 ACTUAL_TF
9.5348 -0.0207293 -1.6584377 0.6746815 -0.29634497 0.73636338 -0.59231104 -0.13826159 0.006764 1789459309.653222561 60.467 96.108 0.036 0.00000 -1 ACTUAL_TF
9.5754 -0.0207437 -1.6580101 0.6746684 -0.29635201 0.73637369 -0.59229504 -0.13826014 0.007028 1789459309.709225893 60.895 95.680 0.017 0.00000 -1 ACTUAL_TF
9.6230 -0.0207473 -1.6576291 0.6746581 -0.29634287 0.73639191 -0.59228065 -0.13824430 0.006968 1789459309.765052319 61.276 95.299 0.018 0.00000 -1 ACTUAL_TF
9.6846 -0.0207578 -1.6572122 0.6746815 -0.29633633 0.73638276 -0.59229514 -0.13824501 0.007113 1789459309.821099043 61.693 94.882 0.025 0.00000 -1 ACTUAL_TF
9.7487 -0.0207737 -1.6568461 0.6746784 -0.29634424 0.73638786 -0.59228463 -0.13824590 0.006941 1789459309.877137661 62.059 94.516 0.017 0.00000 -1 ACTUAL_TF
9.7999 -0.0207931 -1.6564228 0.6746836 -0.29634690 0.73638626 -0.59228419 -0.13825059 0.007128 1789459309.933146715 62.483 94.092 0.011 0.00000 -1 ACTUAL_TF
9.8525 -0.0208035 -1.6560298 0.6746886 -0.29634295 0.73638607 -0.59228648 -0.13825027 0.007094 1789459309.989189625 62.876 93.699 0.013 0.00000 -1 ACTUAL_TF
9.9003 -0.0208266 -1.6556442 0.6746767 -0.29634146 0.73640240 -0.59226835 -0.13824416 0.007041 1789459310.045076609 63.262 93.313 0.018 0.00000 -1 ACTUAL_TF
9.9585 -0.0208289 -1.6552343 0.6747043 -0.29633974 0.73638514 -0.59228983 -0.13824779 0.007133 1789459310.100996256 63.672 92.903 0.013 0.00000 -1 ACTUAL_TF
10.0205 -0.0208510 -1.6548833 0.6747181 -0.29633379 0.73638331 -0.59229369 -0.13825375 0.006867 1789459310.157338381 64.024 92.551 0.010 0.00000 -1 ACTUAL_TF
10.0835 -0.0208664 -1.6544544 0.6747294 -0.29632854 0.73637988 -0.59230041 -0.13825443 0.007113 1789459310.213203669 64.453 92.122 0.014 0.00000 -1 ACTUAL_TF
10.1307 -0.0208736 -1.6540963 0.6747357 -0.29631121 0.73638640 -0.59230436 -0.13823991 0.006903 1789459310.269060135 64.811 91.764 0.015 0.00000 -1 ACTUAL_TF
10.1962 -0.0208942 -1.6536637 0.6747328 -0.29632032 0.73638715 -0.59229721 -0.13824705 0.007144 1789459310.325238466 65.244 91.331 0.005 0.00000 -1 ACTUAL_TF
10.2462 -0.0209151 -1.6533288 0.6747391 -0.29632317 0.73638305 -0.59229810 -0.13825896 0.006801 1789459310.381190300 65.580 90.995 0.014 0.00000 -1 ACTUAL_TF
10.2935 -0.0209284 -1.6528995 0.6747256 -0.29633960 0.73639086 -0.59227949 -0.13826186 0.007062 1789459310.437200069 66.009 90.566 0.020 0.00000 -1 ACTUAL_TF
10.3525 -0.0209265 -1.6524440 0.6747388 -0.29631448 0.73639786 -0.59228920 -0.13823684 0.007389 1789459310.493103743 66.464 90.111 0.011 0.00000 -1 ACTUAL_TF
10.4110 -0.0209323 -1.6521249 0.6747593 -0.29631315 0.73638423 -0.59230497 -0.13824471 0.006883 1789459310.549200296 66.784 89.791 0.009 0.00000 -1 ACTUAL_TF
10.4677 -0.0209467 -1.6516887 0.6747585 -0.29632978 0.73638323 -0.59229663 -0.13825016 0.007160 1789459310.605099678 67.220 89.355 0.008 0.00000 -1 ACTUAL_TF
10.5178 -0.0209504 -1.6513557 0.6747585 -0.29634015 0.73637865 -0.59229592 -0.13825539 0.006793 1789459310.661194563 67.553 89.022 0.017 0.00000 -1 ACTUAL_TF
10.5727 -0.0209547 -1.6509423 0.6747861 -0.29634687 0.73636164 -0.59231226 -0.13826157 0.006977 1789459310.717152596 67.967 88.608 0.026 0.00000 -1 ACTUAL_TF
10.6320 -0.0209573 -1.6505676 0.6747963 -0.29631646 0.73637712 -0.59231399 -0.13823682 0.006895 1789459310.773055315 68.342 88.234 0.036 0.00000 -1 ACTUAL_TF
10.6955 -0.0209734 -1.6501551 0.6748106 -0.29632429 0.73636721 -0.59232007 -0.13824678 0.007037 1789459310.829127312 68.755 87.821 0.037 0.00000 -1 ACTUAL_TF
10.7456 -0.0209885 -1.6497842 0.6748174 -0.29633318 0.73635938 -0.59232330 -0.13825562 0.006913 1789459310.885185719 69.126 87.449 0.035 0.00000 -1 ACTUAL_TF
10.8088 -0.0210060 -1.6493624 0.6748235 -0.29633127 0.73635956 -0.59232333 -0.13825865 0.007106 1789459310.941067457 69.548 87.027 0.031 0.00000 -1 ACTUAL_TF
10.8565 -0.0210105 -1.6489478 0.6748328 -0.29631909 0.73636760 -0.59232222 -0.13824669 0.007185 1789459310.997338057 69.963 86.613 0.039 0.00000 -1 ACTUAL_TF
10.9144 -0.0210345 -1.6485749 0.6748255 -0.29632897 0.73637556 -0.59230608 -0.13825225 0.007043 1789459311.053008318 70.336 86.239 0.021 0.00000 -1 ACTUAL_TF
10.9757 -0.0210554 -1.6481384 0.6748080 -0.29633965 0.73638690 -0.59228613 -0.13825442 0.007276 1789459311.108948708 70.772 85.803 0.018 0.00000 -1 ACTUAL_TF
11.0236 -0.0210671 -1.6477918 0.6748123 -0.29632462 0.73638995 -0.59229204 -0.13824512 0.006944 1789459311.165181398 71.119 85.456 0.019 0.00000 -1 ACTUAL_TF
11.0765 -0.0210899 -1.6473386 0.6747975 -0.29633406 0.73640179 -0.59227279 -0.13824429 0.007297 1789459311.221078634 71.573 85.002 0.038 0.00000 -1 ACTUAL_TF
11.1356 -0.0211110 -1.6470147 0.6748176 -0.29633071 0.73639388 -0.59228191 -0.13825452 0.006849 1789459311.277098894 71.897 84.678 0.025 0.00000 -1 ACTUAL_TF
11.1913 -0.0211292 -1.6465685 0.6748269 -0.29633758 0.73639055 -0.59228175 -0.13825819 0.007188 1789459311.333086252 72.344 84.231 0.025 0.00000 -1 ACTUAL_TF
11.2529 -0.0211422 -1.6462546 0.6748571 -0.29632586 0.73637361 -0.59230681 -0.13826616 0.006722 1789459311.389104843 72.659 83.916 0.015 0.00000 -1 ACTUAL_TF
11.3098 -0.0211606 -1.6458047 0.6748462 -0.29631645 0.73639044 -0.59229344 -0.13825400 0.007122 1789459311.445009470 73.109 83.467 0.025 0.00000 -1 ACTUAL_TF
11.3614 -0.0211637 -1.6453932 0.6748708 -0.29631815 0.73637551 -0.59231070 -0.13825592 0.007191 1789459311.501086473 73.520 83.055 0.009 0.00000 -1 ACTUAL_TF
11.4206 -0.0211708 -1.6450378 0.6748870 -0.29631969 0.73636939 -0.59231672 -0.13825944 0.006941 1789459311.557070494 73.876 82.699 0.013 0.00000 -1 ACTUAL_TF
11.4798 -0.0211893 -1.6446068 0.6748848 -0.29632332 0.73637849 -0.59230380 -0.13825849 0.007170 1789459311.613053083 74.307 82.268 0.010 0.00000 -1 ACTUAL_TF
11.5329 -0.0212028 -1.6442693 0.6748934 -0.29632046 0.73637914 -0.59230407 -0.13826001 0.006828 1789459311.669103384 74.645 81.930 0.014 0.00000 -1 ACTUAL_TF
11.5924 -0.0212078 -1.6438353 0.6748848 -0.29632131 0.73638569 -0.59229721 -0.13825271 0.007105 1789459311.725088358 75.079 81.496 0.011 0.00000 -1 ACTUAL_TF
11.6438 -0.0212231 -1.6434612 0.6748776 -0.29631889 0.73639731 -0.59228545 -0.13824640 0.006980 1789459311.781084299 75.453 81.122 0.025 0.00000 -1 ACTUAL_TF
11.7016 -0.0212241 -1.6430344 0.6748790 -0.29632603 0.73640008 -0.59227995 -0.13823993 0.007173 1789459311.837059975 75.880 80.695 0.031 0.00000 -1 ACTUAL_TF
11.7524 -0.0212289 -1.6426596 0.6748833 -0.29633469 0.73640230 -0.59227324 -0.13823825 0.007006 1789459311.893723488 76.254 80.321 0.034 0.00000 -1 ACTUAL_TF
11.8122 -0.0212368 -1.6422465 0.6748935 -0.29633715 0.73639689 -0.59227822 -0.13824045 0.007145 1789459311.949067831 76.668 79.907 0.034 0.00000 -1 ACTUAL_TF
11.8662 -0.0212497 -1.6418158 0.6749041 -0.29633131 0.73639739 -0.59228143 -0.13823660 0.007308 1789459312.005126238 77.099 79.476 0.032 0.00000 -1 ACTUAL_TF
11.9196 -0.0212523 -1.6414956 0.6749263 -0.29631977 0.73638411 -0.59230388 -0.13823585 0.006838 1789459312.061043262 77.419 79.156 0.028 0.00000 -1 ACTUAL_TF
11.9747 -0.0212750 -1.6410821 0.6749495 -0.29631148 0.73637436 -0.59231847 -0.13824302 0.007008 1789459312.117035866 77.834 78.742 0.018 0.00000 -1 ACTUAL_TF
12.0342 -0.0212893 -1.6407209 0.6749590 -0.29631275 0.73637083 -0.59232182 -0.13824475 0.006844 1789459312.173016548 78.195 78.380 0.017 0.00000 -1 ACTUAL_TF
12.0914 -0.0213056 -1.6403099 0.6749774 -0.29630524 0.73636197 -0.59233494 -0.13825183 0.006995 1789459312.229057550 78.607 77.968 0.025 0.00000 -1 ACTUAL_TF
12.1518 -0.0213227 -1.6399255 0.6749541 -0.29631176 0.73638369 -0.59230672 -0.13824308 0.006951 1789459312.285344839 78.991 77.584 0.010 0.00000 -1 ACTUAL_TF
12.1984 -0.0213379 -1.6394958 0.6749433 -0.29631597 0.73639384 -0.59229268 -0.13824018 0.007175 1789459312.341232538 79.421 77.154 0.026 0.00000 -1 ACTUAL_TF
12.2558 -0.0213491 -1.6391636 0.6749534 -0.29631327 0.73638937 -0.59229856 -0.13824460 0.006809 1789459312.397072077 79.753 76.822 0.022 0.00000 -1 ACTUAL_TF
12.3119 -0.0213684 -1.6387301 0.6749522 -0.29631247 0.73639777 -0.59228921 -0.13824162 0.007090 1789459312.453077316 80.187 76.388 0.030 0.00000 -1 ACTUAL_TF
12.3764 -0.0213843 -1.6383124 0.6749654 -0.29630005 0.73640211 -0.59229121 -0.13823652 0.007197 1789459312.509252787 80.605 75.970 0.024 0.00000 -1 ACTUAL_TF
12.4270 -0.0213984 -1.6379351 0.6749611 -0.29630869 0.73640803 -0.59227980 -0.13823533 0.007060 1789459312.565268755 80.983 75.592 0.035 0.00000 -1 ACTUAL_TF
12.4817 -0.0214125 -1.6375299 0.6749827 -0.29630479 0.73640025 -0.59229000 -0.13824145 0.007121 1789459312.621150255 81.388 75.187 0.021 0.00000 -1 ACTUAL_TF
12.5374 -0.0214248 -1.6371512 0.6749727 -0.29631413 0.73640834 -0.59227625 -0.13823723 0.007016 1789459312.677150011 81.767 74.808 0.037 0.00000 -1 ACTUAL_TF
12.5985 -0.0214246 -1.6367585 0.6749930 -0.29631495 0.73639371 -0.59229320 -0.13824080 0.007019 1789459312.733112335 82.160 74.415 0.023 0.00000 -1 ACTUAL_TF
12.6528 -0.0214353 -1.6364141 0.6750218 -0.29630297 0.73637931 -0.59231605 -0.13824529 0.006754 1789459312.789468765 82.505 74.070 0.005 0.00000 -1 ACTUAL_TF
12.7035 -0.0214403 -1.6359925 0.6750455 -0.29628881 0.73637810 -0.59232700 -0.13823519 0.007002 1789459312.845165491 82.927 73.648 0.021 0.00000 -1 ACTUAL_TF
12.7618 -0.0214676 -1.6355769 0.6750428 -0.29629144 0.73638256 -0.59231824 -0.13824331 0.007132 1789459312.901178837 83.343 73.232 0.007 0.00000 -1 ACTUAL_TF
12.8208 -0.0214840 -1.6352220 0.6750439 -0.29629218 0.73638919 -0.59230949 -0.13824386 0.006893 1789459312.957269430 83.698 72.877 0.006 0.00000 -1 ACTUAL_TF
12.8826 -0.0215008 -1.6347916 0.6750454 -0.29629604 0.73639194 -0.59230401 -0.13824444 0.007141 1789459313.013070822 84.129 72.446 0.010 0.00000 -1 ACTUAL_TF
12.9302 -0.0215106 -1.6344172 0.6750285 -0.29630203 0.73640262 -0.59228897 -0.13823917 0.007009 1789459313.069024801 84.503 72.072 0.028 0.00000 -1 ACTUAL_TF
12.9912 -0.0215283 -1.6340012 0.6750459 -0.29629444 0.73640003 -0.59229514 -0.13824280 0.007134 1789459313.125135422 84.920 71.656 0.020 0.00000 -1 ACTUAL_TF
13.0421 -0.0215275 -1.6336563 0.6750514 -0.29629829 0.73640414 -0.59228990 -0.13823507 0.006836 1789459313.181318760 85.264 71.311 0.017 0.00000 -1 ACTUAL_TF
13.1043 -0.0215418 -1.6332556 0.6750724 -0.29629136 0.73639753 -0.59230120 -0.13823672 0.006942 1789459313.237153292 85.666 70.910 0.003 0.00000 -1 ACTUAL_TF
13.1546 -0.0215614 -1.6328774 0.6750798 -0.29628968 0.73639885 -0.59229988 -0.13823894 0.006895 1789459313.292971373 86.044 70.531 0.009 0.00000 -1 ACTUAL_TF
13.2121 -0.0215723 -1.6324719 0.6750992 -0.29628798 0.73639137 -0.59230886 -0.13824395 0.006997 1789459313.349098921 86.450 70.125 0.013 0.00000 -1 ACTUAL_TF
13.2732 -0.0215817 -1.6320509 0.6751202 -0.29628317 0.73638388 -0.59232087 -0.13824272 0.007148 1789459313.405309677 86.872 69.704 0.025 0.00000 -1 ACTUAL_TF
13.3237 -0.0215892 -1.6316917 0.6751387 -0.29628204 0.73637499 -0.59233167 -0.13824623 0.006934 1789459313.461224079 87.231 69.344 0.037 0.00000 -1 ACTUAL_TF
13.3836 -0.0215966 -1.6312553 0.6751300 -0.29628619 0.73638508 -0.59231828 -0.13824095 0.007199 1789459313.517080307 87.667 68.908 0.022 0.00000 -1 ACTUAL_TF
13.4276 -0.0216019 -1.6309203 0.6751413 -0.29628197 0.73638372 -0.59232270 -0.13823829 0.006837 1789459313.572992802 88.002 68.573 0.030 0.00000 -1 ACTUAL_TF
13.4904 -0.0216055 -1.6304680 0.6751337 -0.29629007 0.73639088 -0.59231167 -0.13823010 0.007202 1789459313.629176140 88.454 68.121 0.026 0.00000 -1 ACTUAL_TF
13.5512 -0.0216089 -1.6301490 0.6751600 -0.29627895 0.73637993 -0.59233069 -0.13823076 0.006757 1789459313.685158968 88.774 67.801 0.044 0.00000 -1 ACTUAL_TF
13.6088 -0.0216293 -1.6297177 0.6751566 -0.29628292 0.73638627 -0.59232113 -0.13822940 0.007042 1789459313.741191864 89.205 67.370 0.032 0.00000 -1 ACTUAL_TF
13.6591 -0.0216398 -1.6293602 0.6751662 -0.29628019 0.73638557 -0.59232329 -0.13822974 0.006846 1789459313.797189713 89.563 67.012 0.035 0.00000 -1 ACTUAL_TF
13.7127 -0.0216534 -1.6289290 0.6751607 -0.29628031 0.73639343 -0.59231446 -0.13822542 0.007105 1789459313.853155613 89.994 66.581 0.028 0.00000 -1 ACTUAL_TF
13.7747 -0.0216700 -1.6284933 0.6751442 -0.29628424 0.73640363 -0.59230110 -0.13821994 0.007314 1789459313.909085512 90.430 66.145 0.025 0.00000 -1 ACTUAL_TF
13.8345 -0.0216839 -1.6281339 0.6751515 -0.29628308 0.73640221 -0.59230315 -0.13822122 0.007046 1789459313.965099573 90.790 65.785 0.022 0.00000 -1 ACTUAL_TF
13.8891 -0.0217011 -1.6277319 0.6751887 -0.29627115 0.73638762 -0.59232544 -0.13822899 0.007095 1789459314.021137476 91.193 65.382 0.025 0.00000 -1 ACTUAL_TF
13.9378 -0.0217221 -1.6274069 0.6752143 -0.29625575 0.73637578 -0.59234610 -0.13823655 0.006720 1789459314.077057362 91.519 65.057 0.040 0.00000 -1 ACTUAL_TF
13.9898 -0.0217385 -1.6269702 0.6752129 -0.29625104 0.73638185 -0.59234182 -0.13823266 0.007045 1789459314.133042336 91.955 64.620 0.031 0.00000 -1 ACTUAL_TF
14.0490 -0.0217605 -1.6265974 0.6751958 -0.29625657 0.73639762 -0.59231978 -0.13823120 0.006933 1789459314.189085245 92.328 64.247 0.011 0.00000 -1 ACTUAL_TF
14.1085 -0.0217776 -1.6261700 0.6751907 -0.29625797 0.73640510 -0.59231051 -0.13822807 0.007145 1789459314.245083094 92.756 63.819 0.012 0.00000 -1 ACTUAL_TF
14.1608 -0.0217913 -1.6257493 0.6752113 -0.29624741 0.73639610 -0.59232682 -0.13822877 0.007257 1789459314.301123142 93.177 63.398 0.015 0.00000 -1 ACTUAL_TF
14.2207 -0.0218028 -1.6253791 0.6751995 -0.29625415 0.73640271 -0.59231582 -0.13822627 0.007066 1789459314.357105732 93.547 63.028 0.015 0.00000 -1 ACTUAL_TF
14.2732 -0.0218164 -1.6249509 0.6752007 -0.29625202 0.73640779 -0.59231154 -0.13822209 0.007239 1789459314.413152695 93.976 62.599 0.019 0.00000 -1 ACTUAL_TF
14.3392 -0.0218174 -1.6246151 0.6752161 -0.29625064 0.73639899 -0.59232297 -0.13822295 0.006871 1789459314.469058275 94.312 62.264 0.006 0.00000 -1 ACTUAL_TF
