WELD FEEDBACK LOG
result=completed
started=2026-09-16 11:38:11
ended=2026-09-16 11:38:19
elapsed_seconds=7.725

================ OPERATOR OVERVIEW ================
REQUESTED : 230 A / 26.5 V · FE-SOLID 1.2 mm · LSM · CO2 100%
RX ECHO   : 100 A / 10.0 V · MATCH=NO
CURRENT FB: no positive feedback A
VOLTAGE FB: no positive feedback V
WIRE FEED : no positive feedback m/min
ARC ON    : 0.000 s
NET WELD  : 0.000 s
WIRE USED : 0.000 mm (base 0.000 + alpha 0.000)
WCR       : NOT DETECTED
SAMPLES   : RX 193 / welding 0 / TCP 138
===================================================

[commanded]
current_a=230
voltage_tenths=265
voltage=26.5
material=FE-SOLID
diameter_mm=1.2
mode=LSM
gas=CO2 100%
synergic=False
correction=0.0
hot_start_enabled=True
hot_start_percent=20.0
hot_start_hold_adjustment=-1
crater_enabled=False
crater_percent=26.08695652173913
crater_current_a=60.0
crater_voltage_v=25.0
crater_seconds=1.0
wire_consumable_alpha_mm=0.0
hot_start_current_a=276

[rx_setting_echo]
current_a=100
voltage_v=10.0
hot_start_current_a=0
hot_start_hold_adjustment=-15

[rx_welding_setting_echo]

[execution_conditions]
mode=sequence_execute
run_all=True
touch_io_backend=fastech_ethernet
touch_input_port=4
touch_sensing_output_port=0
fastech_ip=192.168.0.3
fastech_poll_target_hz=100.0
hicomm_source_ip=192.168.1.2
hicomm_welder_ip=192.168.1.10
hicomm_port=60000
gui_velocity_percent=36.95263157894737
gui_speed_mode=scale
gui_tcp_speed_mm_s=10.0
gui_interpolation_step_mm=5.0
seam_orientation_mode=Wait poses + fixed World-XYZ tilt
weld_fixed_tilt_x_deg=0.0
weld_fixed_tilt_y_deg=0.0
weld_fixed_tilt_z_deg=-0.0
weld_weave_enabled=True
weld_weave_pattern=circle
capping_width_mm=5.9
capping_pitch_mm=5.0
capping_left_dwell_s=0.2
capping_right_dwell_s=0.2
weld_weave_amplitude_mm=1.0
weld_weave_cycles=4
weld_weave_samples_per_cycle=8
weld_weave_axis=tool_x
weld_lead_in_mm=1.0
weld_lead_out_mm=7.0
weld_safe_approach_mm=31.0
weld_approach_mode=taught_wait
weld_pre_start_lead_mm=0.0
weld_tcp_speed_mm_s=6.999999999999999
weld_arc_off_delay_ms=500.0
tcp_tracking.parent_frame=World
tcp_tracking.child_frame=right_manipulator_ee_point
tcp_tracking.timestamp_source=TF_header_stamp
initial_fastech_di0=False
initial_fastech_do0=True
robot_connected.left=True
robot_connected.right=True
robot_connected.head=True
hicomm_connected=True
execution_allowed=True
steps[0].sequence_number=1
steps[0].type=named_pose
steps[0].parallel_slot=1
steps[0].duration=0.0
steps[0].planning_group=right_manipulator
steps[0].velocity_scale=0.3695263157894737
steps[0].tcp_speed_m_s=0.0
steps[0].pose_name=weld_start_wait
steps[0].pose_label=3 · Weld start wait pose
steps[0].touch_guard=False
steps[0].continue_after_touch=False
steps[0].weld_scenario_id=weld-9319801135487
steps[0].weld_scenario_stage=start_wait
steps[0].target_tcp.position_m.x=0.03646068728963492
steps[0].target_tcp.position_m.y=-1.6793469233273077
steps[0].target_tcp.position_m.z=0.674417019979207
steps[0].target_tcp.orientation_xyzw.x=-0.4089518530577377
steps[0].target_tcp.orientation_xyzw.y=0.6647824172284327
steps[0].target_tcp.orientation_xyzw.z=-0.5352696108757291
steps[0].target_tcp.orientation_xyzw.w=-0.32296929157043747
steps[0].joint_names[0]=right_manipulator_joint1
steps[0].joint_names[1]=right_manipulator_joint2
steps[0].joint_names[2]=right_manipulator_joint3
steps[0].joint_names[3]=right_manipulator_joint4
steps[0].joint_names[4]=right_manipulator_joint5
steps[0].joint_names[5]=right_manipulator_joint6
steps[0].joint_positions_rad[0]=5.1496113218195765
steps[0].joint_positions_rad[1]=1.3091994723966476
steps[0].joint_positions_rad[2]=1.881715989845849
steps[0].joint_positions_rad[3]=3.5661181082116182
steps[0].joint_positions_rad[4]=1.395569381815389
steps[0].joint_positions_rad[5]=1.5444073298694105
steps[1].sequence_number=2
steps[1].type=motion
steps[1].parallel_slot=2
steps[1].duration=0.0
steps[1].planning_group=right_manipulator
steps[1].velocity_scale=0.3695263157894737
steps[1].tcp_speed_m_s=0.0
steps[1].interpolation_step=0.005
steps[1].path_kind=taught_wait_align_weld_attitude
steps[1].touch_guard=False
steps[1].continue_after_touch=False
steps[1].accept_initial_touch=False
steps[1].weld_scenario_id=weld-9319801135487
steps[1].weld_scenario_stage=start_safe
steps[1].waypoint_count=1
steps[1].waypoints[0].position_m.x=0.03646068728963492
steps[1].waypoints[0].position_m.y=-1.6793469233273077
steps[1].waypoints[0].position_m.z=0.674417019979207
steps[1].waypoints[0].orientation_xyzw.x=-0.408897680755199
steps[1].waypoints[0].orientation_xyzw.y=0.6648271744601588
steps[1].waypoints[0].orientation_xyzw.z=-0.535267728437428
steps[1].waypoints[0].orientation_xyzw.w=-0.32294887159700153
steps[2].sequence_number=3
steps[2].type=motion
steps[2].parallel_slot=3
steps[2].duration=0.0
steps[2].planning_group=right_manipulator
steps[2].velocity_scale=0.3695263157894737
steps[2].tcp_speed_m_s=0.0
steps[2].interpolation_step=0.005
steps[2].path_kind=taught_wait_to_weld_start
steps[2].touch_guard=False
steps[2].continue_after_touch=True
steps[2].accept_initial_touch=False
steps[2].weld_scenario_id=weld-9319801135487
steps[2].weld_scenario_stage=start_contact
steps[2].waypoint_count=1
steps[2].waypoints[0].position_m.x=0.03537976352411753
steps[2].waypoints[0].position_m.y=-1.6814615280262992
steps[2].waypoints[0].position_m.z=0.672323594514783
steps[2].waypoints[0].orientation_xyzw.x=-0.408897680755199
steps[2].waypoints[0].orientation_xyzw.y=0.6648271744601588
steps[2].waypoints[0].orientation_xyzw.z=-0.535267728437428
steps[2].waypoints[0].orientation_xyzw.w=-0.32294887159700153
steps[3].sequence_number=4
steps[3].type=digital_weld
steps[3].parallel_slot=5
steps[3].duration=0.0
steps[3].command=on
steps[3].weld_scenario_id=weld-9319801135487
steps[3].weld_scenario_stage=arc_on
steps[3].settings.current_a=230
steps[3].settings.voltage_tenths=265
steps[3].settings.voltage=26.5
steps[3].settings.material=FE-SOLID
steps[3].settings.diameter_mm=1.2
steps[3].settings.mode=LSM
steps[3].settings.gas=CO2 100%
steps[3].settings.synergic=False
steps[3].settings.correction=0.0
steps[3].settings.hot_start_enabled=True
steps[3].settings.hot_start_percent=20.0
steps[3].settings.hot_start_hold_adjustment=-1
steps[3].settings.crater_enabled=False
steps[3].settings.crater_percent=26.08695652173913
steps[3].settings.crater_current_a=60.0
steps[3].settings.crater_voltage_v=25.0
steps[3].settings.crater_seconds=1.0
steps[3].settings.wire_consumable_alpha_mm=0.0
steps[3].settings.hot_start_current_a=276
steps[4].sequence_number=5
steps[4].type=motion
steps[4].parallel_slot=5
steps[4].duration=0.0
steps[4].planning_group=right_manipulator
steps[4].velocity_scale=0.3695263157894737
steps[4].tcp_speed_m_s=0.006999999999999999
steps[4].interpolation_step=0.005
steps[4].path_kind=continuous_circle_weave_over_taught_goal_fastech_di0_ignored
steps[4].touch_guard=False
steps[4].weld_scenario_id=weld-9319801135487
steps[4].weld_scenario_stage=weld_motion
steps[4].lead_in_mm=1.0
steps[4].lead_out_mm=7.0
steps[4].linear_motion_profile=True
steps[4].capping_width_mm=5.9
steps[4].capping_pitch_mm=5.0
steps[4].capping_left_dwell_s=0.2
steps[4].capping_right_dwell_s=0.2
steps[4].waypoint_count=35
steps[4].waypoints[0].position_m.x=0.03537976352411753
steps[4].waypoints[0].position_m.y=-1.6814615280262992
steps[4].waypoints[0].position_m.z=0.672323594514783
steps[4].waypoints[0].orientation_xyzw.x=-0.408897680755199
steps[4].waypoints[0].orientation_xyzw.y=0.6648271744601588
steps[4].waypoints[0].orientation_xyzw.z=-0.535267728437428
steps[4].waypoints[0].orientation_xyzw.w=-0.32294887159700153
steps[4].waypoints[1].position_m.x=0.036379422551576224
steps[4].waypoints[1].position_m.y=-1.681438083342502
steps[4].waypoints[1].position_m.z=0.6723350912805015
steps[4].waypoints[1].orientation_xyzw.x=-0.40889768075519906
steps[4].waypoints[1].orientation_xyzw.y=0.6648271744601589
steps[4].waypoints[1].orientation_xyzw.z=-0.5352677284374281
steps[4].waypoints[1].orientation_xyzw.w=-0.3229488715970016
steps[4].waypoints[2].position_m.x=0.03736954476264811
steps[4].waypoints[2].position_m.y=-1.6814468309719235
steps[4].waypoints[2].position_m.z=0.67236713868973
steps[4].waypoints[2].orientation_xyzw.x=-0.40889731890153835
steps[4].waypoints[2].orientation_xyzw.y=0.6648255971589616
steps[4].waypoints[2].orientation_xyzw.z=-0.5352695781185572
steps[4].waypoints[2].orientation_xyzw.w=-0.3229495110665837
steps[4].waypoints[3].position_m.x=0.03836235371746129
steps[4].waypoints[3].position_m.y=-1.6815348052879393
steps[4].waypoints[3].position_m.z=0.6723271325283954
steps[4].waypoints[3].orientation_xyzw.x=-0.40889695704524076
steps[4].waypoints[3].orientation_xyzw.y=0.6648240198534768
steps[4].waypoints[3].orientation_xyzw.z=-0.5352714277962346
steps[4].waypoints[3].orientation_xyzw.w=-0.32295015053408316
steps[4].waypoints[4].position_m.x=0.03935516260776185
steps[4].waypoints[4].position_m.y=-1.6815359510274186
steps[4].waypoints[4].position_m.z=0.6721100675245417
steps[4].waypoints[4].orientation_xyzw.x=-0.4088965951863061
steps[4].waypoints[4].orientation_xyzw.y=0.6648224425437045
steps[4].waypoints[4].orientation_xyzw.z=-0.5352732774704597
steps[4].waypoints[4].orientation_xyzw.w=-0.3229507899994999
steps[4].waypoints[5].position_m.x=0.0403410238392952
steps[4].waypoints[5].position_m.y=-1.6812402529483668
steps[4].waypoints[5].position_m.z=0.6718917743790833
steps[4].waypoints[5].orientation_xyzw.x=-0.4088962333247344
steps[4].waypoints[5].orientation_xyzw.y=0.6648208652296443
steps[4].waypoints[5].orientation_xyzw.z=-0.5352751271412335
steps[4].waypoints[5].orientation_xyzw.w=-0.322951429462834
steps[4].waypoints[6].position_m.x=0.04131817847525287
steps[4].waypoints[6].position_m.y=-1.6807415709371927
steps[4].waypoints[6].position_m.z=0.672016597972515
steps[4].waypoints[6].orientation_xyzw.x=-0.4088958714605256
steps[4].waypoints[6].orientation_xyzw.y=0.6648192879112961
steps[4].waypoints[6].orientation_xyzw.z=-0.5352769768085558
steps[4].waypoints[6].orientation_xyzw.w=-0.3229520689240857
steps[4].waypoints[7].position_m.x=0.04229545975726175
steps[4].waypoints[7].position_m.y=-1.680464545278989
steps[4].waypoints[7].position_m.z=0.6725824203966434
steps[4].waypoints[7].orientation_xyzw.x=-0.40889550959367976
steps[4].waypoints[7].orientation_xyzw.y=0.6648177105886605
steps[4].waypoints[7].orientation_xyzw.z=-0.5352788264724261
steps[4].waypoints[7].orientation_xyzw.w=-0.32295270838325457
steps[4].waypoints[8].position_m.x=0.043285163832534695
steps[4].waypoints[8].position_m.y=-1.6807536058778636
steps[4].waypoints[8].position_m.z=0.6732224511579165
steps[4].waypoints[8].orientation_xyzw.x=-0.40889514772419694
steps[4].waypoints[8].orientation_xyzw.y=0.6648161332617373
steps[4].waypoints[8].orientation_xyzw.z=-0.5352806761328444
steps[4].waypoints[8].orientation_xyzw.w=-0.32295334784034074
steps[4].waypoints[9].position_m.x=0.04428998623137694
steps[4].waypoints[9].position_m.y=-1.6814623833720035
steps[4].waypoints[9].position_m.z=0.6734038278184367
steps[4].waypoints[9].orientation_xyzw.x=-0.40889478585207695
steps[4].waypoints[9].orientation_xyzw.y=0.6648145559305262
steps[4].waypoints[9].orientation_xyzw.z=-0.5352825257898112
steps[4].waypoints[9].orientation_xyzw.w=-0.32295398729534436
steps[4].waypoints[10].position_m.x=0.045299362488299175
steps[4].waypoints[10].position_m.y=-1.6820688173591392
steps[4].waypoints[10].position_m.z=0.6729805373342906
steps[4].waypoints[10].orientation_xyzw.x=-0.40889442397732007
steps[4].waypoints[10].orientation_xyzw.y=0.6648129785950276
steps[4].waypoints[10].orientation_xyzw.z=-0.5352843754433261
steps[4].waypoints[10].orientation_xyzw.w=-0.3229546267482653
steps[4].waypoints[11].position_m.x=0.04630086223684308
steps[4].waypoints[11].position_m.y=-1.6821834211745648
steps[4].waypoints[11].position_m.z=0.6722391591164308
steps[4].waypoints[11].orientation_xyzw.x=-0.4088940620999261
steps[4].waypoints[11].orientation_xyzw.y=0.6648114012552417
steps[4].waypoints[11].orientation_xyzw.z=-0.5352862250933887
steps[4].waypoints[11].orientation_xyzw.w=-0.3229552661991035
steps[4].waypoints[12].position_m.x=0.04728752093913152
steps[4].waypoints[12].position_m.y=-1.6817254667520227
steps[4].waypoints[12].position_m.z=0.6716206449332196
steps[4].waypoints[12].orientation_xyzw.x=-0.4088937002198952
steps[4].waypoints[12].orientation_xyzw.y=0.6648098239111682
steps[4].waypoints[12].orientation_xyzw.z=-0.5352880747399996
steps[4].waypoints[12].orientation_xyzw.w=-0.3229559056478589
steps[4].waypoints[13].position_m.x=0.04826106765239508
steps[4].waypoints[13].position_m.y=-1.680949619461192
steps[4].waypoints[13].position_m.z=0.6714939752005855
steps[4].waypoints[13].orientation_xyzw.x=-0.4088933383372272
steps[4].waypoints[13].orientation_xyzw.y=0.6648082465628069
steps[4].waypoints[13].orientation_xyzw.z=-0.5352899243831586
steps[4].waypoints[13].orientation_xyzw.w=-0.32295654509453176
steps[4].waypoints[14].position_m.x=0.04923091218100831
steps[4].waypoints[14].position_m.y=-1.6802967601067675
steps[4].waypoints[14].position_m.z=0.6719400174591449
steps[4].waypoints[14].orientation_xyzw.x=-0.4088929764519222
steps[4].waypoints[14].orientation_xyzw.y=0.6648066692101583
steps[4].waypoints[14].orientation_xyzw.z=-0.5352917740228655
steps[4].waypoints[14].orientation_xyzw.w=-0.32295718453912176
steps[4].waypoints[15].position_m.x=0.05020863299682447
steps[4].waypoints[15].position_m.y=-1.6801357255617797
steps[4].waypoints[15].position_m.z=0.6727041557479393
steps[4].waypoints[15].orientation_xyzw.x=-0.4088926145639803
steps[4].waypoints[15].orientation_xyzw.y=0.6648050918532223
steps[4].waypoints[15].orientation_xyzw.z=-0.5352936236591203
steps[4].waypoints[15].orientation_xyzw.w=-0.32295782398162903
steps[4].waypoints[16].position_m.x=0.05120119479644699
steps[4].waypoints[16].position_m.y=-1.680547251329343
steps[4].waypoints[16].position_m.z=0.6733454396626942
steps[4].waypoints[16].orientation_xyzw.x=-0.40889225267340146
steps[4].waypoints[16].orientation_xyzw.y=0.6648035144919989
steps[4].waypoints[16].orientation_xyzw.z=-0.5352954732919231
steps[4].waypoints[16].orientation_xyzw.w=-0.3229584634220536
steps[4].waypoints[17].position_m.x=0.05220686871795312
steps[4].waypoints[17].position_m.y=-1.6812766782613842
steps[4].waypoints[17].position_m.z=0.6734948844925718
steps[4].waypoints[17].orientation_xyzw.x=-0.4088918907801855
steps[4].waypoints[17].orientation_xyzw.y=0.664801937126488
steps[4].waypoints[17].orientation_xyzw.z=-0.5352973229212737
steps[4].waypoints[17].orientation_xyzw.w=-0.3229591028603953
steps[4].waypoints[18].position_m.x=0.05321624507444994
steps[4].waypoints[18].position_m.y=-1.6818831269150691
steps[4].waypoints[18].position_m.z=0.6730716152589258
steps[4].waypoints[18].orientation_xyzw.x=-0.4088915288843326
steps[4].waypoints[18].orientation_xyzw.y=0.66480035975669
steps[4].waypoints[18].orientation_xyzw.z=-0.5352991725471721
steps[4].waypoints[18].orientation_xyzw.w=-0.3229597422966543
steps[4].waypoints[19].position_m.x=0.054217745364921334
steps[4].waypoints[19].position_m.y=-1.6819977561217299
steps[4].waypoints[19].position_m.z=0.6723302416986146
steps[4].waypoints[19].orientation_xyzw.x=-0.4088911669858429
steps[4].waypoints[19].orientation_xyzw.y=0.6647987823826045
steps[4].waypoints[19].orientation_xyzw.z=-0.5353010221696183
steps[4].waypoints[19].orientation_xyzw.w=-0.3229603817308304
steps[4].waypoints[20].position_m.x=0.05520440473403969
steps[4].waypoints[20].position_m.y=-1.681539822941419
steps[4].waypoints[20].position_m.z=0.6717117128517011
steps[4].waypoints[20].orientation_xyzw.x=-0.4088908050847161
steps[4].waypoints[20].orientation_xyzw.y=0.6647972050042318
steps[4].waypoints[20].orientation_xyzw.z=-0.5353028717886124
steps[4].waypoints[20].orientation_xyzw.w=-0.3229610211629238
steps[4].waypoints[21].position_m.x=0.05617795184841962
steps[4].waypoints[21].position_m.y=-1.6807639803005323
steps[4].waypoints[21].position_m.z=0.6715850177238255
steps[4].waypoints[21].orientation_xyzw.x=-0.40889044318095236
steps[4].waypoints[21].orientation_xyzw.y=0.6647956276215718
steps[4].waypoints[21].orientation_xyzw.z=-0.5353047214041541
steps[4].waypoints[21].orientation_xyzw.w=-0.3229616605929344
steps[4].waypoints[22].position_m.x=0.057147796277469576
steps[4].waypoints[22].position_m.y=-1.6801111062799192
steps[4].waypoints[22].position_m.z=0.6720310387316409
steps[4].waypoints[22].orientation_xyzw.x=-0.4088900812745517
steps[4].waypoints[22].orientation_xyzw.y=0.6647940502346246
steps[4].waypoints[22].orientation_xyzw.z=-0.5353065710162437
steps[4].waypoints[22].orientation_xyzw.w=-0.3229623000208622
steps[4].waypoints[23].position_m.x=0.05812551655136508
steps[4].waypoints[23].position_m.y=-1.679950046343779
steps[4].waypoints[23].position_m.z=0.6727951723624592
steps[4].waypoints[23].orientation_xyzw.x=-0.40888971936551405
steps[4].waypoints[23].orientation_xyzw.y=0.6647924728433903
steps[4].waypoints[23].orientation_xyzw.z=-0.5353084206248807
steps[4].waypoints[23].orientation_xyzw.w=-0.322962939446707
steps[4].waypoints[24].position_m.x=0.05911807768415617
steps[4].waypoints[24].position_m.y=-1.680361550868867
steps[4].waypoints[24].position_m.z=0.6734364709405555
steps[4].waypoints[24].orientation_xyzw.x=-0.4088893574538396
steps[4].waypoints[24].orientation_xyzw.y=0.6647908954478686
steps[4].waypoints[24].orientation_xyzw.z=-0.5353102702300654
steps[4].waypoints[24].orientation_xyzw.w=-0.322963578870469
steps[4].waypoints[25].position_m.x=0.06012375120453681
steps[4].waypoints[25].position_m.y=-1.6810909731505372
steps[4].waypoints[25].position_m.z=0.6735859411655917
steps[4].waypoints[25].orientation_xyzw.x=-0.4088889955395281
steps[4].waypoints[25].orientation_xyzw.y=0.6647893180480599
steps[4].waypoints[25].orientation_xyzw.z=-0.5353121198317978
steps[4].waypoints[25].orientation_xyzw.w=-0.3229642182921482
steps[4].waypoints[26].position_m.x=0.06113261595340025
steps[4].waypoints[26].position_m.y=-1.681665481914129
steps[4].waypoints[26].position_m.z=0.6731420237391976
steps[4].waypoints[26].orientation_xyzw.x=-0.4088886336225797
steps[4].waypoints[26].orientation_xyzw.y=0.6647877406439638
steps[4].waypoints[26].orientation_xyzw.z=-0.5353139694300778
steps[4].waypoints[26].orientation_xyzw.w=-0.32296485771174455
steps[4].waypoints[27].position_m.x=0.062130918256089164
steps[4].waypoints[27].position_m.y=-1.6816689479766358
steps[4].waypoints[27].position_m.z=0.6724520309416483
steps[4].waypoints[27].orientation_xyzw.x=-0.40888827170299447
steps[4].waypoints[27].orientation_xyzw.y=0.6647861632355813
steps[4].waypoints[27].orientation_xyzw.z=-0.5353158190249049
steps[4].waypoints[27].orientation_xyzw.w=-0.3229654971292578
steps[4].waypoints[28].position_m.x=0.06311437930569731
steps[4].waypoints[28].position_m.y=-1.6811866581660622
steps[4].waypoints[28].position_m.z=0.6720619311625683
steps[4].waypoints[28].orientation_xyzw.x=-0.40888790978077233
steps[4].waypoints[28].orientation_xyzw.y=0.6647845858229113
steps[4].waypoints[28].orientation_xyzw.z=-0.5353176686162796
steps[4].waypoints[28].orientation_xyzw.w=-0.3229661365446883
steps[4].waypoints[29].position_m.x=0.06409167514528537
steps[4].waypoints[29].position_m.y=-1.6806832860038325
steps[4].waypoints[29].position_m.z=0.6721649125615562
steps[4].waypoints[29].orientation_xyzw.x=-0.40888754785591325
steps[4].waypoints[29].orientation_xyzw.y=0.6647830084059542
steps[4].waypoints[29].orientation_xyzw.z=-0.5353195182042022
steps[4].waypoints[29].orientation_xyzw.w=-0.32296677595803597
steps[4].waypoints[30].position_m.x=0.06507397497236429
steps[4].waypoints[30].position_m.y=-1.6805058818015077
steps[4].waypoints[30].position_m.z=0.6724975180604115
steps[4].waypoints[30].orientation_xyzw.x=-0.4088871859284173
steps[4].waypoints[30].orientation_xyzw.y=0.6647814309847103
steps[4].waypoints[30].orientation_xyzw.z=-0.5353213677886718
steps[4].waypoints[30].orientation_xyzw.w=-0.3229674153693005
steps[4].waypoints[31].position_m.x=0.06606402486019454
steps[4].waypoints[31].position_m.y=-1.680598669224008
steps[4].waypoints[31].position_m.z=0.6727072315199464
steps[4].waypoints[31].orientation_xyzw.x=-0.4088868239982845
steps[4].waypoints[31].orientation_xyzw.y=0.6647798535591796
steps[4].waypoints[31].orientation_xyzw.z=-0.5353232173696887
steps[4].waypoints[31].orientation_xyzw.w=-0.3229680547784821
steps[4].waypoints[32].position_m.x=0.06705649352355961
steps[4].waypoints[32].position_m.y=-1.680697946495117
steps[4].waypoints[32].position_m.z=0.6727198636084493
steps[4].waypoints[32].orientation_xyzw.x=-0.4088864620655149
steps[4].waypoints[32].orientation_xyzw.y=0.6647782761293618
steps[4].waypoints[32].orientation_xyzw.z=-0.5353250669472531
steps[4].waypoints[32].orientation_xyzw.w=-0.3229686941855809
steps[4].waypoints[33].position_m.x=0.06804695591678517
steps[4].waypoints[33].position_m.y=-1.680695394799716
steps[4].waypoints[33].position_m.z=0.6726992896741364
steps[4].waypoints[33].orientation_xyzw.x=-0.40888610013010823
steps[4].waypoints[33].orientation_xyzw.y=0.6647766986952567
steps[4].waypoints[33].orientation_xyzw.z=-0.5353269165213653
steps[4].waypoints[33].orientation_xyzw.w=-0.3229693335905968
steps[4].waypoints[34].position_m.x=0.07504456910899603
steps[4].waypoints[34].position_m.y=-1.6805312820131353
steps[4].waypoints[34].position_m.z=0.672779767034166
steps[4].waypoints[34].orientation_xyzw.x=-0.40888610013010823
steps[4].waypoints[34].orientation_xyzw.y=0.6647766986952567
steps[4].waypoints[34].orientation_xyzw.z=-0.5353269165213653
steps[4].waypoints[34].orientation_xyzw.w=-0.3229693335905968
steps[4].lead_start.position_m.x=0.03537976352411753
steps[4].lead_start.position_m.y=-1.6814615280262992
steps[4].lead_start.position_m.z=0.672323594514783
steps[4].lead_start.orientation_xyzw.x=-0.408897680755199
steps[4].lead_start.orientation_xyzw.y=0.6648271744601588
steps[4].lead_start.orientation_xyzw.z=-0.535267728437428
steps[4].lead_start.orientation_xyzw.w=-0.32294887159700153
steps[4].usable_seam_start.position_m.x=0.036379422551576224
steps[4].usable_seam_start.position_m.y=-1.681438083342502
steps[4].usable_seam_start.position_m.z=0.6723350912805015
steps[4].usable_seam_start.orientation_xyzw.x=-0.408897680755199
steps[4].usable_seam_start.orientation_xyzw.y=0.6648271744601588
steps[4].usable_seam_start.orientation_xyzw.z=-0.535267728437428
steps[4].usable_seam_start.orientation_xyzw.w=-0.32294887159700153
steps[4].usable_seam_goal.position_m.x=0.06804695591678517
steps[4].usable_seam_goal.position_m.y=-1.680695394799716
steps[4].usable_seam_goal.position_m.z=0.6726992896741364
steps[4].usable_seam_goal.orientation_xyzw.x=-0.40888610013010823
steps[4].usable_seam_goal.orientation_xyzw.y=0.6647766986952567
steps[4].usable_seam_goal.orientation_xyzw.z=-0.5353269165213653
steps[4].usable_seam_goal.orientation_xyzw.w=-0.3229693335905968
steps[4].lead_end.position_m.x=0.07504456910899603
steps[4].lead_end.position_m.y=-1.6805312820131353
steps[4].lead_end.position_m.z=0.672779767034166
steps[4].lead_end.orientation_xyzw.x=-0.40888610013010823
steps[4].lead_end.orientation_xyzw.y=0.6647766986952567
steps[4].lead_end.orientation_xyzw.z=-0.5353269165213653
steps[4].lead_end.orientation_xyzw.w=-0.3229693335905968
steps[5].sequence_number=6
steps[5].type=digital_weld
steps[5].parallel_slot=5
steps[5].duration=0.0
steps[5].velocity_scale=0.3695263157894737
steps[5].tcp_speed_m_s=0.006999999999999999
steps[5].command=off
steps[5].weld_scenario_id=weld-9319801135487
steps[5].weld_scenario_stage=arc_off
steps[5].path_to_seam_speed_factor=0.8429371652222003
steps[5].trigger_before_goal=True
steps[5].arc_off_delay_s=0.5
steps[5].settings.current_a=230
steps[5].settings.voltage_tenths=265
steps[5].settings.voltage=26.5
steps[5].settings.material=FE-SOLID
steps[5].settings.diameter_mm=1.2
steps[5].settings.mode=LSM
steps[5].settings.gas=CO2 100%
steps[5].settings.synergic=False
steps[5].settings.correction=0.0
steps[5].settings.hot_start_enabled=True
steps[5].settings.hot_start_percent=20.0
steps[5].settings.hot_start_hold_adjustment=-1
steps[5].settings.crater_enabled=False
steps[5].settings.crater_percent=26.08695652173913
steps[5].settings.crater_current_a=60.0
steps[5].settings.crater_voltage_v=25.0
steps[5].settings.crater_seconds=1.0
steps[5].settings.wire_consumable_alpha_mm=0.0
steps[5].settings.hot_start_current_a=276
steps[6].sequence_number=7
steps[6].type=motion
steps[6].parallel_slot=6
steps[6].duration=0.0
steps[6].planning_group=right_manipulator
steps[6].velocity_scale=0.3695263157894737
steps[6].tcp_speed_m_s=0.0
steps[6].interpolation_step=0.005
steps[6].path_kind=weld_end_to_taught_wait_fixed_attitude
steps[6].pose_name=weld_goal_wait
steps[6].pose_label=5 · Weld goal wait pose
steps[6].touch_guard=False
steps[6].continue_after_touch=False
steps[6].weld_scenario_id=weld-9319801135487
steps[6].weld_scenario_stage=goal_wait
steps[6].waypoint_count=1
steps[6].waypoints[0].position_m.x=0.06802650600792787
steps[6].waypoints[0].position_m.y=-1.6775811340754863
steps[6].waypoints[0].position_m.z=0.6749988857401974
steps[6].waypoints[0].orientation_xyzw.x=-0.40888610013010823
steps[6].waypoints[0].orientation_xyzw.y=0.6647766986952567
steps[6].waypoints[0].orientation_xyzw.z=-0.5353269165213653
steps[6].waypoints[0].orientation_xyzw.w=-0.3229693335905968
steps[7].sequence_number=8
steps[7].type=named_pose
steps[7].parallel_slot=7
steps[7].duration=0.0
steps[7].planning_group=right_manipulator
steps[7].velocity_scale=0.3695263157894737
steps[7].tcp_speed_m_s=0.0
steps[7].pose_name=weld_finish
steps[7].pose_label=7 · Weld end pose
steps[7].touch_guard=False
steps[7].continue_after_touch=False
steps[7].weld_scenario_id=weld-9319801135487
steps[7].weld_scenario_stage=finish
steps[7].target_tcp.position_m.x=0.06798797733801742
steps[7].target_tcp.position_m.y=-1.6434697522598045
steps[7].target_tcp.position_m.z=0.706858520636326
steps[7].target_tcp.orientation_xyzw.x=-0.40891577982432076
steps[7].target_tcp.orientation_xyzw.y=0.664770641451258
steps[7].target_tcp.orientation_xyzw.z=-0.535297108084459
steps[7].target_tcp.orientation_xyzw.w=-0.32299363051237706
steps[7].joint_names[0]=right_manipulator_joint1
steps[7].joint_names[1]=right_manipulator_joint2
steps[7].joint_names[2]=right_manipulator_joint3
steps[7].joint_names[3]=right_manipulator_joint4
steps[7].joint_names[4]=right_manipulator_joint5
steps[7].joint_names[5]=right_manipulator_joint6
steps[7].joint_positions_rad[0]=5.204952341903641
steps[7].joint_positions_rad[1]=1.2719282666248797
steps[7].joint_positions_rad[2]=1.9331498862946583
steps[7].joint_positions_rad[3]=3.619875612711522
steps[7].joint_positions_rad[4]=1.4070400161045238
steps[7].joint_positions_rad[5]=1.5535429045147637
steps[8].sequence_number=9
steps[8].type=digital_output
steps[8].parallel_slot=8
steps[8].duration=0.0
steps[8].port=0
steps[8].value=True
steps[8].weld_scenario_id=weld-9319801135487
steps[8].weld_scenario_stage=touch_output_on
hicomm_cyclic_period_ms=40.0
arc_wait_recognition=True
arc_wait_main_welding=True
arc_wait_established=True
arc_establishment_timeout_s=5.0

[summary]
rx_samples=193
welding_samples=0
wcr_seen=0
current_a.min=None
current_a.average=None
current_a.max=None
voltage_v.min=None
voltage_v.average=None
voltage_v.max=None
wire_feed_m_min.min=None
wire_feed_m_min.average=None
wire_feed_m_min.max=None

[production_metrics]
arc_started_elapsed_s=None
arc_completed_elapsed_s=None
arc_on_time_s=0.0
main_weld_arc_time_s=0.0
crater_arc_time_s=0.0
weld_motion_start_elapsed_s=0.020531911999569274
weld_motion_complete_elapsed_s=7.715728762999788
weld_motion_duration_s=7.695196851000219
net_weld_arc_time_s=0.0
wire_feed_average_m_min=0.0
wire_consumable_base_mm=0.0
wire_consumable_alpha_mm=0.0
wire_consumable_mm=0.0
wire_consumable_formula=integral(WFS*1000/60*dt)+alpha
weld_motion_start_unix_time=1789526291.9258428
weld_motion_start_wall_time=2026-09-16 11:38:11.925
weld_motion_complete_unix_time=1789526299.6210392
weld_motion_complete_wall_time=2026-09-16 11:38:19.621

[arc_off_control]

[teaching_snapshot_yaml]
robot_start:
  planning_group: right_manipulator
  joint_state:
    names:
    - right_manipulator_joint1
    - right_manipulator_joint2
    - right_manipulator_joint3
    - right_manipulator_joint4
    - right_manipulator_joint5
    - right_manipulator_joint6
    positions_rad:
    - 5.272090632984539
    - 1.1319069796756747
    - 2.106417676818249
    - 3.6901007738119302
    - 1.4686233526256796
    - 1.4680081624138712
  tcp_pose_world:
    position_m:
      x: 0.0593687026100857
      y: -1.566580876666292
      z: 0.8404797210507349
    orientation_xyzw:
      x: -0.435964943840794
      y: 0.633785310019272
      z: -0.5278153609885844
      w: -0.36008567487496485
weld_wait:
  planning_group: right_manipulator
  joint_state:
    names:
    - right_manipulator_joint1
    - right_manipulator_joint2
    - right_manipulator_joint3
    - right_manipulator_joint4
    - right_manipulator_joint5
    - right_manipulator_joint6
    positions_rad:
    - 5.162270391745159
    - 1.2839001078311674
    - 1.9253509522004157
    - 3.57737608908771
    - 1.4121090769233806
    - 1.5529732543575958
  tcp_pose_world:
    position_m:
      x: 0.036424554825288225
      y: -1.6556979706260309
      z: 0.6969945192387215
    orientation_xyzw:
      x: -0.40887151131936966
      y: 0.664764445724758
      z: -0.5353485269301721
      w: -0.32297720298089877
weld_start_wait:
  planning_group: right_manipulator
  joint_state:
    names:
    - right_manipulator_joint1
    - right_manipulator_joint2
    - right_manipulator_joint3
    - right_manipulator_joint4
    - right_manipulator_joint5
    - right_manipulator_joint6
    positions_rad:
    - 5.1496113218195765
    - 1.3091994723966476
    - 1.881715989845849
    - 3.5661181082116182
    - 1.395569381815389
    - 1.5444073298694105
  tcp_pose_world:
    position_m:
      x: 0.03646068728963492
      y: -1.6793469233273077
      z: 0.674417019979207
    orientation_xyzw:
      x: -0.4089518530577377
      y: 0.6647824172284327
      z: -0.5352696108757291
      w: -0.32296929157043747
weld_start:
  planning_group: right_manipulator
  joint_state:
    names:
    - right_manipulator_joint1
    - right_manipulator_joint2
    - right_manipulator_joint3
    - right_manipulator_joint4
    - right_manipulator_joint5
    - right_manipulator_joint6
    positions_rad:
    - 5.148442194101031
    - 1.3115383936240097
    - 1.8777747777486407
    - 3.565134602821052
    - 1.3940999826839378
    - 1.5438035912502894
  tcp_pose_world:
    position_m:
      x: 0.036379422551576224
      y: -1.681438083342502
      z: 0.6723350912805015
    orientation_xyzw:
      x: -0.408897680755199
      y: 0.6648271744601588
      z: -0.535267728437428
      w: -0.32294887159700153
weld_goal_wait:
  planning_group: right_manipulator
  joint_state:
    names:
    - right_manipulator_joint1
    - right_manipulator_joint2
    - right_manipulator_joint3
    - right_manipulator_joint4
    - right_manipulator_joint5
    - right_manipulator_joint6
    positions_rad:
    - 5.185303006748819
    - 1.3080717568330535
    - 1.871380661129415
    - 3.602428711778195
    - 1.3846910345526877
    - 1.5410165931695214
  tcp_pose_world:
    position_m:
      x: 0.06802650600792787
      y: -1.6775811340754863
      z: 0.6749988857401974
    orientation_xyzw:
      x: -0.408866812683109
      y: 0.6647818136335141
      z: -0.5353433898332236
      w: -0.3229559175961395
weld_end:
  planning_group: right_manipulator
  joint_state:
    names:
    - right_manipulator_joint1
    - right_manipulator_joint2
    - right_manipulator_joint3
    - right_manipulator_joint4
    - right_manipulator_joint5
    - right_manipulator_joint6
    positions_rad:
    - 5.183613497353273
    - 1.3106612815189922
    - 1.866182570155744
    - 3.6009780879324285
    - 1.3823597033344324
    - 1.539721764247525
  tcp_pose_world:
    position_m:
      x: 0.06804695591678517
      y: -1.680695394799716
      z: 0.6726992896741364
    orientation_xyzw:
      x: -0.40888610013010823
      y: 0.6647766986952567
      z: -0.5353269165213653
      w: -0.3229693335905968
weld_finish:
  planning_group: right_manipulator
  joint_state:
    names:
    - right_manipulator_joint1
    - right_manipulator_joint2
    - right_manipulator_joint3
    - right_manipulator_joint4
    - right_manipulator_joint5
    - right_manipulator_joint6
    positions_rad:
    - 5.204952341903641
    - 1.2719282666248797
    - 1.9331498862946583
    - 3.619875612711522
    - 1.4070400161045238
    - 1.5535429045147637
  tcp_pose_world:
    position_m:
      x: 0.06798797733801742
      y: -1.6434697522598045
      z: 0.706858520636326
    orientation_xyzw:
      x: -0.40891577982432076
      y: 0.664770641451258
      z: -0.535297108084459
      w: -0.32299363051237706

[touch_snapshot_yaml]
{}

[samples]
elapsed_s raw0 state arc gas fwd wcr current_a voltage_v wire_feed_m_min set_current_a set_voltage_v error db collision
0.033 0x00 idle 0 0 0 0 0 0.0 0.0 100 10.0 0 0 0
0.072 0x00 idle 0 0 0 0 0 0.0 0.0 100 10.0 0 0 0
0.120 0x00 idle 0 0 0 0 0 0.0 0.0 100 10.0 0 0 0
0.153 0x00 idle 0 0 0 0 0 0.0 0.0 100 10.0 0 0 0
0.192 0x00 idle 0 0 0 0 0 0.0 0.0 100 10.0 0 0 0
0.233 0x00 idle 0 0 0 0 0 0.0 0.0 100 10.0 0 0 0
0.272 0x00 idle 0 0 0 0 0 0.0 0.0 100 10.0 0 0 0
0.313 0x00 idle 0 0 0 0 0 0.0 0.0 100 10.0 0 0 0
0.357 0x00 idle 0 0 0 0 0 0.0 0.0 100 10.0 0 0 0
0.395 0x00 idle 0 0 0 0 0 0.0 0.0 100 10.0 0 0 0
0.435 0x00 idle 0 0 0 0 0 0.0 0.0 100 10.0 0 0 0
0.474 0x00 idle 0 0 0 0 0 0.0 0.0 100 10.0 0 0 0
0.517 0x00 idle 0 0 0 0 0 0.0 0.0 100 10.0 0 0 0
0.551 0x00 idle 0 0 0 0 0 0.0 0.0 100 10.0 0 0 0
0.592 0x00 idle 0 0 0 0 0 0.0 0.0 100 10.0 0 0 0
0.634 0x00 idle 0 0 0 0 0 0.0 0.0 100 10.0 0 0 0
0.674 0x00 idle 0 0 0 0 0 0.0 0.0 100 10.0 0 0 0
0.717 0x00 idle 0 0 0 0 0 0.0 0.0 100 10.0 0 0 0
0.756 0x00 idle 0 0 0 0 0 0.0 0.0 100 10.0 0 0 0
0.793 0x00 idle 0 0 0 0 0 0.0 0.0 100 10.0 0 0 0
0.833 0x00 idle 0 0 0 0 0 0.0 0.0 100 10.0 0 0 0
0.874 0x00 idle 0 0 0 0 0 0.0 0.0 100 10.0 0 0 0
0.913 0x00 idle 0 0 0 0 0 0.0 0.0 100 10.0 0 0 0
0.955 0x00 idle 0 0 0 0 0 0.0 0.0 100 10.0 0 0 0
0.993 0x00 idle 0 0 0 0 0 0.0 0.0 100 10.0 0 0 0
1.039 0x00 idle 0 0 0 0 0 0.0 0.0 100 10.0 0 0 0
1.074 0x00 idle 0 0 0 0 0 0.0 0.0 100 10.0 0 0 0
1.117 0x00 idle 0 0 0 0 0 0.0 0.0 100 10.0 0 0 0
1.152 0x00 idle 0 0 0 0 0 0.0 0.0 100 10.0 0 0 0
1.193 0x00 idle 0 0 0 0 0 0.0 0.0 100 10.0 0 0 0
1.231 0x00 idle 0 0 0 0 0 0.0 0.0 100 10.0 0 0 0
1.274 0x00 idle 0 0 0 0 0 0.0 0.0 100 10.0 0 0 0
1.318 0x00 idle 0 0 0 0 0 0.0 0.0 100 10.0 0 0 0
1.358 0x00 idle 0 0 0 0 0 0.0 0.0 100 10.0 0 0 0
1.393 0x00 idle 0 0 0 0 0 0.0 0.0 100 10.0 0 0 0
1.437 0x00 idle 0 0 0 0 0 0.0 0.0 100 10.0 0 0 0
1.473 0x00 idle 0 0 0 0 0 0.0 0.0 100 10.0 0 0 0
1.515 0x00 idle 0 0 0 0 0 0.0 0.0 100 10.0 0 0 0
1.553 0x00 idle 0 0 0 0 0 0.0 0.0 100 10.0 0 0 0
1.596 0x00 idle 0 0 0 0 0 0.0 0.0 100 10.0 0 0 0
1.634 0x00 idle 0 0 0 0 0 0.0 0.0 100 10.0 0 0 0
1.674 0x00 idle 0 0 0 0 0 0.0 0.0 100 10.0 0 0 0
1.711 0x00 idle 0 0 0 0 0 0.0 0.0 100 10.0 0 0 0
1.757 0x00 idle 0 0 0 0 0 0.0 0.0 100 10.0 0 0 0
1.794 0x00 idle 0 0 0 0 0 0.0 0.0 100 10.0 0 0 0
1.836 0x00 idle 0 0 0 0 0 0.0 0.0 100 10.0 0 0 0
1.874 0x00 idle 0 0 0 0 0 0.0 0.0 100 10.0 0 0 0
1.912 0x00 idle 0 0 0 0 0 0.0 0.0 100 10.0 0 0 0
1.952 0x00 idle 0 0 0 0 0 0.0 0.0 100 10.0 0 0 0
1.999 0x00 idle 0 0 0 0 0 0.0 0.0 100 10.0 0 0 0
2.033 0x00 idle 0 0 0 0 0 0.0 0.0 100 10.0 0 0 0
2.075 0x00 idle 0 0 0 0 0 0.0 0.0 100 10.0 0 0 0
2.113 0x00 idle 0 0 0 0 0 0.0 0.0 100 10.0 0 0 0
2.157 0x00 idle 0 0 0 0 0 0.0 0.0 100 10.0 0 0 0
2.199 0x00 idle 0 0 0 0 0 0.0 0.0 100 10.0 0 0 0
2.238 0x00 idle 0 0 0 0 0 0.0 0.0 100 10.0 0 0 0
2.273 0x00 idle 0 0 0 0 0 0.0 0.0 100 10.0 0 0 0
2.313 0x00 idle 0 0 0 0 0 0.0 0.0 100 10.0 0 0 0
2.354 0x00 idle 0 0 0 0 0 0.0 0.0 100 10.0 0 0 0
2.395 0x00 idle 0 0 0 0 0 0.0 0.0 100 10.0 0 0 0
2.436 0x00 idle 0 0 0 0 0 0.0 0.0 100 10.0 0 0 0
2.481 0x00 idle 0 0 0 0 0 0.0 0.0 100 10.0 0 0 0
2.515 0x00 idle 0 0 0 0 0 0.0 0.0 100 10.0 0 0 0
2.554 0x00 idle 0 0 0 0 0 0.0 0.0 100 10.0 0 0 0
2.595 0x00 idle 0 0 0 0 0 0.0 0.0 100 10.0 0 0 0
2.633 0x00 idle 0 0 0 0 0 0.0 0.0 100 10.0 0 0 0
2.677 0x00 idle 0 0 0 0 0 0.0 0.0 100 10.0 0 0 0
2.714 0x00 idle 0 0 0 0 0 0.0 0.0 100 10.0 0 0 0
2.755 0x00 idle 0 0 0 0 0 0.0 0.0 100 10.0 0 0 0
2.801 0x00 idle 0 0 0 0 0 0.0 0.0 100 10.0 0 0 0
2.835 0x00 idle 0 0 0 0 0 0.0 0.0 100 10.0 0 0 0
2.872 0x00 idle 0 0 0 0 0 0.0 0.0 100 10.0 0 0 0
2.913 0x00 idle 0 0 0 0 0 0.0 0.0 100 10.0 0 0 0
2.957 0x00 idle 0 0 0 0 0 0.0 0.0 100 10.0 0 0 0
2.994 0x00 idle 0 0 0 0 0 0.0 0.0 100 10.0 0 0 0
3.034 0x00 idle 0 0 0 0 0 0.0 0.0 100 10.0 0 0 0
3.073 0x00 idle 0 0 0 0 0 0.0 0.0 100 10.0 0 0 0
3.116 0x00 idle 0 0 0 0 0 0.0 0.0 100 10.0 0 0 0
3.156 0x00 idle 0 0 0 0 0 0.0 0.0 100 10.0 0 0 0
3.193 0x00 idle 0 0 0 0 0 0.0 0.0 100 10.0 0 0 0
3.235 0x00 idle 0 0 0 0 0 0.0 0.0 100 10.0 0 0 0
3.273 0x00 idle 0 0 0 0 0 0.0 0.0 100 10.0 0 0 0
3.313 0x00 idle 0 0 0 0 0 0.0 0.0 100 10.0 0 0 0
3.354 0x00 idle 0 0 0 0 0 0.0 0.0 100 10.0 0 0 0
3.395 0x00 idle 0 0 0 0 0 0.0 0.0 100 10.0 0 0 0
3.437 0x00 idle 0 0 0 0 0 0.0 0.0 100 10.0 0 0 0
3.474 0x00 idle 0 0 0 0 0 0.0 0.0 100 10.0 0 0 0
3.516 0x00 idle 0 0 0 0 0 0.0 0.0 100 10.0 0 0 0
3.554 0x00 idle 0 0 0 0 0 0.0 0.0 100 10.0 0 0 0
3.593 0x00 idle 0 0 0 0 0 0.0 0.0 100 10.0 0 0 0
3.638 0x00 idle 0 0 0 0 0 0.0 0.0 100 10.0 0 0 0
3.674 0x00 idle 0 0 0 0 0 0.0 0.0 100 10.0 0 0 0
3.720 0x00 idle 0 0 0 0 0 0.0 0.0 100 10.0 0 0 0
3.754 0x00 idle 0 0 0 0 0 0.0 0.0 100 10.0 0 0 0
3.794 0x00 idle 0 0 0 0 0 0.0 0.0 100 10.0 0 0 0
3.837 0x00 idle 0 0 0 0 0 0.0 0.0 100 10.0 0 0 0
3.877 0x00 idle 0 0 0 0 0 0.0 0.0 100 10.0 0 0 0
3.920 0x00 idle 0 0 0 0 0 0.0 0.0 100 10.0 0 0 0
3.956 0x00 idle 0 0 0 0 0 0.0 0.0 100 10.0 0 0 0
3.993 0x00 idle 0 0 0 0 0 0.0 0.0 100 10.0 0 0 0
4.034 0x00 idle 0 0 0 0 0 0.0 0.0 100 10.0 0 0 0
4.081 0x00 idle 0 0 0 0 0 0.0 0.0 100 10.0 0 0 0
4.119 0x00 idle 0 0 0 0 0 0.0 0.0 100 10.0 0 0 0
4.153 0x00 idle 0 0 0 0 0 0.0 0.0 100 10.0 0 0 0
4.194 0x00 idle 0 0 0 0 0 0.0 0.0 100 10.0 0 0 0
4.243 0x00 idle 0 0 0 0 0 0.0 0.0 100 10.0 0 0 0
4.275 0x00 idle 0 0 0 0 0 0.0 0.0 100 10.0 0 0 0
4.316 0x00 idle 0 0 0 0 0 0.0 0.0 100 10.0 0 0 0
4.357 0x00 idle 0 0 0 0 0 0.0 0.0 100 10.0 0 0 0
4.398 0x00 idle 0 0 0 0 0 0.0 0.0 100 10.0 0 0 0
4.435 0x00 idle 0 0 0 0 0 0.0 0.0 100 10.0 0 0 0
4.477 0x00 idle 0 0 0 0 0 0.0 0.0 100 10.0 0 0 0
4.519 0x00 idle 0 0 0 0 0 0.0 0.0 100 10.0 0 0 0
4.557 0x00 idle 0 0 0 0 0 0.0 0.0 100 10.0 0 0 0
4.593 0x00 idle 0 0 0 0 0 0.0 0.0 100 10.0 0 0 0
4.633 0x00 idle 0 0 0 0 0 0.0 0.0 100 10.0 0 0 0
4.678 0x00 idle 0 0 0 0 0 0.0 0.0 100 10.0 0 0 0
4.713 0x00 idle 0 0 0 0 0 0.0 0.0 100 10.0 0 0 0
4.755 0x00 idle 0 0 0 0 0 0.0 0.0 100 10.0 0 0 0
4.792 0x00 idle 0 0 0 0 0 0.0 0.0 100 10.0 0 0 0
4.833 0x00 idle 0 0 0 0 0 0.0 0.0 100 10.0 0 0 0
4.879 0x00 idle 0 0 0 0 0 0.0 0.0 100 10.0 0 0 0
4.913 0x00 idle 0 0 0 0 0 0.0 0.0 100 10.0 0 0 0
4.959 0x00 idle 0 0 0 0 0 0.0 0.0 100 10.0 0 0 0
4.995 0x00 idle 0 0 0 0 0 0.0 0.0 100 10.0 0 0 0
5.035 0x00 idle 0 0 0 0 0 0.0 0.0 100 10.0 0 0 0
5.075 0x00 idle 0 0 0 0 0 0.0 0.0 100 10.0 0 0 0
5.120 0x00 idle 0 0 0 0 0 0.0 0.0 100 10.0 0 0 0
5.156 0x00 idle 0 0 0 0 0 0.0 0.0 100 10.0 0 0 0
5.194 0x00 idle 0 0 0 0 0 0.0 0.0 100 10.0 0 0 0
5.234 0x00 idle 0 0 0 0 0 0.0 0.0 100 10.0 0 0 0
5.274 0x00 idle 0 0 0 0 0 0.0 0.0 100 10.0 0 0 0
5.313 0x00 idle 0 0 0 0 0 0.0 0.0 100 10.0 0 0 0
5.352 0x00 idle 0 0 0 0 0 0.0 0.0 100 10.0 0 0 0
5.392 0x00 idle 0 0 0 0 0 0.0 0.0 100 10.0 0 0 0
5.433 0x00 idle 0 0 0 0 0 0.0 0.0 100 10.0 0 0 0
5.475 0x00 idle 0 0 0 0 0 0.0 0.0 100 10.0 0 0 0
5.518 0x00 idle 0 0 0 0 0 0.0 0.0 100 10.0 0 0 0
5.557 0x00 idle 0 0 0 0 0 0.0 0.0 100 10.0 0 0 0
5.599 0x00 idle 0 0 0 0 0 0.0 0.0 100 10.0 0 0 0
5.634 0x00 idle 0 0 0 0 0 0.0 0.0 100 10.0 0 0 0
5.676 0x00 idle 0 0 0 0 0 0.0 0.0 100 10.0 0 0 0
5.720 0x00 idle 0 0 0 0 0 0.0 0.0 100 10.0 0 0 0
5.753 0x00 idle 0 0 0 0 0 0.0 0.0 100 10.0 0 0 0
5.793 0x00 idle 0 0 0 0 0 0.0 0.0 100 10.0 0 0 0
5.839 0x00 idle 0 0 0 0 0 0.0 0.0 100 10.0 0 0 0
5.881 0x00 idle 0 0 0 0 0 0.0 0.0 100 10.0 0 0 0
5.914 0x00 idle 0 0 0 0 0 0.0 0.0 100 10.0 0 0 0
5.955 0x00 idle 0 0 0 0 0 0.0 0.0 100 10.0 0 0 0
5.995 0x00 idle 0 0 0 0 0 0.0 0.0 100 10.0 0 0 0
6.038 0x00 idle 0 0 0 0 0 0.0 0.0 100 10.0 0 0 0
6.075 0x00 idle 0 0 0 0 0 0.0 0.0 100 10.0 0 0 0
6.119 0x00 idle 0 0 0 0 0 0.0 0.0 100 10.0 0 0 0
6.154 0x00 idle 0 0 0 0 0 0.0 0.0 100 10.0 0 0 0
6.191 0x00 idle 0 0 0 0 0 0.0 0.0 100 10.0 0 0 0
6.236 0x00 idle 0 0 0 0 0 0.0 0.0 100 10.0 0 0 0
6.272 0x00 idle 0 0 0 0 0 0.0 0.0 100 10.0 0 0 0
6.314 0x00 idle 0 0 0 0 0 0.0 0.0 100 10.0 0 0 0
6.355 0x00 idle 0 0 0 0 0 0.0 0.0 100 10.0 0 0 0
6.397 0x00 idle 0 0 0 0 0 0.0 0.0 100 10.0 0 0 0
6.435 0x00 idle 0 0 0 0 0 0.0 0.0 100 10.0 0 0 0
6.479 0x00 idle 0 0 0 0 0 0.0 0.0 100 10.0 0 0 0
6.514 0x00 idle 0 0 0 0 0 0.0 0.0 100 10.0 0 0 0
6.556 0x00 idle 0 0 0 0 0 0.0 0.0 100 10.0 0 0 0
6.596 0x00 idle 0 0 0 0 0 0.0 0.0 100 10.0 0 0 0
6.635 0x00 idle 0 0 0 0 0 0.0 0.0 100 10.0 0 0 0
6.679 0x00 idle 0 0 0 0 0 0.0 0.0 100 10.0 0 0 0
6.714 0x00 idle 0 0 0 0 0 0.0 0.0 100 10.0 0 0 0
6.755 0x00 idle 0 0 0 0 0 0.0 0.0 100 10.0 0 0 0
6.797 0x00 idle 0 0 0 0 0 0.0 0.0 100 10.0 0 0 0
6.833 0x00 idle 0 0 0 0 0 0.0 0.0 100 10.0 0 0 0
6.873 0x00 idle 0 0 0 0 0 0.0 0.0 100 10.0 0 0 0
6.914 0x00 idle 0 0 0 0 0 0.0 0.0 100 10.0 0 0 0
6.957 0x00 idle 0 0 0 0 0 0.0 0.0 100 10.0 0 0 0
6.994 0x00 idle 0 0 0 0 0 0.0 0.0 100 10.0 0 0 0
7.034 0x00 idle 0 0 0 0 0 0.0 0.0 100 10.0 0 0 0
7.075 0x00 idle 0 0 0 0 0 0.0 0.0 100 10.0 0 0 0
7.117 0x00 idle 0 0 0 0 0 0.0 0.0 100 10.0 0 0 0
7.157 0x00 idle 0 0 0 0 0 0.0 0.0 100 10.0 0 0 0
7.198 0x00 idle 0 0 0 0 0 0.0 0.0 100 10.0 0 0 0
7.235 0x00 idle 0 0 0 0 0 0.0 0.0 100 10.0 0 0 0
7.273 0x00 idle 0 0 0 0 0 0.0 0.0 100 10.0 0 0 0
7.318 0x00 idle 0 0 0 0 0 0.0 0.0 100 10.0 0 0 0
7.358 0x00 idle 0 0 0 0 0 0.0 0.0 100 10.0 0 0 0
7.401 0x00 idle 0 0 0 0 0 0.0 0.0 100 10.0 0 0 0
7.434 0x00 idle 0 0 0 0 0 0.0 0.0 100 10.0 0 0 0
7.475 0x00 idle 0 0 0 0 0 0.0 0.0 100 10.0 0 0 0
7.517 0x00 idle 0 0 0 0 0 0.0 0.0 100 10.0 0 0 0
7.556 0x00 idle 0 0 0 0 0 0.0 0.0 100 10.0 0 0 0
7.594 0x00 idle 0 0 0 0 0 0.0 0.0 100 10.0 0 0 0
7.634 0x00 idle 0 0 0 0 0 0.0 0.0 100 10.0 0 0 0
7.678 0x00 idle 0 0 0 0 0 0.0 0.0 100 10.0 0 0 0
7.719 0x00 idle 0 0 0 0 0 0.0 0.0 100 10.0 0 0 0

[tcp_trajectory]
elapsed_s x_m y_m z_m qx qy qz qw speed_m_s tf_stamp_s along_mm remaining_mm cross_track_mm progress waypoint phase
0.0059 0.0357592 -1.6811384 0.6727580 -0.40902847 0.66472712 -0.53528734 -0.32295670 0.000000 1789526291.906472445 -0.608 32.286 0.532 0.00000 -1 ACTUAL_TF
0.0645 0.0356105 -1.6812726 0.6726002 -0.40899789 0.66475139 -0.53527546 -0.32296516 0.004554 1789526291.962455511 -0.762 32.440 0.330 0.00000 -1 ACTUAL_TF
0.1284 0.0355134 -1.6813590 0.6725234 -0.40896908 0.66476657 -0.53527032 -0.32297892 0.003997 1789526292.018445015 -0.862 32.540 0.222 0.00000 -1 ACTUAL_TF
0.1843 0.0354625 -1.6813967 0.6724894 -0.40895718 0.66477469 -0.53526619 -0.32298412 0.003183 1789526292.074506998 -0.914 32.592 0.176 0.00000 -1 ACTUAL_TF
0.2392 0.0354469 -1.6813765 0.6724816 -0.40895780 0.66478193 -0.53525506 -0.32298687 0.002371 1789526292.130451679 -0.929 32.607 0.178 0.00000 -1 ACTUAL_TF
0.2929 0.0354149 -1.6813253 0.6724652 -0.40896202 0.66479562 -0.53523155 -0.32299232 0.001995 1789526292.186445475 -0.960 32.638 0.196 0.00000 -1 ACTUAL_TF
0.3471 0.0354085 -1.6812852 0.6724540 -0.40896740 0.66480347 -0.53521647 -0.32299432 0.001622 1789526292.242517233 -0.966 32.644 0.219 0.00000 -1 ACTUAL_TF
0.4050 0.0354449 -1.6812638 0.6724518 -0.40897213 0.66480279 -0.53521461 -0.32299282 0.001363 1789526292.298375130 -0.929 32.607 0.234 0.00000 -1 ACTUAL_TF
0.4615 0.0354879 -1.6812471 0.6724507 -0.40897324 0.66480311 -0.53521319 -0.32299312 0.001201 1789526292.354430676 -0.885 32.564 0.246 0.00000 -1 ACTUAL_TF
0.5195 0.0355647 -1.6812457 0.6724475 -0.40896912 0.66480731 -0.53521204 -0.32299159 0.001252 1789526292.410513163 -0.809 32.487 0.244 0.00000 -1 ACTUAL_TF
0.5666 0.0356721 -1.6812642 0.6724485 -0.40896496 0.66480685 -0.53521979 -0.32298497 0.001461 1789526292.466442823 -0.702 32.380 0.226 0.00000 -1 ACTUAL_TF
0.6274 0.0358087 -1.6812881 0.6724317 -0.40895656 0.66482355 -0.53521231 -0.32297362 0.001771 1789526292.522424936 -0.566 32.244 0.193 0.00000 -1 ACTUAL_TF
0.6850 0.0359906 -1.6813376 0.6724349 -0.40893831 0.66482756 -0.53522487 -0.32296765 0.002248 1789526292.578521013 -0.385 32.064 0.151 0.00000 -1 ACTUAL_TF
0.7421 0.0361474 -1.6813782 0.6724311 -0.40891939 0.66483854 -0.53522689 -0.32296566 0.002442 1789526292.634517193 -0.229 31.908 0.118 0.00000 -1 ACTUAL_TF
0.7990 0.0363585 -1.6814312 0.6724317 -0.40889889 0.66484556 -0.53523472 -0.32296420 0.002877 1789526292.690438986 -0.020 31.698 0.097 0.00000 -1 ACTUAL_TF
0.8465 0.0365634 -1.6814741 0.6724366 -0.40888906 0.66484289 -0.53524802 -0.32296010 0.003135 1789526292.746488810 0.184 31.494 0.107 0.00000 -1 ACTUAL_TF
0.9054 0.0368094 -1.6815016 0.6724336 -0.40888079 0.66484591 -0.53525081 -0.32295973 0.003522 1789526292.802437782 0.429 31.249 0.119 0.00000 -1 ACTUAL_TF
0.9613 0.0370294 -1.6815233 0.6724418 -0.40887721 0.66483726 -0.53526555 -0.32295764 0.003651 1789526292.858397484 0.649 31.029 0.141 0.00000 -1 ACTUAL_TF
1.0215 0.0372889 -1.6815477 0.6724505 -0.40886810 0.66483087 -0.53528072 -0.32295719 0.003952 1789526292.914427996 0.908 30.770 0.168 0.00000 -1 ACTUAL_TF
1.0726 0.0375452 -1.6815625 0.6724551 -0.40886015 0.66482761 -0.53529093 -0.32295703 0.004140 1789526292.970512390 1.164 30.514 0.185 0.00000 -1 ACTUAL_TF
1.1315 0.0377426 -1.6815725 0.6724581 -0.40884547 0.66483080 -0.53529509 -0.32296217 0.003957 1789526293.026494265 1.361 30.317 0.198 0.00000 -1 ACTUAL_TF
1.1876 0.0380221 -1.6815635 0.6724530 -0.40883856 0.66483034 -0.53530179 -0.32296074 0.004271 1789526293.082398176 1.640 30.038 0.192 0.00000 -1 ACTUAL_TF
1.2484 0.0382478 -1.6815411 0.6724456 -0.40882452 0.66483181 -0.53530458 -0.32297086 0.004204 1789526293.138453960 1.867 29.812 0.172 0.00000 -1 ACTUAL_TF
1.2971 0.0385733 -1.6814777 0.6724077 -0.40882020 0.66482895 -0.53530926 -0.32297445 0.004733 1789526293.194397211 2.193 29.485 0.103 0.00000 -1 ACTUAL_TF
1.3574 0.0389105 -1.6813613 0.6723309 -0.40884682 0.66482071 -0.53530636 -0.32296253 0.005265 1789526293.250492811 2.532 29.146 0.038 0.00000 -1 ACTUAL_TF
1.4154 0.0392987 -1.6812405 0.6722533 -0.40885924 0.66481544 -0.53530359 -0.32296225 0.005901 1789526293.306546688 2.922 28.756 0.173 0.00000 -1 ACTUAL_TF
1.4650 0.0395925 -1.6811580 0.6722208 -0.40884730 0.66481906 -0.53529908 -0.32297741 0.005773 1789526293.362572908 3.217 28.461 0.254 0.00000 -1 ACTUAL_TF
1.5270 0.0400349 -1.6810427 0.6721832 -0.40886190 0.66480769 -0.53530662 -0.32296984 0.006497 1789526293.418621540 3.662 28.017 0.365 0.00000 -1 ACTUAL_TF
1.5854 0.0404351 -1.6809500 0.6721648 -0.40886580 0.66480795 -0.53530664 -0.32296430 0.006759 1789526293.474418402 4.064 27.615 0.449 0.00000 -1 ACTUAL_TF
1.6371 0.0407332 -1.6808817 0.6721476 -0.40886045 0.66482146 -0.53529344 -0.32296516 0.006371 1789526293.530454159 4.363 27.315 0.513 0.00000 -1 ACTUAL_TF
1.6926 0.0411094 -1.6807996 0.6721297 -0.40886692 0.66483057 -0.53528161 -0.32295781 0.006530 1789526293.586315870 4.741 26.937 0.588 0.00000 -1 ACTUAL_TF
1.7505 0.0414065 -1.6807162 0.6720971 -0.40889196 0.66484220 -0.53525402 -0.32294788 0.006233 1789526293.642316103 5.040 26.639 0.672 0.00000 -1 ACTUAL_TF
1.7983 0.0417460 -1.6805855 0.6720308 -0.40896030 0.66485991 -0.53518191 -0.32294442 0.006341 1789526293.698400497 5.381 26.297 0.814 0.00000 -1 ACTUAL_TF
1.8575 0.0420220 -1.6805409 0.6720708 -0.40897703 0.66488454 -0.53514340 -0.32293633 0.005954 1789526293.754320860 5.659 26.020 0.833 0.00000 -1 ACTUAL_TF
1.9168 0.0423792 -1.6805928 0.6722542 -0.40897936 0.66489210 -0.53513033 -0.32293948 0.006337 1789526293.810301065 6.017 25.662 0.720 0.00000 -1 ACTUAL_TF
1.9711 0.0426740 -1.6806639 0.6724312 -0.40897230 0.66490007 -0.53512306 -0.32294406 0.006316 1789526293.866331100 6.312 25.367 0.627 0.00000 -1 ACTUAL_TF
2.0316 0.0430683 -1.6807990 0.6726578 -0.40895714 0.66488070 -0.53515339 -0.32295289 0.006957 1789526293.922470808 6.705 24.973 0.541 0.00000 -1 ACTUAL_TF
2.0827 0.0434592 -1.6809000 0.6727702 -0.40896062 0.66487498 -0.53516409 -0.32294252 0.007114 1789526293.978495121 7.095 24.583 0.513 0.00000 -1 ACTUAL_TF
2.1429 0.0437762 -1.6809860 0.6728061 -0.40896433 0.66487577 -0.53516128 -0.32294085 0.006749 1789526294.034534931 7.410 24.268 0.476 0.00000 -1 ACTUAL_TF
2.1936 0.0441300 -1.6811117 0.6728127 -0.40895159 0.66487939 -0.53516176 -0.32294873 0.006740 1789526294.090422630 7.761 23.917 0.414 0.00000 -1 ACTUAL_TF
2.2541 0.0444759 -1.6812886 0.6728324 -0.40892761 0.66486635 -0.53520108 -0.32294077 0.006803 1789526294.146393061 8.103 23.575 0.406 0.00000 -1 ACTUAL_TF
2.3103 0.0448889 -1.6815396 0.6728723 -0.40889954 0.66483498 -0.53525817 -0.32294628 0.007359 1789526294.202409029 8.510 23.168 0.533 0.00000 -1 ACTUAL_TF
2.3607 0.0452433 -1.6817868 0.6728917 -0.40885324 0.66481399 -0.53531917 -0.32294700 0.007468 1789526294.258423567 8.859 22.819 0.719 0.00000 -1 ACTUAL_TF
2.4221 0.0456264 -1.6819797 0.6727878 -0.40883439 0.66478735 -0.53536430 -0.32295092 0.007592 1789526294.314415455 9.236 22.442 0.834 0.00000 -1 ACTUAL_TF
2.4909 0.0459415 -1.6820609 0.6726262 -0.40883823 0.66478448 -0.53536852 -0.32294496 0.007259 1789526294.370471001 9.548 22.131 0.866 0.00000 -1 ACTUAL_TF
2.5367 0.0462560 -1.6820965 0.6724541 -0.40883617 0.66478745 -0.53536048 -0.32295477 0.007009 1789526294.426536798 9.859 21.819 0.890 0.00000 -1 ACTUAL_TF
2.5867 0.0465879 -1.6820795 0.6723130 -0.40884071 0.66478619 -0.53535942 -0.32295339 0.006843 1789526294.482467651 10.190 21.489 0.892 0.00000 -1 ACTUAL_TF
2.6408 0.0468796 -1.6820190 0.6722111 -0.40885474 0.66478341 -0.53535680 -0.32294569 0.006477 1789526294.538439035 10.482 21.197 0.862 0.00000 -1 ACTUAL_TF
2.7005 0.0471898 -1.6818954 0.6721111 -0.40886557 0.66478562 -0.53534228 -0.32295150 0.006405 1789526294.594333649 10.793 20.885 0.791 0.00000 -1 ACTUAL_TF
2.7519 0.0474163 -1.6817529 0.6720392 -0.40887702 0.66479511 -0.53531658 -0.32296006 0.005966 1789526294.650400639 11.022 20.656 0.712 0.00000 -1 ACTUAL_TF
2.8104 0.0477364 -1.6815070 0.6719733 -0.40890950 0.66480841 -0.53527302 -0.32296378 0.006359 1789526294.706609726 11.347 20.331 0.596 0.00000 -1 ACTUAL_TF
2.8671 0.0479520 -1.6812872 0.6719381 -0.40892958 0.66481973 -0.53523380 -0.32298004 0.006119 1789526294.762384176 11.568 20.111 0.544 0.00000 -1 ACTUAL_TF
2.9232 0.0482752 -1.6810118 0.6719281 -0.40896730 0.66480761 -0.53521476 -0.32298879 0.006557 1789526294.818413258 11.897 19.781 0.563 0.00000 -1 ACTUAL_TF
2.9835 0.0485755 -1.6807614 0.6719164 -0.40899633 0.66480445 -0.53519196 -0.32299632 0.006682 1789526294.874500513 12.203 19.475 0.682 0.00000 -1 ACTUAL_TF
3.0395 0.0488496 -1.6805767 0.6719063 -0.40901920 0.66480190 -0.53517827 -0.32299527 0.006450 1789526294.930480719 12.481 19.197 0.807 0.00000 -1 ACTUAL_TF
3.0888 0.0491777 -1.6803838 0.6718922 -0.40904617 0.66479979 -0.53516209 -0.32299226 0.006558 1789526294.986407280 12.814 18.865 0.957 0.00000 -1 ACTUAL_TF
3.1489 0.0493969 -1.6802613 0.6718894 -0.40904330 0.66480787 -0.53514636 -0.32300534 0.005933 1789526295.042533875 13.035 18.643 1.055 0.00000 -1 ACTUAL_TF
3.2088 0.0497430 -1.6802077 0.6720122 -0.40902974 0.66479611 -0.53517117 -0.32300562 0.006141 1789526295.098551989 13.384 18.294 1.033 0.00000 -1 ACTUAL_TF
3.2578 0.0500150 -1.6802266 0.6721545 -0.40900201 0.66482171 -0.53516994 -0.32299006 0.005950 1789526295.154409170 13.657 18.021 0.953 0.00000 -1 ACTUAL_TF
3.3187 0.0504153 -1.6803070 0.6723758 -0.40896909 0.66485355 -0.53518137 -0.32294728 0.006660 1789526295.210253954 14.058 17.620 0.811 0.00000 -1 ACTUAL_TF
3.3774 0.0507654 -1.6804320 0.6725794 -0.40894035 0.66486692 -0.53520594 -0.32291544 0.006925 1789526295.266441822 14.407 17.271 0.673 0.00000 -1 ACTUAL_TF
3.4308 0.0511232 -1.6805530 0.6727204 -0.40893641 0.66487437 -0.53520309 -0.32290980 0.007007 1789526295.322438478 14.764 16.914 0.581 0.00000 -1 ACTUAL_TF
3.4889 0.0514611 -1.6806904 0.6728017 -0.40893076 0.66488422 -0.53518907 -0.32291991 0.006908 1789526295.378416777 15.099 16.579 0.491 0.00000 -1 ACTUAL_TF
3.5367 0.0517642 -1.6808383 0.6728448 -0.40891911 0.66487290 -0.53520807 -0.32292648 0.006638 1789526295.435013056 15.399 16.279 0.410 0.00000 -1 ACTUAL_TF
3.5943 0.0521396 -1.6810281 0.6728490 -0.40891276 0.66486473 -0.53522296 -0.32292665 0.006922 1789526295.490474224 15.770 15.908 0.335 0.00000 -1 ACTUAL_TF
3.6570 0.0524398 -1.6812338 0.6728638 -0.40888914 0.66485572 -0.53524536 -0.32293798 0.006798 1789526295.546445131 16.066 15.613 0.385 0.00000 -1 ACTUAL_TF
3.7103 0.0528681 -1.6815472 0.6729130 -0.40884028 0.66482769 -0.53531528 -0.32294168 0.007610 1789526295.602516413 16.487 15.191 0.630 0.00000 -1 ACTUAL_TF
3.7694 0.0532290 -1.6817508 0.6729341 -0.40882396 0.66479462 -0.53536873 -0.32294181 0.007551 1789526295.658474922 16.843 14.835 0.816 0.00000 -1 ACTUAL_TF
3.8202 0.0536246 -1.6819447 0.6728678 -0.40879969 0.66477249 -0.53541266 -0.32294525 0.007673 1789526295.714458942 17.234 14.445 0.970 0.00000 -1 ACTUAL_TF
3.8873 0.0539330 -1.6820110 0.6727731 -0.40879439 0.66476553 -0.53542336 -0.32294854 0.007134 1789526295.770529985 17.539 14.139 1.012 0.00000 -1 ACTUAL_TF
3.9404 0.0542819 -1.6820293 0.6726798 -0.40879253 0.66475632 -0.53543404 -0.32295215 0.006900 1789526295.827425957 17.886 13.792 1.020 0.00000 -1 ACTUAL_TF
3.9874 0.0546097 -1.6819598 0.6725618 -0.40880142 0.66475365 -0.53542999 -0.32295310 0.006769 1789526295.882387877 18.214 13.464 0.949 0.00000 -1 ACTUAL_TF
4.0479 0.0548511 -1.6818492 0.6724584 -0.40880382 0.66476129 -0.53541086 -0.32296605 0.006265 1789526295.938376427 18.457 13.221 0.849 0.00000 -1 ACTUAL_TF
4.0987 0.0551601 -1.6816412 0.6723175 -0.40883539 0.66477175 -0.53537309 -0.32296718 0.006520 1789526295.994366407 18.769 12.909 0.684 0.00000 -1 ACTUAL_TF
4.1628 0.0554093 -1.6814538 0.6722068 -0.40886675 0.66478153 -0.53533766 -0.32296607 0.006335 1789526296.050395966 19.022 12.657 0.578 0.00000 -1 ACTUAL_TF
4.2117 0.0557338 -1.6811712 0.6720954 -0.40890894 0.66478997 -0.53529108 -0.32297249 0.006815 1789526296.106417418 19.351 12.327 0.499 0.00000 -1 ACTUAL_TF
4.2643 0.0560177 -1.6809621 0.6720485 -0.40894659 0.66477724 -0.53527885 -0.32297131 0.006676 1789526296.162401915 19.639 12.039 0.513 0.00000 -1 ACTUAL_TF
4.3278 0.0563075 -1.6807567 0.6720284 -0.40895346 0.66477641 -0.53526338 -0.32298995 0.006580 1789526296.218398333 19.934 11.745 0.577 0.00000 -1 ACTUAL_TF
4.3806 0.0566234 -1.6805861 0.6720239 -0.40896306 0.66477305 -0.53525715 -0.32299505 0.006523 1789526296.274583817 20.253 11.425 0.662 0.00000 -1 ACTUAL_TF
4.4322 0.0568669 -1.6804459 0.6720167 -0.40896529 0.66477911 -0.53524156 -0.32300558 0.006077 1789526296.330400944 20.500 11.178 0.754 0.00000 -1 ACTUAL_TF
4.4982 0.0572227 -1.6802573 0.6720044 -0.40899564 0.66477271 -0.53523073 -0.32299827 0.006376 1789526296.387350321 20.860 10.818 0.897 0.00000 -1 ACTUAL_TF
4.5484 0.0574524 -1.6801580 0.6720436 -0.40898966 0.66477872 -0.53522265 -0.32300685 0.005842 1789526296.442476034 21.092 10.586 0.950 0.00000 -1 ACTUAL_TF
4.5991 0.0577982 -1.6801362 0.6722164 -0.40896367 0.66479429 -0.53523052 -0.32299466 0.006160 1789526296.498568535 21.441 10.238 0.879 0.00000 -1 ACTUAL_TF
4.6616 0.0581347 -1.6801849 0.6724224 -0.40893594 0.66479988 -0.53526005 -0.32296934 0.006448 1789526296.554409027 21.778 9.900 0.760 0.00000 -1 ACTUAL_TF
4.7179 0.0585270 -1.6802383 0.6726306 -0.40891060 0.66481787 -0.53527591 -0.32293810 0.006910 1789526296.610392809 22.172 9.507 0.681 0.00000 -1 ACTUAL_TF
4.7751 0.0588107 -1.6803066 0.6727592 -0.40888659 0.66483224 -0.53527744 -0.32293639 0.006548 1789526296.666316748 22.455 9.223 0.628 0.00000 -1 ACTUAL_TF
4.8283 0.0591606 -1.6803954 0.6728308 -0.40890152 0.66484258 -0.53525448 -0.32293425 0.006548 1789526296.722511530 22.804 8.875 0.559 0.00000 -1 ACTUAL_TF
4.8923 0.0595400 -1.6805439 0.6728665 -0.40890261 0.66484069 -0.53525896 -0.32292934 0.006782 1789526296.778325796 23.180 8.499 0.440 0.00000 -1 ACTUAL_TF
4.9444 0.0598280 -1.6807013 0.6728634 -0.40889694 0.66484644 -0.53525250 -0.32293539 0.006505 1789526296.834344149 23.464 8.214 0.319 0.00000 -1 ACTUAL_TF
4.9941 0.0602267 -1.6809493 0.6728689 -0.40888662 0.66483556 -0.53527389 -0.32293541 0.007062 1789526296.890508175 23.857 7.822 0.269 0.00000 -1 ACTUAL_TF
5.0565 0.0605867 -1.6811935 0.6728974 -0.40886568 0.66481211 -0.53531935 -0.32293485 0.007280 1789526296.946492195 24.211 7.467 0.430 0.00000 -1 ACTUAL_TF
5.1064 0.0609770 -1.6814111 0.6729208 -0.40884324 0.66479443 -0.53535545 -0.32293980 0.007493 1789526297.002496481 24.597 7.082 0.628 0.00000 -1 ACTUAL_TF
5.1692 0.0613147 -1.6815822 0.6729462 -0.40881782 0.66477897 -0.53538863 -0.32294879 0.007283 1789526297.058332205 24.930 6.748 0.798 0.00000 -1 ACTUAL_TF
5.2170 0.0616995 -1.6817005 0.6729345 -0.40880160 0.66477155 -0.53541023 -0.32294880 0.007253 1789526297.114405870 25.312 6.366 0.910 0.00000 -1 ACTUAL_TF
5.2737 0.0619840 -1.6817251 0.6729083 -0.40879017 0.66477195 -0.53541349 -0.32295704 0.006615 1789526297.170364141 25.596 6.083 0.930 0.00000 -1 ACTUAL_TF
5.3351 0.0623446 -1.6816887 0.6728648 -0.40878809 0.66476594 -0.53542007 -0.32296112 0.006573 1789526297.226726055 25.957 5.722 0.890 0.00000 -1 ACTUAL_TF
5.3837 0.0627228 -1.6815759 0.6728125 -0.40880172 0.66475719 -0.53542194 -0.32295878 0.006740 1789526297.282554388 26.337 5.342 0.775 0.00000 -1 ACTUAL_TF
5.4415 0.0630396 -1.6814440 0.6727725 -0.40881874 0.66475092 -0.53541917 -0.32295475 0.006573 1789526297.338424921 26.656 5.022 0.644 0.00000 -1 ACTUAL_TF
5.5035 0.0633738 -1.6812698 0.6727240 -0.40882328 0.66475765 -0.53539964 -0.32296752 0.006623 1789526297.394810200 26.994 4.685 0.471 0.00000 -1 ACTUAL_TF
5.5542 0.0636598 -1.6811274 0.6726869 -0.40883745 0.66475674 -0.53538917 -0.32296881 0.006375 1789526297.450304985 27.282 4.396 0.331 0.00000 -1 ACTUAL_TF
5.6139 0.0640381 -1.6809669 0.6726589 -0.40885189 0.66475005 -0.53538636 -0.32296896 0.006666 1789526297.506380320 27.664 4.014 0.178 0.00000 -1 ACTUAL_TF
5.6710 0.0643164 -1.6808811 0.6726564 -0.40883966 0.66474774 -0.53539057 -0.32298221 0.006225 1789526297.562410593 27.944 3.734 0.098 0.00000 -1 ACTUAL_TF
5.7279 0.0646892 -1.6807999 0.6726643 -0.40882384 0.66474019 -0.53540609 -0.32299205 0.006400 1789526297.618471146 28.319 3.359 0.026 0.00000 -1 ACTUAL_TF
5.7756 0.0650508 -1.6807194 0.6726508 -0.40883128 0.66473991 -0.53541003 -0.32297668 0.006470 1789526297.674370527 28.682 2.996 0.048 0.00000 -1 ACTUAL_TF
5.8337 0.0654382 -1.6806540 0.6726367 -0.40882465 0.66475354 -0.53540601 -0.32296369 0.006633 1789526297.730427504 29.071 2.608 0.108 0.00000 -1 ACTUAL_TF
5.8952 0.0658119 -1.6806187 0.6726270 -0.40881692 0.66476046 -0.53540930 -0.32295377 0.006650 1789526297.786556005 29.445 2.233 0.137 0.00000 -1 ACTUAL_TF
5.9428 0.0661387 -1.6805902 0.6726144 -0.40881932 0.66476676 -0.53539998 -0.32295323 0.006415 1789526297.842494488 29.772 1.906 0.163 0.00000 -1 ACTUAL_TF
6.0073 0.0665353 -1.6805635 0.6725915 -0.40884012 0.66476981 -0.53537940 -0.32295474 0.006626 1789526297.898442268 30.169 1.509 0.190 0.00000 -1 ACTUAL_TF
6.0578 0.0668583 -1.6805401 0.6725685 -0.40885013 0.66478022 -0.53535946 -0.32295369 0.006377 1789526297.954461575 30.492 1.186 0.217 0.00000 -1 ACTUAL_TF
6.1259 0.0672759 -1.6805143 0.6725434 -0.40887065 0.66478516 -0.53534293 -0.32294493 0.006708 1789526298.010496616 30.910 0.768 0.248 0.00000 -1 ACTUAL_TF
6.1724 0.0675663 -1.6805205 0.6725269 -0.40886788 0.66479730 -0.53532290 -0.32295665 0.006253 1789526298.066518545 31.200 0.478 0.250 0.00000 -1 ACTUAL_TF
6.2308 0.0679445 -1.6805079 0.6725082 -0.40888259 0.66480034 -0.53530833 -0.32295593 0.006412 1789526298.122370958 31.578 0.100 0.269 0.00000 -1 ACTUAL_TF
6.2805 0.0683292 -1.6804836 0.6724754 -0.40890512 0.66481098 -0.53528098 -0.32295082 0.006557 1789526298.178490162 31.963 -0.285 0.306 0.00000 -1 ACTUAL_TF
6.3377 0.0686604 -1.6804871 0.6724780 -0.40891522 0.66480424 -0.53528462 -0.32294590 0.006365 1789526298.234438181 32.294 -0.616 0.300 0.00000 -1 ACTUAL_TF
6.3973 0.0690111 -1.6804745 0.6724679 -0.40891572 0.66481435 -0.53526552 -0.32295608 0.006338 1789526298.290385485 32.645 -0.966 0.313 0.00000 -1 ACTUAL_TF
6.4504 0.0693510 -1.6804627 0.6724714 -0.40893323 0.66480544 -0.53526848 -0.32294736 0.006258 1789526298.346430302 32.985 -1.306 0.316 0.00000 -1 ACTUAL_TF
6.5069 0.0697271 -1.6804519 0.6724721 -0.40894442 0.66480230 -0.53526513 -0.32294521 0.006395 1789526298.402448177 33.361 -1.683 0.320 0.00000 -1 ACTUAL_TF
6.5693 0.0700130 -1.6804612 0.6724848 -0.40894279 0.66479983 -0.53526666 -0.32294981 0.006015 1789526298.458309889 33.647 -1.968 0.303 0.00000 -1 ACTUAL_TF
6.6223 0.0703268 -1.6804670 0.6724952 -0.40892583 0.66481121 -0.53525434 -0.32296830 0.005884 1789526298.514606476 33.960 -2.282 0.289 0.00000 -1 ACTUAL_TF
6.6863 0.0706330 -1.6804673 0.6725068 -0.40893050 0.66480320 -0.53526233 -0.32296561 0.005766 1789526298.570411444 34.267 -2.588 0.278 0.00000 -1 ACTUAL_TF
6.7397 0.0709921 -1.6804646 0.6725186 -0.40893090 0.66479983 -0.53526414 -0.32296905 0.005961 1789526298.626391172 34.626 -2.947 0.269 0.00000 -1 ACTUAL_TF
6.7849 0.0713373 -1.6804554 0.6725181 -0.40893160 0.66480440 -0.53525372 -0.32297602 0.006025 1789526298.682349205 34.971 -3.293 0.273 0.00000 -1 ACTUAL_TF
6.8404 0.0716576 -1.6804367 0.6725178 -0.40894877 0.66479673 -0.53525596 -0.32296637 0.005934 1789526298.738404989 35.292 -3.613 0.283 0.00000 -1 ACTUAL_TF
6.9022 0.0719630 -1.6804424 0.6725254 -0.40893649 0.66480227 -0.53525058 -0.32297942 0.005787 1789526298.794519663 35.597 -3.919 0.272 0.00000 -1 ACTUAL_TF
6.9627 0.0722596 -1.6804317 0.6725199 -0.40894068 0.66480698 -0.53524372 -0.32297579 0.005643 1789526298.850474834 35.894 -4.215 0.281 0.00000 -1 ACTUAL_TF
7.0145 0.0725983 -1.6804312 0.6725338 -0.40894035 0.66479967 -0.53525136 -0.32297859 0.005767 1789526298.906448603 36.232 -4.554 0.269 0.00000 -1 ACTUAL_TF
7.0758 0.0728987 -1.6804239 0.6725395 -0.40894284 0.66479851 -0.53525283 -0.32297540 0.005644 1789526298.962561131 36.533 -4.855 0.267 0.00000 -1 ACTUAL_TF
7.1245 0.0732282 -1.6804001 0.6725309 -0.40895211 0.66480281 -0.53524647 -0.32296535 0.005728 1789526299.018321037 36.863 -5.184 0.287 0.00000 -1 ACTUAL_TF
7.1785 0.0734933 -1.6803878 0.6725361 -0.40896174 0.66480104 -0.53524611 -0.32295739 0.005432 1789526299.074338436 37.128 -5.450 0.289 0.00000 -1 ACTUAL_TF
7.2407 0.0737774 -1.6803906 0.6725511 -0.40895799 0.66479536 -0.53525285 -0.32296265 0.005326 1789526299.130338669 37.412 -5.734 0.274 0.00000 -1 ACTUAL_TF
7.2894 0.0740497 -1.6803879 0.6725538 -0.40895934 0.66479771 -0.53525036 -0.32296024 0.005184 1789526299.186470509 37.685 -6.006 0.272 0.00000 -1 ACTUAL_TF
7.3494 0.0742463 -1.6803870 0.6725615 -0.40895463 0.66480006 -0.53524763 -0.32296588 0.004684 1789526299.242408276 37.881 -6.203 0.265 0.00000 -1 ACTUAL_TF
7.4002 0.0744956 -1.6803821 0.6725682 -0.40896282 0.66479505 -0.53525224 -0.32295819 0.004618 1789526299.298284531 38.131 -6.452 0.262 0.00000 -1 ACTUAL_TF
7.4595 0.0746295 -1.6803812 0.6725760 -0.40895675 0.66479612 -0.53525234 -0.32296351 0.003950 1789526299.354352951 38.265 -6.586 0.255 0.00000 -1 ACTUAL_TF
7.5156 0.0747698 -1.6803882 0.6725847 -0.40895164 0.66479556 -0.53525657 -0.32296412 0.003516 1789526299.410615206 38.405 -6.726 0.243 0.00000 -1 ACTUAL_TF
7.5710 0.0748530 -1.6803887 0.6725905 -0.40895120 0.66479546 -0.53525795 -0.32296260 0.002908 1789526299.466538429 38.488 -6.810 0.238 0.00000 -1 ACTUAL_TF
7.6302 0.0749205 -1.6803970 0.6725994 -0.40894691 0.66479502 -0.53526186 -0.32296247 0.002404 1789526299.522441149 38.555 -6.877 0.225 0.00000 -1 ACTUAL_TF
7.6884 0.0749509 -1.6803960 0.6726002 -0.40894739 0.66479654 -0.53525949 -0.32296266 0.001845 1789526299.578670502 38.586 -6.907 0.225 0.00000 -1 ACTUAL_TF
