WELD FEEDBACK LOG
result=completed
started=2026-09-16 11:34:53
ended=2026-09-16 11:35:01
elapsed_seconds=8.122

================ OPERATOR OVERVIEW ================
REQUESTED : 230 A / 26.5 V · FE-SOLID 1.2 mm · LSM · CO2 100%
RX ECHO   : 100 A / 10.0 V · MATCH=NO
CURRENT FB: no positive feedback A
VOLTAGE FB: no positive feedback V
WIRE FEED : no positive feedback m/min
ARC ON    : 0.000 s
NET WELD  : 0.000 s
WIRE USED : 0.000 mm (base 0.000 + alpha 0.000)
WCR       : NOT DETECTED
SAMPLES   : RX 203 / welding 0 / TCP 146
===================================================

[commanded]
current_a=230
voltage_tenths=265
voltage=26.5
material=FE-SOLID
diameter_mm=1.2
mode=LSM
gas=CO2 100%
synergic=False
correction=0.0
hot_start_enabled=True
hot_start_percent=20.0
hot_start_hold_adjustment=-1
crater_enabled=False
crater_percent=26.08695652173913
crater_current_a=60.0
crater_voltage_v=25.0
crater_seconds=1.0
wire_consumable_alpha_mm=0.0
hot_start_current_a=276

[rx_setting_echo]
current_a=100
voltage_v=10.0
hot_start_current_a=0
hot_start_hold_adjustment=-15

[rx_welding_setting_echo]

[execution_conditions]
mode=sequence_execute
run_all=True
touch_io_backend=fastech_ethernet
touch_input_port=4
touch_sensing_output_port=0
fastech_ip=192.168.0.3
fastech_poll_target_hz=100.0
hicomm_source_ip=192.168.1.2
hicomm_welder_ip=192.168.1.10
hicomm_port=60000
gui_velocity_percent=36.95263157894737
gui_speed_mode=scale
gui_tcp_speed_mm_s=10.0
gui_interpolation_step_mm=5.0
seam_orientation_mode=Wait poses + fixed World-XYZ tilt
weld_fixed_tilt_x_deg=0.0
weld_fixed_tilt_y_deg=0.0
weld_fixed_tilt_z_deg=-0.0
weld_weave_enabled=True
weld_weave_pattern=capping
capping_width_mm=5.9
capping_pitch_mm=5.0
capping_left_dwell_s=0.2
capping_right_dwell_s=0.2
weld_weave_amplitude_mm=2.7
weld_weave_cycles=4
weld_weave_samples_per_cycle=8
weld_weave_axis=tool_y
weld_lead_in_mm=1.0
weld_lead_out_mm=7.0
weld_safe_approach_mm=31.0
weld_approach_mode=taught_wait
weld_pre_start_lead_mm=0.0
weld_tcp_speed_mm_s=6.999999999999998
weld_arc_off_delay_ms=500.0
tcp_tracking.parent_frame=World
tcp_tracking.child_frame=right_manipulator_ee_point
tcp_tracking.timestamp_source=TF_header_stamp
initial_fastech_di0=False
initial_fastech_do0=True
robot_connected.left=True
robot_connected.right=True
robot_connected.head=True
hicomm_connected=True
execution_allowed=True
steps[0].sequence_number=1
steps[0].type=named_pose
steps[0].parallel_slot=1
steps[0].duration=0.0
steps[0].planning_group=right_manipulator
steps[0].velocity_scale=0.3695263157894737
steps[0].tcp_speed_m_s=0.0
steps[0].pose_name=weld_start_wait
steps[0].pose_label=3 · Weld start wait pose
steps[0].touch_guard=False
steps[0].continue_after_touch=False
steps[0].weld_scenario_id=weld-9105930878800
steps[0].weld_scenario_stage=start_wait
steps[0].target_tcp.position_m.x=0.03646068728963492
steps[0].target_tcp.position_m.y=-1.6793469233273077
steps[0].target_tcp.position_m.z=0.674417019979207
steps[0].target_tcp.orientation_xyzw.x=-0.4089518530577377
steps[0].target_tcp.orientation_xyzw.y=0.6647824172284327
steps[0].target_tcp.orientation_xyzw.z=-0.5352696108757291
steps[0].target_tcp.orientation_xyzw.w=-0.32296929157043747
steps[0].joint_names[0]=right_manipulator_joint1
steps[0].joint_names[1]=right_manipulator_joint2
steps[0].joint_names[2]=right_manipulator_joint3
steps[0].joint_names[3]=right_manipulator_joint4
steps[0].joint_names[4]=right_manipulator_joint5
steps[0].joint_names[5]=right_manipulator_joint6
steps[0].joint_positions_rad[0]=5.1496113218195765
steps[0].joint_positions_rad[1]=1.3091994723966476
steps[0].joint_positions_rad[2]=1.881715989845849
steps[0].joint_positions_rad[3]=3.5661181082116182
steps[0].joint_positions_rad[4]=1.395569381815389
steps[0].joint_positions_rad[5]=1.5444073298694105
steps[1].sequence_number=2
steps[1].type=motion
steps[1].parallel_slot=2
steps[1].duration=0.0
steps[1].planning_group=right_manipulator
steps[1].velocity_scale=0.3695263157894737
steps[1].tcp_speed_m_s=0.0
steps[1].interpolation_step=0.005
steps[1].path_kind=taught_wait_align_weld_attitude
steps[1].touch_guard=False
steps[1].continue_after_touch=False
steps[1].accept_initial_touch=False
steps[1].weld_scenario_id=weld-9105930878800
steps[1].weld_scenario_stage=start_safe
steps[1].waypoint_count=1
steps[1].waypoints[0].position_m.x=0.03646068728963492
steps[1].waypoints[0].position_m.y=-1.6793469233273077
steps[1].waypoints[0].position_m.z=0.674417019979207
steps[1].waypoints[0].orientation_xyzw.x=-0.408897680755199
steps[1].waypoints[0].orientation_xyzw.y=0.6648271744601588
steps[1].waypoints[0].orientation_xyzw.z=-0.535267728437428
steps[1].waypoints[0].orientation_xyzw.w=-0.32294887159700153
steps[2].sequence_number=3
steps[2].type=motion
steps[2].parallel_slot=3
steps[2].duration=0.0
steps[2].planning_group=right_manipulator
steps[2].velocity_scale=0.3695263157894737
steps[2].tcp_speed_m_s=0.0
steps[2].interpolation_step=0.005
steps[2].path_kind=taught_wait_to_weld_start
steps[2].touch_guard=False
steps[2].continue_after_touch=True
steps[2].accept_initial_touch=False
steps[2].weld_scenario_id=weld-9105930878800
steps[2].weld_scenario_stage=start_contact
steps[2].waypoint_count=1
steps[2].waypoints[0].position_m.x=0.03537976352411753
steps[2].waypoints[0].position_m.y=-1.6814615280262992
steps[2].waypoints[0].position_m.z=0.672323594514783
steps[2].waypoints[0].orientation_xyzw.x=-0.408897680755199
steps[2].waypoints[0].orientation_xyzw.y=0.6648271744601588
steps[2].waypoints[0].orientation_xyzw.z=-0.535267728437428
steps[2].waypoints[0].orientation_xyzw.w=-0.32294887159700153
steps[3].sequence_number=4
steps[3].type=digital_weld
steps[3].parallel_slot=5
steps[3].duration=0.0
steps[3].command=on
steps[3].weld_scenario_id=weld-9105930878800
steps[3].weld_scenario_stage=arc_on
steps[3].settings.current_a=230
steps[3].settings.voltage_tenths=265
steps[3].settings.voltage=26.5
steps[3].settings.material=FE-SOLID
steps[3].settings.diameter_mm=1.2
steps[3].settings.mode=LSM
steps[3].settings.gas=CO2 100%
steps[3].settings.synergic=False
steps[3].settings.correction=0.0
steps[3].settings.hot_start_enabled=True
steps[3].settings.hot_start_percent=20.0
steps[3].settings.hot_start_hold_adjustment=-1
steps[3].settings.crater_enabled=False
steps[3].settings.crater_percent=26.08695652173913
steps[3].settings.crater_current_a=60.0
steps[3].settings.crater_voltage_v=25.0
steps[3].settings.crater_seconds=1.0
steps[3].settings.wire_consumable_alpha_mm=0.0
steps[3].settings.hot_start_current_a=276
steps[4].sequence_number=5
steps[4].type=motion
steps[4].parallel_slot=5
steps[4].duration=0.0
steps[4].planning_group=right_manipulator
steps[4].velocity_scale=0.3695263157894737
steps[4].tcp_speed_m_s=0.01954849376592605
steps[4].interpolation_step=0.005
steps[4].path_kind=continuous_capping_weave_over_taught_goal_fastech_di0_ignored
steps[4].touch_guard=False
steps[4].weld_scenario_id=weld-9105930878800
steps[4].weld_scenario_stage=weld_motion
steps[4].lead_in_mm=1.0
steps[4].lead_out_mm=7.0
steps[4].linear_motion_profile=False
steps[4].path_to_seam_speed_factor=0.3580838546344338
steps[4].waypoint_hold_s[0]=0.0
steps[4].waypoint_hold_s[1]=0.0
steps[4].waypoint_hold_s[2]=0.2
steps[4].waypoint_hold_s[3]=0.2
steps[4].waypoint_hold_s[4]=0.2
steps[4].waypoint_hold_s[5]=0.2
steps[4].waypoint_hold_s[6]=0.2
steps[4].waypoint_hold_s[7]=0.2
steps[4].waypoint_hold_s[8]=0.2
steps[4].waypoint_hold_s[9]=0.2
steps[4].waypoint_hold_s[10]=0.2
steps[4].waypoint_hold_s[11]=0.2
steps[4].waypoint_hold_s[12]=0.2
steps[4].waypoint_hold_s[13]=0.2
steps[4].waypoint_hold_s[14]=0.2
steps[4].waypoint_hold_s[15]=0.2
steps[4].waypoint_hold_s[16]=0.0
steps[4].waypoint_hold_s[17]=0.0
steps[4].capping_width_mm=5.9
steps[4].capping_pitch_mm=5.0
steps[4].capping_left_dwell_s=0.2
steps[4].capping_right_dwell_s=0.2
steps[4].waypoint_count=18
steps[4].waypoints[0].position_m.x=0.03537976352411753
steps[4].waypoints[0].position_m.y=-1.6814615280262992
steps[4].waypoints[0].position_m.z=0.672323594514783
steps[4].waypoints[0].orientation_xyzw.x=-0.408897680755199
steps[4].waypoints[0].orientation_xyzw.y=0.6648271744601588
steps[4].waypoints[0].orientation_xyzw.z=-0.535267728437428
steps[4].waypoints[0].orientation_xyzw.w=-0.32294887159700153
steps[4].waypoints[1].position_m.x=0.036379422551576224
steps[4].waypoints[1].position_m.y=-1.681438083342502
steps[4].waypoints[1].position_m.z=0.6723350912805015
steps[4].waypoints[1].orientation_xyzw.x=-0.408897680755199
steps[4].waypoints[1].orientation_xyzw.y=0.6648271744601588
steps[4].waypoints[1].orientation_xyzw.z=-0.535267728437428
steps[4].waypoints[1].orientation_xyzw.w=-0.32294887159700153
steps[4].waypoints[2].position_m.x=0.03744123949763984
steps[4].waypoints[2].position_m.y=-1.6784623697087961
steps[4].waypoints[2].position_m.z=0.6723480983659884
steps[4].waypoints[2].orientation_xyzw.x=-0.408897680755199
steps[4].waypoints[2].orientation_xyzw.y=0.6648271744601588
steps[4].waypoints[2].orientation_xyzw.z=-0.535267728437428
steps[4].waypoints[2].orientation_xyzw.w=-0.32294887159700153
steps[4].waypoints[3].position_m.x=0.039841538943399604
steps[4].waypoints[3].position_m.y=-1.6843076986129528
steps[4].waypoints[3].position_m.z=0.6723741125369624
steps[4].waypoints[3].orientation_xyzw.x=-0.408897680755199
steps[4].waypoints[3].orientation_xyzw.y=0.6648271744601588
steps[4].waypoints[3].orientation_xyzw.z=-0.535267728437428
steps[4].waypoints[3].orientation_xyzw.w=-0.32294887159700153
steps[4].waypoints[4].position_m.x=0.04196517283552683
steps[4].waypoints[4].position_m.y=-1.6783562713455409
steps[4].waypoints[4].position_m.z=0.6724001267079363
steps[4].waypoints[4].orientation_xyzw.x=-0.408897680755199
steps[4].waypoints[4].orientation_xyzw.y=0.6648271744601588
steps[4].waypoints[4].orientation_xyzw.z=-0.535267728437428
steps[4].waypoints[4].orientation_xyzw.w=-0.32294887159700153
steps[4].waypoints[5].position_m.x=0.044365472281286594
steps[4].waypoints[5].position_m.y=-1.6842016002496976
steps[4].waypoints[5].position_m.z=0.6724261408789103
steps[4].waypoints[5].orientation_xyzw.x=-0.408897680755199
steps[4].waypoints[5].orientation_xyzw.y=0.6648271744601588
steps[4].waypoints[5].orientation_xyzw.z=-0.535267728437428
steps[4].waypoints[5].orientation_xyzw.w=-0.32294887159700153
steps[4].waypoints[6].position_m.x=0.04648910617341382
steps[4].waypoints[6].position_m.y=-1.6782501729822858
steps[4].waypoints[6].position_m.z=0.6724521550498842
steps[4].waypoints[6].orientation_xyzw.x=-0.408897680755199
steps[4].waypoints[6].orientation_xyzw.y=0.6648271744601588
steps[4].waypoints[6].orientation_xyzw.z=-0.535267728437428
steps[4].waypoints[6].orientation_xyzw.w=-0.32294887159700153
steps[4].waypoints[7].position_m.x=0.048889405619173584
steps[4].waypoints[7].position_m.y=-1.6840955018864425
steps[4].waypoints[7].position_m.z=0.6724781692208581
steps[4].waypoints[7].orientation_xyzw.x=-0.408897680755199
steps[4].waypoints[7].orientation_xyzw.y=0.6648271744601588
steps[4].waypoints[7].orientation_xyzw.z=-0.535267728437428
steps[4].waypoints[7].orientation_xyzw.w=-0.32294887159700153
steps[4].waypoints[8].position_m.x=0.05101303951130082
steps[4].waypoints[8].position_m.y=-1.6781440746190308
steps[4].waypoints[8].position_m.z=0.6725041833918319
steps[4].waypoints[8].orientation_xyzw.x=-0.408897680755199
steps[4].waypoints[8].orientation_xyzw.y=0.6648271744601588
steps[4].waypoints[8].orientation_xyzw.z=-0.535267728437428
steps[4].waypoints[8].orientation_xyzw.w=-0.32294887159700153
steps[4].waypoints[9].position_m.x=0.053413338957060574
steps[4].waypoints[9].position_m.y=-1.6839894035231873
steps[4].waypoints[9].position_m.z=0.672530197562806
steps[4].waypoints[9].orientation_xyzw.x=-0.408897680755199
steps[4].waypoints[9].orientation_xyzw.y=0.6648271744601588
steps[4].waypoints[9].orientation_xyzw.z=-0.535267728437428
steps[4].waypoints[9].orientation_xyzw.w=-0.32294887159700153
steps[4].waypoints[10].position_m.x=0.05553697284918781
steps[4].waypoints[10].position_m.y=-1.6780379762557756
steps[4].waypoints[10].position_m.z=0.6725562117337798
steps[4].waypoints[10].orientation_xyzw.x=-0.408897680755199
steps[4].waypoints[10].orientation_xyzw.y=0.6648271744601588
steps[4].waypoints[10].orientation_xyzw.z=-0.535267728437428
steps[4].waypoints[10].orientation_xyzw.w=-0.32294887159700153
steps[4].waypoints[11].position_m.x=0.05793727229494757
steps[4].waypoints[11].position_m.y=-1.6838833051599322
steps[4].waypoints[11].position_m.z=0.6725822259047538
steps[4].waypoints[11].orientation_xyzw.x=-0.408897680755199
steps[4].waypoints[11].orientation_xyzw.y=0.6648271744601588
steps[4].waypoints[11].orientation_xyzw.z=-0.535267728437428
steps[4].waypoints[11].orientation_xyzw.w=-0.32294887159700153
steps[4].waypoints[12].position_m.x=0.0600609061870748
steps[4].waypoints[12].position_m.y=-1.6779318778925205
steps[4].waypoints[12].position_m.z=0.6726082400757276
steps[4].waypoints[12].orientation_xyzw.x=-0.408897680755199
steps[4].waypoints[12].orientation_xyzw.y=0.6648271744601588
steps[4].waypoints[12].orientation_xyzw.z=-0.535267728437428
steps[4].waypoints[12].orientation_xyzw.w=-0.32294887159700153
steps[4].waypoints[13].position_m.x=0.06246120563283456
steps[4].waypoints[13].position_m.y=-1.6837772067966772
steps[4].waypoints[13].position_m.z=0.6726342542467016
steps[4].waypoints[13].orientation_xyzw.x=-0.408897680755199
steps[4].waypoints[13].orientation_xyzw.y=0.6648271744601588
steps[4].waypoints[13].orientation_xyzw.z=-0.535267728437428
steps[4].waypoints[13].orientation_xyzw.w=-0.32294887159700153
steps[4].waypoints[14].position_m.x=0.06458483952496179
steps[4].waypoints[14].position_m.y=-1.6778257795292653
steps[4].waypoints[14].position_m.z=0.6726602684176755
steps[4].waypoints[14].orientation_xyzw.x=-0.408897680755199
steps[4].waypoints[14].orientation_xyzw.y=0.6648271744601588
steps[4].waypoints[14].orientation_xyzw.z=-0.535267728437428
steps[4].waypoints[14].orientation_xyzw.w=-0.32294887159700153
steps[4].waypoints[15].position_m.x=0.06698513897072156
steps[4].waypoints[15].position_m.y=-1.683671108433422
steps[4].waypoints[15].position_m.z=0.6726862825886495
steps[4].waypoints[15].orientation_xyzw.x=-0.408897680755199
steps[4].waypoints[15].orientation_xyzw.y=0.6648271744601588
steps[4].waypoints[15].orientation_xyzw.z=-0.535267728437428
steps[4].waypoints[15].orientation_xyzw.w=-0.32294887159700153
steps[4].waypoints[16].position_m.x=0.06804695591678517
steps[4].waypoints[16].position_m.y=-1.680695394799716
steps[4].waypoints[16].position_m.z=0.6726992896741364
steps[4].waypoints[16].orientation_xyzw.x=-0.408897680755199
steps[4].waypoints[16].orientation_xyzw.y=0.6648271744601588
steps[4].waypoints[16].orientation_xyzw.z=-0.535267728437428
steps[4].waypoints[16].orientation_xyzw.w=-0.32294887159700153
steps[4].waypoints[17].position_m.x=0.07504456910899603
steps[4].waypoints[17].position_m.y=-1.6805312820131353
steps[4].waypoints[17].position_m.z=0.672779767034166
steps[4].waypoints[17].orientation_xyzw.x=-0.408897680755199
steps[4].waypoints[17].orientation_xyzw.y=0.6648271744601588
steps[4].waypoints[17].orientation_xyzw.z=-0.535267728437428
steps[4].waypoints[17].orientation_xyzw.w=-0.32294887159700153
steps[4].lead_start.position_m.x=0.03537976352411753
steps[4].lead_start.position_m.y=-1.6814615280262992
steps[4].lead_start.position_m.z=0.672323594514783
steps[4].lead_start.orientation_xyzw.x=-0.408897680755199
steps[4].lead_start.orientation_xyzw.y=0.6648271744601588
steps[4].lead_start.orientation_xyzw.z=-0.535267728437428
steps[4].lead_start.orientation_xyzw.w=-0.32294887159700153
steps[4].usable_seam_start.position_m.x=0.036379422551576224
steps[4].usable_seam_start.position_m.y=-1.681438083342502
steps[4].usable_seam_start.position_m.z=0.6723350912805015
steps[4].usable_seam_start.orientation_xyzw.x=-0.408897680755199
steps[4].usable_seam_start.orientation_xyzw.y=0.6648271744601588
steps[4].usable_seam_start.orientation_xyzw.z=-0.535267728437428
steps[4].usable_seam_start.orientation_xyzw.w=-0.32294887159700153
steps[4].usable_seam_goal.position_m.x=0.06804695591678517
steps[4].usable_seam_goal.position_m.y=-1.680695394799716
steps[4].usable_seam_goal.position_m.z=0.6726992896741364
steps[4].usable_seam_goal.orientation_xyzw.x=-0.408897680755199
steps[4].usable_seam_goal.orientation_xyzw.y=0.6648271744601588
steps[4].usable_seam_goal.orientation_xyzw.z=-0.535267728437428
steps[4].usable_seam_goal.orientation_xyzw.w=-0.32294887159700153
steps[4].lead_end.position_m.x=0.07504456910899603
steps[4].lead_end.position_m.y=-1.6805312820131353
steps[4].lead_end.position_m.z=0.672779767034166
steps[4].lead_end.orientation_xyzw.x=-0.408897680755199
steps[4].lead_end.orientation_xyzw.y=0.6648271744601588
steps[4].lead_end.orientation_xyzw.z=-0.535267728437428
steps[4].lead_end.orientation_xyzw.w=-0.32294887159700153
steps[5].sequence_number=6
steps[5].type=digital_weld
steps[5].parallel_slot=5
steps[5].duration=0.0
steps[5].velocity_scale=0.3695263157894737
steps[5].tcp_speed_m_s=0.01954849376592605
steps[5].command=off
steps[5].weld_scenario_id=weld-9105930878800
steps[5].weld_scenario_stage=arc_off
steps[5].path_to_seam_speed_factor=0.3580838546344338
steps[5].trigger_before_goal=True
steps[5].arc_off_delay_s=0.5
steps[5].settings.current_a=230
steps[5].settings.voltage_tenths=265
steps[5].settings.voltage=26.5
steps[5].settings.material=FE-SOLID
steps[5].settings.diameter_mm=1.2
steps[5].settings.mode=LSM
steps[5].settings.gas=CO2 100%
steps[5].settings.synergic=False
steps[5].settings.correction=0.0
steps[5].settings.hot_start_enabled=True
steps[5].settings.hot_start_percent=20.0
steps[5].settings.hot_start_hold_adjustment=-1
steps[5].settings.crater_enabled=False
steps[5].settings.crater_percent=26.08695652173913
steps[5].settings.crater_current_a=60.0
steps[5].settings.crater_voltage_v=25.0
steps[5].settings.crater_seconds=1.0
steps[5].settings.wire_consumable_alpha_mm=0.0
steps[5].settings.hot_start_current_a=276
steps[6].sequence_number=7
steps[6].type=motion
steps[6].parallel_slot=6
steps[6].duration=0.0
steps[6].planning_group=right_manipulator
steps[6].velocity_scale=0.3695263157894737
steps[6].tcp_speed_m_s=0.0
steps[6].interpolation_step=0.005
steps[6].path_kind=weld_end_to_taught_wait_fixed_attitude
steps[6].pose_name=weld_goal_wait
steps[6].pose_label=5 · Weld goal wait pose
steps[6].touch_guard=False
steps[6].continue_after_touch=False
steps[6].weld_scenario_id=weld-9105930878800
steps[6].weld_scenario_stage=goal_wait
steps[6].waypoint_count=1
steps[6].waypoints[0].position_m.x=0.06802650600792787
steps[6].waypoints[0].position_m.y=-1.6775811340754863
steps[6].waypoints[0].position_m.z=0.6749988857401974
steps[6].waypoints[0].orientation_xyzw.x=-0.408897680755199
steps[6].waypoints[0].orientation_xyzw.y=0.6648271744601588
steps[6].waypoints[0].orientation_xyzw.z=-0.535267728437428
steps[6].waypoints[0].orientation_xyzw.w=-0.32294887159700153
steps[7].sequence_number=8
steps[7].type=named_pose
steps[7].parallel_slot=7
steps[7].duration=0.0
steps[7].planning_group=right_manipulator
steps[7].velocity_scale=0.3695263157894737
steps[7].tcp_speed_m_s=0.0
steps[7].pose_name=weld_finish
steps[7].pose_label=7 · Weld end pose
steps[7].touch_guard=False
steps[7].continue_after_touch=False
steps[7].weld_scenario_id=weld-9105930878800
steps[7].weld_scenario_stage=finish
steps[7].target_tcp.position_m.x=0.06798797733801742
steps[7].target_tcp.position_m.y=-1.6434697522598045
steps[7].target_tcp.position_m.z=0.706858520636326
steps[7].target_tcp.orientation_xyzw.x=-0.40891577982432076
steps[7].target_tcp.orientation_xyzw.y=0.664770641451258
steps[7].target_tcp.orientation_xyzw.z=-0.535297108084459
steps[7].target_tcp.orientation_xyzw.w=-0.32299363051237706
steps[7].joint_names[0]=right_manipulator_joint1
steps[7].joint_names[1]=right_manipulator_joint2
steps[7].joint_names[2]=right_manipulator_joint3
steps[7].joint_names[3]=right_manipulator_joint4
steps[7].joint_names[4]=right_manipulator_joint5
steps[7].joint_names[5]=right_manipulator_joint6
steps[7].joint_positions_rad[0]=5.204952341903641
steps[7].joint_positions_rad[1]=1.2719282666248797
steps[7].joint_positions_rad[2]=1.9331498862946583
steps[7].joint_positions_rad[3]=3.619875612711522
steps[7].joint_positions_rad[4]=1.4070400161045238
steps[7].joint_positions_rad[5]=1.5535429045147637
steps[8].sequence_number=9
steps[8].type=digital_output
steps[8].parallel_slot=8
steps[8].duration=0.0
steps[8].port=0
steps[8].value=True
steps[8].weld_scenario_id=weld-9105930878800
steps[8].weld_scenario_stage=touch_output_on
hicomm_cyclic_period_ms=40.0
arc_wait_recognition=True
arc_wait_main_welding=True
arc_wait_established=True
arc_establishment_timeout_s=5.0

[summary]
rx_samples=203
welding_samples=0
wcr_seen=0
current_a.min=None
current_a.average=None
current_a.max=None
voltage_v.min=None
voltage_v.average=None
voltage_v.max=None
wire_feed_m_min.min=None
wire_feed_m_min.average=None
wire_feed_m_min.max=None

[production_metrics]
arc_started_elapsed_s=None
arc_completed_elapsed_s=None
arc_on_time_s=0.0
main_weld_arc_time_s=0.0
crater_arc_time_s=0.0
weld_motion_start_elapsed_s=0.018087602000377956
weld_motion_complete_elapsed_s=8.107887657999527
weld_motion_duration_s=8.089800055999149
net_weld_arc_time_s=0.0
wire_feed_average_m_min=0.0
wire_consumable_base_mm=0.0
wire_consumable_alpha_mm=0.0
wire_consumable_mm=0.0
wire_consumable_formula=integral(WFS*1000/60*dt)+alpha
weld_motion_start_unix_time=1789526093.223399
weld_motion_start_wall_time=2026-09-16 11:34:53.223
weld_motion_complete_unix_time=1789526101.3132036
weld_motion_complete_wall_time=2026-09-16 11:35:01.313

[arc_off_control]

[teaching_snapshot_yaml]
robot_start:
  planning_group: right_manipulator
  joint_state:
    names:
    - right_manipulator_joint1
    - right_manipulator_joint2
    - right_manipulator_joint3
    - right_manipulator_joint4
    - right_manipulator_joint5
    - right_manipulator_joint6
    positions_rad:
    - 5.272090632984539
    - 1.1319069796756747
    - 2.106417676818249
    - 3.6901007738119302
    - 1.4686233526256796
    - 1.4680081624138712
  tcp_pose_world:
    position_m:
      x: 0.0593687026100857
      y: -1.566580876666292
      z: 0.8404797210507349
    orientation_xyzw:
      x: -0.435964943840794
      y: 0.633785310019272
      z: -0.5278153609885844
      w: -0.36008567487496485
weld_wait:
  planning_group: right_manipulator
  joint_state:
    names:
    - right_manipulator_joint1
    - right_manipulator_joint2
    - right_manipulator_joint3
    - right_manipulator_joint4
    - right_manipulator_joint5
    - right_manipulator_joint6
    positions_rad:
    - 5.162270391745159
    - 1.2839001078311674
    - 1.9253509522004157
    - 3.57737608908771
    - 1.4121090769233806
    - 1.5529732543575958
  tcp_pose_world:
    position_m:
      x: 0.036424554825288225
      y: -1.6556979706260309
      z: 0.6969945192387215
    orientation_xyzw:
      x: -0.40887151131936966
      y: 0.664764445724758
      z: -0.5353485269301721
      w: -0.32297720298089877
weld_start_wait:
  planning_group: right_manipulator
  joint_state:
    names:
    - right_manipulator_joint1
    - right_manipulator_joint2
    - right_manipulator_joint3
    - right_manipulator_joint4
    - right_manipulator_joint5
    - right_manipulator_joint6
    positions_rad:
    - 5.1496113218195765
    - 1.3091994723966476
    - 1.881715989845849
    - 3.5661181082116182
    - 1.395569381815389
    - 1.5444073298694105
  tcp_pose_world:
    position_m:
      x: 0.03646068728963492
      y: -1.6793469233273077
      z: 0.674417019979207
    orientation_xyzw:
      x: -0.4089518530577377
      y: 0.6647824172284327
      z: -0.5352696108757291
      w: -0.32296929157043747
weld_start:
  planning_group: right_manipulator
  joint_state:
    names:
    - right_manipulator_joint1
    - right_manipulator_joint2
    - right_manipulator_joint3
    - right_manipulator_joint4
    - right_manipulator_joint5
    - right_manipulator_joint6
    positions_rad:
    - 5.148442194101031
    - 1.3115383936240097
    - 1.8777747777486407
    - 3.565134602821052
    - 1.3940999826839378
    - 1.5438035912502894
  tcp_pose_world:
    position_m:
      x: 0.036379422551576224
      y: -1.681438083342502
      z: 0.6723350912805015
    orientation_xyzw:
      x: -0.408897680755199
      y: 0.6648271744601588
      z: -0.535267728437428
      w: -0.32294887159700153
weld_goal_wait:
  planning_group: right_manipulator
  joint_state:
    names:
    - right_manipulator_joint1
    - right_manipulator_joint2
    - right_manipulator_joint3
    - right_manipulator_joint4
    - right_manipulator_joint5
    - right_manipulator_joint6
    positions_rad:
    - 5.185303006748819
    - 1.3080717568330535
    - 1.871380661129415
    - 3.602428711778195
    - 1.3846910345526877
    - 1.5410165931695214
  tcp_pose_world:
    position_m:
      x: 0.06802650600792787
      y: -1.6775811340754863
      z: 0.6749988857401974
    orientation_xyzw:
      x: -0.408866812683109
      y: 0.6647818136335141
      z: -0.5353433898332236
      w: -0.3229559175961395
weld_end:
  planning_group: right_manipulator
  joint_state:
    names:
    - right_manipulator_joint1
    - right_manipulator_joint2
    - right_manipulator_joint3
    - right_manipulator_joint4
    - right_manipulator_joint5
    - right_manipulator_joint6
    positions_rad:
    - 5.183613497353273
    - 1.3106612815189922
    - 1.866182570155744
    - 3.6009780879324285
    - 1.3823597033344324
    - 1.539721764247525
  tcp_pose_world:
    position_m:
      x: 0.06804695591678517
      y: -1.680695394799716
      z: 0.6726992896741364
    orientation_xyzw:
      x: -0.40888610013010823
      y: 0.6647766986952567
      z: -0.5353269165213653
      w: -0.3229693335905968
weld_finish:
  planning_group: right_manipulator
  joint_state:
    names:
    - right_manipulator_joint1
    - right_manipulator_joint2
    - right_manipulator_joint3
    - right_manipulator_joint4
    - right_manipulator_joint5
    - right_manipulator_joint6
    positions_rad:
    - 5.204952341903641
    - 1.2719282666248797
    - 1.9331498862946583
    - 3.619875612711522
    - 1.4070400161045238
    - 1.5535429045147637
  tcp_pose_world:
    position_m:
      x: 0.06798797733801742
      y: -1.6434697522598045
      z: 0.706858520636326
    orientation_xyzw:
      x: -0.40891577982432076
      y: 0.664770641451258
      z: -0.535297108084459
      w: -0.32299363051237706

[touch_snapshot_yaml]
{}

[samples]
elapsed_s raw0 state arc gas fwd wcr current_a voltage_v wire_feed_m_min set_current_a set_voltage_v error db collision
0.022 0x00 idle 0 0 0 0 0 0.0 0.0 100 10.0 0 0 0
0.058 0x00 idle 0 0 0 0 0 0.0 0.0 100 10.0 0 0 0
0.108 0x00 idle 0 0 0 0 0 0.0 0.0 100 10.0 0 0 0
0.139 0x00 idle 0 0 0 0 0 0.0 0.0 100 10.0 0 0 0
0.179 0x00 idle 0 0 0 0 0 0.0 0.0 100 10.0 0 0 0
0.218 0x00 idle 0 0 0 0 0 0.0 0.0 100 10.0 0 0 0
0.256 0x00 idle 0 0 0 0 0 0.0 0.0 100 10.0 0 0 0
0.297 0x00 idle 0 0 0 0 0 0.0 0.0 100 10.0 0 0 0
0.337 0x00 idle 0 0 0 0 0 0.0 0.0 100 10.0 0 0 0
0.376 0x00 idle 0 0 0 0 0 0.0 0.0 100 10.0 0 0 0
0.417 0x00 idle 0 0 0 0 0 0.0 0.0 100 10.0 0 0 0
0.458 0x00 idle 0 0 0 0 0 0.0 0.0 100 10.0 0 0 0
0.497 0x00 idle 0 0 0 0 0 0.0 0.0 100 10.0 0 0 0
0.541 0x00 idle 0 0 0 0 0 0.0 0.0 100 10.0 0 0 0
0.575 0x00 idle 0 0 0 0 0 0.0 0.0 100 10.0 0 0 0
0.620 0x00 idle 0 0 0 0 0 0.0 0.0 100 10.0 0 0 0
0.656 0x00 idle 0 0 0 0 0 0.0 0.0 100 10.0 0 0 0
0.699 0x00 idle 0 0 0 0 0 0.0 0.0 100 10.0 0 0 0
0.740 0x00 idle 0 0 0 0 0 0.0 0.0 100 10.0 0 0 0
0.780 0x00 idle 0 0 0 0 0 0.0 0.0 100 10.0 0 0 0
0.823 0x00 idle 0 0 0 0 0 0.0 0.0 100 10.0 0 0 0
0.860 0x00 idle 0 0 0 0 0 0.0 0.0 100 10.0 0 0 0
0.897 0x00 idle 0 0 0 0 0 0.0 0.0 100 10.0 0 0 0
0.937 0x00 idle 0 0 0 0 0 0.0 0.0 100 10.0 0 0 0
0.978 0x00 idle 0 0 0 0 0 0.0 0.0 100 10.0 0 0 0
1.016 0x00 idle 0 0 0 0 0 0.0 0.0 100 10.0 0 0 0
1.058 0x00 idle 0 0 0 0 0 0.0 0.0 100 10.0 0 0 0
1.096 0x00 idle 0 0 0 0 0 0.0 0.0 100 10.0 0 0 0
1.138 0x00 idle 0 0 0 0 0 0.0 0.0 100 10.0 0 0 0
1.178 0x00 idle 0 0 0 0 0 0.0 0.0 100 10.0 0 0 0
1.218 0x00 idle 0 0 0 0 0 0.0 0.0 100 10.0 0 0 0
1.261 0x00 idle 0 0 0 0 0 0.0 0.0 100 10.0 0 0 0
1.302 0x00 idle 0 0 0 0 0 0.0 0.0 100 10.0 0 0 0
1.340 0x00 idle 0 0 0 0 0 0.0 0.0 100 10.0 0 0 0
1.377 0x00 idle 0 0 0 0 0 0.0 0.0 100 10.0 0 0 0
1.422 0x00 idle 0 0 0 0 0 0.0 0.0 100 10.0 0 0 0
1.460 0x00 idle 0 0 0 0 0 0.0 0.0 100 10.0 0 0 0
1.499 0x00 idle 0 0 0 0 0 0.0 0.0 100 10.0 0 0 0
1.541 0x00 idle 0 0 0 0 0 0.0 0.0 100 10.0 0 0 0
1.581 0x00 idle 0 0 0 0 0 0.0 0.0 100 10.0 0 0 0
1.623 0x00 idle 0 0 0 0 0 0.0 0.0 100 10.0 0 0 0
1.658 0x00 idle 0 0 0 0 0 0.0 0.0 100 10.0 0 0 0
1.696 0x00 idle 0 0 0 0 0 0.0 0.0 100 10.0 0 0 0
1.736 0x00 idle 0 0 0 0 0 0.0 0.0 100 10.0 0 0 0
1.780 0x00 idle 0 0 0 0 0 0.0 0.0 100 10.0 0 0 0
1.818 0x00 idle 0 0 0 0 0 0.0 0.0 100 10.0 0 0 0
1.859 0x00 idle 0 0 0 0 0 0.0 0.0 100 10.0 0 0 0
1.898 0x00 idle 0 0 0 0 0 0.0 0.0 100 10.0 0 0 0
1.940 0x00 idle 0 0 0 0 0 0.0 0.0 100 10.0 0 0 0
1.981 0x00 idle 0 0 0 0 0 0.0 0.0 100 10.0 0 0 0
2.020 0x00 idle 0 0 0 0 0 0.0 0.0 100 10.0 0 0 0
2.065 0x00 idle 0 0 0 0 0 0.0 0.0 100 10.0 0 0 0
2.099 0x00 idle 0 0 0 0 0 0.0 0.0 100 10.0 0 0 0
2.140 0x00 idle 0 0 0 0 0 0.0 0.0 100 10.0 0 0 0
2.177 0x00 idle 0 0 0 0 0 0.0 0.0 100 10.0 0 0 0
2.220 0x00 idle 0 0 0 0 0 0.0 0.0 100 10.0 0 0 0
2.262 0x00 idle 0 0 0 0 0 0.0 0.0 100 10.0 0 0 0
2.297 0x00 idle 0 0 0 0 0 0.0 0.0 100 10.0 0 0 0
2.343 0x00 idle 0 0 0 0 0 0.0 0.0 100 10.0 0 0 0
2.387 0x00 idle 0 0 0 0 0 0.0 0.0 100 10.0 0 0 0
2.418 0x00 idle 0 0 0 0 0 0.0 0.0 100 10.0 0 0 0
2.457 0x00 idle 0 0 0 0 0 0.0 0.0 100 10.0 0 0 0
2.502 0x00 idle 0 0 0 0 0 0.0 0.0 100 10.0 0 0 0
2.537 0x00 idle 0 0 0 0 0 0.0 0.0 100 10.0 0 0 0
2.577 0x00 idle 0 0 0 0 0 0.0 0.0 100 10.0 0 0 0
2.621 0x00 idle 0 0 0 0 0 0.0 0.0 100 10.0 0 0 0
2.669 0x00 idle 0 0 0 0 0 0.0 0.0 100 10.0 0 0 0
2.696 0x00 idle 0 0 0 0 0 0.0 0.0 100 10.0 0 0 0
2.741 0x00 idle 0 0 0 0 0 0.0 0.0 100 10.0 0 0 0
2.779 0x00 idle 0 0 0 0 0 0.0 0.0 100 10.0 0 0 0
2.821 0x00 idle 0 0 0 0 0 0.0 0.0 100 10.0 0 0 0
2.859 0x00 idle 0 0 0 0 0 0.0 0.0 100 10.0 0 0 0
2.900 0x00 idle 0 0 0 0 0 0.0 0.0 100 10.0 0 0 0
2.937 0x00 idle 0 0 0 0 0 0.0 0.0 100 10.0 0 0 0
2.980 0x00 idle 0 0 0 0 0 0.0 0.0 100 10.0 0 0 0
3.019 0x00 idle 0 0 0 0 0 0.0 0.0 100 10.0 0 0 0
3.064 0x00 idle 0 0 0 0 0 0.0 0.0 100 10.0 0 0 0
3.098 0x00 idle 0 0 0 0 0 0.0 0.0 100 10.0 0 0 0
3.138 0x00 idle 0 0 0 0 0 0.0 0.0 100 10.0 0 0 0
3.180 0x00 idle 0 0 0 0 0 0.0 0.0 100 10.0 0 0 0
3.220 0x00 idle 0 0 0 0 0 0.0 0.0 100 10.0 0 0 0
3.258 0x00 idle 0 0 0 0 0 0.0 0.0 100 10.0 0 0 0
3.299 0x00 idle 0 0 0 0 0 0.0 0.0 100 10.0 0 0 0
3.337 0x00 idle 0 0 0 0 0 0.0 0.0 100 10.0 0 0 0
3.379 0x00 idle 0 0 0 0 0 0.0 0.0 100 10.0 0 0 0
3.419 0x00 idle 0 0 0 0 0 0.0 0.0 100 10.0 0 0 0
3.460 0x00 idle 0 0 0 0 0 0.0 0.0 100 10.0 0 0 0
3.508 0x00 idle 0 0 0 0 0 0.0 0.0 100 10.0 0 0 0
3.538 0x00 idle 0 0 0 0 0 0.0 0.0 100 10.0 0 0 0
3.579 0x00 idle 0 0 0 0 0 0.0 0.0 100 10.0 0 0 0
3.618 0x00 idle 0 0 0 0 0 0.0 0.0 100 10.0 0 0 0
3.660 0x00 idle 0 0 0 0 0 0.0 0.0 100 10.0 0 0 0
3.712 0x00 idle 0 0 0 0 0 0.0 0.0 100 10.0 0 0 0
3.739 0x00 idle 0 0 0 0 0 0.0 0.0 100 10.0 0 0 0
3.784 0x00 idle 0 0 0 0 0 0.0 0.0 100 10.0 0 0 0
3.824 0x00 idle 0 0 0 0 0 0.0 0.0 100 10.0 0 0 0
3.861 0x00 idle 0 0 0 0 0 0.0 0.0 100 10.0 0 0 0
3.898 0x00 idle 0 0 0 0 0 0.0 0.0 100 10.0 0 0 0
3.942 0x00 idle 0 0 0 0 0 0.0 0.0 100 10.0 0 0 0
3.980 0x00 idle 0 0 0 0 0 0.0 0.0 100 10.0 0 0 0
4.019 0x00 idle 0 0 0 0 0 0.0 0.0 100 10.0 0 0 0
4.058 0x00 idle 0 0 0 0 0 0.0 0.0 100 10.0 0 0 0
4.095 0x00 idle 0 0 0 0 0 0.0 0.0 100 10.0 0 0 0
4.139 0x00 idle 0 0 0 0 0 0.0 0.0 100 10.0 0 0 0
4.179 0x00 idle 0 0 0 0 0 0.0 0.0 100 10.0 0 0 0
4.224 0x00 idle 0 0 0 0 0 0.0 0.0 100 10.0 0 0 0
4.261 0x00 idle 0 0 0 0 0 0.0 0.0 100 10.0 0 0 0
4.301 0x00 idle 0 0 0 0 0 0.0 0.0 100 10.0 0 0 0
4.342 0x00 idle 0 0 0 0 0 0.0 0.0 100 10.0 0 0 0
4.379 0x00 idle 0 0 0 0 0 0.0 0.0 100 10.0 0 0 0
4.418 0x00 idle 0 0 0 0 0 0.0 0.0 100 10.0 0 0 0
4.458 0x00 idle 0 0 0 0 0 0.0 0.0 100 10.0 0 0 0
4.500 0x00 idle 0 0 0 0 0 0.0 0.0 100 10.0 0 0 0
4.540 0x00 idle 0 0 0 0 0 0.0 0.0 100 10.0 0 0 0
4.582 0x00 idle 0 0 0 0 0 0.0 0.0 100 10.0 0 0 0
4.622 0x00 idle 0 0 0 0 0 0.0 0.0 100 10.0 0 0 0
4.658 0x00 idle 0 0 0 0 0 0.0 0.0 100 10.0 0 0 0
4.697 0x00 idle 0 0 0 0 0 0.0 0.0 100 10.0 0 0 0
4.738 0x00 idle 0 0 0 0 0 0.0 0.0 100 10.0 0 0 0
4.777 0x00 idle 0 0 0 0 0 0.0 0.0 100 10.0 0 0 0
4.819 0x00 idle 0 0 0 0 0 0.0 0.0 100 10.0 0 0 0
4.858 0x00 idle 0 0 0 0 0 0.0 0.0 100 10.0 0 0 0
4.901 0x00 idle 0 0 0 0 0 0.0 0.0 100 10.0 0 0 0
4.939 0x00 idle 0 0 0 0 0 0.0 0.0 100 10.0 0 0 0
4.977 0x00 idle 0 0 0 0 0 0.0 0.0 100 10.0 0 0 0
5.017 0x00 idle 0 0 0 0 0 0.0 0.0 100 10.0 0 0 0
5.057 0x00 idle 0 0 0 0 0 0.0 0.0 100 10.0 0 0 0
5.098 0x00 idle 0 0 0 0 0 0.0 0.0 100 10.0 0 0 0
5.145 0x00 idle 0 0 0 0 0 0.0 0.0 100 10.0 0 0 0
5.180 0x00 idle 0 0 0 0 0 0.0 0.0 100 10.0 0 0 0
5.217 0x00 idle 0 0 0 0 0 0.0 0.0 100 10.0 0 0 0
5.259 0x00 idle 0 0 0 0 0 0.0 0.0 100 10.0 0 0 0
5.298 0x00 idle 0 0 0 0 0 0.0 0.0 100 10.0 0 0 0
5.339 0x00 idle 0 0 0 0 0 0.0 0.0 100 10.0 0 0 0
5.381 0x00 idle 0 0 0 0 0 0.0 0.0 100 10.0 0 0 0
5.420 0x00 idle 0 0 0 0 0 0.0 0.0 100 10.0 0 0 0
5.454 0x00 idle 0 0 0 0 0 0.0 0.0 100 10.0 0 0 0
5.497 0x00 idle 0 0 0 0 0 0.0 0.0 100 10.0 0 0 0
5.537 0x00 idle 0 0 0 0 0 0.0 0.0 100 10.0 0 0 0
5.578 0x00 idle 0 0 0 0 0 0.0 0.0 100 10.0 0 0 0
5.622 0x00 idle 0 0 0 0 0 0.0 0.0 100 10.0 0 0 0
5.658 0x00 idle 0 0 0 0 0 0.0 0.0 100 10.0 0 0 0
5.694 0x00 idle 0 0 0 0 0 0.0 0.0 100 10.0 0 0 0
5.745 0x00 idle 0 0 0 0 0 0.0 0.0 100 10.0 0 0 0
5.778 0x00 idle 0 0 0 0 0 0.0 0.0 100 10.0 0 0 0
5.820 0x00 idle 0 0 0 0 0 0.0 0.0 100 10.0 0 0 0
5.867 0x00 idle 0 0 0 0 0 0.0 0.0 100 10.0 0 0 0
5.898 0x00 idle 0 0 0 0 0 0.0 0.0 100 10.0 0 0 0
5.935 0x00 idle 0 0 0 0 0 0.0 0.0 100 10.0 0 0 0
5.981 0x00 idle 0 0 0 0 0 0.0 0.0 100 10.0 0 0 0
6.022 0x00 idle 0 0 0 0 0 0.0 0.0 100 10.0 0 0 0
6.057 0x00 idle 0 0 0 0 0 0.0 0.0 100 10.0 0 0 0
6.097 0x00 idle 0 0 0 0 0 0.0 0.0 100 10.0 0 0 0
6.141 0x00 idle 0 0 0 0 0 0.0 0.0 100 10.0 0 0 0
6.178 0x00 idle 0 0 0 0 0 0.0 0.0 100 10.0 0 0 0
6.219 0x00 idle 0 0 0 0 0 0.0 0.0 100 10.0 0 0 0
6.258 0x00 idle 0 0 0 0 0 0.0 0.0 100 10.0 0 0 0
6.298 0x00 idle 0 0 0 0 0 0.0 0.0 100 10.0 0 0 0
6.340 0x00 idle 0 0 0 0 0 0.0 0.0 100 10.0 0 0 0
6.377 0x00 idle 0 0 0 0 0 0.0 0.0 100 10.0 0 0 0
6.421 0x00 idle 0 0 0 0 0 0.0 0.0 100 10.0 0 0 0
6.458 0x00 idle 0 0 0 0 0 0.0 0.0 100 10.0 0 0 0
6.499 0x00 idle 0 0 0 0 0 0.0 0.0 100 10.0 0 0 0
6.541 0x00 idle 0 0 0 0 0 0.0 0.0 100 10.0 0 0 0
6.580 0x00 idle 0 0 0 0 0 0.0 0.0 100 10.0 0 0 0
6.621 0x00 idle 0 0 0 0 0 0.0 0.0 100 10.0 0 0 0
6.659 0x00 idle 0 0 0 0 0 0.0 0.0 100 10.0 0 0 0
6.698 0x00 idle 0 0 0 0 0 0.0 0.0 100 10.0 0 0 0
6.735 0x00 idle 0 0 0 0 0 0.0 0.0 100 10.0 0 0 0
6.779 0x00 idle 0 0 0 0 0 0.0 0.0 100 10.0 0 0 0
6.819 0x00 idle 0 0 0 0 0 0.0 0.0 100 10.0 0 0 0
6.860 0x00 idle 0 0 0 0 0 0.0 0.0 100 10.0 0 0 0
6.897 0x00 idle 0 0 0 0 0 0.0 0.0 100 10.0 0 0 0
6.939 0x00 idle 0 0 0 0 0 0.0 0.0 100 10.0 0 0 0
6.987 0x00 idle 0 0 0 0 0 0.0 0.0 100 10.0 0 0 0
7.018 0x00 idle 0 0 0 0 0 0.0 0.0 100 10.0 0 0 0
7.057 0x00 idle 0 0 0 0 0 0.0 0.0 100 10.0 0 0 0
7.099 0x00 idle 0 0 0 0 0 0.0 0.0 100 10.0 0 0 0
7.140 0x00 idle 0 0 0 0 0 0.0 0.0 100 10.0 0 0 0
7.179 0x00 idle 0 0 0 0 0 0.0 0.0 100 10.0 0 0 0
7.219 0x00 idle 0 0 0 0 0 0.0 0.0 100 10.0 0 0 0
7.263 0x00 idle 0 0 0 0 0 0.0 0.0 100 10.0 0 0 0
7.300 0x00 idle 0 0 0 0 0 0.0 0.0 100 10.0 0 0 0
7.340 0x00 idle 0 0 0 0 0 0.0 0.0 100 10.0 0 0 0
7.379 0x00 idle 0 0 0 0 0 0.0 0.0 100 10.0 0 0 0
7.424 0x00 idle 0 0 0 0 0 0.0 0.0 100 10.0 0 0 0
7.458 0x00 idle 0 0 0 0 0 0.0 0.0 100 10.0 0 0 0
7.504 0x00 idle 0 0 0 0 0 0.0 0.0 100 10.0 0 0 0
7.541 0x00 idle 0 0 0 0 0 0.0 0.0 100 10.0 0 0 0
7.576 0x00 idle 0 0 0 0 0 0.0 0.0 100 10.0 0 0 0
7.618 0x00 idle 0 0 0 0 0 0.0 0.0 100 10.0 0 0 0
7.659 0x00 idle 0 0 0 0 0 0.0 0.0 100 10.0 0 0 0
7.701 0x00 idle 0 0 0 0 0 0.0 0.0 100 10.0 0 0 0
7.738 0x00 idle 0 0 0 0 0 0.0 0.0 100 10.0 0 0 0
7.776 0x00 idle 0 0 0 0 0 0.0 0.0 100 10.0 0 0 0
7.818 0x00 idle 0 0 0 0 0 0.0 0.0 100 10.0 0 0 0
7.860 0x00 idle 0 0 0 0 0 0.0 0.0 100 10.0 0 0 0
7.899 0x00 idle 0 0 0 0 0 0.0 0.0 100 10.0 0 0 0
7.939 0x00 idle 0 0 0 0 0 0.0 0.0 100 10.0 0 0 0
7.983 0x00 idle 0 0 0 0 0 0.0 0.0 100 10.0 0 0 0
8.021 0x00 idle 0 0 0 0 0 0.0 0.0 100 10.0 0 0 0
8.057 0x00 idle 0 0 0 0 0 0.0 0.0 100 10.0 0 0 0
8.108 0x00 idle 0 0 0 0 0 0.0 0.0 100 10.0 0 0 0

[tcp_trajectory]
elapsed_s x_m y_m z_m qx qy qz qw speed_m_s tf_stamp_s along_mm remaining_mm cross_track_mm progress waypoint phase
0.0013 0.0353750 -1.6811556 0.6728043 -0.40897612 0.66478264 -0.53517875 -0.32308867 0.000000 1789526093.171427727 -0.992 32.670 0.570 0.00000 -1 ACTUAL_TF
0.0270 0.0353619 -1.6812849 0.6726126 -0.40898119 0.66477722 -0.53519829 -0.32306102 0.004209 1789526093.226456404 -1.010 32.689 0.339 0.00000 -1 ACTUAL_TF
0.0870 0.0353696 -1.6813600 0.6725413 -0.40898040 0.66477014 -0.53521762 -0.32304456 0.003502 1789526093.282556057 -1.005 32.684 0.240 0.00000 -1 ACTUAL_TF
0.1448 0.0353631 -1.6814157 0.6724829 -0.40897317 0.66477049 -0.53522996 -0.32303256 0.002886 1789526093.338415861 -1.014 32.692 0.166 0.00000 -1 ACTUAL_TF
0.2011 0.0353613 -1.6814409 0.6724570 -0.40896831 0.66477283 -0.53523573 -0.32302433 0.002214 1789526093.394449949 -1.016 32.695 0.135 0.00000 -1 ACTUAL_TF
0.2601 0.0353615 -1.6814565 0.6724335 -0.40895843 0.66477929 -0.53524160 -0.32301380 0.001701 1789526093.450640678 -1.017 32.695 0.110 0.00000 -1 ACTUAL_TF
0.3109 0.0353594 -1.6814745 0.6724227 -0.40895097 0.66478154 -0.53524731 -0.32300918 0.001304 1789526093.506422997 -1.019 32.698 0.100 0.00000 -1 ACTUAL_TF
0.3685 0.0353619 -1.6814743 0.6724178 -0.40895150 0.66478266 -0.53524723 -0.32300633 0.000942 1789526093.562350035 -1.017 32.695 0.095 0.00000 -1 ACTUAL_TF
0.4256 0.0352687 -1.6813284 0.6723731 -0.40895035 0.66482798 -0.53517563 -0.32303313 0.001613 1789526093.618644238 -1.107 32.786 0.145 0.00000 -1 ACTUAL_TF
0.4833 0.0354301 -1.6809057 0.6722910 -0.40901259 0.66487379 -0.53506939 -0.32303605 0.003601 1789526093.674442053 -0.937 32.615 0.556 0.00000 -1 ACTUAL_TF
0.5338 0.0359838 -1.6802545 0.6723252 -0.40899643 0.66487218 -0.53509201 -0.32302234 0.007108 1789526093.730383396 -0.368 32.046 1.193 0.00000 -1 ACTUAL_TF
0.5919 0.0364084 -1.6796986 0.6723622 -0.40897000 0.66486983 -0.53511655 -0.32302000 0.008728 1789526093.786388874 0.070 31.608 1.738 0.00000 -1 ACTUAL_TF
0.6476 0.0367803 -1.6792572 0.6723940 -0.40893360 0.66486639 -0.53515832 -0.32300397 0.009189 1789526093.842704535 0.453 31.226 2.172 0.00000 -1 ACTUAL_TF
0.7008 0.0369723 -1.6789982 0.6723905 -0.40892307 0.66485896 -0.53518055 -0.32299576 0.008169 1789526093.898406506 0.650 31.028 2.426 0.00000 -1 ACTUAL_TF
0.7562 0.0371053 -1.6788083 0.6723781 -0.40891472 0.66485837 -0.53519041 -0.32299122 0.006963 1789526093.954363823 0.788 30.891 2.612 0.00000 -1 ACTUAL_TF
0.8216 0.0371840 -1.6787230 0.6723720 -0.40890273 0.66485956 -0.53519731 -0.32299252 0.005495 1789526094.010535002 0.868 30.810 2.696 0.00000 -1 ACTUAL_TF
0.8705 0.0372999 -1.6788331 0.6724126 -0.40887153 0.66483512 -0.53524894 -0.32299676 0.004731 1789526094.066467285 0.982 30.696 2.584 0.00000 -1 ACTUAL_TF
0.9264 0.0376100 -1.6793652 0.6723984 -0.40878859 0.66487006 -0.53530511 -0.32293672 0.006608 1789526094.122540951 1.279 30.399 2.044 0.00000 -1 ACTUAL_TF
0.9847 0.0380404 -1.6802564 0.6723680 -0.40877991 0.66486017 -0.53532921 -0.32292812 0.009932 1789526094.178509712 1.688 29.990 1.143 0.00000 -1 ACTUAL_TF
1.0414 0.0386068 -1.6814063 0.6722721 -0.40883610 0.66485593 -0.53530189 -0.32291103 0.013858 1789526094.234356165 2.227 29.452 0.091 0.00000 -1 ACTUAL_TF
1.0995 0.0390605 -1.6823408 0.6722198 -0.40885417 0.66484869 -0.53530490 -0.32289806 0.015269 1789526094.290397406 2.658 29.021 0.976 0.00000 -1 ACTUAL_TF
1.1597 0.0393816 -1.6830657 0.6721517 -0.40888911 0.66485482 -0.53527234 -0.32289515 0.014951 1789526094.346399307 2.961 28.717 1.711 0.00000 -1 ACTUAL_TF
1.2043 0.0395419 -1.6834424 0.6721234 -0.40889787 0.66485803 -0.53526235 -0.32289401 0.012664 1789526094.402400255 3.112 28.566 2.093 0.00000 -1 ACTUAL_TF
1.2648 0.0396624 -1.6837096 0.6720920 -0.40891373 0.66486962 -0.53524079 -0.32288582 0.010445 1789526094.458352804 3.226 28.453 2.364 0.00000 -1 ACTUAL_TF
1.3275 0.0397123 -1.6838380 0.6720645 -0.40892789 0.66488201 -0.53521690 -0.32288197 0.008063 1789526094.514462471 3.272 28.406 2.497 0.00000 -1 ACTUAL_TF
1.3795 0.0397007 -1.6838811 0.6720675 -0.40890548 0.66489427 -0.53520546 -0.32290406 0.005884 1789526094.570460320 3.260 28.419 2.539 0.00000 -1 ACTUAL_TF
1.4296 0.0397322 -1.6834797 0.6719946 -0.40893730 0.66495283 -0.53508240 -0.32294712 0.006315 1789526094.626356840 3.300 28.379 2.153 0.00000 -1 ACTUAL_TF
1.4931 0.0400794 -1.6826777 0.6720285 -0.40901431 0.66490041 -0.53506231 -0.32299081 0.009097 1789526094.682454348 3.666 28.012 1.371 0.00000 -1 ACTUAL_TF
1.5426 0.0405658 -1.6814301 0.6720718 -0.40902344 0.66489662 -0.53506017 -0.32299060 0.013515 1789526094.738693237 4.182 27.496 0.324 0.00000 -1 ACTUAL_TF
1.6076 0.0410451 -1.6804575 0.6721121 -0.40905802 0.66487101 -0.53508072 -0.32296548 0.015302 1789526094.794417381 4.685 26.994 0.914 0.00000 -1 ACTUAL_TF
1.6543 0.0413917 -1.6795648 0.6721540 -0.40904565 0.66487177 -0.53509261 -0.32295989 0.015847 1789526094.850417137 5.052 26.626 1.771 0.00000 -1 ACTUAL_TF
1.7133 0.0415246 -1.6790470 0.6721918 -0.40901231 0.66487748 -0.53509864 -0.32298036 0.013964 1789526094.906416655 5.198 26.480 2.279 0.00000 -1 ACTUAL_TF
1.7715 0.0416519 -1.6787530 0.6722111 -0.40900860 0.66487287 -0.53511038 -0.32297511 0.011494 1789526094.962407589 5.332 26.346 2.567 0.00000 -1 ACTUAL_TF
1.8272 0.0417223 -1.6785606 0.6722340 -0.40899395 0.66486869 -0.53512557 -0.32297708 0.009148 1789526095.018548727 5.407 26.271 2.756 0.00000 -1 ACTUAL_TF
1.8787 0.0417800 -1.6785069 0.6722410 -0.40898607 0.66486885 -0.53513277 -0.32297482 0.006829 1789526095.074317455 5.466 26.212 2.808 0.00000 -1 ACTUAL_TF
1.9388 0.0419454 -1.6787644 0.6723103 -0.40891773 0.66483915 -0.53521864 -0.32298020 0.006459 1789526095.130381107 5.626 26.052 2.544 0.00000 -1 ACTUAL_TF
1.9938 0.0422513 -1.6793171 0.6722926 -0.40885229 0.66486915 -0.53526469 -0.32292496 0.007890 1789526095.186675787 5.919 25.759 1.986 0.00000 -1 ACTUAL_TF
2.0579 0.0427898 -1.6804090 0.6722371 -0.40887535 0.66485392 -0.53527150 -0.32291584 0.012084 1789526095.242397547 6.431 25.247 0.895 0.00000 -1 ACTUAL_TF
2.1093 0.0432996 -1.6814285 0.6722095 -0.40889480 0.66483799 -0.53528526 -0.32290120 0.014562 1789526095.298440456 6.917 24.762 0.256 0.00000 -1 ACTUAL_TF
2.1604 0.0437996 -1.6825041 0.6722171 -0.40888650 0.66483571 -0.53530572 -0.32288248 0.016550 1789526095.354421139 7.391 24.287 1.256 0.00000 -1 ACTUAL_TF
2.2229 0.0440582 -1.6831028 0.6721710 -0.40890956 0.66485901 -0.53526854 -0.32286694 0.015090 1789526095.410388231 7.635 24.043 1.861 0.00000 -1 ACTUAL_TF
2.2707 0.0441884 -1.6834107 0.6721487 -0.40892233 0.66487458 -0.53524489 -0.32285792 0.012357 1789526095.466395378 7.758 23.920 2.173 0.00000 -1 ACTUAL_TF
2.3281 0.0442817 -1.6836503 0.6721634 -0.40892756 0.66486311 -0.53524803 -0.32286971 0.010031 1789526095.522363663 7.846 23.833 2.411 0.00000 -1 ACTUAL_TF
2.3851 0.0443141 -1.6837371 0.6721512 -0.40893656 0.66487283 -0.53522973 -0.32286863 0.007521 1789526095.578449011 7.876 23.802 2.500 0.00000 -1 ACTUAL_TF
2.4466 0.0442548 -1.6836946 0.6721456 -0.40889747 0.66491138 -0.53518451 -0.32291368 0.005657 1789526095.634390831 7.818 23.861 2.457 0.00000 -1 ACTUAL_TF
2.5039 0.0443910 -1.6831968 0.6720800 -0.40897979 0.66493468 -0.53507957 -0.32293537 0.006744 1789526095.690442562 7.965 23.714 1.977 0.00000 -1 ACTUAL_TF
2.5552 0.0448307 -1.6821333 0.6721191 -0.40904394 0.66489264 -0.53506192 -0.32296993 0.010896 1789526095.746389389 8.430 23.249 0.946 0.00000 -1 ACTUAL_TF
2.6056 0.0452302 -1.6811441 0.6722138 -0.40901447 0.66485876 -0.53510371 -0.32300775 0.013363 1789526095.802399158 8.853 22.825 0.239 0.00000 -1 ACTUAL_TF
2.6754 0.0457029 -1.6800442 0.6722829 -0.40901796 0.66483068 -0.53513824 -0.32300393 0.015781 1789526095.858378649 9.352 22.326 1.186 0.00000 -1 ACTUAL_TF
2.7237 0.0460286 -1.6792625 0.6722979 -0.40902409 0.66483847 -0.53513753 -0.32298132 0.015575 1789526095.914484501 9.696 21.982 1.954 0.00000 -1 ACTUAL_TF
2.7741 0.0461206 -1.6788792 0.6723191 -0.40899932 0.66484820 -0.53513605 -0.32299511 0.013016 1789526095.970525980 9.798 21.881 2.333 0.00000 -1 ACTUAL_TF
2.8317 0.0462249 -1.6786048 0.6723384 -0.40898840 0.66484711 -0.53514603 -0.32299465 0.010692 1789526096.026345968 9.909 21.770 2.604 0.00000 -1 ACTUAL_TF
2.8826 0.0462874 -1.6784716 0.6723476 -0.40897964 0.66484879 -0.53515561 -0.32298639 0.008273 1789526096.082465649 9.974 21.704 2.735 0.00000 -1 ACTUAL_TF
2.9438 0.0463564 -1.6784546 0.6723625 -0.40896875 0.66484230 -0.53517013 -0.32298948 0.006179 1789526096.138622046 10.044 21.635 2.750 0.00000 -1 ACTUAL_TF
3.0039 0.0465480 -1.6788034 0.6724330 -0.40888223 0.66481939 -0.53526712 -0.32298546 0.006504 1789526096.194261312 10.228 21.450 2.396 0.00000 -1 ACTUAL_TF
3.0570 0.0469904 -1.6796653 0.6724378 -0.40882401 0.66481347 -0.53533751 -0.32295468 0.009731 1789526096.250386715 10.650 21.028 1.524 0.00000 -1 ACTUAL_TF
3.1155 0.0475096 -1.6806728 0.6723933 -0.40883060 0.66480739 -0.53535745 -0.32292581 0.012888 1789526096.306389093 11.145 20.533 0.509 0.00000 -1 ACTUAL_TF
3.1646 0.0480475 -1.6817357 0.6722859 -0.40890210 0.66485307 -0.53527733 -0.32287404 0.015421 1789526096.362459898 11.657 20.022 0.600 0.00000 -1 ACTUAL_TF
3.2224 0.0484643 -1.6826920 0.6723526 -0.40887740 0.66483674 -0.53531688 -0.32287337 0.016399 1789526096.418420553 12.052 19.627 1.542 0.00000 -1 ACTUAL_TF
3.2796 0.0486588 -1.6831592 0.6723582 -0.40887584 0.66483700 -0.53531827 -0.32287252 0.014196 1789526096.474307775 12.235 19.443 2.012 0.00000 -1 ACTUAL_TF
3.3318 0.0487819 -1.6834690 0.6723397 -0.40889107 0.66484562 -0.53529595 -0.32287249 0.011719 1789526096.530505657 12.351 19.328 2.325 0.00000 -1 ACTUAL_TF
3.3938 0.0488564 -1.6836528 0.6723417 -0.40889077 0.66484542 -0.53529616 -0.32287293 0.009267 1789526096.586461306 12.421 19.257 2.510 0.00000 -1 ACTUAL_TF
3.4561 0.0488768 -1.6837370 0.6723387 -0.40888669 0.66485288 -0.53528263 -0.32288515 0.006951 1789526096.642536640 12.439 19.239 2.595 0.00000 -1 ACTUAL_TF
3.5077 0.0488186 -1.6836239 0.6723125 -0.40885908 0.66489868 -0.53522108 -0.32292784 0.005561 1789526096.698574543 12.383 19.295 2.482 0.00000 -1 ACTUAL_TF
3.5626 0.0490300 -1.6828901 0.6722715 -0.40894957 0.66490184 -0.53511536 -0.32298196 0.007997 1789526096.754477262 12.612 19.067 1.761 0.00000 -1 ACTUAL_TF
3.6176 0.0494997 -1.6818691 0.6722856 -0.40902591 0.66487120 -0.53510078 -0.32297252 0.011621 1789526096.810455322 13.105 18.573 0.765 0.00000 -1 ACTUAL_TF
3.6692 0.0500655 -1.6806635 0.6723548 -0.40902938 0.66484351 -0.53513963 -0.32296074 0.015275 1789526096.866483688 13.700 17.979 0.474 0.00000 -1 ACTUAL_TF
3.7345 0.0504038 -1.6796363 0.6724096 -0.40900615 0.66484149 -0.53514464 -0.32298603 0.016498 1789526096.922441721 14.063 17.616 1.475 0.00000 -1 ACTUAL_TF
3.7825 0.0506070 -1.6791438 0.6724723 -0.40897785 0.66481971 -0.53518680 -0.32299684 0.014430 1789526096.978278637 14.278 17.400 1.960 0.00000 -1 ACTUAL_TF
3.8492 0.0507505 -1.6787268 0.6725031 -0.40896949 0.66481120 -0.53519952 -0.32300387 0.012463 1789526097.034441233 14.432 17.247 2.374 0.00000 -1 ACTUAL_TF
3.8997 0.0508146 -1.6785428 0.6725183 -0.40895577 0.66481221 -0.53520536 -0.32300948 0.009767 1789526097.090659380 14.500 17.178 2.556 0.00000 -1 ACTUAL_TF
3.9534 0.0508761 -1.6784199 0.6725297 -0.40894856 0.66481048 -0.53521375 -0.32300827 0.007578 1789526097.146487713 14.565 17.114 2.678 0.00000 -1 ACTUAL_TF
4.0123 0.0509601 -1.6784751 0.6725544 -0.40892879 0.66479834 -0.53524352 -0.32300896 0.005859 1789526097.202551842 14.648 17.031 2.621 0.00000 -1 ACTUAL_TF
4.0612 0.0512634 -1.6790339 0.6726253 -0.40881036 0.66478640 -0.53536644 -0.32297974 0.007524 1789526097.258621454 14.939 16.740 2.058 0.00000 -1 ACTUAL_TF
4.1200 0.0517820 -1.6799966 0.6725419 -0.40880924 0.66481848 -0.53536378 -0.32291951 0.011164 1789526097.314405918 15.433 16.245 1.080 0.00000 -1 ACTUAL_TF
4.1821 0.0522990 -1.6809986 0.6724645 -0.40884231 0.66482413 -0.53535072 -0.32288767 0.013862 1789526097.370477676 15.926 15.752 0.085 0.00000 -1 ACTUAL_TF
4.2340 0.0527821 -1.6820590 0.6724325 -0.40886190 0.66482335 -0.53534302 -0.32287723 0.015947 1789526097.426486015 16.384 15.295 1.009 0.00000 -1 ACTUAL_TF
4.2890 0.0530644 -1.6827280 0.6724675 -0.40885363 0.66481468 -0.53535728 -0.32288193 0.015057 1789526097.482496262 16.651 15.028 1.682 0.00000 -1 ACTUAL_TF
4.3416 0.0532773 -1.6832271 0.6724908 -0.40885295 0.66482095 -0.53535398 -0.32287534 0.013448 1789526097.538514376 16.852 14.826 2.185 0.00000 -1 ACTUAL_TF
4.4060 0.0533739 -1.6834733 0.6724837 -0.40886462 0.66482492 -0.53533879 -0.32287757 0.010834 1789526097.594409704 16.943 14.736 2.434 0.00000 -1 ACTUAL_TF
4.4551 0.0534356 -1.6836395 0.6724778 -0.40887333 0.66482419 -0.53532922 -0.32288391 0.008532 1789526097.650502682 17.000 14.678 2.601 0.00000 -1 ACTUAL_TF
4.5168 0.0534235 -1.6836682 0.6724603 -0.40886527 0.66484588 -0.53530160 -0.32289525 0.006164 1789526097.706557035 16.987 14.691 2.630 0.00000 -1 ACTUAL_TF
4.5694 0.0534149 -1.6833408 0.6723894 -0.40888628 0.66490630 -0.53518756 -0.32293328 0.006113 1789526097.762458324 16.986 14.693 2.306 0.00000 -1 ACTUAL_TF
4.6216 0.0537952 -1.6824090 0.6724007 -0.40899036 0.66485702 -0.53514030 -0.32298125 0.009670 1789526097.818467140 17.388 14.290 1.386 0.00000 -1 ACTUAL_TF
4.6766 0.0542134 -1.6814175 0.6724608 -0.40897842 0.66483902 -0.53515956 -0.32300151 0.012545 1789526097.874450684 17.830 13.849 0.405 0.00000 -1 ACTUAL_TF
4.7342 0.0547520 -1.6801769 0.6724862 -0.40900713 0.66483365 -0.53516110 -0.32297365 0.016027 1789526097.930457115 18.398 13.281 0.832 0.00000 -1 ACTUAL_TF
4.7903 0.0549749 -1.6794329 0.6725130 -0.40898800 0.66484407 -0.53515315 -0.32298960 0.015391 1789526097.986342669 18.638 13.040 1.569 0.00000 -1 ACTUAL_TF
4.8502 0.0551837 -1.6788725 0.6725562 -0.40896707 0.66483606 -0.53517694 -0.32299316 0.013979 1789526098.042462349 18.861 12.818 2.124 0.00000 -1 ACTUAL_TF
4.9032 0.0552867 -1.6785786 0.6725633 -0.40896857 0.66483772 -0.53517540 -0.32299041 0.011455 1789526098.098424196 18.971 12.708 2.415 0.00000 -1 ACTUAL_TF
4.9647 0.0553668 -1.6783872 0.6725851 -0.40895352 0.66483369 -0.53519085 -0.32299215 0.009111 1789526098.155708313 19.055 12.623 2.605 0.00000 -1 ACTUAL_TF
5.0155 0.0554345 -1.6783141 0.6725984 -0.40894593 0.66482857 -0.53520226 -0.32299341 0.006925 1789526098.210765362 19.125 12.553 2.677 0.00000 -1 ACTUAL_TF
5.0747 0.0555673 -1.6785140 0.6726589 -0.40889154 0.66480136 -0.53527477 -0.32299811 0.006181 1789526098.266464710 19.254 12.425 2.475 0.00000 -1 ACTUAL_TF
5.1284 0.0559425 -1.6791770 0.6726528 -0.40880640 0.66483188 -0.53534166 -0.32293221 0.008406 1789526098.322482586 19.613 12.065 1.804 0.00000 -1 ACTUAL_TF
5.1875 0.0564348 -1.6801150 0.6726397 -0.40880196 0.66480859 -0.53538500 -0.32291392 0.011538 1789526098.378698826 20.083 11.595 0.856 0.00000 -1 ACTUAL_TF
5.2459 0.0570089 -1.6812844 0.6725688 -0.40884517 0.66479820 -0.53537273 -0.32290095 0.014995 1789526098.435274601 20.629 11.050 0.330 0.00000 -1 ACTUAL_TF
5.2932 0.0573992 -1.6821602 0.6725489 -0.40883112 0.66480303 -0.53538737 -0.32288451 0.015702 1789526098.490543604 20.998 10.680 1.215 0.00000 -1 ACTUAL_TF
5.3528 0.0576742 -1.6828185 0.6725066 -0.40886055 0.66482567 -0.53534333 -0.32287365 0.014838 1789526098.546284914 21.257 10.421 1.881 0.00000 -1 ACTUAL_TF
5.4123 0.0578096 -1.6831513 0.6724960 -0.40887855 0.66483163 -0.53532167 -0.32287451 0.012306 1789526098.602462053 21.385 10.294 2.217 0.00000 -1 ACTUAL_TF
5.4603 0.0579062 -1.6833954 0.6724890 -0.40888733 0.66484049 -0.53530578 -0.32287149 0.010023 1789526098.658391237 21.475 10.203 2.463 0.00000 -1 ACTUAL_TF
5.5166 0.0579602 -1.6835357 0.6724987 -0.40888597 0.66483923 -0.53530532 -0.32287656 0.007815 1789526098.714910030 21.526 10.152 2.604 0.00000 -1 ACTUAL_TF
5.5774 0.0578989 -1.6835137 0.6724962 -0.40884969 0.66486987 -0.53527080 -0.32291664 0.005823 1789526098.770450354 21.465 10.213 2.581 0.00000 -1 ACTUAL_TF
5.6276 0.0579920 -1.6829877 0.6724141 -0.40891024 0.66491718 -0.53513961 -0.32295999 0.006976 1789526098.826351881 21.570 10.109 2.063 0.00000 -1 ACTUAL_TF
5.6871 0.0583946 -1.6820998 0.6724654 -0.40896026 0.66486402 -0.53514541 -0.32299648 0.010104 1789526098.882450581 21.994 9.685 1.184 0.00000 -1 ACTUAL_TF
5.7496 0.0589196 -1.6808500 0.6725343 -0.40897369 0.66482858 -0.53517118 -0.32300973 0.014348 1789526098.938426018 22.549 9.130 0.085 0.00000 -1 ACTUAL_TF
5.8031 0.0593290 -1.6797505 0.6725695 -0.40897422 0.66482751 -0.53517368 -0.32300712 0.015984 1789526098.997700930 22.984 8.694 1.149 0.00000 -1 ACTUAL_TF
5.8631 0.0596164 -1.6791192 0.6725978 -0.40898581 0.66481297 -0.53519047 -0.32299455 0.015133 1789526099.050501108 23.286 8.392 1.773 0.00000 -1 ACTUAL_TF
5.9092 0.0597347 -1.6786970 0.6726103 -0.40896627 0.66482619 -0.53518537 -0.32300053 0.012944 1789526099.106489420 23.415 8.264 2.193 0.00000 -1 ACTUAL_TF
5.9666 0.0598445 -1.6783939 0.6726211 -0.40896265 0.66482764 -0.53518723 -0.32299906 0.010786 1789526099.162569284 23.532 8.147 2.493 0.00000 -1 ACTUAL_TF
6.0281 0.0599160 -1.6782269 0.6726343 -0.40895327 0.66482669 -0.53519717 -0.32299642 0.008528 1789526099.218452215 23.607 8.071 2.659 0.00000 -1 ACTUAL_TF
6.0787 0.0599714 -1.6781951 0.6726407 -0.40894967 0.66482373 -0.53520435 -0.32299518 0.006313 1789526099.274563074 23.663 8.015 2.689 0.00000 -1 ACTUAL_TF
6.1435 0.0602080 -1.6786056 0.6727303 -0.40884726 0.66479319 -0.53532499 -0.32298776 0.007009 1789526099.330412388 23.891 7.787 2.276 0.00000 -1 ACTUAL_TF
6.1914 0.0605610 -1.6792396 0.6726976 -0.40881939 0.66481377 -0.53534866 -0.32294144 0.008797 1789526099.386419296 24.229 7.449 1.633 0.00000 -1 ACTUAL_TF
6.2543 0.0612328 -1.6804984 0.6726900 -0.40879980 0.66478483 -0.53541989 -0.32290771 0.013803 1789526099.442412376 24.871 6.807 0.363 0.00000 -1 ACTUAL_TF
6.3058 0.0616465 -1.6813829 0.6725839 -0.40885800 0.66481138 -0.53535601 -0.32288530 0.014915 1789526099.498515129 25.263 6.416 0.539 0.00000 -1 ACTUAL_TF
6.3607 0.0620541 -1.6823443 0.6725827 -0.40884821 0.66481581 -0.53536198 -0.32287866 0.016036 1789526099.554501772 25.648 6.031 1.509 0.00000 -1 ACTUAL_TF
6.4209 0.0622523 -1.6828049 0.6725725 -0.40886570 0.66483158 -0.53533504 -0.32286870 0.013917 1789526099.610402822 25.835 5.844 1.974 0.00000 -1 ACTUAL_TF
6.4668 0.0623909 -1.6831541 0.6725838 -0.40887521 0.66482670 -0.53532925 -0.32287631 0.011751 1789526099.666501522 25.965 5.713 2.326 0.00000 -1 ACTUAL_TF
6.5311 0.0624639 -1.6833589 0.6725763 -0.40888925 0.66482628 -0.53531501 -0.32288301 0.009390 1789526099.722567558 26.033 5.645 2.533 0.00000 -1 ACTUAL_TF
6.5835 0.0624869 -1.6834317 0.6725710 -0.40889231 0.66483208 -0.53530099 -0.32289043 0.006983 1789526099.778639317 26.055 5.624 2.606 0.00000 -1 ACTUAL_TF
6.6438 0.0624229 -1.6832767 0.6725312 -0.40886792 0.66488832 -0.53521953 -0.32294056 0.005816 1789526099.834354877 25.994 5.685 2.451 0.00000 -1 ACTUAL_TF
6.6949 0.0626111 -1.6826460 0.6724635 -0.40897203 0.66489816 -0.53511379 -0.32296370 0.007609 1789526099.890464783 26.196 5.482 1.831 0.00000 -1 ACTUAL_TF
6.7510 0.0631611 -1.6815929 0.6725379 -0.40898059 0.66485284 -0.53515776 -0.32297330 0.011696 1789526099.946528196 26.771 4.907 0.790 0.00000 -1 ACTUAL_TF
6.8044 0.0634975 -1.6805085 0.6725495 -0.40898471 0.66486791 -0.53512576 -0.32299006 0.014289 1789526100.002358437 27.133 4.545 0.309 0.00000 -1 ACTUAL_TF
6.8627 0.0639113 -1.6795027 0.6726239 -0.40898415 0.66482973 -0.53517325 -0.32299069 0.015830 1789526100.058469534 27.571 4.107 1.290 0.00000 -1 ACTUAL_TF
6.9212 0.0642018 -1.6788319 0.6726781 -0.40895641 0.66481712 -0.53520733 -0.32299530 0.014998 1789526100.114613295 27.878 3.800 1.953 0.00000 -1 ACTUAL_TF
6.9755 0.0643417 -1.6784724 0.6727009 -0.40895301 0.66480901 -0.53521875 -0.32299737 0.012577 1789526100.170382738 28.026 3.652 2.310 0.00000 -1 ACTUAL_TF
7.0367 0.0644184 -1.6782412 0.6727225 -0.40893977 0.66480474 -0.53522904 -0.32300587 0.010114 1789526100.226392746 28.109 3.569 2.539 0.00000 -1 ACTUAL_TF
7.0895 0.0644623 -1.6781253 0.6727249 -0.40894110 0.66480495 -0.53522837 -0.32300486 0.007743 1789526100.282474041 28.155 3.523 2.654 0.00000 -1 ACTUAL_TF
7.1402 0.0645599 -1.6782025 0.6727622 -0.40890957 0.66478849 -0.53526901 -0.32301132 0.006118 1789526100.338333368 28.252 3.427 2.576 0.00000 -1 ACTUAL_TF
7.2001 0.0648080 -1.6786427 0.6728211 -0.40881124 0.66478158 -0.53536947 -0.32298351 0.007001 1789526100.394481897 28.490 3.188 2.134 0.00000 -1 ACTUAL_TF
7.2558 0.0653403 -1.6795794 0.6727484 -0.40880657 0.66481241 -0.53537589 -0.32291532 0.010683 1789526100.450502157 28.999 2.679 1.182 0.00000 -1 ACTUAL_TF
7.3273 0.0658638 -1.6805978 0.6727099 -0.40882191 0.66480006 -0.53539165 -0.32289518 0.013526 1789526100.507337093 29.498 2.180 0.153 0.00000 -1 ACTUAL_TF
7.3659 0.0663305 -1.6816442 0.6726279 -0.40886400 0.66481798 -0.53534600 -0.32288069 0.015717 1789526100.562489033 29.939 1.739 0.910 0.00000 -1 ACTUAL_TF
7.4201 0.0666523 -1.6824219 0.6726285 -0.40888051 0.66480984 -0.53533723 -0.32289108 0.015517 1789526100.618409634 30.243 1.435 1.694 0.00000 -1 ACTUAL_TF
7.4844 0.0668200 -1.6828177 0.6726224 -0.40890391 0.66480769 -0.53531890 -0.32289628 0.013170 1789526100.674276590 30.401 1.277 2.094 0.00000 -1 ACTUAL_TF
7.5337 0.0669361 -1.6831093 0.6726063 -0.40892135 0.66481840 -0.53529353 -0.32289421 0.010900 1789526100.730365992 30.510 1.168 2.389 0.00000 -1 ACTUAL_TF
7.5892 0.0669952 -1.6832619 0.6726035 -0.40892558 0.66482180 -0.53528639 -0.32289368 0.008506 1789526100.786383152 30.566 1.113 2.542 0.00000 -1 ACTUAL_TF
7.6463 0.0669892 -1.6833112 0.6726024 -0.40891621 0.66483256 -0.53526584 -0.32291744 0.006219 1789526100.842673779 30.558 1.120 2.592 0.00000 -1 ACTUAL_TF
7.7072 0.0669409 -1.6830992 0.6725454 -0.40891392 0.66488863 -0.53517525 -0.32295505 0.005561 1789526100.898546219 30.515 1.164 2.381 0.00000 -1 ACTUAL_TF
7.7642 0.0671865 -1.6825046 0.6725255 -0.40897556 0.66488342 -0.53510150 -0.32300993 0.007346 1789526100.954450369 30.774 0.905 1.796 0.00000 -1 ACTUAL_TF
7.8242 0.0677503 -1.6819457 0.6725426 -0.40902001 0.66485065 -0.53511885 -0.32299236 0.009396 1789526101.010462523 31.351 0.328 1.252 0.00000 -1 ACTUAL_TF
7.8736 0.0685788 -1.6814173 0.6725736 -0.40900599 0.66483762 -0.53514602 -0.32299191 0.011854 1789526101.066354752 32.192 -0.513 0.746 0.00000 -1 ACTUAL_TF
7.9225 0.0696263 -1.6810595 0.6726156 -0.40895077 0.66483548 -0.53516417 -0.32303616 0.014235 1789526101.122321606 33.248 -1.569 0.414 0.00000 -1 ACTUAL_TF
7.9823 0.0710352 -1.6808590 0.6726957 -0.40893453 0.66477767 -0.53526655 -0.32300607 0.017593 1789526101.178380013 34.662 -2.983 0.237 0.00000 -1 ACTUAL_TF
8.0422 0.0723708 -1.6807232 0.6727360 -0.40886261 0.66479799 -0.53530644 -0.32298919 0.019509 1789526101.234386206 36.001 -4.322 0.130 0.00000 -1 ACTUAL_TF
8.1077 0.0732307 -1.6806261 0.6727288 -0.40882884 0.66484307 -0.53528994 -0.32296649 0.018278 1789526101.290563345 36.862 -5.184 0.060 0.00000 -1 ACTUAL_TF
