WELD FEEDBACK LOG
result=completed
started=2026-09-17 14:02:49
ended=2026-09-17 14:02:59
elapsed_seconds=9.427

================ OPERATOR OVERVIEW ================
REQUESTED : 220 A / 26.0 V · FE-SOLID 1.2 mm · LSM · CO2 100%
RX ECHO   : 220 A / 26.0 V · MATCH=YES
CURRENT FB: no positive feedback A
VOLTAGE FB: no positive feedback V
WIRE FEED : no positive feedback m/min
ARC ON    : 0.000 s
NET WELD  : 0.000 s
WIRE USED : 0.000 mm (base 0.000 + alpha 0.000)
WEAVE     : sine · centerline ±4.00 mm (full width 8.00 mm) · requested pitch 8.00 mm/cycle · actual pitch 7.64 mm/cycle · 7 cycles · axis tool_x · dwell L/R 0.20/0.20 s
WCR       : NOT DETECTED
SAMPLES   : RX 236 / welding 0 / TCP 169
===================================================

[commanded]
current_a=220
voltage_tenths=260
voltage=26.0
material=FE-SOLID
diameter_mm=1.2
mode=LSM
gas=CO2 100%
synergic=False
correction=0.0
hot_start_enabled=True
hot_start_percent=5.0
hot_start_hold_adjustment=1
crater_enabled=False
crater_percent=27.27272727272727
crater_current_a=60.0
crater_voltage_v=25.0
crater_seconds=1.0
wire_consumable_alpha_mm=0.0
hot_start_current_a=231

[rx_setting_echo]
current_a=220
voltage_v=26.0
hot_start_current_a=0
hot_start_hold_adjustment=-15

[rx_welding_setting_echo]

[execution_conditions]
mode=sequence_execute
run_all=True
touch_io_backend=fastech_ethernet
touch_input_port=4
touch_sensing_output_port=0
fastech_ip=192.168.0.3
fastech_poll_target_hz=100.0
hicomm_source_ip=192.168.1.2
hicomm_welder_ip=192.168.1.10
hicomm_port=60000
gui_velocity_percent=36.95263157894737
gui_speed_mode=scale
gui_tcp_speed_mm_s=10.0
gui_interpolation_step_mm=5.0
seam_orientation_mode=Wait poses + fixed World-XYZ tilt
weld_fixed_tilt_x_deg=0.0
weld_fixed_tilt_y_deg=0.0
weld_fixed_tilt_z_deg=-0.0
weld_weave_enabled=True
weld_weave_pattern=sine
weld_weave_pitch_mm=8.0
weld_weave_left_dwell_s=0.2
weld_weave_right_dwell_s=0.2
weld_weave_amplitude_mm=4.0
weld_weave_cycles=7
weld_weave_actual_pitch_mm=7.6435203797703375
weld_weave_amplitude_definition=centerline +/- A mm; full width = 2A
weld_weave_samples_per_cycle=12
weld_weave_axis=tool_x
weld_lead_in_mm=0.0
weld_lead_out_mm=0.0
weld_safe_approach_mm=30.0
weld_approach_mode=taught_wait
weld_pre_start_lead_mm=0.0
weld_tcp_speed_mm_s=6.0
weld_arc_off_delay_ms=0.0
tcp_tracking.parent_frame=World
tcp_tracking.child_frame=right_manipulator_ee_point
tcp_tracking.timestamp_source=TF_header_stamp
initial_fastech_di0=False
initial_fastech_do0=True
robot_connected.left=True
robot_connected.right=True
robot_connected.head=True
hicomm_connected=True
execution_allowed=True
steps[0].sequence_number=1
steps[0].type=named_pose
steps[0].parallel_slot=1
steps[0].duration=0.0
steps[0].planning_group=right_manipulator
steps[0].velocity_scale=0.3695263157894737
steps[0].tcp_speed_m_s=0.0
steps[0].pose_name=weld_start_wait
steps[0].pose_label=3 · Weld start wait pose
steps[0].touch_guard=False
steps[0].continue_after_touch=False
steps[0].weld_scenario_id=weld-83525220152777
steps[0].weld_scenario_stage=start_wait
steps[0].target_tcp.position_m.x=-0.019758439590067983
steps[0].target_tcp.position_m.y=-1.682099472193571
steps[0].target_tcp.position_m.z=0.6780509572223705
steps[0].target_tcp.orientation_xyzw.x=-0.43571337465481513
steps[0].target_tcp.orientation_xyzw.y=0.6334892586568713
steps[0].target_tcp.orientation_xyzw.z=-0.5283124931240927
steps[0].target_tcp.orientation_xyzw.w=-0.36018207051751716
steps[0].joint_names[0]=right_manipulator_joint1
steps[0].joint_names[1]=right_manipulator_joint2
steps[0].joint_names[2]=right_manipulator_joint3
steps[0].joint_names[3]=right_manipulator_joint4
steps[0].joint_names[4]=right_manipulator_joint5
steps[0].joint_names[5]=right_manipulator_joint6
steps[0].joint_positions_rad[0]=5.108273735379367
steps[0].joint_positions_rad[1]=1.325621455784458
steps[0].joint_positions_rad[2]=1.8904680692942308
steps[0].joint_positions_rad[3]=3.5291089574911143
steps[0].joint_positions_rad[4]=1.4563742763499146
steps[0].joint_positions_rad[5]=1.4457313525275766
steps[1].sequence_number=2
steps[1].type=motion
steps[1].parallel_slot=2
steps[1].duration=0.0
steps[1].planning_group=right_manipulator
steps[1].velocity_scale=0.3695263157894737
steps[1].tcp_speed_m_s=0.0
steps[1].interpolation_step=0.005
steps[1].path_kind=taught_wait_align_weld_attitude
steps[1].touch_guard=False
steps[1].continue_after_touch=False
steps[1].accept_initial_touch=False
steps[1].weld_scenario_id=weld-83525220152777
steps[1].weld_scenario_stage=start_safe
steps[1].waypoint_count=1
steps[1].waypoints[0].position_m.x=-0.019758439590067983
steps[1].waypoints[0].position_m.y=-1.682099472193571
steps[1].waypoints[0].position_m.z=0.6780509572223705
steps[1].waypoints[0].orientation_xyzw.x=-0.4379488368445567
steps[1].waypoints[0].orientation_xyzw.y=0.6319458853360941
steps[1].waypoints[0].orientation_xyzw.z=-0.5295817554090476
steps[1].waypoints[0].orientation_xyzw.w=-0.35831324096543227
steps[2].sequence_number=3
steps[2].type=motion
steps[2].parallel_slot=3
steps[2].duration=0.0
steps[2].planning_group=right_manipulator
steps[2].velocity_scale=0.3695263157894737
steps[2].tcp_speed_m_s=0.0
steps[2].interpolation_step=0.005
steps[2].path_kind=taught_wait_to_weld_start
steps[2].touch_guard=False
steps[2].continue_after_touch=True
steps[2].accept_initial_touch=False
steps[2].weld_scenario_id=weld-83525220152777
steps[2].weld_scenario_stage=start_contact
steps[2].waypoint_count=1
steps[2].waypoints[0].position_m.x=-0.019571800164413976
steps[2].waypoints[0].position_m.y=-1.6829697845269225
steps[2].waypoints[0].position_m.z=0.675897882151232
steps[2].waypoints[0].orientation_xyzw.x=-0.4379488368445567
steps[2].waypoints[0].orientation_xyzw.y=0.6319458853360941
steps[2].waypoints[0].orientation_xyzw.z=-0.5295817554090476
steps[2].waypoints[0].orientation_xyzw.w=-0.35831324096543227
steps[3].sequence_number=4
steps[3].type=digital_weld
steps[3].parallel_slot=5
steps[3].duration=0.0
steps[3].command=on
steps[3].weld_scenario_id=weld-83525220152777
steps[3].weld_scenario_stage=arc_on
steps[3].settings.current_a=220
steps[3].settings.voltage_tenths=260
steps[3].settings.voltage=26.0
steps[3].settings.material=FE-SOLID
steps[3].settings.diameter_mm=1.2
steps[3].settings.mode=LSM
steps[3].settings.gas=CO2 100%
steps[3].settings.synergic=False
steps[3].settings.correction=0.0
steps[3].settings.hot_start_enabled=True
steps[3].settings.hot_start_percent=5.0
steps[3].settings.hot_start_hold_adjustment=1
steps[3].settings.crater_enabled=False
steps[3].settings.crater_percent=27.27272727272727
steps[3].settings.crater_current_a=60.0
steps[3].settings.crater_voltage_v=25.0
steps[3].settings.crater_seconds=1.0
steps[3].settings.wire_consumable_alpha_mm=0.0
steps[3].settings.hot_start_current_a=231
steps[4].sequence_number=5
steps[4].type=motion
steps[4].parallel_slot=5
steps[4].duration=0.0
steps[4].planning_group=right_manipulator
steps[4].velocity_scale=0.3695263157894737
steps[4].tcp_speed_m_s=0.020725217681048336
steps[4].interpolation_step=0.005
steps[4].path_kind=continuous_sine_weave_over_sensed_goal_fastech_di0_ignored
steps[4].touch_guard=False
steps[4].weld_scenario_id=weld-83525220152777
steps[4].weld_scenario_stage=weld_motion
steps[4].lead_in_mm=0.0
steps[4].lead_out_mm=0.0
steps[4].linear_motion_profile=False
steps[4].path_to_seam_speed_factor=0.4220098785810044
steps[4].waypoint_hold_s[0]=0.0
steps[4].waypoint_hold_s[1]=0.0
steps[4].waypoint_hold_s[2]=0.0
steps[4].waypoint_hold_s[3]=0.2
steps[4].waypoint_hold_s[4]=0.0
steps[4].waypoint_hold_s[5]=0.0
steps[4].waypoint_hold_s[6]=0.0
steps[4].waypoint_hold_s[7]=0.0
steps[4].waypoint_hold_s[8]=0.0
steps[4].waypoint_hold_s[9]=0.2
steps[4].waypoint_hold_s[10]=0.0
steps[4].waypoint_hold_s[11]=0.0
steps[4].waypoint_hold_s[12]=0.0
steps[4].waypoint_hold_s[13]=0.0
steps[4].waypoint_hold_s[14]=0.0
steps[4].waypoint_hold_s[15]=0.2
steps[4].waypoint_hold_s[16]=0.0
steps[4].waypoint_hold_s[17]=0.0
steps[4].waypoint_hold_s[18]=0.0
steps[4].waypoint_hold_s[19]=0.0
steps[4].waypoint_hold_s[20]=0.0
steps[4].waypoint_hold_s[21]=0.2
steps[4].waypoint_hold_s[22]=0.0
steps[4].waypoint_hold_s[23]=0.0
steps[4].waypoint_hold_s[24]=0.0
steps[4].waypoint_hold_s[25]=0.0
steps[4].waypoint_hold_s[26]=0.0
steps[4].waypoint_hold_s[27]=0.2
steps[4].waypoint_hold_s[28]=0.0
steps[4].waypoint_hold_s[29]=0.0
steps[4].waypoint_hold_s[30]=0.0
steps[4].waypoint_hold_s[31]=0.0
steps[4].waypoint_hold_s[32]=0.0
steps[4].waypoint_hold_s[33]=0.2
steps[4].waypoint_hold_s[34]=0.0
steps[4].waypoint_hold_s[35]=0.0
steps[4].waypoint_hold_s[36]=0.0
steps[4].waypoint_hold_s[37]=0.0
steps[4].waypoint_hold_s[38]=0.0
steps[4].waypoint_hold_s[39]=0.2
steps[4].waypoint_hold_s[40]=0.0
steps[4].waypoint_hold_s[41]=0.0
steps[4].waypoint_hold_s[42]=0.0
steps[4].waypoint_hold_s[43]=0.0
steps[4].waypoint_hold_s[44]=0.0
steps[4].waypoint_hold_s[45]=0.2
steps[4].waypoint_hold_s[46]=0.0
steps[4].waypoint_hold_s[47]=0.0
steps[4].waypoint_hold_s[48]=0.0
steps[4].waypoint_hold_s[49]=0.0
steps[4].waypoint_hold_s[50]=0.0
steps[4].waypoint_hold_s[51]=0.2
steps[4].waypoint_hold_s[52]=0.0
steps[4].waypoint_hold_s[53]=0.0
steps[4].waypoint_hold_s[54]=0.0
steps[4].waypoint_hold_s[55]=0.0
steps[4].waypoint_hold_s[56]=0.0
steps[4].waypoint_hold_s[57]=0.2
steps[4].waypoint_hold_s[58]=0.0
steps[4].waypoint_hold_s[59]=0.0
steps[4].waypoint_hold_s[60]=0.0
steps[4].waypoint_hold_s[61]=0.0
steps[4].waypoint_hold_s[62]=0.0
steps[4].waypoint_hold_s[63]=0.2
steps[4].waypoint_hold_s[64]=0.0
steps[4].waypoint_hold_s[65]=0.0
steps[4].waypoint_hold_s[66]=0.0
steps[4].waypoint_hold_s[67]=0.0
steps[4].waypoint_hold_s[68]=0.0
steps[4].waypoint_hold_s[69]=0.2
steps[4].waypoint_hold_s[70]=0.0
steps[4].waypoint_hold_s[71]=0.0
steps[4].waypoint_hold_s[72]=0.0
steps[4].waypoint_hold_s[73]=0.0
steps[4].waypoint_hold_s[74]=0.0
steps[4].waypoint_hold_s[75]=0.2
steps[4].waypoint_hold_s[76]=0.0
steps[4].waypoint_hold_s[77]=0.0
steps[4].waypoint_hold_s[78]=0.0
steps[4].waypoint_hold_s[79]=0.0
steps[4].waypoint_hold_s[80]=0.0
steps[4].waypoint_hold_s[81]=0.2
steps[4].waypoint_hold_s[82]=0.0
steps[4].waypoint_hold_s[83]=0.0
steps[4].waypoint_hold_s[84]=0.0
steps[4].weld_weave_enabled=True
steps[4].weld_weave_pattern=sine
steps[4].weld_weave_amplitude_mm=4.0
steps[4].weld_weave_pitch_mm=8.0
steps[4].weld_weave_cycles=7
steps[4].weld_weave_actual_pitch_mm=7.6435203797703375
steps[4].weld_weave_left_dwell_s=0.2
steps[4].weld_weave_right_dwell_s=0.2
steps[4].weld_weave_axis=tool_x
steps[4].waypoint_count=85
steps[4].waypoints[0].position_m.x=-0.019571800164413976
steps[4].waypoints[0].position_m.y=-1.6829697845269225
steps[4].waypoints[0].position_m.z=0.675897882151232
steps[4].waypoints[0].orientation_xyzw.x=-0.4379488368445567
steps[4].waypoints[0].orientation_xyzw.y=0.6319458853360941
steps[4].waypoints[0].orientation_xyzw.z=-0.5295817554090476
steps[4].waypoints[0].orientation_xyzw.w=-0.35831324096543227
steps[4].waypoints[1].position_m.x=-0.018987177349768482
steps[4].waypoints[1].position_m.y=-1.6843624872855731
steps[4].waypoints[1].position_m.z=0.6773553845603413
steps[4].waypoints[1].orientation_xyzw.x=-0.43794856389242176
steps[4].waypoints[1].orientation_xyzw.y=0.6319458462653282
steps[4].waypoints[1].orientation_xyzw.z=-0.529581991670697
steps[4].waypoints[1].orientation_xyzw.w=-0.3583132942979669
steps[4].waypoints[2].position_m.x=-0.018389083103966662
steps[4].waypoints[2].position_m.y=-1.6853758413095434
steps[4].waypoints[2].position_m.z=0.6784346011820662
steps[4].waypoints[2].orientation_xyzw.x=-0.43794829094022786
steps[4].waypoints[2].orientation_xyzw.y=0.6319458071944771
steps[4].waypoints[2].orientation_xyzw.z=-0.529582227932275
steps[4].waypoints[2].orientation_xyzw.w=-0.3583133476304532
steps[4].waypoints[3].position_m.x=-0.01776765565495142
steps[4].waypoints[3].position_m.y=-1.6857321440512605
steps[4].waypoints[3].position_m.z=0.6788586076002603
steps[4].waypoints[3].orientation_xyzw.x=-0.437948017987975
steps[4].waypoints[3].orientation_xyzw.y=0.6319457681235411
steps[4].waypoints[3].orientation_xyzw.z=-0.5295824641937819
steps[4].waypoints[3].orientation_xyzw.w=-0.3583134009628914
steps[4].waypoints[4].position_m.x=-0.01711928534362353
steps[4].waypoints[4].position_m.y=-1.6853297493236168
steps[4].waypoints[4].position_m.z=0.6785260424436858
steps[4].waypoints[4].orientation_xyzw.x=-0.43794774503566314
steps[4].waypoints[4].orientation_xyzw.y=0.6319457290525199
steps[4].waypoints[4].orientation_xyzw.z=-0.5295827004552173
steps[4].waypoints[4].orientation_xyzw.w=-0.3583134542952813
steps[4].waypoints[5].position_m.x=-0.016447581829082215
steps[4].waypoints[5].position_m.y=-1.6842703033137194
steps[4].waypoints[5].position_m.z=0.6775382670835803
steps[4].waypoints[5].orientation_xyzw.x=-0.4379474720832922
steps[4].waypoints[5].orientation_xyzw.y=0.6319456899814136
steps[4].waypoints[5].orientation_xyzw.z=-0.5295829367165814
steps[4].waypoints[5].orientation_xyzw.w=-0.3583135076276228
steps[4].waypoints[6].position_m.x=-0.015762406883384577
steps[4].waypoints[6].position_m.y=-1.682831508569142
steps[4].waypoints[6].position_m.z=0.6761722059360906
steps[4].waypoints[6].orientation_xyzw.x=-0.4379471991308624
steps[4].waypoints[6].orientation_xyzw.y=0.6319456509102221
steps[4].waypoints[6].orientation_xyzw.z=-0.5295831729778742
steps[4].waypoints[6].orientation_xyzw.w=-0.3583135609599162
steps[4].waypoints[7].position_m.x=-0.01507723193768694
steps[4].waypoints[7].position_m.y=-1.6813927138245648
steps[4].waypoints[7].position_m.z=0.6748061447886009
steps[4].waypoints[7].orientation_xyzw.x=-0.43794692617837344
steps[4].waypoints[7].orientation_xyzw.y=0.6319456118389455
steps[4].waypoints[7].orientation_xyzw.z=-0.5295834092390955
steps[4].waypoints[7].orientation_xyzw.w=-0.35831361429216124
steps[4].waypoints[8].position_m.x=-0.014405528423145627
steps[4].waypoints[8].position_m.y=-1.6803332678146674
steps[4].waypoints[8].position_m.z=0.6738183694284955
steps[4].waypoints[8].orientation_xyzw.x=-0.43794665322582566
steps[4].waypoints[8].orientation_xyzw.y=0.6319455727675839
steps[4].waypoints[8].orientation_xyzw.z=-0.5295836455002456
steps[4].waypoints[8].orientation_xyzw.w=-0.35831366762435807
steps[4].waypoints[9].position_m.x=-0.013757158111817738
steps[4].waypoints[9].position_m.y=-1.6799308730870237
steps[4].waypoints[9].position_m.z=0.6734858042719208
steps[4].waypoints[9].orientation_xyzw.x=-0.4379463802732188
steps[4].waypoints[9].orientation_xyzw.y=0.631945533696137
steps[4].waypoints[9].orientation_xyzw.z=-0.5295838817613244
steps[4].waypoints[9].orientation_xyzw.w=-0.3583137209565066
steps[4].waypoints[10].position_m.x=-0.013135730662802495
steps[4].waypoints[10].position_m.y=-1.6802871758287408
steps[4].waypoints[10].position_m.z=0.6739098106901149
steps[4].waypoints[10].orientation_xyzw.x=-0.437946107320553
steps[4].waypoints[10].orientation_xyzw.y=0.6319454946246051
steps[4].waypoints[10].orientation_xyzw.z=-0.5295841180223319
steps[4].waypoints[10].orientation_xyzw.w=-0.3583137742886069
steps[4].waypoints[11].position_m.x=-0.012537636417000675
steps[4].waypoints[11].position_m.y=-1.681300529852711
steps[4].waypoints[11].position_m.z=0.6749890273118399
steps[4].waypoints[11].orientation_xyzw.x=-0.4379458343678282
steps[4].waypoints[11].orientation_xyzw.y=0.6319454555529881
steps[4].waypoints[11].orientation_xyzw.z=-0.5295843542832681
steps[4].waypoints[11].orientation_xyzw.w=-0.35831382762065894
steps[4].waypoints[12].position_m.x=-0.011953013602355182
steps[4].waypoints[12].position_m.y=-1.6826932326113617
steps[4].waypoints[12].position_m.z=0.6764465297209491
steps[4].waypoints[12].orientation_xyzw.x=-0.43794556141504437
steps[4].waypoints[12].orientation_xyzw.y=0.6319454164812859
steps[4].waypoints[12].orientation_xyzw.z=-0.5295845905441328
steps[4].waypoints[12].orientation_xyzw.w=-0.35831388095266264
steps[4].waypoints[13].position_m.x=-0.011368390787709685
steps[4].waypoints[13].position_m.y=-1.6840859353700124
steps[4].waypoints[13].position_m.z=0.6779040321300583
steps[4].waypoints[13].orientation_xyzw.x=-0.4379452884622016
steps[4].waypoints[13].orientation_xyzw.y=0.6319453774094987
steps[4].waypoints[13].orientation_xyzw.z=-0.5295848268049262
steps[4].waypoints[13].orientation_xyzw.w=-0.35831393428461816
steps[4].waypoints[14].position_m.x=-0.010770296541907866
steps[4].waypoints[14].position_m.y=-1.6850992893939827
steps[4].waypoints[14].position_m.z=0.6789832487517833
steps[4].waypoints[14].orientation_xyzw.x=-0.43794501550929976
steps[4].waypoints[14].orientation_xyzw.y=0.6319453383376262
steps[4].waypoints[14].orientation_xyzw.z=-0.5295850630656483
steps[4].waypoints[14].orientation_xyzw.w=-0.3583139876165254
steps[4].waypoints[15].position_m.x=-0.010148869092892622
steps[4].waypoints[15].position_m.y=-1.6854555921356997
steps[4].waypoints[15].position_m.z=0.6794072551699774
steps[4].waypoints[15].orientation_xyzw.x=-0.437944742556339
steps[4].waypoints[15].orientation_xyzw.y=0.6319452992656688
steps[4].waypoints[15].orientation_xyzw.z=-0.5295852993262993
steps[4].waypoints[15].orientation_xyzw.w=-0.35831404094838437
steps[4].waypoints[16].position_m.x=-0.009500498781564734
steps[4].waypoints[16].position_m.y=-1.6850531974080558
steps[4].waypoints[16].position_m.z=0.6790746900134028
steps[4].waypoints[16].orientation_xyzw.x=-0.4379444696033192
steps[4].waypoints[16].orientation_xyzw.y=0.6319452601936261
steps[4].waypoints[16].orientation_xyzw.z=-0.5295855355868787
steps[4].waypoints[16].orientation_xyzw.w=-0.3583140942801951
steps[4].waypoints[17].position_m.x=-0.00882879526702342
steps[4].waypoints[17].position_m.y=-1.6839937513981587
steps[4].waypoints[17].position_m.z=0.6780869146532974
steps[4].waypoints[17].orientation_xyzw.x=-0.4379441966502404
steps[4].waypoints[17].orientation_xyzw.y=0.6319452211214983
steps[4].waypoints[17].orientation_xyzw.z=-0.5295857718473868
steps[4].waypoints[17].orientation_xyzw.w=-0.3583141476119575
steps[4].waypoints[18].position_m.x=-0.008143620321325783
steps[4].waypoints[18].position_m.y=-1.6825549566535813
steps[4].waypoints[18].position_m.z=0.6767208535058077
steps[4].waypoints[18].orientation_xyzw.x=-0.43794392369710267
steps[4].waypoints[18].orientation_xyzw.y=0.6319451820492855
steps[4].waypoints[18].orientation_xyzw.z=-0.5295860081078236
steps[4].waypoints[18].orientation_xyzw.w=-0.35831420094367167
steps[4].waypoints[19].position_m.x=-0.007458445375628144
steps[4].waypoints[19].position_m.y=-1.6811161619090038
steps[4].waypoints[19].position_m.z=0.675354792358318
steps[4].waypoints[19].orientation_xyzw.x=-0.43794365074390595
steps[4].waypoints[19].orientation_xyzw.y=0.6319451429769875
steps[4].waypoints[19].orientation_xyzw.z=-0.5295862443681891
steps[4].waypoints[19].orientation_xyzw.w=-0.35831425427533764
steps[4].waypoints[20].position_m.x=-0.0067867418610868336
steps[4].waypoints[20].position_m.y=-1.6800567158991067
steps[4].waypoints[20].position_m.z=0.6743670169982126
steps[4].waypoints[20].orientation_xyzw.x=-0.4379433777906502
steps[4].waypoints[20].orientation_xyzw.y=0.6319451039046043
steps[4].waypoints[20].orientation_xyzw.z=-0.5295864806284832
steps[4].waypoints[20].orientation_xyzw.w=-0.35831430760695526
steps[4].waypoints[21].position_m.x=-0.006138371549758941
steps[4].waypoints[21].position_m.y=-1.679654321171463
steps[4].waypoints[21].position_m.z=0.674034451841638
steps[4].waypoints[21].orientation_xyzw.x=-0.43794310483733545
steps[4].waypoints[21].orientation_xyzw.y=0.631945064832136
steps[4].waypoints[21].orientation_xyzw.z=-0.5295867168887062
steps[4].waypoints[21].orientation_xyzw.w=-0.3583143609385247
steps[4].waypoints[22].position_m.x=-0.005516944100743698
steps[4].waypoints[22].position_m.y=-1.6800106239131798
steps[4].waypoints[22].position_m.z=0.6744584582598321
steps[4].waypoints[22].orientation_xyzw.x=-0.43794283188396177
steps[4].waypoints[22].orientation_xyzw.y=0.6319450257595827
steps[4].waypoints[22].orientation_xyzw.z=-0.5295869531488576
steps[4].waypoints[22].orientation_xyzw.w=-0.3583144142700458
steps[4].waypoints[23].position_m.x=-0.004918849854941879
steps[4].waypoints[23].position_m.y=-1.6810239779371503
steps[4].waypoints[23].position_m.z=0.675537674881557
steps[4].waypoints[23].orientation_xyzw.x=-0.4379425589305291
steps[4].waypoints[23].orientation_xyzw.y=0.6319449866869442
steps[4].waypoints[23].orientation_xyzw.z=-0.5295871894089379
steps[4].waypoints[23].orientation_xyzw.w=-0.35831446760151875
steps[4].waypoints[24].position_m.x=-0.0043342270402963855
steps[4].waypoints[24].position_m.y=-1.682416680695801
steps[4].waypoints[24].position_m.z=0.6769951772906663
steps[4].waypoints[24].orientation_xyzw.x=-0.4379422859770373
steps[4].waypoints[24].orientation_xyzw.y=0.6319449476142206
steps[4].waypoints[24].orientation_xyzw.z=-0.5295874256689467
steps[4].waypoints[24].orientation_xyzw.w=-0.35831452093294336
steps[4].waypoints[25].position_m.x=-0.0037496042256508857
steps[4].waypoints[25].position_m.y=-1.6838093834544514
steps[4].waypoints[25].position_m.z=0.6784526796997755
steps[4].waypoints[25].orientation_xyzw.x=-0.4379420130234867
steps[4].waypoints[25].orientation_xyzw.y=0.631944908541412
steps[4].waypoints[25].orientation_xyzw.z=-0.5295876619288842
steps[4].waypoints[25].orientation_xyzw.w=-0.3583145742643197
steps[4].waypoints[26].position_m.x=-0.0031515099798490693
steps[4].waypoints[26].position_m.y=-1.684822737478422
steps[4].waypoints[26].position_m.z=0.6795318963215004
steps[4].waypoints[26].orientation_xyzw.x=-0.43794174006987696
steps[4].waypoints[26].orientation_xyzw.y=0.631944869468518
steps[4].waypoints[26].orientation_xyzw.z=-0.5295878981887503
steps[4].waypoints[26].orientation_xyzw.w=-0.35831462759564775
steps[4].waypoints[27].position_m.x=-0.0025300825308338286
steps[4].waypoints[27].position_m.y=-1.685179040220139
steps[4].waypoints[27].position_m.z=0.6799559027396944
steps[4].waypoints[27].orientation_xyzw.x=-0.43794146711620835
steps[4].waypoints[27].orientation_xyzw.y=0.6319448303955392
steps[4].waypoints[27].orientation_xyzw.z=-0.5295881344485451
steps[4].waypoints[27].orientation_xyzw.w=-0.3583146809269276
steps[4].waypoints[28].position_m.x=-0.0018817122195059377
steps[4].waypoints[28].position_m.y=-1.684776645492495
steps[4].waypoints[28].position_m.z=0.6796233375831199
steps[4].waypoints[28].orientation_xyzw.x=-0.43794119416248073
steps[4].waypoints[28].orientation_xyzw.y=0.631944791322475
steps[4].waypoints[28].orientation_xyzw.z=-0.5295883707082687
steps[4].waypoints[28].orientation_xyzw.w=-0.35831473425815913
steps[4].waypoints[29].position_m.x=-0.001210008704964622
steps[4].waypoints[29].position_m.y=-1.683717199482598
steps[4].waypoints[29].position_m.z=0.6786355622230145
steps[4].waypoints[29].orientation_xyzw.x=-0.43794092120869405
steps[4].waypoints[29].orientation_xyzw.y=0.6319447522493259
steps[4].waypoints[29].orientation_xyzw.z=-0.5295886069679209
steps[4].waypoints[29].orientation_xyzw.w=-0.35831478758934243
steps[4].waypoints[30].position_m.x=-0.000524833759266985
steps[4].waypoints[30].position_m.y=-1.6822784047380206
steps[4].waypoints[30].position_m.z=0.6772695010755247
steps[4].waypoints[30].orientation_xyzw.x=-0.43794064825484846
steps[4].waypoints[30].orientation_xyzw.y=0.6319447131760915
steps[4].waypoints[30].orientation_xyzw.z=-0.5295888432275017
steps[4].waypoints[30].orientation_xyzw.w=-0.3583148409204775
steps[4].waypoints[31].position_m.x=0.00016034118643064858
steps[4].waypoints[31].position_m.y=-1.680839609993443
steps[4].waypoints[31].position_m.z=0.675903439928035
steps[4].waypoints[31].orientation_xyzw.x=-0.4379403753009439
steps[4].waypoints[31].orientation_xyzw.y=0.6319446741027722
steps[4].waypoints[31].orientation_xyzw.z=-0.5295890794870113
steps[4].waypoints[31].orientation_xyzw.w=-0.3583148942515643
steps[4].waypoints[32].position_m.x=0.0008320447009719607
steps[4].waypoints[32].position_m.y=-1.679780163983546
steps[4].waypoints[32].position_m.z=0.6749156645679296
steps[4].waypoints[32].orientation_xyzw.x=-0.4379401023469803
steps[4].waypoints[32].orientation_xyzw.y=0.6319446350293677
steps[4].waypoints[32].orientation_xyzw.z=-0.5295893157464494
steps[4].waypoints[32].orientation_xyzw.w=-0.3583149475826028
steps[4].waypoints[33].position_m.x=0.0014804150122998587
steps[4].waypoints[33].position_m.y=-1.6793777692559022
steps[4].waypoints[33].position_m.z=0.6745830994113551
steps[4].waypoints[33].orientation_xyzw.x=-0.43793982939295767
steps[4].waypoints[33].orientation_xyzw.y=0.6319445959558779
steps[4].waypoints[33].orientation_xyzw.z=-0.5295895520058163
steps[4].waypoints[33].orientation_xyzw.w=-0.3583150009135931
steps[4].waypoints[34].position_m.x=0.002101842461315096
steps[4].waypoints[34].position_m.y=-1.679734071997619
steps[4].waypoints[34].position_m.z=0.6750071058295491
steps[4].waypoints[34].orientation_xyzw.x=-0.43793955643887605
steps[4].waypoints[34].orientation_xyzw.y=0.6319445568823032
steps[4].waypoints[34].orientation_xyzw.z=-0.5295897882651118
steps[4].waypoints[34].orientation_xyzw.w=-0.358315054244535
steps[4].waypoints[35].position_m.x=0.002699936707116916
steps[4].waypoints[35].position_m.y=-1.6807474260215896
steps[4].waypoints[35].position_m.z=0.6760863224512741
steps[4].waypoints[35].orientation_xyzw.x=-0.4379392834847355
steps[4].waypoints[35].orientation_xyzw.y=0.6319445178086432
steps[4].waypoints[35].orientation_xyzw.z=-0.529590024524336
steps[4].waypoints[35].orientation_xyzw.w=-0.3583151075754288
steps[4].waypoints[36].position_m.x=0.0032845595217624105
steps[4].waypoints[36].position_m.y=-1.6821401287802402
steps[4].waypoints[36].position_m.z=0.6775438248603833
steps[4].waypoints[36].orientation_xyzw.x=-0.43793901053053597
steps[4].waypoints[36].orientation_xyzw.y=0.6319444787348982
steps[4].waypoints[36].orientation_xyzw.z=-0.5295902607834888
steps[4].waypoints[36].orientation_xyzw.w=-0.35831516090627424
steps[4].waypoints[37].position_m.x=0.0038691823364079086
steps[4].waypoints[37].position_m.y=-1.6835328315388907
steps[4].waypoints[37].position_m.z=0.6790013272694926
steps[4].waypoints[37].orientation_xyzw.x=-0.4379387375762774
steps[4].waypoints[37].orientation_xyzw.y=0.6319444396610682
steps[4].waypoints[37].orientation_xyzw.z=-0.5295904970425703
steps[4].waypoints[37].orientation_xyzw.w=-0.35831521423707147
steps[4].waypoints[38].position_m.x=0.004467276582209728
steps[4].waypoints[38].position_m.y=-1.6845461855628612
steps[4].waypoints[38].position_m.z=0.6800805438912175
steps[4].waypoints[38].orientation_xyzw.x=-0.4379384646219599
steps[4].waypoints[38].orientation_xyzw.y=0.6319444005871528
steps[4].waypoints[38].orientation_xyzw.z=-0.5295907333015806
steps[4].waypoints[38].orientation_xyzw.w=-0.3583152675678204
steps[4].waypoints[39].position_m.x=0.005088704031224966
steps[4].waypoints[39].position_m.y=-1.6849024883045782
steps[4].waypoints[39].position_m.z=0.6805045503094116
steps[4].waypoints[39].orientation_xyzw.x=-0.4379381916675833
steps[4].waypoints[39].orientation_xyzw.y=0.6319443615131525
steps[4].waypoints[39].orientation_xyzw.z=-0.5295909695605193
steps[4].waypoints[39].orientation_xyzw.w=-0.35831532089852103
steps[4].waypoints[40].position_m.x=0.005737074342552857
steps[4].waypoints[40].position_m.y=-1.6845000935769343
steps[4].waypoints[40].position_m.z=0.680171985152837
steps[4].waypoints[40].orientation_xyzw.x=-0.43793791871314786
steps[4].waypoints[40].orientation_xyzw.y=0.631944322439067
steps[4].waypoints[40].orientation_xyzw.z=-0.5295912058193869
steps[4].waypoints[40].orientation_xyzw.w=-0.3583153742291735
steps[4].waypoints[41].position_m.x=0.006408777857094176
steps[4].waypoints[41].position_m.y=-1.6834406475670372
steps[4].waypoints[41].position_m.z=0.6791842097927316
steps[4].waypoints[41].orientation_xyzw.x=-0.4379376457586534
steps[4].waypoints[41].orientation_xyzw.y=0.6319442833648964
steps[4].waypoints[41].orientation_xyzw.z=-0.5295914420781831
steps[4].waypoints[41].orientation_xyzw.w=-0.35831542755977763
steps[4].waypoints[42].position_m.x=0.007093952802791809
steps[4].waypoints[42].position_m.y=-1.6820018528224598
steps[4].waypoints[42].position_m.z=0.6778181486452419
steps[4].waypoints[42].orientation_xyzw.x=-0.43793737280409983
steps[4].waypoints[42].orientation_xyzw.y=0.6319442442906407
steps[4].waypoints[42].orientation_xyzw.z=-0.529591678336908
steps[4].waypoints[42].orientation_xyzw.w=-0.3583154808903335
steps[4].waypoints[43].position_m.x=0.0077791277484894426
steps[4].waypoints[43].position_m.y=-1.6805630580778823
steps[4].waypoints[43].position_m.z=0.6764520874977521
steps[4].waypoints[43].orientation_xyzw.x=-0.43793709984948737
steps[4].waypoints[43].orientation_xyzw.y=0.6319442052162998
steps[4].waypoints[43].orientation_xyzw.z=-0.5295919145955615
steps[4].waypoints[43].orientation_xyzw.w=-0.35831553422084117
steps[4].waypoints[44].position_m.x=0.008450831263030763
steps[4].waypoints[44].position_m.y=-1.6795036120679852
steps[4].waypoints[44].position_m.z=0.6754643121376467
steps[4].waypoints[44].orientation_xyzw.x=-0.43793682689481594
steps[4].waypoints[44].orientation_xyzw.y=0.6319441661418739
steps[4].waypoints[44].orientation_xyzw.z=-0.5295921508541437
steps[4].waypoints[44].orientation_xyzw.w=-0.3583155875513005
steps[4].waypoints[45].position_m.x=0.009099201574358649
steps[4].waypoints[45].position_m.y=-1.6791012173403412
steps[4].waypoints[45].position_m.z=0.6751317469810721
steps[4].waypoints[45].orientation_xyzw.x=-0.4379365539400855
steps[4].waypoints[45].orientation_xyzw.y=0.6319441270673627
steps[4].waypoints[45].orientation_xyzw.z=-0.5295923871126546
steps[4].waypoints[45].orientation_xyzw.w=-0.3583156408817116
steps[4].waypoints[46].position_m.x=0.009720629023373895
steps[4].waypoints[46].position_m.y=-1.6794575200820583
steps[4].waypoints[46].position_m.z=0.6755557533992662
steps[4].waypoints[46].orientation_xyzw.x=-0.4379362809852961
steps[4].waypoints[46].orientation_xyzw.y=0.6319440879927666
steps[4].waypoints[46].orientation_xyzw.z=-0.5295926233710941
steps[4].waypoints[46].orientation_xyzw.w=-0.3583156942120745
steps[4].waypoints[47].position_m.x=0.010318723269175713
steps[4].waypoints[47].position_m.y=-1.6804708741060288
steps[4].waypoints[47].position_m.z=0.6766349700209912
steps[4].waypoints[47].orientation_xyzw.x=-0.4379360080304477
steps[4].waypoints[47].orientation_xyzw.y=0.6319440489180852
steps[4].waypoints[47].orientation_xyzw.z=-0.5295928596294623
steps[4].waypoints[47].orientation_xyzw.w=-0.35831574754238904
steps[4].waypoints[48].position_m.x=0.010903346083821205
steps[4].waypoints[48].position_m.y=-1.6818635768646792
steps[4].waypoints[48].position_m.z=0.6780924724301004
steps[4].waypoints[48].orientation_xyzw.x=-0.4379357350755403
steps[4].waypoints[48].orientation_xyzw.y=0.6319440098433188
steps[4].waypoints[48].orientation_xyzw.z=-0.5295930958877592
steps[4].waypoints[48].orientation_xyzw.w=-0.35831580087265535
steps[4].waypoints[49].position_m.x=0.011487968898466703
steps[4].waypoints[49].position_m.y=-1.68325627962333
steps[4].waypoints[49].position_m.z=0.6795499748392096
steps[4].waypoints[49].orientation_xyzw.x=-0.4379354621205739
steps[4].waypoints[49].orientation_xyzw.y=0.6319439707684672
steps[4].waypoints[49].orientation_xyzw.z=-0.5295933321459847
steps[4].waypoints[49].orientation_xyzw.w=-0.3583158542028734
steps[4].waypoints[50].position_m.x=0.012086063144268529
steps[4].waypoints[50].position_m.y=-1.6842696336473004
steps[4].waypoints[50].position_m.z=0.6806291914609346
steps[4].waypoints[50].orientation_xyzw.x=-0.4379351891655485
steps[4].waypoints[50].orientation_xyzw.y=0.6319439316935305
steps[4].waypoints[50].orientation_xyzw.z=-0.529593568404139
steps[4].waypoints[50].orientation_xyzw.w=-0.3583159075330432
steps[4].waypoints[51].position_m.x=0.01270749059328376
steps[4].waypoints[51].position_m.y=-1.6846259363890173
steps[4].waypoints[51].position_m.z=0.6810531978791287
steps[4].waypoints[51].orientation_xyzw.x=-0.43793491621046415
steps[4].waypoints[51].orientation_xyzw.y=0.6319438926185087
steps[4].waypoints[51].orientation_xyzw.z=-0.5295938046622217
steps[4].waypoints[51].orientation_xyzw.w=-0.35831596086316464
steps[4].waypoints[52].position_m.x=0.013355860904611654
steps[4].waypoints[52].position_m.y=-1.6842235416613736
steps[4].waypoints[52].position_m.z=0.6807206327225541
steps[4].waypoints[52].orientation_xyzw.x=-0.4379346432553208
steps[4].waypoints[52].orientation_xyzw.y=0.6319438535434018
steps[4].waypoints[52].orientation_xyzw.z=-0.5295940409202333
steps[4].waypoints[52].orientation_xyzw.w=-0.35831601419323794
steps[4].waypoints[53].position_m.x=0.014027564419152963
steps[4].waypoints[53].position_m.y=-1.6831640956514764
steps[4].waypoints[53].position_m.z=0.6797328573624487
steps[4].waypoints[53].orientation_xyzw.x=-0.4379343703001184
steps[4].waypoints[53].orientation_xyzw.y=0.6319438144682097
steps[4].waypoints[53].orientation_xyzw.z=-0.5295942771781735
steps[4].waypoints[53].orientation_xyzw.w=-0.35831606752326295
steps[4].waypoints[54].position_m.x=0.014712739364850604
steps[4].waypoints[54].position_m.y=-1.6817253009068989
steps[4].waypoints[54].position_m.z=0.678366796214959
steps[4].waypoints[54].orientation_xyzw.x=-0.43793409734485717
steps[4].waypoints[54].orientation_xyzw.y=0.6319437753929326
steps[4].waypoints[54].orientation_xyzw.z=-0.5295945134360425
steps[4].waypoints[54].orientation_xyzw.w=-0.3583161208532397
steps[4].waypoints[55].position_m.x=0.015397914310548244
steps[4].waypoints[55].position_m.y=-1.6802865061623216
steps[4].waypoints[55].position_m.z=0.6770007350674693
steps[4].waypoints[55].orientation_xyzw.x=-0.4379338243895369
steps[4].waypoints[55].orientation_xyzw.y=0.6319437363175704
steps[4].waypoints[55].orientation_xyzw.z=-0.5295947496938399
steps[4].waypoints[55].orientation_xyzw.w=-0.3583161741831682
steps[4].waypoints[56].position_m.x=0.016069617825089554
steps[4].waypoints[56].position_m.y=-1.6792270601524244
steps[4].waypoints[56].position_m.z=0.6760129597073639
steps[4].waypoints[56].orientation_xyzw.x=-0.4379335514341575
steps[4].waypoints[56].orientation_xyzw.y=0.631943697242123
steps[4].waypoints[56].orientation_xyzw.z=-0.5295949859515661
steps[4].waypoints[56].orientation_xyzw.w=-0.35831622751304837
steps[4].waypoints[57].position_m.x=0.016717988136417446
steps[4].waypoints[57].position_m.y=-1.6788246654247805
steps[4].waypoints[57].position_m.z=0.6756803945507893
steps[4].waypoints[57].orientation_xyzw.x=-0.43793327847871927
steps[4].waypoints[57].orientation_xyzw.y=0.6319436581665904
steps[4].waypoints[57].orientation_xyzw.z=-0.5295952222092211
steps[4].waypoints[57].orientation_xyzw.w=-0.3583162808428803
steps[4].waypoints[58].position_m.x=0.017339415585432692
steps[4].waypoints[58].position_m.y=-1.6791809681664975
steps[4].waypoints[58].position_m.z=0.6761044009689834
steps[4].waypoints[58].orientation_xyzw.x=-0.437933005523222
steps[4].waypoints[58].orientation_xyzw.y=0.6319436190909729
steps[4].waypoints[58].orientation_xyzw.z=-0.5295954584668046
steps[4].waypoints[58].orientation_xyzw.w=-0.358316334172664
steps[4].waypoints[59].position_m.x=0.01793750983123451
steps[4].waypoints[59].position_m.y=-1.680194322190468
steps[4].waypoints[59].position_m.z=0.6771836175907082
steps[4].waypoints[59].orientation_xyzw.x=-0.4379327325676658
steps[4].waypoints[59].orientation_xyzw.y=0.63194358001527
steps[4].waypoints[59].orientation_xyzw.z=-0.5295956947243168
steps[4].waypoints[59].orientation_xyzw.w=-0.3583163875023994
steps[4].waypoints[60].position_m.x=0.018522132645880006
steps[4].waypoints[60].position_m.y=-1.6815870249491185
steps[4].waypoints[60].position_m.z=0.6786411199998175
steps[4].waypoints[60].orientation_xyzw.x=-0.4379324596120506
steps[4].waypoints[60].orientation_xyzw.y=0.6319435409394822
steps[4].waypoints[60].orientation_xyzw.z=-0.5295959309817576
steps[4].waypoints[60].orientation_xyzw.w=-0.3583164408320866
steps[4].waypoints[61].position_m.x=0.019106755460525496
steps[4].waypoints[61].position_m.y=-1.6829797277077692
steps[4].waypoints[61].position_m.z=0.6800986224089267
steps[4].waypoints[61].orientation_xyzw.x=-0.43793218665637623
steps[4].waypoints[61].orientation_xyzw.y=0.6319435018636093
steps[4].waypoints[61].orientation_xyzw.z=-0.5295961672391271
steps[4].waypoints[61].orientation_xyzw.w=-0.35831649416172545
steps[4].waypoints[62].position_m.x=0.019704849706327313
steps[4].waypoints[62].position_m.y=-1.6839930817317397
steps[4].waypoints[62].position_m.z=0.6811778390306517
steps[4].waypoints[62].orientation_xyzw.x=-0.4379319137006431
steps[4].waypoints[62].orientation_xyzw.y=0.6319434627876511
steps[4].waypoints[62].orientation_xyzw.z=-0.5295964034964253
steps[4].waypoints[62].orientation_xyzw.w=-0.35831654749131614
steps[4].waypoints[63].position_m.x=0.02032627715534256
steps[4].waypoints[63].position_m.y=-1.6843493844734565
steps[4].waypoints[63].position_m.z=0.6816018454488457
steps[4].waypoints[63].orientation_xyzw.x=-0.4379316407448509
steps[4].waypoints[63].orientation_xyzw.y=0.6319434237116079
steps[4].waypoints[63].orientation_xyzw.z=-0.5295966397536521
steps[4].waypoints[63].orientation_xyzw.w=-0.3583166008208584
steps[4].waypoints[64].position_m.x=0.020974647466670444
steps[4].waypoints[64].position_m.y=-1.6839469897458128
steps[4].waypoints[64].position_m.z=0.6812692802922712
steps[4].waypoints[64].orientation_xyzw.x=-0.4379313677889997
steps[4].waypoints[64].orientation_xyzw.y=0.6319433846354795
steps[4].waypoints[64].orientation_xyzw.z=-0.5295968760108078
steps[4].waypoints[64].orientation_xyzw.w=-0.3583166541503526
steps[4].waypoints[65].position_m.x=0.021646350981211766
steps[4].waypoints[65].position_m.y=-1.6828875437359156
steps[4].waypoints[65].position_m.z=0.6802815049321658
steps[4].waypoints[65].orientation_xyzw.x=-0.4379310948330895
steps[4].waypoints[65].orientation_xyzw.y=0.631943345559266
steps[4].waypoints[65].orientation_xyzw.z=-0.529597112267892
steps[4].waypoints[65].orientation_xyzw.w=-0.3583167074797984
steps[4].waypoints[66].position_m.x=0.022331525926909408
steps[4].waypoints[66].position_m.y=-1.6814487489913381
steps[4].waypoints[66].position_m.z=0.678915443784676
steps[4].waypoints[66].orientation_xyzw.x=-0.4379308218771204
steps[4].waypoints[66].orientation_xyzw.y=0.6319433064829674
steps[4].waypoints[66].orientation_xyzw.z=-0.5295973485249048
steps[4].waypoints[66].orientation_xyzw.w=-0.358316760809196
steps[4].waypoints[67].position_m.x=0.023016700872607043
steps[4].waypoints[67].position_m.y=-1.6800099542467608
steps[4].waypoints[67].position_m.z=0.6775493826371863
steps[4].waypoints[67].orientation_xyzw.x=-0.4379305489210923
steps[4].waypoints[67].orientation_xyzw.y=0.6319432674065838
steps[4].waypoints[67].orientation_xyzw.z=-0.5295975847818464
steps[4].waypoints[67].orientation_xyzw.w=-0.35831681413854527
steps[4].waypoints[68].position_m.x=0.02368840438714835
steps[4].waypoints[68].position_m.y=-1.6789505082368636
steps[4].waypoints[68].position_m.z=0.6765616072770809
steps[4].waypoints[68].orientation_xyzw.x=-0.43793027596500517
steps[4].waypoints[68].orientation_xyzw.y=0.631943228330115
steps[4].waypoints[68].orientation_xyzw.z=-0.5295978210387166
steps[4].waypoints[68].orientation_xyzw.w=-0.35831686746784636
steps[4].waypoints[69].position_m.x=0.024336774698476237
steps[4].waypoints[69].position_m.y=-1.6785481135092197
steps[4].waypoints[69].position_m.z=0.6762290421205064
steps[4].waypoints[69].orientation_xyzw.x=-0.4379300030088591
steps[4].waypoints[69].orientation_xyzw.y=0.6319431892535611
steps[4].waypoints[69].orientation_xyzw.z=-0.5295980572955155
steps[4].waypoints[69].orientation_xyzw.w=-0.3583169207970992
steps[4].waypoints[70].position_m.x=0.024958202147491483
steps[4].waypoints[70].position_m.y=-1.6789044162509368
steps[4].waypoints[70].position_m.z=0.6766530485387005
steps[4].waypoints[70].orientation_xyzw.x=-0.437929730052654
steps[4].waypoints[70].orientation_xyzw.y=0.631943150176922
steps[4].waypoints[70].orientation_xyzw.z=-0.5295982935522429
steps[4].waypoints[70].orientation_xyzw.w=-0.35831697412630364
steps[4].waypoints[71].position_m.x=0.025556296393293307
steps[4].waypoints[71].position_m.y=-1.679917770274907
steps[4].waypoints[71].position_m.z=0.6777322651604254
steps[4].waypoints[71].orientation_xyzw.x=-0.4379294570963899
steps[4].waypoints[71].orientation_xyzw.y=0.6319431111001977
steps[4].waypoints[71].orientation_xyzw.z=-0.5295985298088991
steps[4].waypoints[71].orientation_xyzw.w=-0.35831702745545996
steps[4].waypoints[72].position_m.x=0.026140919207938797
steps[4].waypoints[72].position_m.y=-1.6813104730335577
steps[4].waypoints[72].position_m.z=0.6791897675695346
steps[4].waypoints[72].orientation_xyzw.x=-0.4379291841400669
steps[4].waypoints[72].orientation_xyzw.y=0.6319430720233885
steps[4].waypoints[72].orientation_xyzw.z=-0.529598766065484
steps[4].waypoints[72].orientation_xyzw.w=-0.3583170807845679
steps[4].waypoints[73].position_m.x=0.026725542022584294
steps[4].waypoints[73].position_m.y=-1.6827031757922084
steps[4].waypoints[73].position_m.z=0.6806472699786439
steps[4].waypoints[73].orientation_xyzw.x=-0.4379289111836848
steps[4].waypoints[73].orientation_xyzw.y=0.6319430329464941
steps[4].waypoints[73].orientation_xyzw.z=-0.5295990023219974
steps[4].waypoints[73].orientation_xyzw.w=-0.35831713411362764
steps[4].waypoints[74].position_m.x=0.027323636268386117
steps[4].waypoints[74].position_m.y=-1.6837165298161787
steps[4].waypoints[74].position_m.z=0.6817264866003688
steps[4].waypoints[74].orientation_xyzw.x=-0.4379286382272438
steps[4].waypoints[74].orientation_xyzw.y=0.6319429938695146
steps[4].waypoints[74].orientation_xyzw.z=-0.5295992385784396
steps[4].waypoints[74].orientation_xyzw.w=-0.35831718744263913
steps[4].waypoints[75].position_m.x=0.027945063717401356
steps[4].waypoints[75].position_m.y=-1.6840728325578957
steps[4].waypoints[75].position_m.z=0.6821504930185629
steps[4].waypoints[75].orientation_xyzw.x=-0.43792836527074386
steps[4].waypoints[75].orientation_xyzw.y=0.63194295479245
steps[4].waypoints[75].orientation_xyzw.z=-0.5295994748348105
steps[4].waypoints[75].orientation_xyzw.w=-0.3583172407716024
steps[4].waypoints[76].position_m.x=0.02859343402872925
steps[4].waypoints[76].position_m.y=-1.683670437830252
steps[4].waypoints[76].position_m.z=0.6818179278619882
steps[4].waypoints[76].orientation_xyzw.x=-0.4379280923141849
steps[4].waypoints[76].orientation_xyzw.y=0.6319429157153003
steps[4].waypoints[76].orientation_xyzw.z=-0.52959971109111
steps[4].waypoints[76].orientation_xyzw.w=-0.35831729410051727
steps[4].waypoints[77].position_m.x=0.029265137543270557
steps[4].waypoints[77].position_m.y=-1.6826109918203547
steps[4].waypoints[77].position_m.z=0.6808301525018828
steps[4].waypoints[77].orientation_xyzw.x=-0.43792781935756686
steps[4].waypoints[77].orientation_xyzw.y=0.6319428766380653
steps[4].waypoints[77].orientation_xyzw.z=-0.5295999473473381
steps[4].waypoints[77].orientation_xyzw.w=-0.3583173474293839
steps[4].waypoints[78].position_m.x=0.029950312488968192
steps[4].waypoints[78].position_m.y=-1.6811721970757774
steps[4].waypoints[78].position_m.z=0.6794640913543931
steps[4].waypoints[78].orientation_xyzw.x=-0.43792754640088993
steps[4].waypoints[78].orientation_xyzw.y=0.6319428375607453
steps[4].waypoints[78].orientation_xyzw.z=-0.5296001836034949
steps[4].waypoints[78].orientation_xyzw.w=-0.35831740075820234
steps[4].waypoints[79].position_m.x=0.030635487434665834
steps[4].waypoints[79].position_m.y=-1.6797334023312
steps[4].waypoints[79].position_m.z=0.6780980302069034
steps[4].waypoints[79].orientation_xyzw.x=-0.43792727344415405
steps[4].waypoints[79].orientation_xyzw.y=0.6319427984833402
steps[4].waypoints[79].orientation_xyzw.z=-0.5296004198595805
steps[4].waypoints[79].orientation_xyzw.w=-0.3583174540869726
steps[4].waypoints[80].position_m.x=0.03130719094920714
steps[4].waypoints[80].position_m.y=-1.6786739563213027
steps[4].waypoints[80].position_m.z=0.6771102548467981
steps[4].waypoints[80].orientation_xyzw.x=-0.43792700048735905
steps[4].waypoints[80].orientation_xyzw.y=0.63194275940585
steps[4].waypoints[80].orientation_xyzw.z=-0.5296006561155946
steps[4].waypoints[80].orientation_xyzw.w=-0.3583175074156944
steps[4].waypoints[81].position_m.x=0.03195556126053504
steps[4].waypoints[81].position_m.y=-1.678271561593659
steps[4].waypoints[81].position_m.z=0.6767776896902234
steps[4].waypoints[81].orientation_xyzw.x=-0.43792672753050516
steps[4].waypoints[81].orientation_xyzw.y=0.6319427203282747
steps[4].waypoints[81].orientation_xyzw.z=-0.5296008923715375
steps[4].waypoints[81].orientation_xyzw.w=-0.3583175607443681
steps[4].waypoints[82].position_m.x=0.03257698870955029
steps[4].waypoints[82].position_m.y=-1.678627864335376
steps[4].waypoints[82].position_m.z=0.6772016961084175
steps[4].waypoints[82].orientation_xyzw.x=-0.43792645457359225
steps[4].waypoints[82].orientation_xyzw.y=0.6319426812506143
steps[4].waypoints[82].orientation_xyzw.z=-0.5296011286274089
steps[4].waypoints[82].orientation_xyzw.w=-0.35831761407299345
steps[4].waypoints[83].position_m.x=0.033175082955352105
steps[4].waypoints[83].position_m.y=-1.6796412183593463
steps[4].waypoints[83].position_m.z=0.6782809127301425
steps[4].waypoints[83].orientation_xyzw.x=-0.4379261816166204
steps[4].waypoints[83].orientation_xyzw.y=0.6319426421728686
steps[4].waypoints[83].orientation_xyzw.z=-0.5296013648832091
steps[4].waypoints[83].orientation_xyzw.w=-0.3583176674015705
steps[4].waypoints[84].position_m.x=0.033759705769997594
steps[4].waypoints[84].position_m.y=-1.681033921117997
steps[4].waypoints[84].position_m.z=0.6797384151392517
steps[4].waypoints[84].orientation_xyzw.x=-0.4379259086595896
steps[4].waypoints[84].orientation_xyzw.y=0.6319426030950379
steps[4].waypoints[84].orientation_xyzw.z=-0.529601601138938
steps[4].waypoints[84].orientation_xyzw.w=-0.3583177207300994
steps[4].lead_start.position_m.x=-0.019571800164413976
steps[4].lead_start.position_m.y=-1.6829697845269225
steps[4].lead_start.position_m.z=0.675897882151232
steps[4].lead_start.orientation_xyzw.x=-0.4379488368445567
steps[4].lead_start.orientation_xyzw.y=0.6319458853360941
steps[4].lead_start.orientation_xyzw.z=-0.5295817554090476
steps[4].lead_start.orientation_xyzw.w=-0.35831324096543227
steps[4].usable_seam_start.position_m.x=-0.019571800164413976
steps[4].usable_seam_start.position_m.y=-1.6829697845269225
steps[4].usable_seam_start.position_m.z=0.675897882151232
steps[4].usable_seam_start.orientation_xyzw.x=-0.4379488368445567
steps[4].usable_seam_start.orientation_xyzw.y=0.6319458853360941
steps[4].usable_seam_start.orientation_xyzw.z=-0.5295817554090476
steps[4].usable_seam_start.orientation_xyzw.w=-0.35831324096543227
steps[4].usable_seam_goal.position_m.x=0.033759705769997594
steps[4].usable_seam_goal.position_m.y=-1.681033921117997
steps[4].usable_seam_goal.position_m.z=0.6797384151392517
steps[4].usable_seam_goal.orientation_xyzw.x=-0.4379259086595896
steps[4].usable_seam_goal.orientation_xyzw.y=0.6319426030950379
steps[4].usable_seam_goal.orientation_xyzw.z=-0.529601601138938
steps[4].usable_seam_goal.orientation_xyzw.w=-0.3583177207300994
steps[4].lead_end.position_m.x=0.033759705769997594
steps[4].lead_end.position_m.y=-1.681033921117997
steps[4].lead_end.position_m.z=0.6797384151392517
steps[4].lead_end.orientation_xyzw.x=-0.4379259086595896
steps[4].lead_end.orientation_xyzw.y=0.6319426030950379
steps[4].lead_end.orientation_xyzw.z=-0.529601601138938
steps[4].lead_end.orientation_xyzw.w=-0.3583177207300994
steps[5].sequence_number=6
steps[5].type=digital_weld
steps[5].parallel_slot=5
steps[5].duration=0.0
steps[5].velocity_scale=0.3695263157894737
steps[5].tcp_speed_m_s=0.020725217681048336
steps[5].command=off
steps[5].weld_scenario_id=weld-83525220152777
steps[5].weld_scenario_stage=arc_off
steps[5].path_to_seam_speed_factor=0.4220098785810044
steps[5].trigger_before_goal=True
steps[5].arc_off_delay_s=0.0
steps[5].settings.current_a=220
steps[5].settings.voltage_tenths=260
steps[5].settings.voltage=26.0
steps[5].settings.material=FE-SOLID
steps[5].settings.diameter_mm=1.2
steps[5].settings.mode=LSM
steps[5].settings.gas=CO2 100%
steps[5].settings.synergic=False
steps[5].settings.correction=0.0
steps[5].settings.hot_start_enabled=True
steps[5].settings.hot_start_percent=5.0
steps[5].settings.hot_start_hold_adjustment=1
steps[5].settings.crater_enabled=False
steps[5].settings.crater_percent=27.27272727272727
steps[5].settings.crater_current_a=60.0
steps[5].settings.crater_voltage_v=25.0
steps[5].settings.crater_seconds=1.0
steps[5].settings.wire_consumable_alpha_mm=0.0
steps[5].settings.hot_start_current_a=231
steps[6].sequence_number=7
steps[6].type=motion
steps[6].parallel_slot=6
steps[6].duration=0.0
steps[6].planning_group=right_manipulator
steps[6].velocity_scale=0.3695263157894737
steps[6].tcp_speed_m_s=0.0
steps[6].interpolation_step=0.005
steps[6].path_kind=weld_end_to_taught_wait_fixed_attitude
steps[6].pose_name=weld_goal_wait
steps[6].pose_label=5 · Weld goal wait pose
steps[6].touch_guard=False
steps[6].continue_after_touch=False
steps[6].weld_scenario_id=weld-83525220152777
steps[6].weld_scenario_stage=goal_wait
steps[6].waypoint_count=1
steps[6].waypoints[0].position_m.x=0.03372981229895555
steps[6].waypoints[0].position_m.y=-1.6805362859592525
steps[6].waypoints[0].position_m.z=0.6799026918517388
steps[6].waypoints[0].orientation_xyzw.x=-0.4379259086595896
steps[6].waypoints[0].orientation_xyzw.y=0.6319426030950379
steps[6].waypoints[0].orientation_xyzw.z=-0.529601601138938
steps[6].waypoints[0].orientation_xyzw.w=-0.3583177207300994
steps[7].sequence_number=8
steps[7].type=named_pose
steps[7].parallel_slot=7
steps[7].duration=0.0
steps[7].planning_group=right_manipulator
steps[7].velocity_scale=0.3695263157894737
steps[7].tcp_speed_m_s=0.0
steps[7].pose_name=weld_finish
steps[7].pose_label=7 · Weld end pose
steps[7].touch_guard=False
steps[7].continue_after_touch=False
steps[7].weld_scenario_id=weld-83525220152777
steps[7].weld_scenario_stage=finish
steps[7].target_tcp.position_m.x=0.03374943314549039
steps[7].target_tcp.position_m.y=-1.6540034193254145
steps[7].target_tcp.position_m.z=0.715025635008381
steps[7].target_tcp.orientation_xyzw.x=-0.43566855184384345
steps[7].target_tcp.orientation_xyzw.y=0.6334744147875092
steps[7].target_tcp.orientation_xyzw.z=-0.5283694748098694
steps[7].target_tcp.orientation_xyzw.w=-0.3601788123044635
steps[7].joint_names[0]=right_manipulator_joint1
steps[7].joint_names[1]=right_manipulator_joint2
steps[7].joint_names[2]=right_manipulator_joint3
steps[7].joint_names[3]=right_manipulator_joint4
steps[7].joint_names[4]=right_manipulator_joint5
steps[7].joint_names[5]=right_manipulator_joint6
steps[7].joint_positions_rad[0]=5.1848284314425666
steps[7].joint_positions_rad[1]=1.2821876952502465
steps[7].joint_positions_rad[2]=1.93160458707214
steps[7].joint_positions_rad[3]=3.604953654807699
steps[7].joint_positions_rad[4]=1.4520875191012685
steps[7].joint_positions_rad[5]=1.4500105197671158
steps[8].sequence_number=9
steps[8].type=digital_output
steps[8].parallel_slot=8
steps[8].duration=0.0
steps[8].port=0
steps[8].value=True
steps[8].weld_scenario_id=weld-83525220152777
steps[8].weld_scenario_stage=touch_output_on
hicomm_cyclic_period_ms=40.0
arc_wait_recognition=True
arc_wait_main_welding=True
arc_wait_established=True
arc_establishment_timeout_s=5.0

[summary]
rx_samples=236
welding_samples=0
wcr_seen=0
current_a.min=None
current_a.average=None
current_a.max=None
voltage_v.min=None
voltage_v.average=None
voltage_v.max=None
wire_feed_m_min.min=None
wire_feed_m_min.average=None
wire_feed_m_min.max=None

[production_metrics]
arc_started_elapsed_s=None
arc_completed_elapsed_s=None
arc_on_time_s=0.0
main_weld_arc_time_s=0.0
crater_arc_time_s=0.0
weld_motion_start_elapsed_s=0.014983703993493691
weld_motion_complete_elapsed_s=9.414887160004582
weld_motion_duration_s=9.399903456011089
net_weld_arc_time_s=0.0
wire_feed_average_m_min=0.0
wire_consumable_base_mm=0.0
wire_consumable_alpha_mm=0.0
wire_consumable_mm=0.0
wire_consumable_formula=integral(WFS*1000/60*dt)+alpha
weld_motion_start_unix_time=1789621369.7138302
weld_motion_start_wall_time=2026-09-17 14:02:49.713
weld_motion_complete_unix_time=1789621379.1137335
weld_motion_complete_wall_time=2026-09-17 14:02:59.113

[arc_off_control]

[teaching_snapshot_yaml]
robot_start:
  planning_group: right_manipulator
  joint_state:
    names:
    - right_manipulator_joint1
    - right_manipulator_joint2
    - right_manipulator_joint3
    - right_manipulator_joint4
    - right_manipulator_joint5
    - right_manipulator_joint6
    positions_rad:
    - 5.272090632984539
    - 1.1319069796756747
    - 2.106417676818249
    - 3.6901007738119302
    - 1.4686233526256796
    - 1.4680081624138712
  tcp_pose_world:
    position_m:
      x: 0.0593687026100857
      y: -1.566580876666292
      z: 0.8404797210507349
    orientation_xyzw:
      x: -0.435964943840794
      y: 0.633785310019272
      z: -0.5278153609885844
      w: -0.36008567487496485
weld_wait:
  planning_group: right_manipulator
  joint_state:
    names:
    - right_manipulator_joint1
    - right_manipulator_joint2
    - right_manipulator_joint3
    - right_manipulator_joint4
    - right_manipulator_joint5
    - right_manipulator_joint6
    positions_rad:
    - 5.116482663123427
    - 1.2840481795877758
    - 1.9530954981207522
    - 3.536391371491936
    - 1.4756325262986592
    - 1.454452938781477
  tcp_pose_world:
    position_m:
      x: -0.024663663255563212
      y: -1.6541218108581124
      z: 0.7151550325816947
    orientation_xyzw:
      x: -0.43569661139275795
      y: 0.6334772972744478
      z: -0.5283290120173573
      w: -0.3601991556340635
weld_start_wait:
  planning_group: right_manipulator
  joint_state:
    names:
    - right_manipulator_joint1
    - right_manipulator_joint2
    - right_manipulator_joint3
    - right_manipulator_joint4
    - right_manipulator_joint5
    - right_manipulator_joint6
    positions_rad:
    - 5.108273735379367
    - 1.325621455784458
    - 1.8904680692942308
    - 3.5291089574911143
    - 1.4563742763499146
    - 1.4457313525275766
  tcp_pose_world:
    position_m:
      x: -0.019758439590067983
      y: -1.682099472193571
      z: 0.6780509572223705
    orientation_xyzw:
      x: -0.43571337465481513
      y: 0.6334892586568713
      z: -0.5283124931240927
      w: -0.36018207051751716
weld_start:
  planning_group: right_manipulator
  joint_state:
    names:
    - right_manipulator_joint1
    - right_manipulator_joint2
    - right_manipulator_joint3
    - right_manipulator_joint4
    - right_manipulator_joint5
    - right_manipulator_joint6
    positions_rad:
    - 5.104618653254443
    - 1.328177965189144
    - 1.8886627108491052
    - 3.5184639692923616
    - 1.4573693820118914
    - 1.445266810047924
  tcp_pose_world:
    position_m:
      x: -0.019571800164413976
      y: -1.6829697845269225
      z: 0.675897882151232
    orientation_xyzw:
      x: -0.4379488368445567
      y: 0.6319458853360941
      z: -0.5295817554090476
      w: -0.35831324096543227
weld_goal_wait:
  planning_group: right_manipulator
  joint_state:
    names:
    - right_manipulator_joint1
    - right_manipulator_joint2
    - right_manipulator_joint3
    - right_manipulator_joint4
    - right_manipulator_joint5
    - right_manipulator_joint6
    positions_rad:
    - 5.16989129352053
    - 1.3221775890208218
    - 1.874254877735883
    - 3.591151556142254
    - 1.4368539713499064
    - 1.4413837420480222
  tcp_pose_world:
    position_m:
      x: 0.03372981229895555
      y: -1.6805362859592525
      z: 0.6799026918517388
    orientation_xyzw:
      x: -0.4356904582094423
      y: 0.6334858954287033
      z: -0.5283323229026556
      w: -0.3601866203711963
weld_end:
  planning_group: right_manipulator
  joint_state:
    names:
    - right_manipulator_joint1
    - right_manipulator_joint2
    - right_manipulator_joint3
    - right_manipulator_joint4
    - right_manipulator_joint5
    - right_manipulator_joint6
    positions_rad:
    - 5.166367886792152
    - 1.322417642429211
    - 1.8748749771108566
    - 3.5805990839184276
    - 1.4378817193636093
    - 1.4412243793815145
  tcp_pose_world:
    position_m:
      x: 0.033759705769997594
      y: -1.681033921117997
      z: 0.6797384151392517
    orientation_xyzw:
      x: -0.4379259086595896
      y: 0.6319426030950379
      z: -0.529601601138938
      w: -0.3583177207300994
weld_finish:
  planning_group: right_manipulator
  joint_state:
    names:
    - right_manipulator_joint1
    - right_manipulator_joint2
    - right_manipulator_joint3
    - right_manipulator_joint4
    - right_manipulator_joint5
    - right_manipulator_joint6
    positions_rad:
    - 5.1848284314425666
    - 1.2821876952502465
    - 1.93160458707214
    - 3.604953654807699
    - 1.4520875191012685
    - 1.4500105197671158
  tcp_pose_world:
    position_m:
      x: 0.03374943314549039
      y: -1.6540034193254145
      z: 0.715025635008381
    orientation_xyzw:
      x: -0.43566855184384345
      y: 0.6334744147875092
      z: -0.5283694748098694
      w: -0.3601788123044635

[touch_snapshot_yaml]
start_floor:
  position_m:
    x: -0.019815467658331004
    y: -1.6819608236851273
    z: 0.6758814900607171
  orientation_xyzw:
    x: -0.4357874020358289
    y: 0.6335059334521557
    z: -0.5282377292801177
    w: -0.36017283888816637
start_wall:
  position_m:
    x: -0.019789325828834414
    y: -1.6829771864286505
    z: 0.6778447998608119
  orientation_xyzw:
    x: -0.4357876801351528
    y: 0.6335216660335927
    z: -0.5282282454271696
    w: -0.3601587389490591
goal_floor:
  position_m:
    x: 0.0336907655977412
    y: -1.6811171696970861
    z: 0.6797333589571064
  orientation_xyzw:
    x: -0.43576154901199227
    y: 0.6335229108975378
    z: -0.5282624637486674
    w: -0.3601379779539608
goal_wall:
  position_m:
    x: 0.033701885648381724
    y: -1.6810360146711811
    z: 0.6797550735417301
  orientation_xyzw:
    x: -0.4357498285368921
    y: 0.6335121602418903
    z: -0.5282861199437113
    w: -0.3601363703245498

[samples]
elapsed_s raw0 state arc gas fwd wcr current_a voltage_v wire_feed_m_min set_current_a set_voltage_v error db collision
0.008 0x00 idle 0 0 0 0 0 0.0 0.0 220 26.0 0 0 0
0.045 0x00 idle 0 0 0 0 0 0.0 0.0 220 26.0 0 0 0
0.085 0x00 idle 0 0 0 0 0 0.0 0.0 220 26.0 0 0 0
0.127 0x00 idle 0 0 0 0 0 0.0 0.0 220 26.0 0 0 0
0.165 0x00 idle 0 0 0 0 0 0.0 0.0 220 26.0 0 0 0
0.205 0x00 idle 0 0 0 0 0 0.0 0.0 220 26.0 0 0 0
0.244 0x00 idle 0 0 0 0 0 0.0 0.0 220 26.0 0 0 0
0.285 0x00 idle 0 0 0 0 0 0.0 0.0 220 26.0 0 0 0
0.326 0x00 idle 0 0 0 0 0 0.0 0.0 220 26.0 0 0 0
0.366 0x00 idle 0 0 0 0 0 0.0 0.0 220 26.0 0 0 0
0.414 0x00 idle 0 0 0 0 0 0.0 0.0 220 26.0 0 0 0
0.447 0x00 idle 0 0 0 0 0 0.0 0.0 220 26.0 0 0 0
0.488 0x00 idle 0 0 0 0 0 0.0 0.0 220 26.0 0 0 0
0.525 0x00 idle 0 0 0 0 0 0.0 0.0 220 26.0 0 0 0
0.565 0x00 idle 0 0 0 0 0 0.0 0.0 220 26.0 0 0 0
0.604 0x00 idle 0 0 0 0 0 0.0 0.0 220 26.0 0 0 0
0.648 0x00 idle 0 0 0 0 0 0.0 0.0 220 26.0 0 0 0
0.685 0x00 idle 0 0 0 0 0 0.0 0.0 220 26.0 0 0 0
0.728 0x00 idle 0 0 0 0 0 0.0 0.0 220 26.0 0 0 0
0.764 0x00 idle 0 0 0 0 0 0.0 0.0 220 26.0 0 0 0
0.805 0x00 idle 0 0 0 0 0 0.0 0.0 220 26.0 0 0 0
0.848 0x00 idle 0 0 0 0 0 0.0 0.0 220 26.0 0 0 0
0.884 0x00 idle 0 0 0 0 0 0.0 0.0 220 26.0 0 0 0
0.928 0x00 idle 0 0 0 0 0 0.0 0.0 220 26.0 0 0 0
0.966 0x00 idle 0 0 0 0 0 0.0 0.0 220 26.0 0 0 0
1.006 0x00 idle 0 0 0 0 0 0.0 0.0 220 26.0 0 0 0
1.049 0x00 idle 0 0 0 0 0 0.0 0.0 220 26.0 0 0 0
1.087 0x00 idle 0 0 0 0 0 0.0 0.0 220 26.0 0 0 0
1.127 0x00 idle 0 0 0 0 0 0.0 0.0 220 26.0 0 0 0
1.168 0x00 idle 0 0 0 0 0 0.0 0.0 220 26.0 0 0 0
1.208 0x00 idle 0 0 0 0 0 0.0 0.0 220 26.0 0 0 0
1.244 0x00 idle 0 0 0 0 0 0.0 0.0 220 26.0 0 0 0
1.288 0x00 idle 0 0 0 0 0 0.0 0.0 220 26.0 0 0 0
1.332 0x00 idle 0 0 0 0 0 0.0 0.0 220 26.0 0 0 0
1.366 0x00 idle 0 0 0 0 0 0.0 0.0 220 26.0 0 0 0
1.404 0x00 idle 0 0 0 0 0 0.0 0.0 220 26.0 0 0 0
1.447 0x00 idle 0 0 0 0 0 0.0 0.0 220 26.0 0 0 0
1.485 0x00 idle 0 0 0 0 0 0.0 0.0 220 26.0 0 0 0
1.525 0x00 idle 0 0 0 0 0 0.0 0.0 220 26.0 0 0 0
1.568 0x00 idle 0 0 0 0 0 0.0 0.0 220 26.0 0 0 0
1.605 0x00 idle 0 0 0 0 0 0.0 0.0 220 26.0 0 0 0
1.645 0x00 idle 0 0 0 0 0 0.0 0.0 220 26.0 0 0 0
1.688 0x00 idle 0 0 0 0 0 0.0 0.0 220 26.0 0 0 0
1.729 0x00 idle 0 0 0 0 0 0.0 0.0 220 26.0 0 0 0
1.769 0x00 idle 0 0 0 0 0 0.0 0.0 220 26.0 0 0 0
1.805 0x00 idle 0 0 0 0 0 0.0 0.0 220 26.0 0 0 0
1.845 0x00 idle 0 0 0 0 0 0.0 0.0 220 26.0 0 0 0
1.885 0x00 idle 0 0 0 0 0 0.0 0.0 220 26.0 0 0 0
1.924 0x00 idle 0 0 0 0 0 0.0 0.0 220 26.0 0 0 0
1.970 0x00 idle 0 0 0 0 0 0.0 0.0 220 26.0 0 0 0
2.005 0x00 idle 0 0 0 0 0 0.0 0.0 220 26.0 0 0 0
2.046 0x00 idle 0 0 0 0 0 0.0 0.0 220 26.0 0 0 0
2.089 0x00 idle 0 0 0 0 0 0.0 0.0 220 26.0 0 0 0
2.132 0x00 idle 0 0 0 0 0 0.0 0.0 220 26.0 0 0 0
2.172 0x00 idle 0 0 0 0 0 0.0 0.0 220 26.0 0 0 0
2.205 0x00 idle 0 0 0 0 0 0.0 0.0 220 26.0 0 0 0
2.252 0x00 idle 0 0 0 0 0 0.0 0.0 220 26.0 0 0 0
2.288 0x00 idle 0 0 0 0 0 0.0 0.0 220 26.0 0 0 0
2.328 0x00 idle 0 0 0 0 0 0.0 0.0 220 26.0 0 0 0
2.369 0x00 idle 0 0 0 0 0 0.0 0.0 220 26.0 0 0 0
2.405 0x00 idle 0 0 0 0 0 0.0 0.0 220 26.0 0 0 0
2.448 0x00 idle 0 0 0 0 0 0.0 0.0 220 26.0 0 0 0
2.485 0x00 idle 0 0 0 0 0 0.0 0.0 220 26.0 0 0 0
2.524 0x00 idle 0 0 0 0 0 0.0 0.0 220 26.0 0 0 0
2.567 0x00 idle 0 0 0 0 0 0.0 0.0 220 26.0 0 0 0
2.608 0x00 idle 0 0 0 0 0 0.0 0.0 220 26.0 0 0 0
2.645 0x00 idle 0 0 0 0 0 0.0 0.0 220 26.0 0 0 0
2.685 0x00 idle 0 0 0 0 0 0.0 0.0 220 26.0 0 0 0
2.728 0x00 idle 0 0 0 0 0 0.0 0.0 220 26.0 0 0 0
2.769 0x00 idle 0 0 0 0 0 0.0 0.0 220 26.0 0 0 0
2.808 0x00 idle 0 0 0 0 0 0.0 0.0 220 26.0 0 0 0
2.848 0x00 idle 0 0 0 0 0 0.0 0.0 220 26.0 0 0 0
2.887 0x00 idle 0 0 0 0 0 0.0 0.0 220 26.0 0 0 0
2.928 0x00 idle 0 0 0 0 0 0.0 0.0 220 26.0 0 0 0
2.969 0x00 idle 0 0 0 0 0 0.0 0.0 220 26.0 0 0 0
3.007 0x00 idle 0 0 0 0 0 0.0 0.0 220 26.0 0 0 0
3.049 0x00 idle 0 0 0 0 0 0.0 0.0 220 26.0 0 0 0
3.085 0x00 idle 0 0 0 0 0 0.0 0.0 220 26.0 0 0 0
3.125 0x00 idle 0 0 0 0 0 0.0 0.0 220 26.0 0 0 0
3.166 0x00 idle 0 0 0 0 0 0.0 0.0 220 26.0 0 0 0
3.205 0x00 idle 0 0 0 0 0 0.0 0.0 220 26.0 0 0 0
3.245 0x00 idle 0 0 0 0 0 0.0 0.0 220 26.0 0 0 0
3.289 0x00 idle 0 0 0 0 0 0.0 0.0 220 26.0 0 0 0
3.327 0x00 idle 0 0 0 0 0 0.0 0.0 220 26.0 0 0 0
3.365 0x00 idle 0 0 0 0 0 0.0 0.0 220 26.0 0 0 0
3.409 0x00 idle 0 0 0 0 0 0.0 0.0 220 26.0 0 0 0
3.447 0x00 idle 0 0 0 0 0 0.0 0.0 220 26.0 0 0 0
3.490 0x00 idle 0 0 0 0 0 0.0 0.0 220 26.0 0 0 0
3.531 0x00 idle 0 0 0 0 0 0.0 0.0 220 26.0 0 0 0
3.568 0x00 idle 0 0 0 0 0 0.0 0.0 220 26.0 0 0 0
3.616 0x00 idle 0 0 0 0 0 0.0 0.0 220 26.0 0 0 0
3.646 0x00 idle 0 0 0 0 0 0.0 0.0 220 26.0 0 0 0
3.687 0x00 idle 0 0 0 0 0 0.0 0.0 220 26.0 0 0 0
3.725 0x00 idle 0 0 0 0 0 0.0 0.0 220 26.0 0 0 0
3.766 0x00 idle 0 0 0 0 0 0.0 0.0 220 26.0 0 0 0
3.806 0x00 idle 0 0 0 0 0 0.0 0.0 220 26.0 0 0 0
3.845 0x00 idle 0 0 0 0 0 0.0 0.0 220 26.0 0 0 0
3.890 0x00 idle 0 0 0 0 0 0.0 0.0 220 26.0 0 0 0
3.927 0x00 idle 0 0 0 0 0 0.0 0.0 220 26.0 0 0 0
3.968 0x00 idle 0 0 0 0 0 0.0 0.0 220 26.0 0 0 0
4.008 0x00 idle 0 0 0 0 0 0.0 0.0 220 26.0 0 0 0
4.048 0x00 idle 0 0 0 0 0 0.0 0.0 220 26.0 0 0 0
4.090 0x00 idle 0 0 0 0 0 0.0 0.0 220 26.0 0 0 0
4.136 0x00 idle 0 0 0 0 0 0.0 0.0 220 26.0 0 0 0
4.170 0x00 idle 0 0 0 0 0 0.0 0.0 220 26.0 0 0 0
4.215 0x00 idle 0 0 0 0 0 0.0 0.0 220 26.0 0 0 0
4.245 0x00 idle 0 0 0 0 0 0.0 0.0 220 26.0 0 0 0
4.290 0x00 idle 0 0 0 0 0 0.0 0.0 220 26.0 0 0 0
4.327 0x00 idle 0 0 0 0 0 0.0 0.0 220 26.0 0 0 0
4.369 0x00 idle 0 0 0 0 0 0.0 0.0 220 26.0 0 0 0
4.412 0x00 idle 0 0 0 0 0 0.0 0.0 220 26.0 0 0 0
4.445 0x00 idle 0 0 0 0 0 0.0 0.0 220 26.0 0 0 0
4.486 0x00 idle 0 0 0 0 0 0.0 0.0 220 26.0 0 0 0
4.526 0x00 idle 0 0 0 0 0 0.0 0.0 220 26.0 0 0 0
4.567 0x00 idle 0 0 0 0 0 0.0 0.0 220 26.0 0 0 0
4.614 0x00 idle 0 0 0 0 0 0.0 0.0 220 26.0 0 0 0
4.650 0x00 idle 0 0 0 0 0 0.0 0.0 220 26.0 0 0 0
4.685 0x00 idle 0 0 0 0 0 0.0 0.0 220 26.0 0 0 0
4.729 0x00 idle 0 0 0 0 0 0.0 0.0 220 26.0 0 0 0
4.767 0x00 idle 0 0 0 0 0 0.0 0.0 220 26.0 0 0 0
4.806 0x00 idle 0 0 0 0 0 0.0 0.0 220 26.0 0 0 0
4.846 0x00 idle 0 0 0 0 0 0.0 0.0 220 26.0 0 0 0
4.887 0x00 idle 0 0 0 0 0 0.0 0.0 220 26.0 0 0 0
4.928 0x00 idle 0 0 0 0 0 0.0 0.0 220 26.0 0 0 0
4.965 0x00 idle 0 0 0 0 0 0.0 0.0 220 26.0 0 0 0
5.010 0x00 idle 0 0 0 0 0 0.0 0.0 220 26.0 0 0 0
5.045 0x00 idle 0 0 0 0 0 0.0 0.0 220 26.0 0 0 0
5.087 0x00 idle 0 0 0 0 0 0.0 0.0 220 26.0 0 0 0
5.131 0x00 idle 0 0 0 0 0 0.0 0.0 220 26.0 0 0 0
5.165 0x00 idle 0 0 0 0 0 0.0 0.0 220 26.0 0 0 0
5.205 0x00 idle 0 0 0 0 0 0.0 0.0 220 26.0 0 0 0
5.249 0x00 idle 0 0 0 0 0 0.0 0.0 220 26.0 0 0 0
5.289 0x00 idle 0 0 0 0 0 0.0 0.0 220 26.0 0 0 0
5.327 0x00 idle 0 0 0 0 0 0.0 0.0 220 26.0 0 0 0
5.366 0x00 idle 0 0 0 0 0 0.0 0.0 220 26.0 0 0 0
5.407 0x00 idle 0 0 0 0 0 0.0 0.0 220 26.0 0 0 0
5.447 0x00 idle 0 0 0 0 0 0.0 0.0 220 26.0 0 0 0
5.491 0x00 idle 0 0 0 0 0 0.0 0.0 220 26.0 0 0 0
5.530 0x00 idle 0 0 0 0 0 0.0 0.0 220 26.0 0 0 0
5.568 0x00 idle 0 0 0 0 0 0.0 0.0 220 26.0 0 0 0
5.604 0x00 idle 0 0 0 0 0 0.0 0.0 220 26.0 0 0 0
5.650 0x00 idle 0 0 0 0 0 0.0 0.0 220 26.0 0 0 0
5.685 0x00 idle 0 0 0 0 0 0.0 0.0 220 26.0 0 0 0
5.724 0x00 idle 0 0 0 0 0 0.0 0.0 220 26.0 0 0 0
5.767 0x00 idle 0 0 0 0 0 0.0 0.0 220 26.0 0 0 0
5.812 0x00 idle 0 0 0 0 0 0.0 0.0 220 26.0 0 0 0
5.847 0x00 idle 0 0 0 0 0 0.0 0.0 220 26.0 0 0 0
5.885 0x00 idle 0 0 0 0 0 0.0 0.0 220 26.0 0 0 0
5.930 0x00 idle 0 0 0 0 0 0.0 0.0 220 26.0 0 0 0
5.972 0x00 idle 0 0 0 0 0 0.0 0.0 220 26.0 0 0 0
6.010 0x00 idle 0 0 0 0 0 0.0 0.0 220 26.0 0 0 0
6.050 0x00 idle 0 0 0 0 0 0.0 0.0 220 26.0 0 0 0
6.096 0x00 idle 0 0 0 0 0 0.0 0.0 220 26.0 0 0 0
6.143 0x00 idle 0 0 0 0 0 0.0 0.0 220 26.0 0 0 0
6.172 0x00 idle 0 0 0 0 0 0.0 0.0 220 26.0 0 0 0
6.209 0x00 idle 0 0 0 0 0 0.0 0.0 220 26.0 0 0 0
6.246 0x00 idle 0 0 0 0 0 0.0 0.0 220 26.0 0 0 0
6.287 0x00 idle 0 0 0 0 0 0.0 0.0 220 26.0 0 0 0
6.328 0x00 idle 0 0 0 0 0 0.0 0.0 220 26.0 0 0 0
6.368 0x00 idle 0 0 0 0 0 0.0 0.0 220 26.0 0 0 0
6.410 0x00 idle 0 0 0 0 0 0.0 0.0 220 26.0 0 0 0
6.446 0x00 idle 0 0 0 0 0 0.0 0.0 220 26.0 0 0 0
6.490 0x00 idle 0 0 0 0 0 0.0 0.0 220 26.0 0 0 0
6.530 0x00 idle 0 0 0 0 0 0.0 0.0 220 26.0 0 0 0
6.569 0x00 idle 0 0 0 0 0 0.0 0.0 220 26.0 0 0 0
6.612 0x00 idle 0 0 0 0 0 0.0 0.0 220 26.0 0 0 0
6.644 0x00 idle 0 0 0 0 0 0.0 0.0 220 26.0 0 0 0
6.685 0x00 idle 0 0 0 0 0 0.0 0.0 220 26.0 0 0 0
6.728 0x00 idle 0 0 0 0 0 0.0 0.0 220 26.0 0 0 0
6.769 0x00 idle 0 0 0 0 0 0.0 0.0 220 26.0 0 0 0
6.805 0x00 idle 0 0 0 0 0 0.0 0.0 220 26.0 0 0 0
6.851 0x00 idle 0 0 0 0 0 0.0 0.0 220 26.0 0 0 0
6.886 0x00 idle 0 0 0 0 0 0.0 0.0 220 26.0 0 0 0
6.935 0x00 idle 0 0 0 0 0 0.0 0.0 220 26.0 0 0 0
6.969 0x00 idle 0 0 0 0 0 0.0 0.0 220 26.0 0 0 0
7.009 0x00 idle 0 0 0 0 0 0.0 0.0 220 26.0 0 0 0
7.047 0x00 idle 0 0 0 0 0 0.0 0.0 220 26.0 0 0 0
7.092 0x00 idle 0 0 0 0 0 0.0 0.0 220 26.0 0 0 0
7.130 0x00 idle 0 0 0 0 0 0.0 0.0 220 26.0 0 0 0
7.167 0x00 idle 0 0 0 0 0 0.0 0.0 220 26.0 0 0 0
7.212 0x00 idle 0 0 0 0 0 0.0 0.0 220 26.0 0 0 0
7.250 0x00 idle 0 0 0 0 0 0.0 0.0 220 26.0 0 0 0
7.286 0x00 idle 0 0 0 0 0 0.0 0.0 220 26.0 0 0 0
7.329 0x00 idle 0 0 0 0 0 0.0 0.0 220 26.0 0 0 0
7.365 0x00 idle 0 0 0 0 0 0.0 0.0 220 26.0 0 0 0
7.410 0x00 idle 0 0 0 0 0 0.0 0.0 220 26.0 0 0 0
7.448 0x00 idle 0 0 0 0 0 0.0 0.0 220 26.0 0 0 0
7.489 0x00 idle 0 0 0 0 0 0.0 0.0 220 26.0 0 0 0
7.529 0x00 idle 0 0 0 0 0 0.0 0.0 220 26.0 0 0 0
7.571 0x00 idle 0 0 0 0 0 0.0 0.0 220 26.0 0 0 0
7.608 0x00 idle 0 0 0 0 0 0.0 0.0 220 26.0 0 0 0
7.647 0x00 idle 0 0 0 0 0 0.0 0.0 220 26.0 0 0 0
7.691 0x00 idle 0 0 0 0 0 0.0 0.0 220 26.0 0 0 0
7.737 0x00 idle 0 0 0 0 0 0.0 0.0 220 26.0 0 0 0
7.764 0x00 idle 0 0 0 0 0 0.0 0.0 220 26.0 0 0 0
7.805 0x00 idle 0 0 0 0 0 0.0 0.0 220 26.0 0 0 0
7.844 0x00 idle 0 0 0 0 0 0.0 0.0 220 26.0 0 0 0
7.888 0x00 idle 0 0 0 0 0 0.0 0.0 220 26.0 0 0 0
7.929 0x00 idle 0 0 0 0 0 0.0 0.0 220 26.0 0 0 0
7.970 0x00 idle 0 0 0 0 0 0.0 0.0 220 26.0 0 0 0
8.010 0x00 idle 0 0 0 0 0 0.0 0.0 220 26.0 0 0 0
8.049 0x00 idle 0 0 0 0 0 0.0 0.0 220 26.0 0 0 0
8.088 0x00 idle 0 0 0 0 0 0.0 0.0 220 26.0 0 0 0
8.126 0x00 idle 0 0 0 0 0 0.0 0.0 220 26.0 0 0 0
8.169 0x00 idle 0 0 0 0 0 0.0 0.0 220 26.0 0 0 0
8.205 0x00 idle 0 0 0 0 0 0.0 0.0 220 26.0 0 0 0
8.251 0x00 idle 0 0 0 0 0 0.0 0.0 220 26.0 0 0 0
8.288 0x00 idle 0 0 0 0 0 0.0 0.0 220 26.0 0 0 0
8.331 0x00 idle 0 0 0 0 0 0.0 0.0 220 26.0 0 0 0
8.366 0x00 idle 0 0 0 0 0 0.0 0.0 220 26.0 0 0 0
8.408 0x00 idle 0 0 0 0 0 0.0 0.0 220 26.0 0 0 0
8.447 0x00 idle 0 0 0 0 0 0.0 0.0 220 26.0 0 0 0
8.486 0x00 idle 0 0 0 0 0 0.0 0.0 220 26.0 0 0 0
8.532 0x00 idle 0 0 0 0 0 0.0 0.0 220 26.0 0 0 0
8.567 0x00 idle 0 0 0 0 0 0.0 0.0 220 26.0 0 0 0
8.605 0x00 idle 0 0 0 0 0 0.0 0.0 220 26.0 0 0 0
8.648 0x00 idle 0 0 0 0 0 0.0 0.0 220 26.0 0 0 0
8.684 0x00 idle 0 0 0 0 0 0.0 0.0 220 26.0 0 0 0
8.730 0x00 idle 0 0 0 0 0 0.0 0.0 220 26.0 0 0 0
8.768 0x00 idle 0 0 0 0 0 0.0 0.0 220 26.0 0 0 0
8.805 0x00 idle 0 0 0 0 0 0.0 0.0 220 26.0 0 0 0
8.845 0x00 idle 0 0 0 0 0 0.0 0.0 220 26.0 0 0 0
8.888 0x00 idle 0 0 0 0 0 0.0 0.0 220 26.0 0 0 0
8.926 0x00 idle 0 0 0 0 0 0.0 0.0 220 26.0 0 0 0
8.967 0x00 idle 0 0 0 0 0 0.0 0.0 220 26.0 0 0 0
9.009 0x00 idle 0 0 0 0 0 0.0 0.0 220 26.0 0 0 0
9.047 0x00 idle 0 0 0 0 0 0.0 0.0 220 26.0 0 0 0
9.091 0x00 idle 0 0 0 0 0 0.0 0.0 220 26.0 0 0 0
9.126 0x00 idle 0 0 0 0 0 0.0 0.0 220 26.0 0 0 0
9.165 0x00 idle 0 0 0 0 0 0.0 0.0 220 26.0 0 0 0
9.211 0x00 idle 0 0 0 0 0 0.0 0.0 220 26.0 0 0 0
9.245 0x00 idle 0 0 0 0 0 0.0 0.0 220 26.0 0 0 0
9.284 0x00 idle 0 0 0 0 0 0.0 0.0 220 26.0 0 0 0
9.324 0x00 idle 0 0 0 0 0 0.0 0.0 220 26.0 0 0 0
9.365 0x00 idle 0 0 0 0 0 0.0 0.0 220 26.0 0 0 0
9.413 0x00 idle 0 0 0 0 0 0.0 0.0 220 26.0 0 0 0

[tcp_trajectory]
elapsed_s x_m y_m z_m qx qy qz qw speed_m_s tf_stamp_s along_mm remaining_mm cross_track_mm progress waypoint phase
0.0010 -0.0196034 -1.6828705 0.6763727 -0.43787305 0.63190362 -0.52963422 -0.35840286 0.000000 1789621369.679829359 0.006 53.498 0.486 0.00000 -1 ACTUAL_TF
0.0446 -0.0195939 -1.6829333 0.6762309 -0.43788474 0.63189252 -0.52964361 -0.35839426 0.002771 1789621369.735883236 0.003 53.501 0.336 0.00000 -1 ACTUAL_TF
0.1047 -0.0195854 -1.6829783 0.6761498 -0.43789490 0.63188378 -0.52965028 -0.35838740 0.002439 1789621369.791880131 0.004 53.500 0.252 0.00000 -1 ACTUAL_TF
0.1626 -0.0195841 -1.6830000 0.6761092 -0.43789957 0.63188115 -0.52965176 -0.35838414 0.001954 1789621369.847879887 0.002 53.503 0.214 0.00000 -1 ACTUAL_TF
0.2219 -0.0195844 -1.6830146 0.6760773 -0.43790274 0.63188087 -0.52965161 -0.35838098 0.001555 1789621369.904212475 -0.001 53.506 0.185 0.00000 -1 ACTUAL_TF
0.2668 -0.0195874 -1.6830168 0.6760545 -0.43790768 0.63188343 -0.52964683 -0.35837751 0.001212 1789621369.960062265 -0.006 53.511 0.164 0.00000 -1 ACTUAL_TF
0.3226 -0.0195862 -1.6830203 0.6760393 -0.43791041 0.63188617 -0.52964402 -0.35837349 0.000933 1789621370.015888691 -0.006 53.511 0.151 0.00000 -1 ACTUAL_TF
0.3928 -0.0195829 -1.6830232 0.6760292 -0.43791376 0.63188695 -0.52964182 -0.35837126 0.000712 1789621370.071892738 -0.004 53.508 0.142 0.00000 -1 ACTUAL_TF
0.4406 -0.0195856 -1.6830223 0.6760211 -0.43791568 0.63189006 -0.52963818 -0.35836882 0.000544 1789621370.127840519 -0.007 53.511 0.135 0.00000 -1 ACTUAL_TF
0.4950 -0.0195869 -1.6830191 0.6760166 -0.43791671 0.63189074 -0.52963672 -0.35836850 0.000412 1789621370.183838844 -0.008 53.513 0.129 0.00000 -1 ACTUAL_TF
0.5516 -0.0195994 -1.6829905 0.6759812 -0.43794270 0.63190634 -0.52960099 -0.35836204 0.000541 1789621370.239933014 -0.022 53.527 0.087 0.00000 -1 ACTUAL_TF
0.6074 -0.0195278 -1.6832205 0.6761347 -0.43800913 0.63196921 -0.52947670 -0.35835366 0.001908 1789621370.295968771 0.052 53.453 0.344 0.00000 -1 ACTUAL_TF
0.6631 -0.0192348 -1.6838562 0.6767501 -0.43798195 0.63199159 -0.52946513 -0.35836450 0.006324 1789621370.352012873 0.365 53.140 1.222 0.00000 -1 ACTUAL_TF
0.7199 -0.0187727 -1.6845011 0.6774368 -0.43798416 0.63200426 -0.52946059 -0.35834616 0.010063 1789621370.407871008 0.852 52.653 2.151 0.00000 -1 ACTUAL_TF
0.7755 -0.0185228 -1.6848403 0.6777999 -0.43798654 0.63200677 -0.52945966 -0.35834021 0.010024 1789621370.463860750 1.114 52.390 2.641 0.00000 -1 ACTUAL_TF
0.8307 -0.0183279 -1.6850977 0.6780784 -0.43798591 0.63200465 -0.52946388 -0.35833848 0.009301 1789621370.519865274 1.319 52.185 3.015 0.00000 -1 ACTUAL_TF
0.8853 -0.0182048 -1.6852516 0.6782503 -0.43799601 0.63199847 -0.52946291 -0.35833848 0.007912 1789621370.575850725 1.449 52.056 3.242 0.00000 -1 ACTUAL_TF
0.9432 -0.0181428 -1.6853169 0.6783231 -0.43799248 0.63200206 -0.52946033 -0.35834026 0.006159 1789621370.631824017 1.513 51.991 3.338 0.00000 -1 ACTUAL_TF
0.9996 -0.0179465 -1.6852959 0.6783429 -0.43799309 0.63199309 -0.52946885 -0.35834275 0.005374 1789621370.687841654 1.711 51.793 3.332 0.00000 -1 ACTUAL_TF
1.0597 -0.0175755 -1.6851957 0.6783424 -0.43798588 0.63197209 -0.52948060 -0.35837124 0.005820 1789621370.743865490 2.085 51.420 3.251 0.00000 -1 ACTUAL_TF
1.1125 -0.0170259 -1.6846230 0.6778531 -0.43801935 0.63192603 -0.52948400 -0.35840653 0.009068 1789621370.799880743 2.618 50.886 2.487 0.00000 -1 ACTUAL_TF
1.1656 -0.0164919 -1.6837747 0.6770298 -0.43807366 0.63192295 -0.52945567 -0.35838742 0.013290 1789621370.855934620 3.122 50.383 1.291 0.00000 -1 ACTUAL_TF
1.2247 -0.0158342 -1.6826878 0.6760070 -0.43808368 0.63192656 -0.52944282 -0.35838778 0.018046 1789621370.911896706 3.744 49.761 0.217 0.00000 -1 ACTUAL_TF
1.2808 -0.0151213 -1.6817195 0.6751288 -0.43808372 0.63190623 -0.52946973 -0.35838384 0.020606 1789621370.967914104 4.426 49.079 1.540 0.00000 -1 ACTUAL_TF
1.3382 -0.0146988 -1.6811458 0.6746155 -0.43804666 0.63190894 -0.52948555 -0.35840099 0.019131 1789621371.023883104 4.831 48.673 2.319 0.00000 -1 ACTUAL_TF
1.3951 -0.0142907 -1.6806548 0.6741761 -0.43802401 0.63189137 -0.52953519 -0.35838631 0.017546 1789621371.079849005 5.224 48.280 2.987 0.00000 -1 ACTUAL_TF
1.4494 -0.0141477 -1.6804063 0.6739424 -0.43800963 0.63189980 -0.52953192 -0.35839386 0.014264 1789621371.135854244 5.359 48.146 3.331 0.00000 -1 ACTUAL_TF
1.5051 -0.0140113 -1.6802541 0.6738101 -0.43799216 0.63189401 -0.52955276 -0.35839461 0.011289 1789621371.191836357 5.491 48.014 3.536 0.00000 -1 ACTUAL_TF
1.5597 -0.0139265 -1.6801647 0.6737305 -0.43799582 0.63189509 -0.52955624 -0.35838311 0.008688 1789621371.247867107 5.573 47.932 3.658 0.00000 -1 ACTUAL_TF
1.6165 -0.0138193 -1.6801498 0.6737274 -0.43798659 0.63189145 -0.52956684 -0.35838512 0.006662 1789621371.303853273 5.680 47.825 3.673 0.00000 -1 ACTUAL_TF
1.6720 -0.0136900 -1.6801823 0.6737388 -0.43796746 0.63189771 -0.52957029 -0.35839238 0.005380 1789621371.359833479 5.809 47.696 3.645 0.00000 -1 ACTUAL_TF
1.7273 -0.0132980 -1.6805165 0.6740618 -0.43794343 0.63197624 -0.52955541 -0.35830525 0.007020 1789621371.415889502 6.210 47.294 3.191 0.00000 -1 ACTUAL_TF
1.7814 -0.0127146 -1.6815002 0.6751038 -0.43792100 0.63196941 -0.52958421 -0.35830213 0.013204 1789621371.471877098 6.831 46.673 1.774 0.00000 -1 ACTUAL_TF
1.8375 -0.0122929 -1.6822468 0.6758908 -0.43796456 0.63199268 -0.52952155 -0.35830047 0.015477 1789621371.527888775 7.281 46.224 0.702 0.00000 -1 ACTUAL_TF
1.8967 -0.0117017 -1.6832581 0.6769841 -0.43793211 0.63198209 -0.52955098 -0.35831532 0.019421 1789621371.583869457 7.912 45.592 0.774 0.00000 -1 ACTUAL_TF
1.9533 -0.0112116 -1.6839556 0.6777493 -0.43791925 0.63197613 -0.52957766 -0.35830211 0.019730 1789621371.639878988 8.430 45.074 1.795 0.00000 -1 ACTUAL_TF
2.0117 -0.0108437 -1.6844393 0.6782509 -0.43795396 0.63201359 -0.52952353 -0.35827361 0.018035 1789621371.695839167 8.816 44.689 2.482 0.00000 -1 ACTUAL_TF
2.0573 -0.0106219 -1.6847771 0.6786243 -0.43795330 0.63200536 -0.52953065 -0.35827841 0.015572 1789621371.751845598 9.051 44.453 2.979 0.00000 -1 ACTUAL_TF
2.1178 -0.0104664 -1.6849645 0.6788268 -0.43796823 0.63201740 -0.52951197 -0.35826655 0.012597 1789621371.807840824 9.214 44.291 3.251 0.00000 -1 ACTUAL_TF
2.1780 -0.0104025 -1.6850441 0.6789038 -0.43797534 0.63202360 -0.52950095 -0.35826319 0.009504 1789621371.863773823 9.280 44.224 3.360 0.00000 -1 ACTUAL_TF
2.2347 -0.0103329 -1.6850911 0.6789610 -0.43797331 0.63202406 -0.52949838 -0.35826865 0.007197 1789621371.919831753 9.352 44.153 3.432 0.00000 -1 ACTUAL_TF
2.2906 -0.0100970 -1.6850488 0.6789746 -0.43796072 0.63201850 -0.52950367 -0.35828604 0.006324 1789621371.975814819 9.590 43.915 3.405 0.00000 -1 ACTUAL_TF
2.3447 -0.0096108 -1.6848966 0.6789500 -0.43798389 0.63195720 -0.52954664 -0.35830234 0.007158 1789621372.031828880 10.078 43.427 3.268 0.00000 -1 ACTUAL_TF
2.3995 -0.0091253 -1.6842592 0.6783885 -0.43798002 0.63191288 -0.52955656 -0.35837055 0.010249 1789621372.087866545 10.545 42.960 2.409 0.00000 -1 ACTUAL_TF
2.4542 -0.0085329 -1.6832731 0.6774245 -0.43803569 0.63189679 -0.52953746 -0.35835911 0.015210 1789621372.143900871 11.102 42.403 1.015 0.00000 -1 ACTUAL_TF
2.5189 -0.0078282 -1.6822170 0.6764532 -0.43804800 0.63187364 -0.52955294 -0.35836201 0.019225 1789621372.199803591 11.773 41.732 0.437 0.00000 -1 ACTUAL_TF
2.5665 -0.0073609 -1.6814461 0.6757371 -0.43802451 0.63190248 -0.52953047 -0.35837309 0.019614 1789621372.255904436 12.215 41.290 1.499 0.00000 -1 ACTUAL_TF
2.6232 -0.0068341 -1.6807538 0.6751040 -0.43802882 0.63189079 -0.52954337 -0.35836937 0.019496 1789621372.311886549 12.720 40.785 2.449 0.00000 -1 ACTUAL_TF
2.6781 -0.0065287 -1.6803346 0.6747111 -0.43801566 0.63190384 -0.52954603 -0.35835851 0.017135 1789621372.367858171 13.011 40.494 3.031 0.00000 -1 ACTUAL_TF
2.7326 -0.0063555 -1.6801363 0.6745347 -0.43799750 0.63190228 -0.52956672 -0.35835287 0.013691 1789621372.423881769 13.178 40.326 3.300 0.00000 -1 ACTUAL_TF
2.7871 -0.0062417 -1.6799712 0.6743785 -0.43798692 0.63191069 -0.52956971 -0.35834657 0.010947 1789621372.479829073 13.286 40.218 3.530 0.00000 -1 ACTUAL_TF
2.8421 -0.0061804 -1.6799071 0.6743228 -0.43798691 0.63190611 -0.52957367 -0.35834879 0.008224 1789621372.535859585 13.346 40.159 3.617 0.00000 -1 ACTUAL_TF
2.8983 -0.0060659 -1.6799113 0.6743306 -0.43797751 0.63189737 -0.52958780 -0.35835482 0.006371 1789621372.591865778 13.460 40.044 3.611 0.00000 -1 ACTUAL_TF
2.9648 -0.0059067 -1.6799604 0.6743471 -0.43796708 0.63193651 -0.52956342 -0.35833457 0.005354 1789621372.648030281 13.618 39.886 3.568 0.00000 -1 ACTUAL_TF
3.0119 -0.0054689 -1.6804984 0.6749178 -0.43791434 0.63196812 -0.52959481 -0.35829689 0.008556 1789621372.704077482 14.076 39.428 2.796 0.00000 -1 ACTUAL_TF
3.0688 -0.0050437 -1.6812176 0.6756770 -0.43792521 0.63196761 -0.52958653 -0.35829674 0.012060 1789621372.759863615 14.529 38.976 1.762 0.00000 -1 ACTUAL_TF
3.1295 -0.0044394 -1.6822932 0.6768038 -0.43792344 0.63198056 -0.52957591 -0.35829175 0.017370 1789621372.816009760 15.173 38.332 0.223 0.00000 -1 ACTUAL_TF
3.1872 -0.0038388 -1.6832216 0.6777914 -0.43792107 0.63200262 -0.52956698 -0.35826894 0.020125 1789621372.871841908 15.809 37.696 1.120 0.00000 -1 ACTUAL_TF
3.2361 -0.0033657 -1.6838923 0.6785550 -0.43790165 0.63197301 -0.52961486 -0.35827414 0.020094 1789621372.927828312 16.311 37.194 2.121 0.00000 -1 ACTUAL_TF
3.2953 -0.0030305 -1.6843438 0.6790521 -0.43792107 0.63197552 -0.52959775 -0.35827127 0.018089 1789621372.983796358 16.664 36.840 2.783 0.00000 -1 ACTUAL_TF
3.3498 -0.0028742 -1.6845420 0.6792556 -0.43793230 0.63198632 -0.52957947 -0.35826551 0.014398 1789621373.039863348 16.828 36.677 3.063 0.00000 -1 ACTUAL_TF
3.4067 -0.0027444 -1.6847274 0.6794545 -0.43793532 0.63198261 -0.52957961 -0.35826815 0.011693 1789621373.095858574 16.965 36.540 3.332 0.00000 -1 ACTUAL_TF
3.4667 -0.0026794 -1.6847974 0.6795255 -0.43795133 0.63199172 -0.52956116 -0.35825978 0.008822 1789621373.151866913 17.032 36.473 3.430 0.00000 -1 ACTUAL_TF
3.5184 -0.0026010 -1.6848217 0.6795597 -0.43794629 0.63199318 -0.52955661 -0.35827011 0.006652 1789621373.207840204 17.112 36.393 3.469 0.00000 -1 ACTUAL_TF
3.5767 -0.0023249 -1.6847683 0.6795732 -0.43795123 0.63197584 -0.52957208 -0.35827178 0.006165 1789621373.263804197 17.390 36.115 3.434 0.00000 -1 ACTUAL_TF
3.6265 -0.0018244 -1.6844977 0.6794229 -0.43796534 0.63191886 -0.52959091 -0.35832720 0.007469 1789621373.319797277 17.888 35.617 3.124 0.00000 -1 ACTUAL_TF
3.6846 -0.0012549 -1.6836623 0.6786437 -0.43801120 0.63190217 -0.52956413 -0.35834016 0.012061 1789621373.375840664 18.430 35.075 1.969 0.00000 -1 ACTUAL_TF
3.7425 -0.0007557 -1.6828312 0.6778347 -0.43799208 0.63191694 -0.52954895 -0.35835992 0.015214 1789621373.431787252 18.899 34.605 0.797 0.00000 -1 ACTUAL_TF
3.8012 -0.0000017 -1.6816484 0.6767211 -0.43804989 0.63191315 -0.52952969 -0.35832440 0.020235 1789621373.487842560 19.614 33.891 0.846 0.00000 -1 ACTUAL_TF
3.8594 0.0004890 -1.6809889 0.6761374 -0.43800643 0.63189233 -0.52956648 -0.35835987 0.019567 1789621373.543823004 20.085 33.420 1.738 0.00000 -1 ACTUAL_TF
3.9060 0.0008918 -1.6803634 0.6755570 -0.43800207 0.63189318 -0.52956232 -0.35836984 0.018749 1789621373.599848270 20.467 33.037 2.600 0.00000 -1 ACTUAL_TF
3.9636 0.0011341 -1.6800508 0.6752675 -0.43800066 0.63188044 -0.52957875 -0.35836976 0.015748 1789621373.655902863 20.699 32.805 3.032 0.00000 -1 ACTUAL_TF
4.0231 0.0013064 -1.6798199 0.6750608 -0.43798859 0.63188041 -0.52958926 -0.35836903 0.012928 1789621373.711771965 20.865 32.640 3.346 0.00000 -1 ACTUAL_TF
4.0813 0.0014113 -1.6796916 0.6749487 -0.43798245 0.63188142 -0.52959570 -0.35836524 0.010119 1789621373.767879725 20.966 32.539 3.518 0.00000 -1 ACTUAL_TF
4.1329 0.0014603 -1.6796418 0.6749023 -0.43797299 0.63188537 -0.52959736 -0.35836736 0.007532 1789621373.823905706 21.013 32.492 3.587 0.00000 -1 ACTUAL_TF
4.1905 0.0015944 -1.6796667 0.6749202 -0.43795471 0.63187762 -0.52961595 -0.35837590 0.006010 1789621373.879905701 21.147 32.358 3.560 0.00000 -1 ACTUAL_TF
4.2446 0.0018141 -1.6797809 0.6749967 -0.43794688 0.63194157 -0.52958097 -0.35832439 0.005594 1789621373.935952425 21.367 32.137 3.431 0.00000 -1 ACTUAL_TF
4.3064 0.0022915 -1.6804354 0.6756699 -0.43793446 0.63197993 -0.52957230 -0.35828474 0.009568 1789621373.991851091 21.868 31.637 2.505 0.00000 -1 ACTUAL_TF
4.3547 0.0027680 -1.6812551 0.6765729 -0.43790866 0.63198008 -0.52960002 -0.35827504 0.013706 1789621374.047906876 22.378 31.127 1.299 0.00000 -1 ACTUAL_TF
4.4112 0.0033405 -1.6822313 0.6775880 -0.43789985 0.63198196 -0.52960511 -0.35827495 0.017742 1789621374.103876829 22.986 30.518 0.101 0.00000 -1 ACTUAL_TF
4.4677 0.0038456 -1.6830517 0.6784926 -0.43788373 0.63196786 -0.52962675 -0.35828755 0.019455 1789621374.160232306 23.525 29.980 1.301 0.00000 -1 ACTUAL_TF
4.5309 0.0043820 -1.6837761 0.6792644 -0.43788643 0.63197881 -0.52963025 -0.35825977 0.019998 1789621374.216033459 24.089 29.416 2.345 0.00000 -1 ACTUAL_TF
4.5803 0.0046600 -1.6841439 0.6796475 -0.43790930 0.63200458 -0.52959098 -0.35824439 0.017220 1789621374.271862268 24.380 29.125 2.869 0.00000 -1 ACTUAL_TF
4.6394 0.0048046 -1.6843529 0.6798761 -0.43791977 0.63201103 -0.52957526 -0.35824346 0.013885 1789621374.327864647 24.533 28.972 3.175 0.00000 -1 ACTUAL_TF
4.6976 0.0048993 -1.6844662 0.6799898 -0.43793347 0.63202096 -0.52955568 -0.35823812 0.010714 1789621374.384068012 24.631 28.873 3.333 0.00000 -1 ACTUAL_TF
4.7552 0.0049565 -1.6845394 0.6800689 -0.43793819 0.63201388 -0.52955603 -0.35824434 0.008157 1789621374.439770222 24.692 28.813 3.439 0.00000 -1 ACTUAL_TF
4.8129 0.0050887 -1.6845460 0.6801010 -0.43793381 0.63200837 -0.52955987 -0.35825373 0.006438 1789621374.495911360 24.825 28.679 3.463 0.00000 -1 ACTUAL_TF
4.8616 0.0054248 -1.6844736 0.6801153 -0.43793432 0.63199041 -0.52957579 -0.35826126 0.006352 1789621374.551852703 25.164 28.341 3.413 0.00000 -1 ACTUAL_TF
4.9193 0.0059702 -1.6840840 0.6798368 -0.43796721 0.63192845 -0.52958472 -0.35831714 0.008331 1789621374.607899666 25.702 27.803 2.927 0.00000 -1 ACTUAL_TF
4.9765 0.0064012 -1.6833584 0.6791697 -0.43794631 0.63191434 -0.52958690 -0.35836436 0.011594 1789621374.663905621 26.110 27.395 1.932 0.00000 -1 ACTUAL_TF
5.0334 0.0070243 -1.6823209 0.6782013 -0.43794765 0.63188778 -0.52959321 -0.35840022 0.016439 1789621374.719775915 26.699 26.806 0.501 0.00000 -1 ACTUAL_TF
5.0925 0.0077281 -1.6812230 0.6771644 -0.43799305 0.63188298 -0.52957679 -0.35837746 0.020422 1789621374.775846243 27.366 26.139 1.030 0.00000 -1 ACTUAL_TF
5.1402 0.0082642 -1.6805251 0.6765018 -0.43800643 0.63189846 -0.52956621 -0.35834945 0.020193 1789621374.831880093 27.878 25.627 2.004 0.00000 -1 ACTUAL_TF
5.2017 0.0086278 -1.6799700 0.6759829 -0.43800155 0.63190264 -0.52956214 -0.35835407 0.018653 1789621374.887819052 28.223 25.282 2.772 0.00000 -1 ACTUAL_TF
5.2581 0.0088624 -1.6796833 0.6757163 -0.43801432 0.63189493 -0.52956947 -0.35834123 0.015503 1789621374.943808556 28.448 25.057 3.169 0.00000 -1 ACTUAL_TF
5.3092 0.0089895 -1.6794919 0.6755405 -0.43800589 0.63189702 -0.52956913 -0.35834833 0.012401 1789621374.999823809 28.569 24.936 3.432 0.00000 -1 ACTUAL_TF
5.3693 0.0090457 -1.6793994 0.6754543 -0.43799505 0.63189963 -0.52957314 -0.35835106 0.009421 1789621375.055882692 28.622 24.882 3.560 0.00000 -1 ACTUAL_TF
5.4297 0.0091051 -1.6793519 0.6754120 -0.43798519 0.63190540 -0.52957127 -0.35835569 0.007062 1789621375.111827135 28.680 24.824 3.625 0.00000 -1 ACTUAL_TF
5.4785 0.0092550 -1.6793815 0.6754231 -0.43796721 0.63190844 -0.52957977 -0.35835976 0.005763 1789621375.167858362 28.829 24.675 3.600 0.00000 -1 ACTUAL_TF
5.5385 0.0095265 -1.6796308 0.6756558 -0.43792779 0.63197747 -0.52956649 -0.35830581 0.006366 1789621375.223924637 29.108 24.397 3.266 0.00000 -1 ACTUAL_TF
5.5967 0.0100391 -1.6804389 0.6765278 -0.43788518 0.63196448 -0.52961699 -0.35830616 0.011399 1789621375.279869080 29.652 23.853 2.091 0.00000 -1 ACTUAL_TF
5.6437 0.0105345 -1.6813085 0.6774621 -0.43785532 0.63195674 -0.52965521 -0.35829981 0.015319 1789621375.335832119 30.181 23.323 0.829 0.00000 -1 ACTUAL_TF
5.7015 0.0111382 -1.6823088 0.6785484 -0.43785829 0.63197152 -0.52964442 -0.35828608 0.019274 1789621375.391801357 30.825 22.680 0.631 0.00000 -1 ACTUAL_TF
5.7621 0.0116091 -1.6830183 0.6792643 -0.43785107 0.63199115 -0.52963619 -0.35827244 0.019451 1789621375.447816849 31.320 22.185 1.627 0.00000 -1 ACTUAL_TF
5.8166 0.0120491 -1.6835826 0.6798856 -0.43789169 0.63199232 -0.52960714 -0.35826365 0.018692 1789621375.503816366 31.783 21.722 2.454 0.00000 -1 ACTUAL_TF
5.8759 0.0122751 -1.6839183 0.6802580 -0.43788855 0.63198971 -0.52960934 -0.35826885 0.016022 1789621375.559988976 32.023 21.482 2.949 0.00000 -1 ACTUAL_TF
5.9276 0.0124476 -1.6841256 0.6804727 -0.43791543 0.63199771 -0.52958412 -0.35825917 0.013066 1789621375.615843296 32.202 21.302 3.243 0.00000 -1 ACTUAL_TF
5.9937 0.0125435 -1.6842391 0.6805933 -0.43792894 0.63200212 -0.52957093 -0.35825437 0.010168 1789621375.672056913 32.303 21.202 3.406 0.00000 -1 ACTUAL_TF
6.0403 0.0125950 -1.6842897 0.6806452 -0.43793142 0.63200770 -0.52956291 -0.35825335 0.007595 1789621375.727935314 32.356 21.149 3.477 0.00000 -1 ACTUAL_TF
6.1040 0.0127841 -1.6842552 0.6806577 -0.43793154 0.63200067 -0.52956673 -0.35825997 0.006348 1789621375.783941031 32.546 20.958 3.457 0.00000 -1 ACTUAL_TF
6.1501 0.0132055 -1.6841296 0.6806443 -0.43791839 0.63198057 -0.52957963 -0.35829243 0.006804 1789621375.839858532 32.970 20.535 3.348 0.00000 -1 ACTUAL_TF
6.2065 0.0136455 -1.6837273 0.6803383 -0.43793274 0.63190884 -0.52960680 -0.35836123 0.008349 1789621375.895923138 33.401 20.104 2.836 0.00000 -1 ACTUAL_TF
6.2638 0.0143187 -1.6826572 0.6793023 -0.43798809 0.63190869 -0.52958220 -0.35833021 0.014613 1789621375.951840878 34.037 19.468 1.330 0.00000 -1 ACTUAL_TF
6.3219 0.0148919 -1.6817252 0.6784259 -0.43799216 0.63190751 -0.52957922 -0.35833171 0.017742 1789621376.007817984 34.579 18.926 0.047 0.00000 -1 ACTUAL_TF
6.3741 0.0155390 -1.6807274 0.6774778 -0.43801158 0.63190269 -0.52956494 -0.35833759 0.020546 1789621376.063966513 35.192 18.313 1.355 0.00000 -1 ACTUAL_TF
6.4354 0.0159584 -1.6801006 0.6769174 -0.43800058 0.63189792 -0.52956715 -0.35835616 0.019421 1789621376.119903326 35.592 17.912 2.205 0.00000 -1 ACTUAL_TF
6.4964 0.0163113 -1.6796382 0.6764919 -0.43798513 0.63189707 -0.52957960 -0.35835815 0.017454 1789621376.175932646 35.930 17.575 2.841 0.00000 -1 ACTUAL_TF
6.5438 0.0164825 -1.6793848 0.6762628 -0.43797771 0.63189380 -0.52958924 -0.35835874 0.014265 1789621376.231916904 36.094 17.411 3.187 0.00000 -1 ACTUAL_TF
6.6064 0.0166225 -1.6792080 0.6760976 -0.43797290 0.63189109 -0.52959651 -0.35835865 0.011482 1789621376.287976742 36.228 17.277 3.432 0.00000 -1 ACTUAL_TF
6.6514 0.0166848 -1.6791086 0.6760088 -0.43796514 0.63189111 -0.52959749 -0.35836665 0.008826 1789621376.343957663 36.287 17.218 3.567 0.00000 -1 ACTUAL_TF
6.7054 0.0167649 -1.6791010 0.6760064 -0.43795784 0.63188839 -0.52960608 -0.35836768 0.006609 1789621376.399913311 36.367 17.138 3.576 0.00000 -1 ACTUAL_TF
6.7730 0.0169444 -1.6791652 0.6760440 -0.43793464 0.63190312 -0.52961267 -0.35836032 0.005665 1789621376.456039429 36.546 16.958 3.508 0.00000 -1 ACTUAL_TF
6.8207 0.0172654 -1.6794902 0.6763663 -0.43789410 0.63196613 -0.52961205 -0.35829966 0.006968 1789621376.511905432 36.878 16.627 3.059 0.00000 -1 ACTUAL_TF
6.8817 0.0177923 -1.6803516 0.6772809 -0.43786486 0.63196555 -0.52964259 -0.35829127 0.012177 1789621376.567901373 37.437 16.067 1.817 0.00000 -1 ACTUAL_TF
6.9398 0.0183020 -1.6812323 0.6782343 -0.43785762 0.63196190 -0.52965721 -0.35828494 0.015993 1789621376.623909950 37.982 15.523 0.533 0.00000 -1 ACTUAL_TF
6.9865 0.0189139 -1.6822330 0.6792848 -0.43785334 0.63196867 -0.52965503 -0.35828146 0.019639 1789621376.679848433 38.631 14.874 0.902 0.00000 -1 ACTUAL_TF
7.0471 0.0193787 -1.6828700 0.6799765 -0.43788211 0.63198362 -0.52962946 -0.35825771 0.019364 1789621376.735873461 39.121 14.384 1.830 0.00000 -1 ACTUAL_TF
7.1029 0.0197516 -1.6833862 0.6805320 -0.43790162 0.63200856 -0.52959548 -0.35824012 0.018078 1789621376.791929245 39.514 13.991 2.578 0.00000 -1 ACTUAL_TF
7.1636 0.0199809 -1.6836968 0.6808603 -0.43791921 0.63200785 -0.52958070 -0.35824171 0.015376 1789621376.847790956 39.755 13.750 3.023 0.00000 -1 ACTUAL_TF
7.2153 0.0200956 -1.6838582 0.6810336 -0.43792322 0.63200662 -0.52957732 -0.35824397 0.012173 1789621376.903799057 39.875 13.629 3.257 0.00000 -1 ACTUAL_TF
7.2758 0.0201782 -1.6839648 0.6811444 -0.43793960 0.63200746 -0.52956188 -0.35824529 0.009447 1789621376.960346937 39.962 13.543 3.409 0.00000 -1 ACTUAL_TF
7.3241 0.0202255 -1.6839988 0.6811839 -0.43793996 0.63201521 -0.52954896 -0.35825028 0.006993 1789621377.015918732 40.011 13.494 3.460 0.00000 -1 ACTUAL_TF
7.3797 0.0204464 -1.6839565 0.6811983 -0.43792600 0.63201003 -0.52955546 -0.35826688 0.006103 1789621377.071862221 40.233 13.271 3.434 0.00000 -1 ACTUAL_TF
7.4372 0.0208784 -1.6838024 0.6811551 -0.43794224 0.63197208 -0.52957841 -0.35828006 0.006740 1789621377.127882481 40.667 12.838 3.284 0.00000 -1 ACTUAL_TF
7.4966 0.0214721 -1.6831435 0.6805862 -0.43798721 0.63191649 -0.52958249 -0.35831710 0.010365 1789621377.183851957 41.241 12.263 2.401 0.00000 -1 ACTUAL_TF
7.5537 0.0221348 -1.6821802 0.6796948 -0.43797243 0.63189586 -0.52960875 -0.35833272 0.015140 1789621377.239800930 41.873 11.632 1.074 0.00000 -1 ACTUAL_TF
7.6078 0.0226100 -1.6812416 0.6787929 -0.43795323 0.63191275 -0.52958665 -0.35835907 0.018013 1789621377.295861721 42.316 11.189 0.243 0.00000 -1 ACTUAL_TF
7.6684 0.0233645 -1.6802640 0.6778982 -0.43798774 0.63187915 -0.52961159 -0.35833929 0.020773 1789621377.351902485 43.039 10.466 1.583 0.00000 -1 ACTUAL_TF
7.7213 0.0236605 -1.6796805 0.6773276 -0.43798102 0.63190711 -0.52957107 -0.35835808 0.019196 1789621377.407852173 43.314 10.191 2.406 0.00000 -1 ACTUAL_TF
7.7735 0.0239895 -1.6792619 0.6769379 -0.43798691 0.63189972 -0.52957716 -0.35835491 0.016966 1789621377.463944912 43.629 9.875 2.986 0.00000 -1 ACTUAL_TF
7.8314 0.0241584 -1.6790259 0.6767199 -0.43799607 0.63189955 -0.52957635 -0.35834521 0.013822 1789621377.519890308 43.790 9.714 3.311 0.00000 -1 ACTUAL_TF
7.8870 0.0242614 -1.6789071 0.6766200 -0.43797156 0.63189496 -0.52959560 -0.35835482 0.010674 1789621377.575872898 43.890 9.614 3.468 0.00000 -1 ACTUAL_TF
7.9454 0.0243309 -1.6788120 0.6765326 -0.43797196 0.63189890 -0.52959194 -0.35835279 0.008257 1789621377.631894588 43.957 9.548 3.599 0.00000 -1 ACTUAL_TF
8.0046 0.0244085 -1.6788212 0.6765435 -0.43795467 0.63189609 -0.52960235 -0.35836349 0.006203 1789621377.687911034 44.034 9.470 3.587 0.00000 -1 ACTUAL_TF
8.0558 0.0246468 -1.6789350 0.6766303 -0.43792555 0.63192145 -0.52961320 -0.35833833 0.005831 1789621377.743914843 44.274 9.231 3.451 0.00000 -1 ACTUAL_TF
8.1130 0.0249857 -1.6793737 0.6770837 -0.43790559 0.63196085 -0.52960186 -0.35830998 0.007920 1789621377.799893856 44.629 8.876 2.829 0.00000 -1 ACTUAL_TF
8.1728 0.0255440 -1.6802975 0.6780679 -0.43786623 0.63198400 -0.52963053 -0.35827488 0.013369 1789621377.855895996 45.222 8.282 1.494 0.00000 -1 ACTUAL_TF
8.2348 0.0260169 -1.6811152 0.6789211 -0.43787779 0.63198693 -0.52961881 -0.35827292 0.016182 1789621377.911860943 45.725 7.779 0.327 0.00000 -1 ACTUAL_TF
8.2835 0.0265852 -1.6820425 0.6799180 -0.43787712 0.63199281 -0.52961015 -0.35827616 0.019224 1789621377.967904091 46.330 7.175 1.022 0.00000 -1 ACTUAL_TF
8.3380 0.0270569 -1.6827282 0.6806543 -0.43787585 0.63198852 -0.52961822 -0.35827336 0.019414 1789621378.023862839 46.828 6.677 2.015 0.00000 -1 ACTUAL_TF
8.3899 0.0273973 -1.6831953 0.6811644 -0.43790291 0.63198553 -0.52959600 -0.35827840 0.017721 1789621378.079847336 47.187 6.318 2.697 0.00000 -1 ACTUAL_TF
8.4506 0.0276050 -1.6834837 0.6814692 -0.43791940 0.63199738 -0.52957244 -0.35827215 0.014912 1789621378.135872841 47.405 6.099 3.111 0.00000 -1 ACTUAL_TF
8.5112 0.0277176 -1.6836256 0.6816235 -0.43792935 0.63200209 -0.52956237 -0.35826658 0.011707 1789621378.192150354 47.524 5.981 3.317 0.00000 -1 ACTUAL_TF
8.5596 0.0277942 -1.6837304 0.6817362 -0.43793704 0.63200464 -0.52955302 -0.35826648 0.009120 1789621378.247890711 47.604 5.900 3.469 0.00000 -1 ACTUAL_TF
8.6166 0.0278681 -1.6837437 0.6817633 -0.43794245 0.63200362 -0.52954662 -0.35827114 0.006811 1789621378.303948879 47.679 5.825 3.496 0.00000 -1 ACTUAL_TF
8.6746 0.0281918 -1.6836802 0.6817820 -0.43793661 0.63198831 -0.52956494 -0.35827820 0.006541 1789621378.359847546 48.006 5.499 3.456 0.00000 -1 ACTUAL_TF
8.7311 0.0286049 -1.6834661 0.6816830 -0.43793414 0.63194445 -0.52958415 -0.35833019 0.007124 1789621378.415914059 48.418 5.087 3.224 0.00000 -1 ACTUAL_TF
8.7876 0.0291701 -1.6827063 0.6810064 -0.43793615 0.63189964 -0.52960596 -0.35837452 0.011219 1789621378.471942663 48.960 4.544 2.195 0.00000 -1 ACTUAL_TF
8.8377 0.0297978 -1.6816654 0.6800051 -0.43793975 0.63189732 -0.52960147 -0.35838085 0.016301 1789621378.527868748 49.552 3.953 0.736 0.00000 -1 ACTUAL_TF
8.8969 0.0304727 -1.6807470 0.6791660 -0.43797865 0.63188923 -0.52961014 -0.35833476 0.019000 1789621378.583812714 50.198 3.307 0.527 0.00000 -1 ACTUAL_TF
8.9534 0.0310517 -1.6798087 0.6782625 -0.43798779 0.63190737 -0.52957273 -0.35834690 0.020940 1789621378.639784336 50.744 2.761 1.841 0.00000 -1 ACTUAL_TF
9.0105 0.0314509 -1.6793001 0.6777867 -0.43798526 0.63190398 -0.52959039 -0.35832987 0.018949 1789621378.695909262 51.126 2.379 2.547 0.00000 -1 ACTUAL_TF
9.0657 0.0317077 -1.6788730 0.6773736 -0.43799188 0.63191456 -0.52957668 -0.35832337 0.016722 1789621378.752065420 51.368 2.137 3.147 0.00000 -1 ACTUAL_TF
9.1235 0.0317958 -1.6787105 0.6772209 -0.43796269 0.63191937 -0.52958118 -0.35834392 0.012996 1789621378.807824373 51.450 2.054 3.372 0.00000 -1 ACTUAL_TF
9.1702 0.0318828 -1.6785864 0.6771064 -0.43795472 0.63191966 -0.52958427 -0.35834858 0.010110 1789621378.864090681 51.533 1.971 3.543 0.00000 -1 ACTUAL_TF
9.2261 0.0319671 -1.6785509 0.6770815 -0.43794236 0.63191882 -0.52958908 -0.35835806 0.007586 1789621378.919899702 51.617 1.888 3.588 0.00000 -1 ACTUAL_TF
9.2851 0.0321674 -1.6786206 0.6771209 -0.43792305 0.63192916 -0.52960313 -0.35834266 0.006462 1789621378.976087570 51.817 1.688 3.516 0.00000 -1 ACTUAL_TF
9.3449 0.0326487 -1.6791975 0.6777240 -0.43787559 0.63196871 -0.52962906 -0.35829258 0.009697 1789621379.031951189 52.319 1.186 2.694 0.00000 -1 ACTUAL_TF
9.4040 0.0330449 -1.6798673 0.6784741 -0.43782643 0.63194894 -0.52968555 -0.35830402 0.012584 1789621379.087900639 52.744 0.761 1.700 0.00000 -1 ACTUAL_TF
