WELD FEEDBACK LOG
result=completed
started=2026-09-16 11:58:46
ended=2026-09-16 11:59:03
elapsed_seconds=17.475

================ OPERATOR OVERVIEW ================
REQUESTED : 230 A / 26.5 V · FE-SOLID 1.2 mm · LSM · CO2 100%
RX ECHO   : 230 A / 26.5 V · MATCH=YES
CURRENT FB: no positive feedback A
VOLTAGE FB: no positive feedback V
WIRE FEED : no positive feedback m/min
ARC ON    : 0.000 s
NET WELD  : 0.000 s
WIRE USED : 0.000 mm (base 0.000 + alpha 0.000)
WCR       : NOT DETECTED
SAMPLES   : RX 437 / welding 0 / TCP 313
===================================================

[commanded]
current_a=230
voltage_tenths=265
voltage=26.5
material=FE-SOLID
diameter_mm=1.2
mode=LSM
gas=CO2 100%
synergic=False
correction=0.0
hot_start_enabled=True
hot_start_percent=20.0
hot_start_hold_adjustment=-1
crater_enabled=False
crater_percent=26.08695652173913
crater_current_a=60.0
crater_voltage_v=25.0
crater_seconds=1.0
wire_consumable_alpha_mm=0.0
hot_start_current_a=276

[rx_setting_echo]
current_a=230
voltage_v=26.5
hot_start_current_a=0
hot_start_hold_adjustment=-15

[rx_welding_setting_echo]

[execution_conditions]
mode=sequence_execute
run_all=True
touch_io_backend=fastech_ethernet
touch_input_port=4
touch_sensing_output_port=0
fastech_ip=192.168.0.3
fastech_poll_target_hz=100.0
hicomm_source_ip=192.168.1.2
hicomm_welder_ip=192.168.1.10
hicomm_port=60000
gui_velocity_percent=36.95263157894737
gui_speed_mode=scale
gui_tcp_speed_mm_s=10.0
gui_interpolation_step_mm=5.0
seam_orientation_mode=Wait poses + fixed World-XYZ tilt
weld_fixed_tilt_x_deg=0.0
weld_fixed_tilt_y_deg=0.0
weld_fixed_tilt_z_deg=-0.0
weld_weave_enabled=True
weld_weave_pattern=capping
capping_width_mm=2.0
capping_pitch_mm=5.0
capping_left_dwell_s=0.2
capping_right_dwell_s=0.2
weld_weave_amplitude_mm=2.4
weld_weave_cycles=8
weld_weave_samples_per_cycle=8
weld_weave_axis=tool_x
weld_lead_in_mm=0.0
weld_lead_out_mm=5.0
weld_safe_approach_mm=31.0
weld_approach_mode=taught_wait
weld_pre_start_lead_mm=0.0
weld_tcp_speed_mm_s=3.5
weld_arc_off_delay_ms=500.0
tcp_tracking.parent_frame=World
tcp_tracking.child_frame=right_manipulator_ee_point
tcp_tracking.timestamp_source=TF_header_stamp
initial_fastech_di0=False
initial_fastech_do0=True
robot_connected.left=True
robot_connected.right=True
robot_connected.head=True
hicomm_connected=True
execution_allowed=True
steps[0].sequence_number=1
steps[0].type=named_pose
steps[0].parallel_slot=1
steps[0].duration=0.0
steps[0].planning_group=right_manipulator
steps[0].velocity_scale=0.3695263157894737
steps[0].tcp_speed_m_s=0.0
steps[0].pose_name=weld_start_wait
steps[0].pose_label=3 · Weld start wait pose
steps[0].touch_guard=False
steps[0].continue_after_touch=False
steps[0].weld_scenario_id=weld-10573320509437
steps[0].weld_scenario_stage=start_wait
steps[0].target_tcp.position_m.x=0.08098685954064838
steps[0].target_tcp.position_m.y=-1.6747422265354
steps[0].target_tcp.position_m.z=0.6789434037047843
steps[0].target_tcp.orientation_xyzw.x=-0.4088846865681994
steps[0].target_tcp.orientation_xyzw.y=0.6647882465744674
steps[0].target_tcp.orientation_xyzw.z=-0.5355884798279715
steps[0].target_tcp.orientation_xyzw.w=-0.3225133804697611
steps[0].joint_names[0]=right_manipulator_joint1
steps[0].joint_names[1]=right_manipulator_joint2
steps[0].joint_names[2]=right_manipulator_joint3
steps[0].joint_names[3]=right_manipulator_joint4
steps[0].joint_names[4]=right_manipulator_joint5
steps[0].joint_names[5]=right_manipulator_joint6
steps[0].joint_positions_rad[0]=5.200373302725359
steps[0].joint_positions_rad[1]=1.3032875210927808
steps[0].joint_positions_rad[2]=1.8723412633346066
steps[0].joint_positions_rad[3]=3.6169064544121925
steps[0].joint_positions_rad[4]=1.381000425914056
steps[0].joint_positions_rad[5]=1.5405192478359493
steps[1].sequence_number=2
steps[1].type=motion
steps[1].parallel_slot=2
steps[1].duration=0.0
steps[1].planning_group=right_manipulator
steps[1].velocity_scale=0.3695263157894737
steps[1].tcp_speed_m_s=0.0
steps[1].interpolation_step=0.005
steps[1].path_kind=taught_wait_align_weld_attitude
steps[1].touch_guard=False
steps[1].continue_after_touch=False
steps[1].accept_initial_touch=False
steps[1].weld_scenario_id=weld-10573320509437
steps[1].weld_scenario_stage=start_safe
steps[1].waypoint_count=1
steps[1].waypoints[0].position_m.x=0.08098685954064838
steps[1].waypoints[0].position_m.y=-1.6747422265354
steps[1].waypoints[0].position_m.z=0.6789434037047843
steps[1].waypoints[0].orientation_xyzw.x=-0.4088374022577407
steps[1].waypoints[0].orientation_xyzw.y=0.6647932156182271
steps[1].waypoints[0].orientation_xyzw.z=-0.5356340755596819
steps[1].waypoints[0].orientation_xyzw.w=-0.3224873580195739
steps[2].sequence_number=3
steps[2].type=motion
steps[2].parallel_slot=3
steps[2].duration=0.0
steps[2].planning_group=right_manipulator
steps[2].velocity_scale=0.3695263157894737
steps[2].tcp_speed_m_s=0.0
steps[2].interpolation_step=0.005
steps[2].path_kind=taught_wait_to_weld_start
steps[2].touch_guard=False
steps[2].continue_after_touch=True
steps[2].accept_initial_touch=False
steps[2].weld_scenario_id=weld-10573320509437
steps[2].weld_scenario_stage=start_contact
steps[2].waypoint_count=1
steps[2].waypoints[0].position_m.x=0.08102587176421505
steps[2].waypoints[0].position_m.y=-1.6776512905974912
steps[2].waypoints[0].position_m.z=0.6764859562873442
steps[2].waypoints[0].orientation_xyzw.x=-0.4088374022577407
steps[2].waypoints[0].orientation_xyzw.y=0.6647932156182271
steps[2].waypoints[0].orientation_xyzw.z=-0.5356340755596819
steps[2].waypoints[0].orientation_xyzw.w=-0.3224873580195739
steps[3].sequence_number=4
steps[3].type=digital_weld
steps[3].parallel_slot=5
steps[3].duration=0.0
steps[3].command=on
steps[3].weld_scenario_id=weld-10573320509437
steps[3].weld_scenario_stage=arc_on
steps[3].settings.current_a=230
steps[3].settings.voltage_tenths=265
steps[3].settings.voltage=26.5
steps[3].settings.material=FE-SOLID
steps[3].settings.diameter_mm=1.2
steps[3].settings.mode=LSM
steps[3].settings.gas=CO2 100%
steps[3].settings.synergic=False
steps[3].settings.correction=0.0
steps[3].settings.hot_start_enabled=True
steps[3].settings.hot_start_percent=20.0
steps[3].settings.hot_start_hold_adjustment=-1
steps[3].settings.crater_enabled=False
steps[3].settings.crater_percent=26.08695652173913
steps[3].settings.crater_current_a=60.0
steps[3].settings.crater_voltage_v=25.0
steps[3].settings.crater_seconds=1.0
steps[3].settings.wire_consumable_alpha_mm=0.0
steps[3].settings.hot_start_current_a=276
steps[4].sequence_number=5
steps[4].type=motion
steps[4].parallel_slot=5
steps[4].duration=0.0
steps[4].planning_group=right_manipulator
steps[4].velocity_scale=0.3695263157894737
steps[4].tcp_speed_m_s=0.004563199101522237
steps[4].interpolation_step=0.005
steps[4].path_kind=continuous_capping_weave_over_taught_goal_fastech_di0_ignored
steps[4].touch_guard=False
steps[4].weld_scenario_id=weld-10573320509437
steps[4].weld_scenario_stage=weld_motion
steps[4].lead_in_mm=0.0
steps[4].lead_out_mm=5.0
steps[4].linear_motion_profile=False
steps[4].path_to_seam_speed_factor=0.7670057611188684
steps[4].waypoint_hold_s[0]=0.0
steps[4].waypoint_hold_s[1]=0.2
steps[4].waypoint_hold_s[2]=0.2
steps[4].waypoint_hold_s[3]=0.2
steps[4].waypoint_hold_s[4]=0.2
steps[4].waypoint_hold_s[5]=0.2
steps[4].waypoint_hold_s[6]=0.2
steps[4].waypoint_hold_s[7]=0.2
steps[4].waypoint_hold_s[8]=0.2
steps[4].waypoint_hold_s[9]=0.2
steps[4].waypoint_hold_s[10]=0.2
steps[4].waypoint_hold_s[11]=0.2
steps[4].waypoint_hold_s[12]=0.2
steps[4].waypoint_hold_s[13]=0.2
steps[4].waypoint_hold_s[14]=0.2
steps[4].waypoint_hold_s[15]=0.2
steps[4].waypoint_hold_s[16]=0.2
steps[4].waypoint_hold_s[17]=0.2
steps[4].waypoint_hold_s[18]=0.2
steps[4].waypoint_hold_s[19]=0.0
steps[4].waypoint_hold_s[20]=0.0
steps[4].capping_width_mm=2.0
steps[4].capping_pitch_mm=5.0
steps[4].capping_left_dwell_s=0.2
steps[4].capping_right_dwell_s=0.2
steps[4].waypoint_count=21
steps[4].waypoints[0].position_m.x=0.08102587176421505
steps[4].waypoints[0].position_m.y=-1.6776512905974912
steps[4].waypoints[0].position_m.z=0.6764859562873442
steps[4].waypoints[0].orientation_xyzw.x=-0.4088374022577407
steps[4].waypoints[0].orientation_xyzw.y=0.6647932156182271
steps[4].waypoints[0].orientation_xyzw.z=-0.5356340755596819
steps[4].waypoints[0].orientation_xyzw.w=-0.3224873580195739
steps[4].waypoints[1].position_m.x=0.08213566933141042
steps[4].waypoints[1].position_m.y=-1.6765572507869928
steps[4].waypoints[1].position_m.z=0.676466809059187
steps[4].waypoints[1].orientation_xyzw.x=-0.4088374022577407
steps[4].waypoints[1].orientation_xyzw.y=0.6647932156182271
steps[4].waypoints[1].orientation_xyzw.z=-0.5356340755596819
steps[4].waypoints[1].orientation_xyzw.w=-0.3224873580195739
steps[4].waypoints[2].position_m.x=0.08468110373738517
steps[4].waypoints[2].position_m.y=-1.6783558776725118
steps[4].waypoints[2].position_m.z=0.6764285146028726
steps[4].waypoints[2].orientation_xyzw.x=-0.4088374022577407
steps[4].waypoints[2].orientation_xyzw.y=0.6647932156182271
steps[4].waypoints[2].orientation_xyzw.z=-0.5356340755596819
steps[4].waypoints[2].orientation_xyzw.w=-0.3224873580195739
steps[4].waypoints[3].position_m.x=0.0869006988717759
steps[4].waypoints[3].position_m.y=-1.676167798051515
steps[4].waypoints[3].position_m.z=0.676390220146558
steps[4].waypoints[3].orientation_xyzw.x=-0.4088374022577407
steps[4].waypoints[3].orientation_xyzw.y=0.6647932156182271
steps[4].waypoints[3].orientation_xyzw.z=-0.5356340755596819
steps[4].waypoints[3].orientation_xyzw.w=-0.3224873580195739
steps[4].waypoints[4].position_m.x=0.08944613327775065
steps[4].waypoints[4].position_m.y=-1.6779664249370343
steps[4].waypoints[4].position_m.z=0.6763519256902436
steps[4].waypoints[4].orientation_xyzw.x=-0.4088374022577407
steps[4].waypoints[4].orientation_xyzw.y=0.6647932156182271
steps[4].waypoints[4].orientation_xyzw.z=-0.5356340755596819
steps[4].waypoints[4].orientation_xyzw.w=-0.3224873580195739
steps[4].waypoints[5].position_m.x=0.09166572841214138
steps[4].waypoints[5].position_m.y=-1.6757783453160375
steps[4].waypoints[5].position_m.z=0.6763136312339291
steps[4].waypoints[5].orientation_xyzw.x=-0.4088374022577407
steps[4].waypoints[5].orientation_xyzw.y=0.6647932156182271
steps[4].waypoints[5].orientation_xyzw.z=-0.5356340755596819
steps[4].waypoints[5].orientation_xyzw.w=-0.3224873580195739
steps[4].waypoints[6].position_m.x=0.09421116281811613
steps[4].waypoints[6].position_m.y=-1.6775769722015565
steps[4].waypoints[6].position_m.z=0.6762753367776146
steps[4].waypoints[6].orientation_xyzw.x=-0.4088374022577407
steps[4].waypoints[6].orientation_xyzw.y=0.6647932156182271
steps[4].waypoints[6].orientation_xyzw.z=-0.5356340755596819
steps[4].waypoints[6].orientation_xyzw.w=-0.3224873580195739
steps[4].waypoints[7].position_m.x=0.09643075795250686
steps[4].waypoints[7].position_m.y=-1.6753888925805598
steps[4].waypoints[7].position_m.z=0.6762370423213002
steps[4].waypoints[7].orientation_xyzw.x=-0.4088374022577407
steps[4].waypoints[7].orientation_xyzw.y=0.6647932156182271
steps[4].waypoints[7].orientation_xyzw.z=-0.5356340755596819
steps[4].waypoints[7].orientation_xyzw.w=-0.3224873580195739
steps[4].waypoints[8].position_m.x=0.09897619235848162
steps[4].waypoints[8].position_m.y=-1.6771875194660788
steps[4].waypoints[8].position_m.z=0.6761987478649858
steps[4].waypoints[8].orientation_xyzw.x=-0.4088374022577407
steps[4].waypoints[8].orientation_xyzw.y=0.6647932156182271
steps[4].waypoints[8].orientation_xyzw.z=-0.5356340755596819
steps[4].waypoints[8].orientation_xyzw.w=-0.3224873580195739
steps[4].waypoints[9].position_m.x=0.10119578749287234
steps[4].waypoints[9].position_m.y=-1.674999439845082
steps[4].waypoints[9].position_m.z=0.6761604534086713
steps[4].waypoints[9].orientation_xyzw.x=-0.4088374022577407
steps[4].waypoints[9].orientation_xyzw.y=0.6647932156182271
steps[4].waypoints[9].orientation_xyzw.z=-0.5356340755596819
steps[4].waypoints[9].orientation_xyzw.w=-0.3224873580195739
steps[4].waypoints[10].position_m.x=0.1037412218988471
steps[4].waypoints[10].position_m.y=-1.6767980667306013
steps[4].waypoints[10].position_m.z=0.6761221589523568
steps[4].waypoints[10].orientation_xyzw.x=-0.4088374022577407
steps[4].waypoints[10].orientation_xyzw.y=0.6647932156182271
steps[4].waypoints[10].orientation_xyzw.z=-0.5356340755596819
steps[4].waypoints[10].orientation_xyzw.w=-0.3224873580195739
steps[4].waypoints[11].position_m.x=0.10596081703323783
steps[4].waypoints[11].position_m.y=-1.6746099871096045
steps[4].waypoints[11].position_m.z=0.6760838644960423
steps[4].waypoints[11].orientation_xyzw.x=-0.4088374022577407
steps[4].waypoints[11].orientation_xyzw.y=0.6647932156182271
steps[4].waypoints[11].orientation_xyzw.z=-0.5356340755596819
steps[4].waypoints[11].orientation_xyzw.w=-0.3224873580195739
steps[4].waypoints[12].position_m.x=0.10850625143921258
steps[4].waypoints[12].position_m.y=-1.6764086139951235
steps[4].waypoints[12].position_m.z=0.6760455700397279
steps[4].waypoints[12].orientation_xyzw.x=-0.4088374022577407
steps[4].waypoints[12].orientation_xyzw.y=0.6647932156182271
steps[4].waypoints[12].orientation_xyzw.z=-0.5356340755596819
steps[4].waypoints[12].orientation_xyzw.w=-0.3224873580195739
steps[4].waypoints[13].position_m.x=0.1107258465736033
steps[4].waypoints[13].position_m.y=-1.6742205343741268
steps[4].waypoints[13].position_m.z=0.6760072755834134
steps[4].waypoints[13].orientation_xyzw.x=-0.4088374022577407
steps[4].waypoints[13].orientation_xyzw.y=0.6647932156182271
steps[4].waypoints[13].orientation_xyzw.z=-0.5356340755596819
steps[4].waypoints[13].orientation_xyzw.w=-0.3224873580195739
steps[4].waypoints[14].position_m.x=0.11327128097957806
steps[4].waypoints[14].position_m.y=-1.6760191612596458
steps[4].waypoints[14].position_m.z=0.675968981127099
steps[4].waypoints[14].orientation_xyzw.x=-0.4088374022577407
steps[4].waypoints[14].orientation_xyzw.y=0.6647932156182271
steps[4].waypoints[14].orientation_xyzw.z=-0.5356340755596819
steps[4].waypoints[14].orientation_xyzw.w=-0.3224873580195739
steps[4].waypoints[15].position_m.x=0.11549087611396879
steps[4].waypoints[15].position_m.y=-1.673831081638649
steps[4].waypoints[15].position_m.z=0.6759306866707845
steps[4].waypoints[15].orientation_xyzw.x=-0.4088374022577407
steps[4].waypoints[15].orientation_xyzw.y=0.6647932156182271
steps[4].waypoints[15].orientation_xyzw.z=-0.5356340755596819
steps[4].waypoints[15].orientation_xyzw.w=-0.3224873580195739
steps[4].waypoints[16].position_m.x=0.11803631051994354
steps[4].waypoints[16].position_m.y=-1.6756297085241683
steps[4].waypoints[16].position_m.z=0.6758923922144701
steps[4].waypoints[16].orientation_xyzw.x=-0.4088374022577407
steps[4].waypoints[16].orientation_xyzw.y=0.6647932156182271
steps[4].waypoints[16].orientation_xyzw.z=-0.5356340755596819
steps[4].waypoints[16].orientation_xyzw.w=-0.3224873580195739
steps[4].waypoints[17].position_m.x=0.12025590565433426
steps[4].waypoints[17].position_m.y=-1.6734416289031715
steps[4].waypoints[17].position_m.z=0.6758540977581555
steps[4].waypoints[17].orientation_xyzw.x=-0.4088374022577407
steps[4].waypoints[17].orientation_xyzw.y=0.6647932156182271
steps[4].waypoints[17].orientation_xyzw.z=-0.5356340755596819
steps[4].waypoints[17].orientation_xyzw.w=-0.3224873580195739
steps[4].waypoints[18].position_m.x=0.12280134006030902
steps[4].waypoints[18].position_m.y=-1.6752402557886905
steps[4].waypoints[18].position_m.z=0.6758158033018411
steps[4].waypoints[18].orientation_xyzw.x=-0.4088374022577407
steps[4].waypoints[18].orientation_xyzw.y=0.6647932156182271
steps[4].waypoints[18].orientation_xyzw.z=-0.5356340755596819
steps[4].waypoints[18].orientation_xyzw.w=-0.3224873580195739
steps[4].waypoints[19].position_m.x=0.12391113762750439
steps[4].waypoints[19].position_m.y=-1.6741462159781921
steps[4].waypoints[19].position_m.z=0.6757966560736839
steps[4].waypoints[19].orientation_xyzw.x=-0.4088374022577407
steps[4].waypoints[19].orientation_xyzw.y=0.6647932156182271
steps[4].waypoints[19].orientation_xyzw.z=-0.5356340755596819
steps[4].waypoints[19].orientation_xyzw.w=-0.3224873580195739
steps[4].waypoints[20].position_m.x=0.12889388143833605
steps[4].waypoints[20].position_m.y=-1.6737389691414466
steps[4].waypoints[20].position_m.z=0.6757165678124996
steps[4].waypoints[20].orientation_xyzw.x=-0.4088374022577407
steps[4].waypoints[20].orientation_xyzw.y=0.6647932156182271
steps[4].waypoints[20].orientation_xyzw.z=-0.5356340755596819
steps[4].waypoints[20].orientation_xyzw.w=-0.3224873580195739
steps[4].lead_start.position_m.x=0.08102587176421505
steps[4].lead_start.position_m.y=-1.6776512905974912
steps[4].lead_start.position_m.z=0.6764859562873442
steps[4].lead_start.orientation_xyzw.x=-0.4088374022577407
steps[4].lead_start.orientation_xyzw.y=0.6647932156182271
steps[4].lead_start.orientation_xyzw.z=-0.5356340755596819
steps[4].lead_start.orientation_xyzw.w=-0.3224873580195739
steps[4].usable_seam_start.position_m.x=0.08102587176421505
steps[4].usable_seam_start.position_m.y=-1.6776512905974912
steps[4].usable_seam_start.position_m.z=0.6764859562873442
steps[4].usable_seam_start.orientation_xyzw.x=-0.4088374022577407
steps[4].usable_seam_start.orientation_xyzw.y=0.6647932156182271
steps[4].usable_seam_start.orientation_xyzw.z=-0.5356340755596819
steps[4].usable_seam_start.orientation_xyzw.w=-0.3224873580195739
steps[4].usable_seam_goal.position_m.x=0.12391113762750439
steps[4].usable_seam_goal.position_m.y=-1.6741462159781921
steps[4].usable_seam_goal.position_m.z=0.6757966560736839
steps[4].usable_seam_goal.orientation_xyzw.x=-0.4088374022577407
steps[4].usable_seam_goal.orientation_xyzw.y=0.6647932156182271
steps[4].usable_seam_goal.orientation_xyzw.z=-0.5356340755596819
steps[4].usable_seam_goal.orientation_xyzw.w=-0.3224873580195739
steps[4].lead_end.position_m.x=0.12889388143833605
steps[4].lead_end.position_m.y=-1.6737389691414466
steps[4].lead_end.position_m.z=0.6757165678124996
steps[4].lead_end.orientation_xyzw.x=-0.4088374022577407
steps[4].lead_end.orientation_xyzw.y=0.6647932156182271
steps[4].lead_end.orientation_xyzw.z=-0.5356340755596819
steps[4].lead_end.orientation_xyzw.w=-0.3224873580195739
steps[5].sequence_number=6
steps[5].type=digital_weld
steps[5].parallel_slot=5
steps[5].duration=0.0
steps[5].velocity_scale=0.3695263157894737
steps[5].tcp_speed_m_s=0.004563199101522237
steps[5].command=off
steps[5].weld_scenario_id=weld-10573320509437
steps[5].weld_scenario_stage=arc_off
steps[5].path_to_seam_speed_factor=0.7670057611188684
steps[5].trigger_before_goal=True
steps[5].arc_off_delay_s=0.5
steps[5].settings.current_a=230
steps[5].settings.voltage_tenths=265
steps[5].settings.voltage=26.5
steps[5].settings.material=FE-SOLID
steps[5].settings.diameter_mm=1.2
steps[5].settings.mode=LSM
steps[5].settings.gas=CO2 100%
steps[5].settings.synergic=False
steps[5].settings.correction=0.0
steps[5].settings.hot_start_enabled=True
steps[5].settings.hot_start_percent=20.0
steps[5].settings.hot_start_hold_adjustment=-1
steps[5].settings.crater_enabled=False
steps[5].settings.crater_percent=26.08695652173913
steps[5].settings.crater_current_a=60.0
steps[5].settings.crater_voltage_v=25.0
steps[5].settings.crater_seconds=1.0
steps[5].settings.wire_consumable_alpha_mm=0.0
steps[5].settings.hot_start_current_a=276
steps[6].sequence_number=7
steps[6].type=motion
steps[6].parallel_slot=6
steps[6].duration=0.0
steps[6].planning_group=right_manipulator
steps[6].velocity_scale=0.3695263157894737
steps[6].tcp_speed_m_s=0.0
steps[6].interpolation_step=0.005
steps[6].path_kind=weld_end_to_taught_wait_fixed_attitude
steps[6].pose_name=weld_goal_wait
steps[6].pose_label=5 · Weld goal wait pose
steps[6].touch_guard=False
steps[6].continue_after_touch=False
steps[6].weld_scenario_id=weld-10573320509437
steps[6].weld_scenario_stage=goal_wait
steps[6].waypoint_count=1
steps[6].waypoints[0].position_m.x=0.1238943051976682
steps[6].waypoints[0].position_m.y=-1.6726733967144134
steps[6].waypoints[0].position_m.z=0.6765914364218626
steps[6].waypoints[0].orientation_xyzw.x=-0.4088374022577407
steps[6].waypoints[0].orientation_xyzw.y=0.6647932156182271
steps[6].waypoints[0].orientation_xyzw.z=-0.5356340755596819
steps[6].waypoints[0].orientation_xyzw.w=-0.3224873580195739
steps[7].sequence_number=8
steps[7].type=named_pose
steps[7].parallel_slot=7
steps[7].duration=0.0
steps[7].planning_group=right_manipulator
steps[7].velocity_scale=0.3695263157894737
steps[7].tcp_speed_m_s=0.0
steps[7].pose_name=weld_finish
steps[7].pose_label=7 · Weld end pose
steps[7].touch_guard=False
steps[7].continue_after_touch=False
steps[7].weld_scenario_id=weld-10573320509437
steps[7].weld_scenario_stage=finish
steps[7].target_tcp.position_m.x=0.12387968203290473
steps[7].target_tcp.position_m.y=-1.5868731296657823
steps[7].target_tcp.position_m.z=0.7971850419730777
steps[7].target_tcp.orientation_xyzw.x=-0.40882885521403534
steps[7].target_tcp.orientation_xyzw.y=0.6647835722703547
steps[7].target_tcp.orientation_xyzw.z=-0.535638886747467
steps[7].target_tcp.orientation_xyzw.w=-0.32251008075373677
steps[7].joint_names[0]=right_manipulator_joint1
steps[7].joint_names[1]=right_manipulator_joint2
steps[7].joint_names[2]=right_manipulator_joint3
steps[7].joint_names[3]=right_manipulator_joint4
steps[7].joint_names[4]=right_manipulator_joint5
steps[7].joint_names[5]=right_manipulator_joint6
steps[7].joint_positions_rad[0]=5.303731117263553
steps[7].joint_positions_rad[1]=1.1626435870807152
steps[7].joint_positions_rad[2]=2.03459009168994
steps[7].joint_positions_rad[3]=3.717458096109769
steps[7].joint_positions_rad[4]=1.3974450461711319
steps[7].joint_positions_rad[5]=1.5556995323655098
steps[8].sequence_number=9
steps[8].type=digital_output
steps[8].parallel_slot=8
steps[8].duration=0.0
steps[8].port=0
steps[8].value=True
steps[8].weld_scenario_id=weld-10573320509437
steps[8].weld_scenario_stage=touch_output_on
hicomm_cyclic_period_ms=40.0
arc_wait_recognition=True
arc_wait_main_welding=True
arc_wait_established=True
arc_establishment_timeout_s=5.0

[summary]
rx_samples=437
welding_samples=0
wcr_seen=0
current_a.min=None
current_a.average=None
current_a.max=None
voltage_v.min=None
voltage_v.average=None
voltage_v.max=None
wire_feed_m_min.min=None
wire_feed_m_min.average=None
wire_feed_m_min.max=None

[production_metrics]
arc_started_elapsed_s=None
arc_completed_elapsed_s=None
arc_on_time_s=0.0
main_weld_arc_time_s=0.0
crater_arc_time_s=0.0
weld_motion_start_elapsed_s=0.0661160559993732
weld_motion_complete_elapsed_s=17.4669962809985
weld_motion_duration_s=17.400880224999128
net_weld_arc_time_s=0.0
wire_feed_average_m_min=0.0
wire_consumable_base_mm=0.0
wire_consumable_alpha_mm=0.0
wire_consumable_mm=0.0
wire_consumable_formula=integral(WFS*1000/60*dt)+alpha
weld_motion_start_unix_time=1789527526.3332973
weld_motion_start_wall_time=2026-09-16 11:58:46.333
weld_motion_complete_unix_time=1789527543.7341776
weld_motion_complete_wall_time=2026-09-16 11:59:03.734

[arc_off_control]

[teaching_snapshot_yaml]
robot_start:
  planning_group: right_manipulator
  joint_state:
    names:
    - right_manipulator_joint1
    - right_manipulator_joint2
    - right_manipulator_joint3
    - right_manipulator_joint4
    - right_manipulator_joint5
    - right_manipulator_joint6
    positions_rad:
    - 5.272090632984539
    - 1.1319069796756747
    - 2.106417676818249
    - 3.6901007738119302
    - 1.4686233526256796
    - 1.4680081624138712
  tcp_pose_world:
    position_m:
      x: 0.0593687026100857
      y: -1.566580876666292
      z: 0.8404797210507349
    orientation_xyzw:
      x: -0.435964943840794
      y: 0.633785310019272
      z: -0.5278153609885844
      w: -0.36008567487496485
weld_wait:
  planning_group: right_manipulator
  joint_state:
    names:
    - right_manipulator_joint1
    - right_manipulator_joint2
    - right_manipulator_joint3
    - right_manipulator_joint4
    - right_manipulator_joint5
    - right_manipulator_joint6
    positions_rad:
    - 5.162270391745159
    - 1.2839001078311674
    - 1.9253509522004157
    - 3.57737608908771
    - 1.4121090769233806
    - 1.5529732543575958
  tcp_pose_world:
    position_m:
      x: 0.036424554825288225
      y: -1.6556979706260309
      z: 0.6969945192387215
    orientation_xyzw:
      x: -0.40887151131936966
      y: 0.664764445724758
      z: -0.5353485269301721
      w: -0.32297720298089877
weld_start_wait:
  planning_group: right_manipulator
  joint_state:
    names:
    - right_manipulator_joint1
    - right_manipulator_joint2
    - right_manipulator_joint3
    - right_manipulator_joint4
    - right_manipulator_joint5
    - right_manipulator_joint6
    positions_rad:
    - 5.200373302725359
    - 1.3032875210927808
    - 1.8723412633346066
    - 3.6169064544121925
    - 1.381000425914056
    - 1.5405192478359493
  tcp_pose_world:
    position_m:
      x: 0.08098685954064838
      y: -1.6747422265354
      z: 0.6789434037047843
    orientation_xyzw:
      x: -0.4088846865681994
      y: 0.6647882465744674
      z: -0.5355884798279715
      w: -0.3225133804697611
weld_start:
  planning_group: right_manipulator
  joint_state:
    names:
    - right_manipulator_joint1
    - right_manipulator_joint2
    - right_manipulator_joint3
    - right_manipulator_joint4
    - right_manipulator_joint5
    - right_manipulator_joint6
    positions_rad:
    - 5.198744513402667
    - 1.306120059228189
    - 1.8672342524702161
    - 3.615471276900749
    - 1.3790677699109855
    - 1.5395396040289635
  tcp_pose_world:
    position_m:
      x: 0.08102587176421505
      y: -1.6776512905974912
      z: 0.6764859562873442
    orientation_xyzw:
      x: -0.4088374022577407
      y: 0.6647932156182271
      z: -0.5356340755596819
      w: -0.3224873580195739
weld_goal_wait:
  planning_group: right_manipulator
  joint_state:
    names:
    - right_manipulator_joint1
    - right_manipulator_joint2
    - right_manipulator_joint3
    - right_manipulator_joint4
    - right_manipulator_joint5
    - right_manipulator_joint6
    positions_rad:
    - 5.246586604489286
    - 1.3056303039037236
    - 1.8524413247212075
    - 3.6645701137057767
    - 1.3651251894980392
    - 1.5331606674279512
  tcp_pose_world:
    position_m:
      x: 0.1238943051976682
      y: -1.6726733967144134
      z: 0.6765914364218626
    orientation_xyzw:
      x: -0.4088188826173724
      y: 0.6647928928526936
      z: -0.535650478743716
      w: -0.32248425612680376
weld_end:
  planning_group: right_manipulator
  joint_state:
    names:
    - right_manipulator_joint1
    - right_manipulator_joint2
    - right_manipulator_joint3
    - right_manipulator_joint4
    - right_manipulator_joint5
    - right_manipulator_joint6
    positions_rad:
    - 5.245701902375162
    - 1.306507416008741
    - 1.8502693836941935
    - 3.6638294886066256
    - 1.363948072296224
    - 1.53251138875419
  tcp_pose_world:
    position_m:
      x: 0.12391113762750439
      y: -1.6741462159781921
      z: 0.6757966560736839
    orientation_xyzw:
      x: -0.4088197136087051
      y: 0.6648165711494701
      z: -0.5356310950533063
      w: -0.3224665850936399
weld_finish:
  planning_group: right_manipulator
  joint_state:
    names:
    - right_manipulator_joint1
    - right_manipulator_joint2
    - right_manipulator_joint3
    - right_manipulator_joint4
    - right_manipulator_joint5
    - right_manipulator_joint6
    positions_rad:
    - 5.303731117263553
    - 1.1626435870807152
    - 2.03459009168994
    - 3.717458096109769
    - 1.3974450461711319
    - 1.5556995323655098
  tcp_pose_world:
    position_m:
      x: 0.12387968203290473
      y: -1.5868731296657823
      z: 0.7971850419730777
    orientation_xyzw:
      x: -0.40882885521403534
      y: 0.6647835722703547
      z: -0.535638886747467
      w: -0.32251008075373677

[touch_snapshot_yaml]
{}

[samples]
elapsed_s raw0 state arc gas fwd wcr current_a voltage_v wire_feed_m_min set_current_a set_voltage_v error db collision
0.003 0x00 idle 0 0 0 0 0 0.0 0.0 230 26.5 0 0 0
0.047 0x00 idle 0 0 0 0 0 0.0 0.0 230 26.5 0 0 0
0.093 0x00 idle 0 0 0 0 0 0.0 0.0 230 26.5 0 0 0
0.127 0x00 idle 0 0 0 0 0 0.0 0.0 230 26.5 0 0 0
0.173 0x00 idle 0 0 0 0 0 0.0 0.0 230 26.5 0 0 0
0.206 0x00 idle 0 0 0 0 0 0.0 0.0 230 26.5 0 0 0
0.245 0x00 idle 0 0 0 0 0 0.0 0.0 230 26.5 0 0 0
0.283 0x00 idle 0 0 0 0 0 0.0 0.0 230 26.5 0 0 0
0.325 0x00 idle 0 0 0 0 0 0.0 0.0 230 26.5 0 0 0
0.367 0x00 idle 0 0 0 0 0 0.0 0.0 230 26.5 0 0 0
0.408 0x00 idle 0 0 0 0 0 0.0 0.0 230 26.5 0 0 0
0.446 0x00 idle 0 0 0 0 0 0.0 0.0 230 26.5 0 0 0
0.485 0x00 idle 0 0 0 0 0 0.0 0.0 230 26.5 0 0 0
0.525 0x00 idle 0 0 0 0 0 0.0 0.0 230 26.5 0 0 0
0.566 0x00 idle 0 0 0 0 0 0.0 0.0 230 26.5 0 0 0
0.605 0x00 idle 0 0 0 0 0 0.0 0.0 230 26.5 0 0 0
0.646 0x00 idle 0 0 0 0 0 0.0 0.0 230 26.5 0 0 0
0.685 0x00 idle 0 0 0 0 0 0.0 0.0 230 26.5 0 0 0
0.725 0x00 idle 0 0 0 0 0 0.0 0.0 230 26.5 0 0 0
0.764 0x00 idle 0 0 0 0 0 0.0 0.0 230 26.5 0 0 0
0.805 0x00 idle 0 0 0 0 0 0.0 0.0 230 26.5 0 0 0
0.844 0x00 idle 0 0 0 0 0 0.0 0.0 230 26.5 0 0 0
0.886 0x00 idle 0 0 0 0 0 0.0 0.0 230 26.5 0 0 0
0.929 0x00 idle 0 0 0 0 0 0.0 0.0 230 26.5 0 0 0
0.964 0x00 idle 0 0 0 0 0 0.0 0.0 230 26.5 0 0 0
1.004 0x00 idle 0 0 0 0 0 0.0 0.0 230 26.5 0 0 0
1.045 0x00 idle 0 0 0 0 0 0.0 0.0 230 26.5 0 0 0
1.085 0x00 idle 0 0 0 0 0 0.0 0.0 230 26.5 0 0 0
1.126 0x00 idle 0 0 0 0 0 0.0 0.0 230 26.5 0 0 0
1.165 0x00 idle 0 0 0 0 0 0.0 0.0 230 26.5 0 0 0
1.209 0x00 idle 0 0 0 0 0 0.0 0.0 230 26.5 0 0 0
1.250 0x00 idle 0 0 0 0 0 0.0 0.0 230 26.5 0 0 0
1.287 0x00 idle 0 0 0 0 0 0.0 0.0 230 26.5 0 0 0
1.326 0x00 idle 0 0 0 0 0 0.0 0.0 230 26.5 0 0 0
1.369 0x00 idle 0 0 0 0 0 0.0 0.0 230 26.5 0 0 0
1.404 0x00 idle 0 0 0 0 0 0.0 0.0 230 26.5 0 0 0
1.448 0x00 idle 0 0 0 0 0 0.0 0.0 230 26.5 0 0 0
1.490 0x00 idle 0 0 0 0 0 0.0 0.0 230 26.5 0 0 0
1.526 0x00 idle 0 0 0 0 0 0.0 0.0 230 26.5 0 0 0
1.564 0x00 idle 0 0 0 0 0 0.0 0.0 230 26.5 0 0 0
1.608 0x00 idle 0 0 0 0 0 0.0 0.0 230 26.5 0 0 0
1.646 0x00 idle 0 0 0 0 0 0.0 0.0 230 26.5 0 0 0
1.685 0x00 idle 0 0 0 0 0 0.0 0.0 230 26.5 0 0 0
1.725 0x00 idle 0 0 0 0 0 0.0 0.0 230 26.5 0 0 0
1.768 0x00 idle 0 0 0 0 0 0.0 0.0 230 26.5 0 0 0
1.805 0x00 idle 0 0 0 0 0 0.0 0.0 230 26.5 0 0 0
1.845 0x00 idle 0 0 0 0 0 0.0 0.0 230 26.5 0 0 0
1.886 0x00 idle 0 0 0 0 0 0.0 0.0 230 26.5 0 0 0
1.924 0x00 idle 0 0 0 0 0 0.0 0.0 230 26.5 0 0 0
1.968 0x00 idle 0 0 0 0 0 0.0 0.0 230 26.5 0 0 0
2.007 0x00 idle 0 0 0 0 0 0.0 0.0 230 26.5 0 0 0
2.050 0x00 idle 0 0 0 0 0 0.0 0.0 230 26.5 0 0 0
2.085 0x00 idle 0 0 0 0 0 0.0 0.0 230 26.5 0 0 0
2.128 0x00 idle 0 0 0 0 0 0.0 0.0 230 26.5 0 0 0
2.166 0x00 idle 0 0 0 0 0 0.0 0.0 230 26.5 0 0 0
2.204 0x00 idle 0 0 0 0 0 0.0 0.0 230 26.5 0 0 0
2.249 0x00 idle 0 0 0 0 0 0.0 0.0 230 26.5 0 0 0
2.287 0x00 idle 0 0 0 0 0 0.0 0.0 230 26.5 0 0 0
2.329 0x00 idle 0 0 0 0 0 0.0 0.0 230 26.5 0 0 0
2.364 0x00 idle 0 0 0 0 0 0.0 0.0 230 26.5 0 0 0
2.407 0x00 idle 0 0 0 0 0 0.0 0.0 230 26.5 0 0 0
2.445 0x00 idle 0 0 0 0 0 0.0 0.0 230 26.5 0 0 0
2.486 0x00 idle 0 0 0 0 0 0.0 0.0 230 26.5 0 0 0
2.527 0x00 idle 0 0 0 0 0 0.0 0.0 230 26.5 0 0 0
2.563 0x00 idle 0 0 0 0 0 0.0 0.0 230 26.5 0 0 0
2.606 0x00 idle 0 0 0 0 0 0.0 0.0 230 26.5 0 0 0
2.644 0x00 idle 0 0 0 0 0 0.0 0.0 230 26.5 0 0 0
2.685 0x00 idle 0 0 0 0 0 0.0 0.0 230 26.5 0 0 0
2.726 0x00 idle 0 0 0 0 0 0.0 0.0 230 26.5 0 0 0
2.765 0x00 idle 0 0 0 0 0 0.0 0.0 230 26.5 0 0 0
2.804 0x00 idle 0 0 0 0 0 0.0 0.0 230 26.5 0 0 0
2.844 0x00 idle 0 0 0 0 0 0.0 0.0 230 26.5 0 0 0
2.885 0x00 idle 0 0 0 0 0 0.0 0.0 230 26.5 0 0 0
2.925 0x00 idle 0 0 0 0 0 0.0 0.0 230 26.5 0 0 0
2.965 0x00 idle 0 0 0 0 0 0.0 0.0 230 26.5 0 0 0
3.005 0x00 idle 0 0 0 0 0 0.0 0.0 230 26.5 0 0 0
3.043 0x00 idle 0 0 0 0 0 0.0 0.0 230 26.5 0 0 0
3.084 0x00 idle 0 0 0 0 0 0.0 0.0 230 26.5 0 0 0
3.127 0x00 idle 0 0 0 0 0 0.0 0.0 230 26.5 0 0 0
3.168 0x00 idle 0 0 0 0 0 0.0 0.0 230 26.5 0 0 0
3.205 0x00 idle 0 0 0 0 0 0.0 0.0 230 26.5 0 0 0
3.246 0x00 idle 0 0 0 0 0 0.0 0.0 230 26.5 0 0 0
3.287 0x00 idle 0 0 0 0 0 0.0 0.0 230 26.5 0 0 0
3.329 0x00 idle 0 0 0 0 0 0.0 0.0 230 26.5 0 0 0
3.364 0x00 idle 0 0 0 0 0 0.0 0.0 230 26.5 0 0 0
3.406 0x00 idle 0 0 0 0 0 0.0 0.0 230 26.5 0 0 0
3.452 0x00 idle 0 0 0 0 0 0.0 0.0 230 26.5 0 0 0
3.485 0x00 idle 0 0 0 0 0 0.0 0.0 230 26.5 0 0 0
3.525 0x00 idle 0 0 0 0 0 0.0 0.0 230 26.5 0 0 0
3.563 0x00 idle 0 0 0 0 0 0.0 0.0 230 26.5 0 0 0
3.606 0x00 idle 0 0 0 0 0 0.0 0.0 230 26.5 0 0 0
3.646 0x00 idle 0 0 0 0 0 0.0 0.0 230 26.5 0 0 0
3.689 0x00 idle 0 0 0 0 0 0.0 0.0 230 26.5 0 0 0
3.730 0x00 idle 0 0 0 0 0 0.0 0.0 230 26.5 0 0 0
3.767 0x00 idle 0 0 0 0 0 0.0 0.0 230 26.5 0 0 0
3.805 0x00 idle 0 0 0 0 0 0.0 0.0 230 26.5 0 0 0
3.849 0x00 idle 0 0 0 0 0 0.0 0.0 230 26.5 0 0 0
3.886 0x00 idle 0 0 0 0 0 0.0 0.0 230 26.5 0 0 0
3.926 0x00 idle 0 0 0 0 0 0.0 0.0 230 26.5 0 0 0
3.969 0x00 idle 0 0 0 0 0 0.0 0.0 230 26.5 0 0 0
4.008 0x00 idle 0 0 0 0 0 0.0 0.0 230 26.5 0 0 0
4.044 0x00 idle 0 0 0 0 0 0.0 0.0 230 26.5 0 0 0
4.083 0x00 idle 0 0 0 0 0 0.0 0.0 230 26.5 0 0 0
4.128 0x00 idle 0 0 0 0 0 0.0 0.0 230 26.5 0 0 0
4.165 0x00 idle 0 0 0 0 0 0.0 0.0 230 26.5 0 0 0
4.207 0x00 idle 0 0 0 0 0 0.0 0.0 230 26.5 0 0 0
4.253 0x00 idle 0 0 0 0 0 0.0 0.0 230 26.5 0 0 0
4.287 0x00 idle 0 0 0 0 0 0.0 0.0 230 26.5 0 0 0
4.323 0x00 idle 0 0 0 0 0 0.0 0.0 230 26.5 0 0 0
4.363 0x00 idle 0 0 0 0 0 0.0 0.0 230 26.5 0 0 0
4.405 0x00 idle 0 0 0 0 0 0.0 0.0 230 26.5 0 0 0
4.443 0x00 idle 0 0 0 0 0 0.0 0.0 230 26.5 0 0 0
4.484 0x00 idle 0 0 0 0 0 0.0 0.0 230 26.5 0 0 0
4.526 0x00 idle 0 0 0 0 0 0.0 0.0 230 26.5 0 0 0
4.565 0x00 idle 0 0 0 0 0 0.0 0.0 230 26.5 0 0 0
4.606 0x00 idle 0 0 0 0 0 0.0 0.0 230 26.5 0 0 0
4.644 0x00 idle 0 0 0 0 0 0.0 0.0 230 26.5 0 0 0
4.686 0x00 idle 0 0 0 0 0 0.0 0.0 230 26.5 0 0 0
4.725 0x00 idle 0 0 0 0 0 0.0 0.0 230 26.5 0 0 0
4.764 0x00 idle 0 0 0 0 0 0.0 0.0 230 26.5 0 0 0
4.805 0x00 idle 0 0 0 0 0 0.0 0.0 230 26.5 0 0 0
4.849 0x00 idle 0 0 0 0 0 0.0 0.0 230 26.5 0 0 0
4.884 0x00 idle 0 0 0 0 0 0.0 0.0 230 26.5 0 0 0
4.929 0x00 idle 0 0 0 0 0 0.0 0.0 230 26.5 0 0 0
4.967 0x00 idle 0 0 0 0 0 0.0 0.0 230 26.5 0 0 0
5.007 0x00 idle 0 0 0 0 0 0.0 0.0 230 26.5 0 0 0
5.048 0x00 idle 0 0 0 0 0 0.0 0.0 230 26.5 0 0 0
5.086 0x00 idle 0 0 0 0 0 0.0 0.0 230 26.5 0 0 0
5.130 0x00 idle 0 0 0 0 0 0.0 0.0 230 26.5 0 0 0
5.165 0x00 idle 0 0 0 0 0 0.0 0.0 230 26.5 0 0 0
5.203 0x00 idle 0 0 0 0 0 0.0 0.0 230 26.5 0 0 0
5.249 0x00 idle 0 0 0 0 0 0.0 0.0 230 26.5 0 0 0
5.288 0x00 idle 0 0 0 0 0 0.0 0.0 230 26.5 0 0 0
5.329 0x00 idle 0 0 0 0 0 0.0 0.0 230 26.5 0 0 0
5.368 0x00 idle 0 0 0 0 0 0.0 0.0 230 26.5 0 0 0
5.405 0x00 idle 0 0 0 0 0 0.0 0.0 230 26.5 0 0 0
5.445 0x00 idle 0 0 0 0 0 0.0 0.0 230 26.5 0 0 0
5.484 0x00 idle 0 0 0 0 0 0.0 0.0 230 26.5 0 0 0
5.529 0x00 idle 0 0 0 0 0 0.0 0.0 230 26.5 0 0 0
5.568 0x00 idle 0 0 0 0 0 0.0 0.0 230 26.5 0 0 0
5.605 0x00 idle 0 0 0 0 0 0.0 0.0 230 26.5 0 0 0
5.649 0x00 idle 0 0 0 0 0 0.0 0.0 230 26.5 0 0 0
5.686 0x00 idle 0 0 0 0 0 0.0 0.0 230 26.5 0 0 0
5.725 0x00 idle 0 0 0 0 0 0.0 0.0 230 26.5 0 0 0
5.766 0x00 idle 0 0 0 0 0 0.0 0.0 230 26.5 0 0 0
5.808 0x00 idle 0 0 0 0 0 0.0 0.0 230 26.5 0 0 0
5.856 0x00 idle 0 0 0 0 0 0.0 0.0 230 26.5 0 0 0
5.887 0x00 idle 0 0 0 0 0 0.0 0.0 230 26.5 0 0 0
5.931 0x00 idle 0 0 0 0 0 0.0 0.0 230 26.5 0 0 0
5.965 0x00 idle 0 0 0 0 0 0.0 0.0 230 26.5 0 0 0
6.004 0x00 idle 0 0 0 0 0 0.0 0.0 230 26.5 0 0 0
6.046 0x00 idle 0 0 0 0 0 0.0 0.0 230 26.5 0 0 0
6.090 0x00 idle 0 0 0 0 0 0.0 0.0 230 26.5 0 0 0
6.129 0x00 idle 0 0 0 0 0 0.0 0.0 230 26.5 0 0 0
6.171 0x00 idle 0 0 0 0 0 0.0 0.0 230 26.5 0 0 0
6.209 0x00 idle 0 0 0 0 0 0.0 0.0 230 26.5 0 0 0
6.248 0x00 idle 0 0 0 0 0 0.0 0.0 230 26.5 0 0 0
6.283 0x00 idle 0 0 0 0 0 0.0 0.0 230 26.5 0 0 0
6.326 0x00 idle 0 0 0 0 0 0.0 0.0 230 26.5 0 0 0
6.364 0x00 idle 0 0 0 0 0 0.0 0.0 230 26.5 0 0 0
6.404 0x00 idle 0 0 0 0 0 0.0 0.0 230 26.5 0 0 0
6.445 0x00 idle 0 0 0 0 0 0.0 0.0 230 26.5 0 0 0
6.486 0x00 idle 0 0 0 0 0 0.0 0.0 230 26.5 0 0 0
6.526 0x00 idle 0 0 0 0 0 0.0 0.0 230 26.5 0 0 0
6.563 0x00 idle 0 0 0 0 0 0.0 0.0 230 26.5 0 0 0
6.603 0x00 idle 0 0 0 0 0 0.0 0.0 230 26.5 0 0 0
6.644 0x00 idle 0 0 0 0 0 0.0 0.0 230 26.5 0 0 0
6.683 0x00 idle 0 0 0 0 0 0.0 0.0 230 26.5 0 0 0
6.730 0x00 idle 0 0 0 0 0 0.0 0.0 230 26.5 0 0 0
6.768 0x00 idle 0 0 0 0 0 0.0 0.0 230 26.5 0 0 0
6.807 0x00 idle 0 0 0 0 0 0.0 0.0 230 26.5 0 0 0
6.844 0x00 idle 0 0 0 0 0 0.0 0.0 230 26.5 0 0 0
6.884 0x00 idle 0 0 0 0 0 0.0 0.0 230 26.5 0 0 0
6.925 0x00 idle 0 0 0 0 0 0.0 0.0 230 26.5 0 0 0
6.966 0x00 idle 0 0 0 0 0 0.0 0.0 230 26.5 0 0 0
7.004 0x00 idle 0 0 0 0 0 0.0 0.0 230 26.5 0 0 0
7.047 0x00 idle 0 0 0 0 0 0.0 0.0 230 26.5 0 0 0
7.086 0x00 idle 0 0 0 0 0 0.0 0.0 230 26.5 0 0 0
7.127 0x00 idle 0 0 0 0 0 0.0 0.0 230 26.5 0 0 0
7.165 0x00 idle 0 0 0 0 0 0.0 0.0 230 26.5 0 0 0
7.204 0x00 idle 0 0 0 0 0 0.0 0.0 230 26.5 0 0 0
7.251 0x00 idle 0 0 0 0 0 0.0 0.0 230 26.5 0 0 0
7.283 0x00 idle 0 0 0 0 0 0.0 0.0 230 26.5 0 0 0
7.326 0x00 idle 0 0 0 0 0 0.0 0.0 230 26.5 0 0 0
7.366 0x00 idle 0 0 0 0 0 0.0 0.0 230 26.5 0 0 0
7.403 0x00 idle 0 0 0 0 0 0.0 0.0 230 26.5 0 0 0
7.444 0x00 idle 0 0 0 0 0 0.0 0.0 230 26.5 0 0 0
7.484 0x00 idle 0 0 0 0 0 0.0 0.0 230 26.5 0 0 0
7.524 0x00 idle 0 0 0 0 0 0.0 0.0 230 26.5 0 0 0
7.571 0x00 idle 0 0 0 0 0 0.0 0.0 230 26.5 0 0 0
7.603 0x00 idle 0 0 0 0 0 0.0 0.0 230 26.5 0 0 0
7.647 0x00 idle 0 0 0 0 0 0.0 0.0 230 26.5 0 0 0
7.684 0x00 idle 0 0 0 0 0 0.0 0.0 230 26.5 0 0 0
7.724 0x00 idle 0 0 0 0 0 0.0 0.0 230 26.5 0 0 0
7.767 0x00 idle 0 0 0 0 0 0.0 0.0 230 26.5 0 0 0
7.804 0x00 idle 0 0 0 0 0 0.0 0.0 230 26.5 0 0 0
7.844 0x00 idle 0 0 0 0 0 0.0 0.0 230 26.5 0 0 0
7.887 0x00 idle 0 0 0 0 0 0.0 0.0 230 26.5 0 0 0
7.930 0x00 idle 0 0 0 0 0 0.0 0.0 230 26.5 0 0 0
7.964 0x00 idle 0 0 0 0 0 0.0 0.0 230 26.5 0 0 0
8.006 0x00 idle 0 0 0 0 0 0.0 0.0 230 26.5 0 0 0
8.043 0x00 idle 0 0 0 0 0 0.0 0.0 230 26.5 0 0 0
8.084 0x00 idle 0 0 0 0 0 0.0 0.0 230 26.5 0 0 0
8.125 0x00 idle 0 0 0 0 0 0.0 0.0 230 26.5 0 0 0
8.166 0x00 idle 0 0 0 0 0 0.0 0.0 230 26.5 0 0 0
8.207 0x00 idle 0 0 0 0 0 0.0 0.0 230 26.5 0 0 0
8.246 0x00 idle 0 0 0 0 0 0.0 0.0 230 26.5 0 0 0
8.285 0x00 idle 0 0 0 0 0 0.0 0.0 230 26.5 0 0 0
8.325 0x00 idle 0 0 0 0 0 0.0 0.0 230 26.5 0 0 0
8.364 0x00 idle 0 0 0 0 0 0.0 0.0 230 26.5 0 0 0
8.406 0x00 idle 0 0 0 0 0 0.0 0.0 230 26.5 0 0 0
8.446 0x00 idle 0 0 0 0 0 0.0 0.0 230 26.5 0 0 0
8.488 0x00 idle 0 0 0 0 0 0.0 0.0 230 26.5 0 0 0
8.529 0x00 idle 0 0 0 0 0 0.0 0.0 230 26.5 0 0 0
8.567 0x00 idle 0 0 0 0 0 0.0 0.0 230 26.5 0 0 0
8.604 0x00 idle 0 0 0 0 0 0.0 0.0 230 26.5 0 0 0
8.644 0x00 idle 0 0 0 0 0 0.0 0.0 230 26.5 0 0 0
8.683 0x00 idle 0 0 0 0 0 0.0 0.0 230 26.5 0 0 0
8.726 0x00 idle 0 0 0 0 0 0.0 0.0 230 26.5 0 0 0
8.765 0x00 idle 0 0 0 0 0 0.0 0.0 230 26.5 0 0 0
8.804 0x00 idle 0 0 0 0 0 0.0 0.0 230 26.5 0 0 0
8.843 0x00 idle 0 0 0 0 0 0.0 0.0 230 26.5 0 0 0
8.885 0x00 idle 0 0 0 0 0 0.0 0.0 230 26.5 0 0 0
8.925 0x00 idle 0 0 0 0 0 0.0 0.0 230 26.5 0 0 0
8.964 0x00 idle 0 0 0 0 0 0.0 0.0 230 26.5 0 0 0
9.005 0x00 idle 0 0 0 0 0 0.0 0.0 230 26.5 0 0 0
9.054 0x00 idle 0 0 0 0 0 0.0 0.0 230 26.5 0 0 0
9.084 0x00 idle 0 0 0 0 0 0.0 0.0 230 26.5 0 0 0
9.128 0x00 idle 0 0 0 0 0 0.0 0.0 230 26.5 0 0 0
9.173 0x00 idle 0 0 0 0 0 0.0 0.0 230 26.5 0 0 0
9.207 0x00 idle 0 0 0 0 0 0.0 0.0 230 26.5 0 0 0
9.249 0x00 idle 0 0 0 0 0 0.0 0.0 230 26.5 0 0 0
9.289 0x00 idle 0 0 0 0 0 0.0 0.0 230 26.5 0 0 0
9.323 0x00 idle 0 0 0 0 0 0.0 0.0 230 26.5 0 0 0
9.366 0x00 idle 0 0 0 0 0 0.0 0.0 230 26.5 0 0 0
9.406 0x00 idle 0 0 0 0 0 0.0 0.0 230 26.5 0 0 0
9.446 0x00 idle 0 0 0 0 0 0.0 0.0 230 26.5 0 0 0
9.486 0x00 idle 0 0 0 0 0 0.0 0.0 230 26.5 0 0 0
9.533 0x00 idle 0 0 0 0 0 0.0 0.0 230 26.5 0 0 0
9.564 0x00 idle 0 0 0 0 0 0.0 0.0 230 26.5 0 0 0
9.606 0x00 idle 0 0 0 0 0 0.0 0.0 230 26.5 0 0 0
9.645 0x00 idle 0 0 0 0 0 0.0 0.0 230 26.5 0 0 0
9.684 0x00 idle 0 0 0 0 0 0.0 0.0 230 26.5 0 0 0
9.724 0x00 idle 0 0 0 0 0 0.0 0.0 230 26.5 0 0 0
9.774 0x00 idle 0 0 0 0 0 0.0 0.0 230 26.5 0 0 0
9.805 0x00 idle 0 0 0 0 0 0.0 0.0 230 26.5 0 0 0
9.844 0x00 idle 0 0 0 0 0 0.0 0.0 230 26.5 0 0 0
9.884 0x00 idle 0 0 0 0 0 0.0 0.0 230 26.5 0 0 0
9.925 0x00 idle 0 0 0 0 0 0.0 0.0 230 26.5 0 0 0
9.965 0x00 idle 0 0 0 0 0 0.0 0.0 230 26.5 0 0 0
10.003 0x00 idle 0 0 0 0 0 0.0 0.0 230 26.5 0 0 0
10.046 0x00 idle 0 0 0 0 0 0.0 0.0 230 26.5 0 0 0
10.084 0x00 idle 0 0 0 0 0 0.0 0.0 230 26.5 0 0 0
10.126 0x00 idle 0 0 0 0 0 0.0 0.0 230 26.5 0 0 0
10.163 0x00 idle 0 0 0 0 0 0.0 0.0 230 26.5 0 0 0
10.203 0x00 idle 0 0 0 0 0 0.0 0.0 230 26.5 0 0 0
10.245 0x00 idle 0 0 0 0 0 0.0 0.0 230 26.5 0 0 0
10.285 0x00 idle 0 0 0 0 0 0.0 0.0 230 26.5 0 0 0
10.329 0x00 idle 0 0 0 0 0 0.0 0.0 230 26.5 0 0 0
10.366 0x00 idle 0 0 0 0 0 0.0 0.0 230 26.5 0 0 0
10.408 0x00 idle 0 0 0 0 0 0.0 0.0 230 26.5 0 0 0
10.449 0x00 idle 0 0 0 0 0 0.0 0.0 230 26.5 0 0 0
10.484 0x00 idle 0 0 0 0 0 0.0 0.0 230 26.5 0 0 0
10.525 0x00 idle 0 0 0 0 0 0.0 0.0 230 26.5 0 0 0
10.565 0x00 idle 0 0 0 0 0 0.0 0.0 230 26.5 0 0 0
10.604 0x00 idle 0 0 0 0 0 0.0 0.0 230 26.5 0 0 0
10.643 0x00 idle 0 0 0 0 0 0.0 0.0 230 26.5 0 0 0
10.686 0x00 idle 0 0 0 0 0 0.0 0.0 230 26.5 0 0 0
10.731 0x00 idle 0 0 0 0 0 0.0 0.0 230 26.5 0 0 0
10.765 0x00 idle 0 0 0 0 0 0.0 0.0 230 26.5 0 0 0
10.806 0x00 idle 0 0 0 0 0 0.0 0.0 230 26.5 0 0 0
10.846 0x00 idle 0 0 0 0 0 0.0 0.0 230 26.5 0 0 0
10.889 0x00 idle 0 0 0 0 0 0.0 0.0 230 26.5 0 0 0
10.929 0x00 idle 0 0 0 0 0 0.0 0.0 230 26.5 0 0 0
10.966 0x00 idle 0 0 0 0 0 0.0 0.0 230 26.5 0 0 0
11.008 0x00 idle 0 0 0 0 0 0.0 0.0 230 26.5 0 0 0
11.046 0x00 idle 0 0 0 0 0 0.0 0.0 230 26.5 0 0 0
11.087 0x00 idle 0 0 0 0 0 0.0 0.0 230 26.5 0 0 0
11.130 0x00 idle 0 0 0 0 0 0.0 0.0 230 26.5 0 0 0
11.170 0x00 idle 0 0 0 0 0 0.0 0.0 230 26.5 0 0 0
11.205 0x00 idle 0 0 0 0 0 0.0 0.0 230 26.5 0 0 0
11.252 0x00 idle 0 0 0 0 0 0.0 0.0 230 26.5 0 0 0
11.295 0x00 idle 0 0 0 0 0 0.0 0.0 230 26.5 0 0 0
11.327 0x00 idle 0 0 0 0 0 0.0 0.0 230 26.5 0 0 0
11.367 0x00 idle 0 0 0 0 0 0.0 0.0 230 26.5 0 0 0
11.406 0x00 idle 0 0 0 0 0 0.0 0.0 230 26.5 0 0 0
11.445 0x00 idle 0 0 0 0 0 0.0 0.0 230 26.5 0 0 0
11.484 0x00 idle 0 0 0 0 0 0.0 0.0 230 26.5 0 0 0
11.526 0x00 idle 0 0 0 0 0 0.0 0.0 230 26.5 0 0 0
11.568 0x00 idle 0 0 0 0 0 0.0 0.0 230 26.5 0 0 0
11.606 0x00 idle 0 0 0 0 0 0.0 0.0 230 26.5 0 0 0
11.648 0x00 idle 0 0 0 0 0 0.0 0.0 230 26.5 0 0 0
11.688 0x00 idle 0 0 0 0 0 0.0 0.0 230 26.5 0 0 0
11.727 0x00 idle 0 0 0 0 0 0.0 0.0 230 26.5 0 0 0
11.767 0x00 idle 0 0 0 0 0 0.0 0.0 230 26.5 0 0 0
11.807 0x00 idle 0 0 0 0 0 0.0 0.0 230 26.5 0 0 0
11.852 0x00 idle 0 0 0 0 0 0.0 0.0 230 26.5 0 0 0
11.890 0x00 idle 0 0 0 0 0 0.0 0.0 230 26.5 0 0 0
11.930 0x00 idle 0 0 0 0 0 0.0 0.0 230 26.5 0 0 0
11.973 0x00 idle 0 0 0 0 0 0.0 0.0 230 26.5 0 0 0
12.010 0x00 idle 0 0 0 0 0 0.0 0.0 230 26.5 0 0 0
12.050 0x00 idle 0 0 0 0 0 0.0 0.0 230 26.5 0 0 0
12.093 0x00 idle 0 0 0 0 0 0.0 0.0 230 26.5 0 0 0
12.131 0x00 idle 0 0 0 0 0 0.0 0.0 230 26.5 0 0 0
12.166 0x00 idle 0 0 0 0 0 0.0 0.0 230 26.5 0 0 0
12.208 0x00 idle 0 0 0 0 0 0.0 0.0 230 26.5 0 0 0
12.250 0x00 idle 0 0 0 0 0 0.0 0.0 230 26.5 0 0 0
12.290 0x00 idle 0 0 0 0 0 0.0 0.0 230 26.5 0 0 0
12.326 0x00 idle 0 0 0 0 0 0.0 0.0 230 26.5 0 0 0
12.365 0x00 idle 0 0 0 0 0 0.0 0.0 230 26.5 0 0 0
12.409 0x00 idle 0 0 0 0 0 0.0 0.0 230 26.5 0 0 0
12.445 0x00 idle 0 0 0 0 0 0.0 0.0 230 26.5 0 0 0
12.490 0x00 idle 0 0 0 0 0 0.0 0.0 230 26.5 0 0 0
12.529 0x00 idle 0 0 0 0 0 0.0 0.0 230 26.5 0 0 0
12.571 0x00 idle 0 0 0 0 0 0.0 0.0 230 26.5 0 0 0
12.607 0x00 idle 0 0 0 0 0 0.0 0.0 230 26.5 0 0 0
12.653 0x00 idle 0 0 0 0 0 0.0 0.0 230 26.5 0 0 0
12.686 0x00 idle 0 0 0 0 0 0.0 0.0 230 26.5 0 0 0
12.725 0x00 idle 0 0 0 0 0 0.0 0.0 230 26.5 0 0 0
12.767 0x00 idle 0 0 0 0 0 0.0 0.0 230 26.5 0 0 0
12.803 0x00 idle 0 0 0 0 0 0.0 0.0 230 26.5 0 0 0
12.844 0x00 idle 0 0 0 0 0 0.0 0.0 230 26.5 0 0 0
12.883 0x00 idle 0 0 0 0 0 0.0 0.0 230 26.5 0 0 0
12.927 0x00 idle 0 0 0 0 0 0.0 0.0 230 26.5 0 0 0
12.971 0x00 idle 0 0 0 0 0 0.0 0.0 230 26.5 0 0 0
13.006 0x00 idle 0 0 0 0 0 0.0 0.0 230 26.5 0 0 0
13.048 0x00 idle 0 0 0 0 0 0.0 0.0 230 26.5 0 0 0
13.090 0x00 idle 0 0 0 0 0 0.0 0.0 230 26.5 0 0 0
13.140 0x00 idle 0 0 0 0 0 0.0 0.0 230 26.5 0 0 0
13.179 0x00 idle 0 0 0 0 0 0.0 0.0 230 26.5 0 0 0
13.206 0x00 idle 0 0 0 0 0 0.0 0.0 230 26.5 0 0 0
13.247 0x00 idle 0 0 0 0 0 0.0 0.0 230 26.5 0 0 0
13.285 0x00 idle 0 0 0 0 0 0.0 0.0 230 26.5 0 0 0
13.330 0x00 idle 0 0 0 0 0 0.0 0.0 230 26.5 0 0 0
13.366 0x00 idle 0 0 0 0 0 0.0 0.0 230 26.5 0 0 0
13.408 0x00 idle 0 0 0 0 0 0.0 0.0 230 26.5 0 0 0
13.448 0x00 idle 0 0 0 0 0 0.0 0.0 230 26.5 0 0 0
13.486 0x00 idle 0 0 0 0 0 0.0 0.0 230 26.5 0 0 0
13.532 0x00 idle 0 0 0 0 0 0.0 0.0 230 26.5 0 0 0
13.564 0x00 idle 0 0 0 0 0 0.0 0.0 230 26.5 0 0 0
13.605 0x00 idle 0 0 0 0 0 0.0 0.0 230 26.5 0 0 0
13.644 0x00 idle 0 0 0 0 0 0.0 0.0 230 26.5 0 0 0
13.688 0x00 idle 0 0 0 0 0 0.0 0.0 230 26.5 0 0 0
13.726 0x00 idle 0 0 0 0 0 0.0 0.0 230 26.5 0 0 0
13.766 0x00 idle 0 0 0 0 0 0.0 0.0 230 26.5 0 0 0
13.808 0x00 idle 0 0 0 0 0 0.0 0.0 230 26.5 0 0 0
13.846 0x00 idle 0 0 0 0 0 0.0 0.0 230 26.5 0 0 0
13.886 0x00 idle 0 0 0 0 0 0.0 0.0 230 26.5 0 0 0
13.929 0x00 idle 0 0 0 0 0 0.0 0.0 230 26.5 0 0 0
13.969 0x00 idle 0 0 0 0 0 0.0 0.0 230 26.5 0 0 0
14.006 0x00 idle 0 0 0 0 0 0.0 0.0 230 26.5 0 0 0
14.045 0x00 idle 0 0 0 0 0 0.0 0.0 230 26.5 0 0 0
14.093 0x00 idle 0 0 0 0 0 0.0 0.0 230 26.5 0 0 0
14.124 0x00 idle 0 0 0 0 0 0.0 0.0 230 26.5 0 0 0
14.167 0x00 idle 0 0 0 0 0 0.0 0.0 230 26.5 0 0 0
14.208 0x00 idle 0 0 0 0 0 0.0 0.0 230 26.5 0 0 0
14.246 0x00 idle 0 0 0 0 0 0.0 0.0 230 26.5 0 0 0
14.286 0x00 idle 0 0 0 0 0 0.0 0.0 230 26.5 0 0 0
14.328 0x00 idle 0 0 0 0 0 0.0 0.0 230 26.5 0 0 0
14.366 0x00 idle 0 0 0 0 0 0.0 0.0 230 26.5 0 0 0
14.407 0x00 idle 0 0 0 0 0 0.0 0.0 230 26.5 0 0 0
14.453 0x00 idle 0 0 0 0 0 0.0 0.0 230 26.5 0 0 0
14.485 0x00 idle 0 0 0 0 0 0.0 0.0 230 26.5 0 0 0
14.527 0x00 idle 0 0 0 0 0 0.0 0.0 230 26.5 0 0 0
14.565 0x00 idle 0 0 0 0 0 0.0 0.0 230 26.5 0 0 0
14.609 0x00 idle 0 0 0 0 0 0.0 0.0 230 26.5 0 0 0
14.647 0x00 idle 0 0 0 0 0 0.0 0.0 230 26.5 0 0 0
14.683 0x00 idle 0 0 0 0 0 0.0 0.0 230 26.5 0 0 0
14.730 0x00 idle 0 0 0 0 0 0.0 0.0 230 26.5 0 0 0
14.768 0x00 idle 0 0 0 0 0 0.0 0.0 230 26.5 0 0 0
14.806 0x00 idle 0 0 0 0 0 0.0 0.0 230 26.5 0 0 0
14.846 0x00 idle 0 0 0 0 0 0.0 0.0 230 26.5 0 0 0
14.887 0x00 idle 0 0 0 0 0 0.0 0.0 230 26.5 0 0 0
14.931 0x00 idle 0 0 0 0 0 0.0 0.0 230 26.5 0 0 0
14.964 0x00 idle 0 0 0 0 0 0.0 0.0 230 26.5 0 0 0
15.005 0x00 idle 0 0 0 0 0 0.0 0.0 230 26.5 0 0 0
15.046 0x00 idle 0 0 0 0 0 0.0 0.0 230 26.5 0 0 0
15.086 0x00 idle 0 0 0 0 0 0.0 0.0 230 26.5 0 0 0
15.126 0x00 idle 0 0 0 0 0 0.0 0.0 230 26.5 0 0 0
15.164 0x00 idle 0 0 0 0 0 0.0 0.0 230 26.5 0 0 0
15.208 0x00 idle 0 0 0 0 0 0.0 0.0 230 26.5 0 0 0
15.246 0x00 idle 0 0 0 0 0 0.0 0.0 230 26.5 0 0 0
15.286 0x00 idle 0 0 0 0 0 0.0 0.0 230 26.5 0 0 0
15.324 0x00 idle 0 0 0 0 0 0.0 0.0 230 26.5 0 0 0
15.365 0x00 idle 0 0 0 0 0 0.0 0.0 230 26.5 0 0 0
15.407 0x00 idle 0 0 0 0 0 0.0 0.0 230 26.5 0 0 0
15.450 0x00 idle 0 0 0 0 0 0.0 0.0 230 26.5 0 0 0
15.486 0x00 idle 0 0 0 0 0 0.0 0.0 230 26.5 0 0 0
15.529 0x00 idle 0 0 0 0 0 0.0 0.0 230 26.5 0 0 0
15.564 0x00 idle 0 0 0 0 0 0.0 0.0 230 26.5 0 0 0
15.605 0x00 idle 0 0 0 0 0 0.0 0.0 230 26.5 0 0 0
15.645 0x00 idle 0 0 0 0 0 0.0 0.0 230 26.5 0 0 0
15.688 0x00 idle 0 0 0 0 0 0.0 0.0 230 26.5 0 0 0
15.729 0x00 idle 0 0 0 0 0 0.0 0.0 230 26.5 0 0 0
15.777 0x00 idle 0 0 0 0 0 0.0 0.0 230 26.5 0 0 0
15.807 0x00 idle 0 0 0 0 0 0.0 0.0 230 26.5 0 0 0
15.848 0x00 idle 0 0 0 0 0 0.0 0.0 230 26.5 0 0 0
15.885 0x00 idle 0 0 0 0 0 0.0 0.0 230 26.5 0 0 0
15.929 0x00 idle 0 0 0 0 0 0.0 0.0 230 26.5 0 0 0
15.963 0x00 idle 0 0 0 0 0 0.0 0.0 230 26.5 0 0 0
16.009 0x00 idle 0 0 0 0 0 0.0 0.0 230 26.5 0 0 0
16.047 0x00 idle 0 0 0 0 0 0.0 0.0 230 26.5 0 0 0
16.086 0x00 idle 0 0 0 0 0 0.0 0.0 230 26.5 0 0 0
16.135 0x00 idle 0 0 0 0 0 0.0 0.0 230 26.5 0 0 0
16.167 0x00 idle 0 0 0 0 0 0.0 0.0 230 26.5 0 0 0
16.209 0x00 idle 0 0 0 0 0 0.0 0.0 230 26.5 0 0 0
16.248 0x00 idle 0 0 0 0 0 0.0 0.0 230 26.5 0 0 0
16.287 0x00 idle 0 0 0 0 0 0.0 0.0 230 26.5 0 0 0
16.335 0x00 idle 0 0 0 0 0 0.0 0.0 230 26.5 0 0 0
16.367 0x00 idle 0 0 0 0 0 0.0 0.0 230 26.5 0 0 0
16.404 0x00 idle 0 0 0 0 0 0.0 0.0 230 26.5 0 0 0
16.449 0x00 idle 0 0 0 0 0 0.0 0.0 230 26.5 0 0 0
16.488 0x00 idle 0 0 0 0 0 0.0 0.0 230 26.5 0 0 0
16.528 0x00 idle 0 0 0 0 0 0.0 0.0 230 26.5 0 0 0
16.571 0x00 idle 0 0 0 0 0 0.0 0.0 230 26.5 0 0 0
16.609 0x00 idle 0 0 0 0 0 0.0 0.0 230 26.5 0 0 0
16.644 0x00 idle 0 0 0 0 0 0.0 0.0 230 26.5 0 0 0
16.688 0x00 idle 0 0 0 0 0 0.0 0.0 230 26.5 0 0 0
16.726 0x00 idle 0 0 0 0 0 0.0 0.0 230 26.5 0 0 0
16.767 0x00 idle 0 0 0 0 0 0.0 0.0 230 26.5 0 0 0
16.805 0x00 idle 0 0 0 0 0 0.0 0.0 230 26.5 0 0 0
16.850 0x00 idle 0 0 0 0 0 0.0 0.0 230 26.5 0 0 0
16.892 0x00 idle 0 0 0 0 0 0.0 0.0 230 26.5 0 0 0
16.932 0x00 idle 0 0 0 0 0 0.0 0.0 230 26.5 0 0 0
16.966 0x00 idle 0 0 0 0 0 0.0 0.0 230 26.5 0 0 0
17.003 0x00 idle 0 0 0 0 0 0.0 0.0 230 26.5 0 0 0
17.046 0x00 idle 0 0 0 0 0 0.0 0.0 230 26.5 0 0 0
17.088 0x00 idle 0 0 0 0 0 0.0 0.0 230 26.5 0 0 0
17.127 0x00 idle 0 0 0 0 0 0.0 0.0 230 26.5 0 0 0
17.168 0x00 idle 0 0 0 0 0 0.0 0.0 230 26.5 0 0 0
17.209 0x00 idle 0 0 0 0 0 0.0 0.0 230 26.5 0 0 0
17.247 0x00 idle 0 0 0 0 0 0.0 0.0 230 26.5 0 0 0
17.287 0x00 idle 0 0 0 0 0 0.0 0.0 230 26.5 0 0 0
17.329 0x00 idle 0 0 0 0 0 0.0 0.0 230 26.5 0 0 0
17.370 0x00 idle 0 0 0 0 0 0.0 0.0 230 26.5 0 0 0
17.410 0x00 idle 0 0 0 0 0 0.0 0.0 230 26.5 0 0 0
17.448 0x00 idle 0 0 0 0 0 0.0 0.0 230 26.5 0 0 0

[tcp_trajectory]
elapsed_s x_m y_m z_m qx qy qz qw speed_m_s tf_stamp_s along_mm remaining_mm cross_track_mm progress waypoint phase
0.0015 0.0809224 -1.6772357 0.6769296 -0.40883176 0.66474950 -0.53564790 -0.32256166 0.000000 1789527526.234580278 -0.076 43.110 0.612 0.00000 -1 ACTUAL_TF
0.0299 0.0809685 -1.6773985 0.6767717 -0.40883158 0.66477330 -0.53563973 -0.32252638 0.004143 1789527526.290449858 -0.041 43.075 0.384 0.00000 -1 ACTUAL_TF
0.0919 0.0809944 -1.6775107 0.6766743 -0.40883035 0.66478573 -0.53563765 -0.32250580 0.003707 1789527526.346471548 -0.023 43.057 0.236 0.00000 -1 ACTUAL_TF
0.1534 0.0810151 -1.6775793 0.6766286 -0.40882716 0.66479202 -0.53563936 -0.32249403 0.003047 1789527526.402855158 -0.007 43.041 0.160 0.00000 -1 ACTUAL_TF
0.2008 0.0810245 -1.6776203 0.6765898 -0.40882742 0.66479924 -0.53563516 -0.32248580 0.002440 1789527526.458739996 -0.000 43.034 0.108 0.00000 -1 ACTUAL_TF
0.2636 0.0810270 -1.6776422 0.6765722 -0.40882791 0.66479977 -0.53563498 -0.32248437 0.001860 1789527526.514398098 0.000 43.033 0.087 0.00000 -1 ACTUAL_TF
0.3106 0.0810268 -1.6776507 0.6765538 -0.40882889 0.66480373 -0.53563152 -0.32248073 0.001410 1789527526.570459127 -0.000 43.034 0.068 0.00000 -1 ACTUAL_TF
0.3665 0.0810284 -1.6776601 0.6765484 -0.40882876 0.66480272 -0.53563266 -0.32248107 0.001046 1789527526.626403093 0.001 43.033 0.063 0.00000 -1 ACTUAL_TF
0.4275 0.0810273 -1.6776649 0.6765447 -0.40882964 0.66480240 -0.53563219 -0.32248139 0.000765 1789527526.682486296 -0.001 43.034 0.060 0.00000 -1 ACTUAL_TF
0.4852 0.0810294 -1.6776648 0.6765400 -0.40883142 0.66480265 -0.53563159 -0.32247962 0.000563 1789527526.738323212 0.002 43.032 0.056 0.00000 -1 ACTUAL_TF
0.5401 0.0809993 -1.6776081 0.6765205 -0.40884668 0.66481185 -0.53560940 -0.32247818 0.000753 1789527526.794378281 -0.023 43.057 0.057 0.00000 -1 ACTUAL_TF
0.5975 0.0809285 -1.6775318 0.6764951 -0.40884097 0.66483966 -0.53556694 -0.32249860 0.001101 1789527526.850406647 -0.087 43.121 0.127 0.00000 -1 ACTUAL_TF
0.6454 0.0809600 -1.6774249 0.6764729 -0.40884117 0.66486084 -0.53553098 -0.32251439 0.001379 1789527526.906425238 -0.047 43.081 0.231 0.00000 -1 ACTUAL_TF
0.7056 0.0811617 -1.6772401 0.6764494 -0.40886788 0.66486723 -0.53550264 -0.32251442 0.002435 1789527526.962470531 0.169 42.864 0.400 0.00000 -1 ACTUAL_TF
0.7604 0.0814059 -1.6770793 0.6764446 -0.40889901 0.66485382 -0.53549948 -0.32250784 0.003272 1789527527.018430471 0.426 42.608 0.540 0.00000 -1 ACTUAL_TF
0.8211 0.0816304 -1.6769200 0.6764534 -0.40891420 0.66483567 -0.53550296 -0.32252021 0.003767 1789527527.074383974 0.663 42.371 0.680 0.00000 -1 ACTUAL_TF
0.8783 0.0817578 -1.6768262 0.6764595 -0.40891833 0.66482605 -0.53550678 -0.32252847 0.003485 1789527527.130428791 0.797 42.237 0.763 0.00000 -1 ACTUAL_TF
0.9391 0.0818569 -1.6767475 0.6764600 -0.40892123 0.66481902 -0.53550878 -0.32253595 0.003111 1789527527.186951637 0.902 42.132 0.833 0.00000 -1 ACTUAL_TF
0.9868 0.0819226 -1.6766928 0.6764502 -0.40892778 0.66481309 -0.53551061 -0.32253683 0.002643 1789527527.242428780 0.972 42.062 0.882 0.00000 -1 ACTUAL_TF
1.0467 0.0819487 -1.6766661 0.6764470 -0.40892830 0.66481037 -0.53551151 -0.32254029 0.002050 1789527527.298810482 1.001 42.033 0.907 0.00000 -1 ACTUAL_TF
1.0948 0.0819759 -1.6766447 0.6764387 -0.40893253 0.66480695 -0.53551316 -0.32253924 0.001627 1789527527.354430437 1.030 42.004 0.926 0.00000 -1 ACTUAL_TF
1.1536 0.0820072 -1.6766301 0.6764359 -0.40893448 0.66480543 -0.53551485 -0.32253710 0.001324 1789527527.410413980 1.062 41.972 0.938 0.00000 -1 ACTUAL_TF
1.2114 0.0821010 -1.6766910 0.6764648 -0.40891117 0.66479218 -0.53554667 -0.32254113 0.001546 1789527527.466397524 1.150 41.884 0.869 0.00000 -1 ACTUAL_TF
1.2608 0.0822359 -1.6767984 0.6765089 -0.40887004 0.66477236 -0.53559740 -0.32254989 0.002035 1789527527.522422075 1.275 41.759 0.753 0.00000 -1 ACTUAL_TF
1.3216 0.0825040 -1.6769791 0.6765549 -0.40881532 0.66475599 -0.53566535 -0.32254014 0.003165 1789527527.578709364 1.527 41.507 0.557 0.00000 -1 ACTUAL_TF
1.3790 0.0827483 -1.6771379 0.6765486 -0.40876962 0.66478297 -0.53568343 -0.32251242 0.003783 1789527527.634502888 1.757 41.276 0.382 0.00000 -1 ACTUAL_TF
1.4356 0.0831002 -1.6773619 0.6765322 -0.40873489 0.66480923 -0.53569772 -0.32247858 0.004888 1789527527.690403938 2.090 40.944 0.144 0.00000 -1 ACTUAL_TF
1.4870 0.0834294 -1.6775872 0.6765325 -0.40875173 0.66478948 -0.53569690 -0.32249929 0.005560 1789527527.746387959 2.400 40.634 0.157 0.00000 -1 ACTUAL_TF
1.5436 0.0836809 -1.6777495 0.6765070 -0.40877798 0.66478876 -0.53567410 -0.32250539 0.005499 1789527527.802438259 2.638 40.396 0.320 0.00000 -1 ACTUAL_TF
1.6067 0.0839774 -1.6779673 0.6764891 -0.40878931 0.66478885 -0.53566170 -0.32251145 0.005823 1789527527.858435631 2.916 40.118 0.558 0.00000 -1 ACTUAL_TF
1.6584 0.0841733 -1.6781002 0.6764811 -0.40879509 0.66478700 -0.53565908 -0.32251229 0.005344 1789527527.914486170 3.100 39.934 0.705 0.00000 -1 ACTUAL_TF
1.7188 0.0843265 -1.6782065 0.6764698 -0.40880164 0.66478867 -0.53564985 -0.32251587 0.004743 1789527527.970401287 3.244 39.790 0.823 0.00000 -1 ACTUAL_TF
1.7667 0.0844092 -1.6782507 0.6764556 -0.40880897 0.66479458 -0.53563897 -0.32251246 0.003828 1789527528.026430607 3.323 39.710 0.873 0.00000 -1 ACTUAL_TF
1.8268 0.0844809 -1.6782908 0.6764487 -0.40881428 0.66479559 -0.53563559 -0.32250926 0.003121 1789527528.082474470 3.392 39.642 0.919 0.00000 -1 ACTUAL_TF
1.8870 0.0845164 -1.6783068 0.6764448 -0.40882141 0.66479392 -0.53563237 -0.32250901 0.002393 1789527528.138899565 3.426 39.608 0.938 0.00000 -1 ACTUAL_TF
1.9388 0.0845485 -1.6783233 0.6764443 -0.40882380 0.66479220 -0.53563336 -0.32250788 0.001869 1789527528.194553375 3.456 39.577 0.957 0.00000 -1 ACTUAL_TF
1.9911 0.0845706 -1.6783235 0.6764419 -0.40882581 0.66479274 -0.53563142 -0.32250744 0.001428 1789527528.250346661 3.478 39.555 0.959 0.00000 -1 ACTUAL_TF
2.0501 0.0846111 -1.6783100 0.6764419 -0.40882824 0.66479117 -0.53563161 -0.32250728 0.001228 1789527528.306415081 3.520 39.514 0.949 0.00000 -1 ACTUAL_TF
2.1128 0.0847116 -1.6782578 0.6764401 -0.40883208 0.66479062 -0.53562913 -0.32250768 0.001467 1789527528.362360001 3.624 39.409 0.905 0.00000 -1 ACTUAL_TF
2.1611 0.0848218 -1.6781478 0.6764243 -0.40884263 0.66479918 -0.53560805 -0.32251167 0.001865 1789527528.418393373 3.743 39.290 0.804 0.00000 -1 ACTUAL_TF
2.2227 0.0850510 -1.6779245 0.6763866 -0.40888276 0.66480741 -0.53557130 -0.32250484 0.003032 1789527528.474393368 3.991 39.043 0.601 0.00000 -1 ACTUAL_TF
2.2729 0.0853154 -1.6776822 0.6763575 -0.40892608 0.66480902 -0.53553988 -0.32249879 0.004050 1789527528.530380011 4.274 38.759 0.385 0.00000 -1 ACTUAL_TF
2.3430 0.0856214 -1.6774095 0.6763579 -0.40895342 0.66479521 -0.53552804 -0.32251226 0.005029 1789527528.586430073 4.601 38.432 0.144 0.00000 -1 ACTUAL_TF
2.3906 0.0858795 -1.6771560 0.6763532 -0.40897898 0.66478405 -0.53551846 -0.32251874 0.005459 1789527528.642405987 4.879 38.154 0.112 0.00000 -1 ACTUAL_TF
2.4405 0.0861986 -1.6768760 0.6763613 -0.40897195 0.66478220 -0.53553553 -0.32250312 0.006098 1789527528.698354244 5.220 37.814 0.354 0.00000 -1 ACTUAL_TF
2.5006 0.0864373 -1.6766550 0.6763647 -0.40896663 0.66477966 -0.53553904 -0.32250928 0.006010 1789527528.754400730 5.476 37.558 0.553 0.00000 -1 ACTUAL_TF
2.5485 0.0865681 -1.6764989 0.6763656 -0.40895773 0.66478383 -0.53553471 -0.32251915 0.005297 1789527528.810470581 5.619 37.415 0.698 0.00000 -1 ACTUAL_TF
2.6134 0.0866872 -1.6763751 0.6763631 -0.40894470 0.66478739 -0.53554027 -0.32251912 0.004630 1789527528.866343737 5.748 37.286 0.811 0.00000 -1 ACTUAL_TF
2.6694 0.0867604 -1.6763077 0.6763651 -0.40893915 0.66478712 -0.53554663 -0.32251614 0.003774 1789527528.922417641 5.826 37.208 0.872 0.00000 -1 ACTUAL_TF
2.7259 0.0868177 -1.6762637 0.6763691 -0.40893306 0.66478516 -0.53555520 -0.32251369 0.003029 1789527528.978405952 5.887 37.147 0.911 0.00000 -1 ACTUAL_TF
2.7723 0.0868503 -1.6762352 0.6763674 -0.40893145 0.66478516 -0.53555966 -0.32250830 0.002353 1789527529.034369469 5.922 37.112 0.937 0.00000 -1 ACTUAL_TF
2.8294 0.0868716 -1.6762183 0.6763716 -0.40892653 0.66478479 -0.53556527 -0.32250600 0.001794 1789527529.090454817 5.944 37.090 0.952 0.00000 -1 ACTUAL_TF
2.8888 0.0868858 -1.6762109 0.6763704 -0.40892398 0.66478468 -0.53556763 -0.32250553 0.001342 1789527529.146413803 5.959 37.075 0.958 0.00000 -1 ACTUAL_TF
2.9500 0.0869233 -1.6762308 0.6763826 -0.40891032 0.66478162 -0.53557940 -0.32250963 0.001176 1789527529.202428579 5.994 37.039 0.935 0.00000 -1 ACTUAL_TF
3.0008 0.0870448 -1.6763208 0.6764200 -0.40887543 0.66476435 -0.53562340 -0.32251640 0.001658 1789527529.258419037 6.108 36.926 0.836 0.00000 -1 ACTUAL_TF
3.0597 0.0872052 -1.6764542 0.6764694 -0.40882570 0.66474726 -0.53567875 -0.32252273 0.002311 1789527529.314331055 6.256 36.778 0.695 0.00000 -1 ACTUAL_TF
3.1191 0.0874825 -1.6766378 0.6764833 -0.40877216 0.66476095 -0.53571675 -0.32249923 0.003394 1789527529.370536089 6.517 36.517 0.495 0.00000 -1 ACTUAL_TF
3.1761 0.0877529 -1.6768074 0.6764835 -0.40874148 0.66477289 -0.53573736 -0.32247928 0.004090 1789527529.426403761 6.773 36.261 0.312 0.00000 -1 ACTUAL_TF
3.2219 0.0881079 -1.6770717 0.6764800 -0.40873577 0.66476959 -0.53574252 -0.32248475 0.005233 1789527529.482412100 7.105 35.929 0.108 0.00000 -1 ACTUAL_TF
3.2799 0.0883929 -1.6772439 0.6764545 -0.40876139 0.66476907 -0.53572477 -0.32248285 0.005452 1789527529.538414717 7.375 35.659 0.213 0.00000 -1 ACTUAL_TF
3.3369 0.0887009 -1.6774703 0.6764522 -0.40875074 0.66476929 -0.53573150 -0.32248470 0.005866 1789527529.594372988 7.664 35.370 0.454 0.00000 -1 ACTUAL_TF
3.3954 0.0889590 -1.6776516 0.6764451 -0.40875559 0.66476578 -0.53572849 -0.32249078 0.005795 1789527529.650439739 7.906 35.127 0.652 0.00000 -1 ACTUAL_TF
3.4462 0.0891140 -1.6777522 0.6764275 -0.40876668 0.66477041 -0.53571286 -0.32249317 0.005051 1789527529.706420660 8.053 34.981 0.763 0.00000 -1 ACTUAL_TF
3.5075 0.0892512 -1.6778379 0.6764151 -0.40876717 0.66477758 -0.53570810 -0.32248567 0.004404 1789527529.762425423 8.183 34.851 0.858 0.00000 -1 ACTUAL_TF
3.5639 0.0893223 -1.6778805 0.6764030 -0.40877478 0.66478174 -0.53569823 -0.32248383 0.003530 1789527529.818634987 8.250 34.783 0.906 0.00000 -1 ACTUAL_TF
3.6231 0.0893693 -1.6779072 0.6763962 -0.40878542 0.66478008 -0.53569106 -0.32248568 0.002764 1789527529.874425411 8.295 34.739 0.936 0.00000 -1 ACTUAL_TF
3.6716 0.0893965 -1.6779228 0.6763926 -0.40879045 0.66477955 -0.53568777 -0.32248586 0.002104 1789527529.930420399 8.321 34.713 0.953 0.00000 -1 ACTUAL_TF
3.7347 0.0894204 -1.6779287 0.6763880 -0.40879607 0.66477966 -0.53568435 -0.32248420 0.001607 1789527529.986376286 8.345 34.689 0.961 0.00000 -1 ACTUAL_TF
3.7842 0.0894340 -1.6779265 0.6763845 -0.40879641 0.66478238 -0.53567972 -0.32248583 0.001201 1789527530.042543173 8.358 34.675 0.960 0.00000 -1 ACTUAL_TF
3.8443 0.0894851 -1.6779007 0.6763818 -0.40879688 0.66478450 -0.53567533 -0.32248815 0.001148 1789527530.098476171 8.411 34.622 0.938 0.00000 -1 ACTUAL_TF
3.8948 0.0895810 -1.6778389 0.6763773 -0.40880024 0.66478672 -0.53566860 -0.32249050 0.001416 1789527530.154404879 8.512 34.522 0.884 0.00000 -1 ACTUAL_TF
3.9534 0.0897602 -1.6776750 0.6763540 -0.40882718 0.66479230 -0.53564349 -0.32248656 0.002297 1789527530.210457802 8.704 34.329 0.735 0.00000 -1 ACTUAL_TF
4.0144 0.0900020 -1.6774176 0.6763099 -0.40886642 0.66480696 -0.53559626 -0.32248506 0.003516 1789527530.266400099 8.967 34.067 0.499 0.00000 -1 ACTUAL_TF
4.0654 0.0902810 -1.6771748 0.6762870 -0.40891462 0.66480001 -0.53557363 -0.32247585 0.004440 1789527530.322586060 9.265 33.769 0.284 0.00000 -1 ACTUAL_TF
4.1275 0.0905775 -1.6768736 0.6762794 -0.40894580 0.66479108 -0.53555054 -0.32249307 0.005376 1789527530.378486395 9.585 33.448 0.053 0.00000 -1 ACTUAL_TF
4.1764 0.0908087 -1.6766500 0.6762974 -0.40895052 0.66477518 -0.53555298 -0.32251580 0.005494 1789527530.434341192 9.834 33.200 0.203 0.00000 -1 ACTUAL_TF
4.2328 0.0911077 -1.6763789 0.6762947 -0.40894694 0.66478010 -0.53555853 -0.32250096 0.006004 1789527530.490452290 10.154 32.880 0.448 0.00000 -1 ACTUAL_TF
4.2870 0.0912647 -1.6762072 0.6762977 -0.40893441 0.66478471 -0.53555599 -0.32251157 0.005450 1789527530.546386480 10.324 32.710 0.606 0.00000 -1 ACTUAL_TF
4.3438 0.0914218 -1.6760534 0.6763024 -0.40893535 0.66477905 -0.53555950 -0.32251623 0.004993 1789527530.602408409 10.493 32.541 0.746 0.00000 -1 ACTUAL_TF
4.4000 0.0915229 -1.6759472 0.6763002 -0.40893487 0.66477994 -0.53555959 -0.32251485 0.004278 1789527530.658567667 10.603 32.431 0.843 0.00000 -1 ACTUAL_TF
4.4579 0.0915855 -1.6758955 0.6763012 -0.40893545 0.66477653 -0.53556532 -0.32251163 0.003431 1789527530.714504719 10.669 32.365 0.890 0.00000 -1 ACTUAL_TF
4.5132 0.0916215 -1.6758569 0.6763017 -0.40892925 0.66477753 -0.53556942 -0.32251063 0.002684 1789527530.770432711 10.708 32.326 0.925 0.00000 -1 ACTUAL_TF
4.5712 0.0916455 -1.6758350 0.6762999 -0.40892715 0.66477799 -0.53557293 -0.32250651 0.002054 1789527530.826454401 10.734 32.300 0.945 0.00000 -1 ACTUAL_TF
4.6311 0.0916609 -1.6758272 0.6763050 -0.40892088 0.66477739 -0.53557775 -0.32250768 0.001534 1789527530.882476091 10.750 32.284 0.952 0.00000 -1 ACTUAL_TF
4.6791 0.0916799 -1.6758161 0.6763021 -0.40892015 0.66477755 -0.53557815 -0.32250762 0.001193 1789527530.938411951 10.770 32.264 0.961 0.00000 -1 ACTUAL_TF
4.7395 0.0917553 -1.6758736 0.6763285 -0.40889377 0.66476881 -0.53560594 -0.32251294 0.001362 1789527530.994415283 10.840 32.194 0.898 0.00000 -1 ACTUAL_TF
4.7985 0.0918943 -1.6759754 0.6763713 -0.40885704 0.66474788 -0.53565703 -0.32251778 0.001903 1789527531.050467014 10.969 32.065 0.787 0.00000 -1 ACTUAL_TF
4.8485 0.0921257 -1.6761482 0.6764138 -0.40879598 0.66474240 -0.53571324 -0.32251311 0.002897 1789527531.106456041 11.185 31.849 0.603 0.00000 -1 ACTUAL_TF
4.9095 0.0924361 -1.6763608 0.6764327 -0.40874110 0.66475200 -0.53575695 -0.32249028 0.004045 1789527531.162472725 11.477 31.557 0.380 0.00000 -1 ACTUAL_TF
4.9597 0.0927193 -1.6765273 0.6764112 -0.40875101 0.66475817 -0.53574979 -0.32247689 0.004594 1789527531.218513966 11.746 31.288 0.203 0.00000 -1 ACTUAL_TF
5.0195 0.0930418 -1.6767519 0.6763771 -0.40874373 0.66478417 -0.53573128 -0.32246328 0.005300 1789527531.275299072 12.049 30.984 0.118 0.00000 -1 ACTUAL_TF
5.0779 0.0933175 -1.6769439 0.6763520 -0.40874236 0.66480000 -0.53571770 -0.32245495 0.005544 1789527531.330415249 12.309 30.725 0.303 0.00000 -1 ACTUAL_TF
5.1403 0.0935901 -1.6771229 0.6763247 -0.40874977 0.66481270 -0.53569791 -0.32245223 0.005634 1789527531.386397362 12.567 30.467 0.498 0.00000 -1 ACTUAL_TF
5.1845 0.0938070 -1.6772696 0.6763217 -0.40875446 0.66480729 -0.53570346 -0.32244823 0.005346 1789527531.442419052 12.771 30.263 0.662 0.00000 -1 ACTUAL_TF
5.2432 0.0939736 -1.6773809 0.6763063 -0.40876020 0.66481321 -0.53569137 -0.32244883 0.004820 1789527531.498371124 12.928 30.106 0.786 0.00000 -1 ACTUAL_TF
5.2948 0.0940809 -1.6774504 0.6762977 -0.40876823 0.66481334 -0.53568508 -0.32244884 0.004061 1789527531.554356575 13.029 30.004 0.863 0.00000 -1 ACTUAL_TF
5.3555 0.0941332 -1.6774823 0.6762853 -0.40877837 0.66481671 -0.53567416 -0.32244718 0.003174 1789527531.610934019 13.079 29.955 0.899 0.00000 -1 ACTUAL_TF
5.4118 0.0941761 -1.6775062 0.6762822 -0.40878359 0.66481534 -0.53567167 -0.32244752 0.002488 1789527531.666395187 13.120 29.914 0.927 0.00000 -1 ACTUAL_TF
5.4705 0.0941943 -1.6775186 0.6762791 -0.40878670 0.66481573 -0.53566912 -0.32244700 0.001860 1789527531.722403765 13.137 29.897 0.940 0.00000 -1 ACTUAL_TF
5.5319 0.0942061 -1.6775202 0.6762751 -0.40878927 0.66481737 -0.53566342 -0.32244984 0.001369 1789527531.778316498 13.149 29.885 0.943 0.00000 -1 ACTUAL_TF
5.5779 0.0942265 -1.6775067 0.6762722 -0.40878957 0.66481977 -0.53565785 -0.32245375 0.001090 1789527531.834541798 13.170 29.864 0.931 0.00000 -1 ACTUAL_TF
5.6396 0.0943051 -1.6774648 0.6762716 -0.40878712 0.66482192 -0.53565441 -0.32245815 0.001241 1789527531.890475750 13.252 29.782 0.896 0.00000 -1 ACTUAL_TF
5.6893 0.0944106 -1.6773695 0.6762594 -0.40879568 0.66482818 -0.53563829 -0.32246118 0.001635 1789527531.946363211 13.365 29.669 0.810 0.00000 -1 ACTUAL_TF
5.7479 0.0946627 -1.6771459 0.6762271 -0.40884268 0.66482978 -0.53560892 -0.32244707 0.002952 1789527532.002548695 13.635 29.399 0.608 0.00000 -1 ACTUAL_TF
5.8089 0.0949461 -1.6768734 0.6761943 -0.40888939 0.66483262 -0.53557281 -0.32244197 0.004185 1789527532.058414459 13.940 29.094 0.365 0.00000 -1 ACTUAL_TF
5.8573 0.0951841 -1.6766212 0.6761841 -0.40891224 0.66482742 -0.53554944 -0.32246253 0.004777 1789527532.114744186 14.198 28.836 0.147 0.00000 -1 ACTUAL_TF
5.9227 0.0954836 -1.6763549 0.6761999 -0.40893341 0.66480337 -0.53554923 -0.32248560 0.005507 1789527532.170378923 14.518 28.516 0.126 0.00000 -1 ACTUAL_TF
5.9716 0.0956960 -1.6761209 0.6761942 -0.40894635 0.66480040 -0.53553236 -0.32250333 0.005547 1789527532.226409435 14.749 28.285 0.335 0.00000 -1 ACTUAL_TF
6.0224 0.0959542 -1.6758877 0.6762007 -0.40896402 0.66478362 -0.53553693 -0.32250793 0.005746 1789527532.282449961 15.025 28.009 0.544 0.00000 -1 ACTUAL_TF
6.0842 0.0961347 -1.6757285 0.6762122 -0.40892641 0.66479575 -0.53556203 -0.32248895 0.005313 1789527532.338441133 15.218 27.816 0.686 0.00000 -1 ACTUAL_TF
6.1401 0.0962679 -1.6755917 0.6762080 -0.40893434 0.66479056 -0.53555819 -0.32249595 0.004740 1789527532.394547701 15.362 27.672 0.812 0.00000 -1 ACTUAL_TF
6.1949 0.0963373 -1.6755221 0.6762052 -0.40893441 0.66478813 -0.53555838 -0.32250057 0.003845 1789527532.450504065 15.436 27.597 0.875 0.00000 -1 ACTUAL_TF
6.2542 0.0963978 -1.6754614 0.6762035 -0.40893816 0.66478515 -0.53556055 -0.32249834 0.003149 1789527532.506794930 15.502 27.532 0.931 0.00000 -1 ACTUAL_TF
6.3002 0.0964303 -1.6754369 0.6762064 -0.40893556 0.66478171 -0.53556595 -0.32249976 0.002424 1789527532.562372446 15.536 27.498 0.953 0.00000 -1 ACTUAL_TF
6.3587 0.0964399 -1.6754187 0.6762044 -0.40893235 0.66478290 -0.53556636 -0.32250071 0.001808 1789527532.618403196 15.547 27.487 0.970 0.00000 -1 ACTUAL_TF
6.4149 0.0964525 -1.6754120 0.6762048 -0.40892795 0.66478250 -0.53556942 -0.32250203 0.001342 1789527532.674443245 15.560 27.474 0.976 0.00000 -1 ACTUAL_TF
6.4715 0.0964892 -1.6754286 0.6762108 -0.40891841 0.66477965 -0.53557975 -0.32250284 0.001158 1789527532.730420351 15.595 27.438 0.956 0.00000 -1 ACTUAL_TF
6.5312 0.0965907 -1.6755143 0.6762490 -0.40888131 0.66476647 -0.53561890 -0.32251203 0.001551 1789527532.786380768 15.689 27.345 0.862 0.00000 -1 ACTUAL_TF
6.5875 0.0967644 -1.6756457 0.6763014 -0.40883645 0.66474414 -0.53567992 -0.32251356 0.002285 1789527532.842427731 15.851 27.183 0.720 0.00000 -1 ACTUAL_TF
6.6437 0.0970221 -1.6758091 0.6763111 -0.40878639 0.66475798 -0.53571411 -0.32249172 0.003235 1789527532.898421526 16.094 26.940 0.539 0.00000 -1 ACTUAL_TF
6.7015 0.0972884 -1.6760025 0.6763162 -0.40873891 0.66477626 -0.53574071 -0.32247002 0.004029 1789527532.954381943 16.343 26.690 0.332 0.00000 -1 ACTUAL_TF
6.7553 0.0976156 -1.6762218 0.6762890 -0.40874103 0.66479104 -0.53572641 -0.32246062 0.004934 1789527533.010433197 16.652 26.382 0.101 0.00000 -1 ACTUAL_TF
6.8133 0.0979407 -1.6764483 0.6762746 -0.40872939 0.66480307 -0.53572301 -0.32245622 0.005578 1789527533.066410065 16.958 26.076 0.189 0.00000 -1 ACTUAL_TF
6.8695 0.0982086 -1.6766328 0.6762636 -0.40873750 0.66480155 -0.53571753 -0.32245818 0.005647 1789527533.122452974 17.210 25.824 0.388 0.00000 -1 ACTUAL_TF
6.9178 0.0984728 -1.6768078 0.6762519 -0.40874240 0.66480290 -0.53571265 -0.32245731 0.005653 1789527533.178403378 17.459 25.575 0.582 0.00000 -1 ACTUAL_TF
6.9772 0.0986515 -1.6769230 0.6762475 -0.40874990 0.66479828 -0.53571262 -0.32245737 0.005097 1789527533.234374762 17.628 25.406 0.711 0.00000 -1 ACTUAL_TF
7.0366 0.0987807 -1.6770148 0.6762363 -0.40875882 0.66479954 -0.53570103 -0.32246272 0.004420 1789527533.290333986 17.749 25.284 0.813 0.00000 -1 ACTUAL_TF
7.0946 0.0988542 -1.6770707 0.6762364 -0.40876058 0.66479669 -0.53570183 -0.32246503 0.003585 1789527533.346753359 17.818 25.216 0.874 0.00000 -1 ACTUAL_TF
7.1414 0.0989032 -1.6771026 0.6762240 -0.40876803 0.66480176 -0.53568965 -0.32246537 0.002831 1789527533.402381420 17.864 25.169 0.910 0.00000 -1 ACTUAL_TF
7.2004 0.0989319 -1.6771218 0.6762167 -0.40877315 0.66480435 -0.53568288 -0.32246478 0.002171 1789527533.458410978 17.892 25.142 0.931 0.00000 -1 ACTUAL_TF
7.2596 0.0989489 -1.6771320 0.6762154 -0.40877623 0.66480325 -0.53568149 -0.32246546 0.001626 1789527533.514433384 17.908 25.126 0.943 0.00000 -1 ACTUAL_TF
7.3161 0.0989655 -1.6771280 0.6762119 -0.40877806 0.66480512 -0.53567628 -0.32246795 0.001231 1789527533.570451260 17.925 25.109 0.940 0.00000 -1 ACTUAL_TF
7.3746 0.0990120 -1.6771050 0.6762106 -0.40877894 0.66480571 -0.53567375 -0.32246982 0.001140 1789527533.626527786 17.973 25.061 0.921 0.00000 -1 ACTUAL_TF
7.4230 0.0991052 -1.6770269 0.6762022 -0.40878295 0.66481113 -0.53566019 -0.32247608 0.001452 1789527533.682396650 18.072 24.961 0.850 0.00000 -1 ACTUAL_TF
7.4867 0.0992564 -1.6768889 0.6761838 -0.40880050 0.66481769 -0.53563853 -0.32247628 0.002111 1789527533.738757372 18.235 24.799 0.725 0.00000 -1 ACTUAL_TF
7.5356 0.0995140 -1.6766346 0.6761450 -0.40884778 0.66482506 -0.53559929 -0.32246633 0.003444 1789527533.794303417 18.513 24.521 0.495 0.00000 -1 ACTUAL_TF
7.5948 0.0997155 -1.6764111 0.6761216 -0.40886781 0.66483546 -0.53556339 -0.32247911 0.004024 1789527533.850419283 18.732 24.302 0.294 0.00000 -1 ACTUAL_TF
7.6540 0.1000319 -1.6761260 0.6761247 -0.40890190 0.66481449 -0.53555397 -0.32249476 0.005098 1789527533.906429052 19.070 23.963 0.062 0.00000 -1 ACTUAL_TF
7.7086 0.1003366 -1.6758349 0.6761189 -0.40892917 0.66480289 -0.53554026 -0.32250685 0.005804 1789527533.962987661 19.398 23.636 0.244 0.00000 -1 ACTUAL_TF
7.7676 0.1005982 -1.6756127 0.6761241 -0.40895879 0.66478231 -0.53554312 -0.32250699 0.005920 1789527534.018442631 19.677 23.357 0.440 0.00000 -1 ACTUAL_TF
7.8190 0.1008138 -1.6753923 0.6761271 -0.40895191 0.66478348 -0.53554288 -0.32251370 0.005793 1789527534.074523926 19.909 23.124 0.641 0.00000 -1 ACTUAL_TF
7.8746 0.1009784 -1.6752497 0.6761259 -0.40893436 0.66479401 -0.53555858 -0.32248817 0.005224 1789527534.130451202 20.085 22.949 0.769 0.00000 -1 ACTUAL_TF
7.9267 0.1010711 -1.6751478 0.6761280 -0.40893426 0.66479058 -0.53555654 -0.32249876 0.004395 1789527534.186421871 20.186 22.848 0.863 0.00000 -1 ACTUAL_TF
7.9900 0.1011216 -1.6750977 0.6761305 -0.40893048 0.66478840 -0.53555926 -0.32250352 0.003455 1789527534.242789507 20.240 22.794 0.909 0.00000 -1 ACTUAL_TF
8.0365 0.1011643 -1.6750544 0.6761281 -0.40893167 0.66478753 -0.53556027 -0.32250213 0.002747 1789527534.298449278 20.286 22.748 0.948 0.00000 -1 ACTUAL_TF
8.0940 0.1011762 -1.6750347 0.6761260 -0.40892971 0.66478792 -0.53556008 -0.32250414 0.002046 1789527534.354440451 20.300 22.734 0.967 0.00000 -1 ACTUAL_TF
8.1524 0.1011932 -1.6750188 0.6761254 -0.40892916 0.66478623 -0.53556259 -0.32250414 0.001558 1789527534.410350800 20.318 22.716 0.982 0.00000 -1 ACTUAL_TF
8.2123 0.1012083 -1.6750125 0.6761238 -0.40892500 0.66478733 -0.53556319 -0.32250616 0.001178 1789527534.466399193 20.333 22.700 0.987 0.00000 -1 ACTUAL_TF
8.2631 0.1012773 -1.6750614 0.6761430 -0.40890503 0.66477855 -0.53558838 -0.32250774 0.001289 1789527534.522456169 20.398 22.636 0.932 0.00000 -1 ACTUAL_TF
8.3207 0.1014271 -1.6751869 0.6761982 -0.40885715 0.66475619 -0.53564803 -0.32251545 0.001990 1789527534.578442097 20.536 22.498 0.795 0.00000 -1 ACTUAL_TF
8.3783 0.1016097 -1.6753245 0.6762367 -0.40880685 0.66474940 -0.53569637 -0.32251294 0.002638 1789527534.634312153 20.706 22.327 0.648 0.00000 -1 ACTUAL_TF
8.4368 0.1019050 -1.6755243 0.6762538 -0.40874781 0.66476436 -0.53573748 -0.32248865 0.003757 1789527534.690373898 20.984 22.050 0.432 0.00000 -1 ACTUAL_TF
8.4863 0.1021975 -1.6757222 0.6762428 -0.40872658 0.66477780 -0.53574670 -0.32247254 0.004521 1789527534.746413708 21.260 21.774 0.221 0.00000 -1 ACTUAL_TF
8.5488 0.1025273 -1.6759598 0.6762289 -0.40872013 0.66478643 -0.53574181 -0.32247103 0.005343 1789527534.802448273 21.569 21.465 0.110 0.00000 -1 ACTUAL_TF
8.6001 0.1028072 -1.6761577 0.6762282 -0.40871213 0.66478585 -0.53575084 -0.32246738 0.005578 1789527534.858387709 21.832 21.202 0.300 0.00000 -1 ACTUAL_TF
8.6597 0.1030889 -1.6763403 0.6762087 -0.40872449 0.66478947 -0.53573735 -0.32246666 0.005706 1789527534.914397001 22.098 20.936 0.497 0.00000 -1 ACTUAL_TF
8.7181 0.1033212 -1.6765106 0.6762016 -0.40872235 0.66479190 -0.53573410 -0.32246975 0.005537 1789527534.970423937 22.316 20.718 0.683 0.00000 -1 ACTUAL_TF
8.7667 0.1034657 -1.6766084 0.6761863 -0.40872941 0.66479793 -0.53572143 -0.32246943 0.004814 1789527535.026451588 22.452 20.582 0.791 0.00000 -1 ACTUAL_TF
8.8262 0.1035760 -1.6766872 0.6761735 -0.40873546 0.66480301 -0.53571162 -0.32246760 0.004096 1789527535.082664013 22.556 20.478 0.877 0.00000 -1 ACTUAL_TF
8.8843 0.1036233 -1.6767205 0.6761694 -0.40874027 0.66480261 -0.53570563 -0.32247226 0.003179 1789527535.138431549 22.600 20.433 0.914 0.00000 -1 ACTUAL_TF
8.9322 0.1036632 -1.6767470 0.6761644 -0.40874690 0.66480206 -0.53570024 -0.32247394 0.002483 1789527535.194434643 22.638 20.396 0.944 0.00000 -1 ACTUAL_TF
8.9904 0.1036846 -1.6767576 0.6761613 -0.40875140 0.66480163 -0.53569719 -0.32247419 0.001867 1789527535.250396967 22.658 20.375 0.956 0.00000 -1 ACTUAL_TF
9.0500 0.1037011 -1.6767619 0.6761571 -0.40875724 0.66480145 -0.53569233 -0.32247524 0.001402 1789527535.306397200 22.675 20.359 0.961 0.00000 -1 ACTUAL_TF
9.1089 0.1037306 -1.6767487 0.6761523 -0.40876261 0.66480232 -0.53568694 -0.32247559 0.001156 1789527535.362385511 22.705 20.329 0.950 0.00000 -1 ACTUAL_TF
9.1694 0.1037963 -1.6767140 0.6761497 -0.40876297 0.66480447 -0.53568126 -0.32248014 0.001206 1789527535.418511629 22.774 20.260 0.921 0.00000 -1 ACTUAL_TF
9.2225 0.1039594 -1.6765822 0.6761336 -0.40878477 0.66480611 -0.53566562 -0.32247510 0.001971 1789527535.474526644 22.947 20.087 0.803 0.00000 -1 ACTUAL_TF
9.2744 0.1041309 -1.6764188 0.6761112 -0.40880422 0.66481503 -0.53563886 -0.32247650 0.002657 1789527535.530408621 23.132 19.902 0.654 0.00000 -1 ACTUAL_TF
9.3275 0.1043859 -1.6761544 0.6760743 -0.40884016 0.66482761 -0.53559517 -0.32247758 0.003833 1789527535.586547613 23.408 19.626 0.413 0.00000 -1 ACTUAL_TF
9.3870 0.1046676 -1.6759129 0.6760617 -0.40888111 0.66481552 -0.53558039 -0.32247513 0.004674 1789527535.642480850 23.708 19.325 0.198 0.00000 -1 ACTUAL_TF
9.4448 0.1049757 -1.6756009 0.6760521 -0.40891278 0.66480464 -0.53555811 -0.32249441 0.005625 1789527535.698408127 24.041 18.993 0.105 0.00000 -1 ACTUAL_TF
9.5062 0.1052078 -1.6753842 0.6760669 -0.40892650 0.66478523 -0.53556097 -0.32251227 0.005640 1789527535.754416466 24.290 18.744 0.291 0.00000 -1 ACTUAL_TF
9.5548 0.1054772 -1.6751167 0.6760584 -0.40895575 0.66477440 -0.53555011 -0.32251553 0.005981 1789527535.810459375 24.580 18.454 0.535 0.00000 -1 ACTUAL_TF
9.6105 0.1056295 -1.6749636 0.6760644 -0.40893568 0.66478027 -0.53555646 -0.32251835 0.005345 1789527535.866411924 24.744 18.289 0.675 0.00000 -1 ACTUAL_TF
9.6706 0.1057820 -1.6748214 0.6760582 -0.40892004 0.66479092 -0.53556538 -0.32250139 0.004855 1789527535.922631979 24.908 18.126 0.804 0.00000 -1 ACTUAL_TF
9.7178 0.1058695 -1.6747302 0.6760515 -0.40892707 0.66478782 -0.53556294 -0.32250294 0.004076 1789527535.978626013 25.003 18.031 0.888 0.00000 -1 ACTUAL_TF
9.7791 0.1059187 -1.6746819 0.6760459 -0.40893242 0.66478425 -0.53556430 -0.32250124 0.003226 1789527536.034360886 25.056 17.978 0.933 0.00000 -1 ACTUAL_TF
9.8397 0.1059431 -1.6746508 0.6760462 -0.40893077 0.66478262 -0.53556627 -0.32250342 0.002469 1789527536.090470552 25.083 17.951 0.962 0.00000 -1 ACTUAL_TF
9.8869 0.1059600 -1.6746347 0.6760454 -0.40893025 0.66478096 -0.53556873 -0.32250343 0.001854 1789527536.146353483 25.101 17.933 0.976 0.00000 -1 ACTUAL_TF
9.9491 0.1059763 -1.6746258 0.6760442 -0.40892752 0.66478096 -0.53557101 -0.32250312 0.001397 1789527536.202527285 25.118 17.916 0.984 0.00000 -1 ACTUAL_TF
9.9973 0.1059972 -1.6746337 0.6760512 -0.40891909 0.66477971 -0.53557637 -0.32250748 0.001103 1789527536.258437872 25.138 17.896 0.974 0.00000 -1 ACTUAL_TF
10.0547 0.1060930 -1.6747119 0.6760868 -0.40888389 0.66476807 -0.53561263 -0.32251587 0.001461 1789527536.314478874 25.226 17.807 0.888 0.00000 -1 ACTUAL_TF
10.1156 0.1062892 -1.6748661 0.6761435 -0.40882783 0.66474596 -0.53568110 -0.32251881 0.002394 1789527536.370462894 25.408 17.625 0.721 0.00000 -1 ACTUAL_TF
10.1766 0.1065103 -1.6750264 0.6761608 -0.40877582 0.66475812 -0.53571707 -0.32249990 0.003145 1789527536.426338196 25.615 17.418 0.547 0.00000 -1 ACTUAL_TF
10.2219 0.1068254 -1.6752377 0.6761599 -0.40872770 0.66478224 -0.53574176 -0.32247017 0.004231 1789527536.482427120 25.912 17.122 0.317 0.00000 -1 ACTUAL_TF
10.2799 0.1071175 -1.6754637 0.6761647 -0.40872284 0.66477465 -0.53575176 -0.32247535 0.004942 1789527536.538388729 26.185 16.849 0.112 0.00000 -1 ACTUAL_TF
10.3401 0.1074400 -1.6756727 0.6761337 -0.40872063 0.66479680 -0.53573535 -0.32245974 0.005523 1789527536.594443321 26.490 16.544 0.194 0.00000 -1 ACTUAL_TF
10.3922 0.1076737 -1.6758379 0.6761019 -0.40873090 0.66481345 -0.53570644 -0.32246045 0.005409 1789527536.650422096 26.710 16.324 0.366 0.00000 -1 ACTUAL_TF
10.4496 0.1079602 -1.6760252 0.6760836 -0.40874762 0.66481371 -0.53569283 -0.32246133 0.005623 1789527536.706423998 26.980 16.054 0.574 0.00000 -1 ACTUAL_TF
10.5050 0.1081337 -1.6761502 0.6760751 -0.40874816 0.66481729 -0.53568684 -0.32246320 0.005082 1789527536.762438059 27.143 15.891 0.712 0.00000 -1 ACTUAL_TF
10.5635 0.1082774 -1.6762358 0.6760509 -0.40876832 0.66482352 -0.53566551 -0.32246025 0.004463 1789527536.818420410 27.280 15.754 0.809 0.00000 -1 ACTUAL_TF
10.6187 0.1083680 -1.6762953 0.6760452 -0.40877124 0.66482497 -0.53566273 -0.32245817 0.003706 1789527536.874425411 27.365 15.668 0.876 0.00000 -1 ACTUAL_TF
10.6791 0.1084158 -1.6763248 0.6760432 -0.40877495 0.66482365 -0.53566191 -0.32245754 0.002895 1789527536.930390358 27.410 15.623 0.909 0.00000 -1 ACTUAL_TF
10.7289 0.1084500 -1.6763439 0.6760391 -0.40878021 0.66482345 -0.53565842 -0.32245709 0.002236 1789527536.986805677 27.443 15.591 0.931 0.00000 -1 ACTUAL_TF
10.7876 0.1084646 -1.6763493 0.6760349 -0.40878482 0.66482406 -0.53565423 -0.32245695 0.001652 1789527537.042498827 27.457 15.577 0.938 0.00000 -1 ACTUAL_TF
10.8382 0.1084822 -1.6763460 0.6760329 -0.40878849 0.66482347 -0.53565028 -0.32246007 0.001253 1789527537.098429680 27.475 15.559 0.936 0.00000 -1 ACTUAL_TF
10.8984 0.1085138 -1.6763277 0.6760316 -0.40878809 0.66482487 -0.53564598 -0.32246484 0.001073 1789527537.154439211 27.508 15.526 0.920 0.00000 -1 ACTUAL_TF
10.9596 0.1086228 -1.6762580 0.6760269 -0.40879264 0.66482638 -0.53563998 -0.32246593 0.001444 1789527537.210469484 27.623 15.411 0.860 0.00000 -1 ACTUAL_TF
11.0062 0.1087878 -1.6761176 0.6760081 -0.40882138 0.66482625 -0.53562380 -0.32245662 0.002176 1789527537.266436577 27.799 15.235 0.734 0.00000 -1 ACTUAL_TF
11.0650 0.1090189 -1.6758815 0.6759712 -0.40884676 0.66484203 -0.53558192 -0.32246148 0.003304 1789527537.322452545 28.049 14.985 0.521 0.00000 -1 ACTUAL_TF
11.1283 0.1093096 -1.6755986 0.6759460 -0.40888846 0.66484071 -0.53555084 -0.32246295 0.004489 1789527537.378475666 28.362 14.672 0.272 0.00000 -1 ACTUAL_TF
11.1793 0.1095971 -1.6753636 0.6759523 -0.40892221 0.66481625 -0.53555153 -0.32246945 0.005134 1789527537.434424400 28.668 14.366 0.088 0.00000 -1 ACTUAL_TF
11.2397 0.1098591 -1.6750928 0.6759615 -0.40893267 0.66480122 -0.53554335 -0.32250073 0.005611 1789527537.490487576 28.951 14.083 0.210 0.00000 -1 ACTUAL_TF
11.2897 0.1100916 -1.6748666 0.6759702 -0.40894928 0.66478535 -0.53554100 -0.32251629 0.005664 1789527537.546531439 29.201 13.833 0.411 0.00000 -1 ACTUAL_TF
11.3531 0.1103107 -1.6746428 0.6759693 -0.40895967 0.66477888 -0.53553422 -0.32252771 0.005644 1789527537.602502346 29.437 13.597 0.615 0.00000 -1 ACTUAL_TF
11.3989 0.1104649 -1.6744952 0.6759698 -0.40893563 0.66479172 -0.53554667 -0.32251106 0.005097 1789527537.658391714 29.603 13.431 0.749 0.00000 -1 ACTUAL_TF
11.4600 0.1105894 -1.6743926 0.6759794 -0.40892935 0.66478531 -0.53556100 -0.32250844 0.004433 1789527537.714387894 29.735 13.299 0.840 0.00000 -1 ACTUAL_TF
11.5193 0.1106548 -1.6743278 0.6759728 -0.40893649 0.66478160 -0.53556071 -0.32250753 0.003599 1789527537.770308495 29.806 13.228 0.900 0.00000 -1 ACTUAL_TF
11.5676 0.1106864 -1.6742875 0.6759717 -0.40893464 0.66478124 -0.53556051 -0.32251093 0.002793 1789527537.826444387 29.840 13.193 0.937 0.00000 -1 ACTUAL_TF
11.6267 0.1107124 -1.6742605 0.6759717 -0.40893488 0.66477866 -0.53556377 -0.32251052 0.002156 1789527537.882492304 29.869 13.165 0.962 0.00000 -1 ACTUAL_TF
11.6866 0.1107222 -1.6742460 0.6759693 -0.40893379 0.66477872 -0.53556442 -0.32251070 0.001603 1789527537.938521147 29.879 13.154 0.976 0.00000 -1 ACTUAL_TF
11.7365 0.1107369 -1.6742398 0.6759726 -0.40892891 0.66477883 -0.53556639 -0.32251341 0.001210 1789527537.994464397 29.895 13.139 0.981 0.00000 -1 ACTUAL_TF
11.7996 0.1107843 -1.6742768 0.6759866 -0.40891054 0.66477411 -0.53558320 -0.32251850 0.001178 1789527538.050425529 29.939 13.095 0.939 0.00000 -1 ACTUAL_TF
11.8517 0.1109173 -1.6743936 0.6760380 -0.40886276 0.66475569 -0.53563719 -0.32252738 0.001810 1789527538.106554747 30.061 12.973 0.813 0.00000 -1 ACTUAL_TF
11.9063 0.1110915 -1.6745301 0.6760767 -0.40881259 0.66474917 -0.53568540 -0.32252436 0.002473 1789527538.162462473 30.223 12.811 0.666 0.00000 -1 ACTUAL_TF
11.9668 0.1114087 -1.6747410 0.6760892 -0.40875292 0.66476919 -0.53572835 -0.32248738 0.003772 1789527538.218483210 30.521 12.512 0.435 0.00000 -1 ACTUAL_TF
12.0179 0.1116687 -1.6748993 0.6760559 -0.40873260 0.66480331 -0.53571780 -0.32246033 0.004281 1789527538.274447441 30.768 12.266 0.255 0.00000 -1 ACTUAL_TF
12.0736 0.1120320 -1.6751635 0.6760591 -0.40872328 0.66479932 -0.53573188 -0.32245696 0.005384 1789527538.330913067 31.109 11.925 0.085 0.00000 -1 ACTUAL_TF
12.1330 0.1123399 -1.6753557 0.6760314 -0.40873533 0.66481080 -0.53571186 -0.32245129 0.005733 1789527538.386514187 31.400 11.634 0.267 0.00000 -1 ACTUAL_TF
12.1911 0.1125737 -1.6755421 0.6760345 -0.40872934 0.66480710 -0.53571370 -0.32246345 0.005616 1789527538.442491531 31.618 11.416 0.471 0.00000 -1 ACTUAL_TF
12.2435 0.1128229 -1.6757108 0.6760271 -0.40873849 0.66480360 -0.53570859 -0.32246757 0.005537 1789527538.498708248 31.853 11.181 0.658 0.00000 -1 ACTUAL_TF
12.3027 0.1129867 -1.6758158 0.6760174 -0.40875559 0.66479886 -0.53570118 -0.32246798 0.004925 1789527538.554444790 32.008 11.026 0.775 0.00000 -1 ACTUAL_TF
12.3624 0.1130922 -1.6758894 0.6760084 -0.40876110 0.66480142 -0.53569236 -0.32247035 0.004138 1789527538.610445499 32.107 10.927 0.857 0.00000 -1 ACTUAL_TF
12.4210 0.1131488 -1.6759271 0.6760054 -0.40876556 0.66480037 -0.53568870 -0.32247296 0.003258 1789527538.667075157 32.160 10.874 0.899 0.00000 -1 ACTUAL_TF
12.4720 0.1131902 -1.6759462 0.6759960 -0.40877805 0.66480030 -0.53567866 -0.32247395 0.002532 1789527538.722426653 32.200 10.834 0.921 0.00000 -1 ACTUAL_TF
12.5230 0.1132129 -1.6759584 0.6759910 -0.40878528 0.66479984 -0.53567329 -0.32247466 0.001913 1789527538.778630257 32.222 10.812 0.935 0.00000 -1 ACTUAL_TF
12.5780 0.1132302 -1.6759643 0.6759900 -0.40878858 0.66479847 -0.53567161 -0.32247607 0.001438 1789527538.834291697 32.239 10.795 0.942 0.00000 -1 ACTUAL_TF
12.6379 0.1132626 -1.6759540 0.6759881 -0.40879236 0.66479772 -0.53566775 -0.32247924 0.001188 1789527538.890302420 32.272 10.762 0.935 0.00000 -1 ACTUAL_TF
12.6850 0.1133293 -1.6759215 0.6759885 -0.40879263 0.66479724 -0.53566653 -0.32248192 0.001229 1789527538.946426868 32.341 10.693 0.908 0.00000 -1 ACTUAL_TF
12.7447 0.1134702 -1.6758084 0.6759761 -0.40880484 0.66480117 -0.53565229 -0.32248198 0.001830 1789527539.002409697 32.491 10.543 0.806 0.00000 -1 ACTUAL_TF
12.8088 0.1136670 -1.6756368 0.6759534 -0.40883562 0.66480327 -0.53563104 -0.32247393 0.002683 1789527539.058527231 32.701 10.333 0.651 0.00000 -1 ACTUAL_TF
12.8630 0.1139256 -1.6753898 0.6759194 -0.40886983 0.66481369 -0.53559342 -0.32247155 0.003806 1789527539.114407539 32.979 10.054 0.428 0.00000 -1 ACTUAL_TF
12.9111 0.1141532 -1.6751429 0.6758947 -0.40889683 0.66481788 -0.53556129 -0.32248206 0.004467 1789527539.170447826 33.227 9.807 0.207 0.00000 -1 ACTUAL_TF
12.9844 0.1144992 -1.6748298 0.6758916 -0.40893947 0.66479382 -0.53555422 -0.32248932 0.005621 1789527539.226572514 33.597 9.437 0.102 0.00000 -1 ACTUAL_TF
13.0242 0.1147906 -1.6745567 0.6758966 -0.40895994 0.66477882 -0.53554837 -0.32250400 0.006077 1789527539.282500029 33.910 9.124 0.337 0.00000 -1 ACTUAL_TF
13.0823 0.1149662 -1.6743553 0.6758933 -0.40895844 0.66477866 -0.53553834 -0.32252289 0.005687 1789527539.338442326 34.101 8.933 0.522 0.00000 -1 ACTUAL_TF
13.1426 0.1151650 -1.6741660 0.6758939 -0.40892115 0.66479983 -0.53555283 -0.32250247 0.005440 1789527539.394896984 34.315 8.719 0.694 0.00000 -1 ACTUAL_TF
13.1981 0.1152939 -1.6740470 0.6758911 -0.40893439 0.66478937 -0.53555413 -0.32250508 0.004755 1789527539.450453043 34.453 8.581 0.802 0.00000 -1 ACTUAL_TF
13.2536 0.1153799 -1.6739588 0.6758904 -0.40893593 0.66478695 -0.53555384 -0.32250860 0.003988 1789527539.506562710 34.546 8.488 0.883 0.00000 -1 ACTUAL_TF
13.3059 0.1154230 -1.6739102 0.6758880 -0.40893901 0.66478480 -0.53555403 -0.32250882 0.003140 1789527539.562492371 34.593 8.441 0.928 0.00000 -1 ACTUAL_TF
13.3598 0.1154579 -1.6738745 0.6758833 -0.40893793 0.66478419 -0.53555585 -0.32250843 0.002467 1789527539.618389845 34.630 8.403 0.961 0.00000 -1 ACTUAL_TF
13.4210 0.1154706 -1.6738628 0.6758871 -0.40893255 0.66478426 -0.53555917 -0.32250959 0.001822 1789527539.674403191 34.644 8.390 0.971 0.00000 -1 ACTUAL_TF
13.4782 0.1154851 -1.6738505 0.6758860 -0.40893037 0.66478379 -0.53556122 -0.32250992 0.001376 1789527539.730718374 34.659 8.374 0.982 0.00000 -1 ACTUAL_TF
13.5424 0.1155166 -1.6738619 0.6758941 -0.40891917 0.66478325 -0.53556888 -0.32251251 0.001149 1789527539.786468267 34.690 8.344 0.968 0.00000 -1 ACTUAL_TF
13.5898 0.1155970 -1.6739206 0.6759218 -0.40889381 0.66477316 -0.53559818 -0.32251682 0.001356 1789527539.842706919 34.765 8.269 0.902 0.00000 -1 ACTUAL_TF
13.6385 0.1157797 -1.6740712 0.6759794 -0.40883564 0.66475237 -0.53566518 -0.32252212 0.002255 1789527539.898686409 34.934 8.100 0.739 0.00000 -1 ACTUAL_TF
13.6996 0.1160152 -1.6742271 0.6759935 -0.40878754 0.66476568 -0.53570063 -0.32249678 0.003096 1789527539.954587460 35.155 7.878 0.567 0.00000 -1 ACTUAL_TF
13.7523 0.1163408 -1.6744512 0.6760096 -0.40873137 0.66478065 -0.53574243 -0.32246768 0.004293 1789527540.010413408 35.461 7.572 0.326 0.00000 -1 ACTUAL_TF
13.8088 0.1165956 -1.6746254 0.6760029 -0.40873087 0.66478238 -0.53573677 -0.32247415 0.004660 1789527540.066385269 35.701 7.333 0.148 0.00000 -1 ACTUAL_TF
13.8662 0.1169349 -1.6748653 0.6759972 -0.40872098 0.66478769 -0.53574064 -0.32246930 0.005484 1789527540.122500658 36.020 7.014 0.173 0.00000 -1 ACTUAL_TF
13.9282 0.1171989 -1.6750356 0.6759874 -0.40873825 0.66478148 -0.53573180 -0.32247490 0.005518 1789527540.178656816 36.269 6.765 0.350 0.00000 -1 ACTUAL_TF
13.9819 0.1174809 -1.6752543 0.6759899 -0.40873709 0.66477507 -0.53573317 -0.32248732 0.005784 1789527540.234355688 36.532 6.501 0.587 0.00000 -1 ACTUAL_TF
14.0305 0.1177055 -1.6754021 0.6759833 -0.40875425 0.66476682 -0.53572813 -0.32249094 0.005490 1789527540.290372610 36.744 6.290 0.751 0.00000 -1 ACTUAL_TF
14.0899 0.1178274 -1.6754877 0.6759814 -0.40876158 0.66475924 -0.53572885 -0.32249608 0.004640 1789527540.346409798 36.859 6.175 0.846 0.00000 -1 ACTUAL_TF
14.1422 0.1179202 -1.6755427 0.6759726 -0.40877441 0.66475767 -0.53572045 -0.32249702 0.003828 1789527540.402437687 36.947 6.087 0.907 0.00000 -1 ACTUAL_TF
14.2012 0.1179645 -1.6755607 0.6759567 -0.40878259 0.66476600 -0.53570742 -0.32249113 0.002949 1789527540.458410740 36.990 6.044 0.928 0.00000 -1 ACTUAL_TF
14.2609 0.1179976 -1.6755825 0.6759557 -0.40878418 0.66476541 -0.53570769 -0.32248986 0.002277 1789527540.514406681 37.021 6.013 0.952 0.00000 -1 ACTUAL_TF
14.3098 0.1180198 -1.6755938 0.6759542 -0.40878538 0.66476572 -0.53570703 -0.32248880 0.001728 1789527540.570423841 37.042 5.991 0.965 0.00000 -1 ACTUAL_TF
14.3730 0.1180315 -1.6755939 0.6759488 -0.40878603 0.66476994 -0.53570022 -0.32249059 0.001278 1789527540.626473188 37.054 5.980 0.966 0.00000 -1 ACTUAL_TF
14.4270 0.1180652 -1.6755742 0.6759458 -0.40878621 0.66477245 -0.53569583 -0.32249249 0.001104 1789527540.682566643 37.089 5.944 0.949 0.00000 -1 ACTUAL_TF
14.4922 0.1181695 -1.6755137 0.6759421 -0.40878919 0.66477402 -0.53569151 -0.32249265 0.001413 1789527540.739082813 37.198 5.836 0.897 0.00000 -1 ACTUAL_TF
14.5443 0.1183528 -1.6753626 0.6759245 -0.40880954 0.66477767 -0.53567324 -0.32248967 0.002281 1789527540.794408798 37.393 5.640 0.761 0.00000 -1 ACTUAL_TF
14.5939 0.1185281 -1.6751776 0.6758979 -0.40882962 0.66478984 -0.53564084 -0.32249296 0.002966 1789527540.850537062 37.584 5.450 0.590 0.00000 -1 ACTUAL_TF
14.6517 0.1188078 -1.6748901 0.6758547 -0.40888040 0.66479560 -0.53560008 -0.32248439 0.004240 1789527540.906469584 37.887 5.147 0.327 0.00000 -1 ACTUAL_TF
14.7022 0.1190669 -1.6746379 0.6758436 -0.40889976 0.66479493 -0.53557606 -0.32250112 0.004907 1789527540.962436676 38.165 4.868 0.100 0.00000 -1 ACTUAL_TF
14.7682 0.1193640 -1.6743448 0.6758448 -0.40892748 0.66477605 -0.53556695 -0.32252003 0.005668 1789527541.018520355 38.485 4.548 0.174 0.00000 -1 ACTUAL_TF
14.8185 0.1196007 -1.6741146 0.6758399 -0.40895362 0.66476300 -0.53555892 -0.32252709 0.005740 1789527541.074384451 38.740 4.294 0.384 0.00000 -1 ACTUAL_TF
14.8760 0.1198165 -1.6738896 0.6758319 -0.40896325 0.66475999 -0.53554781 -0.32253955 0.005689 1789527541.130381584 38.974 4.060 0.590 0.00000 -1 ACTUAL_TF
14.9338 0.1199885 -1.6737114 0.6758177 -0.40894598 0.66477601 -0.53555011 -0.32252461 0.005308 1789527541.186522722 39.160 3.874 0.754 0.00000 -1 ACTUAL_TF
14.9912 0.1200812 -1.6736123 0.6758141 -0.40892698 0.66478868 -0.53555537 -0.32251385 0.004443 1789527541.242552996 39.260 3.774 0.845 0.00000 -1 ACTUAL_TF
15.0399 0.1201636 -1.6735334 0.6758113 -0.40893357 0.66478206 -0.53555835 -0.32251419 0.003724 1789527541.298328161 39.349 3.685 0.917 0.00000 -1 ACTUAL_TF
15.1002 0.1201959 -1.6734969 0.6758099 -0.40893250 0.66478138 -0.53555899 -0.32251587 0.002868 1789527541.354284763 39.384 3.650 0.951 0.00000 -1 ACTUAL_TF
15.1514 0.1202208 -1.6734711 0.6758078 -0.40893202 0.66478085 -0.53555942 -0.32251687 0.002200 1789527541.410371780 39.411 3.623 0.975 0.00000 -1 ACTUAL_TF
15.2142 0.1202424 -1.6734558 0.6758084 -0.40893412 0.66477914 -0.53556204 -0.32251339 0.001681 1789527541.466413260 39.434 3.600 0.988 0.00000 -1 ACTUAL_TF
15.2653 0.1202570 -1.6734466 0.6758072 -0.40893014 0.66477991 -0.53556371 -0.32251408 0.001270 1789527541.522408247 39.449 3.585 0.996 0.00000 -1 ACTUAL_TF
15.3272 0.1203088 -1.6734769 0.6758231 -0.40891537 0.66477435 -0.53558031 -0.32251670 0.001222 1789527541.578385830 39.498 3.536 0.961 0.00000 -1 ACTUAL_TF
15.3798 0.1204274 -1.6735801 0.6758694 -0.40887021 0.66475950 -0.53562781 -0.32252568 0.001731 1789527541.634500027 39.607 3.427 0.848 0.00000 -1 ACTUAL_TF
15.4333 0.1206697 -1.6737600 0.6759179 -0.40880815 0.66474840 -0.53569486 -0.32251587 0.002851 1789527541.690424204 39.833 3.201 0.653 0.00000 -1 ACTUAL_TF
15.4942 0.1209061 -1.6739229 0.6759314 -0.40875477 0.66476575 -0.53572793 -0.32249282 0.003537 1789527541.746385336 40.055 2.979 0.475 0.00000 -1 ACTUAL_TF
15.5416 0.1212378 -1.6741416 0.6759309 -0.40873300 0.66477461 -0.53574192 -0.32247892 0.004602 1789527541.802451134 40.368 2.666 0.241 0.00000 -1 ACTUAL_TF
15.6034 0.1215317 -1.6743270 0.6759194 -0.40873432 0.66477972 -0.53574202 -0.32246656 0.005088 1789527541.858334780 40.646 2.388 0.086 0.00000 -1 ACTUAL_TF
15.6632 0.1218548 -1.6745786 0.6758980 -0.40873356 0.66479356 -0.53572286 -0.32247080 0.005755 1789527541.914425850 40.948 2.086 0.272 0.00000 -1 ACTUAL_TF
15.7130 0.1220828 -1.6747237 0.6758584 -0.40875749 0.66481034 -0.53568860 -0.32246278 0.005488 1789527541.970562935 41.164 1.870 0.428 0.00000 -1 ACTUAL_TF
15.7788 0.1223584 -1.6749056 0.6758494 -0.40876841 0.66480772 -0.53568512 -0.32246013 0.005610 1789527542.026618242 41.424 1.610 0.631 0.00000 -1 ACTUAL_TF
15.8277 0.1225045 -1.6750073 0.6758353 -0.40878231 0.66480936 -0.53567001 -0.32246422 0.004887 1789527542.082405329 41.561 1.473 0.744 0.00000 -1 ACTUAL_TF
15.8871 0.1226285 -1.6750876 0.6758304 -0.40878462 0.66481055 -0.53566825 -0.32246177 0.004211 1789527542.138533115 41.678 1.355 0.834 0.00000 -1 ACTUAL_TF
15.9402 0.1226984 -1.6751388 0.6758293 -0.40878813 0.66480836 -0.53566697 -0.32246395 0.003412 1789527542.194437265 41.744 1.290 0.891 0.00000 -1 ACTUAL_TF
15.9932 0.1227338 -1.6751582 0.6758218 -0.40879287 0.66481158 -0.53566057 -0.32246196 0.002609 1789527542.250504017 41.778 1.256 0.913 0.00000 -1 ACTUAL_TF
16.0539 0.1227572 -1.6751740 0.6758182 -0.40879639 0.66481226 -0.53565658 -0.32246271 0.001979 1789527542.306443453 41.800 1.234 0.930 0.00000 -1 ACTUAL_TF
16.1138 0.1227726 -1.6751799 0.6758157 -0.40880044 0.66481185 -0.53565375 -0.32246312 0.001474 1789527542.362456560 41.815 1.219 0.937 0.00000 -1 ACTUAL_TF
16.1625 0.1227898 -1.6751775 0.6758136 -0.40880410 0.66481134 -0.53565108 -0.32246398 0.001126 1789527542.418439150 41.832 1.202 0.936 0.00000 -1 ACTUAL_TF
16.2167 0.1228039 -1.6751670 0.6758121 -0.40880211 0.66481388 -0.53564722 -0.32246767 0.000883 1789527542.474360228 41.847 1.187 0.927 0.00000 -1 ACTUAL_TF
16.2735 0.1228744 -1.6751333 0.6758124 -0.40880496 0.66481189 -0.53564730 -0.32246802 0.001036 1789527542.530427217 41.920 1.114 0.899 0.00000 -1 ACTUAL_TF
16.3449 0.1229495 -1.6750630 0.6758035 -0.40881128 0.66481609 -0.53563635 -0.32246953 0.001277 1789527542.586525917 42.001 1.033 0.835 0.00000 -1 ACTUAL_TF
16.3846 0.1230846 -1.6749315 0.6757811 -0.40883488 0.66481920 -0.53561774 -0.32246411 0.001913 1789527542.642436981 42.146 0.887 0.716 0.00000 -1 ACTUAL_TF
16.4439 0.1232623 -1.6747795 0.6757635 -0.40885133 0.66482525 -0.53559759 -0.32246426 0.002596 1789527542.698388815 42.336 0.698 0.580 0.00000 -1 ACTUAL_TF
16.5064 0.1234425 -1.6746401 0.6757484 -0.40887322 0.66482564 -0.53558409 -0.32245812 0.003042 1789527542.754334450 42.527 0.506 0.458 0.00000 -1 ACTUAL_TF
16.5530 0.1236821 -1.6744809 0.6757377 -0.40888498 0.66482540 -0.53557421 -0.32246013 0.003669 1789527542.810408831 42.779 0.255 0.321 0.00000 -1 ACTUAL_TF
16.6131 0.1238683 -1.6743721 0.6757394 -0.40887569 0.66482966 -0.53556816 -0.32247316 0.003719 1789527542.866614580 42.974 0.060 0.229 0.00000 -1 ACTUAL_TF
16.6718 0.1241504 -1.6742322 0.6757361 -0.40888001 0.66482719 -0.53556787 -0.32247325 0.004298 1789527542.922382116 43.266 -0.232 0.120 0.00000 -1 ACTUAL_TF
16.7234 0.1244301 -1.6741574 0.6757509 -0.40886607 0.66481919 -0.53558651 -0.32247647 0.004559 1789527542.978483677 43.551 -0.517 0.065 0.00000 -1 ACTUAL_TF
16.7748 0.1247808 -1.6741120 0.6757846 -0.40883365 0.66480544 -0.53562399 -0.32248366 0.005096 1789527543.034429789 43.903 -0.870 0.037 0.00000 -1 ACTUAL_TF
16.8404 0.1251679 -1.6740838 0.6758224 -0.40879668 0.66479038 -0.53566886 -0.32248704 0.005640 1789527543.090862036 44.291 -1.257 0.061 0.00000 -1 ACTUAL_TF
16.8906 0.1255624 -1.6740425 0.6758269 -0.40878896 0.66478399 -0.53569439 -0.32246760 0.006088 1789527543.146475077 44.687 -1.654 0.065 0.00000 -1 ACTUAL_TF
16.9423 0.1260158 -1.6739803 0.6758105 -0.40880646 0.66478299 -0.53568440 -0.32246407 0.006717 1789527543.202415466 45.144 -2.111 0.048 0.00000 -1 ACTUAL_TF
16.9989 0.1263473 -1.6739651 0.6758022 -0.40879112 0.66479219 -0.53567490 -0.32248032 0.006482 1789527543.258379459 45.476 -2.442 0.048 0.00000 -1 ACTUAL_TF
17.0656 0.1268030 -1.6739187 0.6757896 -0.40879290 0.66479454 -0.53567498 -0.32247311 0.006986 1789527543.314502478 45.934 -2.900 0.040 0.00000 -1 ACTUAL_TF
17.1192 0.1271237 -1.6739003 0.6757818 -0.40879732 0.66479419 -0.53566125 -0.32249102 0.006612 1789527543.370498419 46.255 -3.222 0.040 0.00000 -1 ACTUAL_TF
17.1681 0.1275146 -1.6738610 0.6757708 -0.40879301 0.66479633 -0.53566365 -0.32248810 0.006735 1789527543.426471949 46.649 -3.615 0.033 0.00000 -1 ACTUAL_TF
17.2336 0.1278338 -1.6738274 0.6757684 -0.40880535 0.66478675 -0.53567371 -0.32247549 0.006434 1789527543.482479095 46.969 -3.936 0.035 0.00000 -1 ACTUAL_TF
17.2837 0.1281222 -1.6738031 0.6757577 -0.40880617 0.66478867 -0.53566951 -0.32247748 0.006055 1789527543.538478136 47.259 -4.225 0.029 0.00000 -1 ACTUAL_TF
17.3371 0.1283600 -1.6737742 0.6757471 -0.40880538 0.66479462 -0.53566290 -0.32247718 0.005523 1789527543.594463825 47.498 -4.465 0.024 0.00000 -1 ACTUAL_TF
17.3937 0.1285291 -1.6737595 0.6757445 -0.40880496 0.66479363 -0.53566377 -0.32247831 0.004762 1789527543.651307583 47.668 -4.634 0.024 0.00000 -1 ACTUAL_TF
17.4609 0.1286598 -1.6737533 0.6757422 -0.40880287 0.66479341 -0.53566170 -0.32248485 0.004044 1789527543.706565142 47.799 -4.765 0.022 0.00000 -1 ACTUAL_TF
