WELD FEEDBACK LOG
result=completed
started=2026-09-16 16:02:32
ended=2026-09-16 16:02:39
elapsed_seconds=7.072

================ OPERATOR OVERVIEW ================
REQUESTED : 220 A / 26.0 V · FE-SOLID 1.2 mm · LSM · CO2 100%
RX ECHO   : 220 A / 26.0 V · MATCH=YES
CURRENT FB: no positive feedback A
VOLTAGE FB: no positive feedback V
WIRE FEED : no positive feedback m/min
ARC ON    : 0.000 s
NET WELD  : 0.000 s
WIRE USED : 0.000 mm (base 0.000 + alpha 0.000)
WCR       : NOT DETECTED
SAMPLES   : RX 177 / welding 0 / TCP 127
===================================================

[commanded]
current_a=220
voltage_tenths=260
voltage=26.0
material=FE-SOLID
diameter_mm=1.2
mode=LSM
gas=CO2 100%
synergic=False
correction=0.0
hot_start_enabled=True
hot_start_percent=10.0
hot_start_hold_adjustment=-1
crater_enabled=False
crater_percent=27.27272727272727
crater_current_a=60.0
crater_voltage_v=25.0
crater_seconds=1.0
wire_consumable_alpha_mm=0.0
hot_start_current_a=242

[rx_setting_echo]
current_a=220
voltage_v=26.0
hot_start_current_a=0
hot_start_hold_adjustment=-15

[rx_welding_setting_echo]

[execution_conditions]
mode=sequence_execute
run_all=True
touch_io_backend=fastech_ethernet
touch_input_port=4
touch_sensing_output_port=0
fastech_ip=192.168.0.3
fastech_poll_target_hz=100.0
hicomm_source_ip=192.168.1.2
hicomm_welder_ip=192.168.1.10
hicomm_port=60000
gui_velocity_percent=36.95263157894737
gui_speed_mode=scale
gui_tcp_speed_mm_s=10.0
gui_interpolation_step_mm=5.0
seam_orientation_mode=Wait poses + fixed World-XYZ tilt
weld_fixed_tilt_x_deg=0.0
weld_fixed_tilt_y_deg=0.0
weld_fixed_tilt_z_deg=-0.0
weld_weave_enabled=False
weld_weave_pattern=capping
capping_width_mm=4.0
capping_pitch_mm=4.0
capping_left_dwell_s=0.2
capping_right_dwell_s=0.2
weld_weave_amplitude_mm=4.0
weld_weave_cycles=16
weld_weave_samples_per_cycle=8
weld_weave_axis=tool_x
weld_lead_in_mm=0.0
weld_lead_out_mm=0.0
weld_safe_approach_mm=31.0
weld_approach_mode=taught_wait
weld_pre_start_lead_mm=0.0
weld_tcp_speed_mm_s=6.0
weld_arc_off_delay_ms=0.0
tcp_tracking.parent_frame=World
tcp_tracking.child_frame=right_manipulator_ee_point
tcp_tracking.timestamp_source=TF_header_stamp
initial_fastech_di0=False
initial_fastech_do0=True
robot_connected.left=True
robot_connected.right=True
robot_connected.head=True
hicomm_connected=True
execution_allowed=True
steps[0].sequence_number=1
steps[0].type=named_pose
steps[0].parallel_slot=1
steps[0].duration=0.0
steps[0].planning_group=right_manipulator
steps[0].velocity_scale=0.3695263157894737
steps[0].tcp_speed_m_s=0.0
steps[0].pose_name=weld_start_wait
steps[0].pose_label=3 · Weld start wait pose
steps[0].touch_guard=False
steps[0].continue_after_touch=False
steps[0].weld_scenario_id=weld-4310245193173
steps[0].weld_scenario_stage=start_wait
steps[0].target_tcp.position_m.x=0.18348337765561756
steps[0].target_tcp.position_m.y=-1.6560314012899593
steps[0].target_tcp.position_m.z=0.6861737087515496
steps[0].target_tcp.orientation_xyzw.x=0.475902853006447
steps[0].target_tcp.orientation_xyzw.y=-0.5209443069004668
steps[0].target_tcp.orientation_xyzw.z=0.6996816680009059
steps[0].target_tcp.orientation_xyzw.w=0.11215644017080094
steps[0].joint_names[0]=right_manipulator_joint1
steps[0].joint_names[1]=right_manipulator_joint2
steps[0].joint_names[2]=right_manipulator_joint3
steps[0].joint_names[3]=right_manipulator_joint4
steps[0].joint_names[4]=right_manipulator_joint5
steps[0].joint_names[5]=right_manipulator_joint6
steps[0].joint_positions_rad[0]=4.993213991011365
steps[0].joint_positions_rad[1]=1.4151200468518241
steps[0].joint_positions_rad[2]=1.8104769633184474
steps[0].joint_positions_rad[3]=2.8399944538282815
steps[0].joint_positions_rad[4]=1.6552867102743145
steps[0].joint_positions_rad[5]=1.6938792434209253
steps[1].sequence_number=2
steps[1].type=motion
steps[1].parallel_slot=2
steps[1].duration=0.0
steps[1].planning_group=right_manipulator
steps[1].velocity_scale=0.3695263157894737
steps[1].tcp_speed_m_s=0.0
steps[1].interpolation_step=0.005
steps[1].path_kind=taught_wait_align_weld_attitude
steps[1].touch_guard=False
steps[1].continue_after_touch=False
steps[1].accept_initial_touch=False
steps[1].weld_scenario_id=weld-4310245193173
steps[1].weld_scenario_stage=start_safe
steps[1].waypoint_count=1
steps[1].waypoints[0].position_m.x=0.18348337765561756
steps[1].waypoints[0].position_m.y=-1.6560314012899593
steps[1].waypoints[0].position_m.z=0.6861737087515496
steps[1].waypoints[0].orientation_xyzw.x=0.47392998358119603
steps[1].waypoints[0].orientation_xyzw.y=-0.5227397699184662
steps[1].waypoints[0].orientation_xyzw.z=0.6992526520920735
steps[1].waypoints[0].orientation_xyzw.w=0.11480083688944948
steps[2].sequence_number=3
steps[2].type=motion
steps[2].parallel_slot=3
steps[2].duration=0.0
steps[2].planning_group=right_manipulator
steps[2].velocity_scale=0.3695263157894737
steps[2].tcp_speed_m_s=0.0
steps[2].interpolation_step=0.005
steps[2].path_kind=taught_wait_to_weld_start
steps[2].touch_guard=False
steps[2].continue_after_touch=True
steps[2].accept_initial_touch=False
steps[2].weld_scenario_id=weld-4310245193173
steps[2].weld_scenario_stage=start_contact
steps[2].waypoint_count=1
steps[2].waypoints[0].position_m.x=0.18417346060383577
steps[2].waypoints[0].position_m.y=-1.6568111276452289
steps[2].waypoints[0].position_m.z=0.6846726727109822
steps[2].waypoints[0].orientation_xyzw.x=0.47392998358119603
steps[2].waypoints[0].orientation_xyzw.y=-0.5227397699184662
steps[2].waypoints[0].orientation_xyzw.z=0.6992526520920735
steps[2].waypoints[0].orientation_xyzw.w=0.11480083688944948
steps[3].sequence_number=4
steps[3].type=digital_output
steps[3].parallel_slot=4
steps[3].duration=0.0
steps[3].port=0
steps[3].value=False
steps[3].weld_scenario_id=weld-4310245193173
steps[3].weld_scenario_stage=touch_output_off
steps[4].sequence_number=5
steps[4].type=digital_weld
steps[4].parallel_slot=5
steps[4].duration=0.0
steps[4].command=on
steps[4].weld_scenario_id=weld-4310245193173
steps[4].weld_scenario_stage=arc_on
steps[4].settings.current_a=220
steps[4].settings.voltage_tenths=260
steps[4].settings.voltage=26.0
steps[4].settings.material=FE-SOLID
steps[4].settings.diameter_mm=1.2
steps[4].settings.mode=LSM
steps[4].settings.gas=CO2 100%
steps[4].settings.synergic=False
steps[4].settings.correction=0.0
steps[4].settings.hot_start_enabled=True
steps[4].settings.hot_start_percent=10.0
steps[4].settings.hot_start_hold_adjustment=-1
steps[4].settings.crater_enabled=False
steps[4].settings.crater_percent=27.27272727272727
steps[4].settings.crater_current_a=60.0
steps[4].settings.crater_voltage_v=25.0
steps[4].settings.crater_seconds=1.0
steps[4].settings.wire_consumable_alpha_mm=0.0
steps[4].settings.hot_start_current_a=242
steps[5].sequence_number=6
steps[5].type=motion
steps[5].parallel_slot=5
steps[5].duration=0.0
steps[5].planning_group=right_manipulator
steps[5].velocity_scale=0.3695263157894737
steps[5].tcp_speed_m_s=0.006
steps[5].interpolation_step=0.005
steps[5].path_kind=continuous_sensed_start_to_sensed_goal_weld_fastech_di0_ignored
steps[5].touch_guard=False
steps[5].weld_scenario_id=weld-4310245193173
steps[5].weld_scenario_stage=weld_motion
steps[5].lead_in_mm=0.0
steps[5].lead_out_mm=0.0
steps[5].linear_motion_profile=True
steps[5].capping_width_mm=4.0
steps[5].capping_pitch_mm=4.0
steps[5].capping_left_dwell_s=0.2
steps[5].capping_right_dwell_s=0.2
steps[5].waypoint_count=2
steps[5].waypoints[0].position_m.x=0.18417346060383577
steps[5].waypoints[0].position_m.y=-1.6568111276452289
steps[5].waypoints[0].position_m.z=0.6846726727109822
steps[5].waypoints[0].orientation_xyzw.x=0.47392998358119603
steps[5].waypoints[0].orientation_xyzw.y=-0.5227397699184662
steps[5].waypoints[0].orientation_xyzw.z=0.6992526520920735
steps[5].waypoints[0].orientation_xyzw.w=0.11480083688944948
steps[5].waypoints[1].position_m.x=0.21109759921431748
steps[5].waypoints[1].position_m.y=-1.6334699073834518
steps[5].waypoints[1].position_m.z=0.6849259140309985
steps[5].waypoints[1].orientation_xyzw.x=0.47390203020354227
steps[5].waypoints[1].orientation_xyzw.y=-0.5227684376737417
steps[5].waypoints[1].orientation_xyzw.z=0.699255930023253
steps[5].waypoints[1].orientation_xyzw.w=0.11476572078992768
steps[5].lead_start.position_m.x=0.18417346060383577
steps[5].lead_start.position_m.y=-1.6568111276452289
steps[5].lead_start.position_m.z=0.6846726727109822
steps[5].lead_start.orientation_xyzw.x=0.47392998358119603
steps[5].lead_start.orientation_xyzw.y=-0.5227397699184662
steps[5].lead_start.orientation_xyzw.z=0.6992526520920735
steps[5].lead_start.orientation_xyzw.w=0.11480083688944948
steps[5].usable_seam_start.position_m.x=0.18417346060383577
steps[5].usable_seam_start.position_m.y=-1.6568111276452289
steps[5].usable_seam_start.position_m.z=0.6846726727109822
steps[5].usable_seam_start.orientation_xyzw.x=0.47392998358119603
steps[5].usable_seam_start.orientation_xyzw.y=-0.5227397699184662
steps[5].usable_seam_start.orientation_xyzw.z=0.6992526520920735
steps[5].usable_seam_start.orientation_xyzw.w=0.11480083688944948
steps[5].usable_seam_goal.position_m.x=0.21109759921431748
steps[5].usable_seam_goal.position_m.y=-1.6334699073834518
steps[5].usable_seam_goal.position_m.z=0.6849259140309985
steps[5].usable_seam_goal.orientation_xyzw.x=0.47390203020354227
steps[5].usable_seam_goal.orientation_xyzw.y=-0.5227684376737417
steps[5].usable_seam_goal.orientation_xyzw.z=0.699255930023253
steps[5].usable_seam_goal.orientation_xyzw.w=0.11476572078992768
steps[5].lead_end.position_m.x=0.21109759921431748
steps[5].lead_end.position_m.y=-1.6334699073834518
steps[5].lead_end.position_m.z=0.6849259140309985
steps[5].lead_end.orientation_xyzw.x=0.47390203020354227
steps[5].lead_end.orientation_xyzw.y=-0.5227684376737417
steps[5].lead_end.orientation_xyzw.z=0.699255930023253
steps[5].lead_end.orientation_xyzw.w=0.11476572078992768
steps[6].sequence_number=7
steps[6].type=digital_weld
steps[6].parallel_slot=5
steps[6].duration=0.0
steps[6].velocity_scale=0.3695263157894737
steps[6].tcp_speed_m_s=0.006
steps[6].command=off
steps[6].weld_scenario_id=weld-4310245193173
steps[6].weld_scenario_stage=arc_off
steps[6].path_to_seam_speed_factor=1.0
steps[6].trigger_before_goal=True
steps[6].arc_off_delay_s=0.0
steps[6].settings.current_a=220
steps[6].settings.voltage_tenths=260
steps[6].settings.voltage=26.0
steps[6].settings.material=FE-SOLID
steps[6].settings.diameter_mm=1.2
steps[6].settings.mode=LSM
steps[6].settings.gas=CO2 100%
steps[6].settings.synergic=False
steps[6].settings.correction=0.0
steps[6].settings.hot_start_enabled=True
steps[6].settings.hot_start_percent=10.0
steps[6].settings.hot_start_hold_adjustment=-1
steps[6].settings.crater_enabled=False
steps[6].settings.crater_percent=27.27272727272727
steps[6].settings.crater_current_a=60.0
steps[6].settings.crater_voltage_v=25.0
steps[6].settings.crater_seconds=1.0
steps[6].settings.wire_consumable_alpha_mm=0.0
steps[6].settings.hot_start_current_a=242
steps[7].sequence_number=8
steps[7].type=motion
steps[7].parallel_slot=6
steps[7].duration=0.0
steps[7].planning_group=right_manipulator
steps[7].velocity_scale=0.3695263157894737
steps[7].tcp_speed_m_s=0.0
steps[7].interpolation_step=0.005
steps[7].path_kind=weld_end_to_taught_wait_fixed_attitude
steps[7].pose_name=weld_goal_wait
steps[7].pose_label=5 · Weld goal wait pose
steps[7].touch_guard=False
steps[7].continue_after_touch=False
steps[7].weld_scenario_id=weld-4310245193173
steps[7].weld_scenario_stage=goal_wait
steps[7].waypoint_count=1
steps[7].waypoints[0].position_m.x=0.21022935355663364
steps[7].waypoints[0].position_m.y=-1.6324880715127206
steps[7].waypoints[0].position_m.z=0.6867404643411368
steps[7].waypoints[0].orientation_xyzw.x=0.47390203020354227
steps[7].waypoints[0].orientation_xyzw.y=-0.5227684376737417
steps[7].waypoints[0].orientation_xyzw.z=0.699255930023253
steps[7].waypoints[0].orientation_xyzw.w=0.11476572078992768
steps[8].sequence_number=9
steps[8].type=named_pose
steps[8].parallel_slot=7
steps[8].duration=0.0
steps[8].planning_group=right_manipulator
steps[8].velocity_scale=0.3695263157894737
steps[8].tcp_speed_m_s=0.0
steps[8].pose_name=weld_finish
steps[8].pose_label=7 · Weld end pose
steps[8].touch_guard=False
steps[8].continue_after_touch=False
steps[8].weld_scenario_id=weld-4310245193173
steps[8].weld_scenario_stage=finish
steps[8].target_tcp.position_m.x=0.21022592489912634
steps[8].target_tcp.position_m.y=-1.5969600090991618
steps[8].target_tcp.position_m.z=0.7202511144489248
steps[8].target_tcp.orientation_xyzw.x=0.4758798004373522
steps[8].target_tcp.orientation_xyzw.y=-0.5208944907953313
steps[8].target_tcp.orientation_xyzw.z=0.6997303861611069
steps[8].target_tcp.orientation_xyzw.w=0.1121816904740101
steps[8].joint_names[0]=right_manipulator_joint1
steps[8].joint_names[1]=right_manipulator_joint2
steps[8].joint_names[2]=right_manipulator_joint3
steps[8].joint_names[3]=right_manipulator_joint4
steps[8].joint_names[4]=right_manipulator_joint5
steps[8].joint_names[5]=right_manipulator_joint6
steps[8].joint_positions_rad[0]=5.049333186765951
steps[8].joint_positions_rad[1]=1.3820900582740618
steps[8].joint_positions_rad[2]=1.8968470058952431
steps[8].joint_positions_rad[3]=2.8948419901623543
steps[8].joint_positions_rad[4]=1.7084368808876254
steps[8].joint_positions_rad[5]=1.6853094573491592
steps[9].sequence_number=10
steps[9].type=digital_output
steps[9].parallel_slot=8
steps[9].duration=0.0
steps[9].port=0
steps[9].value=True
steps[9].weld_scenario_id=weld-4310245193173
steps[9].weld_scenario_stage=touch_output_on
hicomm_cyclic_period_ms=40.0
arc_wait_recognition=True
arc_wait_main_welding=True
arc_wait_established=True
arc_establishment_timeout_s=5.0

[summary]
rx_samples=177
welding_samples=0
wcr_seen=0
current_a.min=None
current_a.average=None
current_a.max=None
voltage_v.min=None
voltage_v.average=None
voltage_v.max=None
wire_feed_m_min.min=None
wire_feed_m_min.average=None
wire_feed_m_min.max=None

[production_metrics]
arc_started_elapsed_s=None
arc_completed_elapsed_s=None
arc_on_time_s=0.0
main_weld_arc_time_s=0.0
crater_arc_time_s=0.0
weld_motion_start_elapsed_s=0.019261546000052476
weld_motion_complete_elapsed_s=7.067341978000513
weld_motion_duration_s=7.048080432000461
net_weld_arc_time_s=0.0
wire_feed_average_m_min=0.0
wire_consumable_base_mm=0.0
wire_consumable_alpha_mm=0.0
wire_consumable_mm=0.0
wire_consumable_formula=integral(WFS*1000/60*dt)+alpha
weld_motion_start_unix_time=1789542152.6122527
weld_motion_start_wall_time=2026-09-16 16:02:32.612
weld_motion_complete_unix_time=1789542159.6603332
weld_motion_complete_wall_time=2026-09-16 16:02:39.660

[arc_off_control]

[teaching_snapshot_yaml]
robot_start:
  planning_group: right_manipulator
  joint_state:
    names:
    - right_manipulator_joint1
    - right_manipulator_joint2
    - right_manipulator_joint3
    - right_manipulator_joint4
    - right_manipulator_joint5
    - right_manipulator_joint6
    positions_rad:
    - 5.272090632984539
    - 1.1319069796756747
    - 2.106417676818249
    - 3.6901007738119302
    - 1.4686233526256796
    - 1.4680081624138712
  tcp_pose_world:
    position_m:
      x: 0.0593687026100857
      y: -1.566580876666292
      z: 0.8404797210507349
    orientation_xyzw:
      x: -0.435964943840794
      y: 0.633785310019272
      z: -0.5278153609885844
      w: -0.36008567487496485
weld_wait:
  planning_group: right_manipulator
  joint_state:
    names:
    - right_manipulator_joint1
    - right_manipulator_joint2
    - right_manipulator_joint3
    - right_manipulator_joint4
    - right_manipulator_joint5
    - right_manipulator_joint6
    positions_rad:
    - 4.99982448946916
    - 1.3845885028507197
    - 1.85644711847485
    - 2.8461988202198394
    - 1.6702886961688943
    - 1.6900785130712186
  tcp_pose_world:
    position_m:
      x: 0.1835538739360255
      y: -1.6375066157837421
      z: 0.7140870440981706
    orientation_xyzw:
      x: 0.47584286949725096
      y: -0.5209662909417571
      z: 0.6997161331574423
      w: 0.11209380112301988
weld_start_wait:
  planning_group: right_manipulator
  joint_state:
    names:
    - right_manipulator_joint1
    - right_manipulator_joint2
    - right_manipulator_joint3
    - right_manipulator_joint4
    - right_manipulator_joint5
    - right_manipulator_joint6
    positions_rad:
    - 4.993213991011365
    - 1.4151200468518241
    - 1.8104769633184474
    - 2.8399944538282815
    - 1.6552867102743145
    - 1.6938792434209253
  tcp_pose_world:
    position_m:
      x: 0.18348337765561756
      y: -1.6560314012899593
      z: 0.6861737087515496
    orientation_xyzw:
      x: 0.475902853006447
      y: -0.5209443069004668
      z: 0.6996816680009059
      w: 0.11215644017080094
weld_start:
  planning_group: right_manipulator
  joint_state:
    names:
    - right_manipulator_joint1
    - right_manipulator_joint2
    - right_manipulator_joint3
    - right_manipulator_joint4
    - right_manipulator_joint5
    - right_manipulator_joint6
    positions_rad:
    - 4.997857623558393
    - 1.416915615552028
    - 1.809618815391777
    - 2.8522161206239725
    - 1.6564848664325007
    - 1.6945973767359381
  tcp_pose_world:
    position_m:
      x: 0.18417346060383577
      y: -1.6568111276452289
      z: 0.6846726727109822
    orientation_xyzw:
      x: 0.47392998358119603
      y: -0.5227397699184662
      z: 0.6992526520920735
      w: 0.11480083688944948
weld_goal_wait:
  planning_group: right_manipulator
  joint_state:
    names:
    - right_manipulator_joint1
    - right_manipulator_joint2
    - right_manipulator_joint3
    - right_manipulator_joint4
    - right_manipulator_joint5
    - right_manipulator_joint6
    positions_rad:
    - 5.0343049687346335
    - 1.4163464325338058
    - 1.8290442561223708
    - 2.880743747983693
    - 1.6753613522552229
    - 1.6921858724417984
  tcp_pose_world:
    position_m:
      x: 0.21022935355663364
      y: -1.6324880715127206
      z: 0.6867404643411368
    orientation_xyzw:
      x: 0.47587500820912576
      y: -0.5209730801306803
      z: 0.6996848131496517
      w: 0.11212131192977169
weld_end:
  planning_group: right_manipulator
  joint_state:
    names:
    - right_manipulator_joint1
    - right_manipulator_joint2
    - right_manipulator_joint3
    - right_manipulator_joint4
    - right_manipulator_joint5
    - right_manipulator_joint6
    positions_rad:
    - 5.0391887186646205
    - 1.4184821450093283
    - 1.8274576473010176
    - 2.893238758439197
    - 1.6762185989748892
    - 1.6933059556829826
  tcp_pose_world:
    position_m:
      x: 0.21109759921431748
      y: -1.6334699073834518
      z: 0.6849259140309985
    orientation_xyzw:
      x: 0.47390203020354227
      y: -0.5227684376737417
      z: 0.699255930023253
      w: 0.11476572078992768
weld_finish:
  planning_group: right_manipulator
  joint_state:
    names:
    - right_manipulator_joint1
    - right_manipulator_joint2
    - right_manipulator_joint3
    - right_manipulator_joint4
    - right_manipulator_joint5
    - right_manipulator_joint6
    positions_rad:
    - 5.049333186765951
    - 1.3820900582740618
    - 1.8968470058952431
    - 2.8948419901623543
    - 1.7084368808876254
    - 1.6853094573491592
  tcp_pose_world:
    position_m:
      x: 0.21022592489912634
      y: -1.5969600090991618
      z: 0.7202511144489248
    orientation_xyzw:
      x: 0.4758798004373522
      y: -0.5208944907953313
      z: 0.6997303861611069
      w: 0.1121816904740101

[touch_snapshot_yaml]
start_floor:
  position_m:
    x: 0.18355605007067483
    y: -1.6556876471632693
    z: 0.6846745458516619
  orientation_xyzw:
    x: 0.47589564787616984
    y: -0.5210280788377932
    z: 0.699632947130656
    w: 0.11210179608013164
start_wall:
  position_m:
    x: 0.18438519754530114
    y: -1.6566278955620306
    z: 0.6858506972298177
  orientation_xyzw:
    x: 0.4759679716807075
    y: -0.5210850574244927
    z: 0.6995409500520489
    w: 0.11210402340390511
goal_floor:
  position_m:
    x: 0.2102921452629869
    y: -1.6327271487694142
    z: 0.684925010468048
  orientation_xyzw:
    x: 0.47577236579129695
    y: -0.5209750186001507
    z: 0.6997666873445373
    w: 0.11203691010902489
goal_wall:
  position_m:
    x: 0.21099738253997513
    y: -1.6335573199151865
    z: 0.6868326569998797
  orientation_xyzw:
    x: 0.4759382581697315
    y: -0.5208749246044764
    z: 0.6997008126103333
    w: 0.11220900213923206

[samples]
elapsed_s raw0 state arc gas fwd wcr current_a voltage_v wire_feed_m_min set_current_a set_voltage_v error db collision
0.008 0x00 idle 0 0 0 0 0 0.0 0.0 220 26.0 0 0 0
0.047 0x00 idle 0 0 0 0 0 0.0 0.0 220 26.0 0 0 0
0.082 0x00 idle 0 0 0 0 0 0.0 0.0 220 26.0 0 0 0
0.125 0x00 idle 0 0 0 0 0 0.0 0.0 220 26.0 0 0 0
0.166 0x00 idle 0 0 0 0 0 0.0 0.0 220 26.0 0 0 0
0.204 0x00 idle 0 0 0 0 0 0.0 0.0 220 26.0 0 0 0
0.245 0x00 idle 0 0 0 0 0 0.0 0.0 220 26.0 0 0 0
0.285 0x00 idle 0 0 0 0 0 0.0 0.0 220 26.0 0 0 0
0.325 0x00 idle 0 0 0 0 0 0.0 0.0 220 26.0 0 0 0
0.366 0x00 idle 0 0 0 0 0 0.0 0.0 220 26.0 0 0 0
0.404 0x00 idle 0 0 0 0 0 0.0 0.0 220 26.0 0 0 0
0.446 0x00 idle 0 0 0 0 0 0.0 0.0 220 26.0 0 0 0
0.486 0x00 idle 0 0 0 0 0 0.0 0.0 220 26.0 0 0 0
0.525 0x00 idle 0 0 0 0 0 0.0 0.0 220 26.0 0 0 0
0.565 0x00 idle 0 0 0 0 0 0.0 0.0 220 26.0 0 0 0
0.605 0x00 idle 0 0 0 0 0 0.0 0.0 220 26.0 0 0 0
0.647 0x00 idle 0 0 0 0 0 0.0 0.0 220 26.0 0 0 0
0.690 0x00 idle 0 0 0 0 0 0.0 0.0 220 26.0 0 0 0
0.729 0x00 idle 0 0 0 0 0 0.0 0.0 220 26.0 0 0 0
0.772 0x00 idle 0 0 0 0 0 0.0 0.0 220 26.0 0 0 0
0.808 0x00 idle 0 0 0 0 0 0.0 0.0 220 26.0 0 0 0
0.844 0x00 idle 0 0 0 0 0 0.0 0.0 220 26.0 0 0 0
0.885 0x00 idle 0 0 0 0 0 0.0 0.0 220 26.0 0 0 0
0.925 0x00 idle 0 0 0 0 0 0.0 0.0 220 26.0 0 0 0
0.966 0x00 idle 0 0 0 0 0 0.0 0.0 220 26.0 0 0 0
1.007 0x00 idle 0 0 0 0 0 0.0 0.0 220 26.0 0 0 0
1.048 0x00 idle 0 0 0 0 0 0.0 0.0 220 26.0 0 0 0
1.085 0x00 idle 0 0 0 0 0 0.0 0.0 220 26.0 0 0 0
1.128 0x00 idle 0 0 0 0 0 0.0 0.0 220 26.0 0 0 0
1.167 0x00 idle 0 0 0 0 0 0.0 0.0 220 26.0 0 0 0
1.209 0x00 idle 0 0 0 0 0 0.0 0.0 220 26.0 0 0 0
1.245 0x00 idle 0 0 0 0 0 0.0 0.0 220 26.0 0 0 0
1.286 0x00 idle 0 0 0 0 0 0.0 0.0 220 26.0 0 0 0
1.329 0x00 idle 0 0 0 0 0 0.0 0.0 220 26.0 0 0 0
1.368 0x00 idle 0 0 0 0 0 0.0 0.0 220 26.0 0 0 0
1.407 0x00 idle 0 0 0 0 0 0.0 0.0 220 26.0 0 0 0
1.445 0x00 idle 0 0 0 0 0 0.0 0.0 220 26.0 0 0 0
1.486 0x00 idle 0 0 0 0 0 0.0 0.0 220 26.0 0 0 0
1.526 0x00 idle 0 0 0 0 0 0.0 0.0 220 26.0 0 0 0
1.569 0x00 idle 0 0 0 0 0 0.0 0.0 220 26.0 0 0 0
1.606 0x00 idle 0 0 0 0 0 0.0 0.0 220 26.0 0 0 0
1.649 0x00 idle 0 0 0 0 0 0.0 0.0 220 26.0 0 0 0
1.683 0x00 idle 0 0 0 0 0 0.0 0.0 220 26.0 0 0 0
1.726 0x00 idle 0 0 0 0 0 0.0 0.0 220 26.0 0 0 0
1.767 0x00 idle 0 0 0 0 0 0.0 0.0 220 26.0 0 0 0
1.806 0x00 idle 0 0 0 0 0 0.0 0.0 220 26.0 0 0 0
1.843 0x00 idle 0 0 0 0 0 0.0 0.0 220 26.0 0 0 0
1.887 0x00 idle 0 0 0 0 0 0.0 0.0 220 26.0 0 0 0
1.927 0x00 idle 0 0 0 0 0 0.0 0.0 220 26.0 0 0 0
1.966 0x00 idle 0 0 0 0 0 0.0 0.0 220 26.0 0 0 0
2.007 0x00 idle 0 0 0 0 0 0.0 0.0 220 26.0 0 0 0
2.045 0x00 idle 0 0 0 0 0 0.0 0.0 220 26.0 0 0 0
2.087 0x00 idle 0 0 0 0 0 0.0 0.0 220 26.0 0 0 0
2.127 0x00 idle 0 0 0 0 0 0.0 0.0 220 26.0 0 0 0
2.168 0x00 idle 0 0 0 0 0 0.0 0.0 220 26.0 0 0 0
2.204 0x00 idle 0 0 0 0 0 0.0 0.0 220 26.0 0 0 0
2.246 0x00 idle 0 0 0 0 0 0.0 0.0 220 26.0 0 0 0
2.294 0x00 idle 0 0 0 0 0 0.0 0.0 220 26.0 0 0 0
2.328 0x00 idle 0 0 0 0 0 0.0 0.0 220 26.0 0 0 0
2.368 0x00 idle 0 0 0 0 0 0.0 0.0 220 26.0 0 0 0
2.405 0x00 idle 0 0 0 0 0 0.0 0.0 220 26.0 0 0 0
2.447 0x00 idle 0 0 0 0 0 0.0 0.0 220 26.0 0 0 0
2.485 0x00 idle 0 0 0 0 0 0.0 0.0 220 26.0 0 0 0
2.526 0x00 idle 0 0 0 0 0 0.0 0.0 220 26.0 0 0 0
2.567 0x00 idle 0 0 0 0 0 0.0 0.0 220 26.0 0 0 0
2.605 0x00 idle 0 0 0 0 0 0.0 0.0 220 26.0 0 0 0
2.647 0x00 idle 0 0 0 0 0 0.0 0.0 220 26.0 0 0 0
2.686 0x00 idle 0 0 0 0 0 0.0 0.0 220 26.0 0 0 0
2.730 0x00 idle 0 0 0 0 0 0.0 0.0 220 26.0 0 0 0
2.770 0x00 idle 0 0 0 0 0 0.0 0.0 220 26.0 0 0 0
2.805 0x00 idle 0 0 0 0 0 0.0 0.0 220 26.0 0 0 0
2.846 0x00 idle 0 0 0 0 0 0.0 0.0 220 26.0 0 0 0
2.888 0x00 idle 0 0 0 0 0 0.0 0.0 220 26.0 0 0 0
2.924 0x00 idle 0 0 0 0 0 0.0 0.0 220 26.0 0 0 0
2.973 0x00 idle 0 0 0 0 0 0.0 0.0 220 26.0 0 0 0
3.011 0x00 idle 0 0 0 0 0 0.0 0.0 220 26.0 0 0 0
3.046 0x00 idle 0 0 0 0 0 0.0 0.0 220 26.0 0 0 0
3.087 0x00 idle 0 0 0 0 0 0.0 0.0 220 26.0 0 0 0
3.131 0x00 idle 0 0 0 0 0 0.0 0.0 220 26.0 0 0 0
3.167 0x00 idle 0 0 0 0 0 0.0 0.0 220 26.0 0 0 0
3.203 0x00 idle 0 0 0 0 0 0.0 0.0 220 26.0 0 0 0
3.250 0x00 idle 0 0 0 0 0 0.0 0.0 220 26.0 0 0 0
3.290 0x00 idle 0 0 0 0 0 0.0 0.0 220 26.0 0 0 0
3.325 0x00 idle 0 0 0 0 0 0.0 0.0 220 26.0 0 0 0
3.365 0x00 idle 0 0 0 0 0 0.0 0.0 220 26.0 0 0 0
3.407 0x00 idle 0 0 0 0 0 0.0 0.0 220 26.0 0 0 0
3.445 0x00 idle 0 0 0 0 0 0.0 0.0 220 26.0 0 0 0
3.488 0x00 idle 0 0 0 0 0 0.0 0.0 220 26.0 0 0 0
3.523 0x00 idle 0 0 0 0 0 0.0 0.0 220 26.0 0 0 0
3.568 0x00 idle 0 0 0 0 0 0.0 0.0 220 26.0 0 0 0
3.611 0x00 idle 0 0 0 0 0 0.0 0.0 220 26.0 0 0 0
3.646 0x00 idle 0 0 0 0 0 0.0 0.0 220 26.0 0 0 0
3.685 0x00 idle 0 0 0 0 0 0.0 0.0 220 26.0 0 0 0
3.726 0x00 idle 0 0 0 0 0 0.0 0.0 220 26.0 0 0 0
3.766 0x00 idle 0 0 0 0 0 0.0 0.0 220 26.0 0 0 0
3.807 0x00 idle 0 0 0 0 0 0.0 0.0 220 26.0 0 0 0
3.847 0x00 idle 0 0 0 0 0 0.0 0.0 220 26.0 0 0 0
3.885 0x00 idle 0 0 0 0 0 0.0 0.0 220 26.0 0 0 0
3.926 0x00 idle 0 0 0 0 0 0.0 0.0 220 26.0 0 0 0
3.965 0x00 idle 0 0 0 0 0 0.0 0.0 220 26.0 0 0 0
4.004 0x00 idle 0 0 0 0 0 0.0 0.0 220 26.0 0 0 0
4.047 0x00 idle 0 0 0 0 0 0.0 0.0 220 26.0 0 0 0
4.085 0x00 idle 0 0 0 0 0 0.0 0.0 220 26.0 0 0 0
4.130 0x00 idle 0 0 0 0 0 0.0 0.0 220 26.0 0 0 0
4.169 0x00 idle 0 0 0 0 0 0.0 0.0 220 26.0 0 0 0
4.208 0x00 idle 0 0 0 0 0 0.0 0.0 220 26.0 0 0 0
4.246 0x00 idle 0 0 0 0 0 0.0 0.0 220 26.0 0 0 0
4.283 0x00 idle 0 0 0 0 0 0.0 0.0 220 26.0 0 0 0
4.323 0x00 idle 0 0 0 0 0 0.0 0.0 220 26.0 0 0 0
4.365 0x00 idle 0 0 0 0 0 0.0 0.0 220 26.0 0 0 0
4.406 0x00 idle 0 0 0 0 0 0.0 0.0 220 26.0 0 0 0
4.446 0x00 idle 0 0 0 0 0 0.0 0.0 220 26.0 0 0 0
4.484 0x00 idle 0 0 0 0 0 0.0 0.0 220 26.0 0 0 0
4.525 0x00 idle 0 0 0 0 0 0.0 0.0 220 26.0 0 0 0
4.566 0x00 idle 0 0 0 0 0 0.0 0.0 220 26.0 0 0 0
4.606 0x00 idle 0 0 0 0 0 0.0 0.0 220 26.0 0 0 0
4.646 0x00 idle 0 0 0 0 0 0.0 0.0 220 26.0 0 0 0
4.689 0x00 idle 0 0 0 0 0 0.0 0.0 220 26.0 0 0 0
4.724 0x00 idle 0 0 0 0 0 0.0 0.0 220 26.0 0 0 0
4.765 0x00 idle 0 0 0 0 0 0.0 0.0 220 26.0 0 0 0
4.804 0x00 idle 0 0 0 0 0 0.0 0.0 220 26.0 0 0 0
4.847 0x00 idle 0 0 0 0 0 0.0 0.0 220 26.0 0 0 0
4.884 0x00 idle 0 0 0 0 0 0.0 0.0 220 26.0 0 0 0
4.924 0x00 idle 0 0 0 0 0 0.0 0.0 220 26.0 0 0 0
4.966 0x00 idle 0 0 0 0 0 0.0 0.0 220 26.0 0 0 0
5.006 0x00 idle 0 0 0 0 0 0.0 0.0 220 26.0 0 0 0
5.046 0x00 idle 0 0 0 0 0 0.0 0.0 220 26.0 0 0 0
5.085 0x00 idle 0 0 0 0 0 0.0 0.0 220 26.0 0 0 0
5.126 0x00 idle 0 0 0 0 0 0.0 0.0 220 26.0 0 0 0
5.168 0x00 idle 0 0 0 0 0 0.0 0.0 220 26.0 0 0 0
5.204 0x00 idle 0 0 0 0 0 0.0 0.0 220 26.0 0 0 0
5.245 0x00 idle 0 0 0 0 0 0.0 0.0 220 26.0 0 0 0
5.284 0x00 idle 0 0 0 0 0 0.0 0.0 220 26.0 0 0 0
5.324 0x00 idle 0 0 0 0 0 0.0 0.0 220 26.0 0 0 0
5.366 0x00 idle 0 0 0 0 0 0.0 0.0 220 26.0 0 0 0
5.407 0x00 idle 0 0 0 0 0 0.0 0.0 220 26.0 0 0 0
5.447 0x00 idle 0 0 0 0 0 0.0 0.0 220 26.0 0 0 0
5.485 0x00 idle 0 0 0 0 0 0.0 0.0 220 26.0 0 0 0
5.527 0x00 idle 0 0 0 0 0 0.0 0.0 220 26.0 0 0 0
5.568 0x00 idle 0 0 0 0 0 0.0 0.0 220 26.0 0 0 0
5.604 0x00 idle 0 0 0 0 0 0.0 0.0 220 26.0 0 0 0
5.645 0x00 idle 0 0 0 0 0 0.0 0.0 220 26.0 0 0 0
5.686 0x00 idle 0 0 0 0 0 0.0 0.0 220 26.0 0 0 0
5.725 0x00 idle 0 0 0 0 0 0.0 0.0 220 26.0 0 0 0
5.765 0x00 idle 0 0 0 0 0 0.0 0.0 220 26.0 0 0 0
5.805 0x00 idle 0 0 0 0 0 0.0 0.0 220 26.0 0 0 0
5.843 0x00 idle 0 0 0 0 0 0.0 0.0 220 26.0 0 0 0
5.884 0x00 idle 0 0 0 0 0 0.0 0.0 220 26.0 0 0 0
5.924 0x00 idle 0 0 0 0 0 0.0 0.0 220 26.0 0 0 0
5.967 0x00 idle 0 0 0 0 0 0.0 0.0 220 26.0 0 0 0
6.004 0x00 idle 0 0 0 0 0 0.0 0.0 220 26.0 0 0 0
6.047 0x00 idle 0 0 0 0 0 0.0 0.0 220 26.0 0 0 0
6.086 0x00 idle 0 0 0 0 0 0.0 0.0 220 26.0 0 0 0
6.127 0x00 idle 0 0 0 0 0 0.0 0.0 220 26.0 0 0 0
6.166 0x00 idle 0 0 0 0 0 0.0 0.0 220 26.0 0 0 0
6.204 0x00 idle 0 0 0 0 0 0.0 0.0 220 26.0 0 0 0
6.244 0x00 idle 0 0 0 0 0 0.0 0.0 220 26.0 0 0 0
6.286 0x00 idle 0 0 0 0 0 0.0 0.0 220 26.0 0 0 0
6.329 0x00 idle 0 0 0 0 0 0.0 0.0 220 26.0 0 0 0
6.366 0x00 idle 0 0 0 0 0 0.0 0.0 220 26.0 0 0 0
6.406 0x00 idle 0 0 0 0 0 0.0 0.0 220 26.0 0 0 0
6.449 0x00 idle 0 0 0 0 0 0.0 0.0 220 26.0 0 0 0
6.486 0x00 idle 0 0 0 0 0 0.0 0.0 220 26.0 0 0 0
6.529 0x00 idle 0 0 0 0 0 0.0 0.0 220 26.0 0 0 0
6.569 0x00 idle 0 0 0 0 0 0.0 0.0 220 26.0 0 0 0
6.605 0x00 idle 0 0 0 0 0 0.0 0.0 220 26.0 0 0 0
6.644 0x00 idle 0 0 0 0 0 0.0 0.0 220 26.0 0 0 0
6.684 0x00 idle 0 0 0 0 0 0.0 0.0 220 26.0 0 0 0
6.726 0x00 idle 0 0 0 0 0 0.0 0.0 220 26.0 0 0 0
6.767 0x00 idle 0 0 0 0 0 0.0 0.0 220 26.0 0 0 0
6.807 0x00 idle 0 0 0 0 0 0.0 0.0 220 26.0 0 0 0
6.848 0x00 idle 0 0 0 0 0 0.0 0.0 220 26.0 0 0 0
6.887 0x00 idle 0 0 0 0 0 0.0 0.0 220 26.0 0 0 0
6.927 0x00 idle 0 0 0 0 0 0.0 0.0 220 26.0 0 0 0
6.966 0x00 idle 0 0 0 0 0 0.0 0.0 220 26.0 0 0 0
7.006 0x00 idle 0 0 0 0 0 0.0 0.0 220 26.0 0 0 0
7.047 0x00 idle 0 0 0 0 0 0.0 0.0 220 26.0 0 0 0

[tcp_trajectory]
elapsed_s x_m y_m z_m qx qy qz qw speed_m_s tf_stamp_s along_mm remaining_mm cross_track_mm progress waypoint phase
0.0022 0.1838709 -1.6566483 0.6850131 0.47394771 -0.52272898 0.69925091 0.11478737 0.000000 1789542152.569487810 -0.120 35.754 0.469 0.00000 -1 ACTUAL_TF
0.0385 0.1839483 -1.6567189 0.6849024 0.47392684 -0.52273067 0.69926148 0.11480148 0.002741 1789542152.625077486 -0.108 35.742 0.317 0.00000 -1 ACTUAL_TF
0.1013 0.1839996 -1.6567626 0.6848272 0.47391046 -0.52273832 0.69926572 0.11480845 0.002455 1789542152.681560516 -0.098 35.733 0.216 0.00000 -1 ACTUAL_TF
0.1574 0.1840025 -1.6567589 0.6848144 0.47391007 -0.52274220 0.69926363 0.11480509 0.001793 1789542152.737091064 -0.094 35.728 0.208 0.00000 -1 ACTUAL_TF
0.2112 0.1840032 -1.6566951 0.6847959 0.47392800 -0.52274988 0.69924966 0.11478120 0.001609 1789542152.793258667 -0.052 35.686 0.234 0.00000 -1 ACTUAL_TF
0.2643 0.1839987 -1.6566442 0.6847799 0.47394027 -0.52275938 0.69923679 0.11476570 0.001414 1789542152.849107981 -0.022 35.656 0.264 0.00000 -1 ACTUAL_TF
0.3184 0.1839910 -1.6566000 0.6847651 0.47394936 -0.52277018 0.69922432 0.11475497 0.001243 1789542152.905056000 0.001 35.633 0.294 0.00000 -1 ACTUAL_TF
0.3766 0.1839823 -1.6565702 0.6847543 0.47395402 -0.52277987 0.69921468 0.11475030 0.001046 1789542152.961226225 0.014 35.620 0.318 0.00000 -1 ACTUAL_TF
0.4331 0.1839601 -1.6565547 0.6847443 0.47394920 -0.52279683 0.69920359 0.11476051 0.000887 1789542153.017048836 0.007 35.627 0.341 0.00000 -1 ACTUAL_TF
0.4926 0.1839623 -1.6565277 0.6847309 0.47394489 -0.52281739 0.69918903 0.11477332 0.000783 1789542153.073095798 0.027 35.608 0.357 0.00000 -1 ACTUAL_TF
0.5484 0.1840376 -1.6564744 0.6847212 0.47395102 -0.52282503 0.69917953 0.11477107 0.001045 1789542153.129092693 0.118 35.516 0.347 0.00000 -1 ACTUAL_TF
0.6060 0.1841413 -1.6564005 0.6847088 0.47395884 -0.52283502 0.69916726 0.11476806 0.001416 1789542153.185147524 0.245 35.389 0.333 0.00000 -1 ACTUAL_TF
0.6643 0.1842543 -1.6563360 0.6847313 0.47394736 -0.52282629 0.69918096 0.11477173 0.001697 1789542153.241285801 0.373 35.261 0.311 0.00000 -1 ACTUAL_TF
0.7154 0.1844092 -1.6562427 0.6847389 0.47394638 -0.52282474 0.69918302 0.11477029 0.002160 1789542153.297127008 0.551 35.083 0.282 0.00000 -1 ACTUAL_TF
0.7770 0.1845740 -1.6561390 0.6847382 0.47395701 -0.52282130 0.69918068 0.11475633 0.002556 1789542153.353057623 0.743 34.891 0.253 0.00000 -1 ACTUAL_TF
0.8246 0.1847750 -1.6560221 0.6847574 0.47395489 -0.52280987 0.69919179 0.11474946 0.003038 1789542153.409128428 0.972 34.662 0.217 0.00000 -1 ACTUAL_TF
0.8816 0.1849517 -1.6559020 0.6847780 0.47394044 -0.52280981 0.69920026 0.11475783 0.003276 1789542153.465145111 1.184 34.450 0.202 0.00000 -1 ACTUAL_TF
0.9393 0.1851087 -1.6558017 0.6848061 0.47392633 -0.52280007 0.69921659 0.11476094 0.003302 1789542153.521189928 1.369 34.265 0.194 0.00000 -1 ACTUAL_TF
0.9897 0.1853160 -1.6556553 0.6848157 0.47392530 -0.52280030 0.69921793 0.11475600 0.003673 1789542153.577125788 1.621 34.013 0.181 0.00000 -1 ACTUAL_TF
1.0462 0.1854670 -1.6555429 0.6848353 0.47390711 -0.52279784 0.69923073 0.11476439 0.003584 1789542153.633164406 1.809 33.825 0.186 0.00000 -1 ACTUAL_TF
1.1035 0.1856948 -1.6553766 0.6848469 0.47390325 -0.52279323 0.69923806 0.11475661 0.004021 1789542153.689174175 2.090 33.544 0.182 0.00000 -1 ACTUAL_TF
1.1607 0.1858976 -1.6552307 0.6848484 0.47390360 -0.52279024 0.69924155 0.11474755 0.004153 1789542153.745176315 2.339 33.295 0.172 0.00000 -1 ACTUAL_TF
1.2340 0.1861484 -1.6550470 0.6848596 0.47389834 -0.52278519 0.69925015 0.11473986 0.004576 1789542153.801112652 2.649 32.985 0.173 0.00000 -1 ACTUAL_TF
1.2698 0.1864002 -1.6548396 0.6848454 0.47389546 -0.52279621 0.69924443 0.11473638 0.004954 1789542153.857063532 2.975 32.659 0.155 0.00000 -1 ACTUAL_TF
1.3287 0.1866200 -1.6546550 0.6848390 0.47389342 -0.52279686 0.69924662 0.11472855 0.005003 1789542153.913183928 3.262 32.372 0.146 0.00000 -1 ACTUAL_TF
1.3863 0.1868897 -1.6544318 0.6848314 0.47388810 -0.52280096 0.69924788 0.11472412 0.005380 1789542153.969124079 3.612 32.022 0.134 0.00000 -1 ACTUAL_TF
1.4446 0.1871050 -1.6542546 0.6848300 0.47387450 -0.52280352 0.69925392 0.11473182 0.005260 1789542154.025115967 3.891 31.743 0.130 0.00000 -1 ACTUAL_TF
1.5010 0.1874072 -1.6540007 0.6848085 0.47388057 -0.52280991 0.69924705 0.11471950 0.005795 1789542154.081226587 4.285 31.349 0.106 0.00000 -1 ACTUAL_TF
1.5595 0.1876816 -1.6537969 0.6848095 0.47388045 -0.52279827 0.69925787 0.11470710 0.005891 1789542154.137134314 4.626 31.008 0.106 0.00000 -1 ACTUAL_TF
1.6086 0.1879830 -1.6535507 0.6848085 0.47387392 -0.52279818 0.69926300 0.11470318 0.006210 1789542154.193086624 5.015 30.619 0.105 0.00000 -1 ACTUAL_TF
1.6644 0.1882533 -1.6533194 0.6847944 0.47387679 -0.52280199 0.69925937 0.11469611 0.006255 1789542154.249066830 5.371 30.263 0.090 0.00000 -1 ACTUAL_TF
1.7221 0.1885597 -1.6530674 0.6847927 0.47388117 -0.52279575 0.69926030 0.11470080 0.006501 1789542154.305140018 5.767 29.867 0.091 0.00000 -1 ACTUAL_TF
1.7812 0.1888330 -1.6528262 0.6847886 0.47391353 -0.52276022 0.69925610 0.11475463 0.006504 1789542154.361116648 6.132 29.502 0.083 0.00000 -1 ACTUAL_TF
1.8293 0.1890373 -1.6526487 0.6848035 0.47388842 -0.52276425 0.69926798 0.11476761 0.006005 1789542154.417133331 6.402 29.232 0.095 0.00000 -1 ACTUAL_TF
1.8887 0.1893232 -1.6524023 0.6847979 0.47388167 -0.52276977 0.69926854 0.11476683 0.006225 1789542154.473134756 6.780 28.854 0.088 0.00000 -1 ACTUAL_TF
1.9463 0.1895973 -1.6521960 0.6848104 0.47388290 -0.52275524 0.69928055 0.11475481 0.006198 1789542154.529092789 7.122 28.512 0.109 0.00000 -1 ACTUAL_TF
2.0030 0.1898866 -1.6519456 0.6848048 0.47387806 -0.52275909 0.69928063 0.11475676 0.006388 1789542154.585116386 7.505 28.129 0.103 0.00000 -1 ACTUAL_TF
2.0620 0.1901327 -1.6517309 0.6848000 0.47388135 -0.52275872 0.69928012 0.11474800 0.006219 1789542154.641183376 7.831 27.803 0.097 0.00000 -1 ACTUAL_TF
2.1148 0.1904322 -1.6514725 0.6847889 0.47388961 -0.52275954 0.69927538 0.11473901 0.006473 1789542154.697185516 8.227 27.407 0.088 0.00000 -1 ACTUAL_TF
2.1691 0.1907307 -1.6512403 0.6847837 0.47389747 -0.52275571 0.69927349 0.11473554 0.006561 1789542154.753084898 8.604 27.030 0.099 0.00000 -1 ACTUAL_TF
2.2279 0.1909314 -1.6510466 0.6847744 0.47389368 -0.52276940 0.69926376 0.11474815 0.006088 1789542154.809080362 8.883 26.751 0.081 0.00000 -1 ACTUAL_TF
2.2880 0.1912040 -1.6508159 0.6847751 0.47389672 -0.52276789 0.69926238 0.11475088 0.006173 1789542154.865130186 9.240 26.394 0.084 0.00000 -1 ACTUAL_TF
2.3373 0.1914132 -1.6506372 0.6847726 0.47389454 -0.52277116 0.69925963 0.11476173 0.005796 1789542154.921103716 9.515 26.119 0.084 0.00000 -1 ACTUAL_TF
2.3962 0.1917253 -1.6503728 0.6847754 0.47390057 -0.52276336 0.69926144 0.11476132 0.006247 1789542154.977135658 9.924 25.710 0.088 0.00000 -1 ACTUAL_TF
2.4565 0.1919776 -1.6501551 0.6847719 0.47391194 -0.52275745 0.69926029 0.11474828 0.006155 1789542155.033235312 10.257 25.377 0.087 0.00000 -1 ACTUAL_TF
2.5039 0.1922204 -1.6499261 0.6847757 0.47390176 -0.52276262 0.69926063 0.11476469 0.006101 1789542155.089099407 10.591 25.043 0.074 0.00000 -1 ACTUAL_TF
2.5616 0.1924178 -1.6497491 0.6847809 0.47389076 -0.52277026 0.69926027 0.11477755 0.005691 1789542155.145130634 10.856 24.778 0.072 0.00000 -1 ACTUAL_TF
2.6297 0.1926842 -1.6495088 0.6847742 0.47389221 -0.52277569 0.69925498 0.11477902 0.005902 1789542155.201233387 11.214 24.420 0.061 0.00000 -1 ACTUAL_TF
2.6765 0.1929834 -1.6492609 0.6847796 0.47389883 -0.52276712 0.69925954 0.11476296 0.006216 1789542155.257150650 11.603 24.031 0.070 0.00000 -1 ACTUAL_TF
2.7352 0.1932432 -1.6490531 0.6847890 0.47389763 -0.52276235 0.69926392 0.11476291 0.006135 1789542155.313118935 11.935 23.699 0.085 0.00000 -1 ACTUAL_TF
2.7854 0.1935259 -1.6488028 0.6847847 0.47390091 -0.52276431 0.69926105 0.11475794 0.006316 1789542155.369165659 12.313 23.321 0.079 0.00000 -1 ACTUAL_TF
2.8468 0.1937717 -1.6485893 0.6847867 0.47390499 -0.52275965 0.69926349 0.11474752 0.006165 1789542155.425190449 12.638 22.996 0.079 0.00000 -1 ACTUAL_TF
2.9004 0.1940598 -1.6483535 0.6847838 0.47391087 -0.52275957 0.69926033 0.11474283 0.006308 1789542155.481223345 13.011 22.623 0.087 0.00000 -1 ACTUAL_TF
2.9543 0.1942634 -1.6481631 0.6847939 0.47389835 -0.52276123 0.69926522 0.11475714 0.005913 1789542155.537143469 13.289 22.345 0.080 0.00000 -1 ACTUAL_TF
3.0088 0.1945422 -1.6479239 0.6848021 0.47390815 -0.52274618 0.69926994 0.11475649 0.006107 1789542155.593145370 13.657 21.977 0.083 0.00000 -1 ACTUAL_TF
3.0675 0.1947877 -1.6477000 0.6848077 0.47390923 -0.52273786 0.69926984 0.11479054 0.006055 1789542155.649154186 13.989 21.645 0.077 0.00000 -1 ACTUAL_TF
3.1261 0.1950292 -1.6474962 0.6848194 0.47390400 -0.52273481 0.69927592 0.11478896 0.005928 1789542155.705308676 14.305 21.329 0.085 0.00000 -1 ACTUAL_TF
3.1837 0.1952997 -1.6472517 0.6848203 0.47390370 -0.52273814 0.69927457 0.11478328 0.006111 1789542155.761090755 14.669 20.965 0.078 0.00000 -1 ACTUAL_TF
3.2353 0.1955311 -1.6470589 0.6848275 0.47390086 -0.52273665 0.69927784 0.11478186 0.005885 1789542155.817298412 14.971 20.664 0.086 0.00000 -1 ACTUAL_TF
3.2955 0.1957812 -1.6468332 0.6848380 0.47388986 -0.52273900 0.69928277 0.11478652 0.005928 1789542155.873230696 15.307 20.327 0.086 0.00000 -1 ACTUAL_TF
3.3450 0.1959861 -1.6466358 0.6848293 0.47388748 -0.52275144 0.69927489 0.11478772 0.005678 1789542155.929106951 15.592 20.043 0.067 0.00000 -1 ACTUAL_TF
3.4016 0.1962701 -1.6464039 0.6848480 0.47387962 -0.52274207 0.69928727 0.11478739 0.005938 1789542155.985197783 15.958 19.676 0.086 0.00000 -1 ACTUAL_TF
3.4629 0.1965491 -1.6461695 0.6848488 0.47389331 -0.52273418 0.69928811 0.11476173 0.006110 1789542156.041140318 16.322 19.312 0.089 0.00000 -1 ACTUAL_TF
3.5137 0.1968098 -1.6459362 0.6848548 0.47388089 -0.52273992 0.69929077 0.11477060 0.006151 1789542156.097161770 16.672 18.962 0.088 0.00000 -1 ACTUAL_TF
3.5719 0.1970737 -1.6457013 0.6848549 0.47387882 -0.52274523 0.69928829 0.11477010 0.006191 1789542156.153385401 17.026 18.608 0.083 0.00000 -1 ACTUAL_TF
3.6268 0.1973330 -1.6454991 0.6848636 0.47388418 -0.52273448 0.69929483 0.11475709 0.006104 1789542156.209128141 17.354 18.280 0.099 0.00000 -1 ACTUAL_TF
3.6874 0.1975849 -1.6452754 0.6848612 0.47388074 -0.52274290 0.69929021 0.11476107 0.006077 1789542156.265159607 17.691 17.943 0.093 0.00000 -1 ACTUAL_TF
3.7359 0.1978072 -1.6450656 0.6848548 0.47388068 -0.52275158 0.69928374 0.11476122 0.005892 1789542156.321121216 17.996 17.638 0.078 0.00000 -1 ACTUAL_TF
3.7958 0.1980604 -1.6448375 0.6848509 0.47387912 -0.52276015 0.69927760 0.11476606 0.005950 1789542156.377148390 18.337 17.297 0.069 0.00000 -1 ACTUAL_TF
3.8470 0.1982943 -1.6446216 0.6848500 0.47388088 -0.52276160 0.69927542 0.11476546 0.005868 1789542156.433197737 18.655 16.979 0.060 0.00000 -1 ACTUAL_TF
3.9042 0.1985674 -1.6443844 0.6848406 0.47391087 -0.52274161 0.69926583 0.11479113 0.006049 1789542156.489118099 19.017 16.617 0.051 0.00000 -1 ACTUAL_TF
3.9644 0.1988333 -1.6441487 0.6848333 0.47391997 -0.52274043 0.69925910 0.11479993 0.006138 1789542156.545121193 19.372 16.262 0.042 0.00000 -1 ACTUAL_TF
4.0208 0.1990777 -1.6439569 0.6848453 0.47391729 -0.52273356 0.69926730 0.11479227 0.005960 1789542156.601181269 19.682 15.952 0.060 0.00000 -1 ACTUAL_TF
4.0801 0.1993421 -1.6437050 0.6848355 0.47391807 -0.52274151 0.69926184 0.11478612 0.006131 1789542156.657139063 20.047 15.587 0.039 0.00000 -1 ACTUAL_TF
4.1299 0.1995524 -1.6435207 0.6848429 0.47390822 -0.52274666 0.69926337 0.11479399 0.005791 1789542156.713098526 20.327 15.307 0.041 0.00000 -1 ACTUAL_TF
4.1890 0.1998770 -1.6432400 0.6848314 0.47392473 -0.52274581 0.69925679 0.11476981 0.006351 1789542156.769156933 20.756 14.878 0.034 0.00000 -1 ACTUAL_TF
4.2466 0.2000897 -1.6430581 0.6848350 0.47391734 -0.52274877 0.69925829 0.11477771 0.005946 1789542156.825138807 21.036 14.598 0.036 0.00000 -1 ACTUAL_TF
4.3019 0.2003556 -1.6428194 0.6848391 0.47391212 -0.52275361 0.69925812 0.11477831 0.006070 1789542156.881321192 21.393 14.241 0.031 0.00000 -1 ACTUAL_TF
4.3568 0.2006012 -1.6426180 0.6848326 0.47392044 -0.52275295 0.69925481 0.11476709 0.005958 1789542156.937109470 21.710 13.924 0.037 0.00000 -1 ACTUAL_TF
4.4114 0.2008472 -1.6423948 0.6848376 0.47391111 -0.52275975 0.69925450 0.11477654 0.005953 1789542156.993016005 22.042 13.592 0.030 0.00000 -1 ACTUAL_TF
4.4689 0.2011395 -1.6421379 0.6848337 0.47391807 -0.52276239 0.69924972 0.11476483 0.006251 1789542157.049046040 22.432 13.202 0.027 0.00000 -1 ACTUAL_TF
4.5243 0.2013375 -1.6419621 0.6848447 0.47390110 -0.52276324 0.69925816 0.11477964 0.005795 1789542157.105057478 22.696 12.938 0.026 0.00000 -1 ACTUAL_TF
4.5800 0.2016358 -1.6416935 0.6848422 0.47390726 -0.52276277 0.69925671 0.11476518 0.006205 1789542157.161094666 23.098 12.536 0.017 0.00000 -1 ACTUAL_TF
4.6394 0.2018636 -1.6415039 0.6848532 0.47389817 -0.52276012 0.69926424 0.11476891 0.005932 1789542157.217130423 23.394 12.240 0.026 0.00000 -1 ACTUAL_TF
4.6881 0.2021515 -1.6412562 0.6848488 0.47390373 -0.52276043 0.69926195 0.11475853 0.006185 1789542157.273175240 23.774 11.860 0.024 0.00000 -1 ACTUAL_TF
4.7431 0.2023604 -1.6410697 0.6848512 0.47389808 -0.52276365 0.69926235 0.11476471 0.005834 1789542157.329026222 24.054 11.580 0.021 0.00000 -1 ACTUAL_TF
4.7979 0.2026489 -1.6408116 0.6848547 0.47390119 -0.52276250 0.69926288 0.11475390 0.006155 1789542157.385089636 24.441 11.193 0.016 0.00000 -1 ACTUAL_TF
4.8553 0.2028511 -1.6406354 0.6848655 0.47388659 -0.52276488 0.69926898 0.11476615 0.005915 1789542157.435227633 24.709 10.925 0.021 0.00000 -1 ACTUAL_TF
4.9022 0.2031086 -1.6404188 0.6848689 0.47389459 -0.52275906 0.69927034 0.11475132 0.006015 1789542157.489075184 25.046 10.588 0.025 0.00000 -1 ACTUAL_TF
4.9585 0.2033921 -1.6401821 0.6848796 0.47388644 -0.52275601 0.69927733 0.11475630 0.006187 1789542157.545159101 25.415 10.219 0.036 0.00000 -1 ACTUAL_TF
5.0176 0.2036379 -1.6399923 0.6848930 0.47388494 -0.52274650 0.69928626 0.11475137 0.005996 1789542157.601168633 25.725 9.909 0.056 0.00000 -1 ACTUAL_TF
5.0736 0.2038635 -1.6397713 0.6848920 0.47387274 -0.52275954 0.69928261 0.11476463 0.005890 1789542157.657135963 26.040 9.594 0.041 0.00000 -1 ACTUAL_TF
5.1280 0.2041732 -1.6395067 0.6848896 0.47388435 -0.52275644 0.69927944 0.11475010 0.006308 1789542157.713048220 26.448 9.186 0.039 0.00000 -1 ACTUAL_TF
5.1865 0.2043851 -1.6393235 0.6848916 0.47387676 -0.52276168 0.69927926 0.11475872 0.005915 1789542157.769119024 26.728 8.906 0.039 0.00000 -1 ACTUAL_TF
5.2432 0.2046455 -1.6390886 0.6848865 0.47387851 -0.52276943 0.69927195 0.11476069 0.006018 1789542157.825155497 27.078 8.556 0.029 0.00000 -1 ACTUAL_TF
5.2995 0.2048760 -1.6388790 0.6848798 0.47388201 -0.52277519 0.69926584 0.11475730 0.005881 1789542157.881187677 27.390 8.244 0.017 0.00000 -1 ACTUAL_TF
5.3560 0.2051688 -1.6386358 0.6848637 0.47389593 -0.52277926 0.69925482 0.11474832 0.006165 1789542157.936993837 27.770 7.864 0.021 0.00000 -1 ACTUAL_TF
5.4143 0.2054230 -1.6384258 0.6848633 0.47390554 -0.52277199 0.69925631 0.11473272 0.006081 1789542157.993009567 28.100 7.534 0.029 0.00000 -1 ACTUAL_TF
5.4716 0.2056696 -1.6381934 0.6848621 0.47390239 -0.52278054 0.69925102 0.11473899 0.006069 1789542158.049090385 28.438 7.196 0.018 0.00000 -1 ACTUAL_TF
5.5194 0.2058594 -1.6380205 0.6848637 0.47389299 -0.52278745 0.69924991 0.11475313 0.005623 1789542158.105152369 28.695 6.939 0.015 0.00000 -1 ACTUAL_TF
5.5776 0.2061320 -1.6377841 0.6848670 0.47389691 -0.52278403 0.69925034 0.11474988 0.005870 1789542158.161113977 29.056 6.578 0.014 0.00000 -1 ACTUAL_TF
5.6321 0.2063901 -1.6375572 0.6848753 0.47389470 -0.52278095 0.69925276 0.11475832 0.005952 1789542158.217068195 29.400 6.234 0.008 0.00000 -1 ACTUAL_TF
5.6874 0.2066194 -1.6373594 0.6848677 0.47393502 -0.52274988 0.69924204 0.11479867 0.005789 1789542158.273076773 29.702 5.932 0.017 0.00000 -1 ACTUAL_TF
5.7459 0.2068890 -1.6371277 0.6848652 0.47394216 -0.52274908 0.69923884 0.11479229 0.005957 1789542158.329053879 30.058 5.576 0.022 0.00000 -1 ACTUAL_TF
5.8019 0.2071167 -1.6369265 0.6848688 0.47393710 -0.52275193 0.69923985 0.11479409 0.005797 1789542158.385098457 30.362 5.272 0.020 0.00000 -1 ACTUAL_TF
5.8624 0.2073990 -1.6366875 0.6848614 0.47394379 -0.52275728 0.69923236 0.11478773 0.006041 1789542158.441087961 30.731 4.903 0.031 0.00000 -1 ACTUAL_TF
5.9178 0.2076221 -1.6364952 0.6848730 0.47393191 -0.52275750 0.69923902 0.11479519 0.005806 1789542158.497117758 31.026 4.608 0.022 0.00000 -1 ACTUAL_TF
5.9752 0.2079097 -1.6362473 0.6848688 0.47393456 -0.52276101 0.69923536 0.11479053 0.006094 1789542158.553232431 31.406 4.228 0.029 0.00000 -1 ACTUAL_TF
6.0263 0.2082110 -1.6359963 0.6848658 0.47394118 -0.52275914 0.69923408 0.11477956 0.006370 1789542158.609148979 31.798 3.836 0.037 0.00000 -1 ACTUAL_TF
6.0814 0.2084154 -1.6358105 0.6848735 0.47393089 -0.52276511 0.69923504 0.11478897 0.005940 1789542158.665112972 32.074 3.560 0.029 0.00000 -1 ACTUAL_TF
6.1406 0.2086865 -1.6355813 0.6848860 0.47392515 -0.52275787 0.69924492 0.11478546 0.006061 1789542158.721123457 32.429 3.205 0.023 0.00000 -1 ACTUAL_TF
6.1898 0.2089175 -1.6353814 0.6848855 0.47393045 -0.52275459 0.69924561 0.11477436 0.005874 1789542158.777281284 32.734 2.900 0.026 0.00000 -1 ACTUAL_TF
6.2476 0.2091390 -1.6351767 0.6848896 0.47392182 -0.52276098 0.69924545 0.11478180 0.005728 1789542158.833277702 33.036 2.598 0.019 0.00000 -1 ACTUAL_TF
6.3031 0.2093105 -1.6350219 0.6848994 0.47390810 -0.52276247 0.69925193 0.11479224 0.005253 1789542158.889096737 33.267 2.367 0.010 0.00000 -1 ACTUAL_TF
6.3652 0.2095301 -1.6348265 0.6849080 0.47390065 -0.52276213 0.69925677 0.11479501 0.005252 1789542158.945125341 33.561 2.073 0.004 0.00000 -1 ACTUAL_TF
6.4248 0.2097205 -1.6346571 0.6849000 0.47390649 -0.52276745 0.69924962 0.11479024 0.005041 1789542159.001164913 33.816 1.818 0.014 0.00000 -1 ACTUAL_TF
6.4746 0.2099580 -1.6344680 0.6849158 0.47391134 -0.52274990 0.69926244 0.11477203 0.005159 1789542159.057090282 34.119 1.515 0.008 0.00000 -1 ACTUAL_TF
6.5377 0.2101365 -1.6343123 0.6849248 0.47390100 -0.52275214 0.69926628 0.11478116 0.004877 1789542159.113282919 34.356 1.278 0.011 0.00000 -1 ACTUAL_TF
6.5894 0.2102985 -1.6341721 0.6849274 0.47390296 -0.52274787 0.69926932 0.11477398 0.004564 1789542159.169177294 34.570 1.064 0.012 0.00000 -1 ACTUAL_TF
6.6360 0.2104790 -1.6340296 0.6849381 0.47390154 -0.52274160 0.69927546 0.11477097 0.004429 1789542159.225115776 34.800 0.834 0.025 0.00000 -1 ACTUAL_TF
6.6954 0.2105901 -1.6339252 0.6849441 0.47389441 -0.52274379 0.69927773 0.11477668 0.003917 1789542159.281181574 34.953 0.682 0.026 0.00000 -1 ACTUAL_TF
6.7545 0.2107513 -1.6338011 0.6849499 0.47389936 -0.52273500 0.69928217 0.11476912 0.003833 1789542159.337131500 35.156 0.478 0.036 0.00000 -1 ACTUAL_TF
6.8115 0.2108436 -1.6337163 0.6849523 0.47389983 -0.52273531 0.69928197 0.11476708 0.003355 1789542159.393143654 35.281 0.353 0.035 0.00000 -1 ACTUAL_TF
6.8706 0.2109245 -1.6336316 0.6849428 0.47390091 -0.52274417 0.69927423 0.11476938 0.002978 1789542159.449109793 35.398 0.237 0.021 0.00000 -1 ACTUAL_TF
6.9191 0.2109945 -1.6335784 0.6849478 0.47389852 -0.52274169 0.69927754 0.11477037 0.002556 1789542159.505163670 35.485 0.149 0.027 0.00000 -1 ACTUAL_TF
6.9796 0.2110429 -1.6335353 0.6849492 0.47389905 -0.52273966 0.69927917 0.11476753 0.002136 1789542159.561204195 35.550 0.084 0.027 0.00000 -1 ACTUAL_TF
7.0412 0.2110763 -1.6335088 0.6849562 0.47389543 -0.52273783 0.69928263 0.11476970 0.001727 1789542159.617120981 35.593 0.041 0.034 0.00000 -1 ACTUAL_TF
