WELD FEEDBACK LOG
result=completed
started=2026-09-17 14:22:04
ended=2026-09-17 14:22:15
elapsed_seconds=10.466

================ OPERATOR OVERVIEW ================
REQUESTED : 220 A / 26.0 V · FE-SOLID 1.2 mm · LSM · CO2 100%
RX ECHO   : 220 A / 26.0 V · MATCH=YES
CURRENT FB: avg 225.47 · min 24.00 · max 249.00 A
VOLTAGE FB: avg 26.06 · min 3.00 · max 60.40 V
WIRE FEED : avg 10.20 · min 10.20 · max 10.20 m/min
ARC ON    : 7.921 s
NET WELD  : 6.277 s
WIRE USED : 1229.476 mm (base 1229.476 + alpha 0.000)
WEAVE     : sine · centerline ±4.00 mm (full width 8.00 mm) · requested pitch 8.00 mm/cycle · actual pitch 7.12 mm/cycle · 5 cycles · axis tool_x · dwell L/R 0.20/0.20 s
WCR       : DETECTED
SAMPLES   : RX 261 / welding 183 / TCP 128
===================================================

[commanded]
current_a=220
voltage_tenths=260
voltage=26.0
material=FE-SOLID
diameter_mm=1.2
mode=LSM
gas=CO2 100%
synergic=False
correction=0.0
hot_start_enabled=True
hot_start_percent=5.0
hot_start_hold_adjustment=0
crater_enabled=False
crater_percent=27.27272727272727
crater_current_a=60.0
crater_voltage_v=25.0
crater_seconds=1.0
wire_consumable_alpha_mm=0.0
hot_start_current_a=231

[rx_setting_echo]
current_a=220
voltage_v=26.0
hot_start_current_a=0
hot_start_hold_adjustment=-15

[rx_welding_setting_echo]
current_a=220
voltage_v=26.0
hot_start_current_a=0
hot_start_hold_adjustment=-15

[execution_conditions]
mode=sequence_execute
run_all=True
touch_io_backend=fastech_ethernet
touch_input_port=4
touch_sensing_output_port=0
fastech_ip=192.168.0.3
fastech_poll_target_hz=100.0
hicomm_source_ip=192.168.1.2
hicomm_welder_ip=192.168.1.10
hicomm_port=60000
gui_velocity_percent=36.95263157894737
gui_speed_mode=scale
gui_tcp_speed_mm_s=10.0
gui_interpolation_step_mm=5.0
seam_orientation_mode=Wait poses + fixed World-XYZ tilt
weld_fixed_tilt_x_deg=0.0
weld_fixed_tilt_y_deg=0.0
weld_fixed_tilt_z_deg=-0.0
weld_weave_enabled=True
weld_weave_pattern=sine
weld_weave_pitch_mm=8.0
weld_weave_left_dwell_s=0.2
weld_weave_right_dwell_s=0.2
weld_weave_amplitude_mm=4.0
weld_weave_cycles=5
weld_weave_actual_pitch_mm=7.120934852475221
weld_weave_amplitude_definition=centerline +/- A mm; full width = 2A
weld_weave_samples_per_cycle=12
weld_weave_axis=tool_x
weld_lead_in_mm=0.0
weld_lead_out_mm=0.0
weld_safe_approach_mm=30.0
weld_approach_mode=taught_wait
weld_pre_start_lead_mm=0.0
weld_tcp_speed_mm_s=6.0
weld_arc_off_delay_ms=0.0
tcp_tracking.parent_frame=World
tcp_tracking.child_frame=right_manipulator_ee_point
tcp_tracking.timestamp_source=TF_header_stamp
initial_fastech_di0=False
initial_fastech_do0=True
robot_connected.left=True
robot_connected.right=True
robot_connected.head=True
hicomm_connected=True
execution_allowed=True
steps[0].sequence_number=1
steps[0].type=named_pose
steps[0].parallel_slot=1
steps[0].duration=0.0
steps[0].planning_group=right_manipulator
steps[0].velocity_scale=0.3695263157894737
steps[0].tcp_speed_m_s=0.0
steps[0].pose_name=weld_start_wait
steps[0].pose_label=3 · Weld start wait pose
steps[0].touch_guard=False
steps[0].continue_after_touch=False
steps[0].weld_scenario_id=weld-84680714279155
steps[0].weld_scenario_stage=start_wait
steps[0].target_tcp.position_m.x=0.045718802103199285
steps[0].target_tcp.position_m.y=-1.682160745698827
steps[0].target_tcp.position_m.z=0.6735652566070585
steps[0].target_tcp.orientation_xyzw.x=-0.43512320113634556
steps[0].target_tcp.orientation_xyzw.y=0.6334895828226131
steps[0].target_tcp.orientation_xyzw.z=-0.5288470998477183
steps[0].target_tcp.orientation_xyzw.w=-0.36011039039542925
steps[0].joint_names[0]=right_manipulator_joint1
steps[0].joint_names[1]=right_manipulator_joint2
steps[0].joint_names[2]=right_manipulator_joint3
steps[0].joint_names[3]=right_manipulator_joint4
steps[0].joint_names[4]=right_manipulator_joint5
steps[0].joint_names[5]=right_manipulator_joint6
steps[0].joint_positions_rad[0]=5.182163139823615
steps[0].joint_positions_rad[1]=1.329779049720235
steps[0].joint_positions_rad[2]=1.8620059346181725
steps[0].joint_positions_rad[3]=3.603689185922129
steps[0].joint_positions_rad[4]=1.4333873345589503
steps[0].joint_positions_rad[5]=1.441061100081959
steps[1].sequence_number=2
steps[1].type=motion
steps[1].parallel_slot=2
steps[1].duration=0.0
steps[1].planning_group=right_manipulator
steps[1].velocity_scale=0.3695263157894737
steps[1].tcp_speed_m_s=0.0
steps[1].interpolation_step=0.005
steps[1].path_kind=taught_wait_align_weld_attitude
steps[1].touch_guard=False
steps[1].continue_after_touch=False
steps[1].accept_initial_touch=False
steps[1].weld_scenario_id=weld-84680714279155
steps[1].weld_scenario_stage=start_safe
steps[1].waypoint_count=1
steps[1].waypoints[0].position_m.x=0.045718802103199285
steps[1].waypoints[0].position_m.y=-1.682160745698827
steps[1].waypoints[0].position_m.z=0.6735652566070585
steps[1].waypoints[0].orientation_xyzw.x=-0.4392186454087692
steps[1].waypoints[0].orientation_xyzw.y=0.6306569854026791
steps[1].waypoints[0].orientation_xyzw.z=-0.531169267130982
steps[1].waypoints[0].orientation_xyzw.w=-0.35667626490085724
steps[2].sequence_number=3
steps[2].type=motion
steps[2].parallel_slot=3
steps[2].duration=0.0
steps[2].planning_group=right_manipulator
steps[2].velocity_scale=0.3695263157894737
steps[2].tcp_speed_m_s=0.0
steps[2].interpolation_step=0.005
steps[2].path_kind=taught_wait_to_weld_start
steps[2].touch_guard=False
steps[2].continue_after_touch=True
steps[2].accept_initial_touch=False
steps[2].weld_scenario_id=weld-84680714279155
steps[2].weld_scenario_stage=start_contact
steps[2].waypoint_count=1
steps[2].waypoints[0].position_m.x=0.045787777171425785
steps[2].waypoints[0].position_m.y=-1.6837885581223135
steps[2].waypoints[0].position_m.z=0.6729752705092266
steps[2].waypoints[0].orientation_xyzw.x=-0.4392186454087692
steps[2].waypoints[0].orientation_xyzw.y=0.6306569854026791
steps[2].waypoints[0].orientation_xyzw.z=-0.531169267130982
steps[2].waypoints[0].orientation_xyzw.w=-0.35667626490085724
steps[3].sequence_number=4
steps[3].type=digital_output
steps[3].parallel_slot=4
steps[3].duration=0.0
steps[3].port=0
steps[3].value=False
steps[3].weld_scenario_id=weld-84680714279155
steps[3].weld_scenario_stage=touch_output_off
steps[4].sequence_number=5
steps[4].type=digital_weld
steps[4].parallel_slot=5
steps[4].duration=0.0
steps[4].command=on
steps[4].weld_scenario_id=weld-84680714279155
steps[4].weld_scenario_stage=arc_on
steps[4].settings.current_a=220
steps[4].settings.voltage_tenths=260
steps[4].settings.voltage=26.0
steps[4].settings.material=FE-SOLID
steps[4].settings.diameter_mm=1.2
steps[4].settings.mode=LSM
steps[4].settings.gas=CO2 100%
steps[4].settings.synergic=False
steps[4].settings.correction=0.0
steps[4].settings.hot_start_enabled=True
steps[4].settings.hot_start_percent=5.0
steps[4].settings.hot_start_hold_adjustment=0
steps[4].settings.crater_enabled=False
steps[4].settings.crater_percent=27.27272727272727
steps[4].settings.crater_current_a=60.0
steps[4].settings.crater_voltage_v=25.0
steps[4].settings.crater_seconds=1.0
steps[4].settings.wire_consumable_alpha_mm=0.0
steps[4].settings.hot_start_current_a=231
steps[5].sequence_number=6
steps[5].type=motion
steps[5].parallel_slot=5
steps[5].duration=0.0
steps[5].planning_group=right_manipulator
steps[5].velocity_scale=0.3695263157894737
steps[5].tcp_speed_m_s=0.022701654779262354
steps[5].interpolation_step=0.005
steps[5].path_kind=continuous_sine_weave_over_sensed_goal_fastech_di0_ignored
steps[5].touch_guard=False
steps[5].weld_scenario_id=weld-84680714279155
steps[5].weld_scenario_stage=weld_motion
steps[5].lead_in_mm=0.0
steps[5].lead_out_mm=0.0
steps[5].linear_motion_profile=False
steps[5].path_to_seam_speed_factor=0.39866007163091666
steps[5].waypoint_hold_s[0]=0.0
steps[5].waypoint_hold_s[1]=0.0
steps[5].waypoint_hold_s[2]=0.0
steps[5].waypoint_hold_s[3]=0.2
steps[5].waypoint_hold_s[4]=0.0
steps[5].waypoint_hold_s[5]=0.0
steps[5].waypoint_hold_s[6]=0.0
steps[5].waypoint_hold_s[7]=0.0
steps[5].waypoint_hold_s[8]=0.0
steps[5].waypoint_hold_s[9]=0.2
steps[5].waypoint_hold_s[10]=0.0
steps[5].waypoint_hold_s[11]=0.0
steps[5].waypoint_hold_s[12]=0.0
steps[5].waypoint_hold_s[13]=0.0
steps[5].waypoint_hold_s[14]=0.0
steps[5].waypoint_hold_s[15]=0.2
steps[5].waypoint_hold_s[16]=0.0
steps[5].waypoint_hold_s[17]=0.0
steps[5].waypoint_hold_s[18]=0.0
steps[5].waypoint_hold_s[19]=0.0
steps[5].waypoint_hold_s[20]=0.0
steps[5].waypoint_hold_s[21]=0.2
steps[5].waypoint_hold_s[22]=0.0
steps[5].waypoint_hold_s[23]=0.0
steps[5].waypoint_hold_s[24]=0.0
steps[5].waypoint_hold_s[25]=0.0
steps[5].waypoint_hold_s[26]=0.0
steps[5].waypoint_hold_s[27]=0.2
steps[5].waypoint_hold_s[28]=0.0
steps[5].waypoint_hold_s[29]=0.0
steps[5].waypoint_hold_s[30]=0.0
steps[5].waypoint_hold_s[31]=0.0
steps[5].waypoint_hold_s[32]=0.0
steps[5].waypoint_hold_s[33]=0.2
steps[5].waypoint_hold_s[34]=0.0
steps[5].waypoint_hold_s[35]=0.0
steps[5].waypoint_hold_s[36]=0.0
steps[5].waypoint_hold_s[37]=0.0
steps[5].waypoint_hold_s[38]=0.0
steps[5].waypoint_hold_s[39]=0.2
steps[5].waypoint_hold_s[40]=0.0
steps[5].waypoint_hold_s[41]=0.0
steps[5].waypoint_hold_s[42]=0.0
steps[5].waypoint_hold_s[43]=0.0
steps[5].waypoint_hold_s[44]=0.0
steps[5].waypoint_hold_s[45]=0.2
steps[5].waypoint_hold_s[46]=0.0
steps[5].waypoint_hold_s[47]=0.0
steps[5].waypoint_hold_s[48]=0.0
steps[5].waypoint_hold_s[49]=0.0
steps[5].waypoint_hold_s[50]=0.0
steps[5].waypoint_hold_s[51]=0.2
steps[5].waypoint_hold_s[52]=0.0
steps[5].waypoint_hold_s[53]=0.0
steps[5].waypoint_hold_s[54]=0.0
steps[5].waypoint_hold_s[55]=0.0
steps[5].waypoint_hold_s[56]=0.0
steps[5].waypoint_hold_s[57]=0.2
steps[5].waypoint_hold_s[58]=0.0
steps[5].waypoint_hold_s[59]=0.0
steps[5].waypoint_hold_s[60]=0.0
steps[5].weld_weave_enabled=True
steps[5].weld_weave_pattern=sine
steps[5].weld_weave_amplitude_mm=4.0
steps[5].weld_weave_pitch_mm=8.0
steps[5].weld_weave_cycles=5
steps[5].weld_weave_actual_pitch_mm=7.120934852475221
steps[5].weld_weave_left_dwell_s=0.2
steps[5].weld_weave_right_dwell_s=0.2
steps[5].weld_weave_axis=tool_x
steps[5].waypoint_count=61
steps[5].waypoints[0].position_m.x=0.045787777171425785
steps[5].waypoints[0].position_m.y=-1.6837885581223135
steps[5].waypoints[0].position_m.z=0.6729752705092266
steps[5].waypoints[0].orientation_xyzw.x=-0.4392186454087692
steps[5].waypoints[0].orientation_xyzw.y=0.6306569854026791
steps[5].waypoints[0].orientation_xyzw.z=-0.531169267130982
steps[5].waypoints[0].orientation_xyzw.w=-0.35667626490085724
steps[5].waypoints[1].position_m.x=0.046441511284813934
steps[5].waypoints[1].position_m.y=-1.685176056544183
steps[5].waypoints[1].position_m.z=0.6743893485605866
steps[5].waypoints[1].orientation_xyzw.x=-0.43921862447927645
steps[5].waypoints[1].orientation_xyzw.y=0.6306568806078434
steps[5].waypoints[1].orientation_xyzw.z=-0.5311694217176225
steps[5].waypoints[1].orientation_xyzw.w=-0.35667624575332063
steps[5].waypoints[2].position_m.x=0.047078938095651314
steps[5].waypoints[2].position_m.y=-1.6861850146875772
steps[5].waypoints[2].position_m.z=0.6754244432239819
steps[5].waypoints[2].orientation_xyzw.x=-0.4392186035497681
steps[5].waypoints[2].orientation_xyzw.y=0.6306567758129853
steps[5].waypoints[2].orientation_xyzw.z=-0.5311695763042441
steps[5].waypoints[2].orientation_xyzw.w=-0.35667622660577136
steps[5].waypoints[3].position_m.x=0.04768811982993636
steps[5].waypoints[3].position_m.y=-1.6865383218359407
steps[5].waypoints[3].position_m.z=0.6758031194041976
steps[5].waypoints[3].orientation_xyzw.x=-0.4392185826202441
steps[5].waypoints[3].orientation_xyzw.y=0.6306566710181046
steps[5].waypoints[3].orientation_xyzw.z=-0.5311697308908466
steps[5].waypoints[3].orientation_xyzw.w=-0.35667620745820944
steps[5].waypoints[4].position_m.x=0.04826468695911986
steps[5].waypoints[4].position_m.y=-1.6861345484273533
steps[5].waypoints[4].position_m.z=0.675423828808484
steps[5].waypoints[4].orientation_xyzw.x=-0.43921856169070445
steps[5].waypoints[4].orientation_xyzw.y=0.6306565662232014
steps[5].waypoints[4].orientation_xyzw.z=-0.5311698854774303
steps[5].waypoints[4].orientation_xyzw.w=-0.35667618831063463
steps[5].waypoints[5].position_m.x=0.04881300901175103
steps[5].waypoints[5].position_m.y=-1.6850751240237352
steps[5].waypoints[5].position_m.z=0.6743881197295907
steps[5].waypoints[5].orientation_xyzw.x=-0.439218540761149
steps[5].waypoints[5].orientation_xyzw.y=0.6306564614282758
steps[5].waypoints[5].orientation_xyzw.z=-0.5311700400639949
steps[5].waypoints[5].orientation_xyzw.w=-0.3566761691630471
steps[5].waypoints[6].position_m.x=0.049345023761831426
steps[5].waypoints[6].position_m.y=-1.683637159341642
steps[5].waypoints[6].position_m.z=0.6729734272627326
steps[5].waypoints[6].orientation_xyzw.x=-0.43921851983157795
steps[5].waypoints[6].orientation_xyzw.y=0.6306563566333276
steps[5].waypoints[6].orientation_xyzw.z=-0.5311701946505407
steps[5].waypoints[6].orientation_xyzw.w=-0.35667615001544695
steps[5].waypoints[7].position_m.x=0.049877038511911824
steps[5].waypoints[7].position_m.y=-1.6821991946595485
steps[5].waypoints[7].position_m.z=0.6715587347958745
steps[5].waypoints[7].orientation_xyzw.x=-0.4392184989019912
steps[5].waypoints[7].orientation_xyzw.y=0.6306562518383569
steps[5].waypoints[7].orientation_xyzw.z=-0.5311703492370674
steps[5].waypoints[7].orientation_xyzw.w=-0.35667613086783406
steps[5].waypoints[8].position_m.x=0.05042536056454299
steps[5].waypoints[8].position_m.y=-1.6811397702559305
steps[5].waypoints[8].position_m.z=0.6705230257169812
steps[5].waypoints[8].orientation_xyzw.x=-0.43921847797238883
steps[5].waypoints[8].orientation_xyzw.y=0.6306561470433638
steps[5].waypoints[8].orientation_xyzw.z=-0.5311705038235752
steps[5].waypoints[8].orientation_xyzw.w=-0.3566761117202084
steps[5].waypoints[9].position_m.x=0.051001927693726495
steps[5].waypoints[9].position_m.y=-1.680735996847343
steps[5].waypoints[9].position_m.z=0.6701437351212675
steps[5].waypoints[9].orientation_xyzw.x=-0.43921845704277074
steps[5].waypoints[9].orientation_xyzw.y=0.630656042248348
steps[5].waypoints[9].orientation_xyzw.z=-0.5311706584100642
steps[5].waypoints[9].orientation_xyzw.w=-0.35667609257257
steps[5].waypoints[10].position_m.x=0.051611109428011545
steps[5].waypoints[10].position_m.y=-1.6810893039957064
steps[5].waypoints[10].position_m.z=0.6705224113014832
steps[5].waypoints[10].orientation_xyzw.x=-0.439218436113137
steps[5].waypoints[10].orientation_xyzw.y=0.6306559374533098
steps[5].waypoints[10].orientation_xyzw.z=-0.5311708129965341
steps[5].waypoints[10].orientation_xyzw.w=-0.35667607342491886
steps[5].waypoints[11].position_m.x=0.05224853623884892
steps[5].waypoints[11].position_m.y=-1.6820982621391007
steps[5].waypoints[11].position_m.z=0.6715575059648785
steps[5].waypoints[11].orientation_xyzw.x=-0.43921841518348753
steps[5].waypoints[11].orientation_xyzw.y=0.6306558326582492
steps[5].waypoints[11].orientation_xyzw.z=-0.531170967582985
steps[5].waypoints[11].orientation_xyzw.w=-0.3566760542772551
steps[5].waypoints[12].position_m.x=0.052902270352237074
steps[5].waypoints[12].position_m.y=-1.68348576056097
steps[5].waypoints[12].position_m.z=0.6729715840162386
steps[5].waypoints[12].orientation_xyzw.x=-0.43921839425382253
steps[5].waypoints[12].orientation_xyzw.y=0.630655727863166
steps[5].waypoints[12].orientation_xyzw.z=-0.531171122169417
steps[5].waypoints[12].orientation_xyzw.w=-0.35667603512957846
steps[5].waypoints[13].position_m.x=0.05355600446562522
steps[5].waypoints[13].position_m.y=-1.6848732589828397
steps[5].waypoints[13].position_m.z=0.6743856620675986
steps[5].waypoints[13].orientation_xyzw.x=-0.43921837332414176
steps[5].waypoints[13].orientation_xyzw.y=0.6306556230680603
steps[5].waypoints[13].orientation_xyzw.z=-0.5311712767558301
steps[5].waypoints[13].orientation_xyzw.w=-0.3566760159818892
steps[5].waypoints[14].position_m.x=0.0541934312764626
steps[5].waypoints[14].position_m.y=-1.6858822171262338
steps[5].waypoints[14].position_m.z=0.6754207567309939
steps[5].waypoints[14].orientation_xyzw.x=-0.43921835239444534
steps[5].waypoints[14].orientation_xyzw.y=0.6306555182729321
steps[5].waypoints[14].orientation_xyzw.z=-0.5311714313422242
steps[5].waypoints[14].orientation_xyzw.w=-0.3566759968341872
steps[5].waypoints[15].position_m.x=0.054802613010747646
steps[5].waypoints[15].position_m.y=-1.6862355242745974
steps[5].waypoints[15].position_m.z=0.6757994329112096
steps[5].waypoints[15].orientation_xyzw.x=-0.43921833146473316
steps[5].waypoints[15].orientation_xyzw.y=0.6306554134777813
steps[5].waypoints[15].orientation_xyzw.z=-0.5311715859285994
steps[5].waypoints[15].orientation_xyzw.w=-0.35667597768647247
steps[5].waypoints[16].position_m.x=0.05537918013993115
steps[5].waypoints[16].position_m.y=-1.68583175086601
steps[5].waypoints[16].position_m.z=0.6754201423154959
steps[5].waypoints[16].orientation_xyzw.x=-0.4392183105350054
steps[5].waypoints[16].orientation_xyzw.y=0.6306553086826081
steps[5].waypoints[16].orientation_xyzw.z=-0.5311717405149555
steps[5].waypoints[16].orientation_xyzw.w=-0.35667595853874495
steps[5].waypoints[17].position_m.x=0.05592750219256232
steps[5].waypoints[17].position_m.y=-1.684772326462392
steps[5].waypoints[17].position_m.z=0.6743844332366027
steps[5].waypoints[17].orientation_xyzw.x=-0.43921828960526194
steps[5].waypoints[17].orientation_xyzw.y=0.6306552038874125
steps[5].waypoints[17].orientation_xyzw.z=-0.5311718951012927
steps[5].waypoints[17].orientation_xyzw.w=-0.3566759393910048
steps[5].waypoints[18].position_m.x=0.056459516942642715
steps[5].waypoints[18].position_m.y=-1.6833343617802985
steps[5].waypoints[18].position_m.z=0.6729697407697446
steps[5].waypoints[18].orientation_xyzw.x=-0.43921826867550284
steps[5].waypoints[18].orientation_xyzw.y=0.6306550990921943
steps[5].waypoints[18].orientation_xyzw.z=-0.5311720496876111
steps[5].waypoints[18].orientation_xyzw.w=-0.35667592024325184
steps[5].waypoints[19].position_m.x=0.05699153169272311
steps[5].waypoints[19].position_m.y=-1.6818963970982053
steps[5].waypoints[19].position_m.z=0.6715550483028865
steps[5].waypoints[19].orientation_xyzw.x=-0.43921824774572804
steps[5].waypoints[19].orientation_xyzw.y=0.6306549942969535
steps[5].waypoints[19].orientation_xyzw.z=-0.5311722042739103
steps[5].waypoints[19].orientation_xyzw.w=-0.35667590109548614
steps[5].waypoints[20].position_m.x=0.05753985374535428
steps[5].waypoints[20].position_m.y=-1.680836972694587
steps[5].waypoints[20].position_m.z=0.6705193392239932
steps[5].waypoints[20].orientation_xyzw.x=-0.43921822681593753
steps[5].waypoints[20].orientation_xyzw.y=0.6306548895016902
steps[5].waypoints[20].orientation_xyzw.z=-0.5311723588601908
steps[5].waypoints[20].orientation_xyzw.w=-0.35667588194770783
steps[5].waypoints[21].position_m.x=0.058116420874537784
steps[5].waypoints[21].position_m.y=-1.6804331992859995
steps[5].waypoints[21].position_m.z=0.6701400486282795
steps[5].waypoints[21].orientation_xyzw.x=-0.4392182058861314
steps[5].waypoints[21].orientation_xyzw.y=0.6306547847064046
steps[5].waypoints[21].orientation_xyzw.z=-0.5311725134464521
steps[5].waypoints[21].orientation_xyzw.w=-0.3566758627999167
steps[5].waypoints[22].position_m.x=0.05872560260882283
steps[5].waypoints[22].position_m.y=-1.6807865064343632
steps[5].waypoints[22].position_m.z=0.6705187248084952
steps[5].waypoints[22].orientation_xyzw.x=-0.4392181849563096
steps[5].waypoints[22].orientation_xyzw.y=0.6306546799110964
steps[5].waypoints[22].orientation_xyzw.z=-0.5311726680326947
steps[5].waypoints[22].orientation_xyzw.w=-0.35667584365211286
steps[5].waypoints[23].position_m.x=0.05936302941966021
steps[5].waypoints[23].position_m.y=-1.6817954645777573
steps[5].waypoints[23].position_m.z=0.6715538194718904
steps[5].waypoints[23].orientation_xyzw.x=-0.43921816402647207
steps[5].waypoints[23].orientation_xyzw.y=0.6306545751157656
steps[5].waypoints[23].orientation_xyzw.z=-0.5311728226189182
steps[5].waypoints[23].orientation_xyzw.w=-0.35667582450429625
steps[5].waypoints[24].position_m.x=0.060016763533048356
steps[5].waypoints[24].position_m.y=-1.6831829629996269
steps[5].waypoints[24].position_m.z=0.6729678975232506
steps[5].waypoints[24].orientation_xyzw.x=-0.4392181430966189
steps[5].waypoints[24].orientation_xyzw.y=0.6306544703204123
steps[5].waypoints[24].orientation_xyzw.z=-0.5311729772051227
steps[5].waypoints[24].orientation_xyzw.w=-0.356675805356467
steps[5].waypoints[25].position_m.x=0.060670497646436505
steps[5].waypoints[25].position_m.y=-1.6845704614214962
steps[5].waypoints[25].position_m.z=0.6743819755746107
steps[5].waypoints[25].orientation_xyzw.x=-0.4392181221667501
steps[5].waypoints[25].orientation_xyzw.y=0.6306543655250366
steps[5].waypoints[25].orientation_xyzw.z=-0.5311731317913084
steps[5].waypoints[25].orientation_xyzw.w=-0.356675786208625
steps[5].waypoints[26].position_m.x=0.061307924457273885
steps[5].waypoints[26].position_m.y=-1.6855794195648905
steps[5].waypoints[26].position_m.z=0.6754170702380059
steps[5].waypoints[26].orientation_xyzw.x=-0.43921810123686555
steps[5].waypoints[26].orientation_xyzw.y=0.6306542607296384
steps[5].waypoints[26].orientation_xyzw.z=-0.531173286377475
steps[5].waypoints[26].orientation_xyzw.w=-0.35667576706077025
steps[5].waypoints[27].position_m.x=0.06191710619155893
steps[5].waypoints[27].position_m.y=-1.685932726713254
steps[5].waypoints[27].position_m.z=0.6757957464182216
steps[5].waypoints[27].orientation_xyzw.x=-0.43921808030696546
steps[5].waypoints[27].orientation_xyzw.y=0.6306541559342176
steps[5].waypoints[27].orientation_xyzw.z=-0.5311734409636227
steps[5].waypoints[27].orientation_xyzw.w=-0.35667574791290274
steps[5].waypoints[28].position_m.x=0.06249367332074243
steps[5].waypoints[28].position_m.y=-1.6855289533046667
steps[5].waypoints[28].position_m.z=0.6754164558225079
steps[5].waypoints[28].orientation_xyzw.x=-0.4392180593770495
steps[5].waypoints[28].orientation_xyzw.y=0.6306540511387743
steps[5].waypoints[28].orientation_xyzw.z=-0.5311735955497514
steps[5].waypoints[28].orientation_xyzw.w=-0.3566757287650225
steps[5].waypoints[29].position_m.x=0.06304199537337361
steps[5].waypoints[29].position_m.y=-1.6844695289010485
steps[5].waypoints[29].position_m.z=0.6743807467436146
steps[5].waypoints[29].orientation_xyzw.x=-0.439218038447118
steps[5].waypoints[29].orientation_xyzw.y=0.6306539463433085
steps[5].waypoints[29].orientation_xyzw.z=-0.5311737501358612
steps[5].waypoints[29].orientation_xyzw.w=-0.35667570961712963
steps[5].waypoints[30].position_m.x=0.063574010123454
steps[5].waypoints[30].position_m.y=-1.6830315642189553
steps[5].waypoints[30].position_m.z=0.6729660542767566
steps[5].waypoints[30].orientation_xyzw.x=-0.4392180175171708
steps[5].waypoints[30].orientation_xyzw.y=0.6306538415478202
steps[5].waypoints[30].orientation_xyzw.z=-0.5311739047219521
steps[5].waypoints[30].orientation_xyzw.w=-0.356675690469224
steps[5].waypoints[31].position_m.x=0.0641060248735344
steps[5].waypoints[31].position_m.y=-1.6815935995368618
steps[5].waypoints[31].position_m.z=0.6715513618098985
steps[5].waypoints[31].orientation_xyzw.x=-0.4392179965872079
steps[5].waypoints[31].orientation_xyzw.y=0.6306537367523094
steps[5].waypoints[31].orientation_xyzw.z=-0.5311740593080239
steps[5].waypoints[31].orientation_xyzw.w=-0.35667567132130557
steps[5].waypoints[32].position_m.x=0.06465434692616556
steps[5].waypoints[32].position_m.y=-1.6805341751332437
steps[5].waypoints[32].position_m.z=0.6705156527310052
steps[5].waypoints[32].orientation_xyzw.x=-0.43921797565722936
steps[5].waypoints[32].orientation_xyzw.y=0.6306536319567762
steps[5].waypoints[32].orientation_xyzw.z=-0.5311742138940768
steps[5].waypoints[32].orientation_xyzw.w=-0.35667565217337444
steps[5].waypoints[33].position_m.x=0.06523091405534907
steps[5].waypoints[33].position_m.y=-1.6801304017246563
steps[5].waypoints[33].position_m.z=0.6701363621352915
steps[5].waypoints[33].orientation_xyzw.x=-0.4392179547272351
steps[5].waypoints[33].orientation_xyzw.y=0.6306535271612204
steps[5].waypoints[33].orientation_xyzw.z=-0.5311743684801108
steps[5].waypoints[33].orientation_xyzw.w=-0.35667563302543065
steps[5].waypoints[34].position_m.x=0.06584009578963411
steps[5].waypoints[34].position_m.y=-1.6804837088730198
steps[5].waypoints[34].position_m.z=0.6705150383155072
steps[5].waypoints[34].orientation_xyzw.x=-0.4392179337972253
steps[5].waypoints[34].orientation_xyzw.y=0.6306534223656423
steps[5].waypoints[34].orientation_xyzw.z=-0.5311745230661259
steps[5].waypoints[34].orientation_xyzw.w=-0.3566756138774741
steps[5].waypoints[35].position_m.x=0.06647752260047149
steps[5].waypoints[35].position_m.y=-1.681492667016414
steps[5].waypoints[35].position_m.z=0.6715501329789024
steps[5].waypoints[35].orientation_xyzw.x=-0.4392179128671997
steps[5].waypoints[35].orientation_xyzw.y=0.6306533175700414
steps[5].waypoints[35].orientation_xyzw.z=-0.5311746776521219
steps[5].waypoints[35].orientation_xyzw.w=-0.3566755947295048
steps[5].waypoints[36].position_m.x=0.06713125671385964
steps[5].waypoints[36].position_m.y=-1.6828801654382834
steps[5].waypoints[36].position_m.z=0.6729642110302625
steps[5].waypoints[36].orientation_xyzw.x=-0.4392178919371585
steps[5].waypoints[36].orientation_xyzw.y=0.6306532127744181
steps[5].waypoints[36].orientation_xyzw.z=-0.531174832238099
steps[5].waypoints[36].orientation_xyzw.w=-0.35667557558152274
steps[5].waypoints[37].position_m.x=0.0677849908272478
steps[5].waypoints[37].position_m.y=-1.684267663860153
steps[5].waypoints[37].position_m.z=0.6743782890816227
steps[5].waypoints[37].orientation_xyzw.x=-0.4392178710071015
steps[5].waypoints[37].orientation_xyzw.y=0.6306531079787722
steps[5].waypoints[37].orientation_xyzw.z=-0.5311749868240572
steps[5].waypoints[37].orientation_xyzw.w=-0.356675556433528
steps[5].waypoints[38].position_m.x=0.06842241763808517
steps[5].waypoints[38].position_m.y=-1.685276622003547
steps[5].waypoints[38].position_m.z=0.6754133837450179
steps[5].waypoints[38].orientation_xyzw.x=-0.43921785007702896
steps[5].waypoints[38].orientation_xyzw.y=0.630653003183104
steps[5].waypoints[38].orientation_xyzw.z=-0.5311751414099964
steps[5].waypoints[38].orientation_xyzw.w=-0.35667553728552054
steps[5].waypoints[39].position_m.x=0.06903159937237022
steps[5].waypoints[39].position_m.y=-1.6856299291519108
steps[5].waypoints[39].position_m.z=0.6757920599252336
steps[5].waypoints[39].orientation_xyzw.x=-0.4392178291469407
steps[5].waypoints[39].orientation_xyzw.y=0.6306528983874132
steps[5].waypoints[39].orientation_xyzw.z=-0.5311752959959167
steps[5].waypoints[39].orientation_xyzw.w=-0.3566755181375003
steps[5].waypoints[40].position_m.x=0.06960816650155371
steps[5].waypoints[40].position_m.y=-1.6852261557433232
steps[5].waypoints[40].position_m.z=0.6754127693295199
steps[5].waypoints[40].orientation_xyzw.x=-0.43921780821683676
steps[5].waypoints[40].orientation_xyzw.y=0.6306527935916999
steps[5].waypoints[40].orientation_xyzw.z=-0.5311754505818179
steps[5].waypoints[40].orientation_xyzw.w=-0.3566754989894674
steps[5].waypoints[41].position_m.x=0.0701564885541849
steps[5].waypoints[41].position_m.y=-1.684166731339705
steps[5].waypoints[41].position_m.z=0.6743770602506266
steps[5].waypoints[41].orientation_xyzw.x=-0.4392177872867171
steps[5].waypoints[41].orientation_xyzw.y=0.630652688795964
steps[5].waypoints[41].orientation_xyzw.z=-0.5311756051677002
steps[5].waypoints[41].orientation_xyzw.w=-0.3566754798414218
steps[5].waypoints[42].position_m.x=0.0706885033042653
steps[5].waypoints[42].position_m.y=-1.6827287666576118
steps[5].waypoints[42].position_m.z=0.6729623677837685
steps[5].waypoints[42].orientation_xyzw.x=-0.43921776635658194
steps[5].waypoints[42].orientation_xyzw.y=0.6306525840002057
steps[5].waypoints[42].orientation_xyzw.z=-0.5311757597535637
steps[5].waypoints[42].orientation_xyzw.w=-0.35667546069336337
steps[5].waypoints[43].position_m.x=0.07122051805434568
steps[5].waypoints[43].position_m.y=-1.6812908019755184
steps[5].waypoints[43].position_m.z=0.6715476753169104
steps[5].waypoints[43].orientation_xyzw.x=-0.43921774542643094
steps[5].waypoints[43].orientation_xyzw.y=0.6306524792044249
steps[5].waypoints[43].orientation_xyzw.z=-0.5311759143394081
steps[5].waypoints[43].orientation_xyzw.w=-0.35667544154529224
steps[5].waypoints[44].position_m.x=0.07176884010697684
steps[5].waypoints[44].position_m.y=-1.6802313775719004
steps[5].waypoints[44].position_m.z=0.6705119662380172
steps[5].waypoints[44].orientation_xyzw.x=-0.43921772449626434
steps[5].waypoints[44].orientation_xyzw.y=0.6306523744086215
steps[5].waypoints[44].orientation_xyzw.z=-0.5311760689252335
steps[5].waypoints[44].orientation_xyzw.w=-0.3566754223972084
steps[5].waypoints[45].position_m.x=0.07234540723616036
steps[5].waypoints[45].position_m.y=-1.679827604163313
steps[5].waypoints[45].position_m.z=0.6701326756423035
steps[5].waypoints[45].orientation_xyzw.x=-0.439217703566082
steps[5].waypoints[45].orientation_xyzw.y=0.6306522696127957
steps[5].waypoints[45].orientation_xyzw.z=-0.53117622351104
steps[5].waypoints[45].orientation_xyzw.w=-0.3566754032491118
steps[5].waypoints[46].position_m.x=0.0729545889704454
steps[5].waypoints[46].position_m.y=-1.6801809113116766
steps[5].waypoints[46].position_m.z=0.6705113518225192
steps[5].waypoints[46].orientation_xyzw.x=-0.439217682635884
steps[5].waypoints[46].orientation_xyzw.y=0.6306521648169474
steps[5].waypoints[46].orientation_xyzw.z=-0.5311763780968276
steps[5].waypoints[46].orientation_xyzw.w=-0.3566753841010025
steps[5].waypoints[47].position_m.x=0.07359201578128277
steps[5].waypoints[47].position_m.y=-1.6811898694550707
steps[5].waypoints[47].position_m.z=0.6715464464859144
steps[5].waypoints[47].orientation_xyzw.x=-0.4392176617056704
steps[5].waypoints[47].orientation_xyzw.y=0.6306520600210765
steps[5].waypoints[47].orientation_xyzw.z=-0.5311765326825962
steps[5].waypoints[47].orientation_xyzw.w=-0.3566753649528805
steps[5].waypoints[48].position_m.x=0.07424574989467093
steps[5].waypoints[48].position_m.y=-1.6825773678769402
steps[5].waypoints[48].position_m.z=0.6729605245372745
steps[5].waypoints[48].orientation_xyzw.x=-0.439217640775441
steps[5].waypoints[48].orientation_xyzw.y=0.6306519552251831
steps[5].waypoints[48].orientation_xyzw.z=-0.5311766872683459
steps[5].waypoints[48].orientation_xyzw.w=-0.3566753458047457
steps[5].waypoints[49].position_m.x=0.07489948400805908
steps[5].waypoints[49].position_m.y=-1.6839648662988096
steps[5].waypoints[49].position_m.z=0.6743746025886346
steps[5].waypoints[49].orientation_xyzw.x=-0.4392176198451961
steps[5].waypoints[49].orientation_xyzw.y=0.6306518504292673
steps[5].waypoints[49].orientation_xyzw.z=-0.5311768418540765
steps[5].waypoints[49].orientation_xyzw.w=-0.35667532665659823
steps[5].waypoints[50].position_m.x=0.07553691081889646
steps[5].waypoints[50].position_m.y=-1.6849738244422037
steps[5].waypoints[50].position_m.z=0.6754096972520298
steps[5].waypoints[50].orientation_xyzw.x=-0.43921759891493545
steps[5].waypoints[50].orientation_xyzw.y=0.630651745633329
steps[5].waypoints[50].orientation_xyzw.z=-0.5311769964397883
steps[5].waypoints[50].orientation_xyzw.w=-0.35667530750843807
steps[5].waypoints[51].position_m.x=0.0761460925531815
steps[5].waypoints[51].position_m.y=-1.6853271315905674
steps[5].waypoints[51].position_m.z=0.6757883734322456
steps[5].waypoints[51].orientation_xyzw.x=-0.4392175779846591
steps[5].waypoints[51].orientation_xyzw.y=0.6306516408373682
steps[5].waypoints[51].orientation_xyzw.z=-0.5311771510254811
steps[5].waypoints[51].orientation_xyzw.w=-0.35667528836026513
steps[5].waypoints[52].position_m.x=0.07672265968236501
steps[5].waypoints[52].position_m.y=-1.6849233581819798
steps[5].waypoints[52].position_m.z=0.6754090828365319
steps[5].waypoints[52].orientation_xyzw.x=-0.4392175570543671
steps[5].waypoints[52].orientation_xyzw.y=0.6306515360413848
steps[5].waypoints[52].orientation_xyzw.z=-0.5311773056111551
steps[5].waypoints[52].orientation_xyzw.w=-0.3566752692120795
steps[5].waypoints[53].position_m.x=0.07727098173499618
steps[5].waypoints[53].position_m.y=-1.6838639337783619
steps[5].waypoints[53].position_m.z=0.6743733737576386
steps[5].waypoints[53].orientation_xyzw.x=-0.4392175361240594
steps[5].waypoints[53].orientation_xyzw.y=0.6306514312453789
steps[5].waypoints[53].orientation_xyzw.z=-0.5311774601968099
steps[5].waypoints[53].orientation_xyzw.w=-0.35667525006388107
steps[5].waypoints[54].position_m.x=0.07780299648507658
steps[5].waypoints[54].position_m.y=-1.6824259690962684
steps[5].waypoints[54].position_m.z=0.6729586812907805
steps[5].waypoints[54].orientation_xyzw.x=-0.43921751519373603
steps[5].waypoints[54].orientation_xyzw.y=0.6306513264493506
steps[5].waypoints[54].orientation_xyzw.z=-0.5311776147824457
steps[5].waypoints[54].orientation_xyzw.w=-0.35667523091567
steps[5].waypoints[55].position_m.x=0.07833501123515696
steps[5].waypoints[55].position_m.y=-1.6809880044141752
steps[5].waypoints[55].position_m.z=0.6715439888239224
steps[5].waypoints[55].orientation_xyzw.x=-0.43921749426339707
steps[5].waypoints[55].orientation_xyzw.y=0.6306512216532998
steps[5].waypoints[55].orientation_xyzw.z=-0.5311777693680628
steps[5].waypoints[55].orientation_xyzw.w=-0.35667521176744615
steps[5].waypoints[56].position_m.x=0.07888333328778814
steps[5].waypoints[56].position_m.y=-1.679928580010557
steps[5].waypoints[56].position_m.z=0.6705082797450291
steps[5].waypoints[56].orientation_xyzw.x=-0.4392174733330423
steps[5].waypoints[56].orientation_xyzw.y=0.6306511168572264
steps[5].waypoints[56].orientation_xyzw.z=-0.5311779239536608
steps[5].waypoints[56].orientation_xyzw.w=-0.3566751926192095
steps[5].waypoints[57].position_m.x=0.07945990041697164
steps[5].waypoints[57].position_m.y=-1.6795248066019697
steps[5].waypoints[57].position_m.z=0.6701289891493155
steps[5].waypoints[57].orientation_xyzw.x=-0.43921745240267196
steps[5].waypoints[57].orientation_xyzw.y=0.6306510120611305
steps[5].waypoints[57].orientation_xyzw.z=-0.5311780785392399
steps[5].waypoints[57].orientation_xyzw.w=-0.3566751734709602
steps[5].waypoints[58].position_m.x=0.08006908215125669
steps[5].waypoints[58].position_m.y=-1.6798781137503331
steps[5].waypoints[58].position_m.z=0.6705076653295312
steps[5].waypoints[58].orientation_xyzw.x=-0.4392174314722859
steps[5].waypoints[58].orientation_xyzw.y=0.630650907265012
steps[5].waypoints[58].orientation_xyzw.z=-0.5311782331248
steps[5].waypoints[58].orientation_xyzw.w=-0.35667515432269825
steps[5].waypoints[59].position_m.x=0.08070650896209405
steps[5].waypoints[59].position_m.y=-1.6808870718937274
steps[5].waypoints[59].position_m.z=0.6715427599929265
steps[5].waypoints[59].orientation_xyzw.x=-0.43921741054188423
steps[5].waypoints[59].orientation_xyzw.y=0.6306508024688713
steps[5].waypoints[59].orientation_xyzw.z=-0.5311783877103412
steps[5].waypoints[59].orientation_xyzw.w=-0.3566751351744235
steps[5].waypoints[60].position_m.x=0.08136024307548222
steps[5].waypoints[60].position_m.y=-1.6822745703155968
steps[5].waypoints[60].position_m.z=0.6729568380442865
steps[5].waypoints[60].orientation_xyzw.x=-0.43921738961146684
steps[5].waypoints[60].orientation_xyzw.y=0.6306506976727079
steps[5].waypoints[60].orientation_xyzw.z=-0.5311785422958634
steps[5].waypoints[60].orientation_xyzw.w=-0.356675116026136
steps[5].lead_start.position_m.x=0.045787777171425785
steps[5].lead_start.position_m.y=-1.6837885581223135
steps[5].lead_start.position_m.z=0.6729752705092266
steps[5].lead_start.orientation_xyzw.x=-0.4392186454087692
steps[5].lead_start.orientation_xyzw.y=0.6306569854026791
steps[5].lead_start.orientation_xyzw.z=-0.531169267130982
steps[5].lead_start.orientation_xyzw.w=-0.35667626490085724
steps[5].usable_seam_start.position_m.x=0.045787777171425785
steps[5].usable_seam_start.position_m.y=-1.6837885581223135
steps[5].usable_seam_start.position_m.z=0.6729752705092266
steps[5].usable_seam_start.orientation_xyzw.x=-0.4392186454087692
steps[5].usable_seam_start.orientation_xyzw.y=0.6306569854026791
steps[5].usable_seam_start.orientation_xyzw.z=-0.531169267130982
steps[5].usable_seam_start.orientation_xyzw.w=-0.35667626490085724
steps[5].usable_seam_goal.position_m.x=0.08136024307548222
steps[5].usable_seam_goal.position_m.y=-1.6822745703155968
steps[5].usable_seam_goal.position_m.z=0.6729568380442865
steps[5].usable_seam_goal.orientation_xyzw.x=-0.43921738961146684
steps[5].usable_seam_goal.orientation_xyzw.y=0.6306506976727079
steps[5].usable_seam_goal.orientation_xyzw.z=-0.5311785422958634
steps[5].usable_seam_goal.orientation_xyzw.w=-0.356675116026136
steps[5].lead_end.position_m.x=0.08136024307548222
steps[5].lead_end.position_m.y=-1.6822745703155968
steps[5].lead_end.position_m.z=0.6729568380442865
steps[5].lead_end.orientation_xyzw.x=-0.43921738961146684
steps[5].lead_end.orientation_xyzw.y=0.6306506976727079
steps[5].lead_end.orientation_xyzw.z=-0.5311785422958634
steps[5].lead_end.orientation_xyzw.w=-0.356675116026136
steps[6].sequence_number=7
steps[6].type=digital_weld
steps[6].parallel_slot=5
steps[6].duration=0.0
steps[6].velocity_scale=0.3695263157894737
steps[6].tcp_speed_m_s=0.022701654779262354
steps[6].command=off
steps[6].weld_scenario_id=weld-84680714279155
steps[6].weld_scenario_stage=arc_off
steps[6].path_to_seam_speed_factor=0.39866007163091666
steps[6].trigger_before_goal=True
steps[6].arc_off_delay_s=0.0
steps[6].settings.current_a=220
steps[6].settings.voltage_tenths=260
steps[6].settings.voltage=26.0
steps[6].settings.material=FE-SOLID
steps[6].settings.diameter_mm=1.2
steps[6].settings.mode=LSM
steps[6].settings.gas=CO2 100%
steps[6].settings.synergic=False
steps[6].settings.correction=0.0
steps[6].settings.hot_start_enabled=True
steps[6].settings.hot_start_percent=5.0
steps[6].settings.hot_start_hold_adjustment=0
steps[6].settings.crater_enabled=False
steps[6].settings.crater_percent=27.27272727272727
steps[6].settings.crater_current_a=60.0
steps[6].settings.crater_voltage_v=25.0
steps[6].settings.crater_seconds=1.0
steps[6].settings.wire_consumable_alpha_mm=0.0
steps[6].settings.hot_start_current_a=231
steps[7].sequence_number=8
steps[7].type=motion
steps[7].parallel_slot=6
steps[7].duration=0.0
steps[7].planning_group=right_manipulator
steps[7].velocity_scale=0.3695263157894737
steps[7].tcp_speed_m_s=0.0
steps[7].interpolation_step=0.005
steps[7].path_kind=weld_end_to_taught_wait_fixed_attitude
steps[7].pose_name=weld_goal_wait
steps[7].pose_label=5 · Weld goal wait pose
steps[7].touch_guard=False
steps[7].continue_after_touch=False
steps[7].weld_scenario_id=weld-84680714279155
steps[7].weld_scenario_stage=goal_wait
steps[7].waypoint_count=1
steps[7].waypoints[0].position_m.x=0.08131133286304298
steps[7].waypoints[0].position_m.y=-1.681107744128622
steps[7].waypoints[0].position_m.z=0.6744055729459948
steps[7].waypoints[0].orientation_xyzw.x=-0.43921738961146684
steps[7].waypoints[0].orientation_xyzw.y=0.6306506976727079
steps[7].waypoints[0].orientation_xyzw.z=-0.5311785422958634
steps[7].waypoints[0].orientation_xyzw.w=-0.356675116026136
steps[8].sequence_number=9
steps[8].type=named_pose
steps[8].parallel_slot=7
steps[8].duration=0.0
steps[8].planning_group=right_manipulator
steps[8].velocity_scale=0.3695263157894737
steps[8].tcp_speed_m_s=0.0
steps[8].pose_name=weld_finish
steps[8].pose_label=7 · Weld end pose
steps[8].touch_guard=False
steps[8].continue_after_touch=False
steps[8].weld_scenario_id=weld-84680714279155
steps[8].weld_scenario_stage=finish
steps[8].target_tcp.position_m.x=0.03374943314549039
steps[8].target_tcp.position_m.y=-1.6540034193254145
steps[8].target_tcp.position_m.z=0.715025635008381
steps[8].target_tcp.orientation_xyzw.x=-0.43566855184384345
steps[8].target_tcp.orientation_xyzw.y=0.6334744147875092
steps[8].target_tcp.orientation_xyzw.z=-0.5283694748098694
steps[8].target_tcp.orientation_xyzw.w=-0.3601788123044635
steps[8].joint_names[0]=right_manipulator_joint1
steps[8].joint_names[1]=right_manipulator_joint2
steps[8].joint_names[2]=right_manipulator_joint3
steps[8].joint_names[3]=right_manipulator_joint4
steps[8].joint_names[4]=right_manipulator_joint5
steps[8].joint_names[5]=right_manipulator_joint6
steps[8].joint_positions_rad[0]=5.1848284314425666
steps[8].joint_positions_rad[1]=1.2821876952502465
steps[8].joint_positions_rad[2]=1.93160458707214
steps[8].joint_positions_rad[3]=3.604953654807699
steps[8].joint_positions_rad[4]=1.4520875191012685
steps[8].joint_positions_rad[5]=1.4500105197671158
steps[9].sequence_number=10
steps[9].type=digital_output
steps[9].parallel_slot=8
steps[9].duration=0.0
steps[9].port=0
steps[9].value=True
steps[9].weld_scenario_id=weld-84680714279155
steps[9].weld_scenario_stage=touch_output_on
hicomm_cyclic_period_ms=40.0
arc_wait_recognition=True
arc_wait_main_welding=True
arc_wait_established=True
arc_establishment_timeout_s=5.0

[summary]
rx_samples=261
welding_samples=183
wcr_seen=1
current_a.min=24.0
current_a.average=225.46745562130178
current_a.max=249.0
voltage_v.min=3.0
voltage_v.average=26.059340659340656
voltage_v.max=60.4
wire_feed_m_min.min=10.2
wire_feed_m_min.average=10.200000000000031
wire_feed_m_min.max=10.2

[production_metrics]
arc_started_elapsed_s=0.14512146700872108
arc_completed_elapsed_s=8.06601762000355
arc_on_time_s=7.920896152994828
main_weld_arc_time_s=7.040625691995956
crater_arc_time_s=0.0
weld_motion_start_elapsed_s=0.826350358009222
weld_motion_complete_elapsed_s=7.102951501001371
weld_motion_duration_s=6.276601142992149
net_weld_arc_time_s=6.276601142992149
wire_feed_average_m_min=9.313162000593794
wire_consumable_base_mm=1229.4764843786834
wire_consumable_alpha_mm=0.0
wire_consumable_mm=1229.4764843786834
wire_consumable_formula=integral(WFS*1000/60*dt)+alpha
weld_motion_start_unix_time=1789622525.569265
weld_motion_start_wall_time=2026-09-17 14:22:05.569
weld_motion_complete_unix_time=1789622531.845865
weld_motion_complete_wall_time=2026-09-17 14:22:11.845

[arc_off_control]
arc_established_elapsed_s=0.8250519850116689
fallback=weld_motion_completed_before_trigger
delay_s=0.0
command_elapsed_s=7.112129255998298
sequence_clear_elapsed_s=10.46516463100852
extinction_current_threshold_a=10.0
feedback_current_extinguished_elapsed_s=7.625091592009994
feedback_extinction_delay_s=0.5129623360116966
wcr_clear_elapsed_s=8.06601762000355
wcr_clear_delay_s=0.9538883640052518

[teaching_snapshot_yaml]
robot_start:
  planning_group: right_manipulator
  joint_state:
    names:
    - right_manipulator_joint1
    - right_manipulator_joint2
    - right_manipulator_joint3
    - right_manipulator_joint4
    - right_manipulator_joint5
    - right_manipulator_joint6
    positions_rad:
    - 5.272090632984539
    - 1.1319069796756747
    - 2.106417676818249
    - 3.6901007738119302
    - 1.4686233526256796
    - 1.4680081624138712
  tcp_pose_world:
    position_m:
      x: 0.0593687026100857
      y: -1.566580876666292
      z: 0.8404797210507349
    orientation_xyzw:
      x: -0.435964943840794
      y: 0.633785310019272
      z: -0.5278153609885844
      w: -0.36008567487496485
weld_wait:
  planning_group: right_manipulator
  joint_state:
    names:
    - right_manipulator_joint1
    - right_manipulator_joint2
    - right_manipulator_joint3
    - right_manipulator_joint4
    - right_manipulator_joint5
    - right_manipulator_joint6
    positions_rad:
    - 5.116482663123427
    - 1.2840481795877758
    - 1.9530954981207522
    - 3.536391371491936
    - 1.4756325262986592
    - 1.454452938781477
  tcp_pose_world:
    position_m:
      x: -0.024663663255563212
      y: -1.6541218108581124
      z: 0.7151550325816947
    orientation_xyzw:
      x: -0.43569661139275795
      y: 0.6334772972744478
      z: -0.5283290120173573
      w: -0.3601991556340635
weld_start_wait:
  planning_group: right_manipulator
  joint_state:
    names:
    - right_manipulator_joint1
    - right_manipulator_joint2
    - right_manipulator_joint3
    - right_manipulator_joint4
    - right_manipulator_joint5
    - right_manipulator_joint6
    positions_rad:
    - 5.182163139823615
    - 1.329779049720235
    - 1.8620059346181725
    - 3.603689185922129
    - 1.4333873345589503
    - 1.441061100081959
  tcp_pose_world:
    position_m:
      x: 0.045718802103199285
      y: -1.682160745698827
      z: 0.6735652566070585
    orientation_xyzw:
      x: -0.43512320113634556
      y: 0.6334895828226131
      z: -0.5288470998477183
      w: -0.36011039039542925
weld_start:
  planning_group: right_manipulator
  joint_state:
    names:
    - right_manipulator_joint1
    - right_manipulator_joint2
    - right_manipulator_joint3
    - right_manipulator_joint4
    - right_manipulator_joint5
    - right_manipulator_joint6
    positions_rad:
    - 5.175376719067067
    - 1.3305135152890033
    - 1.862206951849417
    - 3.5840364742648694
    - 1.4346691529051119
    - 1.440570182701215
  tcp_pose_world:
    position_m:
      x: 0.045787777171425785
      y: -1.6837885581223135
      z: 0.6729752705092266
    orientation_xyzw:
      x: -0.4392186454087692
      y: 0.6306569854026791
      z: -0.531169267130982
      w: -0.35667626490085724
weld_goal_wait:
  planning_group: right_manipulator
  joint_state:
    names:
    - right_manipulator_joint1
    - right_manipulator_joint2
    - right_manipulator_joint3
    - right_manipulator_joint4
    - right_manipulator_joint5
    - right_manipulator_joint6
    positions_rad:
    - 5.221002148529113
    - 1.3281388088048551
    - 1.8483139576638028
    - 3.64330317450484
    - 1.419061392107087
    - 1.4353693922002417
  tcp_pose_world:
    position_m:
      x: 0.08131133286304298
      y: -1.681107744128622
      z: 0.6744055729459948
    orientation_xyzw:
      x: -0.4351219861055805
      y: 0.6334832870879225
      z: -0.528856382261825
      w: -0.3601093016415298
weld_end:
  planning_group: right_manipulator
  joint_state:
    names:
    - right_manipulator_joint1
    - right_manipulator_joint2
    - right_manipulator_joint3
    - right_manipulator_joint4
    - right_manipulator_joint5
    - right_manipulator_joint6
    positions_rad:
    - 5.214624516237533
    - 1.329894366216836
    - 1.8484809500273354
    - 3.623934145244177
    - 1.4210836919585723
    - 1.4356687475117433
  tcp_pose_world:
    position_m:
      x: 0.08136024307548222
      y: -1.6822745703155968
      z: 0.6729568380442865
    orientation_xyzw:
      x: -0.43921738961146684
      y: 0.6306506976727079
      z: -0.5311785422958634
      w: -0.356675116026136
weld_finish:
  planning_group: right_manipulator
  joint_state:
    names:
    - right_manipulator_joint1
    - right_manipulator_joint2
    - right_manipulator_joint3
    - right_manipulator_joint4
    - right_manipulator_joint5
    - right_manipulator_joint6
    positions_rad:
    - 5.1848284314425666
    - 1.2821876952502465
    - 1.93160458707214
    - 3.604953654807699
    - 1.4520875191012685
    - 1.4500105197671158
  tcp_pose_world:
    position_m:
      x: 0.03374943314549039
      y: -1.6540034193254145
      z: 0.715025635008381
    orientation_xyzw:
      x: -0.43566855184384345
      y: 0.6334744147875092
      z: -0.5283694748098694
      w: -0.3601788123044635

[touch_snapshot_yaml]
start_floor:
  position_m:
    x: 0.04547932258097909
    y: -1.6821915291349505
    z: 0.6729754068776663
  orientation_xyzw:
    x: -0.4350822202145904
    y: 0.633459624131198
    z: -0.5289170250943321
    w: -0.36010990935277765
start_wall:
  position_m:
    x: 0.04549465063903185
    y: -1.68380087785346
    z: 0.6735972126164071
  orientation_xyzw:
    x: -0.43516013479043175
    y: 0.6335247786726932
    z: -0.5288106366545504
    w: -0.3600573877285362
goal_floor:
  position_m:
    x: 0.08105688561466207
    y: -1.6811898428009975
    z: 0.6729569792397367
  orientation_xyzw:
    x: -0.4351284183170482
    y: 0.6334681827675457
    z: -0.5288653409375834
    w: -0.36011494296829866
goal_wall:
  position_m:
    x: 0.08107928880557597
    y: -1.6822861946847858
    z: 0.6742857934909061
  orientation_xyzw:
    x: -0.4351714228494885
    y: 0.6334929071798462
    z: -0.5288092446514945
    w: -0.36010186344851686

[samples]
elapsed_s raw0 state arc gas fwd wcr current_a voltage_v wire_feed_m_min set_current_a set_voltage_v error db collision
0.027 0x00 idle 0 0 0 0 0 0.0 0.0 220 26.0 0 0 0
0.065 0x00 idle 0 0 0 0 0 0.0 0.0 220 26.0 0 0 0
0.108 0x01 idle 1 0 0 0 0 0.0 0.0 220 26.0 0 0 0
0.145 0x09 main_weld 1 1 0 0 0 0.0 0.0 220 26.0 0 0 0
0.189 0x09 main_weld 1 1 0 0 0 0.0 0.0 220 26.0 0 0 0
0.225 0x09 main_weld 1 1 0 0 0 0.0 0.0 220 26.0 0 0 0
0.268 0x09 main_weld 1 1 0 0 0 0.0 0.0 220 26.0 0 0 0
0.309 0x09 main_weld 1 1 0 0 0 0.0 0.0 220 26.0 0 0 0
0.353 0x09 main_weld 1 1 0 0 0 0.0 0.0 220 26.0 0 0 0
0.388 0x09 main_weld 1 1 0 0 0 0.0 0.0 220 26.0 0 0 0
0.425 0x09 main_weld 1 1 0 0 0 0.0 0.0 220 26.0 0 0 0
0.465 0x09 main_weld 1 1 0 0 0 0.0 0.0 220 26.0 0 0 0
0.508 0x09 main_weld 1 1 0 0 0 0.0 0.0 220 26.0 0 0 0
0.548 0x09 main_weld 1 1 0 0 0 0.0 0.0 220 26.0 0 0 0
0.586 0x09 main_weld 1 1 0 0 0 0.0 0.0 220 26.0 0 0 0
0.625 0x09 main_weld 1 1 0 0 0 0.0 0.0 220 26.0 0 0 0
0.665 0x09 main_weld 1 1 0 0 0 0.0 0.0 220 26.0 0 0 0
0.707 0x09 main_weld 1 1 0 0 0 0.0 0.0 220 26.0 0 0 0
0.745 0x09 main_weld 1 1 0 0 0 0.0 0.0 220 26.0 0 0 0
0.785 0x09 main_weld 1 1 0 0 0 0.0 0.0 220 26.0 0 0 0
0.834 0x2B main_weld 1 1 1 1 0 0.0 10.2 220 26.0 0 0 0
0.865 0x2B main_weld 1 1 1 1 24 4.5 10.2 220 26.0 0 0 0
0.909 0x2B main_weld 1 1 1 1 24 4.5 10.2 220 26.0 0 0 0
0.953 0x2B main_weld 1 1 1 1 24 4.5 10.2 220 26.0 0 0 0
0.990 0x2B main_weld 1 1 1 1 24 4.5 10.2 220 26.0 0 0 0
1.026 0x2B main_weld 1 1 1 1 24 42.2 10.2 220 26.0 0 0 0
1.070 0x2B main_weld 1 1 1 1 98 42.2 10.2 220 26.0 0 0 0
1.107 0x2B main_weld 1 1 1 1 98 42.2 10.2 220 26.0 0 0 0
1.146 0x2B main_weld 1 1 1 1 98 42.2 10.2 220 26.0 0 0 0
1.185 0x2B main_weld 1 1 1 1 98 42.2 10.2 220 26.0 0 0 0
1.225 0x2B main_weld 1 1 1 1 225 25.0 10.2 220 26.0 0 0 0
1.265 0x2B main_weld 1 1 1 1 225 25.0 10.2 220 26.0 0 0 0
1.305 0x2B main_weld 1 1 1 1 225 25.0 10.2 220 26.0 0 0 0
1.350 0x2B main_weld 1 1 1 1 225 25.0 10.2 220 26.0 0 0 0
1.385 0x2B main_weld 1 1 1 1 225 25.2 10.2 220 26.0 0 0 0
1.428 0x2B main_weld 1 1 1 1 243 25.2 10.2 220 26.0 0 0 0
1.465 0x2B main_weld 1 1 1 1 243 25.2 10.2 220 26.0 0 0 0
1.506 0x2B main_weld 1 1 1 1 246 25.2 10.2 220 26.0 0 0 0
1.549 0x2B main_weld 1 1 1 1 246 25.2 10.2 220 26.0 0 0 0
1.586 0x2B main_weld 1 1 1 1 246 25.2 10.2 220 26.0 0 0 0
1.626 0x2B main_weld 1 1 1 1 246 25.2 10.2 220 26.0 0 0 0
1.666 0x2B main_weld 1 1 1 1 246 25.2 10.2 220 26.0 0 0 0
1.706 0x2B main_weld 1 1 1 1 249 25.2 10.2 220 26.0 0 0 0
1.746 0x2B main_weld 1 1 1 1 249 24.9 10.2 220 26.0 0 0 0
1.789 0x2B main_weld 1 1 1 1 249 24.9 10.2 220 26.0 0 0 0
1.828 0x2B main_weld 1 1 1 1 249 24.9 10.2 220 26.0 0 0 0
1.865 0x2B main_weld 1 1 1 1 244 24.9 10.2 220 26.0 0 0 0
1.907 0x2B main_weld 1 1 1 1 244 24.9 10.2 220 26.0 0 0 0
1.946 0x2B main_weld 1 1 1 1 244 24.9 10.2 220 26.0 0 0 0
1.987 0x2B main_weld 1 1 1 1 244 24.9 10.2 220 26.0 0 0 0
2.030 0x2B main_weld 1 1 1 1 244 24.9 10.2 220 26.0 0 0 0
2.067 0x2B main_weld 1 1 1 1 242 24.9 10.2 220 26.0 0 0 0
2.107 0x2B main_weld 1 1 1 1 242 25.1 10.2 220 26.0 0 0 0
2.145 0x2B main_weld 1 1 1 1 242 25.1 10.2 220 26.0 0 0 0
2.186 0x2B main_weld 1 1 1 1 242 24.9 10.2 220 26.0 0 0 0
2.225 0x2B main_weld 1 1 1 1 241 24.9 10.2 220 26.0 0 0 0
2.269 0x2B main_weld 1 1 1 1 241 24.9 10.2 220 26.0 0 0 0
2.305 0x2B main_weld 1 1 1 1 241 24.9 10.2 220 26.0 0 0 0
2.349 0x2B main_weld 1 1 1 1 241 24.9 10.2 220 26.0 0 0 0
2.386 0x2B main_weld 1 1 1 1 241 25.2 10.2 220 26.0 0 0 0
2.425 0x2B main_weld 1 1 1 1 238 25.2 10.2 220 26.0 0 0 0
2.469 0x2B main_weld 1 1 1 1 238 25.2 10.2 220 26.0 0 0 0
2.505 0x2B main_weld 1 1 1 1 238 25.2 10.2 220 26.0 0 0 0
2.550 0x2B main_weld 1 1 1 1 238 25.2 10.2 220 26.0 0 0 0
2.585 0x2B main_weld 1 1 1 1 238 25.2 10.2 220 26.0 0 0 0
2.625 0x2B main_weld 1 1 1 1 238 25.2 10.2 220 26.0 0 0 0
2.669 0x2B main_weld 1 1 1 1 238 25.2 10.2 220 26.0 0 0 0
2.705 0x2B main_weld 1 1 1 1 238 25.2 10.2 220 26.0 0 0 0
2.745 0x2B main_weld 1 1 1 1 238 25.2 10.2 220 26.0 0 0 0
2.786 0x2B main_weld 1 1 1 1 242 25.2 10.2 220 26.0 0 0 0
2.827 0x2B main_weld 1 1 1 1 242 25.2 10.2 220 26.0 0 0 0
2.865 0x2B main_weld 1 1 1 1 242 25.2 10.2 220 26.0 0 0 0
2.912 0x2B main_weld 1 1 1 1 242 24.9 10.2 220 26.0 0 0 0
2.945 0x2B main_weld 1 1 1 1 248 24.9 10.2 220 26.0 0 0 0
2.990 0x2B main_weld 1 1 1 1 248 24.9 10.2 220 26.0 0 0 0
3.025 0x2B main_weld 1 1 1 1 246 24.9 10.2 220 26.0 0 0 0
3.065 0x2B main_weld 1 1 1 1 246 24.9 10.2 220 26.0 0 0 0
3.110 0x2B main_weld 1 1 1 1 246 25.2 10.2 220 26.0 0 0 0
3.147 0x2B main_weld 1 1 1 1 246 25.2 10.2 220 26.0 0 0 0
3.185 0x2B main_weld 1 1 1 1 246 25.2 10.2 220 26.0 0 0 0
3.231 0x2B main_weld 1 1 1 1 236 25.2 10.2 220 26.0 0 0 0
3.275 0x2B main_weld 1 1 1 1 236 25.2 10.2 220 26.0 0 0 0
3.305 0x2B main_weld 1 1 1 1 236 25.2 10.2 220 26.0 0 0 0
3.345 0x2B main_weld 1 1 1 1 236 25.2 10.2 220 26.0 0 0 0
3.385 0x2B main_weld 1 1 1 1 236 25.1 10.2 220 26.0 0 0 0
3.425 0x2B main_weld 1 1 1 1 236 25.1 10.2 220 26.0 0 0 0
3.468 0x2B main_weld 1 1 1 1 236 25.1 10.2 220 26.0 0 0 0
3.505 0x2B main_weld 1 1 1 1 236 25.1 10.2 220 26.0 0 0 0
3.553 0x2B main_weld 1 1 1 1 236 25.2 10.2 220 26.0 0 0 0
3.588 0x2B main_weld 1 1 1 1 248 25.2 10.2 220 26.0 0 0 0
3.629 0x2B main_weld 1 1 1 1 248 25.2 10.2 220 26.0 0 0 0
3.670 0x2B main_weld 1 1 1 1 248 25.2 10.2 220 26.0 0 0 0
3.707 0x2B main_weld 1 1 1 1 248 25.3 10.2 220 26.0 0 0 0
3.745 0x2B main_weld 1 1 1 1 240 25.3 10.2 220 26.0 0 0 0
3.785 0x2B main_weld 1 1 1 1 240 25.3 10.2 220 26.0 0 0 0
3.834 0x2B main_weld 1 1 1 1 240 25.3 10.2 220 26.0 0 0 0
3.869 0x2B main_weld 1 1 1 1 240 25.3 10.2 220 26.0 0 0 0
3.911 0x2B main_weld 1 1 1 1 240 25.1 10.2 220 26.0 0 0 0
3.950 0x2B main_weld 1 1 1 1 243 25.1 10.2 220 26.0 0 0 0
3.989 0x2B main_weld 1 1 1 1 243 25.1 10.2 220 26.0 0 0 0
4.025 0x2B main_weld 1 1 1 1 243 25.1 10.2 220 26.0 0 0 0
4.065 0x2B main_weld 1 1 1 1 243 25.1 10.2 220 26.0 0 0 0
4.106 0x2B main_weld 1 1 1 1 246 24.9 10.2 220 26.0 0 0 0
4.145 0x2B main_weld 1 1 1 1 246 24.9 10.2 220 26.0 0 0 0
4.186 0x2B main_weld 1 1 1 1 246 24.9 10.2 220 26.0 0 0 0
4.226 0x2B main_weld 1 1 1 1 246 24.9 10.2 220 26.0 0 0 0
4.265 0x2B main_weld 1 1 1 1 246 25.2 10.2 220 26.0 0 0 0
4.307 0x2B main_weld 1 1 1 1 240 25.2 10.2 220 26.0 0 0 0
4.345 0x2B main_weld 1 1 1 1 240 25.2 10.2 220 26.0 0 0 0
4.386 0x2B main_weld 1 1 1 1 240 25.2 10.2 220 26.0 0 0 0
4.431 0x2B main_weld 1 1 1 1 240 25.2 10.2 220 26.0 0 0 0
4.469 0x2B main_weld 1 1 1 1 241 25.2 10.2 220 26.0 0 0 0
4.505 0x2B main_weld 1 1 1 1 241 25.2 10.2 220 26.0 0 0 0
4.547 0x2B main_weld 1 1 1 1 241 25.2 10.2 220 26.0 0 0 0
4.588 0x2B main_weld 1 1 1 1 240 25.2 10.2 220 26.0 0 0 0
4.631 0x2B main_weld 1 1 1 1 240 24.9 10.2 220 26.0 0 0 0
4.665 0x2B main_weld 1 1 1 1 240 24.9 10.2 220 26.0 0 0 0
4.705 0x2B main_weld 1 1 1 1 240 24.9 10.2 220 26.0 0 0 0
4.745 0x2B main_weld 1 1 1 1 240 24.9 10.2 220 26.0 0 0 0
4.785 0x2B main_weld 1 1 1 1 240 24.9 10.2 220 26.0 0 0 0
4.825 0x2B main_weld 1 1 1 1 240 24.9 10.2 220 26.0 0 0 0
4.870 0x2B main_weld 1 1 1 1 240 24.9 10.2 220 26.0 0 0 0
4.914 0x2B main_weld 1 1 1 1 240 25.2 10.2 220 26.0 0 0 0
4.950 0x2B main_weld 1 1 1 1 236 25.2 10.2 220 26.0 0 0 0
4.985 0x2B main_weld 1 1 1 1 236 25.2 10.2 220 26.0 0 0 0
5.025 0x2B main_weld 1 1 1 1 236 25.2 10.2 220 26.0 0 0 0
5.065 0x2B main_weld 1 1 1 1 236 25.0 10.2 220 26.0 0 0 0
5.105 0x2B main_weld 1 1 1 1 240 25.0 10.2 220 26.0 0 0 0
5.145 0x2B main_weld 1 1 1 1 240 25.0 10.2 220 26.0 0 0 0
5.186 0x2B main_weld 1 1 1 1 240 25.0 10.2 220 26.0 0 0 0
5.226 0x2B main_weld 1 1 1 1 240 25.0 10.2 220 26.0 0 0 0
5.269 0x2B main_weld 1 1 1 1 240 25.2 10.2 220 26.0 0 0 0
5.309 0x2B main_weld 1 1 1 1 238 25.2 10.2 220 26.0 0 0 0
5.349 0x2B main_weld 1 1 1 1 238 25.2 10.2 220 26.0 0 0 0
5.388 0x2B main_weld 1 1 1 1 238 25.2 10.2 220 26.0 0 0 0
5.425 0x2B main_weld 1 1 1 1 238 25.3 10.2 220 26.0 0 0 0
5.465 0x2B main_weld 1 1 1 1 238 25.3 10.2 220 26.0 0 0 0
5.505 0x2B main_weld 1 1 1 1 238 25.3 10.2 220 26.0 0 0 0
5.545 0x2B main_weld 1 1 1 1 237 25.3 10.2 220 26.0 0 0 0
5.585 0x2B main_weld 1 1 1 1 237 25.3 10.2 220 26.0 0 0 0
5.626 0x2B main_weld 1 1 1 1 237 25.3 10.2 220 26.0 0 0 0
5.665 0x2B main_weld 1 1 1 1 231 25.3 10.2 220 26.0 0 0 0
5.705 0x2B main_weld 1 1 1 1 231 25.3 10.2 220 26.0 0 0 0
5.745 0x2B main_weld 1 1 1 1 247 25.3 10.2 220 26.0 0 0 0
5.788 0x2B main_weld 1 1 1 1 247 24.9 10.2 220 26.0 0 0 0
5.825 0x2B main_weld 1 1 1 1 247 24.9 10.2 220 26.0 0 0 0
5.875 0x2B main_weld 1 1 1 1 247 24.9 10.2 220 26.0 0 0 0
5.905 0x2B main_weld 1 1 1 1 237 24.9 10.2 220 26.0 0 0 0
5.947 0x2B main_weld 1 1 1 1 237 24.9 10.2 220 26.0 0 0 0
5.989 0x2B main_weld 1 1 1 1 237 25.0 10.2 220 26.0 0 0 0
6.027 0x2B main_weld 1 1 1 1 237 25.0 10.2 220 26.0 0 0 0
6.066 0x2B main_weld 1 1 1 1 237 25.0 10.2 220 26.0 0 0 0
6.105 0x2B main_weld 1 1 1 1 231 25.0 10.2 220 26.0 0 0 0
6.148 0x2B main_weld 1 1 1 1 231 25.0 10.2 220 26.0 0 0 0
6.197 0x2B main_weld 1 1 1 1 231 25.0 10.2 220 26.0 0 0 0
6.227 0x2B main_weld 1 1 1 1 231 25.0 10.2 220 26.0 0 0 0
6.270 0x2B main_weld 1 1 1 1 243 25.0 10.2 220 26.0 0 0 0
6.305 0x2B main_weld 1 1 1 1 243 25.0 10.2 220 26.0 0 0 0
6.345 0x2B main_weld 1 1 1 1 243 24.9 10.2 220 26.0 0 0 0
6.385 0x2B main_weld 1 1 1 1 243 24.9 10.2 220 26.0 0 0 0
6.425 0x2B main_weld 1 1 1 1 243 25.2 10.2 220 26.0 0 0 0
6.471 0x2B main_weld 1 1 1 1 244 25.2 10.2 220 26.0 0 0 0
6.505 0x2B main_weld 1 1 1 1 244 25.2 10.2 220 26.0 0 0 0
6.549 0x2B main_weld 1 1 1 1 244 25.2 10.2 220 26.0 0 0 0
6.585 0x2B main_weld 1 1 1 1 244 25.2 10.2 220 26.0 0 0 0
6.625 0x2B main_weld 1 1 1 1 240 25.0 10.2 220 26.0 0 0 0
6.680 0x2B main_weld 1 1 1 1 240 25.0 10.2 220 26.0 0 0 0
6.712 0x2B main_weld 1 1 1 1 240 25.0 10.2 220 26.0 0 0 0
6.751 0x2B main_weld 1 1 1 1 240 25.0 10.2 220 26.0 0 0 0
6.788 0x2B main_weld 1 1 1 1 240 25.0 10.2 220 26.0 0 0 0
6.825 0x2B main_weld 1 1 1 1 235 25.0 10.2 220 26.0 0 0 0
6.865 0x2B main_weld 1 1 1 1 235 25.0 10.2 220 26.0 0 0 0
6.908 0x2B main_weld 1 1 1 1 235 25.0 10.2 220 26.0 0 0 0
6.948 0x2B main_weld 1 1 1 1 235 25.0 10.2 220 26.0 0 0 0
6.985 0x2B main_weld 1 1 1 1 241 25.0 10.2 220 26.0 0 0 0
7.025 0x2B main_weld 1 1 1 1 241 25.0 10.2 220 26.0 0 0 0
7.065 0x2B main_weld 1 1 1 1 241 25.2 10.2 220 26.0 0 0 0
7.109 0x2B main_weld 1 1 1 1 241 25.2 10.2 220 26.0 0 0 0
7.149 0x2B main_weld 1 1 1 1 241 25.0 10.2 220 26.0 0 0 0
7.186 0x28 idle 0 1 0 1 236 25.0 10.2 220 26.0 0 0 0
7.227 0x28 idle 0 1 0 1 236 25.0 10.2 220 26.0 0 0 0
7.265 0x28 idle 0 1 0 1 231 25.0 10.2 220 26.0 0 0 0
7.309 0x28 idle 0 1 0 1 231 25.0 10.2 220 26.0 0 0 0
7.345 0x28 idle 0 1 0 1 231 24.6 10.2 220 26.0 0 0 0
7.389 0x28 idle 0 1 0 1 231 24.6 10.2 220 26.0 0 0 0
7.425 0x28 idle 0 1 0 1 231 50.1 10.2 220 26.0 0 0 0
7.465 0x28 idle 0 1 0 1 40 50.1 10.2 220 26.0 0 0 0
7.506 0x28 idle 0 1 0 1 40 50.1 10.2 220 26.0 0 0 0
7.545 0x28 idle 0 1 0 1 40 50.1 10.2 220 26.0 0 0 0
7.585 0x28 idle 0 1 0 1 40 60.4 10.2 220 26.0 0 0 0
7.625 0x28 idle 0 1 0 1 0 60.4 10.2 220 26.0 0 0 0
7.665 0x28 idle 0 1 0 1 0 60.4 10.2 220 26.0 0 0 0
7.705 0x28 idle 0 1 0 1 0 60.4 10.2 220 26.0 0 0 0
7.745 0x28 idle 0 1 0 1 0 60.4 10.2 220 26.0 0 0 0
7.786 0x28 idle 0 1 0 1 0 27.3 10.2 220 26.0 0 0 0
7.825 0x28 idle 0 1 0 1 0 27.3 10.2 220 26.0 0 0 0
7.873 0x28 idle 0 1 0 1 0 27.3 10.2 220 26.0 0 0 0
7.910 0x28 idle 0 1 0 1 0 27.3 10.2 220 26.0 0 0 0
7.945 0x28 idle 0 1 0 1 0 3.0 10.2 220 26.0 0 0 0
7.985 0x28 idle 0 1 0 1 0 3.0 10.2 220 26.0 0 0 0
8.025 0x28 idle 0 1 0 1 0 3.0 10.2 220 26.0 0 0 0
8.066 0x08 idle 0 1 0 0 0 3.0 10.2 220 26.0 0 0 0
8.109 0x08 idle 0 1 0 0 0 3.0 0.0 220 26.0 0 0 0
8.145 0x08 idle 0 1 0 0 0 0.0 0.0 220 26.0 0 0 0
8.185 0x08 idle 0 1 0 0 0 0.0 0.0 220 26.0 0 0 0
8.225 0x08 idle 0 1 0 0 0 0.0 0.0 220 26.0 0 0 0
8.267 0x08 idle 0 1 0 0 0 0.0 0.0 220 26.0 0 0 0
8.307 0x08 idle 0 1 0 0 0 0.0 0.0 220 26.0 0 0 0
8.345 0x08 idle 0 1 0 0 0 0.0 0.0 220 26.0 0 0 0
8.385 0x08 idle 0 1 0 0 0 0.0 0.0 220 26.0 0 0 0
8.425 0x08 idle 0 1 0 0 0 0.0 0.0 220 26.0 0 0 0
8.465 0x08 idle 0 1 0 0 0 0.0 0.0 220 26.0 0 0 0
8.506 0x08 idle 0 1 0 0 0 0.0 0.0 220 26.0 0 0 0
8.546 0x08 idle 0 1 0 0 0 0.0 0.0 220 26.0 0 0 0
8.587 0x08 idle 0 1 0 0 0 0.0 0.0 220 26.0 0 0 0
8.626 0x08 idle 0 1 0 0 0 0.0 0.0 220 26.0 0 0 0
8.666 0x08 idle 0 1 0 0 0 0.0 0.0 220 26.0 0 0 0
8.706 0x08 idle 0 1 0 0 0 0.0 0.0 220 26.0 0 0 0
8.747 0x08 idle 0 1 0 0 0 0.0 0.0 220 26.0 0 0 0
8.790 0x08 idle 0 1 0 0 0 0.0 0.0 220 26.0 0 0 0
8.825 0x08 idle 0 1 0 0 0 0.0 0.0 220 26.0 0 0 0
8.865 0x08 idle 0 1 0 0 0 0.0 0.0 220 26.0 0 0 0
8.905 0x08 idle 0 1 0 0 0 0.0 0.0 220 26.0 0 0 0
8.945 0x08 idle 0 1 0 0 0 0.0 0.0 220 26.0 0 0 0
8.989 0x08 idle 0 1 0 0 0 0.0 0.0 220 26.0 0 0 0
9.025 0x08 idle 0 1 0 0 0 0.0 0.0 220 26.0 0 0 0
9.065 0x08 idle 0 1 0 0 0 0.0 0.0 220 26.0 0 0 0
9.109 0x08 idle 0 1 0 0 0 0.0 0.0 220 26.0 0 0 0
9.151 0x08 idle 0 1 0 0 0 0.0 0.0 220 26.0 0 0 0
9.188 0x08 idle 0 1 0 0 0 0.0 0.0 220 26.0 0 0 0
9.226 0x08 idle 0 1 0 0 0 0.0 0.0 220 26.0 0 0 0
9.265 0x08 idle 0 1 0 0 0 0.0 0.0 220 26.0 0 0 0
9.305 0x08 idle 0 1 0 0 0 0.0 0.0 220 26.0 0 0 0
9.345 0x08 idle 0 1 0 0 0 0.0 0.0 220 26.0 0 0 0
9.385 0x08 idle 0 1 0 0 0 0.0 0.0 220 26.0 0 0 0
9.427 0x08 idle 0 1 0 0 0 0.0 0.0 220 26.0 0 0 0
9.465 0x08 idle 0 1 0 0 0 0.0 0.0 220 26.0 0 0 0
9.505 0x08 idle 0 1 0 0 0 0.0 0.0 220 26.0 0 0 0
9.556 0x08 idle 0 1 0 0 0 0.0 0.0 220 26.0 0 0 0
9.600 0x08 idle 0 1 0 0 0 0.0 0.0 220 26.0 0 0 0
9.625 0x08 idle 0 1 0 0 0 0.0 0.0 220 26.0 0 0 0
9.667 0x08 idle 0 1 0 0 0 0.0 0.0 220 26.0 0 0 0
9.708 0x08 idle 0 1 0 0 0 0.0 0.0 220 26.0 0 0 0
9.746 0x08 idle 0 1 0 0 0 0.0 0.0 220 26.0 0 0 0
9.786 0x08 idle 0 1 0 0 0 0.0 0.0 220 26.0 0 0 0
9.825 0x08 idle 0 1 0 0 0 0.0 0.0 220 26.0 0 0 0
9.865 0x08 idle 0 1 0 0 0 0.0 0.0 220 26.0 0 0 0
9.905 0x08 idle 0 1 0 0 0 0.0 0.0 220 26.0 0 0 0
9.945 0x08 idle 0 1 0 0 0 0.0 0.0 220 26.0 0 0 0
9.985 0x08 idle 0 1 0 0 0 0.0 0.0 220 26.0 0 0 0
10.025 0x08 idle 0 1 0 0 0 0.0 0.0 220 26.0 0 0 0
10.068 0x08 idle 0 1 0 0 0 0.0 0.0 220 26.0 0 0 0
10.105 0x08 idle 0 1 0 0 0 0.0 0.0 220 26.0 0 0 0
10.148 0x08 idle 0 1 0 0 0 0.0 0.0 220 26.0 0 0 0
10.185 0x08 idle 0 1 0 0 0 0.0 0.0 220 26.0 0 0 0
10.227 0x08 idle 0 1 0 0 0 0.0 0.0 220 26.0 0 0 0
10.265 0x08 idle 0 1 0 0 0 0.0 0.0 220 26.0 0 0 0
10.305 0x08 idle 0 1 0 0 0 0.0 0.0 220 26.0 0 0 0
10.345 0x08 idle 0 1 0 0 0 0.0 0.0 220 26.0 0 0 0
10.385 0x08 idle 0 1 0 0 0 0.0 0.0 220 26.0 0 0 0
10.425 0x08 idle 0 1 0 0 0 0.0 0.0 220 26.0 0 0 0

[tcp_trajectory]
elapsed_s x_m y_m z_m qx qy qz qw speed_m_s tf_stamp_s along_mm remaining_mm cross_track_mm progress waypoint phase
0.0018 0.0457950 -1.6833498 0.6733429 -0.43906958 0.63069708 -0.53119174 -0.35675543 0.000000 1789622524.711879969 0.026 35.579 0.572 0.00000 -1 ACTUAL_TF
0.0367 0.0458467 -1.6836217 0.6733408 -0.43906645 0.63066835 -0.53125532 -0.35671539 0.004949 1789622524.767796993 0.066 35.539 0.401 0.00000 -1 ACTUAL_TF
0.0909 0.0458556 -1.6837577 0.6733365 -0.43906694 0.63065153 -0.53128232 -0.35670431 0.004195 1789622524.823819399 0.069 35.536 0.362 0.00000 -1 ACTUAL_TF
0.1508 0.0458707 -1.6838490 0.6733180 -0.43907724 0.63064261 -0.53129442 -0.35668937 0.003442 1789622524.879804611 0.080 35.525 0.349 0.00000 -1 ACTUAL_TF
0.2051 0.0458664 -1.6838929 0.6732996 -0.43908436 0.63063804 -0.53129519 -0.35668756 0.002665 1789622524.935835361 0.074 35.531 0.342 0.00000 -1 ACTUAL_TF
0.2591 0.0458617 -1.6839119 0.6732803 -0.43909525 0.63063577 -0.53129182 -0.35668318 0.002013 1789622524.991837978 0.068 35.536 0.330 0.00000 -1 ACTUAL_TF
0.3148 0.0458564 -1.6839208 0.6732651 -0.43910007 0.63063722 -0.53128662 -0.35668242 0.001508 1789622525.047819376 0.063 35.542 0.320 0.00000 -1 ACTUAL_TF
0.3753 0.0458490 -1.6839237 0.6732504 -0.43910681 0.63063711 -0.53128164 -0.35668173 0.001145 1789622525.103850365 0.055 35.549 0.308 0.00000 -1 ACTUAL_TF
0.4301 0.0458483 -1.6839278 0.6732452 -0.43911044 0.63063630 -0.53127985 -0.35668137 0.000837 1789622525.159728765 0.054 35.550 0.305 0.00000 -1 ACTUAL_TF
0.4890 0.0458451 -1.6839187 0.6732269 -0.43911661 0.63063747 -0.53127432 -0.35667993 0.000696 1789622525.216171026 0.052 35.553 0.284 0.00000 -1 ACTUAL_TF
0.5434 0.0458384 -1.6839158 0.6732160 -0.43912021 0.63063923 -0.53126843 -0.35668116 0.000558 1789622525.272099495 0.045 35.560 0.273 0.00000 -1 ACTUAL_TF
0.5995 0.0458359 -1.6839089 0.6732054 -0.43912663 0.63063898 -0.53126366 -0.35668082 0.000459 1789622525.328544378 0.043 35.562 0.261 0.00000 -1 ACTUAL_TF
0.6470 0.0458313 -1.6839067 0.6731958 -0.43912954 0.63063984 -0.53126028 -0.35668074 0.000380 1789622525.383836746 0.038 35.566 0.251 0.00000 -1 ACTUAL_TF
0.7048 0.0458290 -1.6839045 0.6731882 -0.43913301 0.63063873 -0.53125749 -0.35668259 0.000310 1789622525.439815760 0.036 35.569 0.243 0.00000 -1 ACTUAL_TF
0.7588 0.0458254 -1.6838975 0.6731776 -0.43913698 0.63064014 -0.53125269 -0.35668236 0.000288 1789622525.495838881 0.033 35.572 0.231 0.00000 -1 ACTUAL_TF
0.8155 0.0458255 -1.6838981 0.6731695 -0.43913886 0.63064029 -0.53125079 -0.35668261 0.000245 1789622525.551908255 0.033 35.572 0.224 0.00000 -1 ACTUAL_TF
0.8688 0.0458219 -1.6838912 0.6731589 -0.43914283 0.63064170 -0.53124599 -0.35668238 0.000242 1789622525.607718229 0.030 35.575 0.211 0.00000 -1 ACTUAL_TF
0.9355 0.0458133 -1.6838862 0.6731500 -0.43914616 0.63064205 -0.53124109 -0.35668496 0.000241 1789622525.663949013 0.021 35.583 0.201 0.00000 -1 ACTUAL_TF
0.9833 0.0458102 -1.6838793 0.6731393 -0.43914893 0.63064424 -0.53123700 -0.35668377 0.000242 1789622525.717180252 0.018 35.586 0.188 0.00000 -1 ACTUAL_TF
1.0392 0.0458082 -1.6838763 0.6731350 -0.43915119 0.63064398 -0.53123489 -0.35668459 0.000203 1789622525.768141508 0.017 35.588 0.183 0.00000 -1 ACTUAL_TF
1.0900 0.0458045 -1.6838693 0.6731243 -0.43915516 0.63064539 -0.53123009 -0.35668436 0.000213 1789622525.823894262 0.013 35.591 0.170 0.00000 -1 ACTUAL_TF
1.1452 0.0458028 -1.6838670 0.6731166 -0.43915745 0.63064515 -0.53122793 -0.35668517 0.000194 1789622525.879871607 0.012 35.593 0.162 0.00000 -1 ACTUAL_TF
1.2014 0.0458037 -1.6838653 0.6731134 -0.43916111 0.63064559 -0.53122548 -0.35668352 0.000156 1789622525.935907602 0.013 35.592 0.158 0.00000 -1 ACTUAL_TF
1.2570 0.0458053 -1.6838683 0.6730254 -0.43922695 0.63068503 -0.53113802 -0.35666298 0.000582 1789622525.991790056 0.014 35.591 0.095 0.00000 -1 ACTUAL_TF
1.3121 0.0459881 -1.6842993 0.6733743 -0.43929889 0.63071519 -0.53102862 -0.35668395 0.003532 1789622526.047849655 0.178 35.426 0.655 0.00000 -1 ACTUAL_TF
1.3675 0.0463629 -1.6849928 0.6740538 -0.43925580 0.63070723 -0.53105225 -0.35671591 0.008056 1789622526.103769302 0.523 35.082 1.634 0.00000 -1 ACTUAL_TF
1.4248 0.0467587 -1.6854943 0.6745671 -0.43928642 0.63071937 -0.53101925 -0.35670587 0.010017 1789622526.159926891 0.897 34.708 2.363 0.00000 -1 ACTUAL_TF
1.4830 0.0469499 -1.6857386 0.6747988 -0.43931513 0.63073927 -0.53097882 -0.35669549 0.009090 1789622526.215818405 1.077 34.527 2.705 0.00000 -1 ACTUAL_TF
1.5405 0.0471485 -1.6860061 0.6750854 -0.43930037 0.63073277 -0.53099910 -0.35669500 0.008716 1789622526.271863222 1.264 34.341 3.102 0.00000 -1 ACTUAL_TF
1.5955 0.0472201 -1.6860656 0.6751372 -0.43931603 0.63074427 -0.53098001 -0.35668377 0.006673 1789622526.327763319 1.333 34.272 3.183 0.00000 -1 ACTUAL_TF
1.6512 0.0473425 -1.6860879 0.6751723 -0.43931273 0.63074124 -0.53098115 -0.35669150 0.005362 1789622526.383849621 1.454 34.150 3.227 0.00000 -1 ACTUAL_TF
1.7097 0.0476242 -1.6860322 0.6751955 -0.43929449 0.63073067 -0.53099807 -0.35670748 0.005292 1789622526.440024376 1.738 33.866 3.212 0.00000 -1 ACTUAL_TF
1.7656 0.0481414 -1.6856431 0.6749093 -0.43931172 0.63064325 -0.53103969 -0.35677886 0.007512 1789622526.495778322 2.272 33.333 2.749 0.00000 -1 ACTUAL_TF
1.8298 0.0486699 -1.6845680 0.6738566 -0.43935801 0.63065954 -0.53099134 -0.35676502 0.013790 1789622526.551857710 2.846 32.759 1.262 0.00000 -1 ACTUAL_TF
1.8784 0.0492192 -1.6836058 0.6729179 -0.43936675 0.63062704 -0.53103123 -0.35675232 0.017398 1789622526.608103752 3.436 32.169 0.067 0.00000 -1 ACTUAL_TF
1.9345 0.0497890 -1.6825373 0.6718805 -0.43933555 0.63066461 -0.53102374 -0.35673548 0.020762 1789622526.663833380 4.051 31.553 1.536 0.00000 -1 ACTUAL_TF
1.9900 0.0502348 -1.6819061 0.6712632 -0.43934401 0.63065627 -0.53104486 -0.35670838 0.019828 1789622526.719875813 4.524 31.081 2.405 0.00000 -1 ACTUAL_TF
2.0475 0.0505105 -1.6814154 0.6707828 -0.43932090 0.63067625 -0.53104833 -0.35669635 0.017843 1789622526.775891542 4.820 30.784 3.083 0.00000 -1 ACTUAL_TF
2.0947 0.0506740 -1.6811814 0.6705679 -0.43931818 0.63066726 -0.53105535 -0.35670513 0.014407 1789622526.831824541 4.994 30.611 3.395 0.00000 -1 ACTUAL_TF
2.1528 0.0508029 -1.6809950 0.6703859 -0.43931711 0.63067195 -0.53105984 -0.35669148 0.011626 1789622526.888376713 5.131 30.474 3.652 0.00000 -1 ACTUAL_TF
2.2068 0.0508799 -1.6809169 0.6703261 -0.43930719 0.63065656 -0.53107882 -0.35670265 0.008811 1789622526.944054365 5.211 30.394 3.747 0.00000 -1 ACTUAL_TF
2.2649 0.0509903 -1.6809505 0.6703468 -0.43928089 0.63064966 -0.53110117 -0.35671395 0.006798 1789622526.999847174 5.320 30.285 3.705 0.00000 -1 ACTUAL_TF
2.3219 0.0512707 -1.6810975 0.6704115 -0.43926269 0.63071832 -0.53107366 -0.35665595 0.006489 1789622527.055863619 5.594 30.011 3.548 0.00000 -1 ACTUAL_TF
2.3757 0.0517465 -1.6817648 0.6711023 -0.43922493 0.63070335 -0.53112478 -0.35665278 0.010283 1789622527.111881256 6.040 29.564 2.574 0.00000 -1 ACTUAL_TF
2.4315 0.0523764 -1.6828402 0.6722590 -0.43919875 0.63067248 -0.53116322 -0.35668237 0.016225 1789622527.168390036 6.623 28.981 0.977 0.00000 -1 ACTUAL_TF
2.4876 0.0529263 -1.6836754 0.6730729 -0.43922038 0.63069718 -0.53112270 -0.35667240 0.018332 1789622527.223848820 7.137 28.468 0.216 0.00000 -1 ACTUAL_TF
2.5566 0.0535923 -1.6846391 0.6740570 -0.43923206 0.63069798 -0.53111443 -0.35666891 0.021038 1789622527.279787064 7.761 27.844 1.605 0.00000 -1 ACTUAL_TF
2.6059 0.0540614 -1.6852507 0.6747131 -0.43922620 0.63068441 -0.53113628 -0.35666758 0.020140 1789622527.335878611 8.203 27.402 2.514 0.00000 -1 ACTUAL_TF
2.6619 0.0542660 -1.6855323 0.6749986 -0.43923793 0.63069013 -0.53111756 -0.35667091 0.016512 1789622527.391832829 8.395 27.209 2.921 0.00000 -1 ACTUAL_TF
2.7110 0.0544447 -1.6857648 0.6752425 -0.43923454 0.63068794 -0.53112516 -0.35666764 0.013601 1789622527.447847843 8.564 27.041 3.263 0.00000 -1 ACTUAL_TF
2.7656 0.0545229 -1.6858547 0.6753377 -0.43923890 0.63068480 -0.53112473 -0.35666846 0.010333 1789622527.504171133 8.638 26.967 3.396 0.00000 -1 ACTUAL_TF
2.8255 0.0546294 -1.6859104 0.6754051 -0.43922649 0.63068397 -0.53113280 -0.35667320 0.007975 1789622527.559929848 8.742 26.863 3.486 0.00000 -1 ACTUAL_TF
2.8806 0.0549163 -1.6858549 0.6754245 -0.43922089 0.63066819 -0.53115420 -0.35667613 0.007153 1789622527.615840197 9.031 26.574 3.469 0.00000 -1 ACTUAL_TF
2.9395 0.0554195 -1.6854799 0.6751152 -0.43926498 0.63061634 -0.53115356 -0.35671447 0.008757 1789622527.671815634 9.550 26.055 3.001 0.00000 -1 ACTUAL_TF
2.9890 0.0558107 -1.6846843 0.6743495 -0.43929224 0.63061722 -0.53111886 -0.35673099 0.012400 1789622527.727868557 9.975 25.630 1.910 0.00000 -1 ACTUAL_TF
3.0467 0.0563511 -1.6835400 0.6732052 -0.43929432 0.63063556 -0.53109398 -0.35673305 0.017828 1789622527.783815861 10.564 25.040 0.309 0.00000 -1 ACTUAL_TF
3.1021 0.0569425 -1.6824440 0.6721199 -0.43932260 0.63062807 -0.53107958 -0.35673292 0.021330 1789622527.839812279 11.202 24.402 1.215 0.00000 -1 ACTUAL_TF
3.1654 0.0574380 -1.6817769 0.6715005 -0.43932653 0.63061193 -0.53111773 -0.35669980 0.020452 1789622527.896126270 11.726 23.879 2.110 0.00000 -1 ACTUAL_TF
3.2239 0.0577366 -1.6812378 0.6709723 -0.43930251 0.63060949 -0.53113293 -0.35671108 0.018666 1789622527.952116251 12.047 23.557 2.855 0.00000 -1 ACTUAL_TF
3.2767 0.0578942 -1.6809678 0.6707054 -0.43928515 0.63061427 -0.53114223 -0.35671015 0.015276 1789622528.007897139 12.217 23.388 3.229 0.00000 -1 ACTUAL_TF
3.3323 0.0580221 -1.6807968 0.6705484 -0.43926903 0.63061166 -0.53115876 -0.35670999 0.012116 1789622528.063788176 12.352 23.253 3.457 0.00000 -1 ACTUAL_TF
3.3866 0.0580768 -1.6806948 0.6704462 -0.43926657 0.63061843 -0.53115460 -0.35670726 0.009308 1789622528.119820595 12.411 23.194 3.600 0.00000 -1 ACTUAL_TF
3.4460 0.0581904 -1.6806941 0.6704421 -0.43924717 0.63061587 -0.53117108 -0.35671113 0.007124 1789622528.175852060 12.524 23.080 3.600 0.00000 -1 ACTUAL_TF
3.5036 0.0583975 -1.6807798 0.6704842 -0.43922366 0.63063571 -0.53118221 -0.35668844 0.006209 1789622528.231842518 12.728 22.877 3.503 0.00000 -1 ACTUAL_TF
3.5580 0.0588809 -1.6813619 0.6710261 -0.43921950 0.63068400 -0.53116136 -0.35663921 0.009331 1789622528.287858725 13.185 22.419 2.695 0.00000 -1 ACTUAL_TF
3.6129 0.0595049 -1.6823932 0.6720735 -0.43923143 0.63069817 -0.53113695 -0.35663583 0.015089 1789622528.343837976 13.764 21.840 1.207 0.00000 -1 ACTUAL_TF
3.6746 0.0600960 -1.6833267 0.6730559 -0.43919907 0.63066808 -0.53118829 -0.35665243 0.018472 1789622528.399913311 14.315 21.290 0.171 0.00000 -1 ACTUAL_TF
3.7184 0.0607593 -1.6843387 0.6741186 -0.43915569 0.63064046 -0.53124256 -0.35667383 0.021552 1789622528.455954790 14.934 20.671 1.653 0.00000 -1 ACTUAL_TF
3.7767 0.0611290 -1.6848283 0.6746058 -0.43917455 0.63068230 -0.53119571 -0.35664641 0.019292 1789622528.511833906 15.282 20.322 2.355 0.00000 -1 ACTUAL_TF
3.8392 0.0614132 -1.6852028 0.6749669 -0.43920464 0.63070542 -0.53115241 -0.35663298 0.016680 1789622528.567845106 15.550 20.055 2.883 0.00000 -1 ACTUAL_TF
3.9006 0.0615852 -1.6854474 0.6752282 -0.43919535 0.63069790 -0.53116656 -0.35663663 0.013801 1789622528.623897314 15.711 19.893 3.246 0.00000 -1 ACTUAL_TF
3.9489 0.0616835 -1.6855685 0.6753463 -0.43922136 0.63070198 -0.53114029 -0.35663652 0.010704 1789622528.680141449 15.804 19.800 3.418 0.00000 -1 ACTUAL_TF
4.0047 0.0617488 -1.6856161 0.6753927 -0.43922433 0.63070503 -0.53113386 -0.35663703 0.007995 1789622528.735822439 15.868 19.737 3.487 0.00000 -1 ACTUAL_TF
4.0636 0.0619983 -1.6855811 0.6754157 -0.43921297 0.63069262 -0.53115264 -0.35664501 0.006948 1789622528.791983604 16.118 19.486 3.485 0.00000 -1 ACTUAL_TF
4.1189 0.0625152 -1.6852867 0.6752196 -0.43924055 0.63063626 -0.53117423 -0.35667856 0.008225 1789622528.847873688 16.647 18.957 3.155 0.00000 -1 ACTUAL_TF
4.1734 0.0629724 -1.6845341 0.6745311 -0.43926570 0.63061106 -0.53117261 -0.35669454 0.011758 1789622528.903764725 17.137 18.468 2.151 0.00000 -1 ACTUAL_TF
4.2275 0.0635576 -1.6834245 0.6734621 -0.43927461 0.63057603 -0.53118923 -0.35672074 0.017054 1789622528.959798336 17.769 17.836 0.632 0.00000 -1 ACTUAL_TF
4.2799 0.0639846 -1.6824464 0.6724444 -0.43932600 0.63060286 -0.53112327 -0.35670825 0.019830 1789622529.015860319 18.238 17.367 0.770 0.00000 -1 ACTUAL_TF
4.3386 0.0644518 -1.6815662 0.6715845 -0.43929204 0.63062318 -0.53111874 -0.35672090 0.020933 1789622529.071850538 18.742 16.862 1.986 0.00000 -1 ACTUAL_TF
4.3924 0.0647533 -1.6810808 0.6710984 -0.43930080 0.63061788 -0.53112328 -0.35671270 0.018673 1789622529.127839565 19.064 16.540 2.663 0.00000 -1 ACTUAL_TF
4.4568 0.0650034 -1.6806998 0.6707361 -0.43930460 0.63062058 -0.53112700 -0.35669772 0.016194 1789622529.183770180 19.331 16.274 3.181 0.00000 -1 ACTUAL_TF
4.5017 0.0651482 -1.6804999 0.6705487 -0.43929541 0.63061772 -0.53114030 -0.35669429 0.012994 1789622529.239820719 19.484 16.121 3.450 0.00000 -1 ACTUAL_TF
4.5684 0.0652032 -1.6804127 0.6704647 -0.43928523 0.63061841 -0.53114594 -0.35669723 0.009809 1789622529.295800924 19.543 16.062 3.569 0.00000 -1 ACTUAL_TF
4.6159 0.0653049 -1.6803844 0.6704396 -0.43927488 0.63061560 -0.53115577 -0.35670029 0.007447 1789622529.351788282 19.645 15.959 3.604 0.00000 -1 ACTUAL_TF
4.6758 0.0654715 -1.6804603 0.6704535 -0.43924399 0.63063806 -0.53116105 -0.35669076 0.006197 1789622529.407791853 19.809 15.796 3.535 0.00000 -1 ACTUAL_TF
4.7296 0.0659008 -1.6809222 0.6708798 -0.43924188 0.63068631 -0.53113520 -0.35664653 0.008413 1789622529.463819265 20.218 15.387 2.895 0.00000 -1 ACTUAL_TF
4.7840 0.0664503 -1.6818357 0.6718548 -0.43917359 0.63064939 -0.53122544 -0.35666151 0.013626 1789622529.519837141 20.727 14.877 1.543 0.00000 -1 ACTUAL_TF
4.8387 0.0671056 -1.6828688 0.6729235 -0.43917136 0.63066435 -0.53121614 -0.35665167 0.018245 1789622529.575806379 21.338 14.267 0.043 0.00000 -1 ACTUAL_TF
4.8935 0.0676899 -1.6836815 0.6737283 -0.43918085 0.63069799 -0.53118861 -0.35662148 0.019583 1789622529.632375956 21.886 13.718 1.124 0.00000 -1 ACTUAL_TF
4.9552 0.0681977 -1.6844020 0.6744858 -0.43919438 0.63069048 -0.53117822 -0.35663360 0.019996 1789622529.687826872 22.363 13.242 2.184 0.00000 -1 ACTUAL_TF
5.0138 0.0685585 -1.6848897 0.6749901 -0.43917970 0.63068460 -0.53119836 -0.35663206 0.018225 1789622529.743809700 22.702 12.902 2.896 0.00000 -1 ACTUAL_TF
5.0674 0.0687144 -1.6851023 0.6752026 -0.43919441 0.63068647 -0.53118221 -0.35663469 0.014571 1789622529.799841166 22.849 12.756 3.201 0.00000 -1 ACTUAL_TF
5.1228 0.0688355 -1.6852594 0.6753658 -0.43919357 0.63068749 -0.53118340 -0.35663216 0.011576 1789622529.855823755 22.963 12.642 3.431 0.00000 -1 ACTUAL_TF
5.1787 0.0688891 -1.6853247 0.6754321 -0.43919712 0.63068667 -0.53117510 -0.35664160 0.008679 1789622529.911762714 23.014 12.591 3.526 0.00000 -1 ACTUAL_TF
5.2358 0.0690832 -1.6853041 0.6754566 -0.43918002 0.63068015 -0.53118667 -0.35665694 0.007127 1789622529.967843294 23.209 12.396 3.534 0.00000 -1 ACTUAL_TF
5.2907 0.0694556 -1.6851872 0.6754247 -0.43917139 0.63065831 -0.53120803 -0.35667438 0.007089 1789622530.023805380 23.586 12.019 3.441 0.00000 -1 ACTUAL_TF
5.3476 0.0699942 -1.6843887 0.6746541 -0.43926043 0.63062463 -0.53116930 -0.35668198 0.011554 1789622530.079944134 24.158 11.446 2.348 0.00000 -1 ACTUAL_TF
5.4009 0.0703526 -1.6834888 0.6737617 -0.43924335 0.63063842 -0.53114192 -0.35671939 0.015153 1789622530.135868073 24.555 11.050 1.093 0.00000 -1 ACTUAL_TF
5.4593 0.0709925 -1.6823354 0.6726375 -0.43926394 0.63063968 -0.53113684 -0.35669938 0.019886 1789622530.191903830 25.244 10.361 0.500 0.00000 -1 ACTUAL_TF
5.5166 0.0715759 -1.6813061 0.6716282 -0.43932484 0.63061816 -0.53112043 -0.35668685 0.022186 1789622530.248343945 25.871 9.734 1.922 0.00000 -1 ACTUAL_TF
5.5797 0.0718673 -1.6808712 0.6712214 -0.43927564 0.63059291 -0.53116409 -0.35672708 0.019111 1789622530.303887844 26.181 9.424 2.508 0.00000 -1 ACTUAL_TF
5.6260 0.0720734 -1.6804722 0.6708313 -0.43926855 0.63059640 -0.53116027 -0.35673531 0.016564 1789622530.359899521 26.404 9.201 3.059 0.00000 -1 ACTUAL_TF
5.6809 0.0722032 -1.6802717 0.6706389 -0.43926650 0.63059289 -0.53116965 -0.35673009 0.013238 1789622530.415885925 26.542 9.062 3.333 0.00000 -1 ACTUAL_TF
5.7379 0.0723056 -1.6801427 0.6705192 -0.43926181 0.63058771 -0.53118179 -0.35672693 0.010358 1789622530.471869230 26.650 8.954 3.506 0.00000 -1 ACTUAL_TF
5.7961 0.0723648 -1.6801071 0.6704874 -0.43925188 0.63059147 -0.53118310 -0.35673056 0.007658 1789622530.527834654 26.711 8.894 3.552 0.00000 -1 ACTUAL_TF
5.8502 0.0725657 -1.6801898 0.6705192 -0.43921745 0.63059148 -0.53121411 -0.35672677 0.006536 1789622530.583874702 26.908 8.697 3.464 0.00000 -1 ACTUAL_TF
5.9083 0.0729396 -1.6805096 0.6707752 -0.43922851 0.63068052 -0.53115019 -0.35665093 0.007550 1789622530.639804363 27.268 8.337 3.046 0.00000 -1 ACTUAL_TF
5.9620 0.0734513 -1.6813442 0.6716318 -0.43916590 0.63068510 -0.53120238 -0.35664218 0.012245 1789622530.695873499 27.743 7.862 1.835 0.00000 -1 ACTUAL_TF
6.0173 0.0740857 -1.6823695 0.6726654 -0.43919115 0.63070262 -0.53116488 -0.35663596 0.017082 1789622530.751855850 28.333 7.272 0.365 0.00000 -1 ACTUAL_TF
6.0729 0.0747209 -1.6833309 0.6736801 -0.43913398 0.63067210 -0.53124400 -0.35664250 0.020181 1789622530.807866573 28.926 6.679 1.056 0.00000 -1 ACTUAL_TF
6.1305 0.0752560 -1.6840826 0.6744627 -0.43915179 0.63067509 -0.53122453 -0.35664427 0.020606 1789622530.863886833 29.428 6.176 2.157 0.00000 -1 ACTUAL_TF
6.2084 0.0755537 -1.6844844 0.6748596 -0.43918822 0.63068716 -0.53118097 -0.35664295 0.017843 1789622530.919915676 29.708 5.896 2.730 0.00000 -1 ACTUAL_TF
6.2425 0.0757756 -1.6847795 0.6751570 -0.43920364 0.63069681 -0.53115985 -0.35663834 0.015031 1789622530.975887537 29.917 5.687 3.156 0.00000 -1 ACTUAL_TF
6.2959 0.0758851 -1.6849246 0.6752975 -0.43921100 0.63069932 -0.53115064 -0.35663857 0.011748 1789622531.032112122 30.021 5.584 3.361 0.00000 -1 ACTUAL_TF
6.3499 0.0759693 -1.6850085 0.6753784 -0.43922406 0.63070132 -0.53113940 -0.35663567 0.008995 1789622531.087996006 30.101 5.504 3.480 0.00000 -1 ACTUAL_TF
6.4211 0.0761156 -1.6850013 0.6753940 -0.43921059 0.63070636 -0.53113585 -0.35664864 0.007087 1789622531.143863440 30.248 5.357 3.490 0.00000 -1 ACTUAL_TF
6.4696 0.0765356 -1.6848898 0.6753845 -0.43921413 0.63066992 -0.53117483 -0.35665067 0.007289 1789622531.199891806 30.672 4.933 3.417 0.00000 -1 ACTUAL_TF
6.5252 0.0770373 -1.6842519 0.6748278 -0.43922485 0.63061573 -0.53118877 -0.35671252 0.010390 1789622531.255729675 31.201 4.404 2.589 0.00000 -1 ACTUAL_TF
6.5829 0.0775012 -1.6832703 0.6738497 -0.43929385 0.63061470 -0.53114907 -0.35668850 0.015082 1789622531.311865807 31.706 3.898 1.218 0.00000 -1 ACTUAL_TF
6.6375 0.0781280 -1.6822141 0.6728511 -0.43924933 0.63060195 -0.53119845 -0.35669232 0.019055 1789622531.367749691 32.378 3.227 0.225 0.00000 -1 ACTUAL_TF
6.7117 0.0785532 -1.6813096 0.6719061 -0.43930418 0.63062631 -0.53113606 -0.35667460 0.020698 1789622531.423822403 32.842 2.763 1.510 0.00000 -1 ACTUAL_TF
6.7489 0.0789350 -1.6806438 0.6712670 -0.43926084 0.63062454 -0.53115557 -0.35670207 0.019839 1789622531.479820728 33.252 2.353 2.421 0.00000 -1 ACTUAL_TF
6.8078 0.0791825 -1.6802443 0.6708836 -0.43927589 0.63062554 -0.53115408 -0.35668399 0.017135 1789622531.535854101 33.516 2.088 2.967 0.00000 -1 ACTUAL_TF
6.8618 0.0793425 -1.6799821 0.6706304 -0.43926262 0.63062441 -0.53116267 -0.35668953 0.014127 1789622531.591848135 33.687 1.917 3.326 0.00000 -1 ACTUAL_TF
6.9184 0.0794225 -1.6798392 0.6704859 -0.43925662 0.63063107 -0.53116065 -0.35668815 0.011059 1789622531.647828817 33.774 1.831 3.527 0.00000 -1 ACTUAL_TF
6.9735 0.0795277 -1.6798102 0.6704666 -0.43924580 0.63062894 -0.53117209 -0.35668821 0.008334 1789622531.703887224 33.880 1.725 3.558 0.00000 -1 ACTUAL_TF
7.0266 0.0797728 -1.6799645 0.6705384 -0.43919645 0.63067238 -0.53117742 -0.35666424 0.007434 1789622531.759854317 34.118 1.486 3.390 0.00000 -1 ACTUAL_TF
7.0792 0.0802033 -1.6804829 0.6710464 -0.43919883 0.63068739 -0.53117060 -0.35664493 0.009731 1789622531.815768957 34.526 1.079 2.652 0.00000 -1 ACTUAL_TF
