WELD FEEDBACK LOG
result=completed
started=2026-09-17 14:20:59
ended=2026-09-17 14:21:06
elapsed_seconds=6.330

================ OPERATOR OVERVIEW ================
REQUESTED : 220 A / 26.0 V · FE-SOLID 1.2 mm · LSM · CO2 100%
RX ECHO   : 220 A / 26.0 V · MATCH=YES
CURRENT FB: no positive feedback A
VOLTAGE FB: no positive feedback V
WIRE FEED : no positive feedback m/min
ARC ON    : 0.000 s
NET WELD  : 0.000 s
WIRE USED : 0.000 mm (base 0.000 + alpha 0.000)
WEAVE     : sine · centerline ±4.00 mm (full width 8.00 mm) · requested pitch 8.00 mm/cycle · actual pitch 7.12 mm/cycle · 5 cycles · axis tool_x · dwell L/R 0.20/0.20 s
WCR       : NOT DETECTED
SAMPLES   : RX 158 / welding 0 / TCP 114
===================================================

[commanded]
current_a=220
voltage_tenths=260
voltage=26.0
material=FE-SOLID
diameter_mm=1.2
mode=LSM
gas=CO2 100%
synergic=False
correction=0.0
hot_start_enabled=True
hot_start_percent=5.0
hot_start_hold_adjustment=0
crater_enabled=False
crater_percent=27.27272727272727
crater_current_a=60.0
crater_voltage_v=25.0
crater_seconds=1.0
wire_consumable_alpha_mm=0.0
hot_start_current_a=231

[rx_setting_echo]
current_a=220
voltage_v=26.0
hot_start_current_a=0
hot_start_hold_adjustment=-15

[rx_welding_setting_echo]

[execution_conditions]
mode=sequence_execute
run_all=True
touch_io_backend=fastech_ethernet
touch_input_port=4
touch_sensing_output_port=0
fastech_ip=192.168.0.3
fastech_poll_target_hz=100.0
hicomm_source_ip=192.168.1.2
hicomm_welder_ip=192.168.1.10
hicomm_port=60000
gui_velocity_percent=36.95263157894737
gui_speed_mode=scale
gui_tcp_speed_mm_s=10.0
gui_interpolation_step_mm=5.0
seam_orientation_mode=Wait poses + fixed World-XYZ tilt
weld_fixed_tilt_x_deg=0.0
weld_fixed_tilt_y_deg=0.0
weld_fixed_tilt_z_deg=-0.0
weld_weave_enabled=True
weld_weave_pattern=sine
weld_weave_pitch_mm=8.0
weld_weave_left_dwell_s=0.2
weld_weave_right_dwell_s=0.2
weld_weave_amplitude_mm=4.0
weld_weave_cycles=5
weld_weave_actual_pitch_mm=7.120934852475221
weld_weave_amplitude_definition=centerline +/- A mm; full width = 2A
weld_weave_samples_per_cycle=12
weld_weave_axis=tool_x
weld_lead_in_mm=0.0
weld_lead_out_mm=0.0
weld_safe_approach_mm=30.0
weld_approach_mode=taught_wait
weld_pre_start_lead_mm=0.0
weld_tcp_speed_mm_s=6.0
weld_arc_off_delay_ms=0.0
tcp_tracking.parent_frame=World
tcp_tracking.child_frame=right_manipulator_ee_point
tcp_tracking.timestamp_source=TF_header_stamp
initial_fastech_di0=False
initial_fastech_do0=True
robot_connected.left=True
robot_connected.right=True
robot_connected.head=True
hicomm_connected=True
execution_allowed=True
steps[0].sequence_number=1
steps[0].type=named_pose
steps[0].parallel_slot=1
steps[0].duration=0.0
steps[0].planning_group=right_manipulator
steps[0].velocity_scale=0.3695263157894737
steps[0].tcp_speed_m_s=0.0
steps[0].pose_name=weld_start_wait
steps[0].pose_label=3 · Weld start wait pose
steps[0].touch_guard=False
steps[0].continue_after_touch=False
steps[0].weld_scenario_id=weld-84615022899726
steps[0].weld_scenario_stage=start_wait
steps[0].target_tcp.position_m.x=0.045718802103199285
steps[0].target_tcp.position_m.y=-1.682160745698827
steps[0].target_tcp.position_m.z=0.6735652566070585
steps[0].target_tcp.orientation_xyzw.x=-0.43512320113634556
steps[0].target_tcp.orientation_xyzw.y=0.6334895828226131
steps[0].target_tcp.orientation_xyzw.z=-0.5288470998477183
steps[0].target_tcp.orientation_xyzw.w=-0.36011039039542925
steps[0].joint_names[0]=right_manipulator_joint1
steps[0].joint_names[1]=right_manipulator_joint2
steps[0].joint_names[2]=right_manipulator_joint3
steps[0].joint_names[3]=right_manipulator_joint4
steps[0].joint_names[4]=right_manipulator_joint5
steps[0].joint_names[5]=right_manipulator_joint6
steps[0].joint_positions_rad[0]=5.182163139823615
steps[0].joint_positions_rad[1]=1.329779049720235
steps[0].joint_positions_rad[2]=1.8620059346181725
steps[0].joint_positions_rad[3]=3.603689185922129
steps[0].joint_positions_rad[4]=1.4333873345589503
steps[0].joint_positions_rad[5]=1.441061100081959
steps[1].sequence_number=2
steps[1].type=motion
steps[1].parallel_slot=2
steps[1].duration=0.0
steps[1].planning_group=right_manipulator
steps[1].velocity_scale=0.3695263157894737
steps[1].tcp_speed_m_s=0.0
steps[1].interpolation_step=0.005
steps[1].path_kind=taught_wait_align_weld_attitude
steps[1].touch_guard=False
steps[1].continue_after_touch=False
steps[1].accept_initial_touch=False
steps[1].weld_scenario_id=weld-84615022899726
steps[1].weld_scenario_stage=start_safe
steps[1].waypoint_count=1
steps[1].waypoints[0].position_m.x=0.045718802103199285
steps[1].waypoints[0].position_m.y=-1.682160745698827
steps[1].waypoints[0].position_m.z=0.6735652566070585
steps[1].waypoints[0].orientation_xyzw.x=-0.4392186454087692
steps[1].waypoints[0].orientation_xyzw.y=0.6306569854026791
steps[1].waypoints[0].orientation_xyzw.z=-0.531169267130982
steps[1].waypoints[0].orientation_xyzw.w=-0.35667626490085724
steps[2].sequence_number=3
steps[2].type=motion
steps[2].parallel_slot=3
steps[2].duration=0.0
steps[2].planning_group=right_manipulator
steps[2].velocity_scale=0.3695263157894737
steps[2].tcp_speed_m_s=0.0
steps[2].interpolation_step=0.005
steps[2].path_kind=taught_wait_to_weld_start
steps[2].touch_guard=False
steps[2].continue_after_touch=True
steps[2].accept_initial_touch=False
steps[2].weld_scenario_id=weld-84615022899726
steps[2].weld_scenario_stage=start_contact
steps[2].waypoint_count=1
steps[2].waypoints[0].position_m.x=0.045787777171425785
steps[2].waypoints[0].position_m.y=-1.6837885581223135
steps[2].waypoints[0].position_m.z=0.6729752705092266
steps[2].waypoints[0].orientation_xyzw.x=-0.4392186454087692
steps[2].waypoints[0].orientation_xyzw.y=0.6306569854026791
steps[2].waypoints[0].orientation_xyzw.z=-0.531169267130982
steps[2].waypoints[0].orientation_xyzw.w=-0.35667626490085724
steps[3].sequence_number=4
steps[3].type=digital_weld
steps[3].parallel_slot=5
steps[3].duration=0.0
steps[3].command=on
steps[3].weld_scenario_id=weld-84615022899726
steps[3].weld_scenario_stage=arc_on
steps[3].settings.current_a=220
steps[3].settings.voltage_tenths=260
steps[3].settings.voltage=26.0
steps[3].settings.material=FE-SOLID
steps[3].settings.diameter_mm=1.2
steps[3].settings.mode=LSM
steps[3].settings.gas=CO2 100%
steps[3].settings.synergic=False
steps[3].settings.correction=0.0
steps[3].settings.hot_start_enabled=True
steps[3].settings.hot_start_percent=5.0
steps[3].settings.hot_start_hold_adjustment=0
steps[3].settings.crater_enabled=False
steps[3].settings.crater_percent=27.27272727272727
steps[3].settings.crater_current_a=60.0
steps[3].settings.crater_voltage_v=25.0
steps[3].settings.crater_seconds=1.0
steps[3].settings.wire_consumable_alpha_mm=0.0
steps[3].settings.hot_start_current_a=231
steps[4].sequence_number=5
steps[4].type=motion
steps[4].parallel_slot=5
steps[4].duration=0.0
steps[4].planning_group=right_manipulator
steps[4].velocity_scale=0.3695263157894737
steps[4].tcp_speed_m_s=0.022701654779262354
steps[4].interpolation_step=0.005
steps[4].path_kind=continuous_sine_weave_over_sensed_goal_fastech_di0_ignored
steps[4].touch_guard=False
steps[4].weld_scenario_id=weld-84615022899726
steps[4].weld_scenario_stage=weld_motion
steps[4].lead_in_mm=0.0
steps[4].lead_out_mm=0.0
steps[4].linear_motion_profile=False
steps[4].path_to_seam_speed_factor=0.39866007163091666
steps[4].waypoint_hold_s[0]=0.0
steps[4].waypoint_hold_s[1]=0.0
steps[4].waypoint_hold_s[2]=0.0
steps[4].waypoint_hold_s[3]=0.2
steps[4].waypoint_hold_s[4]=0.0
steps[4].waypoint_hold_s[5]=0.0
steps[4].waypoint_hold_s[6]=0.0
steps[4].waypoint_hold_s[7]=0.0
steps[4].waypoint_hold_s[8]=0.0
steps[4].waypoint_hold_s[9]=0.2
steps[4].waypoint_hold_s[10]=0.0
steps[4].waypoint_hold_s[11]=0.0
steps[4].waypoint_hold_s[12]=0.0
steps[4].waypoint_hold_s[13]=0.0
steps[4].waypoint_hold_s[14]=0.0
steps[4].waypoint_hold_s[15]=0.2
steps[4].waypoint_hold_s[16]=0.0
steps[4].waypoint_hold_s[17]=0.0
steps[4].waypoint_hold_s[18]=0.0
steps[4].waypoint_hold_s[19]=0.0
steps[4].waypoint_hold_s[20]=0.0
steps[4].waypoint_hold_s[21]=0.2
steps[4].waypoint_hold_s[22]=0.0
steps[4].waypoint_hold_s[23]=0.0
steps[4].waypoint_hold_s[24]=0.0
steps[4].waypoint_hold_s[25]=0.0
steps[4].waypoint_hold_s[26]=0.0
steps[4].waypoint_hold_s[27]=0.2
steps[4].waypoint_hold_s[28]=0.0
steps[4].waypoint_hold_s[29]=0.0
steps[4].waypoint_hold_s[30]=0.0
steps[4].waypoint_hold_s[31]=0.0
steps[4].waypoint_hold_s[32]=0.0
steps[4].waypoint_hold_s[33]=0.2
steps[4].waypoint_hold_s[34]=0.0
steps[4].waypoint_hold_s[35]=0.0
steps[4].waypoint_hold_s[36]=0.0
steps[4].waypoint_hold_s[37]=0.0
steps[4].waypoint_hold_s[38]=0.0
steps[4].waypoint_hold_s[39]=0.2
steps[4].waypoint_hold_s[40]=0.0
steps[4].waypoint_hold_s[41]=0.0
steps[4].waypoint_hold_s[42]=0.0
steps[4].waypoint_hold_s[43]=0.0
steps[4].waypoint_hold_s[44]=0.0
steps[4].waypoint_hold_s[45]=0.2
steps[4].waypoint_hold_s[46]=0.0
steps[4].waypoint_hold_s[47]=0.0
steps[4].waypoint_hold_s[48]=0.0
steps[4].waypoint_hold_s[49]=0.0
steps[4].waypoint_hold_s[50]=0.0
steps[4].waypoint_hold_s[51]=0.2
steps[4].waypoint_hold_s[52]=0.0
steps[4].waypoint_hold_s[53]=0.0
steps[4].waypoint_hold_s[54]=0.0
steps[4].waypoint_hold_s[55]=0.0
steps[4].waypoint_hold_s[56]=0.0
steps[4].waypoint_hold_s[57]=0.2
steps[4].waypoint_hold_s[58]=0.0
steps[4].waypoint_hold_s[59]=0.0
steps[4].waypoint_hold_s[60]=0.0
steps[4].weld_weave_enabled=True
steps[4].weld_weave_pattern=sine
steps[4].weld_weave_amplitude_mm=4.0
steps[4].weld_weave_pitch_mm=8.0
steps[4].weld_weave_cycles=5
steps[4].weld_weave_actual_pitch_mm=7.120934852475221
steps[4].weld_weave_left_dwell_s=0.2
steps[4].weld_weave_right_dwell_s=0.2
steps[4].weld_weave_axis=tool_x
steps[4].waypoint_count=61
steps[4].waypoints[0].position_m.x=0.045787777171425785
steps[4].waypoints[0].position_m.y=-1.6837885581223135
steps[4].waypoints[0].position_m.z=0.6729752705092266
steps[4].waypoints[0].orientation_xyzw.x=-0.4392186454087692
steps[4].waypoints[0].orientation_xyzw.y=0.6306569854026791
steps[4].waypoints[0].orientation_xyzw.z=-0.531169267130982
steps[4].waypoints[0].orientation_xyzw.w=-0.35667626490085724
steps[4].waypoints[1].position_m.x=0.046441511284813934
steps[4].waypoints[1].position_m.y=-1.685176056544183
steps[4].waypoints[1].position_m.z=0.6743893485605866
steps[4].waypoints[1].orientation_xyzw.x=-0.43921862447927645
steps[4].waypoints[1].orientation_xyzw.y=0.6306568806078434
steps[4].waypoints[1].orientation_xyzw.z=-0.5311694217176225
steps[4].waypoints[1].orientation_xyzw.w=-0.35667624575332063
steps[4].waypoints[2].position_m.x=0.047078938095651314
steps[4].waypoints[2].position_m.y=-1.6861850146875772
steps[4].waypoints[2].position_m.z=0.6754244432239819
steps[4].waypoints[2].orientation_xyzw.x=-0.4392186035497681
steps[4].waypoints[2].orientation_xyzw.y=0.6306567758129853
steps[4].waypoints[2].orientation_xyzw.z=-0.5311695763042441
steps[4].waypoints[2].orientation_xyzw.w=-0.35667622660577136
steps[4].waypoints[3].position_m.x=0.04768811982993636
steps[4].waypoints[3].position_m.y=-1.6865383218359407
steps[4].waypoints[3].position_m.z=0.6758031194041976
steps[4].waypoints[3].orientation_xyzw.x=-0.4392185826202441
steps[4].waypoints[3].orientation_xyzw.y=0.6306566710181046
steps[4].waypoints[3].orientation_xyzw.z=-0.5311697308908466
steps[4].waypoints[3].orientation_xyzw.w=-0.35667620745820944
steps[4].waypoints[4].position_m.x=0.04826468695911986
steps[4].waypoints[4].position_m.y=-1.6861345484273533
steps[4].waypoints[4].position_m.z=0.675423828808484
steps[4].waypoints[4].orientation_xyzw.x=-0.43921856169070445
steps[4].waypoints[4].orientation_xyzw.y=0.6306565662232014
steps[4].waypoints[4].orientation_xyzw.z=-0.5311698854774303
steps[4].waypoints[4].orientation_xyzw.w=-0.35667618831063463
steps[4].waypoints[5].position_m.x=0.04881300901175103
steps[4].waypoints[5].position_m.y=-1.6850751240237352
steps[4].waypoints[5].position_m.z=0.6743881197295907
steps[4].waypoints[5].orientation_xyzw.x=-0.439218540761149
steps[4].waypoints[5].orientation_xyzw.y=0.6306564614282758
steps[4].waypoints[5].orientation_xyzw.z=-0.5311700400639949
steps[4].waypoints[5].orientation_xyzw.w=-0.3566761691630471
steps[4].waypoints[6].position_m.x=0.049345023761831426
steps[4].waypoints[6].position_m.y=-1.683637159341642
steps[4].waypoints[6].position_m.z=0.6729734272627326
steps[4].waypoints[6].orientation_xyzw.x=-0.43921851983157795
steps[4].waypoints[6].orientation_xyzw.y=0.6306563566333276
steps[4].waypoints[6].orientation_xyzw.z=-0.5311701946505407
steps[4].waypoints[6].orientation_xyzw.w=-0.35667615001544695
steps[4].waypoints[7].position_m.x=0.049877038511911824
steps[4].waypoints[7].position_m.y=-1.6821991946595485
steps[4].waypoints[7].position_m.z=0.6715587347958745
steps[4].waypoints[7].orientation_xyzw.x=-0.4392184989019912
steps[4].waypoints[7].orientation_xyzw.y=0.6306562518383569
steps[4].waypoints[7].orientation_xyzw.z=-0.5311703492370674
steps[4].waypoints[7].orientation_xyzw.w=-0.35667613086783406
steps[4].waypoints[8].position_m.x=0.05042536056454299
steps[4].waypoints[8].position_m.y=-1.6811397702559305
steps[4].waypoints[8].position_m.z=0.6705230257169812
steps[4].waypoints[8].orientation_xyzw.x=-0.43921847797238883
steps[4].waypoints[8].orientation_xyzw.y=0.6306561470433638
steps[4].waypoints[8].orientation_xyzw.z=-0.5311705038235752
steps[4].waypoints[8].orientation_xyzw.w=-0.3566761117202084
steps[4].waypoints[9].position_m.x=0.051001927693726495
steps[4].waypoints[9].position_m.y=-1.680735996847343
steps[4].waypoints[9].position_m.z=0.6701437351212675
steps[4].waypoints[9].orientation_xyzw.x=-0.43921845704277074
steps[4].waypoints[9].orientation_xyzw.y=0.630656042248348
steps[4].waypoints[9].orientation_xyzw.z=-0.5311706584100642
steps[4].waypoints[9].orientation_xyzw.w=-0.35667609257257
steps[4].waypoints[10].position_m.x=0.051611109428011545
steps[4].waypoints[10].position_m.y=-1.6810893039957064
steps[4].waypoints[10].position_m.z=0.6705224113014832
steps[4].waypoints[10].orientation_xyzw.x=-0.439218436113137
steps[4].waypoints[10].orientation_xyzw.y=0.6306559374533098
steps[4].waypoints[10].orientation_xyzw.z=-0.5311708129965341
steps[4].waypoints[10].orientation_xyzw.w=-0.35667607342491886
steps[4].waypoints[11].position_m.x=0.05224853623884892
steps[4].waypoints[11].position_m.y=-1.6820982621391007
steps[4].waypoints[11].position_m.z=0.6715575059648785
steps[4].waypoints[11].orientation_xyzw.x=-0.43921841518348753
steps[4].waypoints[11].orientation_xyzw.y=0.6306558326582492
steps[4].waypoints[11].orientation_xyzw.z=-0.531170967582985
steps[4].waypoints[11].orientation_xyzw.w=-0.3566760542772551
steps[4].waypoints[12].position_m.x=0.052902270352237074
steps[4].waypoints[12].position_m.y=-1.68348576056097
steps[4].waypoints[12].position_m.z=0.6729715840162386
steps[4].waypoints[12].orientation_xyzw.x=-0.43921839425382253
steps[4].waypoints[12].orientation_xyzw.y=0.630655727863166
steps[4].waypoints[12].orientation_xyzw.z=-0.531171122169417
steps[4].waypoints[12].orientation_xyzw.w=-0.35667603512957846
steps[4].waypoints[13].position_m.x=0.05355600446562522
steps[4].waypoints[13].position_m.y=-1.6848732589828397
steps[4].waypoints[13].position_m.z=0.6743856620675986
steps[4].waypoints[13].orientation_xyzw.x=-0.43921837332414176
steps[4].waypoints[13].orientation_xyzw.y=0.6306556230680603
steps[4].waypoints[13].orientation_xyzw.z=-0.5311712767558301
steps[4].waypoints[13].orientation_xyzw.w=-0.3566760159818892
steps[4].waypoints[14].position_m.x=0.0541934312764626
steps[4].waypoints[14].position_m.y=-1.6858822171262338
steps[4].waypoints[14].position_m.z=0.6754207567309939
steps[4].waypoints[14].orientation_xyzw.x=-0.43921835239444534
steps[4].waypoints[14].orientation_xyzw.y=0.6306555182729321
steps[4].waypoints[14].orientation_xyzw.z=-0.5311714313422242
steps[4].waypoints[14].orientation_xyzw.w=-0.3566759968341872
steps[4].waypoints[15].position_m.x=0.054802613010747646
steps[4].waypoints[15].position_m.y=-1.6862355242745974
steps[4].waypoints[15].position_m.z=0.6757994329112096
steps[4].waypoints[15].orientation_xyzw.x=-0.43921833146473316
steps[4].waypoints[15].orientation_xyzw.y=0.6306554134777813
steps[4].waypoints[15].orientation_xyzw.z=-0.5311715859285994
steps[4].waypoints[15].orientation_xyzw.w=-0.35667597768647247
steps[4].waypoints[16].position_m.x=0.05537918013993115
steps[4].waypoints[16].position_m.y=-1.68583175086601
steps[4].waypoints[16].position_m.z=0.6754201423154959
steps[4].waypoints[16].orientation_xyzw.x=-0.4392183105350054
steps[4].waypoints[16].orientation_xyzw.y=0.6306553086826081
steps[4].waypoints[16].orientation_xyzw.z=-0.5311717405149555
steps[4].waypoints[16].orientation_xyzw.w=-0.35667595853874495
steps[4].waypoints[17].position_m.x=0.05592750219256232
steps[4].waypoints[17].position_m.y=-1.684772326462392
steps[4].waypoints[17].position_m.z=0.6743844332366027
steps[4].waypoints[17].orientation_xyzw.x=-0.43921828960526194
steps[4].waypoints[17].orientation_xyzw.y=0.6306552038874125
steps[4].waypoints[17].orientation_xyzw.z=-0.5311718951012927
steps[4].waypoints[17].orientation_xyzw.w=-0.3566759393910048
steps[4].waypoints[18].position_m.x=0.056459516942642715
steps[4].waypoints[18].position_m.y=-1.6833343617802985
steps[4].waypoints[18].position_m.z=0.6729697407697446
steps[4].waypoints[18].orientation_xyzw.x=-0.43921826867550284
steps[4].waypoints[18].orientation_xyzw.y=0.6306550990921943
steps[4].waypoints[18].orientation_xyzw.z=-0.5311720496876111
steps[4].waypoints[18].orientation_xyzw.w=-0.35667592024325184
steps[4].waypoints[19].position_m.x=0.05699153169272311
steps[4].waypoints[19].position_m.y=-1.6818963970982053
steps[4].waypoints[19].position_m.z=0.6715550483028865
steps[4].waypoints[19].orientation_xyzw.x=-0.43921824774572804
steps[4].waypoints[19].orientation_xyzw.y=0.6306549942969535
steps[4].waypoints[19].orientation_xyzw.z=-0.5311722042739103
steps[4].waypoints[19].orientation_xyzw.w=-0.35667590109548614
steps[4].waypoints[20].position_m.x=0.05753985374535428
steps[4].waypoints[20].position_m.y=-1.680836972694587
steps[4].waypoints[20].position_m.z=0.6705193392239932
steps[4].waypoints[20].orientation_xyzw.x=-0.43921822681593753
steps[4].waypoints[20].orientation_xyzw.y=0.6306548895016902
steps[4].waypoints[20].orientation_xyzw.z=-0.5311723588601908
steps[4].waypoints[20].orientation_xyzw.w=-0.35667588194770783
steps[4].waypoints[21].position_m.x=0.058116420874537784
steps[4].waypoints[21].position_m.y=-1.6804331992859995
steps[4].waypoints[21].position_m.z=0.6701400486282795
steps[4].waypoints[21].orientation_xyzw.x=-0.4392182058861314
steps[4].waypoints[21].orientation_xyzw.y=0.6306547847064046
steps[4].waypoints[21].orientation_xyzw.z=-0.5311725134464521
steps[4].waypoints[21].orientation_xyzw.w=-0.3566758627999167
steps[4].waypoints[22].position_m.x=0.05872560260882283
steps[4].waypoints[22].position_m.y=-1.6807865064343632
steps[4].waypoints[22].position_m.z=0.6705187248084952
steps[4].waypoints[22].orientation_xyzw.x=-0.4392181849563096
steps[4].waypoints[22].orientation_xyzw.y=0.6306546799110964
steps[4].waypoints[22].orientation_xyzw.z=-0.5311726680326947
steps[4].waypoints[22].orientation_xyzw.w=-0.35667584365211286
steps[4].waypoints[23].position_m.x=0.05936302941966021
steps[4].waypoints[23].position_m.y=-1.6817954645777573
steps[4].waypoints[23].position_m.z=0.6715538194718904
steps[4].waypoints[23].orientation_xyzw.x=-0.43921816402647207
steps[4].waypoints[23].orientation_xyzw.y=0.6306545751157656
steps[4].waypoints[23].orientation_xyzw.z=-0.5311728226189182
steps[4].waypoints[23].orientation_xyzw.w=-0.35667582450429625
steps[4].waypoints[24].position_m.x=0.060016763533048356
steps[4].waypoints[24].position_m.y=-1.6831829629996269
steps[4].waypoints[24].position_m.z=0.6729678975232506
steps[4].waypoints[24].orientation_xyzw.x=-0.4392181430966189
steps[4].waypoints[24].orientation_xyzw.y=0.6306544703204123
steps[4].waypoints[24].orientation_xyzw.z=-0.5311729772051227
steps[4].waypoints[24].orientation_xyzw.w=-0.356675805356467
steps[4].waypoints[25].position_m.x=0.060670497646436505
steps[4].waypoints[25].position_m.y=-1.6845704614214962
steps[4].waypoints[25].position_m.z=0.6743819755746107
steps[4].waypoints[25].orientation_xyzw.x=-0.4392181221667501
steps[4].waypoints[25].orientation_xyzw.y=0.6306543655250366
steps[4].waypoints[25].orientation_xyzw.z=-0.5311731317913084
steps[4].waypoints[25].orientation_xyzw.w=-0.356675786208625
steps[4].waypoints[26].position_m.x=0.061307924457273885
steps[4].waypoints[26].position_m.y=-1.6855794195648905
steps[4].waypoints[26].position_m.z=0.6754170702380059
steps[4].waypoints[26].orientation_xyzw.x=-0.43921810123686555
steps[4].waypoints[26].orientation_xyzw.y=0.6306542607296384
steps[4].waypoints[26].orientation_xyzw.z=-0.531173286377475
steps[4].waypoints[26].orientation_xyzw.w=-0.35667576706077025
steps[4].waypoints[27].position_m.x=0.06191710619155893
steps[4].waypoints[27].position_m.y=-1.685932726713254
steps[4].waypoints[27].position_m.z=0.6757957464182216
steps[4].waypoints[27].orientation_xyzw.x=-0.43921808030696546
steps[4].waypoints[27].orientation_xyzw.y=0.6306541559342176
steps[4].waypoints[27].orientation_xyzw.z=-0.5311734409636227
steps[4].waypoints[27].orientation_xyzw.w=-0.35667574791290274
steps[4].waypoints[28].position_m.x=0.06249367332074243
steps[4].waypoints[28].position_m.y=-1.6855289533046667
steps[4].waypoints[28].position_m.z=0.6754164558225079
steps[4].waypoints[28].orientation_xyzw.x=-0.4392180593770495
steps[4].waypoints[28].orientation_xyzw.y=0.6306540511387743
steps[4].waypoints[28].orientation_xyzw.z=-0.5311735955497514
steps[4].waypoints[28].orientation_xyzw.w=-0.3566757287650225
steps[4].waypoints[29].position_m.x=0.06304199537337361
steps[4].waypoints[29].position_m.y=-1.6844695289010485
steps[4].waypoints[29].position_m.z=0.6743807467436146
steps[4].waypoints[29].orientation_xyzw.x=-0.439218038447118
steps[4].waypoints[29].orientation_xyzw.y=0.6306539463433085
steps[4].waypoints[29].orientation_xyzw.z=-0.5311737501358612
steps[4].waypoints[29].orientation_xyzw.w=-0.35667570961712963
steps[4].waypoints[30].position_m.x=0.063574010123454
steps[4].waypoints[30].position_m.y=-1.6830315642189553
steps[4].waypoints[30].position_m.z=0.6729660542767566
steps[4].waypoints[30].orientation_xyzw.x=-0.4392180175171708
steps[4].waypoints[30].orientation_xyzw.y=0.6306538415478202
steps[4].waypoints[30].orientation_xyzw.z=-0.5311739047219521
steps[4].waypoints[30].orientation_xyzw.w=-0.356675690469224
steps[4].waypoints[31].position_m.x=0.0641060248735344
steps[4].waypoints[31].position_m.y=-1.6815935995368618
steps[4].waypoints[31].position_m.z=0.6715513618098985
steps[4].waypoints[31].orientation_xyzw.x=-0.4392179965872079
steps[4].waypoints[31].orientation_xyzw.y=0.6306537367523094
steps[4].waypoints[31].orientation_xyzw.z=-0.5311740593080239
steps[4].waypoints[31].orientation_xyzw.w=-0.35667567132130557
steps[4].waypoints[32].position_m.x=0.06465434692616556
steps[4].waypoints[32].position_m.y=-1.6805341751332437
steps[4].waypoints[32].position_m.z=0.6705156527310052
steps[4].waypoints[32].orientation_xyzw.x=-0.43921797565722936
steps[4].waypoints[32].orientation_xyzw.y=0.6306536319567762
steps[4].waypoints[32].orientation_xyzw.z=-0.5311742138940768
steps[4].waypoints[32].orientation_xyzw.w=-0.35667565217337444
steps[4].waypoints[33].position_m.x=0.06523091405534907
steps[4].waypoints[33].position_m.y=-1.6801304017246563
steps[4].waypoints[33].position_m.z=0.6701363621352915
steps[4].waypoints[33].orientation_xyzw.x=-0.4392179547272351
steps[4].waypoints[33].orientation_xyzw.y=0.6306535271612204
steps[4].waypoints[33].orientation_xyzw.z=-0.5311743684801108
steps[4].waypoints[33].orientation_xyzw.w=-0.35667563302543065
steps[4].waypoints[34].position_m.x=0.06584009578963411
steps[4].waypoints[34].position_m.y=-1.6804837088730198
steps[4].waypoints[34].position_m.z=0.6705150383155072
steps[4].waypoints[34].orientation_xyzw.x=-0.4392179337972253
steps[4].waypoints[34].orientation_xyzw.y=0.6306534223656423
steps[4].waypoints[34].orientation_xyzw.z=-0.5311745230661259
steps[4].waypoints[34].orientation_xyzw.w=-0.3566756138774741
steps[4].waypoints[35].position_m.x=0.06647752260047149
steps[4].waypoints[35].position_m.y=-1.681492667016414
steps[4].waypoints[35].position_m.z=0.6715501329789024
steps[4].waypoints[35].orientation_xyzw.x=-0.4392179128671997
steps[4].waypoints[35].orientation_xyzw.y=0.6306533175700414
steps[4].waypoints[35].orientation_xyzw.z=-0.5311746776521219
steps[4].waypoints[35].orientation_xyzw.w=-0.3566755947295048
steps[4].waypoints[36].position_m.x=0.06713125671385964
steps[4].waypoints[36].position_m.y=-1.6828801654382834
steps[4].waypoints[36].position_m.z=0.6729642110302625
steps[4].waypoints[36].orientation_xyzw.x=-0.4392178919371585
steps[4].waypoints[36].orientation_xyzw.y=0.6306532127744181
steps[4].waypoints[36].orientation_xyzw.z=-0.531174832238099
steps[4].waypoints[36].orientation_xyzw.w=-0.35667557558152274
steps[4].waypoints[37].position_m.x=0.0677849908272478
steps[4].waypoints[37].position_m.y=-1.684267663860153
steps[4].waypoints[37].position_m.z=0.6743782890816227
steps[4].waypoints[37].orientation_xyzw.x=-0.4392178710071015
steps[4].waypoints[37].orientation_xyzw.y=0.6306531079787722
steps[4].waypoints[37].orientation_xyzw.z=-0.5311749868240572
steps[4].waypoints[37].orientation_xyzw.w=-0.356675556433528
steps[4].waypoints[38].position_m.x=0.06842241763808517
steps[4].waypoints[38].position_m.y=-1.685276622003547
steps[4].waypoints[38].position_m.z=0.6754133837450179
steps[4].waypoints[38].orientation_xyzw.x=-0.43921785007702896
steps[4].waypoints[38].orientation_xyzw.y=0.630653003183104
steps[4].waypoints[38].orientation_xyzw.z=-0.5311751414099964
steps[4].waypoints[38].orientation_xyzw.w=-0.35667553728552054
steps[4].waypoints[39].position_m.x=0.06903159937237022
steps[4].waypoints[39].position_m.y=-1.6856299291519108
steps[4].waypoints[39].position_m.z=0.6757920599252336
steps[4].waypoints[39].orientation_xyzw.x=-0.4392178291469407
steps[4].waypoints[39].orientation_xyzw.y=0.6306528983874132
steps[4].waypoints[39].orientation_xyzw.z=-0.5311752959959167
steps[4].waypoints[39].orientation_xyzw.w=-0.3566755181375003
steps[4].waypoints[40].position_m.x=0.06960816650155371
steps[4].waypoints[40].position_m.y=-1.6852261557433232
steps[4].waypoints[40].position_m.z=0.6754127693295199
steps[4].waypoints[40].orientation_xyzw.x=-0.43921780821683676
steps[4].waypoints[40].orientation_xyzw.y=0.6306527935916999
steps[4].waypoints[40].orientation_xyzw.z=-0.5311754505818179
steps[4].waypoints[40].orientation_xyzw.w=-0.3566754989894674
steps[4].waypoints[41].position_m.x=0.0701564885541849
steps[4].waypoints[41].position_m.y=-1.684166731339705
steps[4].waypoints[41].position_m.z=0.6743770602506266
steps[4].waypoints[41].orientation_xyzw.x=-0.4392177872867171
steps[4].waypoints[41].orientation_xyzw.y=0.630652688795964
steps[4].waypoints[41].orientation_xyzw.z=-0.5311756051677002
steps[4].waypoints[41].orientation_xyzw.w=-0.3566754798414218
steps[4].waypoints[42].position_m.x=0.0706885033042653
steps[4].waypoints[42].position_m.y=-1.6827287666576118
steps[4].waypoints[42].position_m.z=0.6729623677837685
steps[4].waypoints[42].orientation_xyzw.x=-0.43921776635658194
steps[4].waypoints[42].orientation_xyzw.y=0.6306525840002057
steps[4].waypoints[42].orientation_xyzw.z=-0.5311757597535637
steps[4].waypoints[42].orientation_xyzw.w=-0.35667546069336337
steps[4].waypoints[43].position_m.x=0.07122051805434568
steps[4].waypoints[43].position_m.y=-1.6812908019755184
steps[4].waypoints[43].position_m.z=0.6715476753169104
steps[4].waypoints[43].orientation_xyzw.x=-0.43921774542643094
steps[4].waypoints[43].orientation_xyzw.y=0.6306524792044249
steps[4].waypoints[43].orientation_xyzw.z=-0.5311759143394081
steps[4].waypoints[43].orientation_xyzw.w=-0.35667544154529224
steps[4].waypoints[44].position_m.x=0.07176884010697684
steps[4].waypoints[44].position_m.y=-1.6802313775719004
steps[4].waypoints[44].position_m.z=0.6705119662380172
steps[4].waypoints[44].orientation_xyzw.x=-0.43921772449626434
steps[4].waypoints[44].orientation_xyzw.y=0.6306523744086215
steps[4].waypoints[44].orientation_xyzw.z=-0.5311760689252335
steps[4].waypoints[44].orientation_xyzw.w=-0.3566754223972084
steps[4].waypoints[45].position_m.x=0.07234540723616036
steps[4].waypoints[45].position_m.y=-1.679827604163313
steps[4].waypoints[45].position_m.z=0.6701326756423035
steps[4].waypoints[45].orientation_xyzw.x=-0.439217703566082
steps[4].waypoints[45].orientation_xyzw.y=0.6306522696127957
steps[4].waypoints[45].orientation_xyzw.z=-0.53117622351104
steps[4].waypoints[45].orientation_xyzw.w=-0.3566754032491118
steps[4].waypoints[46].position_m.x=0.0729545889704454
steps[4].waypoints[46].position_m.y=-1.6801809113116766
steps[4].waypoints[46].position_m.z=0.6705113518225192
steps[4].waypoints[46].orientation_xyzw.x=-0.439217682635884
steps[4].waypoints[46].orientation_xyzw.y=0.6306521648169474
steps[4].waypoints[46].orientation_xyzw.z=-0.5311763780968276
steps[4].waypoints[46].orientation_xyzw.w=-0.3566753841010025
steps[4].waypoints[47].position_m.x=0.07359201578128277
steps[4].waypoints[47].position_m.y=-1.6811898694550707
steps[4].waypoints[47].position_m.z=0.6715464464859144
steps[4].waypoints[47].orientation_xyzw.x=-0.4392176617056704
steps[4].waypoints[47].orientation_xyzw.y=0.6306520600210765
steps[4].waypoints[47].orientation_xyzw.z=-0.5311765326825962
steps[4].waypoints[47].orientation_xyzw.w=-0.3566753649528805
steps[4].waypoints[48].position_m.x=0.07424574989467093
steps[4].waypoints[48].position_m.y=-1.6825773678769402
steps[4].waypoints[48].position_m.z=0.6729605245372745
steps[4].waypoints[48].orientation_xyzw.x=-0.439217640775441
steps[4].waypoints[48].orientation_xyzw.y=0.6306519552251831
steps[4].waypoints[48].orientation_xyzw.z=-0.5311766872683459
steps[4].waypoints[48].orientation_xyzw.w=-0.3566753458047457
steps[4].waypoints[49].position_m.x=0.07489948400805908
steps[4].waypoints[49].position_m.y=-1.6839648662988096
steps[4].waypoints[49].position_m.z=0.6743746025886346
steps[4].waypoints[49].orientation_xyzw.x=-0.4392176198451961
steps[4].waypoints[49].orientation_xyzw.y=0.6306518504292673
steps[4].waypoints[49].orientation_xyzw.z=-0.5311768418540765
steps[4].waypoints[49].orientation_xyzw.w=-0.35667532665659823
steps[4].waypoints[50].position_m.x=0.07553691081889646
steps[4].waypoints[50].position_m.y=-1.6849738244422037
steps[4].waypoints[50].position_m.z=0.6754096972520298
steps[4].waypoints[50].orientation_xyzw.x=-0.43921759891493545
steps[4].waypoints[50].orientation_xyzw.y=0.630651745633329
steps[4].waypoints[50].orientation_xyzw.z=-0.5311769964397883
steps[4].waypoints[50].orientation_xyzw.w=-0.35667530750843807
steps[4].waypoints[51].position_m.x=0.0761460925531815
steps[4].waypoints[51].position_m.y=-1.6853271315905674
steps[4].waypoints[51].position_m.z=0.6757883734322456
steps[4].waypoints[51].orientation_xyzw.x=-0.4392175779846591
steps[4].waypoints[51].orientation_xyzw.y=0.6306516408373682
steps[4].waypoints[51].orientation_xyzw.z=-0.5311771510254811
steps[4].waypoints[51].orientation_xyzw.w=-0.35667528836026513
steps[4].waypoints[52].position_m.x=0.07672265968236501
steps[4].waypoints[52].position_m.y=-1.6849233581819798
steps[4].waypoints[52].position_m.z=0.6754090828365319
steps[4].waypoints[52].orientation_xyzw.x=-0.4392175570543671
steps[4].waypoints[52].orientation_xyzw.y=0.6306515360413848
steps[4].waypoints[52].orientation_xyzw.z=-0.5311773056111551
steps[4].waypoints[52].orientation_xyzw.w=-0.3566752692120795
steps[4].waypoints[53].position_m.x=0.07727098173499618
steps[4].waypoints[53].position_m.y=-1.6838639337783619
steps[4].waypoints[53].position_m.z=0.6743733737576386
steps[4].waypoints[53].orientation_xyzw.x=-0.4392175361240594
steps[4].waypoints[53].orientation_xyzw.y=0.6306514312453789
steps[4].waypoints[53].orientation_xyzw.z=-0.5311774601968099
steps[4].waypoints[53].orientation_xyzw.w=-0.35667525006388107
steps[4].waypoints[54].position_m.x=0.07780299648507658
steps[4].waypoints[54].position_m.y=-1.6824259690962684
steps[4].waypoints[54].position_m.z=0.6729586812907805
steps[4].waypoints[54].orientation_xyzw.x=-0.43921751519373603
steps[4].waypoints[54].orientation_xyzw.y=0.6306513264493506
steps[4].waypoints[54].orientation_xyzw.z=-0.5311776147824457
steps[4].waypoints[54].orientation_xyzw.w=-0.35667523091567
steps[4].waypoints[55].position_m.x=0.07833501123515696
steps[4].waypoints[55].position_m.y=-1.6809880044141752
steps[4].waypoints[55].position_m.z=0.6715439888239224
steps[4].waypoints[55].orientation_xyzw.x=-0.43921749426339707
steps[4].waypoints[55].orientation_xyzw.y=0.6306512216532998
steps[4].waypoints[55].orientation_xyzw.z=-0.5311777693680628
steps[4].waypoints[55].orientation_xyzw.w=-0.35667521176744615
steps[4].waypoints[56].position_m.x=0.07888333328778814
steps[4].waypoints[56].position_m.y=-1.679928580010557
steps[4].waypoints[56].position_m.z=0.6705082797450291
steps[4].waypoints[56].orientation_xyzw.x=-0.4392174733330423
steps[4].waypoints[56].orientation_xyzw.y=0.6306511168572264
steps[4].waypoints[56].orientation_xyzw.z=-0.5311779239536608
steps[4].waypoints[56].orientation_xyzw.w=-0.3566751926192095
steps[4].waypoints[57].position_m.x=0.07945990041697164
steps[4].waypoints[57].position_m.y=-1.6795248066019697
steps[4].waypoints[57].position_m.z=0.6701289891493155
steps[4].waypoints[57].orientation_xyzw.x=-0.43921745240267196
steps[4].waypoints[57].orientation_xyzw.y=0.6306510120611305
steps[4].waypoints[57].orientation_xyzw.z=-0.5311780785392399
steps[4].waypoints[57].orientation_xyzw.w=-0.3566751734709602
steps[4].waypoints[58].position_m.x=0.08006908215125669
steps[4].waypoints[58].position_m.y=-1.6798781137503331
steps[4].waypoints[58].position_m.z=0.6705076653295312
steps[4].waypoints[58].orientation_xyzw.x=-0.4392174314722859
steps[4].waypoints[58].orientation_xyzw.y=0.630650907265012
steps[4].waypoints[58].orientation_xyzw.z=-0.5311782331248
steps[4].waypoints[58].orientation_xyzw.w=-0.35667515432269825
steps[4].waypoints[59].position_m.x=0.08070650896209405
steps[4].waypoints[59].position_m.y=-1.6808870718937274
steps[4].waypoints[59].position_m.z=0.6715427599929265
steps[4].waypoints[59].orientation_xyzw.x=-0.43921741054188423
steps[4].waypoints[59].orientation_xyzw.y=0.6306508024688713
steps[4].waypoints[59].orientation_xyzw.z=-0.5311783877103412
steps[4].waypoints[59].orientation_xyzw.w=-0.3566751351744235
steps[4].waypoints[60].position_m.x=0.08136024307548222
steps[4].waypoints[60].position_m.y=-1.6822745703155968
steps[4].waypoints[60].position_m.z=0.6729568380442865
steps[4].waypoints[60].orientation_xyzw.x=-0.43921738961146684
steps[4].waypoints[60].orientation_xyzw.y=0.6306506976727079
steps[4].waypoints[60].orientation_xyzw.z=-0.5311785422958634
steps[4].waypoints[60].orientation_xyzw.w=-0.356675116026136
steps[4].lead_start.position_m.x=0.045787777171425785
steps[4].lead_start.position_m.y=-1.6837885581223135
steps[4].lead_start.position_m.z=0.6729752705092266
steps[4].lead_start.orientation_xyzw.x=-0.4392186454087692
steps[4].lead_start.orientation_xyzw.y=0.6306569854026791
steps[4].lead_start.orientation_xyzw.z=-0.531169267130982
steps[4].lead_start.orientation_xyzw.w=-0.35667626490085724
steps[4].usable_seam_start.position_m.x=0.045787777171425785
steps[4].usable_seam_start.position_m.y=-1.6837885581223135
steps[4].usable_seam_start.position_m.z=0.6729752705092266
steps[4].usable_seam_start.orientation_xyzw.x=-0.4392186454087692
steps[4].usable_seam_start.orientation_xyzw.y=0.6306569854026791
steps[4].usable_seam_start.orientation_xyzw.z=-0.531169267130982
steps[4].usable_seam_start.orientation_xyzw.w=-0.35667626490085724
steps[4].usable_seam_goal.position_m.x=0.08136024307548222
steps[4].usable_seam_goal.position_m.y=-1.6822745703155968
steps[4].usable_seam_goal.position_m.z=0.6729568380442865
steps[4].usable_seam_goal.orientation_xyzw.x=-0.43921738961146684
steps[4].usable_seam_goal.orientation_xyzw.y=0.6306506976727079
steps[4].usable_seam_goal.orientation_xyzw.z=-0.5311785422958634
steps[4].usable_seam_goal.orientation_xyzw.w=-0.356675116026136
steps[4].lead_end.position_m.x=0.08136024307548222
steps[4].lead_end.position_m.y=-1.6822745703155968
steps[4].lead_end.position_m.z=0.6729568380442865
steps[4].lead_end.orientation_xyzw.x=-0.43921738961146684
steps[4].lead_end.orientation_xyzw.y=0.6306506976727079
steps[4].lead_end.orientation_xyzw.z=-0.5311785422958634
steps[4].lead_end.orientation_xyzw.w=-0.356675116026136
steps[5].sequence_number=6
steps[5].type=digital_weld
steps[5].parallel_slot=5
steps[5].duration=0.0
steps[5].velocity_scale=0.3695263157894737
steps[5].tcp_speed_m_s=0.022701654779262354
steps[5].command=off
steps[5].weld_scenario_id=weld-84615022899726
steps[5].weld_scenario_stage=arc_off
steps[5].path_to_seam_speed_factor=0.39866007163091666
steps[5].trigger_before_goal=True
steps[5].arc_off_delay_s=0.0
steps[5].settings.current_a=220
steps[5].settings.voltage_tenths=260
steps[5].settings.voltage=26.0
steps[5].settings.material=FE-SOLID
steps[5].settings.diameter_mm=1.2
steps[5].settings.mode=LSM
steps[5].settings.gas=CO2 100%
steps[5].settings.synergic=False
steps[5].settings.correction=0.0
steps[5].settings.hot_start_enabled=True
steps[5].settings.hot_start_percent=5.0
steps[5].settings.hot_start_hold_adjustment=0
steps[5].settings.crater_enabled=False
steps[5].settings.crater_percent=27.27272727272727
steps[5].settings.crater_current_a=60.0
steps[5].settings.crater_voltage_v=25.0
steps[5].settings.crater_seconds=1.0
steps[5].settings.wire_consumable_alpha_mm=0.0
steps[5].settings.hot_start_current_a=231
steps[6].sequence_number=7
steps[6].type=motion
steps[6].parallel_slot=6
steps[6].duration=0.0
steps[6].planning_group=right_manipulator
steps[6].velocity_scale=0.3695263157894737
steps[6].tcp_speed_m_s=0.0
steps[6].interpolation_step=0.005
steps[6].path_kind=weld_end_to_taught_wait_fixed_attitude
steps[6].pose_name=weld_goal_wait
steps[6].pose_label=5 · Weld goal wait pose
steps[6].touch_guard=False
steps[6].continue_after_touch=False
steps[6].weld_scenario_id=weld-84615022899726
steps[6].weld_scenario_stage=goal_wait
steps[6].waypoint_count=1
steps[6].waypoints[0].position_m.x=0.08131133286304298
steps[6].waypoints[0].position_m.y=-1.681107744128622
steps[6].waypoints[0].position_m.z=0.6744055729459948
steps[6].waypoints[0].orientation_xyzw.x=-0.43921738961146684
steps[6].waypoints[0].orientation_xyzw.y=0.6306506976727079
steps[6].waypoints[0].orientation_xyzw.z=-0.5311785422958634
steps[6].waypoints[0].orientation_xyzw.w=-0.356675116026136
steps[7].sequence_number=8
steps[7].type=named_pose
steps[7].parallel_slot=7
steps[7].duration=0.0
steps[7].planning_group=right_manipulator
steps[7].velocity_scale=0.3695263157894737
steps[7].tcp_speed_m_s=0.0
steps[7].pose_name=weld_finish
steps[7].pose_label=7 · Weld end pose
steps[7].touch_guard=False
steps[7].continue_after_touch=False
steps[7].weld_scenario_id=weld-84615022899726
steps[7].weld_scenario_stage=finish
steps[7].target_tcp.position_m.x=0.03374943314549039
steps[7].target_tcp.position_m.y=-1.6540034193254145
steps[7].target_tcp.position_m.z=0.715025635008381
steps[7].target_tcp.orientation_xyzw.x=-0.43566855184384345
steps[7].target_tcp.orientation_xyzw.y=0.6334744147875092
steps[7].target_tcp.orientation_xyzw.z=-0.5283694748098694
steps[7].target_tcp.orientation_xyzw.w=-0.3601788123044635
steps[7].joint_names[0]=right_manipulator_joint1
steps[7].joint_names[1]=right_manipulator_joint2
steps[7].joint_names[2]=right_manipulator_joint3
steps[7].joint_names[3]=right_manipulator_joint4
steps[7].joint_names[4]=right_manipulator_joint5
steps[7].joint_names[5]=right_manipulator_joint6
steps[7].joint_positions_rad[0]=5.1848284314425666
steps[7].joint_positions_rad[1]=1.2821876952502465
steps[7].joint_positions_rad[2]=1.93160458707214
steps[7].joint_positions_rad[3]=3.604953654807699
steps[7].joint_positions_rad[4]=1.4520875191012685
steps[7].joint_positions_rad[5]=1.4500105197671158
steps[8].sequence_number=9
steps[8].type=digital_output
steps[8].parallel_slot=8
steps[8].duration=0.0
steps[8].port=0
steps[8].value=True
steps[8].weld_scenario_id=weld-84615022899726
steps[8].weld_scenario_stage=touch_output_on
hicomm_cyclic_period_ms=40.0
arc_wait_recognition=True
arc_wait_main_welding=True
arc_wait_established=True
arc_establishment_timeout_s=5.0

[summary]
rx_samples=158
welding_samples=0
wcr_seen=0
current_a.min=None
current_a.average=None
current_a.max=None
voltage_v.min=None
voltage_v.average=None
voltage_v.max=None
wire_feed_m_min.min=None
wire_feed_m_min.average=None
wire_feed_m_min.max=None

[production_metrics]
arc_started_elapsed_s=None
arc_completed_elapsed_s=None
arc_on_time_s=0.0
main_weld_arc_time_s=0.0
crater_arc_time_s=0.0
weld_motion_start_elapsed_s=0.027850808008224703
weld_motion_complete_elapsed_s=6.327213401003974
weld_motion_duration_s=6.299362592995749
net_weld_arc_time_s=0.0
wire_feed_average_m_min=0.0
wire_consumable_base_mm=0.0
wire_consumable_alpha_mm=0.0
wire_consumable_mm=0.0
wire_consumable_formula=integral(WFS*1000/60*dt)+alpha
weld_motion_start_unix_time=1789622459.6997218
weld_motion_start_wall_time=2026-09-17 14:20:59.699
weld_motion_complete_unix_time=1789622465.9990847
weld_motion_complete_wall_time=2026-09-17 14:21:05.999

[arc_off_control]

[teaching_snapshot_yaml]
robot_start:
  planning_group: right_manipulator
  joint_state:
    names:
    - right_manipulator_joint1
    - right_manipulator_joint2
    - right_manipulator_joint3
    - right_manipulator_joint4
    - right_manipulator_joint5
    - right_manipulator_joint6
    positions_rad:
    - 5.272090632984539
    - 1.1319069796756747
    - 2.106417676818249
    - 3.6901007738119302
    - 1.4686233526256796
    - 1.4680081624138712
  tcp_pose_world:
    position_m:
      x: 0.0593687026100857
      y: -1.566580876666292
      z: 0.8404797210507349
    orientation_xyzw:
      x: -0.435964943840794
      y: 0.633785310019272
      z: -0.5278153609885844
      w: -0.36008567487496485
weld_wait:
  planning_group: right_manipulator
  joint_state:
    names:
    - right_manipulator_joint1
    - right_manipulator_joint2
    - right_manipulator_joint3
    - right_manipulator_joint4
    - right_manipulator_joint5
    - right_manipulator_joint6
    positions_rad:
    - 5.116482663123427
    - 1.2840481795877758
    - 1.9530954981207522
    - 3.536391371491936
    - 1.4756325262986592
    - 1.454452938781477
  tcp_pose_world:
    position_m:
      x: -0.024663663255563212
      y: -1.6541218108581124
      z: 0.7151550325816947
    orientation_xyzw:
      x: -0.43569661139275795
      y: 0.6334772972744478
      z: -0.5283290120173573
      w: -0.3601991556340635
weld_start_wait:
  planning_group: right_manipulator
  joint_state:
    names:
    - right_manipulator_joint1
    - right_manipulator_joint2
    - right_manipulator_joint3
    - right_manipulator_joint4
    - right_manipulator_joint5
    - right_manipulator_joint6
    positions_rad:
    - 5.182163139823615
    - 1.329779049720235
    - 1.8620059346181725
    - 3.603689185922129
    - 1.4333873345589503
    - 1.441061100081959
  tcp_pose_world:
    position_m:
      x: 0.045718802103199285
      y: -1.682160745698827
      z: 0.6735652566070585
    orientation_xyzw:
      x: -0.43512320113634556
      y: 0.6334895828226131
      z: -0.5288470998477183
      w: -0.36011039039542925
weld_start:
  planning_group: right_manipulator
  joint_state:
    names:
    - right_manipulator_joint1
    - right_manipulator_joint2
    - right_manipulator_joint3
    - right_manipulator_joint4
    - right_manipulator_joint5
    - right_manipulator_joint6
    positions_rad:
    - 5.175376755234775
    - 1.3305134796271023
    - 1.8622069922491196
    - 3.5840364862945293
    - 1.4346691393117106
    - 1.4405702283215995
  tcp_pose_world:
    position_m:
      x: 0.045787777171425785
      y: -1.6837885581223135
      z: 0.6729752705092266
    orientation_xyzw:
      x: -0.4392186454087692
      y: 0.6306569854026791
      z: -0.531169267130982
      w: -0.35667626490085724
weld_goal_wait:
  planning_group: right_manipulator
  joint_state:
    names:
    - right_manipulator_joint1
    - right_manipulator_joint2
    - right_manipulator_joint3
    - right_manipulator_joint4
    - right_manipulator_joint5
    - right_manipulator_joint6
    positions_rad:
    - 5.221002148529113
    - 1.3281388088048551
    - 1.8483139576638028
    - 3.64330317450484
    - 1.419061392107087
    - 1.4353693922002417
  tcp_pose_world:
    position_m:
      x: 0.08131133286304298
      y: -1.681107744128622
      z: 0.6744055729459948
    orientation_xyzw:
      x: -0.4351219861055805
      y: 0.6334832870879225
      z: -0.528856382261825
      w: -0.3601093016415298
weld_end:
  planning_group: right_manipulator
  joint_state:
    names:
    - right_manipulator_joint1
    - right_manipulator_joint2
    - right_manipulator_joint3
    - right_manipulator_joint4
    - right_manipulator_joint5
    - right_manipulator_joint6
    positions_rad:
    - 5.2146246729704595
    - 1.3298943734140467
    - 1.848480799080813
    - 3.6239342435086352
    - 1.421083507820248
    - 1.435668815769926
  tcp_pose_world:
    position_m:
      x: 0.08136024307548222
      y: -1.6822745703155968
      z: 0.6729568380442865
    orientation_xyzw:
      x: -0.43921738961146684
      y: 0.6306506976727079
      z: -0.5311785422958634
      w: -0.356675116026136
weld_finish:
  planning_group: right_manipulator
  joint_state:
    names:
    - right_manipulator_joint1
    - right_manipulator_joint2
    - right_manipulator_joint3
    - right_manipulator_joint4
    - right_manipulator_joint5
    - right_manipulator_joint6
    positions_rad:
    - 5.1848284314425666
    - 1.2821876952502465
    - 1.93160458707214
    - 3.604953654807699
    - 1.4520875191012685
    - 1.4500105197671158
  tcp_pose_world:
    position_m:
      x: 0.03374943314549039
      y: -1.6540034193254145
      z: 0.715025635008381
    orientation_xyzw:
      x: -0.43566855184384345
      y: 0.6334744147875092
      z: -0.5283694748098694
      w: -0.3601788123044635

[touch_snapshot_yaml]
start_floor:
  position_m:
    x: 0.04547932258097909
    y: -1.6821915291349505
    z: 0.6729754068776663
  orientation_xyzw:
    x: -0.4350822202145904
    y: 0.633459624131198
    z: -0.5289170250943321
    w: -0.36010990935277765
start_wall:
  position_m:
    x: 0.04549465063903185
    y: -1.68380087785346
    z: 0.6735972126164071
  orientation_xyzw:
    x: -0.43516013479043175
    y: 0.6335247786726932
    z: -0.5288106366545504
    w: -0.3600573877285362
goal_floor:
  position_m:
    x: 0.08105688561466207
    y: -1.6811898428009975
    z: 0.6729569792397367
  orientation_xyzw:
    x: -0.4351284183170482
    y: 0.6334681827675457
    z: -0.5288653409375834
    w: -0.36011494296829866
goal_wall:
  position_m:
    x: 0.08107928880557597
    y: -1.6822861946847858
    z: 0.6742857934909061
  orientation_xyzw:
    x: -0.4351714228494885
    y: 0.6334929071798462
    z: -0.5288092446514945
    w: -0.36010186344851686

[samples]
elapsed_s raw0 state arc gas fwd wcr current_a voltage_v wire_feed_m_min set_current_a set_voltage_v error db collision
0.048 0x00 idle 0 0 0 0 0 0.0 0.0 220 26.0 0 0 0
0.075 0x00 idle 0 0 0 0 0 0.0 0.0 220 26.0 0 0 0
0.113 0x00 idle 0 0 0 0 0 0.0 0.0 220 26.0 0 0 0
0.157 0x00 idle 0 0 0 0 0 0.0 0.0 220 26.0 0 0 0
0.194 0x00 idle 0 0 0 0 0 0.0 0.0 220 26.0 0 0 0
0.231 0x00 idle 0 0 0 0 0 0.0 0.0 220 26.0 0 0 0
0.271 0x00 idle 0 0 0 0 0 0.0 0.0 220 26.0 0 0 0
0.313 0x00 idle 0 0 0 0 0 0.0 0.0 220 26.0 0 0 0
0.352 0x00 idle 0 0 0 0 0 0.0 0.0 220 26.0 0 0 0
0.392 0x00 idle 0 0 0 0 0 0.0 0.0 220 26.0 0 0 0
0.434 0x00 idle 0 0 0 0 0 0.0 0.0 220 26.0 0 0 0
0.470 0x00 idle 0 0 0 0 0 0.0 0.0 220 26.0 0 0 0
0.511 0x00 idle 0 0 0 0 0 0.0 0.0 220 26.0 0 0 0
0.549 0x00 idle 0 0 0 0 0 0.0 0.0 220 26.0 0 0 0
0.596 0x00 idle 0 0 0 0 0 0.0 0.0 220 26.0 0 0 0
0.631 0x00 idle 0 0 0 0 0 0.0 0.0 220 26.0 0 0 0
0.673 0x00 idle 0 0 0 0 0 0.0 0.0 220 26.0 0 0 0
0.718 0x00 idle 0 0 0 0 0 0.0 0.0 220 26.0 0 0 0
0.752 0x00 idle 0 0 0 0 0 0.0 0.0 220 26.0 0 0 0
0.791 0x00 idle 0 0 0 0 0 0.0 0.0 220 26.0 0 0 0
0.831 0x00 idle 0 0 0 0 0 0.0 0.0 220 26.0 0 0 0
0.870 0x00 idle 0 0 0 0 0 0.0 0.0 220 26.0 0 0 0
0.911 0x00 idle 0 0 0 0 0 0.0 0.0 220 26.0 0 0 0
0.951 0x00 idle 0 0 0 0 0 0.0 0.0 220 26.0 0 0 0
0.994 0x00 idle 0 0 0 0 0 0.0 0.0 220 26.0 0 0 0
1.030 0x00 idle 0 0 0 0 0 0.0 0.0 220 26.0 0 0 0
1.070 0x00 idle 0 0 0 0 0 0.0 0.0 220 26.0 0 0 0
1.110 0x00 idle 0 0 0 0 0 0.0 0.0 220 26.0 0 0 0
1.149 0x00 idle 0 0 0 0 0 0.0 0.0 220 26.0 0 0 0
1.191 0x00 idle 0 0 0 0 0 0.0 0.0 220 26.0 0 0 0
1.230 0x00 idle 0 0 0 0 0 0.0 0.0 220 26.0 0 0 0
1.271 0x00 idle 0 0 0 0 0 0.0 0.0 220 26.0 0 0 0
1.310 0x00 idle 0 0 0 0 0 0.0 0.0 220 26.0 0 0 0
1.357 0x00 idle 0 0 0 0 0 0.0 0.0 220 26.0 0 0 0
1.391 0x00 idle 0 0 0 0 0 0.0 0.0 220 26.0 0 0 0
1.433 0x00 idle 0 0 0 0 0 0.0 0.0 220 26.0 0 0 0
1.471 0x00 idle 0 0 0 0 0 0.0 0.0 220 26.0 0 0 0
1.521 0x00 idle 0 0 0 0 0 0.0 0.0 220 26.0 0 0 0
1.550 0x00 idle 0 0 0 0 0 0.0 0.0 220 26.0 0 0 0
1.593 0x00 idle 0 0 0 0 0 0.0 0.0 220 26.0 0 0 0
1.630 0x00 idle 0 0 0 0 0 0.0 0.0 220 26.0 0 0 0
1.669 0x00 idle 0 0 0 0 0 0.0 0.0 220 26.0 0 0 0
1.709 0x00 idle 0 0 0 0 0 0.0 0.0 220 26.0 0 0 0
1.750 0x00 idle 0 0 0 0 0 0.0 0.0 220 26.0 0 0 0
1.790 0x00 idle 0 0 0 0 0 0.0 0.0 220 26.0 0 0 0
1.831 0x00 idle 0 0 0 0 0 0.0 0.0 220 26.0 0 0 0
1.878 0x00 idle 0 0 0 0 0 0.0 0.0 220 26.0 0 0 0
1.912 0x00 idle 0 0 0 0 0 0.0 0.0 220 26.0 0 0 0
1.950 0x00 idle 0 0 0 0 0 0.0 0.0 220 26.0 0 0 0
1.989 0x00 idle 0 0 0 0 0 0.0 0.0 220 26.0 0 0 0
2.029 0x00 idle 0 0 0 0 0 0.0 0.0 220 26.0 0 0 0
2.070 0x00 idle 0 0 0 0 0 0.0 0.0 220 26.0 0 0 0
2.111 0x00 idle 0 0 0 0 0 0.0 0.0 220 26.0 0 0 0
2.150 0x00 idle 0 0 0 0 0 0.0 0.0 220 26.0 0 0 0
2.190 0x00 idle 0 0 0 0 0 0.0 0.0 220 26.0 0 0 0
2.231 0x00 idle 0 0 0 0 0 0.0 0.0 220 26.0 0 0 0
2.271 0x00 idle 0 0 0 0 0 0.0 0.0 220 26.0 0 0 0
2.309 0x00 idle 0 0 0 0 0 0.0 0.0 220 26.0 0 0 0
2.349 0x00 idle 0 0 0 0 0 0.0 0.0 220 26.0 0 0 0
2.391 0x00 idle 0 0 0 0 0 0.0 0.0 220 26.0 0 0 0
2.430 0x00 idle 0 0 0 0 0 0.0 0.0 220 26.0 0 0 0
2.470 0x00 idle 0 0 0 0 0 0.0 0.0 220 26.0 0 0 0
2.514 0x00 idle 0 0 0 0 0 0.0 0.0 220 26.0 0 0 0
2.550 0x00 idle 0 0 0 0 0 0.0 0.0 220 26.0 0 0 0
2.590 0x00 idle 0 0 0 0 0 0.0 0.0 220 26.0 0 0 0
2.632 0x00 idle 0 0 0 0 0 0.0 0.0 220 26.0 0 0 0
2.671 0x00 idle 0 0 0 0 0 0.0 0.0 220 26.0 0 0 0
2.710 0x00 idle 0 0 0 0 0 0.0 0.0 220 26.0 0 0 0
2.750 0x00 idle 0 0 0 0 0 0.0 0.0 220 26.0 0 0 0
2.790 0x00 idle 0 0 0 0 0 0.0 0.0 220 26.0 0 0 0
2.831 0x00 idle 0 0 0 0 0 0.0 0.0 220 26.0 0 0 0
2.869 0x00 idle 0 0 0 0 0 0.0 0.0 220 26.0 0 0 0
2.912 0x00 idle 0 0 0 0 0 0.0 0.0 220 26.0 0 0 0
2.950 0x00 idle 0 0 0 0 0 0.0 0.0 220 26.0 0 0 0
2.990 0x00 idle 0 0 0 0 0 0.0 0.0 220 26.0 0 0 0
3.030 0x00 idle 0 0 0 0 0 0.0 0.0 220 26.0 0 0 0
3.070 0x00 idle 0 0 0 0 0 0.0 0.0 220 26.0 0 0 0
3.110 0x00 idle 0 0 0 0 0 0.0 0.0 220 26.0 0 0 0
3.149 0x00 idle 0 0 0 0 0 0.0 0.0 220 26.0 0 0 0
3.191 0x00 idle 0 0 0 0 0 0.0 0.0 220 26.0 0 0 0
3.231 0x00 idle 0 0 0 0 0 0.0 0.0 220 26.0 0 0 0
3.271 0x00 idle 0 0 0 0 0 0.0 0.0 220 26.0 0 0 0
3.311 0x00 idle 0 0 0 0 0 0.0 0.0 220 26.0 0 0 0
3.350 0x00 idle 0 0 0 0 0 0.0 0.0 220 26.0 0 0 0
3.390 0x00 idle 0 0 0 0 0 0.0 0.0 220 26.0 0 0 0
3.430 0x00 idle 0 0 0 0 0 0.0 0.0 220 26.0 0 0 0
3.470 0x00 idle 0 0 0 0 0 0.0 0.0 220 26.0 0 0 0
3.511 0x00 idle 0 0 0 0 0 0.0 0.0 220 26.0 0 0 0
3.550 0x00 idle 0 0 0 0 0 0.0 0.0 220 26.0 0 0 0
3.598 0x00 idle 0 0 0 0 0 0.0 0.0 220 26.0 0 0 0
3.631 0x00 idle 0 0 0 0 0 0.0 0.0 220 26.0 0 0 0
3.671 0x00 idle 0 0 0 0 0 0.0 0.0 220 26.0 0 0 0
3.713 0x00 idle 0 0 0 0 0 0.0 0.0 220 26.0 0 0 0
3.750 0x00 idle 0 0 0 0 0 0.0 0.0 220 26.0 0 0 0
3.791 0x00 idle 0 0 0 0 0 0.0 0.0 220 26.0 0 0 0
3.829 0x00 idle 0 0 0 0 0 0.0 0.0 220 26.0 0 0 0
3.869 0x00 idle 0 0 0 0 0 0.0 0.0 220 26.0 0 0 0
3.910 0x00 idle 0 0 0 0 0 0.0 0.0 220 26.0 0 0 0
3.950 0x00 idle 0 0 0 0 0 0.0 0.0 220 26.0 0 0 0
3.989 0x00 idle 0 0 0 0 0 0.0 0.0 220 26.0 0 0 0
4.030 0x00 idle 0 0 0 0 0 0.0 0.0 220 26.0 0 0 0
4.070 0x00 idle 0 0 0 0 0 0.0 0.0 220 26.0 0 0 0
4.110 0x00 idle 0 0 0 0 0 0.0 0.0 220 26.0 0 0 0
4.149 0x00 idle 0 0 0 0 0 0.0 0.0 220 26.0 0 0 0
4.189 0x00 idle 0 0 0 0 0 0.0 0.0 220 26.0 0 0 0
4.232 0x00 idle 0 0 0 0 0 0.0 0.0 220 26.0 0 0 0
4.270 0x00 idle 0 0 0 0 0 0.0 0.0 220 26.0 0 0 0
4.310 0x00 idle 0 0 0 0 0 0.0 0.0 220 26.0 0 0 0
4.349 0x00 idle 0 0 0 0 0 0.0 0.0 220 26.0 0 0 0
4.390 0x00 idle 0 0 0 0 0 0.0 0.0 220 26.0 0 0 0
4.431 0x00 idle 0 0 0 0 0 0.0 0.0 220 26.0 0 0 0
4.471 0x00 idle 0 0 0 0 0 0.0 0.0 220 26.0 0 0 0
4.510 0x00 idle 0 0 0 0 0 0.0 0.0 220 26.0 0 0 0
4.558 0x00 idle 0 0 0 0 0 0.0 0.0 220 26.0 0 0 0
4.591 0x00 idle 0 0 0 0 0 0.0 0.0 220 26.0 0 0 0
4.631 0x00 idle 0 0 0 0 0 0.0 0.0 220 26.0 0 0 0
4.670 0x00 idle 0 0 0 0 0 0.0 0.0 220 26.0 0 0 0
4.713 0x00 idle 0 0 0 0 0 0.0 0.0 220 26.0 0 0 0
4.753 0x00 idle 0 0 0 0 0 0.0 0.0 220 26.0 0 0 0
4.799 0x00 idle 0 0 0 0 0 0.0 0.0 220 26.0 0 0 0
4.837 0x00 idle 0 0 0 0 0 0.0 0.0 220 26.0 0 0 0
4.870 0x00 idle 0 0 0 0 0 0.0 0.0 220 26.0 0 0 0
4.910 0x00 idle 0 0 0 0 0 0.0 0.0 220 26.0 0 0 0
4.950 0x00 idle 0 0 0 0 0 0.0 0.0 220 26.0 0 0 0
4.991 0x00 idle 0 0 0 0 0 0.0 0.0 220 26.0 0 0 0
5.032 0x00 idle 0 0 0 0 0 0.0 0.0 220 26.0 0 0 0
5.072 0x00 idle 0 0 0 0 0 0.0 0.0 220 26.0 0 0 0
5.110 0x00 idle 0 0 0 0 0 0.0 0.0 220 26.0 0 0 0
5.150 0x00 idle 0 0 0 0 0 0.0 0.0 220 26.0 0 0 0
5.191 0x00 idle 0 0 0 0 0 0.0 0.0 220 26.0 0 0 0
5.230 0x00 idle 0 0 0 0 0 0.0 0.0 220 26.0 0 0 0
5.270 0x00 idle 0 0 0 0 0 0.0 0.0 220 26.0 0 0 0
5.311 0x00 idle 0 0 0 0 0 0.0 0.0 220 26.0 0 0 0
5.351 0x00 idle 0 0 0 0 0 0.0 0.0 220 26.0 0 0 0
5.395 0x00 idle 0 0 0 0 0 0.0 0.0 220 26.0 0 0 0
5.430 0x00 idle 0 0 0 0 0 0.0 0.0 220 26.0 0 0 0
5.473 0x00 idle 0 0 0 0 0 0.0 0.0 220 26.0 0 0 0
5.509 0x00 idle 0 0 0 0 0 0.0 0.0 220 26.0 0 0 0
5.552 0x00 idle 0 0 0 0 0 0.0 0.0 220 26.0 0 0 0
5.591 0x00 idle 0 0 0 0 0 0.0 0.0 220 26.0 0 0 0
5.630 0x00 idle 0 0 0 0 0 0.0 0.0 220 26.0 0 0 0
5.675 0x00 idle 0 0 0 0 0 0.0 0.0 220 26.0 0 0 0
5.711 0x00 idle 0 0 0 0 0 0.0 0.0 220 26.0 0 0 0
5.751 0x00 idle 0 0 0 0 0 0.0 0.0 220 26.0 0 0 0
5.795 0x00 idle 0 0 0 0 0 0.0 0.0 220 26.0 0 0 0
5.829 0x00 idle 0 0 0 0 0 0.0 0.0 220 26.0 0 0 0
5.870 0x00 idle 0 0 0 0 0 0.0 0.0 220 26.0 0 0 0
5.911 0x00 idle 0 0 0 0 0 0.0 0.0 220 26.0 0 0 0
5.950 0x00 idle 0 0 0 0 0 0.0 0.0 220 26.0 0 0 0
5.990 0x00 idle 0 0 0 0 0 0.0 0.0 220 26.0 0 0 0
6.031 0x00 idle 0 0 0 0 0 0.0 0.0 220 26.0 0 0 0
6.069 0x00 idle 0 0 0 0 0 0.0 0.0 220 26.0 0 0 0
6.110 0x00 idle 0 0 0 0 0 0.0 0.0 220 26.0 0 0 0
6.150 0x00 idle 0 0 0 0 0 0.0 0.0 220 26.0 0 0 0
6.189 0x00 idle 0 0 0 0 0 0.0 0.0 220 26.0 0 0 0
6.230 0x00 idle 0 0 0 0 0 0.0 0.0 220 26.0 0 0 0
6.270 0x00 idle 0 0 0 0 0 0.0 0.0 220 26.0 0 0 0
6.311 0x00 idle 0 0 0 0 0 0.0 0.0 220 26.0 0 0 0

[tcp_trajectory]
elapsed_s x_m y_m z_m qx qy qz qw speed_m_s tf_stamp_s along_mm remaining_mm cross_track_mm progress waypoint phase
0.0014 0.0458607 -1.6836124 0.6733655 -0.43908664 0.63065304 -0.53126901 -0.35669721 0.000000 1789622459.647915840 0.080 35.525 0.427 0.00000 -1 ACTUAL_TF
0.0494 0.0458693 -1.6837427 0.6733355 -0.43908802 0.63064428 -0.53128766 -0.35668322 0.002384 1789622459.704114199 0.083 35.522 0.363 0.00000 -1 ACTUAL_TF
0.1001 0.0458648 -1.6838178 0.6732803 -0.43909657 0.63064437 -0.53128634 -0.35667452 0.002170 1789622459.759944916 0.076 35.529 0.307 0.00000 -1 ACTUAL_TF
0.1539 0.0458586 -1.6838585 0.6732478 -0.43910368 0.63064398 -0.53128328 -0.35667100 0.001799 1789622459.816098928 0.068 35.537 0.282 0.00000 -1 ACTUAL_TF
0.2143 0.0458519 -1.6838772 0.6732350 -0.43910852 0.63064289 -0.53128086 -0.35667058 0.001387 1789622459.871933699 0.060 35.545 0.275 0.00000 -1 ACTUAL_TF
0.2615 0.0458479 -1.6838859 0.6732149 -0.43911635 0.63064377 -0.53127442 -0.35666897 0.001090 1789622459.928106546 0.056 35.549 0.260 0.00000 -1 ACTUAL_TF
0.3179 0.0458419 -1.6838879 0.6732052 -0.43912011 0.63064418 -0.53127068 -0.35666920 0.000825 1789622459.983886957 0.050 35.555 0.251 0.00000 -1 ACTUAL_TF
0.3765 0.0458414 -1.6838949 0.6731996 -0.43912222 0.63064454 -0.53126842 -0.35666933 0.000626 1789622460.039855957 0.049 35.556 0.249 0.00000 -1 ACTUAL_TF
0.4320 0.0458413 -1.6838940 0.6731980 -0.43912288 0.63064553 -0.53126721 -0.35666856 0.000447 1789622460.095846176 0.049 35.556 0.247 0.00000 -1 ACTUAL_TF
0.4897 0.0458686 -1.6839471 0.6731460 -0.43921807 0.63069662 -0.53114015 -0.35665026 0.000736 1789622460.151948214 0.074 35.531 0.235 0.00000 -1 ACTUAL_TF
0.5449 0.0460852 -1.6844364 0.6735645 -0.43924148 0.63074874 -0.53105720 -0.35665276 0.004159 1789622460.207892418 0.269 35.335 0.885 0.00000 -1 ACTUAL_TF
0.6017 0.0465114 -1.6851390 0.6742548 -0.43925337 0.63076196 -0.53102176 -0.35666751 0.008657 1789622460.263928413 0.665 34.940 1.882 0.00000 -1 ACTUAL_TF
0.6632 0.0468463 -1.6855712 0.6746646 -0.43929083 0.63077379 -0.53098389 -0.35665684 0.009722 1789622460.319889784 0.981 34.624 2.488 0.00000 -1 ACTUAL_TF
0.7122 0.0470255 -1.6858000 0.6748908 -0.43930897 0.63078640 -0.53095849 -0.35665001 0.008776 1789622460.375955820 1.150 34.455 2.815 0.00000 -1 ACTUAL_TF
0.7681 0.0471550 -1.6859589 0.6750491 -0.43931757 0.63079202 -0.53094729 -0.35664615 0.007532 1789622460.431902885 1.273 34.332 3.043 0.00000 -1 ACTUAL_TF
0.8251 0.0472300 -1.6860300 0.6751182 -0.43932548 0.63079579 -0.53093778 -0.35664390 0.005938 1789622460.487910509 1.344 34.260 3.145 0.00000 -1 ACTUAL_TF
0.8844 0.0474133 -1.6860233 0.6751454 -0.43931678 0.63078633 -0.53095102 -0.35665164 0.005150 1789622460.543922186 1.528 34.077 3.164 0.00000 -1 ACTUAL_TF
0.9428 0.0477606 -1.6859330 0.6751505 -0.43929596 0.63076247 -0.53097721 -0.35668049 0.005529 1789622460.599877596 1.879 33.726 3.113 0.00000 -1 ACTUAL_TF
0.9959 0.0482768 -1.6853348 0.6746378 -0.43933081 0.63067822 -0.53099806 -0.35675548 0.008910 1789622460.655946016 2.420 33.185 2.344 0.00000 -1 ACTUAL_TF
1.0532 0.0487898 -1.6844241 0.6737543 -0.43934248 0.63063289 -0.53104609 -0.35674976 0.013573 1789622460.711916447 2.972 32.633 1.091 0.00000 -1 ACTUAL_TF
1.1095 0.0494423 -1.6833440 0.6726884 -0.43931741 0.63061595 -0.53109395 -0.35673934 0.018369 1789622460.767794847 3.670 31.934 0.406 0.00000 -1 ACTUAL_TF
1.1640 0.0500129 -1.6823764 0.6717762 -0.43927603 0.63062834 -0.53111624 -0.35673521 0.020601 1789622460.823866844 4.282 31.323 1.717 0.00000 -1 ACTUAL_TF
1.2193 0.0503641 -1.6818182 0.6712258 -0.43929029 0.63062690 -0.53111339 -0.35672442 0.019020 1789622460.879889488 4.657 30.948 2.490 0.00000 -1 ACTUAL_TF
1.2725 0.0506180 -1.6814018 0.6708221 -0.43927872 0.63063703 -0.53111738 -0.35671484 0.016708 1789622460.935858488 4.928 30.676 3.062 0.00000 -1 ACTUAL_TF
1.3298 0.0507655 -1.6812026 0.6706338 -0.43926653 0.63063803 -0.53112884 -0.35671101 0.013362 1789622460.991890907 5.084 30.520 3.331 0.00000 -1 ACTUAL_TF
1.3852 0.0508664 -1.6810494 0.6704922 -0.43926925 0.63062651 -0.53113969 -0.35671189 0.010587 1789622461.048238039 5.192 30.413 3.536 0.00000 -1 ACTUAL_TF
1.4411 0.0509349 -1.6809980 0.6704430 -0.43926532 0.63062520 -0.53114296 -0.35671417 0.007939 1789622461.104346991 5.262 30.342 3.605 0.00000 -1 ACTUAL_TF
1.4962 0.0510938 -1.6810574 0.6704694 -0.43923084 0.63061954 -0.53117192 -0.35672350 0.006485 1789622461.159865856 5.419 30.186 3.540 0.00000 -1 ACTUAL_TF
1.5523 0.0514413 -1.6813096 0.6706392 -0.43921349 0.63071728 -0.53112446 -0.35664271 0.007019 1789622461.215736151 5.755 29.850 3.232 0.00000 -1 ACTUAL_TF
1.6078 0.0519397 -1.6821006 0.6714916 -0.43919098 0.63067813 -0.53117315 -0.35666716 0.011686 1789622461.271777153 6.219 29.386 2.055 0.00000 -1 ACTUAL_TF
1.6638 0.0525625 -1.6831283 0.6725305 -0.43920501 0.63067574 -0.53115576 -0.35668000 0.016686 1789622461.327805042 6.797 28.808 0.577 0.00000 -1 ACTUAL_TF
1.7196 0.0531553 -1.6840028 0.6734216 -0.43921163 0.63070018 -0.53113836 -0.35665455 0.019074 1789622461.383879900 7.352 28.253 0.693 0.00000 -1 ACTUAL_TF
1.7742 0.0537194 -1.6847881 0.6742173 -0.43924982 0.63072491 -0.53108147 -0.35664850 0.020066 1789622461.439837933 7.881 27.723 1.827 0.00000 -1 ACTUAL_TF
1.8305 0.0540574 -1.6852223 0.6746735 -0.43925178 0.63072632 -0.53108398 -0.35663986 0.017875 1789622461.495841265 8.200 27.404 2.466 0.00000 -1 ACTUAL_TF
1.8872 0.0542910 -1.6855235 0.6749846 -0.43927073 0.63073770 -0.53105730 -0.35663614 0.015148 1789622461.551829815 8.421 27.184 2.906 0.00000 -1 ACTUAL_TF
1.9418 0.0544183 -1.6856884 0.6751644 -0.43926762 0.63073247 -0.53106529 -0.35663731 0.012078 1789622461.607822657 8.541 27.064 3.153 0.00000 -1 ACTUAL_TF
1.9978 0.0545046 -1.6857867 0.6752630 -0.43927340 0.63073354 -0.53106017 -0.35663593 0.009332 1789622461.663831711 8.623 26.982 3.295 0.00000 -1 ACTUAL_TF
2.0528 0.0546522 -1.6857977 0.6753036 -0.43926484 0.63072639 -0.53107105 -0.35664291 0.007354 1789622461.719846964 8.770 26.835 3.336 0.00000 -1 ACTUAL_TF
2.1091 0.0549578 -1.6857434 0.6753230 -0.43923831 0.63071294 -0.53109375 -0.35666556 0.006817 1789622461.775763273 9.077 26.527 3.320 0.00000 -1 ACTUAL_TF
2.1664 0.0554752 -1.6852307 0.6749036 -0.43927904 0.63063722 -0.53110411 -0.35673387 0.009268 1789622461.831839323 9.616 25.988 2.678 0.00000 -1 ACTUAL_TF
2.2214 0.0559733 -1.6843028 0.6739818 -0.43934939 0.63061361 -0.53108588 -0.35671610 0.013986 1789622461.887838364 10.154 25.451 1.386 0.00000 -1 ACTUAL_TF
2.2781 0.0565562 -1.6832469 0.6729366 -0.43927544 0.63060555 -0.53113184 -0.35675298 0.018344 1789622461.943813801 10.782 24.823 0.090 0.00000 -1 ACTUAL_TF
2.3336 0.0571207 -1.6823722 0.6721040 -0.43930009 0.63059112 -0.53115288 -0.35671681 0.019972 1789622461.999893665 11.383 24.221 1.273 0.00000 -1 ACTUAL_TF
2.3978 0.0575286 -1.6816811 0.6714271 -0.43925934 0.63058140 -0.53118406 -0.35673776 0.019611 1789622462.055827856 11.821 23.784 2.227 0.00000 -1 ACTUAL_TF
2.4519 0.0578200 -1.6811913 0.6709507 -0.43925652 0.63058265 -0.53119204 -0.35672714 0.017706 1789622462.111839533 12.133 23.472 2.901 0.00000 -1 ACTUAL_TF
2.5079 0.0579500 -1.6809767 0.6707479 -0.43923726 0.63058730 -0.53120072 -0.35672972 0.014123 1789622462.167824745 12.272 23.333 3.192 0.00000 -1 ACTUAL_TF
2.5652 0.0580583 -1.6808189 0.6705930 -0.43923414 0.63058547 -0.53120601 -0.35672891 0.011206 1789622462.223788261 12.387 23.218 3.409 0.00000 -1 ACTUAL_TF
2.6199 0.0581246 -1.6807355 0.6705139 -0.43923325 0.63059252 -0.53120363 -0.35672109 0.008554 1789622462.279850960 12.457 23.148 3.522 0.00000 -1 ACTUAL_TF
2.6735 0.0582635 -1.6807767 0.6705380 -0.43920190 0.63058533 -0.53123009 -0.35673300 0.006775 1789622462.335833788 12.594 23.011 3.472 0.00000 -1 ACTUAL_TF
2.7272 0.0585075 -1.6809005 0.6705936 -0.43919442 0.63064866 -0.53120025 -0.35667468 0.006237 1789622462.391877890 12.832 22.772 3.337 0.00000 -1 ACTUAL_TF
2.7815 0.0590811 -1.6816927 0.6713733 -0.43918936 0.63067162 -0.53119904 -0.35664211 0.011060 1789622462.447937965 13.371 22.233 2.209 0.00000 -1 ACTUAL_TF
2.8372 0.0595791 -1.6825137 0.6722013 -0.43922027 0.63068942 -0.53115527 -0.35663776 0.014548 1789622462.503818989 13.833 21.771 1.030 0.00000 -1 ACTUAL_TF
2.9024 0.0603099 -1.6836556 0.6734076 -0.43918112 0.63066742 -0.53120550 -0.35665005 0.019915 1789622462.559762955 14.514 21.090 0.655 0.00000 -1 ACTUAL_TF
2.9486 0.0608809 -1.6844805 0.6742695 -0.43918320 0.63067595 -0.53119310 -0.35665089 0.021020 1789622462.615814209 15.049 20.555 1.863 0.00000 -1 ACTUAL_TF
3.0142 0.0612004 -1.6848817 0.6746353 -0.43921464 0.63073515 -0.53112408 -0.35661027 0.018024 1789622462.672911406 15.351 20.253 2.416 0.00000 -1 ACTUAL_TF
3.0679 0.0614416 -1.6852144 0.6749776 -0.43923378 0.63074151 -0.53110029 -0.35661088 0.015533 1789622462.727926016 15.578 20.027 2.900 0.00000 -1 ACTUAL_TF
3.1230 0.0615781 -1.6853837 0.6751441 -0.43925269 0.63075091 -0.53107954 -0.35660186 0.012340 1789622462.783922911 15.707 19.898 3.142 0.00000 -1 ACTUAL_TF
3.1780 0.0616683 -1.6854974 0.6752541 -0.43926660 0.63075052 -0.53106705 -0.35660402 0.009616 1789622462.839824677 15.792 19.812 3.303 0.00000 -1 ACTUAL_TF
3.2317 0.0617466 -1.6855151 0.6752806 -0.43926800 0.63075310 -0.53105866 -0.35661023 0.007184 1789622462.895863056 15.870 19.735 3.336 0.00000 -1 ACTUAL_TF
3.2845 0.0621023 -1.6854423 0.6753000 -0.43925575 0.63073285 -0.53108658 -0.35661955 0.006978 1789622462.951817751 16.228 19.376 3.309 0.00000 -1 ACTUAL_TF
3.3408 0.0625043 -1.6851469 0.6751010 -0.43925721 0.63066398 -0.53111879 -0.35669158 0.007763 1789622463.007801294 16.643 18.962 2.972 0.00000 -1 ACTUAL_TF
3.3967 0.0630099 -1.6841854 0.6741739 -0.43928768 0.63063323 -0.53110841 -0.35672387 0.013049 1789622463.064063549 17.189 18.416 1.653 0.00000 -1 ACTUAL_TF
3.4525 0.0636513 -1.6831212 0.6731643 -0.43924260 0.63057907 -0.53119678 -0.35674354 0.017750 1789622463.119809389 17.876 17.729 0.219 0.00000 -1 ACTUAL_TF
3.5098 0.0642089 -1.6822023 0.6722260 -0.43930638 0.63056877 -0.53117765 -0.35671170 0.020065 1789622463.175837994 18.472 17.132 1.091 0.00000 -1 ACTUAL_TF
3.5650 0.0645962 -1.6814311 0.6714688 -0.43925711 0.63059152 -0.53117570 -0.35673507 0.020184 1789622463.231947184 18.892 16.712 2.159 0.00000 -1 ACTUAL_TF
3.6303 0.0648748 -1.6810040 0.6710509 -0.43926844 0.63059100 -0.53117550 -0.35672232 0.017669 1789622463.287806749 19.189 16.416 2.747 0.00000 -1 ACTUAL_TF
3.6777 0.0650967 -1.6806914 0.6707582 -0.43927271 0.63058665 -0.53118462 -0.35671117 0.014954 1789622463.343766689 19.424 16.180 3.168 0.00000 -1 ACTUAL_TF
3.7354 0.0651758 -1.6805467 0.6706137 -0.43926212 0.63058878 -0.53118821 -0.35671511 0.011641 1789622463.399844646 19.510 16.095 3.370 0.00000 -1 ACTUAL_TF
3.7903 0.0652502 -1.6804406 0.6705113 -0.43926076 0.63059160 -0.53118925 -0.35671025 0.009033 1789622463.455861807 19.588 16.016 3.515 0.00000 -1 ACTUAL_TF
3.8465 0.0653610 -1.6804513 0.6705160 -0.43924345 0.63058533 -0.53120760 -0.35671532 0.006922 1789622463.511681318 19.699 15.906 3.501 0.00000 -1 ACTUAL_TF
3.8998 0.0656087 -1.6805791 0.6705717 -0.43921304 0.63063296 -0.53120203 -0.35667686 0.006366 1789622463.567734718 19.941 15.664 3.364 0.00000 -1 ACTUAL_TF
3.9655 0.0660941 -1.6812397 0.6712151 -0.43920605 0.63066699 -0.53118201 -0.35665510 0.010036 1789622463.623766661 20.397 15.207 2.428 0.00000 -1 ACTUAL_TF
4.0204 0.0666430 -1.6821589 0.6722170 -0.43915527 0.63062932 -0.53125513 -0.35667533 0.014858 1789622463.679925919 20.906 14.699 1.053 0.00000 -1 ACTUAL_TF
4.0738 0.0673043 -1.6831234 0.6731520 -0.43918831 0.63069042 -0.53118735 -0.35662755 0.018443 1789622463.735779524 21.525 14.079 0.313 0.00000 -1 ACTUAL_TF
4.1297 0.0678525 -1.6839168 0.6739796 -0.43917209 0.63070538 -0.53119380 -0.35661149 0.019703 1789622463.791903019 22.039 13.566 1.473 0.00000 -1 ACTUAL_TF
4.1855 0.0682871 -1.6844921 0.6745645 -0.43922207 0.63072405 -0.53113053 -0.35661114 0.018758 1789622463.847987175 22.448 13.156 2.306 0.00000 -1 ACTUAL_TF
4.2432 0.0685410 -1.6848278 0.6749151 -0.43922435 0.63072655 -0.53112958 -0.35660533 0.016069 1789622463.903909445 22.687 12.917 2.799 0.00000 -1 ACTUAL_TF
4.2988 0.0687069 -1.6850517 0.6751287 -0.43924142 0.63073973 -0.53110143 -0.35660291 0.013131 1789622463.959851027 22.844 12.761 3.113 0.00000 -1 ACTUAL_TF
4.3540 0.0688030 -1.6851831 0.6752614 -0.43924473 0.63073754 -0.53109928 -0.35660590 0.010317 1789622464.015840530 22.934 12.671 3.303 0.00000 -1 ACTUAL_TF
4.4086 0.0688853 -1.6852223 0.6753221 -0.43924793 0.63072515 -0.53110379 -0.35661717 0.007808 1789622464.071870804 23.014 12.590 3.376 0.00000 -1 ACTUAL_TF
4.4634 0.0691438 -1.6851800 0.6753454 -0.43922690 0.63071634 -0.53112172 -0.35663194 0.006877 1789622464.127786636 23.274 12.330 3.370 0.00000 -1 ACTUAL_TF
4.5215 0.0695714 -1.6849579 0.6752275 -0.43922405 0.63066947 -0.53114972 -0.35667666 0.007465 1789622464.183912277 23.711 11.893 3.143 0.00000 -1 ACTUAL_TF
4.5764 0.0700594 -1.6840928 0.6743989 -0.43924364 0.63063904 -0.53114423 -0.35671450 0.012161 1789622464.239864349 24.236 11.369 1.962 0.00000 -1 ACTUAL_TF
4.6318 0.0705698 -1.6831502 0.6734338 -0.43927844 0.63061871 -0.53114418 -0.35670767 0.016224 1789622464.295976877 24.786 10.818 0.629 0.00000 -1 ACTUAL_TF
4.6882 0.0712093 -1.6820813 0.6724015 -0.43924394 0.63059256 -0.53119276 -0.35672403 0.020042 1789622464.351858616 25.471 10.133 0.839 0.00000 -1 ACTUAL_TF
4.7472 0.0716938 -1.6812169 0.6715602 -0.43926943 0.63059080 -0.53117527 -0.35672179 0.020906 1789622464.408571482 25.993 9.612 2.029 0.00000 -1 ACTUAL_TF
4.8046 0.0719933 -1.6808062 0.6711936 -0.43924321 0.63055919 -0.53122581 -0.35673469 0.018037 1789622464.463812113 26.310 9.295 2.570 0.00000 -1 ACTUAL_TF
4.8523 0.0721629 -1.6804473 0.6708261 -0.43924052 0.63056468 -0.53121518 -0.35674414 0.015521 1789622464.519864798 26.494 9.110 3.078 0.00000 -1 ACTUAL_TF
4.9093 0.0722520 -1.6802901 0.6706790 -0.43922988 0.63056322 -0.53122169 -0.35675013 0.012113 1789622464.575871706 26.590 9.014 3.290 0.00000 -1 ACTUAL_TF
4.9751 0.0723424 -1.6801792 0.6705769 -0.43922876 0.63055961 -0.53122876 -0.35674737 0.009421 1789622464.631888628 26.685 8.919 3.438 0.00000 -1 ACTUAL_TF
5.0227 0.0724268 -1.6801788 0.6705703 -0.43921348 0.63055717 -0.53123982 -0.35675401 0.007049 1789622464.687827587 26.770 8.835 3.440 0.00000 -1 ACTUAL_TF
5.0781 0.0726532 -1.6802653 0.6705862 -0.43918953 0.63059808 -0.53123339 -0.35672076 0.006235 1789622464.743822336 26.992 8.612 3.361 0.00000 -1 ACTUAL_TF
5.1334 0.0730134 -1.6806369 0.6709070 -0.43920982 0.63065935 -0.53118175 -0.35666435 0.007631 1789622464.799741745 27.336 8.269 2.861 0.00000 -1 ACTUAL_TF
5.1921 0.0736626 -1.6816885 0.6719894 -0.43914999 0.63067616 -0.53122729 -0.35664048 0.014112 1789622464.855938196 27.939 7.665 1.333 0.00000 -1 ACTUAL_TF
5.2475 0.0741750 -1.6825194 0.6728277 -0.43917642 0.63069134 -0.53118411 -0.35664540 0.016786 1789622464.911817551 28.416 7.189 0.146 0.00000 -1 ACTUAL_TF
5.3028 0.0748629 -1.6835235 0.6738672 -0.43916337 0.63069363 -0.53119852 -0.35663597 0.020314 1789622464.967894554 29.060 6.545 1.329 0.00000 -1 ACTUAL_TF
5.3647 0.0753565 -1.6841705 0.6745322 -0.43920368 0.63071840 -0.53114899 -0.35661628 0.019799 1789622465.024401903 29.525 6.080 2.271 0.00000 -1 ACTUAL_TF
5.4122 0.0755889 -1.6844911 0.6748368 -0.43923243 0.63074345 -0.53110079 -0.35660836 0.016563 1789622465.079831123 29.743 5.861 2.720 0.00000 -1 ACTUAL_TF
5.4785 0.0757781 -1.6847378 0.6750873 -0.43925449 0.63074343 -0.53108067 -0.35661119 0.013731 1789622465.135884285 29.922 5.683 3.077 0.00000 -1 ACTUAL_TF
5.5342 0.0758636 -1.6848474 0.6751923 -0.43926751 0.63075490 -0.53105990 -0.35660581 0.010545 1789622465.191866636 30.002 5.602 3.232 0.00000 -1 ACTUAL_TF
5.5898 0.0759494 -1.6849163 0.6752624 -0.43927344 0.63075166 -0.53105657 -0.35660918 0.008080 1789622465.247862816 30.085 5.520 3.333 0.00000 -1 ACTUAL_TF
5.6375 0.0761052 -1.6848930 0.6752797 -0.43925466 0.63075045 -0.53106365 -0.35662390 0.006506 1789622465.303828001 30.242 5.363 3.333 0.00000 -1 ACTUAL_TF
5.6927 0.0766659 -1.6846846 0.6752062 -0.43927105 0.63068580 -0.53111625 -0.35663972 0.007782 1789622465.359839201 30.811 4.794 3.150 0.00000 -1 ACTUAL_TF
5.7580 0.0771754 -1.6838724 0.6744539 -0.43929828 0.63062125 -0.53113306 -0.35669529 0.011974 1789622465.415857315 31.355 4.250 2.061 0.00000 -1 ACTUAL_TF
5.8139 0.0776250 -1.6830180 0.6736133 -0.43924835 0.63060866 -0.53116793 -0.35672711 0.015238 1789622465.471872091 31.841 3.764 0.877 0.00000 -1 ACTUAL_TF
5.8613 0.0782786 -1.6819396 0.6725502 -0.43925355 0.63058294 -0.53121169 -0.35670101 0.019507 1789622465.527839899 32.540 3.064 0.619 0.00000 -1 ACTUAL_TF
5.9262 0.0787173 -1.6811032 0.6717268 -0.43928321 0.63059132 -0.53118210 -0.35669373 0.020361 1789622465.583892107 33.015 2.590 1.778 0.00000 -1 ACTUAL_TF
5.9807 0.0790621 -1.6805455 0.6711824 -0.43924799 0.63059188 -0.53119973 -0.35670988 0.018813 1789622465.639959574 33.383 2.222 2.546 0.00000 -1 ACTUAL_TF
6.0355 0.0792480 -1.6802226 0.6708789 -0.43923934 0.63059649 -0.53120041 -0.35671136 0.015748 1789622465.695859909 33.583 2.022 2.984 0.00000 -1 ACTUAL_TF
6.0914 0.0793982 -1.6799824 0.6706441 -0.43923706 0.63059676 -0.53120657 -0.35670451 0.012993 1789622465.751902342 33.743 1.862 3.315 0.00000 -1 ACTUAL_TF
6.1476 0.0794515 -1.6798839 0.6705477 -0.43922683 0.63060272 -0.53120614 -0.35670721 0.009889 1789622465.807796001 33.801 1.804 3.451 0.00000 -1 ACTUAL_TF
6.2035 0.0795934 -1.6798903 0.6705519 -0.43920244 0.63059570 -0.53122915 -0.35671539 0.007682 1789622465.863898993 33.942 1.663 3.439 0.00000 -1 ACTUAL_TF
6.2614 0.0799157 -1.6801238 0.6706953 -0.43917506 0.63067486 -0.53119755 -0.35665620 0.007647 1789622465.919804335 34.254 1.351 3.163 0.00000 -1 ACTUAL_TF
6.3164 0.0803987 -1.6807968 0.6713903 -0.43914221 0.63064219 -0.53125740 -0.35666528 0.011134 1789622465.975919485 34.708 0.897 2.181 0.00000 -1 ACTUAL_TF
