WELD FEEDBACK LOG
result=completed
started=2026-09-16 11:37:51
ended=2026-09-16 11:37:59
elapsed_seconds=7.701

================ OPERATOR OVERVIEW ================
REQUESTED : 230 A / 26.5 V · FE-SOLID 1.2 mm · LSM · CO2 100%
RX ECHO   : 100 A / 10.0 V · MATCH=NO
CURRENT FB: no positive feedback A
VOLTAGE FB: no positive feedback V
WIRE FEED : no positive feedback m/min
ARC ON    : 0.000 s
NET WELD  : 0.000 s
WIRE USED : 0.000 mm (base 0.000 + alpha 0.000)
WCR       : NOT DETECTED
SAMPLES   : RX 193 / welding 0 / TCP 138
===================================================

[commanded]
current_a=230
voltage_tenths=265
voltage=26.5
material=FE-SOLID
diameter_mm=1.2
mode=LSM
gas=CO2 100%
synergic=False
correction=0.0
hot_start_enabled=True
hot_start_percent=20.0
hot_start_hold_adjustment=-1
crater_enabled=False
crater_percent=26.08695652173913
crater_current_a=60.0
crater_voltage_v=25.0
crater_seconds=1.0
wire_consumable_alpha_mm=0.0
hot_start_current_a=276

[rx_setting_echo]
current_a=100
voltage_v=10.0
hot_start_current_a=0
hot_start_hold_adjustment=-15

[rx_welding_setting_echo]

[execution_conditions]
mode=sequence_execute
run_all=True
touch_io_backend=fastech_ethernet
touch_input_port=4
touch_sensing_output_port=0
fastech_ip=192.168.0.3
fastech_poll_target_hz=100.0
hicomm_source_ip=192.168.1.2
hicomm_welder_ip=192.168.1.10
hicomm_port=60000
gui_velocity_percent=36.95263157894737
gui_speed_mode=scale
gui_tcp_speed_mm_s=10.0
gui_interpolation_step_mm=5.0
seam_orientation_mode=Wait poses + fixed World-XYZ tilt
weld_fixed_tilt_x_deg=0.0
weld_fixed_tilt_y_deg=0.0
weld_fixed_tilt_z_deg=-0.0
weld_weave_enabled=True
weld_weave_pattern=circle
capping_width_mm=5.9
capping_pitch_mm=5.0
capping_left_dwell_s=0.2
capping_right_dwell_s=0.2
weld_weave_amplitude_mm=1.0
weld_weave_cycles=4
weld_weave_samples_per_cycle=8
weld_weave_axis=tool_x
weld_lead_in_mm=1.0
weld_lead_out_mm=7.0
weld_safe_approach_mm=31.0
weld_approach_mode=taught_wait
weld_pre_start_lead_mm=0.0
weld_tcp_speed_mm_s=6.999999999999999
weld_arc_off_delay_ms=500.0
tcp_tracking.parent_frame=World
tcp_tracking.child_frame=right_manipulator_ee_point
tcp_tracking.timestamp_source=TF_header_stamp
initial_fastech_di0=False
initial_fastech_do0=True
robot_connected.left=True
robot_connected.right=True
robot_connected.head=True
hicomm_connected=True
execution_allowed=True
steps[0].sequence_number=1
steps[0].type=named_pose
steps[0].parallel_slot=1
steps[0].duration=0.0
steps[0].planning_group=right_manipulator
steps[0].velocity_scale=0.3695263157894737
steps[0].tcp_speed_m_s=0.0
steps[0].pose_name=weld_start_wait
steps[0].pose_label=3 · Weld start wait pose
steps[0].touch_guard=False
steps[0].continue_after_touch=False
steps[0].weld_scenario_id=weld-9319801135487
steps[0].weld_scenario_stage=start_wait
steps[0].target_tcp.position_m.x=0.03646068728963492
steps[0].target_tcp.position_m.y=-1.6793469233273077
steps[0].target_tcp.position_m.z=0.674417019979207
steps[0].target_tcp.orientation_xyzw.x=-0.4089518530577377
steps[0].target_tcp.orientation_xyzw.y=0.6647824172284327
steps[0].target_tcp.orientation_xyzw.z=-0.5352696108757291
steps[0].target_tcp.orientation_xyzw.w=-0.32296929157043747
steps[0].joint_names[0]=right_manipulator_joint1
steps[0].joint_names[1]=right_manipulator_joint2
steps[0].joint_names[2]=right_manipulator_joint3
steps[0].joint_names[3]=right_manipulator_joint4
steps[0].joint_names[4]=right_manipulator_joint5
steps[0].joint_names[5]=right_manipulator_joint6
steps[0].joint_positions_rad[0]=5.1496113218195765
steps[0].joint_positions_rad[1]=1.3091994723966476
steps[0].joint_positions_rad[2]=1.881715989845849
steps[0].joint_positions_rad[3]=3.5661181082116182
steps[0].joint_positions_rad[4]=1.395569381815389
steps[0].joint_positions_rad[5]=1.5444073298694105
steps[1].sequence_number=2
steps[1].type=motion
steps[1].parallel_slot=2
steps[1].duration=0.0
steps[1].planning_group=right_manipulator
steps[1].velocity_scale=0.3695263157894737
steps[1].tcp_speed_m_s=0.0
steps[1].interpolation_step=0.005
steps[1].path_kind=taught_wait_align_weld_attitude
steps[1].touch_guard=False
steps[1].continue_after_touch=False
steps[1].accept_initial_touch=False
steps[1].weld_scenario_id=weld-9319801135487
steps[1].weld_scenario_stage=start_safe
steps[1].waypoint_count=1
steps[1].waypoints[0].position_m.x=0.03646068728963492
steps[1].waypoints[0].position_m.y=-1.6793469233273077
steps[1].waypoints[0].position_m.z=0.674417019979207
steps[1].waypoints[0].orientation_xyzw.x=-0.408897680755199
steps[1].waypoints[0].orientation_xyzw.y=0.6648271744601588
steps[1].waypoints[0].orientation_xyzw.z=-0.535267728437428
steps[1].waypoints[0].orientation_xyzw.w=-0.32294887159700153
steps[2].sequence_number=3
steps[2].type=motion
steps[2].parallel_slot=3
steps[2].duration=0.0
steps[2].planning_group=right_manipulator
steps[2].velocity_scale=0.3695263157894737
steps[2].tcp_speed_m_s=0.0
steps[2].interpolation_step=0.005
steps[2].path_kind=taught_wait_to_weld_start
steps[2].touch_guard=False
steps[2].continue_after_touch=True
steps[2].accept_initial_touch=False
steps[2].weld_scenario_id=weld-9319801135487
steps[2].weld_scenario_stage=start_contact
steps[2].waypoint_count=1
steps[2].waypoints[0].position_m.x=0.03537976352411753
steps[2].waypoints[0].position_m.y=-1.6814615280262992
steps[2].waypoints[0].position_m.z=0.672323594514783
steps[2].waypoints[0].orientation_xyzw.x=-0.408897680755199
steps[2].waypoints[0].orientation_xyzw.y=0.6648271744601588
steps[2].waypoints[0].orientation_xyzw.z=-0.535267728437428
steps[2].waypoints[0].orientation_xyzw.w=-0.32294887159700153
steps[3].sequence_number=4
steps[3].type=digital_weld
steps[3].parallel_slot=5
steps[3].duration=0.0
steps[3].command=on
steps[3].weld_scenario_id=weld-9319801135487
steps[3].weld_scenario_stage=arc_on
steps[3].settings.current_a=230
steps[3].settings.voltage_tenths=265
steps[3].settings.voltage=26.5
steps[3].settings.material=FE-SOLID
steps[3].settings.diameter_mm=1.2
steps[3].settings.mode=LSM
steps[3].settings.gas=CO2 100%
steps[3].settings.synergic=False
steps[3].settings.correction=0.0
steps[3].settings.hot_start_enabled=True
steps[3].settings.hot_start_percent=20.0
steps[3].settings.hot_start_hold_adjustment=-1
steps[3].settings.crater_enabled=False
steps[3].settings.crater_percent=26.08695652173913
steps[3].settings.crater_current_a=60.0
steps[3].settings.crater_voltage_v=25.0
steps[3].settings.crater_seconds=1.0
steps[3].settings.wire_consumable_alpha_mm=0.0
steps[3].settings.hot_start_current_a=276
steps[4].sequence_number=5
steps[4].type=motion
steps[4].parallel_slot=5
steps[4].duration=0.0
steps[4].planning_group=right_manipulator
steps[4].velocity_scale=0.3695263157894737
steps[4].tcp_speed_m_s=0.006999999999999999
steps[4].interpolation_step=0.005
steps[4].path_kind=continuous_circle_weave_over_taught_goal_fastech_di0_ignored
steps[4].touch_guard=False
steps[4].weld_scenario_id=weld-9319801135487
steps[4].weld_scenario_stage=weld_motion
steps[4].lead_in_mm=1.0
steps[4].lead_out_mm=7.0
steps[4].linear_motion_profile=True
steps[4].capping_width_mm=5.9
steps[4].capping_pitch_mm=5.0
steps[4].capping_left_dwell_s=0.2
steps[4].capping_right_dwell_s=0.2
steps[4].waypoint_count=35
steps[4].waypoints[0].position_m.x=0.03537976352411753
steps[4].waypoints[0].position_m.y=-1.6814615280262992
steps[4].waypoints[0].position_m.z=0.672323594514783
steps[4].waypoints[0].orientation_xyzw.x=-0.408897680755199
steps[4].waypoints[0].orientation_xyzw.y=0.6648271744601588
steps[4].waypoints[0].orientation_xyzw.z=-0.535267728437428
steps[4].waypoints[0].orientation_xyzw.w=-0.32294887159700153
steps[4].waypoints[1].position_m.x=0.036379422551576224
steps[4].waypoints[1].position_m.y=-1.681438083342502
steps[4].waypoints[1].position_m.z=0.6723350912805015
steps[4].waypoints[1].orientation_xyzw.x=-0.40889768075519906
steps[4].waypoints[1].orientation_xyzw.y=0.6648271744601589
steps[4].waypoints[1].orientation_xyzw.z=-0.5352677284374281
steps[4].waypoints[1].orientation_xyzw.w=-0.3229488715970016
steps[4].waypoints[2].position_m.x=0.03736954476264811
steps[4].waypoints[2].position_m.y=-1.6814468309719235
steps[4].waypoints[2].position_m.z=0.67236713868973
steps[4].waypoints[2].orientation_xyzw.x=-0.40889731890153835
steps[4].waypoints[2].orientation_xyzw.y=0.6648255971589616
steps[4].waypoints[2].orientation_xyzw.z=-0.5352695781185572
steps[4].waypoints[2].orientation_xyzw.w=-0.3229495110665837
steps[4].waypoints[3].position_m.x=0.03836235371746129
steps[4].waypoints[3].position_m.y=-1.6815348052879393
steps[4].waypoints[3].position_m.z=0.6723271325283954
steps[4].waypoints[3].orientation_xyzw.x=-0.40889695704524076
steps[4].waypoints[3].orientation_xyzw.y=0.6648240198534768
steps[4].waypoints[3].orientation_xyzw.z=-0.5352714277962346
steps[4].waypoints[3].orientation_xyzw.w=-0.32295015053408316
steps[4].waypoints[4].position_m.x=0.03935516260776185
steps[4].waypoints[4].position_m.y=-1.6815359510274186
steps[4].waypoints[4].position_m.z=0.6721100675245417
steps[4].waypoints[4].orientation_xyzw.x=-0.4088965951863061
steps[4].waypoints[4].orientation_xyzw.y=0.6648224425437045
steps[4].waypoints[4].orientation_xyzw.z=-0.5352732774704597
steps[4].waypoints[4].orientation_xyzw.w=-0.3229507899994999
steps[4].waypoints[5].position_m.x=0.0403410238392952
steps[4].waypoints[5].position_m.y=-1.6812402529483668
steps[4].waypoints[5].position_m.z=0.6718917743790833
steps[4].waypoints[5].orientation_xyzw.x=-0.4088962333247344
steps[4].waypoints[5].orientation_xyzw.y=0.6648208652296443
steps[4].waypoints[5].orientation_xyzw.z=-0.5352751271412335
steps[4].waypoints[5].orientation_xyzw.w=-0.322951429462834
steps[4].waypoints[6].position_m.x=0.04131817847525287
steps[4].waypoints[6].position_m.y=-1.6807415709371927
steps[4].waypoints[6].position_m.z=0.672016597972515
steps[4].waypoints[6].orientation_xyzw.x=-0.4088958714605256
steps[4].waypoints[6].orientation_xyzw.y=0.6648192879112961
steps[4].waypoints[6].orientation_xyzw.z=-0.5352769768085558
steps[4].waypoints[6].orientation_xyzw.w=-0.3229520689240857
steps[4].waypoints[7].position_m.x=0.04229545975726175
steps[4].waypoints[7].position_m.y=-1.680464545278989
steps[4].waypoints[7].position_m.z=0.6725824203966434
steps[4].waypoints[7].orientation_xyzw.x=-0.40889550959367976
steps[4].waypoints[7].orientation_xyzw.y=0.6648177105886605
steps[4].waypoints[7].orientation_xyzw.z=-0.5352788264724261
steps[4].waypoints[7].orientation_xyzw.w=-0.32295270838325457
steps[4].waypoints[8].position_m.x=0.043285163832534695
steps[4].waypoints[8].position_m.y=-1.6807536058778636
steps[4].waypoints[8].position_m.z=0.6732224511579165
steps[4].waypoints[8].orientation_xyzw.x=-0.40889514772419694
steps[4].waypoints[8].orientation_xyzw.y=0.6648161332617373
steps[4].waypoints[8].orientation_xyzw.z=-0.5352806761328444
steps[4].waypoints[8].orientation_xyzw.w=-0.32295334784034074
steps[4].waypoints[9].position_m.x=0.04428998623137694
steps[4].waypoints[9].position_m.y=-1.6814623833720035
steps[4].waypoints[9].position_m.z=0.6734038278184367
steps[4].waypoints[9].orientation_xyzw.x=-0.40889478585207695
steps[4].waypoints[9].orientation_xyzw.y=0.6648145559305262
steps[4].waypoints[9].orientation_xyzw.z=-0.5352825257898112
steps[4].waypoints[9].orientation_xyzw.w=-0.32295398729534436
steps[4].waypoints[10].position_m.x=0.045299362488299175
steps[4].waypoints[10].position_m.y=-1.6820688173591392
steps[4].waypoints[10].position_m.z=0.6729805373342906
steps[4].waypoints[10].orientation_xyzw.x=-0.40889442397732007
steps[4].waypoints[10].orientation_xyzw.y=0.6648129785950276
steps[4].waypoints[10].orientation_xyzw.z=-0.5352843754433261
steps[4].waypoints[10].orientation_xyzw.w=-0.3229546267482653
steps[4].waypoints[11].position_m.x=0.04630086223684308
steps[4].waypoints[11].position_m.y=-1.6821834211745648
steps[4].waypoints[11].position_m.z=0.6722391591164308
steps[4].waypoints[11].orientation_xyzw.x=-0.4088940620999261
steps[4].waypoints[11].orientation_xyzw.y=0.6648114012552417
steps[4].waypoints[11].orientation_xyzw.z=-0.5352862250933887
steps[4].waypoints[11].orientation_xyzw.w=-0.3229552661991035
steps[4].waypoints[12].position_m.x=0.04728752093913152
steps[4].waypoints[12].position_m.y=-1.6817254667520227
steps[4].waypoints[12].position_m.z=0.6716206449332196
steps[4].waypoints[12].orientation_xyzw.x=-0.4088937002198952
steps[4].waypoints[12].orientation_xyzw.y=0.6648098239111682
steps[4].waypoints[12].orientation_xyzw.z=-0.5352880747399996
steps[4].waypoints[12].orientation_xyzw.w=-0.3229559056478589
steps[4].waypoints[13].position_m.x=0.04826106765239508
steps[4].waypoints[13].position_m.y=-1.680949619461192
steps[4].waypoints[13].position_m.z=0.6714939752005855
steps[4].waypoints[13].orientation_xyzw.x=-0.4088933383372272
steps[4].waypoints[13].orientation_xyzw.y=0.6648082465628069
steps[4].waypoints[13].orientation_xyzw.z=-0.5352899243831586
steps[4].waypoints[13].orientation_xyzw.w=-0.32295654509453176
steps[4].waypoints[14].position_m.x=0.04923091218100831
steps[4].waypoints[14].position_m.y=-1.6802967601067675
steps[4].waypoints[14].position_m.z=0.6719400174591449
steps[4].waypoints[14].orientation_xyzw.x=-0.4088929764519222
steps[4].waypoints[14].orientation_xyzw.y=0.6648066692101583
steps[4].waypoints[14].orientation_xyzw.z=-0.5352917740228655
steps[4].waypoints[14].orientation_xyzw.w=-0.32295718453912176
steps[4].waypoints[15].position_m.x=0.05020863299682447
steps[4].waypoints[15].position_m.y=-1.6801357255617797
steps[4].waypoints[15].position_m.z=0.6727041557479393
steps[4].waypoints[15].orientation_xyzw.x=-0.4088926145639803
steps[4].waypoints[15].orientation_xyzw.y=0.6648050918532223
steps[4].waypoints[15].orientation_xyzw.z=-0.5352936236591203
steps[4].waypoints[15].orientation_xyzw.w=-0.32295782398162903
steps[4].waypoints[16].position_m.x=0.05120119479644699
steps[4].waypoints[16].position_m.y=-1.680547251329343
steps[4].waypoints[16].position_m.z=0.6733454396626942
steps[4].waypoints[16].orientation_xyzw.x=-0.40889225267340146
steps[4].waypoints[16].orientation_xyzw.y=0.6648035144919989
steps[4].waypoints[16].orientation_xyzw.z=-0.5352954732919231
steps[4].waypoints[16].orientation_xyzw.w=-0.3229584634220536
steps[4].waypoints[17].position_m.x=0.05220686871795312
steps[4].waypoints[17].position_m.y=-1.6812766782613842
steps[4].waypoints[17].position_m.z=0.6734948844925718
steps[4].waypoints[17].orientation_xyzw.x=-0.4088918907801855
steps[4].waypoints[17].orientation_xyzw.y=0.664801937126488
steps[4].waypoints[17].orientation_xyzw.z=-0.5352973229212737
steps[4].waypoints[17].orientation_xyzw.w=-0.3229591028603953
steps[4].waypoints[18].position_m.x=0.05321624507444994
steps[4].waypoints[18].position_m.y=-1.6818831269150691
steps[4].waypoints[18].position_m.z=0.6730716152589258
steps[4].waypoints[18].orientation_xyzw.x=-0.4088915288843326
steps[4].waypoints[18].orientation_xyzw.y=0.66480035975669
steps[4].waypoints[18].orientation_xyzw.z=-0.5352991725471721
steps[4].waypoints[18].orientation_xyzw.w=-0.3229597422966543
steps[4].waypoints[19].position_m.x=0.054217745364921334
steps[4].waypoints[19].position_m.y=-1.6819977561217299
steps[4].waypoints[19].position_m.z=0.6723302416986146
steps[4].waypoints[19].orientation_xyzw.x=-0.4088911669858429
steps[4].waypoints[19].orientation_xyzw.y=0.6647987823826045
steps[4].waypoints[19].orientation_xyzw.z=-0.5353010221696183
steps[4].waypoints[19].orientation_xyzw.w=-0.3229603817308304
steps[4].waypoints[20].position_m.x=0.05520440473403969
steps[4].waypoints[20].position_m.y=-1.681539822941419
steps[4].waypoints[20].position_m.z=0.6717117128517011
steps[4].waypoints[20].orientation_xyzw.x=-0.4088908050847161
steps[4].waypoints[20].orientation_xyzw.y=0.6647972050042318
steps[4].waypoints[20].orientation_xyzw.z=-0.5353028717886124
steps[4].waypoints[20].orientation_xyzw.w=-0.3229610211629238
steps[4].waypoints[21].position_m.x=0.05617795184841962
steps[4].waypoints[21].position_m.y=-1.6807639803005323
steps[4].waypoints[21].position_m.z=0.6715850177238255
steps[4].waypoints[21].orientation_xyzw.x=-0.40889044318095236
steps[4].waypoints[21].orientation_xyzw.y=0.6647956276215718
steps[4].waypoints[21].orientation_xyzw.z=-0.5353047214041541
steps[4].waypoints[21].orientation_xyzw.w=-0.3229616605929344
steps[4].waypoints[22].position_m.x=0.057147796277469576
steps[4].waypoints[22].position_m.y=-1.6801111062799192
steps[4].waypoints[22].position_m.z=0.6720310387316409
steps[4].waypoints[22].orientation_xyzw.x=-0.4088900812745517
steps[4].waypoints[22].orientation_xyzw.y=0.6647940502346246
steps[4].waypoints[22].orientation_xyzw.z=-0.5353065710162437
steps[4].waypoints[22].orientation_xyzw.w=-0.3229623000208622
steps[4].waypoints[23].position_m.x=0.05812551655136508
steps[4].waypoints[23].position_m.y=-1.679950046343779
steps[4].waypoints[23].position_m.z=0.6727951723624592
steps[4].waypoints[23].orientation_xyzw.x=-0.40888971936551405
steps[4].waypoints[23].orientation_xyzw.y=0.6647924728433903
steps[4].waypoints[23].orientation_xyzw.z=-0.5353084206248807
steps[4].waypoints[23].orientation_xyzw.w=-0.322962939446707
steps[4].waypoints[24].position_m.x=0.05911807768415617
steps[4].waypoints[24].position_m.y=-1.680361550868867
steps[4].waypoints[24].position_m.z=0.6734364709405555
steps[4].waypoints[24].orientation_xyzw.x=-0.4088893574538396
steps[4].waypoints[24].orientation_xyzw.y=0.6647908954478686
steps[4].waypoints[24].orientation_xyzw.z=-0.5353102702300654
steps[4].waypoints[24].orientation_xyzw.w=-0.322963578870469
steps[4].waypoints[25].position_m.x=0.06012375120453681
steps[4].waypoints[25].position_m.y=-1.6810909731505372
steps[4].waypoints[25].position_m.z=0.6735859411655917
steps[4].waypoints[25].orientation_xyzw.x=-0.4088889955395281
steps[4].waypoints[25].orientation_xyzw.y=0.6647893180480599
steps[4].waypoints[25].orientation_xyzw.z=-0.5353121198317978
steps[4].waypoints[25].orientation_xyzw.w=-0.3229642182921482
steps[4].waypoints[26].position_m.x=0.06113261595340025
steps[4].waypoints[26].position_m.y=-1.681665481914129
steps[4].waypoints[26].position_m.z=0.6731420237391976
steps[4].waypoints[26].orientation_xyzw.x=-0.4088886336225797
steps[4].waypoints[26].orientation_xyzw.y=0.6647877406439638
steps[4].waypoints[26].orientation_xyzw.z=-0.5353139694300778
steps[4].waypoints[26].orientation_xyzw.w=-0.32296485771174455
steps[4].waypoints[27].position_m.x=0.062130918256089164
steps[4].waypoints[27].position_m.y=-1.6816689479766358
steps[4].waypoints[27].position_m.z=0.6724520309416483
steps[4].waypoints[27].orientation_xyzw.x=-0.40888827170299447
steps[4].waypoints[27].orientation_xyzw.y=0.6647861632355813
steps[4].waypoints[27].orientation_xyzw.z=-0.5353158190249049
steps[4].waypoints[27].orientation_xyzw.w=-0.3229654971292578
steps[4].waypoints[28].position_m.x=0.06311437930569731
steps[4].waypoints[28].position_m.y=-1.6811866581660622
steps[4].waypoints[28].position_m.z=0.6720619311625683
steps[4].waypoints[28].orientation_xyzw.x=-0.40888790978077233
steps[4].waypoints[28].orientation_xyzw.y=0.6647845858229113
steps[4].waypoints[28].orientation_xyzw.z=-0.5353176686162796
steps[4].waypoints[28].orientation_xyzw.w=-0.3229661365446883
steps[4].waypoints[29].position_m.x=0.06409167514528537
steps[4].waypoints[29].position_m.y=-1.6806832860038325
steps[4].waypoints[29].position_m.z=0.6721649125615562
steps[4].waypoints[29].orientation_xyzw.x=-0.40888754785591325
steps[4].waypoints[29].orientation_xyzw.y=0.6647830084059542
steps[4].waypoints[29].orientation_xyzw.z=-0.5353195182042022
steps[4].waypoints[29].orientation_xyzw.w=-0.32296677595803597
steps[4].waypoints[30].position_m.x=0.06507397497236429
steps[4].waypoints[30].position_m.y=-1.6805058818015077
steps[4].waypoints[30].position_m.z=0.6724975180604115
steps[4].waypoints[30].orientation_xyzw.x=-0.4088871859284173
steps[4].waypoints[30].orientation_xyzw.y=0.6647814309847103
steps[4].waypoints[30].orientation_xyzw.z=-0.5353213677886718
steps[4].waypoints[30].orientation_xyzw.w=-0.3229674153693005
steps[4].waypoints[31].position_m.x=0.06606402486019454
steps[4].waypoints[31].position_m.y=-1.680598669224008
steps[4].waypoints[31].position_m.z=0.6727072315199464
steps[4].waypoints[31].orientation_xyzw.x=-0.4088868239982845
steps[4].waypoints[31].orientation_xyzw.y=0.6647798535591796
steps[4].waypoints[31].orientation_xyzw.z=-0.5353232173696887
steps[4].waypoints[31].orientation_xyzw.w=-0.3229680547784821
steps[4].waypoints[32].position_m.x=0.06705649352355961
steps[4].waypoints[32].position_m.y=-1.680697946495117
steps[4].waypoints[32].position_m.z=0.6727198636084493
steps[4].waypoints[32].orientation_xyzw.x=-0.4088864620655149
steps[4].waypoints[32].orientation_xyzw.y=0.6647782761293618
steps[4].waypoints[32].orientation_xyzw.z=-0.5353250669472531
steps[4].waypoints[32].orientation_xyzw.w=-0.3229686941855809
steps[4].waypoints[33].position_m.x=0.06804695591678517
steps[4].waypoints[33].position_m.y=-1.680695394799716
steps[4].waypoints[33].position_m.z=0.6726992896741364
steps[4].waypoints[33].orientation_xyzw.x=-0.40888610013010823
steps[4].waypoints[33].orientation_xyzw.y=0.6647766986952567
steps[4].waypoints[33].orientation_xyzw.z=-0.5353269165213653
steps[4].waypoints[33].orientation_xyzw.w=-0.3229693335905968
steps[4].waypoints[34].position_m.x=0.07504456910899603
steps[4].waypoints[34].position_m.y=-1.6805312820131353
steps[4].waypoints[34].position_m.z=0.672779767034166
steps[4].waypoints[34].orientation_xyzw.x=-0.40888610013010823
steps[4].waypoints[34].orientation_xyzw.y=0.6647766986952567
steps[4].waypoints[34].orientation_xyzw.z=-0.5353269165213653
steps[4].waypoints[34].orientation_xyzw.w=-0.3229693335905968
steps[4].lead_start.position_m.x=0.03537976352411753
steps[4].lead_start.position_m.y=-1.6814615280262992
steps[4].lead_start.position_m.z=0.672323594514783
steps[4].lead_start.orientation_xyzw.x=-0.408897680755199
steps[4].lead_start.orientation_xyzw.y=0.6648271744601588
steps[4].lead_start.orientation_xyzw.z=-0.535267728437428
steps[4].lead_start.orientation_xyzw.w=-0.32294887159700153
steps[4].usable_seam_start.position_m.x=0.036379422551576224
steps[4].usable_seam_start.position_m.y=-1.681438083342502
steps[4].usable_seam_start.position_m.z=0.6723350912805015
steps[4].usable_seam_start.orientation_xyzw.x=-0.408897680755199
steps[4].usable_seam_start.orientation_xyzw.y=0.6648271744601588
steps[4].usable_seam_start.orientation_xyzw.z=-0.535267728437428
steps[4].usable_seam_start.orientation_xyzw.w=-0.32294887159700153
steps[4].usable_seam_goal.position_m.x=0.06804695591678517
steps[4].usable_seam_goal.position_m.y=-1.680695394799716
steps[4].usable_seam_goal.position_m.z=0.6726992896741364
steps[4].usable_seam_goal.orientation_xyzw.x=-0.40888610013010823
steps[4].usable_seam_goal.orientation_xyzw.y=0.6647766986952567
steps[4].usable_seam_goal.orientation_xyzw.z=-0.5353269165213653
steps[4].usable_seam_goal.orientation_xyzw.w=-0.3229693335905968
steps[4].lead_end.position_m.x=0.07504456910899603
steps[4].lead_end.position_m.y=-1.6805312820131353
steps[4].lead_end.position_m.z=0.672779767034166
steps[4].lead_end.orientation_xyzw.x=-0.40888610013010823
steps[4].lead_end.orientation_xyzw.y=0.6647766986952567
steps[4].lead_end.orientation_xyzw.z=-0.5353269165213653
steps[4].lead_end.orientation_xyzw.w=-0.3229693335905968
steps[5].sequence_number=6
steps[5].type=digital_weld
steps[5].parallel_slot=5
steps[5].duration=0.0
steps[5].velocity_scale=0.3695263157894737
steps[5].tcp_speed_m_s=0.006999999999999999
steps[5].command=off
steps[5].weld_scenario_id=weld-9319801135487
steps[5].weld_scenario_stage=arc_off
steps[5].path_to_seam_speed_factor=0.8429371652222003
steps[5].trigger_before_goal=True
steps[5].arc_off_delay_s=0.5
steps[5].settings.current_a=230
steps[5].settings.voltage_tenths=265
steps[5].settings.voltage=26.5
steps[5].settings.material=FE-SOLID
steps[5].settings.diameter_mm=1.2
steps[5].settings.mode=LSM
steps[5].settings.gas=CO2 100%
steps[5].settings.synergic=False
steps[5].settings.correction=0.0
steps[5].settings.hot_start_enabled=True
steps[5].settings.hot_start_percent=20.0
steps[5].settings.hot_start_hold_adjustment=-1
steps[5].settings.crater_enabled=False
steps[5].settings.crater_percent=26.08695652173913
steps[5].settings.crater_current_a=60.0
steps[5].settings.crater_voltage_v=25.0
steps[5].settings.crater_seconds=1.0
steps[5].settings.wire_consumable_alpha_mm=0.0
steps[5].settings.hot_start_current_a=276
steps[6].sequence_number=7
steps[6].type=motion
steps[6].parallel_slot=6
steps[6].duration=0.0
steps[6].planning_group=right_manipulator
steps[6].velocity_scale=0.3695263157894737
steps[6].tcp_speed_m_s=0.0
steps[6].interpolation_step=0.005
steps[6].path_kind=weld_end_to_taught_wait_fixed_attitude
steps[6].pose_name=weld_goal_wait
steps[6].pose_label=5 · Weld goal wait pose
steps[6].touch_guard=False
steps[6].continue_after_touch=False
steps[6].weld_scenario_id=weld-9319801135487
steps[6].weld_scenario_stage=goal_wait
steps[6].waypoint_count=1
steps[6].waypoints[0].position_m.x=0.06802650600792787
steps[6].waypoints[0].position_m.y=-1.6775811340754863
steps[6].waypoints[0].position_m.z=0.6749988857401974
steps[6].waypoints[0].orientation_xyzw.x=-0.40888610013010823
steps[6].waypoints[0].orientation_xyzw.y=0.6647766986952567
steps[6].waypoints[0].orientation_xyzw.z=-0.5353269165213653
steps[6].waypoints[0].orientation_xyzw.w=-0.3229693335905968
steps[7].sequence_number=8
steps[7].type=named_pose
steps[7].parallel_slot=7
steps[7].duration=0.0
steps[7].planning_group=right_manipulator
steps[7].velocity_scale=0.3695263157894737
steps[7].tcp_speed_m_s=0.0
steps[7].pose_name=weld_finish
steps[7].pose_label=7 · Weld end pose
steps[7].touch_guard=False
steps[7].continue_after_touch=False
steps[7].weld_scenario_id=weld-9319801135487
steps[7].weld_scenario_stage=finish
steps[7].target_tcp.position_m.x=0.06798797733801742
steps[7].target_tcp.position_m.y=-1.6434697522598045
steps[7].target_tcp.position_m.z=0.706858520636326
steps[7].target_tcp.orientation_xyzw.x=-0.40891577982432076
steps[7].target_tcp.orientation_xyzw.y=0.664770641451258
steps[7].target_tcp.orientation_xyzw.z=-0.535297108084459
steps[7].target_tcp.orientation_xyzw.w=-0.32299363051237706
steps[7].joint_names[0]=right_manipulator_joint1
steps[7].joint_names[1]=right_manipulator_joint2
steps[7].joint_names[2]=right_manipulator_joint3
steps[7].joint_names[3]=right_manipulator_joint4
steps[7].joint_names[4]=right_manipulator_joint5
steps[7].joint_names[5]=right_manipulator_joint6
steps[7].joint_positions_rad[0]=5.204952341903641
steps[7].joint_positions_rad[1]=1.2719282666248797
steps[7].joint_positions_rad[2]=1.9331498862946583
steps[7].joint_positions_rad[3]=3.619875612711522
steps[7].joint_positions_rad[4]=1.4070400161045238
steps[7].joint_positions_rad[5]=1.5535429045147637
steps[8].sequence_number=9
steps[8].type=digital_output
steps[8].parallel_slot=8
steps[8].duration=0.0
steps[8].port=0
steps[8].value=True
steps[8].weld_scenario_id=weld-9319801135487
steps[8].weld_scenario_stage=touch_output_on
hicomm_cyclic_period_ms=40.0
arc_wait_recognition=True
arc_wait_main_welding=True
arc_wait_established=True
arc_establishment_timeout_s=5.0

[summary]
rx_samples=193
welding_samples=0
wcr_seen=0
current_a.min=None
current_a.average=None
current_a.max=None
voltage_v.min=None
voltage_v.average=None
voltage_v.max=None
wire_feed_m_min.min=None
wire_feed_m_min.average=None
wire_feed_m_min.max=None

[production_metrics]
arc_started_elapsed_s=None
arc_completed_elapsed_s=None
arc_on_time_s=0.0
main_weld_arc_time_s=0.0
crater_arc_time_s=0.0
weld_motion_start_elapsed_s=0.011926388999199844
weld_motion_complete_elapsed_s=7.696093560998634
weld_motion_duration_s=7.684167171999434
net_weld_arc_time_s=0.0
wire_feed_average_m_min=0.0
wire_consumable_base_mm=0.0
wire_consumable_alpha_mm=0.0
wire_consumable_mm=0.0
wire_consumable_formula=integral(WFS*1000/60*dt)+alpha
weld_motion_start_unix_time=1789526271.6710436
weld_motion_start_wall_time=2026-09-16 11:37:51.671
weld_motion_complete_unix_time=1789526279.3552098
weld_motion_complete_wall_time=2026-09-16 11:37:59.355

[arc_off_control]

[teaching_snapshot_yaml]
robot_start:
  planning_group: right_manipulator
  joint_state:
    names:
    - right_manipulator_joint1
    - right_manipulator_joint2
    - right_manipulator_joint3
    - right_manipulator_joint4
    - right_manipulator_joint5
    - right_manipulator_joint6
    positions_rad:
    - 5.272090632984539
    - 1.1319069796756747
    - 2.106417676818249
    - 3.6901007738119302
    - 1.4686233526256796
    - 1.4680081624138712
  tcp_pose_world:
    position_m:
      x: 0.0593687026100857
      y: -1.566580876666292
      z: 0.8404797210507349
    orientation_xyzw:
      x: -0.435964943840794
      y: 0.633785310019272
      z: -0.5278153609885844
      w: -0.36008567487496485
weld_wait:
  planning_group: right_manipulator
  joint_state:
    names:
    - right_manipulator_joint1
    - right_manipulator_joint2
    - right_manipulator_joint3
    - right_manipulator_joint4
    - right_manipulator_joint5
    - right_manipulator_joint6
    positions_rad:
    - 5.162270391745159
    - 1.2839001078311674
    - 1.9253509522004157
    - 3.57737608908771
    - 1.4121090769233806
    - 1.5529732543575958
  tcp_pose_world:
    position_m:
      x: 0.036424554825288225
      y: -1.6556979706260309
      z: 0.6969945192387215
    orientation_xyzw:
      x: -0.40887151131936966
      y: 0.664764445724758
      z: -0.5353485269301721
      w: -0.32297720298089877
weld_start_wait:
  planning_group: right_manipulator
  joint_state:
    names:
    - right_manipulator_joint1
    - right_manipulator_joint2
    - right_manipulator_joint3
    - right_manipulator_joint4
    - right_manipulator_joint5
    - right_manipulator_joint6
    positions_rad:
    - 5.1496113218195765
    - 1.3091994723966476
    - 1.881715989845849
    - 3.5661181082116182
    - 1.395569381815389
    - 1.5444073298694105
  tcp_pose_world:
    position_m:
      x: 0.03646068728963492
      y: -1.6793469233273077
      z: 0.674417019979207
    orientation_xyzw:
      x: -0.4089518530577377
      y: 0.6647824172284327
      z: -0.5352696108757291
      w: -0.32296929157043747
weld_start:
  planning_group: right_manipulator
  joint_state:
    names:
    - right_manipulator_joint1
    - right_manipulator_joint2
    - right_manipulator_joint3
    - right_manipulator_joint4
    - right_manipulator_joint5
    - right_manipulator_joint6
    positions_rad:
    - 5.148442194101031
    - 1.3115383936240097
    - 1.8777747777486407
    - 3.565134602821052
    - 1.3940999826839378
    - 1.5438035912502894
  tcp_pose_world:
    position_m:
      x: 0.036379422551576224
      y: -1.681438083342502
      z: 0.6723350912805015
    orientation_xyzw:
      x: -0.408897680755199
      y: 0.6648271744601588
      z: -0.535267728437428
      w: -0.32294887159700153
weld_goal_wait:
  planning_group: right_manipulator
  joint_state:
    names:
    - right_manipulator_joint1
    - right_manipulator_joint2
    - right_manipulator_joint3
    - right_manipulator_joint4
    - right_manipulator_joint5
    - right_manipulator_joint6
    positions_rad:
    - 5.185303006748819
    - 1.3080717568330535
    - 1.871380661129415
    - 3.602428711778195
    - 1.3846910345526877
    - 1.5410165931695214
  tcp_pose_world:
    position_m:
      x: 0.06802650600792787
      y: -1.6775811340754863
      z: 0.6749988857401974
    orientation_xyzw:
      x: -0.408866812683109
      y: 0.6647818136335141
      z: -0.5353433898332236
      w: -0.3229559175961395
weld_end:
  planning_group: right_manipulator
  joint_state:
    names:
    - right_manipulator_joint1
    - right_manipulator_joint2
    - right_manipulator_joint3
    - right_manipulator_joint4
    - right_manipulator_joint5
    - right_manipulator_joint6
    positions_rad:
    - 5.183613497353273
    - 1.3106612815189922
    - 1.866182570155744
    - 3.6009780879324285
    - 1.3823597033344324
    - 1.539721764247525
  tcp_pose_world:
    position_m:
      x: 0.06804695591678517
      y: -1.680695394799716
      z: 0.6726992896741364
    orientation_xyzw:
      x: -0.40888610013010823
      y: 0.6647766986952567
      z: -0.5353269165213653
      w: -0.3229693335905968
weld_finish:
  planning_group: right_manipulator
  joint_state:
    names:
    - right_manipulator_joint1
    - right_manipulator_joint2
    - right_manipulator_joint3
    - right_manipulator_joint4
    - right_manipulator_joint5
    - right_manipulator_joint6
    positions_rad:
    - 5.204952341903641
    - 1.2719282666248797
    - 1.9331498862946583
    - 3.619875612711522
    - 1.4070400161045238
    - 1.5535429045147637
  tcp_pose_world:
    position_m:
      x: 0.06798797733801742
      y: -1.6434697522598045
      z: 0.706858520636326
    orientation_xyzw:
      x: -0.40891577982432076
      y: 0.664770641451258
      z: -0.535297108084459
      w: -0.32299363051237706

[touch_snapshot_yaml]
{}

[samples]
elapsed_s raw0 state arc gas fwd wcr current_a voltage_v wire_feed_m_min set_current_a set_voltage_v error db collision
0.009 0x00 idle 0 0 0 0 0 0.0 0.0 100 10.0 0 0 0
0.042 0x00 idle 0 0 0 0 0 0.0 0.0 100 10.0 0 0 0
0.080 0x00 idle 0 0 0 0 0 0.0 0.0 100 10.0 0 0 0
0.123 0x00 idle 0 0 0 0 0 0.0 0.0 100 10.0 0 0 0
0.160 0x00 idle 0 0 0 0 0 0.0 0.0 100 10.0 0 0 0
0.198 0x00 idle 0 0 0 0 0 0.0 0.0 100 10.0 0 0 0
0.241 0x00 idle 0 0 0 0 0 0.0 0.0 100 10.0 0 0 0
0.280 0x00 idle 0 0 0 0 0 0.0 0.0 100 10.0 0 0 0
0.322 0x00 idle 0 0 0 0 0 0.0 0.0 100 10.0 0 0 0
0.360 0x00 idle 0 0 0 0 0 0.0 0.0 100 10.0 0 0 0
0.402 0x00 idle 0 0 0 0 0 0.0 0.0 100 10.0 0 0 0
0.440 0x00 idle 0 0 0 0 0 0.0 0.0 100 10.0 0 0 0
0.479 0x00 idle 0 0 0 0 0 0.0 0.0 100 10.0 0 0 0
0.520 0x00 idle 0 0 0 0 0 0.0 0.0 100 10.0 0 0 0
0.558 0x00 idle 0 0 0 0 0 0.0 0.0 100 10.0 0 0 0
0.602 0x00 idle 0 0 0 0 0 0.0 0.0 100 10.0 0 0 0
0.641 0x00 idle 0 0 0 0 0 0.0 0.0 100 10.0 0 0 0
0.679 0x00 idle 0 0 0 0 0 0.0 0.0 100 10.0 0 0 0
0.725 0x00 idle 0 0 0 0 0 0.0 0.0 100 10.0 0 0 0
0.762 0x00 idle 0 0 0 0 0 0.0 0.0 100 10.0 0 0 0
0.800 0x00 idle 0 0 0 0 0 0.0 0.0 100 10.0 0 0 0
0.841 0x00 idle 0 0 0 0 0 0.0 0.0 100 10.0 0 0 0
0.881 0x00 idle 0 0 0 0 0 0.0 0.0 100 10.0 0 0 0
0.922 0x00 idle 0 0 0 0 0 0.0 0.0 100 10.0 0 0 0
0.962 0x00 idle 0 0 0 0 0 0.0 0.0 100 10.0 0 0 0
1.001 0x00 idle 0 0 0 0 0 0.0 0.0 100 10.0 0 0 0
1.043 0x00 idle 0 0 0 0 0 0.0 0.0 100 10.0 0 0 0
1.085 0x00 idle 0 0 0 0 0 0.0 0.0 100 10.0 0 0 0
1.126 0x00 idle 0 0 0 0 0 0.0 0.0 100 10.0 0 0 0
1.170 0x00 idle 0 0 0 0 0 0.0 0.0 100 10.0 0 0 0
1.205 0x00 idle 0 0 0 0 0 0.0 0.0 100 10.0 0 0 0
1.245 0x00 idle 0 0 0 0 0 0.0 0.0 100 10.0 0 0 0
1.285 0x00 idle 0 0 0 0 0 0.0 0.0 100 10.0 0 0 0
1.319 0x00 idle 0 0 0 0 0 0.0 0.0 100 10.0 0 0 0
1.373 0x00 idle 0 0 0 0 0 0.0 0.0 100 10.0 0 0 0
1.405 0x00 idle 0 0 0 0 0 0.0 0.0 100 10.0 0 0 0
1.438 0x00 idle 0 0 0 0 0 0.0 0.0 100 10.0 0 0 0
1.481 0x00 idle 0 0 0 0 0 0.0 0.0 100 10.0 0 0 0
1.521 0x00 idle 0 0 0 0 0 0.0 0.0 100 10.0 0 0 0
1.565 0x00 idle 0 0 0 0 0 0.0 0.0 100 10.0 0 0 0
1.601 0x00 idle 0 0 0 0 0 0.0 0.0 100 10.0 0 0 0
1.645 0x00 idle 0 0 0 0 0 0.0 0.0 100 10.0 0 0 0
1.680 0x00 idle 0 0 0 0 0 0.0 0.0 100 10.0 0 0 0
1.720 0x00 idle 0 0 0 0 0 0.0 0.0 100 10.0 0 0 0
1.767 0x00 idle 0 0 0 0 0 0.0 0.0 100 10.0 0 0 0
1.800 0x00 idle 0 0 0 0 0 0.0 0.0 100 10.0 0 0 0
1.842 0x00 idle 0 0 0 0 0 0.0 0.0 100 10.0 0 0 0
1.886 0x00 idle 0 0 0 0 0 0.0 0.0 100 10.0 0 0 0
1.921 0x00 idle 0 0 0 0 0 0.0 0.0 100 10.0 0 0 0
1.961 0x00 idle 0 0 0 0 0 0.0 0.0 100 10.0 0 0 0
2.004 0x00 idle 0 0 0 0 0 0.0 0.0 100 10.0 0 0 0
2.040 0x00 idle 0 0 0 0 0 0.0 0.0 100 10.0 0 0 0
2.082 0x00 idle 0 0 0 0 0 0.0 0.0 100 10.0 0 0 0
2.120 0x00 idle 0 0 0 0 0 0.0 0.0 100 10.0 0 0 0
2.161 0x00 idle 0 0 0 0 0 0.0 0.0 100 10.0 0 0 0
2.201 0x00 idle 0 0 0 0 0 0.0 0.0 100 10.0 0 0 0
2.246 0x00 idle 0 0 0 0 0 0.0 0.0 100 10.0 0 0 0
2.283 0x00 idle 0 0 0 0 0 0.0 0.0 100 10.0 0 0 0
2.321 0x00 idle 0 0 0 0 0 0.0 0.0 100 10.0 0 0 0
2.366 0x00 idle 0 0 0 0 0 0.0 0.0 100 10.0 0 0 0
2.404 0x00 idle 0 0 0 0 0 0.0 0.0 100 10.0 0 0 0
2.439 0x00 idle 0 0 0 0 0 0.0 0.0 100 10.0 0 0 0
2.482 0x00 idle 0 0 0 0 0 0.0 0.0 100 10.0 0 0 0
2.518 0x00 idle 0 0 0 0 0 0.0 0.0 100 10.0 0 0 0
2.560 0x00 idle 0 0 0 0 0 0.0 0.0 100 10.0 0 0 0
2.599 0x00 idle 0 0 0 0 0 0.0 0.0 100 10.0 0 0 0
2.642 0x00 idle 0 0 0 0 0 0.0 0.0 100 10.0 0 0 0
2.680 0x00 idle 0 0 0 0 0 0.0 0.0 100 10.0 0 0 0
2.719 0x00 idle 0 0 0 0 0 0.0 0.0 100 10.0 0 0 0
2.759 0x00 idle 0 0 0 0 0 0.0 0.0 100 10.0 0 0 0
2.802 0x00 idle 0 0 0 0 0 0.0 0.0 100 10.0 0 0 0
2.841 0x00 idle 0 0 0 0 0 0.0 0.0 100 10.0 0 0 0
2.880 0x00 idle 0 0 0 0 0 0.0 0.0 100 10.0 0 0 0
2.921 0x00 idle 0 0 0 0 0 0.0 0.0 100 10.0 0 0 0
2.964 0x00 idle 0 0 0 0 0 0.0 0.0 100 10.0 0 0 0
3.000 0x00 idle 0 0 0 0 0 0.0 0.0 100 10.0 0 0 0
3.039 0x00 idle 0 0 0 0 0 0.0 0.0 100 10.0 0 0 0
3.081 0x00 idle 0 0 0 0 0 0.0 0.0 100 10.0 0 0 0
3.121 0x00 idle 0 0 0 0 0 0.0 0.0 100 10.0 0 0 0
3.160 0x00 idle 0 0 0 0 0 0.0 0.0 100 10.0 0 0 0
3.201 0x00 idle 0 0 0 0 0 0.0 0.0 100 10.0 0 0 0
3.239 0x00 idle 0 0 0 0 0 0.0 0.0 100 10.0 0 0 0
3.281 0x00 idle 0 0 0 0 0 0.0 0.0 100 10.0 0 0 0
3.319 0x00 idle 0 0 0 0 0 0.0 0.0 100 10.0 0 0 0
3.359 0x00 idle 0 0 0 0 0 0.0 0.0 100 10.0 0 0 0
3.403 0x00 idle 0 0 0 0 0 0.0 0.0 100 10.0 0 0 0
3.441 0x00 idle 0 0 0 0 0 0.0 0.0 100 10.0 0 0 0
3.480 0x00 idle 0 0 0 0 0 0.0 0.0 100 10.0 0 0 0
3.519 0x00 idle 0 0 0 0 0 0.0 0.0 100 10.0 0 0 0
3.561 0x00 idle 0 0 0 0 0 0.0 0.0 100 10.0 0 0 0
3.600 0x00 idle 0 0 0 0 0 0.0 0.0 100 10.0 0 0 0
3.642 0x00 idle 0 0 0 0 0 0.0 0.0 100 10.0 0 0 0
3.683 0x00 idle 0 0 0 0 0 0.0 0.0 100 10.0 0 0 0
3.726 0x00 idle 0 0 0 0 0 0.0 0.0 100 10.0 0 0 0
3.764 0x00 idle 0 0 0 0 0 0.0 0.0 100 10.0 0 0 0
3.800 0x00 idle 0 0 0 0 0 0.0 0.0 100 10.0 0 0 0
3.840 0x00 idle 0 0 0 0 0 0.0 0.0 100 10.0 0 0 0
3.888 0x00 idle 0 0 0 0 0 0.0 0.0 100 10.0 0 0 0
3.922 0x00 idle 0 0 0 0 0 0.0 0.0 100 10.0 0 0 0
3.964 0x00 idle 0 0 0 0 0 0.0 0.0 100 10.0 0 0 0
3.998 0x00 idle 0 0 0 0 0 0.0 0.0 100 10.0 0 0 0
4.042 0x00 idle 0 0 0 0 0 0.0 0.0 100 10.0 0 0 0
4.080 0x00 idle 0 0 0 0 0 0.0 0.0 100 10.0 0 0 0
4.120 0x00 idle 0 0 0 0 0 0.0 0.0 100 10.0 0 0 0
4.163 0x00 idle 0 0 0 0 0 0.0 0.0 100 10.0 0 0 0
4.199 0x00 idle 0 0 0 0 0 0.0 0.0 100 10.0 0 0 0
4.239 0x00 idle 0 0 0 0 0 0.0 0.0 100 10.0 0 0 0
4.280 0x00 idle 0 0 0 0 0 0.0 0.0 100 10.0 0 0 0
4.318 0x00 idle 0 0 0 0 0 0.0 0.0 100 10.0 0 0 0
4.362 0x00 idle 0 0 0 0 0 0.0 0.0 100 10.0 0 0 0
4.401 0x00 idle 0 0 0 0 0 0.0 0.0 100 10.0 0 0 0
4.440 0x00 idle 0 0 0 0 0 0.0 0.0 100 10.0 0 0 0
4.477 0x00 idle 0 0 0 0 0 0.0 0.0 100 10.0 0 0 0
4.521 0x00 idle 0 0 0 0 0 0.0 0.0 100 10.0 0 0 0
4.560 0x00 idle 0 0 0 0 0 0.0 0.0 100 10.0 0 0 0
4.599 0x00 idle 0 0 0 0 0 0.0 0.0 100 10.0 0 0 0
4.637 0x00 idle 0 0 0 0 0 0.0 0.0 100 10.0 0 0 0
4.686 0x00 idle 0 0 0 0 0 0.0 0.0 100 10.0 0 0 0
4.720 0x00 idle 0 0 0 0 0 0.0 0.0 100 10.0 0 0 0
4.764 0x00 idle 0 0 0 0 0 0.0 0.0 100 10.0 0 0 0
4.800 0x00 idle 0 0 0 0 0 0.0 0.0 100 10.0 0 0 0
4.839 0x00 idle 0 0 0 0 0 0.0 0.0 100 10.0 0 0 0
4.880 0x00 idle 0 0 0 0 0 0.0 0.0 100 10.0 0 0 0
4.919 0x00 idle 0 0 0 0 0 0.0 0.0 100 10.0 0 0 0
4.963 0x00 idle 0 0 0 0 0 0.0 0.0 100 10.0 0 0 0
4.999 0x00 idle 0 0 0 0 0 0.0 0.0 100 10.0 0 0 0
5.041 0x00 idle 0 0 0 0 0 0.0 0.0 100 10.0 0 0 0
5.081 0x00 idle 0 0 0 0 0 0.0 0.0 100 10.0 0 0 0
5.120 0x00 idle 0 0 0 0 0 0.0 0.0 100 10.0 0 0 0
5.159 0x00 idle 0 0 0 0 0 0.0 0.0 100 10.0 0 0 0
5.198 0x00 idle 0 0 0 0 0 0.0 0.0 100 10.0 0 0 0
5.239 0x00 idle 0 0 0 0 0 0.0 0.0 100 10.0 0 0 0
5.279 0x00 idle 0 0 0 0 0 0.0 0.0 100 10.0 0 0 0
5.319 0x00 idle 0 0 0 0 0 0.0 0.0 100 10.0 0 0 0
5.368 0x00 idle 0 0 0 0 0 0.0 0.0 100 10.0 0 0 0
5.398 0x00 idle 0 0 0 0 0 0.0 0.0 100 10.0 0 0 0
5.441 0x00 idle 0 0 0 0 0 0.0 0.0 100 10.0 0 0 0
5.481 0x00 idle 0 0 0 0 0 0.0 0.0 100 10.0 0 0 0
5.520 0x00 idle 0 0 0 0 0 0.0 0.0 100 10.0 0 0 0
5.561 0x00 idle 0 0 0 0 0 0.0 0.0 100 10.0 0 0 0
5.600 0x00 idle 0 0 0 0 0 0.0 0.0 100 10.0 0 0 0
5.642 0x00 idle 0 0 0 0 0 0.0 0.0 100 10.0 0 0 0
5.680 0x00 idle 0 0 0 0 0 0.0 0.0 100 10.0 0 0 0
5.719 0x00 idle 0 0 0 0 0 0.0 0.0 100 10.0 0 0 0
5.763 0x00 idle 0 0 0 0 0 0.0 0.0 100 10.0 0 0 0
5.802 0x00 idle 0 0 0 0 0 0.0 0.0 100 10.0 0 0 0
5.839 0x00 idle 0 0 0 0 0 0.0 0.0 100 10.0 0 0 0
5.884 0x00 idle 0 0 0 0 0 0.0 0.0 100 10.0 0 0 0
5.922 0x00 idle 0 0 0 0 0 0.0 0.0 100 10.0 0 0 0
5.963 0x00 idle 0 0 0 0 0 0.0 0.0 100 10.0 0 0 0
6.003 0x00 idle 0 0 0 0 0 0.0 0.0 100 10.0 0 0 0
6.043 0x00 idle 0 0 0 0 0 0.0 0.0 100 10.0 0 0 0
6.080 0x00 idle 0 0 0 0 0 0.0 0.0 100 10.0 0 0 0
6.121 0x00 idle 0 0 0 0 0 0.0 0.0 100 10.0 0 0 0
6.162 0x00 idle 0 0 0 0 0 0.0 0.0 100 10.0 0 0 0
6.201 0x00 idle 0 0 0 0 0 0.0 0.0 100 10.0 0 0 0
6.243 0x00 idle 0 0 0 0 0 0.0 0.0 100 10.0 0 0 0
6.280 0x00 idle 0 0 0 0 0 0.0 0.0 100 10.0 0 0 0
6.319 0x00 idle 0 0 0 0 0 0.0 0.0 100 10.0 0 0 0
6.363 0x00 idle 0 0 0 0 0 0.0 0.0 100 10.0 0 0 0
6.399 0x00 idle 0 0 0 0 0 0.0 0.0 100 10.0 0 0 0
6.442 0x00 idle 0 0 0 0 0 0.0 0.0 100 10.0 0 0 0
6.486 0x00 idle 0 0 0 0 0 0.0 0.0 100 10.0 0 0 0
6.524 0x00 idle 0 0 0 0 0 0.0 0.0 100 10.0 0 0 0
6.561 0x00 idle 0 0 0 0 0 0.0 0.0 100 10.0 0 0 0
6.599 0x00 idle 0 0 0 0 0 0.0 0.0 100 10.0 0 0 0
6.638 0x00 idle 0 0 0 0 0 0.0 0.0 100 10.0 0 0 0
6.684 0x00 idle 0 0 0 0 0 0.0 0.0 100 10.0 0 0 0
6.718 0x00 idle 0 0 0 0 0 0.0 0.0 100 10.0 0 0 0
6.760 0x00 idle 0 0 0 0 0 0.0 0.0 100 10.0 0 0 0
6.799 0x00 idle 0 0 0 0 0 0.0 0.0 100 10.0 0 0 0
6.846 0x00 idle 0 0 0 0 0 0.0 0.0 100 10.0 0 0 0
6.883 0x00 idle 0 0 0 0 0 0.0 0.0 100 10.0 0 0 0
6.923 0x00 idle 0 0 0 0 0 0.0 0.0 100 10.0 0 0 0
6.965 0x00 idle 0 0 0 0 0 0.0 0.0 100 10.0 0 0 0
7.000 0x00 idle 0 0 0 0 0 0.0 0.0 100 10.0 0 0 0
7.043 0x00 idle 0 0 0 0 0 0.0 0.0 100 10.0 0 0 0
7.081 0x00 idle 0 0 0 0 0 0.0 0.0 100 10.0 0 0 0
7.121 0x00 idle 0 0 0 0 0 0.0 0.0 100 10.0 0 0 0
7.161 0x00 idle 0 0 0 0 0 0.0 0.0 100 10.0 0 0 0
7.198 0x00 idle 0 0 0 0 0 0.0 0.0 100 10.0 0 0 0
7.243 0x00 idle 0 0 0 0 0 0.0 0.0 100 10.0 0 0 0
7.280 0x00 idle 0 0 0 0 0 0.0 0.0 100 10.0 0 0 0
7.324 0x00 idle 0 0 0 0 0 0.0 0.0 100 10.0 0 0 0
7.358 0x00 idle 0 0 0 0 0 0.0 0.0 100 10.0 0 0 0
7.400 0x00 idle 0 0 0 0 0 0.0 0.0 100 10.0 0 0 0
7.445 0x00 idle 0 0 0 0 0 0.0 0.0 100 10.0 0 0 0
7.480 0x00 idle 0 0 0 0 0 0.0 0.0 100 10.0 0 0 0
7.526 0x00 idle 0 0 0 0 0 0.0 0.0 100 10.0 0 0 0
7.558 0x00 idle 0 0 0 0 0 0.0 0.0 100 10.0 0 0 0
7.604 0x00 idle 0 0 0 0 0 0.0 0.0 100 10.0 0 0 0
7.641 0x00 idle 0 0 0 0 0 0.0 0.0 100 10.0 0 0 0
7.680 0x00 idle 0 0 0 0 0 0.0 0.0 100 10.0 0 0 0

[tcp_trajectory]
elapsed_s x_m y_m z_m qx qy qz qw speed_m_s tf_stamp_s along_mm remaining_mm cross_track_mm progress waypoint phase
0.0017 0.0355469 -1.6811604 0.6727192 -0.40888147 0.66483280 -0.53527098 -0.32295243 0.000000 1789526271.634786129 -0.821 32.500 0.493 0.00000 -1 ACTUAL_TF
0.0411 0.0354948 -1.6812741 0.6725562 -0.40890322 0.66482368 -0.53526780 -0.32294895 0.003665 1789526271.690834045 -0.878 32.556 0.296 0.00000 -1 ACTUAL_TF
0.0972 0.0354560 -1.6813347 0.6724755 -0.40890979 0.66482109 -0.53526555 -0.32294967 0.003149 1789526271.746483088 -0.919 32.597 0.196 0.00000 -1 ACTUAL_TF
0.1559 0.0354386 -1.6813854 0.6724270 -0.40891528 0.66481638 -0.53526730 -0.32294951 0.002590 1789526271.802713394 -0.938 32.617 0.127 0.00000 -1 ACTUAL_TF
0.2108 0.0354288 -1.6813872 0.6724174 -0.40891781 0.66481761 -0.53526168 -0.32295310 0.001888 1789526271.858416080 -0.948 32.627 0.118 0.00000 -1 ACTUAL_TF
0.2658 0.0354073 -1.6813554 0.6724057 -0.40892262 0.66482610 -0.53524552 -0.32295631 0.001536 1789526271.914442301 -0.969 32.647 0.133 0.00000 -1 ACTUAL_TF
0.3272 0.0353818 -1.6813286 0.6723970 -0.40891966 0.66483655 -0.53523029 -0.32296379 0.001279 1789526271.970412731 -0.994 32.672 0.152 0.00000 -1 ACTUAL_TF
0.3784 0.0353702 -1.6813191 0.6723948 -0.40891307 0.66484287 -0.53522170 -0.32297337 0.000977 1789526272.026419401 -1.005 32.684 0.159 0.00000 -1 ACTUAL_TF
0.4398 0.0353855 -1.6813061 0.6723889 -0.40890960 0.66485015 -0.53521215 -0.32297859 0.000795 1789526272.082472563 -0.990 32.668 0.168 0.00000 -1 ACTUAL_TF
0.4901 0.0354403 -1.6812943 0.6723838 -0.40891333 0.66485199 -0.53520870 -0.32297581 0.000858 1789526272.138539076 -0.935 32.613 0.176 0.00000 -1 ACTUAL_TF
0.5535 0.0355404 -1.6813014 0.6723776 -0.40891312 0.66485572 -0.53520597 -0.32297292 0.001137 1789526272.194754362 -0.835 32.513 0.165 0.00000 -1 ACTUAL_TF
0.6082 0.0356501 -1.6813206 0.6723668 -0.40891454 0.66486182 -0.53520023 -0.32296806 0.001400 1789526272.250384808 -0.726 32.404 0.140 0.00000 -1 ACTUAL_TF
0.6584 0.0358258 -1.6813644 0.6723706 -0.40890842 0.66485811 -0.53520821 -0.32297022 0.001949 1789526272.306414604 -0.551 32.230 0.096 0.00000 -1 ACTUAL_TF
0.7116 0.0359757 -1.6813891 0.6723667 -0.40890693 0.66485921 -0.53520556 -0.32297423 0.002179 1789526272.362406731 -0.402 32.080 0.069 0.00000 -1 ACTUAL_TF
0.7718 0.0361795 -1.6814246 0.6723638 -0.40890654 0.66485755 -0.53520558 -0.32297813 0.002635 1789526272.418343067 -0.199 31.878 0.036 0.00000 -1 ACTUAL_TF
0.8226 0.0364010 -1.6814556 0.6723628 -0.40890308 0.66485625 -0.53520932 -0.32297897 0.003042 1789526272.474361420 0.022 31.657 0.033 0.00000 -1 ACTUAL_TF
0.8849 0.0366101 -1.6814729 0.6723632 -0.40890419 0.66485164 -0.53521687 -0.32297454 0.003252 1789526272.530402422 0.230 31.448 0.048 0.00000 -1 ACTUAL_TF
0.9367 0.0368782 -1.6814983 0.6723700 -0.40890026 0.66484360 -0.53523216 -0.32297074 0.003721 1789526272.586345434 0.498 31.181 0.078 0.00000 -1 ACTUAL_TF
0.9912 0.0371054 -1.6815088 0.6723773 -0.40889578 0.66483653 -0.53524524 -0.32296927 0.003823 1789526272.642410994 0.725 30.954 0.094 0.00000 -1 ACTUAL_TF
1.0552 0.0373657 -1.6815145 0.6723843 -0.40889331 0.66482824 -0.53525864 -0.32296728 0.004072 1789526272.698392630 0.985 30.694 0.107 0.00000 -1 ACTUAL_TF
1.1070 0.0375649 -1.6815158 0.6723847 -0.40888431 0.66483045 -0.53526049 -0.32297107 0.003918 1789526272.754344225 1.184 30.495 0.112 0.00000 -1 ACTUAL_TF
1.1610 0.0378312 -1.6815152 0.6723905 -0.40887278 0.66482885 -0.53527005 -0.32297310 0.004169 1789526272.810353041 1.450 30.228 0.118 0.00000 -1 ACTUAL_TF
1.2184 0.0381278 -1.6814975 0.6723908 -0.40886121 0.66482664 -0.53527866 -0.32297803 0.004511 1789526272.866347790 1.747 29.931 0.107 0.00000 -1 ACTUAL_TF
1.2789 0.0384280 -1.6814583 0.6723755 -0.40886228 0.66481442 -0.53529421 -0.32297604 0.004782 1789526272.922331095 2.048 29.630 0.070 0.00000 -1 ACTUAL_TF
1.3285 0.0387902 -1.6813585 0.6722968 -0.40886537 0.66481541 -0.53528851 -0.32297956 0.005402 1789526272.978387833 2.411 29.267 0.070 0.00000 -1 ACTUAL_TF
1.3927 0.0391403 -1.6812400 0.6722102 -0.40889223 0.66480695 -0.53528558 -0.32296782 0.005814 1789526273.034394264 2.763 28.915 0.206 0.00000 -1 ACTUAL_TF
1.4399 0.0395287 -1.6811472 0.6721671 -0.40888943 0.66480227 -0.53528973 -0.32297412 0.006225 1789526273.090317965 3.153 28.525 0.298 0.00000 -1 ACTUAL_TF
1.4998 0.0398255 -1.6810740 0.6721384 -0.40887405 0.66480987 -0.53528341 -0.32298843 0.006002 1789526273.146314144 3.451 28.227 0.369 0.00000 -1 ACTUAL_TF
1.5586 0.0402477 -1.6809872 0.6721176 -0.40888035 0.66480476 -0.53529004 -0.32297998 0.006508 1789526273.202451229 3.875 27.803 0.445 0.00000 -1 ACTUAL_TF
1.6064 0.0405905 -1.6809174 0.6721015 -0.40888801 0.66480635 -0.53528963 -0.32296768 0.006435 1789526273.258351088 4.219 27.459 0.507 0.00000 -1 ACTUAL_TF
1.6662 0.0409518 -1.6808340 0.6720791 -0.40888745 0.66482378 -0.53526954 -0.32296581 0.006494 1789526273.314352274 4.582 27.096 0.585 0.00000 -1 ACTUAL_TF
1.7256 0.0413286 -1.6807366 0.6720459 -0.40891427 0.66483418 -0.53524390 -0.32295294 0.006638 1789526273.370387793 4.961 26.718 0.680 0.00000 -1 ACTUAL_TF
1.7766 0.0416060 -1.6806189 0.6719866 -0.40897146 0.66485037 -0.53518281 -0.32294842 0.006286 1789526273.426552773 5.240 26.438 0.807 0.00000 -1 ACTUAL_TF
1.8356 0.0419259 -1.6805465 0.6720215 -0.40899583 0.66487511 -0.53513698 -0.32294257 0.006175 1789526273.482327700 5.562 26.116 0.850 0.00000 -1 ACTUAL_TF
1.8934 0.0421966 -1.6805619 0.6721557 -0.40899257 0.66489500 -0.53511237 -0.32294655 0.005943 1789526273.538320780 5.834 25.845 0.780 0.00000 -1 ACTUAL_TF
1.9538 0.0425678 -1.6806325 0.6723821 -0.40899236 0.66489397 -0.53511083 -0.32295149 0.006517 1789526273.594403267 6.206 25.473 0.661 0.00000 -1 ACTUAL_TF
2.0039 0.0429049 -1.6807353 0.6725852 -0.40898262 0.66488241 -0.53513062 -0.32295482 0.006739 1789526273.650458574 6.543 25.136 0.577 0.00000 -1 ACTUAL_TF
2.0626 0.0432876 -1.6808249 0.6727212 -0.40897574 0.66487969 -0.53513977 -0.32295396 0.006941 1789526273.706563234 6.925 24.754 0.545 0.00000 -1 ACTUAL_TF
2.1127 0.0436162 -1.6809129 0.6727857 -0.40898231 0.66486776 -0.53515098 -0.32295164 0.006715 1789526273.762512445 7.252 24.427 0.511 0.00000 -1 ACTUAL_TF
2.1737 0.0439754 -1.6810179 0.6728017 -0.40897915 0.66486921 -0.53515461 -0.32294663 0.006708 1789526273.818501949 7.609 24.070 0.450 0.00000 -1 ACTUAL_TF
2.2237 0.0443563 -1.6811999 0.6728216 -0.40895247 0.66485959 -0.53518594 -0.32294832 0.006958 1789526273.874529362 7.985 23.693 0.398 0.00000 -1 ACTUAL_TF
2.2834 0.0447109 -1.6814292 0.6728531 -0.40892484 0.66483666 -0.53523224 -0.32295378 0.007119 1789526273.931030750 8.335 23.344 0.462 0.00000 -1 ACTUAL_TF
2.3402 0.0451636 -1.6817617 0.6728941 -0.40887174 0.66480261 -0.53531747 -0.32294983 0.008027 1789526273.986537218 8.780 22.898 0.700 0.00000 -1 ACTUAL_TF
2.3973 0.0454636 -1.6819264 0.6728253 -0.40884919 0.66479411 -0.53534143 -0.32295618 0.007488 1789526274.042559624 9.075 22.603 0.800 0.00000 -1 ACTUAL_TF
2.4459 0.0458213 -1.6820480 0.6726596 -0.40884565 0.66478901 -0.53535164 -0.32295421 0.007458 1789526274.098397493 9.428 22.250 0.859 0.00000 -1 ACTUAL_TF
2.5028 0.0461232 -1.6821025 0.6725214 -0.40885356 0.66477844 -0.53536168 -0.32294931 0.007022 1789526274.154436588 9.727 21.951 0.896 0.00000 -1 ACTUAL_TF
2.5592 0.0464483 -1.6820907 0.6723705 -0.40886133 0.66477809 -0.53535581 -0.32294994 0.006837 1789526274.210406542 10.051 21.628 0.892 0.00000 -1 ACTUAL_TF
2.6170 0.0467765 -1.6820561 0.6722515 -0.40885359 0.66478526 -0.53534980 -0.32295495 0.006645 1789526274.267040253 10.378 21.300 0.885 0.00000 -1 ACTUAL_TF
2.6763 0.0470570 -1.6819660 0.6721684 -0.40886841 0.66478081 -0.53534572 -0.32295210 0.006307 1789526274.322523117 10.660 21.019 0.830 0.00000 -1 ACTUAL_TF
2.7343 0.0473496 -1.6817861 0.6720615 -0.40889022 0.66478973 -0.53531494 -0.32295715 0.006345 1789526274.378426075 10.955 20.723 0.725 0.00000 -1 ACTUAL_TF
2.7848 0.0475703 -1.6816127 0.6719921 -0.40890163 0.66480654 -0.53527729 -0.32297050 0.005991 1789526274.434410095 11.179 20.499 0.643 0.00000 -1 ACTUAL_TF
2.8435 0.0478595 -1.6813440 0.6719303 -0.40893819 0.66481766 -0.53523077 -0.32297842 0.006333 1789526274.490438461 11.474 20.205 0.565 0.00000 -1 ACTUAL_TF
2.8959 0.0481560 -1.6811133 0.6719192 -0.40897570 0.66480005 -0.53522152 -0.32298251 0.006445 1789526274.546487093 11.775 19.903 0.553 0.00000 -1 ACTUAL_TF
2.9553 0.0484483 -1.6808517 0.6719037 -0.40899804 0.66480186 -0.53519375 -0.32299648 0.006615 1789526274.602463245 12.074 19.605 0.646 0.00000 -1 ACTUAL_TF
3.0128 0.0486967 -1.6806834 0.6719027 -0.40900924 0.66479833 -0.53518547 -0.32300329 0.006236 1789526274.658543348 12.326 19.352 0.739 0.00000 -1 ACTUAL_TF
3.0694 0.0490544 -1.6804710 0.6718881 -0.40904182 0.66479361 -0.53517177 -0.32299448 0.006602 1789526274.714367628 12.688 18.990 0.894 0.00000 -1 ACTUAL_TF
3.1207 0.0493601 -1.6803046 0.6718772 -0.40905842 0.66479442 -0.53515731 -0.32299573 0.006480 1789526274.770577192 12.998 18.681 1.028 0.00000 -1 ACTUAL_TF
3.1777 0.0495903 -1.6802330 0.6719306 -0.40903964 0.66479776 -0.53515755 -0.32301223 0.005860 1789526274.826530933 13.230 18.448 1.054 0.00000 -1 ACTUAL_TF
3.2373 0.0499734 -1.6802483 0.6721289 -0.40901610 0.66480191 -0.53518320 -0.32299101 0.006421 1789526274.882368803 13.615 18.064 0.943 0.00000 -1 ACTUAL_TF
3.2865 0.0502591 -1.6802904 0.6723040 -0.40898216 0.66482985 -0.53518598 -0.32297188 0.006303 1789526274.938393116 13.902 17.777 0.844 0.00000 -1 ACTUAL_TF
3.3444 0.0506810 -1.6804167 0.6725338 -0.40895403 0.66485243 -0.53520814 -0.32292428 0.007068 1789526274.994494438 14.323 17.355 0.687 0.00000 -1 ACTUAL_TF
3.3961 0.0510007 -1.6805128 0.6726666 -0.40893826 0.66487294 -0.53520726 -0.32290349 0.006874 1789526275.050454378 14.642 17.037 0.605 0.00000 -1 ACTUAL_TF
3.4547 0.0513465 -1.6806493 0.6727819 -0.40893297 0.66486706 -0.53521132 -0.32291555 0.006898 1789526275.106432915 14.986 16.693 0.517 0.00000 -1 ACTUAL_TF
3.5142 0.0515945 -1.6807483 0.6728034 -0.40892772 0.66488084 -0.53519195 -0.32292595 0.006263 1789526275.162453413 15.231 16.447 0.444 0.00000 -1 ACTUAL_TF
3.5710 0.0519796 -1.6809249 0.6728162 -0.40892866 0.66487219 -0.53520274 -0.32292469 0.006655 1789526275.218441486 15.612 16.066 0.336 0.00000 -1 ACTUAL_TF
3.6287 0.0523635 -1.6811747 0.6728367 -0.40890758 0.66485411 -0.53523587 -0.32293368 0.007120 1789526275.274321318 15.991 15.688 0.337 0.00000 -1 ACTUAL_TF
3.6794 0.0526930 -1.6814488 0.6728817 -0.40885423 0.66483485 -0.53529326 -0.32294576 0.007291 1789526275.330372095 16.314 15.364 0.532 0.00000 -1 ACTUAL_TF
3.7407 0.0531261 -1.6817330 0.6729170 -0.40882426 0.66480265 -0.53535415 -0.32294906 0.007880 1789526275.386464357 16.741 14.938 0.790 0.00000 -1 ACTUAL_TF
3.7903 0.0534812 -1.6819022 0.6728914 -0.40881142 0.66477854 -0.53539815 -0.32294200 0.007628 1789526275.442464113 17.091 14.587 0.937 0.00000 -1 ACTUAL_TF
3.8495 0.0538507 -1.6820021 0.6727992 -0.40880237 0.66476717 -0.53541801 -0.32294395 0.007454 1789526275.498327494 17.457 14.221 1.009 0.00000 -1 ACTUAL_TF
3.9132 0.0541454 -1.6820180 0.6727134 -0.40880043 0.66476324 -0.53542102 -0.32294949 0.006861 1789526275.554429770 17.751 13.928 1.011 0.00000 -1 ACTUAL_TF
3.9630 0.0544918 -1.6819948 0.6726270 -0.40879945 0.66475174 -0.53543363 -0.32295350 0.006717 1789526275.610506535 18.096 13.582 0.985 0.00000 -1 ACTUAL_TF
4.0219 0.0547408 -1.6818983 0.6725143 -0.40880505 0.66475659 -0.53541886 -0.32296091 0.006258 1789526275.666404724 18.346 13.332 0.891 0.00000 -1 ACTUAL_TF
4.0699 0.0550447 -1.6817069 0.6723709 -0.40883110 0.66476669 -0.53538434 -0.32296439 0.006454 1789526275.722344160 18.653 13.025 0.729 0.00000 -1 ACTUAL_TF
4.1271 0.0553457 -1.6814657 0.6722167 -0.40886940 0.66478289 -0.53533415 -0.32296574 0.006739 1789526275.778459549 18.958 12.721 0.580 0.00000 -1 ACTUAL_TF
4.1844 0.0556396 -1.6812435 0.6721109 -0.40891589 0.66478251 -0.53530355 -0.32295838 0.006768 1789526275.834533215 19.256 12.423 0.514 0.00000 -1 ACTUAL_TF
4.2429 0.0559359 -1.6810047 0.6720406 -0.40893616 0.66478167 -0.53527598 -0.32298014 0.006815 1789526275.890412092 19.557 12.122 0.520 0.00000 -1 ACTUAL_TF
4.2996 0.0562060 -1.6808281 0.6720091 -0.40895630 0.66477384 -0.53526860 -0.32298300 0.006508 1789526275.946402073 19.830 11.848 0.573 0.00000 -1 ACTUAL_TF
4.3526 0.0565065 -1.6806635 0.6720062 -0.40895785 0.66477112 -0.53526190 -0.32299774 0.006390 1789526276.002424002 20.135 11.544 0.637 0.00000 -1 ACTUAL_TF
4.4123 0.0567618 -1.6805162 0.6719928 -0.40897200 0.66477263 -0.53524953 -0.32299721 0.006056 1789526276.058340549 20.393 11.285 0.728 0.00000 -1 ACTUAL_TF
4.4670 0.0570799 -1.6803339 0.6719808 -0.40898471 0.66477687 -0.53522997 -0.32300481 0.006201 1789526276.114437819 20.715 10.963 0.857 0.00000 -1 ACTUAL_TF
4.5244 0.0573588 -1.6801960 0.6719997 -0.40900350 0.66477219 -0.53522451 -0.32299969 0.006011 1789526276.170435429 20.997 10.681 0.946 0.00000 -1 ACTUAL_TF
4.5820 0.0576755 -1.6801403 0.6721409 -0.40897838 0.66479367 -0.53521874 -0.32299684 0.006087 1789526276.226503134 21.317 10.361 0.911 0.00000 -1 ACTUAL_TF
4.6317 0.0580472 -1.6801764 0.6723821 -0.40893765 0.66480156 -0.53524889 -0.32298221 0.006646 1789526276.282423258 21.691 9.988 0.780 0.00000 -1 ACTUAL_TF
4.6947 0.0583888 -1.6801972 0.6725515 -0.40892612 0.66481024 -0.53526662 -0.32294956 0.006694 1789526276.338513374 22.033 9.645 0.725 0.00000 -1 ACTUAL_TF
4.7518 0.0587396 -1.6802774 0.6727205 -0.40889396 0.66482971 -0.53527546 -0.32293555 0.006818 1789526276.394446373 22.384 9.294 0.649 0.00000 -1 ACTUAL_TF
4.7995 0.0590430 -1.6803558 0.6728108 -0.40889567 0.66483296 -0.53526880 -0.32293772 0.006524 1789526276.450321913 22.687 8.992 0.591 0.00000 -1 ACTUAL_TF
4.8562 0.0593855 -1.6804674 0.6728317 -0.40890200 0.66484750 -0.53524984 -0.32293120 0.006498 1789526276.506365299 23.027 8.652 0.489 0.00000 -1 ACTUAL_TF
4.9155 0.0596929 -1.6806334 0.6728373 -0.40889850 0.66484963 -0.53524795 -0.32293437 0.006415 1789526276.562546253 23.330 8.348 0.348 0.00000 -1 ACTUAL_TF
4.9728 0.0600874 -1.6808743 0.6728384 -0.40888905 0.66484503 -0.53526399 -0.32292924 0.006971 1789526276.618429184 23.719 7.959 0.231 0.00000 -1 ACTUAL_TF
5.0276 0.0604280 -1.6810753 0.6728527 -0.40888673 0.66482391 -0.53529071 -0.32293137 0.007002 1789526276.674374580 24.055 7.624 0.314 0.00000 -1 ACTUAL_TF
5.0862 0.0608030 -1.6813381 0.6728793 -0.40885237 0.66480951 -0.53532800 -0.32294271 0.007357 1789526276.730427742 24.424 7.254 0.541 0.00000 -1 ACTUAL_TF
5.1328 0.0612291 -1.6815445 0.6729094 -0.40882948 0.66478633 -0.53537335 -0.32294423 0.007695 1789526276.786331415 24.845 6.833 0.747 0.00000 -1 ACTUAL_TF
5.1921 0.0615119 -1.6816387 0.6729143 -0.40881414 0.66478517 -0.53537859 -0.32295735 0.006979 1789526276.842502832 25.126 6.553 0.841 0.00000 -1 ACTUAL_TF
5.2506 0.0619427 -1.6817069 0.6729121 -0.40880759 0.66476744 -0.53541091 -0.32294854 0.007222 1789526276.898511648 25.555 6.123 0.913 0.00000 -1 ACTUAL_TF
5.3060 0.0622269 -1.6816939 0.6728956 -0.40879145 0.66476912 -0.53541533 -0.32295819 0.006585 1789526276.954388618 25.839 5.839 0.901 0.00000 -1 ACTUAL_TF
5.3648 0.0626022 -1.6815990 0.6728468 -0.40880173 0.66475889 -0.53542064 -0.32295742 0.006701 1789526277.010361433 26.216 5.462 0.804 0.00000 -1 ACTUAL_TF
5.4186 0.0629290 -1.6814719 0.6727967 -0.40882348 0.66474993 -0.53542062 -0.32294836 0.006586 1789526277.066423178 26.545 5.133 0.675 0.00000 -1 ACTUAL_TF
5.4765 0.0632719 -1.6812972 0.6727337 -0.40883621 0.66475299 -0.53540323 -0.32295478 0.006699 1789526277.122429132 26.891 4.787 0.498 0.00000 -1 ACTUAL_TF
5.5283 0.0636219 -1.6811161 0.6726774 -0.40884656 0.66475741 -0.53538453 -0.32296359 0.006822 1789526277.178412676 27.245 4.434 0.318 0.00000 -1 ACTUAL_TF
5.5908 0.0639359 -1.6809879 0.6726468 -0.40886092 0.66475011 -0.53538400 -0.32296132 0.006600 1789526277.234400988 27.561 4.117 0.196 0.00000 -1 ACTUAL_TF
5.6410 0.0642844 -1.6808790 0.6726351 -0.40885396 0.66474411 -0.53539055 -0.32297162 0.006580 1789526277.290335655 27.912 3.766 0.098 0.00000 -1 ACTUAL_TF
5.7000 0.0645667 -1.6808291 0.6726473 -0.40882745 0.66473933 -0.53540542 -0.32299037 0.006142 1789526277.346385241 28.196 3.483 0.053 0.00000 -1 ACTUAL_TF
5.7553 0.0649716 -1.6807499 0.6726461 -0.40882313 0.66473235 -0.53542027 -0.32298557 0.006512 1789526277.402313232 28.602 3.076 0.025 0.00000 -1 ACTUAL_TF
5.8040 0.0653352 -1.6806910 0.6726272 -0.40883235 0.66474064 -0.53541885 -0.32295921 0.006532 1789526277.458373785 28.967 2.712 0.079 0.00000 -1 ACTUAL_TF
5.8765 0.0656896 -1.6806432 0.6726122 -0.40880801 0.66476265 -0.53540790 -0.32296287 0.006487 1789526277.514466524 29.322 2.356 0.123 0.00000 -1 ACTUAL_TF
5.9252 0.0660190 -1.6806207 0.6726042 -0.40881492 0.66476217 -0.53540686 -0.32295683 0.006312 1789526277.570397139 29.652 2.027 0.142 0.00000 -1 ACTUAL_TF
5.9773 0.0664020 -1.6805753 0.6725732 -0.40883752 0.66477174 -0.53537820 -0.32295605 0.006492 1789526277.626382589 30.035 1.643 0.191 0.00000 -1 ACTUAL_TF
6.0361 0.0668221 -1.6805494 0.6725530 -0.40885798 0.66477244 -0.53536721 -0.32294691 0.006799 1789526277.682436228 30.456 1.223 0.219 0.00000 -1 ACTUAL_TF
6.0948 0.0671368 -1.6805434 0.6725322 -0.40886789 0.66478080 -0.53535161 -0.32294302 0.006455 1789526277.738259554 30.770 0.908 0.234 0.00000 -1 ACTUAL_TF
6.1433 0.0674971 -1.6805202 0.6724981 -0.40887623 0.66480128 -0.53531433 -0.32295210 0.006459 1789526277.794316769 31.130 0.548 0.271 0.00000 -1 ACTUAL_TF
6.2041 0.0678168 -1.6805102 0.6724823 -0.40888844 0.66480389 -0.53530048 -0.32295422 0.006235 1789526277.850394487 31.450 0.228 0.287 0.00000 -1 ACTUAL_TF
6.2621 0.0681938 -1.6804884 0.6724594 -0.40890387 0.66481315 -0.53527935 -0.32295064 0.006395 1789526277.906286001 31.827 -0.149 0.316 0.00000 -1 ACTUAL_TF
6.3099 0.0685219 -1.6804713 0.6724571 -0.40892094 0.66480697 -0.53527683 -0.32294592 0.006232 1789526277.962413073 32.156 -0.477 0.327 0.00000 -1 ACTUAL_TF
6.3687 0.0688927 -1.6804661 0.6724541 -0.40892639 0.66481037 -0.53526939 -0.32294436 0.006350 1789526278.018401623 32.526 -0.848 0.330 0.00000 -1 ACTUAL_TF
6.4273 0.0691808 -1.6804725 0.6724636 -0.40891928 0.66481396 -0.53526412 -0.32295471 0.005989 1789526278.074409485 32.814 -1.136 0.317 0.00000 -1 ACTUAL_TF
6.4825 0.0695750 -1.6804666 0.6724733 -0.40893951 0.66480286 -0.53526806 -0.32294540 0.006303 1789526278.130484104 33.209 -1.530 0.311 0.00000 -1 ACTUAL_TF
6.5349 0.0699679 -1.6804657 0.6724889 -0.40894146 0.66480034 -0.53526843 -0.32294751 0.006521 1789526278.186406612 33.602 -1.923 0.297 0.00000 -1 ACTUAL_TF
6.5955 0.0702249 -1.6804701 0.6724993 -0.40893049 0.66480592 -0.53525891 -0.32296568 0.005942 1789526278.242437124 33.859 -2.180 0.285 0.00000 -1 ACTUAL_TF
6.6540 0.0705626 -1.6804689 0.6725082 -0.40892504 0.66480874 -0.53525681 -0.32297028 0.005962 1789526278.298645258 34.196 -2.518 0.277 0.00000 -1 ACTUAL_TF
6.7066 0.0708853 -1.6804572 0.6725171 -0.40893255 0.66480157 -0.53526256 -0.32296598 0.005911 1789526278.354439259 34.519 -2.841 0.275 0.00000 -1 ACTUAL_TF
6.7649 0.0712433 -1.6804481 0.6725212 -0.40893663 0.66479995 -0.53525851 -0.32297088 0.006060 1789526278.410343647 34.877 -3.199 0.275 0.00000 -1 ACTUAL_TF
6.8278 0.0715515 -1.6804538 0.6725324 -0.40894048 0.66479277 -0.53526570 -0.32296887 0.005891 1789526278.466433525 35.185 -3.507 0.261 0.00000 -1 ACTUAL_TF
6.8775 0.0719303 -1.6804510 0.6725371 -0.40893972 0.66479321 -0.53526366 -0.32297231 0.006150 1789526278.522528648 35.564 -3.886 0.258 0.00000 -1 ACTUAL_TF
6.9365 0.0722708 -1.6804433 0.6725367 -0.40894055 0.66479773 -0.53525805 -0.32297125 0.006129 1789526278.578552008 35.905 -4.226 0.261 0.00000 -1 ACTUAL_TF
6.9872 0.0725312 -1.6804420 0.6725413 -0.40893435 0.66480018 -0.53525485 -0.32297935 0.005688 1789526278.634454012 36.165 -4.487 0.257 0.00000 -1 ACTUAL_TF
7.0520 0.0728792 -1.6804296 0.6725509 -0.40893995 0.66479606 -0.53525708 -0.32297705 0.005849 1789526278.690416574 36.513 -4.835 0.255 0.00000 -1 ACTUAL_TF
7.0999 0.0731758 -1.6804084 0.6725430 -0.40895799 0.66479474 -0.53525363 -0.32296264 0.005687 1789526278.746437073 36.810 -5.132 0.272 0.00000 -1 ACTUAL_TF
7.1556 0.0734570 -1.6804019 0.6725439 -0.40895224 0.66480279 -0.53524756 -0.32296343 0.005488 1789526278.802423239 37.092 -5.413 0.274 0.00000 -1 ACTUAL_TF
7.2121 0.0737393 -1.6804067 0.6725640 -0.40895429 0.66479225 -0.53526088 -0.32296043 0.005357 1789526278.858458042 37.374 -5.696 0.254 0.00000 -1 ACTUAL_TF
7.2706 0.0739994 -1.6804024 0.6725655 -0.40895336 0.66479428 -0.53525809 -0.32296205 0.005145 1789526278.914390802 37.634 -5.956 0.254 0.00000 -1 ACTUAL_TF
7.3199 0.0741956 -1.6803957 0.6725686 -0.40895224 0.66479854 -0.53525190 -0.32296497 0.004653 1789526278.970414400 37.830 -6.152 0.254 0.00000 -1 ACTUAL_TF
7.3796 0.0744292 -1.6803856 0.6725680 -0.40895805 0.66479876 -0.53524987 -0.32296052 0.004510 1789526279.026416540 38.064 -6.386 0.260 0.00000 -1 ACTUAL_TF
7.4384 0.0746125 -1.6803867 0.6725826 -0.40895439 0.66479473 -0.53525656 -0.32296236 0.004142 1789526279.082397938 38.248 -6.569 0.247 0.00000 -1 ACTUAL_TF
7.4893 0.0747378 -1.6803957 0.6725963 -0.40894798 0.66479352 -0.53526133 -0.32296507 0.003576 1789526279.138431311 38.373 -6.694 0.230 0.00000 -1 ACTUAL_TF
7.5502 0.0748445 -1.6803998 0.6726044 -0.40894715 0.66479413 -0.53526278 -0.32296246 0.003077 1789526279.194421291 38.479 -6.801 0.220 0.00000 -1 ACTUAL_TF
7.6003 0.0749058 -1.6804015 0.6726106 -0.40894506 0.66479489 -0.53526377 -0.32296190 0.002484 1789526279.250547886 38.541 -6.862 0.214 0.00000 -1 ACTUAL_TF
7.6631 0.0749565 -1.6804102 0.6726200 -0.40894269 0.66479309 -0.53526791 -0.32296176 0.002019 1789526279.306545734 38.591 -6.913 0.201 0.00000 -1 ACTUAL_TF
